Heketi (dev)
[heketi] INFO 2017/04/26 08:06:13 Loaded ssh executor
[heketi] INFO 2017/04/26 08:06:13 Loaded simple allocator
[heketi] INFO 2017/04/26 08:06:13 GlusterFS Application Loaded
Listening on port 8080
[negroni] Started GET /
[heketi] WARNING 2017/04/26 09:00:49 Invalid path or request /
[negroni] Completed 404 Not Found in 7.993988ms
[negroni] Started GET /clusters
[negroni] Completed 200 OK in 776.536µs
[negroni] Started GET /clusters/326dd6982b86a0d02142399a9b9a14a8
[negroni] Completed 200 OK in 2.177284ms
[negroni] Started GET /clusters/4ed57d9ed126925c9193e62f1ed198fb
[negroni] Completed 200 OK in 1.309514ms
[negroni] Started GET /nodes/3ec1de7c2a2641d5778fd2949b19c21b
[negroni] Completed 200 OK in 2.37015ms
[negroni] Started GET /nodes/dca15a7779d7a13fbb012ab72502996e
[negroni] Completed 200 OK in 1.550944ms
[negroni] Started GET /clusters
[negroni] Completed 200 OK in 787.06µs
[negroni] Started GET /clusters/326dd6982b86a0d02142399a9b9a14a8
[negroni] Completed 200 OK in 1.30795ms
[negroni] Started GET /nodes/8bd8497a8dcda0708508228f4ae8c2ae
[negroni] Completed 200 OK in 8.639384ms
[negroni] Started GET /nodes/a32c2a4e435d59bf6304fcda8247a2fb
[negroni] Completed 200 OK in 8.481503ms
[negroni] Started GET /cluster
[heketi] WARNING 2017/04/26 09:22:02 Invalid path or request /cluster
[negroni] Completed 404 Not Found in 645.449µs
[negroni] Started GET /clusters
[negroni] Completed 200 OK in 613.487µs
[negroni] Started GET /clusters/4ed57d9ed126925c9193e62f1ed198fb
[negroni] Completed 200 OK in 1.014497ms
[negroni] Started DELETE /nodes/dca15a7779d7a13fbb012ab72502996e
[heketi] ERROR 2017/04/26 09:22:28 /src/github.com/heketi/heketi/apps/glusterfs/app_node.go:224: Unable to delete node [dca15a7779d7a13fbb012ab72502996e] because it contains devices
[negroni] Completed 409 Conflict in 2.448468ms
[negroni] Started GET /nodes/dca15a7779d7a13fbb012ab72502996e
[negroni] Completed 200 OK in 1.603735ms
[negroni] Started DELETE /devices/a0828e80f7e90e318cd7778c5baeeebf
[heketi] INFO 2017/04/26 09:22:51 Deleting device a0828e80f7e90e318cd7778c5baeeebf on node dca15a7779d7a13fbb012ab72502996e
[negroni] Completed 202 Accepted in 3.759146ms
[asynchttp] INFO 2017/04/26 09:22:51 Started job 7a49990c4a8bdc3f3b4f39345f369be0
[sshexec] DEBUG 2017/04/26 09:22:51 /src/github.com/heketi/heketi/pkg/utils/ssh/ssh.go:176: Host: 192.168.16.143:22 Command: /bin/bash -c 'vgremove vg_a0828e80f7e90e318cd7778c5baeeebf'
Result:   Volume group "vg_a0828e80f7e90e318cd7778c5baeeebf" successfully removed
[sshexec] DEBUG 2017/04/26 09:22:52 /src/github.com/heketi/heketi/pkg/utils/ssh/ssh.go:176: Host: 192.168.16.143:22 Command: /bin/bash -c 'pvremove /dev/vdb'
Result:   Labels on physical volume "/dev/vdb" successfully wiped.
[sshexec] ERROR 2017/04/26 09:22:52 /src/github.com/heketi/heketi/pkg/utils/ssh/ssh.go:173: Failed to run command [/bin/bash -c 'ls /var/lib/heketi/mounts/vg_a0828e80f7e90e318cd7778c5baeeebf'] on 192.168.16.143:22: Err[Process exited with: 2. Reason was:  ()]: Stdout []: Stderr [ls: cannot access /var/lib/heketi/mounts/vg_a0828e80f7e90e318cd7778c5baeeebf: No such file or directory
]
[heketi] INFO 2017/04/26 09:22:52 Deleted node [a0828e80f7e90e318cd7778c5baeeebf]
[asynchttp] INFO 2017/04/26 09:22:52 Completed job 7a49990c4a8bdc3f3b4f39345f369be0 in 1.383871291s
[negroni] Started GET /nodes/3ec1de7c2a2641d5778fd2949b19c21b
[negroni] Completed 200 OK in 16.143747ms
[negroni] Started DELETE /nodes/dca15a7779d7a13fbb012ab72502996e
[heketi] INFO 2017/04/26 09:23:35 Deleting node 192.168.16.143 [dca15a7779d7a13fbb012ab72502996e]
[negroni] Completed 202 Accepted in 12.796737ms
[asynchttp] INFO 2017/04/26 09:23:35 Started job 3203ac00f6b631fca6a07fd067b33685
[sshexec] INFO 2017/04/26 09:23:35 Detaching node 192.168.16.143
[sshexec] ERROR 2017/04/26 09:23:36 /src/github.com/heketi/heketi/pkg/utils/ssh/ssh.go:173: Failed to run command [/bin/bash -c 'gluster peer detach 192.168.16.143'] on 192.168.16.125:22: Err[Process exited with: 255. Reason was:  ()]: Stdout []: Stderr [peer detach: failed: Brick(s) with the peer 192.168.16.143 exist in cluster
]
[sshexec] ERROR 2017/04/26 09:23:36 /src/github.com/heketi/heketi/executors/sshexec/peer.go:60: peer detach: failed: Brick(s) with the peer 192.168.16.143 exist in cluster
[heketi] INFO 2017/04/26 09:23:36 Deleted node [dca15a7779d7a13fbb012ab72502996e]
[asynchttp] INFO 2017/04/26 09:23:36 Completed job 3203ac00f6b631fca6a07fd067b33685 in 467.275971ms
[negroni] Started DELETE /nodes/3ec1de7c2a2641d5778fd2949b19c21b
[heketi] INFO 2017/04/26 09:24:53 Deleting node 192.168.16.125 [3ec1de7c2a2641d5778fd2949b19c21b]
[negroni] Completed 202 Accepted in 17.667695ms
[asynchttp] INFO 2017/04/26 09:24:53 Started job 170801155ba0a921a488039206c6c2bb
[heketi] INFO 2017/04/26 09:24:53 Deleted node [3ec1de7c2a2641d5778fd2949b19c21b]
[asynchttp] INFO 2017/04/26 09:24:53 Completed job 170801155ba0a921a488039206c6c2bb in 8.199603ms
[negroni] Started DELETE /clusters/4ed57d9ed126925c9193e62f1ed198fb
[heketi] INFO 2017/04/26 09:25:10 Deleted cluster [4ed57d9ed126925c9193e62f1ed198fb]
[negroni] Completed 200 OK in 18.843414ms
[negroni] Started GET /clusters
[negroni] Completed 200 OK in 18.922175ms
[negroni] Started GET /clusters/326dd6982b86a0d02142399a9b9a14a8
[negroni] Completed 200 OK in 1.613274ms
[negroni] Started POST /clusters
[negroni] Completed 201 Created in 16.885473ms
[negroni] Started POST /nodes
[heketi] INFO 2017/04/26 09:38:55 Adding node 192.168.48.13
[negroni] Completed 202 Accepted in 18.281513ms
[asynchttp] INFO 2017/04/26 09:38:55 Started job fbb022e9043c7aad52e8056fe652a9fa
[negroni] Started GET /queue/fbb022e9043c7aad52e8056fe652a9fa
[negroni] Completed 200 OK in 153.163µs
[heketi] INFO 2017/04/26 09:38:55 Added node b4899c1c404d829194cc6bcc3a0c3857
[asynchttp] INFO 2017/04/26 09:38:55 Completed job fbb022e9043c7aad52e8056fe652a9fa in 16.74747ms
[negroni] Started GET /queue/fbb022e9043c7aad52e8056fe652a9fa
[negroni] Completed 303 See Other in 154.693µs
[negroni] Started GET /nodes/b4899c1c404d829194cc6bcc3a0c3857
[negroni] Completed 200 OK in 14.060247ms
[negroni] Started POST /devices
[heketi] INFO 2017/04/26 09:38:55 Adding device /dev/sdb to node b4899c1c404d829194cc6bcc3a0c3857
[negroni] Completed 202 Accepted in 10.371041ms
[asynchttp] INFO 2017/04/26 09:38:55 Started job 14ec79a35a2d6cbfe7d3901df7bbd74f
[negroni] Started GET /queue/14ec79a35a2d6cbfe7d3901df7bbd74f
[negroni] Completed 200 OK in 67.959µs
[sshexec] DEBUG 2017/04/26 09:38:56 /src/github.com/heketi/heketi/pkg/utils/ssh/ssh.go:176: Host: 192.168.48.13:22 Command: /bin/bash -c 'pvcreate --metadatasize=128M --dataalignment=256K /dev/sdb'
Result:   Physical volume "/dev/sdb" successfully created
[sshexec] DEBUG 2017/04/26 09:38:56 /src/github.com/heketi/heketi/pkg/utils/ssh/ssh.go:176: Host: 192.168.48.13:22 Command: /bin/bash -c 'vgcreate vg_de2c6fb78c9e5f801e91196a08ab1e0e /dev/sdb'
Result:   Volume group "vg_de2c6fb78c9e5f801e91196a08ab1e0e" successfully created
[sshexec] DEBUG 2017/04/26 09:38:56 /src/github.com/heketi/heketi/pkg/utils/ssh/ssh.go:176: Host: 192.168.48.13:22 Command: /bin/bash -c 'vgdisplay -c vg_de2c6fb78c9e5f801e91196a08ab1e0e'
Result:   vg_de2c6fb78c9e5f801e91196a08ab1e0e:r/w:772:-1:0:0:0:-1:0:1:1:1952014336:4096:476566:0:476566:gn609a-B1Hc-Frq8-k32W-W5lN-YlYJ-8fL7ex
[sshexec] DEBUG 2017/04/26 09:38:56 /src/github.com/heketi/heketi/executors/sshexec/device.go:137: Size of /dev/sdb in 192.168.48.13 is 1952014336
[heketi] INFO 2017/04/26 09:38:56 Added device /dev/sdb
[asynchttp] INFO 2017/04/26 09:38:56 Completed job 14ec79a35a2d6cbfe7d3901df7bbd74f in 835.816163ms
[negroni] Started GET /queue/14ec79a35a2d6cbfe7d3901df7bbd74f
[negroni] Completed 204 No Content in 81.97µs
[negroni] Started POST /nodes
[heketi] INFO 2017/04/26 09:38:56 Adding node 192.168.48.14
[negroni] Completed 202 Accepted in 14.50404ms
[asynchttp] INFO 2017/04/26 09:38:56 Started job 716da3e819fb790cdcf237f6f997342b
[sshexec] INFO 2017/04/26 09:38:56 Probing: 192.168.48.13 -> 192.168.48.14
[negroni] Started GET /queue/716da3e819fb790cdcf237f6f997342b
[negroni] Completed 200 OK in 104.094µs
[sshexec] ERROR 2017/04/26 09:38:57 /src/github.com/heketi/heketi/pkg/utils/ssh/ssh.go:173: Failed to run command [/bin/bash -c 'gluster peer probe 192.168.48.14'] on 192.168.48.13:22: Err[Process exited with: 1. Reason was:  ()]: Stdout []: Stderr [peer probe: failed: Probe returned with Transport endpoint is not connected
]
[negroni] Started GET /queue/716da3e819fb790cdcf237f6f997342b
[negroni] Completed 200 OK in 65.655µs
[asynchttp] INFO 2017/04/26 09:38:57 Completed job 716da3e819fb790cdcf237f6f997342b in 260.104386ms
[negroni] Started GET /queue/716da3e819fb790cdcf237f6f997342b
[negroni] Completed 500 Internal Server Error in 219.29µs
[negroni] Started GET /clusters/326dd6982b86a0d02142399a9b9a14a8
[negroni] Completed 200 OK in 17.030474ms
[negroni] Started GET /clusters
[negroni] Completed 200 OK in 840.306µs
[negroni] Started GET /clusters/9bd9a749bc0f8132d6f9db868841bc55
[negroni] Completed 200 OK in 920.749µs
[negroni] Started GET /clusters/9bd9a749bc0f8132d6f9db868841bc55
[negroni] Completed 200 OK in 2.2474ms
[negroni] Started GET /clusters/9bd9a749bc0f8132d6f9db868841bc55
[negroni] Completed 200 OK in 1.676927ms
[negroni] Started DELETE /clusters/9bd9a749bc0f8132d6f9db868841bc55
[heketi] WARNING 2017/04/26 10:13:35 Unable to delete cluster [9bd9a749bc0f8132d6f9db868841bc55] because it contains volumes and/or nodes
[negroni] Completed 409 Conflict in 12.360466ms
[negroni] Started DELETE /clusters/9bd9a749bc0f8132d6f9db868841bc55
[heketi] WARNING 2017/04/26 10:13:41 Unable to delete cluster [9bd9a749bc0f8132d6f9db868841bc55] because it contains volumes and/or nodes
[negroni] Completed 409 Conflict in 1.322652ms
[negroni] Started GET /clusters/9bd9a749bc0f8132d6f9db868841bc55
[negroni] Completed 200 OK in 1.362289ms
[negroni] Started GET /clusters/9bd9a749bc0f8132d6f9db868841bc55
[negroni] Completed 200 OK in 1.419938ms
[negroni] Started GET /clusters/9bd9a749bc0f8132d6f9db868841bc55
[negroni] Completed 200 OK in 895.531µs
[negroni] Started GET /clusters/9bd9a749bc0f8132d6f9db868841bc55
[negroni] Completed 200 OK in 1.457379ms
[negroni] Started GET /clusters/9bd9a749bc0f8132d6f9db868841bc55
[negroni] Completed 200 OK in 1.574349ms
[negroni] Started GET /nodes/b4899c1c404d829194cc6bcc3a0c3857
[negroni] Completed 200 OK in 6.424956ms
[negroni] Started GET /clusters/9bd9a749bc0f8132d6f9db868841bc55
[negroni] Completed 200 OK in 1.995252ms
[negroni] Started GET /clusters/9bd9a749bc0f8132d6f9db868841bc55
[negroni] Completed 200 OK in 1.256919ms
[negroni] Started GET /clusters/9bd9a749bc0f8132d6f9db868841bc55
[negroni] Completed 200 OK in 1.764594ms
[negroni] Started GET /nodes/b4899c1c404d829194cc6bcc3a0c3857
[negroni] Completed 200 OK in 1.261112ms
[negroni] Started GET /clusters/9bd9a749bc0f8132d6f9db868841bc55
[negroni] Completed 200 OK in 1.251582ms
[negroni] Started GET /nodes/b4899c1c404d829194cc6bcc3a0c3857
[negroni] Completed 200 OK in 1.02002ms
[negroni] Started DELETE /nodes/b4899c1c404d829194cc6bcc3a0c3857
[heketi] ERROR 2017/04/26 10:34:17 /src/github.com/heketi/heketi/apps/glusterfs/app_node.go:224: Unable to delete node [b4899c1c404d829194cc6bcc3a0c3857] because it contains devices
[negroni] Completed 409 Conflict in 1.028787ms
[negroni] Started DELETE /clusters/9bd9a749bc0f8132d6f9db868841bc55
[heketi] WARNING 2017/04/26 10:34:17 Unable to delete cluster [9bd9a749bc0f8132d6f9db868841bc55] because it contains volumes and/or nodes
[negroni] Completed 409 Conflict in 1.31593ms
[negroni] Started GET /clusters/9bd9a749bc0f8132d6f9db868841bc55
[negroni] Completed 200 OK in 1.569992ms
[negroni] Started GET /nodes/b4899c1c404d829194cc6bcc3a0c3857
[negroni] Completed 200 OK in 904.532µs
[heketi] ERROR 2017/04/26 11:54:28 /src/github.com/heketi/heketi/apps/glusterfs/app_node.go:224: Unable to delete node [b4899c1c404d829194cc6bcc3a0c3857] because it contains devices
[negroni] Started DELETE /nodes/b4899c1c404d829194cc6bcc3a0c3857
[negroni] Completed 409 Conflict in 1.037269ms
[negroni] Started DELETE /clusters/9bd9a749bc0f8132d6f9db868841bc55
[heketi] WARNING 2017/04/26 11:54:28 Unable to delete cluster [9bd9a749bc0f8132d6f9db868841bc55] because it contains volumes and/or nodes
[negroni] Completed 409 Conflict in 753.95µs
[negroni] Started GET /nodes/
[heketi] WARNING 2017/04/26 11:55:31 Invalid path or request /nodes/
[negroni] Completed 404 Not Found in 261.517µs
[negroni] Started GET /nodes
[heketi] WARNING 2017/04/26 11:55:34 Invalid path or request /nodes
[negroni] Completed 404 Not Found in 88.113µs
[negroni] Started GET /nodes/de2c6fb78c9e5f801e91196a08ab1e0e
[negroni] Completed 404 Not Found in 806.549µs
[negroni] Started GET /clusters/9bd9a749bc0f8132d6f9db868841bc55
[negroni] Completed 200 OK in 900.946µs
[negroni] Started GET /nodes/b4899c1c404d829194cc6bcc3a0c3857
[negroni] Completed 200 OK in 2.058152ms
[negroni] Started GET /clusters/9bd9a749bc0f8132d6f9db868841bc55
[negroni] Completed 200 OK in 1.54315ms
[negroni] Started GET /nodes/b4899c1c404d829194cc6bcc3a0c3857
[negroni] Completed 200 OK in 964.152µs
[negroni] Started DELETE /devices/de2c6fb78c9e5f801e91196a08ab1e0e
[heketi] INFO 2017/04/26 12:11:30 Deleting device de2c6fb78c9e5f801e91196a08ab1e0e on node b4899c1c404d829194cc6bcc3a0c3857
[negroni] Completed 202 Accepted in 843.992µs
[asynchttp] INFO 2017/04/26 12:11:30 Started job 6e233f1010999f6a943b176c8305a42c
[negroni] Started DELETE /nodes/b4899c1c404d829194cc6bcc3a0c3857
[negroni] Completed 409 Conflict in 727.522µs
[heketi] ERROR 2017/04/26 12:11:30 /src/github.com/heketi/heketi/apps/glusterfs/app_node.go:224: Unable to delete node [b4899c1c404d829194cc6bcc3a0c3857] because it contains devices
[negroni] Started DELETE /clusters/9bd9a749bc0f8132d6f9db868841bc55
[heketi] WARNING 2017/04/26 12:11:30 Unable to delete cluster [9bd9a749bc0f8132d6f9db868841bc55] because it contains volumes and/or nodes
[negroni] Completed 409 Conflict in 690.417µs
[sshexec] DEBUG 2017/04/26 12:11:30 /src/github.com/heketi/heketi/pkg/utils/ssh/ssh.go:176: Host: 192.168.48.13:22 Command: /bin/bash -c 'vgremove vg_de2c6fb78c9e5f801e91196a08ab1e0e'
Result:   Volume group "vg_de2c6fb78c9e5f801e91196a08ab1e0e" successfully removed
[sshexec] DEBUG 2017/04/26 12:11:31 /src/github.com/heketi/heketi/pkg/utils/ssh/ssh.go:176: Host: 192.168.48.13:22 Command: /bin/bash -c 'pvremove /dev/sdb'
Result:   Labels on physical volume "/dev/sdb" successfully wiped
[sshexec] ERROR 2017/04/26 12:11:31 /src/github.com/heketi/heketi/pkg/utils/ssh/ssh.go:173: Failed to run command [/bin/bash -c 'ls /var/lib/heketi/mounts/vg_de2c6fb78c9e5f801e91196a08ab1e0e'] on 192.168.48.13:22: Err[Process exited with: 2. Reason was:  ()]: Stdout []: Stderr [ls: cannot access '/var/lib/heketi/mounts/vg_de2c6fb78c9e5f801e91196a08ab1e0e': No such file or directory
]
[heketi] INFO 2017/04/26 12:11:31 Deleted node [de2c6fb78c9e5f801e91196a08ab1e0e]
[asynchttp] INFO 2017/04/26 12:11:31 Completed job 6e233f1010999f6a943b176c8305a42c in 824.697508ms
[negroni] Started GET /clusters/9bd9a749bc0f8132d6f9db868841bc55
[negroni] Completed 200 OK in 17.077166ms
[negroni] Started GET /nodes/b4899c1c404d829194cc6bcc3a0c3857
[negroni] Completed 200 OK in 971.913µs
[negroni] Started DELETE /nodes/b4899c1c404d829194cc6bcc3a0c3857
[heketi] INFO 2017/04/26 12:12:09 Deleting node 192.168.48.13 [b4899c1c404d829194cc6bcc3a0c3857]
[negroni] Completed 202 Accepted in 722.289µs
[asynchttp] INFO 2017/04/26 12:12:09 Started job 7fad510178395e69bb1c237dc4e3ca2a
[negroni] Started DELETE /clusters/9bd9a749bc0f8132d6f9db868841bc55
[heketi] INFO 2017/04/26 12:12:09 Deleted node [b4899c1c404d829194cc6bcc3a0c3857]
[asynchttp] INFO 2017/04/26 12:12:09 Completed job 7fad510178395e69bb1c237dc4e3ca2a in 16.82393ms
[heketi] INFO 2017/04/26 12:12:09 Deleted cluster [9bd9a749bc0f8132d6f9db868841bc55]
[negroni] Completed 200 OK in 22.751863ms
[negroni] Started GET /nodes/b4899c1c404d829194cc6bcc3a0c3857
[negroni] Completed 404 Not Found in 24.185816ms
[negroni] Started GET /clusters
[negroni] Completed 200 OK in 997.002µs
[negroni] Started POST /clusters
[negroni] Completed 201 Created in 14.651711ms
[negroni] Started POST /nodes
[heketi] INFO 2017/04/26 12:14:04 Adding node 192.168.48.13
[negroni] Completed 202 Accepted in 124.670603ms
[asynchttp] INFO 2017/04/26 12:14:04 Started job 8499f1cb081f370b9e0420c34c3fa7d5
[negroni] Started GET /queue/8499f1cb081f370b9e0420c34c3fa7d5
[negroni] Completed 200 OK in 314.502µs
[heketi] INFO 2017/04/26 12:14:04 Added node 04afb595006f7f46db7a66bc2a16ea1e
[asynchttp] INFO 2017/04/26 12:14:04 Completed job 8499f1cb081f370b9e0420c34c3fa7d5 in 71.814291ms
[negroni] Started GET /queue/8499f1cb081f370b9e0420c34c3fa7d5
[negroni] Completed 303 See Other in 210.998µs
[negroni] Started GET /nodes/04afb595006f7f46db7a66bc2a16ea1e
[negroni] Completed 200 OK in 7.815305ms
[negroni] Started POST /devices
[heketi] INFO 2017/04/26 12:14:05 Adding device /dev/sdb to node 04afb595006f7f46db7a66bc2a16ea1e
[negroni] Completed 202 Accepted in 8.463128ms
[asynchttp] INFO 2017/04/26 12:14:05 Started job ad05946a5c4e776a0fe55d89e24743f7
[negroni] Started GET /queue/ad05946a5c4e776a0fe55d89e24743f7
[negroni] Completed 200 OK in 84.357µs
[sshexec] DEBUG 2017/04/26 12:14:05 /src/github.com/heketi/heketi/pkg/utils/ssh/ssh.go:176: Host: 192.168.48.13:22 Command: /bin/bash -c 'pvcreate --metadatasize=128M --dataalignment=256K /dev/sdb'
Result:   Physical volume "/dev/sdb" successfully created
[sshexec] DEBUG 2017/04/26 12:14:05 /src/github.com/heketi/heketi/pkg/utils/ssh/ssh.go:176: Host: 192.168.48.13:22 Command: /bin/bash -c 'vgcreate vg_568c8a0e76fd588cc889fcbe700f55c3 /dev/sdb'
Result:   Volume group "vg_568c8a0e76fd588cc889fcbe700f55c3" successfully created
[sshexec] DEBUG 2017/04/26 12:14:05 /src/github.com/heketi/heketi/pkg/utils/ssh/ssh.go:176: Host: 192.168.48.13:22 Command: /bin/bash -c 'vgdisplay -c vg_568c8a0e76fd588cc889fcbe700f55c3'
Result:   vg_568c8a0e76fd588cc889fcbe700f55c3:r/w:772:-1:0:0:0:-1:0:1:1:1952014336:4096:476566:0:476566:MYiFqw-EpEg-gi1C-todJ-xpgh-bNhC-P2nDwt
[sshexec] DEBUG 2017/04/26 12:14:05 /src/github.com/heketi/heketi/executors/sshexec/device.go:137: Size of /dev/sdb in 192.168.48.13 is 1952014336
[heketi] INFO 2017/04/26 12:14:05 Added device /dev/sdb
[asynchttp] INFO 2017/04/26 12:14:05 Completed job ad05946a5c4e776a0fe55d89e24743f7 in 660.651523ms
[negroni] Started GET /queue/ad05946a5c4e776a0fe55d89e24743f7
[negroni] Completed 204 No Content in 108.179µs
[negroni] Started POST /nodes
[heketi] INFO 2017/04/26 12:14:06 Adding node 192.168.48.14
[negroni] Completed 202 Accepted in 22.614042ms
[asynchttp] INFO 2017/04/26 12:14:06 Started job 006b096f8f49574c232a0cca1be90fb9
[sshexec] INFO 2017/04/26 12:14:06 Probing: 192.168.48.13 -> 192.168.48.14
[negroni] Started GET /queue/006b096f8f49574c232a0cca1be90fb9
[negroni] Completed 200 OK in 82.85µs
[sshexec] ERROR 2017/04/26 12:14:06 /src/github.com/heketi/heketi/pkg/utils/ssh/ssh.go:173: Failed to run command [/bin/bash -c 'gluster peer probe 192.168.48.14'] on 192.168.48.13:22: Err[Process exited with: 1. Reason was:  ()]: Stdout []: Stderr [peer probe: failed: Probe returned with Transport endpoint is not connected
]
[negroni] Started GET /queue/006b096f8f49574c232a0cca1be90fb9
[negroni] Completed 200 OK in 165.311µs
[asynchttp] INFO 2017/04/26 12:14:06 Completed job 006b096f8f49574c232a0cca1be90fb9 in 259.180559ms
[negroni] Started GET /queue/006b096f8f49574c232a0cca1be90fb9
[negroni] Completed 500 Internal Server Error in 150.39µs
[negroni] Started GET /clusters/9bd9a749bc0f8132d6f9db868841bc55
[negroni] Completed 404 Not Found in 12.43724ms
[negroni] Started GET /clusters
[negroni] Completed 200 OK in 664.107µs
[negroni] Started GET /clusters/efa39d6476698a589534c3b55d3abd49
[negroni] Completed 200 OK in 1.534519ms
[negroni] Started GET /nodes/04afb595006f7f46db7a66bc2a16ea1e
[negroni] Completed 200 OK in 5.31904ms
[negroni] Started DELETE /devices/568c8a0e76fd588cc889fcbe700f55c3
[heketi] INFO 2017/04/26 12:37:34 Deleting device 568c8a0e76fd588cc889fcbe700f55c3 on node 04afb595006f7f46db7a66bc2a16ea1e
[negroni] Completed 202 Accepted in 1.117707ms
[asynchttp] INFO 2017/04/26 12:37:34 Started job df206296be39254954a1c2b3cf5a41b4
[negroni] Started DELETE /nodes/04afb595006f7f46db7a66bc2a16ea1e
[heketi] ERROR 2017/04/26 12:37:34 /src/github.com/heketi/heketi/apps/glusterfs/app_node.go:224: Unable to delete node [04afb595006f7f46db7a66bc2a16ea1e] because it contains devices
[negroni] Completed 409 Conflict in 757.568µs
[negroni] Started DELETE /clusters/efa39d6476698a589534c3b55d3abd49
[heketi] WARNING 2017/04/26 12:37:34 Unable to delete cluster [efa39d6476698a589534c3b55d3abd49] because it contains volumes and/or nodes
[negroni] Completed 409 Conflict in 1.372045ms
[sshexec] DEBUG 2017/04/26 12:37:35 /src/github.com/heketi/heketi/pkg/utils/ssh/ssh.go:176: Host: 192.168.48.13:22 Command: /bin/bash -c 'vgremove vg_568c8a0e76fd588cc889fcbe700f55c3'
Result:   Volume group "vg_568c8a0e76fd588cc889fcbe700f55c3" successfully removed
[sshexec] DEBUG 2017/04/26 12:37:35 /src/github.com/heketi/heketi/pkg/utils/ssh/ssh.go:176: Host: 192.168.48.13:22 Command: /bin/bash -c 'pvremove /dev/sdb'
Result:   Labels on physical volume "/dev/sdb" successfully wiped
[sshexec] ERROR 2017/04/26 12:37:35 /src/github.com/heketi/heketi/pkg/utils/ssh/ssh.go:173: Failed to run command [/bin/bash -c 'ls /var/lib/heketi/mounts/vg_568c8a0e76fd588cc889fcbe700f55c3'] on 192.168.48.13:22: Err[Process exited with: 2. Reason was:  ()]: Stdout []: Stderr [ls: cannot access '/var/lib/heketi/mounts/vg_568c8a0e76fd588cc889fcbe700f55c3': No such file or directory
]
[heketi] INFO 2017/04/26 12:37:35 Deleted node [568c8a0e76fd588cc889fcbe700f55c3]
[asynchttp] INFO 2017/04/26 12:37:35 Completed job df206296be39254954a1c2b3cf5a41b4 in 462.789269ms
[negroni] Started GET /clusters/efa39d6476698a589534c3b55d3abd49
[negroni] Completed 200 OK in 17.904161ms
[negroni] Started GET /nodes/04afb595006f7f46db7a66bc2a16ea1e
[negroni] Completed 200 OK in 1.049244ms
[negroni] Started DELETE /nodes/04afb595006f7f46db7a66bc2a16ea1e
[heketi] INFO 2017/04/26 12:37:39 Deleting node 192.168.48.13 [04afb595006f7f46db7a66bc2a16ea1e]
[negroni] Completed 202 Accepted in 595.71µs
[asynchttp] INFO 2017/04/26 12:37:39 Started job 5c55fd0289eaaf9bc496b0b24adc59fb
[negroni] Started DELETE /clusters/efa39d6476698a589534c3b55d3abd49
[heketi] INFO 2017/04/26 12:37:39 Deleted node [04afb595006f7f46db7a66bc2a16ea1e]
[asynchttp] INFO 2017/04/26 12:37:39 Completed job 5c55fd0289eaaf9bc496b0b24adc59fb in 13.262489ms
[heketi] INFO 2017/04/26 12:37:39 Deleted cluster [efa39d6476698a589534c3b55d3abd49]
[negroni] Completed 200 OK in 19.2574ms
[negroni] Started GET /clusters
[negroni] Completed 200 OK in 12.970082ms
[negroni] Started POST /clusters
[negroni] Completed 201 Created in 37.237431ms
[negroni] Started POST /nodes
[heketi] INFO 2017/04/26 12:44:36 Adding node 192.168.48.13
[negroni] Completed 202 Accepted in 33.769202ms
[asynchttp] INFO 2017/04/26 12:44:36 Started job 09b03f01b951743f7bc64f848d48c730
[negroni] Started GET /queue/09b03f01b951743f7bc64f848d48c730
[negroni] Completed 200 OK in 361.375µs
[heketi] INFO 2017/04/26 12:44:36 Added node 9345b2f51a051a3de466be100a584745
[asynchttp] INFO 2017/04/26 12:44:36 Completed job 09b03f01b951743f7bc64f848d48c730 in 16.322187ms
[negroni] Started GET /queue/09b03f01b951743f7bc64f848d48c730
[negroni] Completed 303 See Other in 141.117µs
[negroni] Started GET /nodes/9345b2f51a051a3de466be100a584745
[negroni] Completed 200 OK in 10.247894ms
[negroni] Started POST /devices
[heketi] INFO 2017/04/26 12:44:36 Adding device /dev/sdb to node 9345b2f51a051a3de466be100a584745
[negroni] Completed 202 Accepted in 13.257768ms
[asynchttp] INFO 2017/04/26 12:44:36 Started job 8030b8095266eddfab70cbf0292f0cbf
[negroni] Started GET /queue/8030b8095266eddfab70cbf0292f0cbf
[negroni] Completed 200 OK in 91.714µs
[sshexec] DEBUG 2017/04/26 12:44:37 /src/github.com/heketi/heketi/pkg/utils/ssh/ssh.go:176: Host: 192.168.48.13:22 Command: /bin/bash -c 'pvcreate --metadatasize=128M --dataalignment=256K /dev/sdb'
Result:   Physical volume "/dev/sdb" successfully created
[sshexec] DEBUG 2017/04/26 12:44:37 /src/github.com/heketi/heketi/pkg/utils/ssh/ssh.go:176: Host: 192.168.48.13:22 Command: /bin/bash -c 'vgcreate vg_7d98a550863c3c05c095e476d95a3f50 /dev/sdb'
Result:   Volume group "vg_7d98a550863c3c05c095e476d95a3f50" successfully created
[sshexec] DEBUG 2017/04/26 12:44:37 /src/github.com/heketi/heketi/pkg/utils/ssh/ssh.go:176: Host: 192.168.48.13:22 Command: /bin/bash -c 'vgdisplay -c vg_7d98a550863c3c05c095e476d95a3f50'
Result:   vg_7d98a550863c3c05c095e476d95a3f50:r/w:772:-1:0:0:0:-1:0:1:1:1952014336:4096:476566:0:476566:LFKBZA-8sqJ-sB1O-1Xkh-gFYH-mngm-SWL2pY
[sshexec] DEBUG 2017/04/26 12:44:37 /src/github.com/heketi/heketi/executors/sshexec/device.go:137: Size of /dev/sdb in 192.168.48.13 is 1952014336
[heketi] INFO 2017/04/26 12:44:37 Added device /dev/sdb
[asynchttp] INFO 2017/04/26 12:44:37 Completed job 8030b8095266eddfab70cbf0292f0cbf in 651.386043ms
[negroni] Started GET /queue/8030b8095266eddfab70cbf0292f0cbf
[negroni] Completed 204 No Content in 78.226µs
[negroni] Started POST /nodes
[heketi] INFO 2017/04/26 12:44:37 Adding node 192.168.48.14
[negroni] Completed 202 Accepted in 26.17582ms
[asynchttp] INFO 2017/04/26 12:44:37 Started job 52994b6ae01c9be3d685f5863340d007
[sshexec] INFO 2017/04/26 12:44:37 Probing: 192.168.48.13 -> 192.168.48.14
[negroni] Started GET /queue/52994b6ae01c9be3d685f5863340d007
[negroni] Completed 200 OK in 87.814µs
[negroni] Started GET /queue/52994b6ae01c9be3d685f5863340d007
[negroni] Completed 200 OK in 82.287µs
[negroni] Started GET /queue/52994b6ae01c9be3d685f5863340d007
[negroni] Completed 200 OK in 181.764µs
[negroni] Started GET /queue/52994b6ae01c9be3d685f5863340d007
[negroni] Completed 200 OK in 398.365µs
[negroni] Started GET /queue/52994b6ae01c9be3d685f5863340d007
[negroni] Completed 200 OK in 166.443µs
[negroni] Started GET /queue/52994b6ae01c9be3d685f5863340d007
[negroni] Completed 200 OK in 226.313µs
[negroni] Started GET /queue/52994b6ae01c9be3d685f5863340d007
[negroni] Completed 200 OK in 57.027µs
[negroni] Started GET /queue/52994b6ae01c9be3d685f5863340d007
[negroni] Completed 200 OK in 87.918µs
[negroni] Started GET /queue/52994b6ae01c9be3d685f5863340d007
[negroni] Completed 200 OK in 84.551µs
[negroni] Started GET /queue/52994b6ae01c9be3d685f5863340d007
[negroni] Completed 200 OK in 119.91µs
[negroni] Started GET /queue/52994b6ae01c9be3d685f5863340d007
[negroni] Completed 200 OK in 94.963µs
[negroni] Started GET /queue/52994b6ae01c9be3d685f5863340d007
[negroni] Completed 200 OK in 124.603µs
[negroni] Started GET /queue/52994b6ae01c9be3d685f5863340d007
[negroni] Completed 200 OK in 53.753µs
[negroni] Started GET /queue/52994b6ae01c9be3d685f5863340d007
[negroni] Completed 200 OK in 91.497µs
[negroni] Started GET /queue/52994b6ae01c9be3d685f5863340d007
[negroni] Completed 200 OK in 75.801µs
[negroni] Started GET /queue/52994b6ae01c9be3d685f5863340d007
[negroni] Completed 200 OK in 96.636µs
[negroni] Started GET /queue/52994b6ae01c9be3d685f5863340d007
[negroni] Completed 200 OK in 87.847µs
[negroni] Started GET /queue/52994b6ae01c9be3d685f5863340d007
[negroni] Completed 200 OK in 80.324µs
[negroni] Started GET /queue/52994b6ae01c9be3d685f5863340d007
[negroni] Completed 200 OK in 108.43µs
[negroni] Started GET /queue/52994b6ae01c9be3d685f5863340d007
[negroni] Completed 200 OK in 60.649µs
[negroni] Started GET /queue/52994b6ae01c9be3d685f5863340d007
[negroni] Completed 200 OK in 118.604µs
[negroni] Started GET /queue/52994b6ae01c9be3d685f5863340d007
[negroni] Completed 200 OK in 148.807µs
[negroni] Started GET /queue/52994b6ae01c9be3d685f5863340d007
[negroni] Completed 200 OK in 106µs
[negroni] Started GET /queue/52994b6ae01c9be3d685f5863340d007
[negroni] Completed 200 OK in 131.844µs
[negroni] Started GET /queue/52994b6ae01c9be3d685f5863340d007
[negroni] Completed 200 OK in 171.726µs
[negroni] Started GET /queue/52994b6ae01c9be3d685f5863340d007
[negroni] Completed 200 OK in 110.534µs
[negroni] Started GET /queue/52994b6ae01c9be3d685f5863340d007
[negroni] Completed 200 OK in 62.347µs
[negroni] Started GET /queue/52994b6ae01c9be3d685f5863340d007
[negroni] Completed 200 OK in 103.037µs
[negroni] Started GET /queue/52994b6ae01c9be3d685f5863340d007
[negroni] Completed 200 OK in 61.78µs
[negroni] Started GET /queue/52994b6ae01c9be3d685f5863340d007
[negroni] Completed 200 OK in 54.944µs
[negroni] Started GET /queue/52994b6ae01c9be3d685f5863340d007
[negroni] Completed 200 OK in 101.738µs
[negroni] Started GET /queue/52994b6ae01c9be3d685f5863340d007
[negroni] Completed 200 OK in 118.854µs
[negroni] Started GET /queue/52994b6ae01c9be3d685f5863340d007
[negroni] Completed 200 OK in 96.872µs
[negroni] Started GET /queue/52994b6ae01c9be3d685f5863340d007
[negroni] Completed 200 OK in 98.809µs
[negroni] Started GET /queue/52994b6ae01c9be3d685f5863340d007
[negroni] Completed 200 OK in 177.277µs
[negroni] Started GET /queue/52994b6ae01c9be3d685f5863340d007
[negroni] Completed 200 OK in 192.583µs
[negroni] Started GET /queue/52994b6ae01c9be3d685f5863340d007
[negroni] Completed 200 OK in 61.166µs
[negroni] Started GET /queue/52994b6ae01c9be3d685f5863340d007
[negroni] Completed 200 OK in 102.11µs
[negroni] Started GET /queue/52994b6ae01c9be3d685f5863340d007
[negroni] Completed 200 OK in 120.127µs
[negroni] Started GET /queue/52994b6ae01c9be3d685f5863340d007
[negroni] Completed 200 OK in 94.754µs
[negroni] Started GET /queue/52994b6ae01c9be3d685f5863340d007
[negroni] Completed 200 OK in 123.331µs
[negroni] Started GET /queue/52994b6ae01c9be3d685f5863340d007
[negroni] Completed 200 OK in 397.744µs
[negroni] Started GET /queue/52994b6ae01c9be3d685f5863340d007
[negroni] Completed 200 OK in 2.829048ms
[negroni] Started GET /queue/52994b6ae01c9be3d685f5863340d007
[negroni] Completed 200 OK in 210.74µs
[negroni] Started GET /queue/52994b6ae01c9be3d685f5863340d007
[negroni] Completed 200 OK in 82.912µs
[negroni] Started GET /queue/52994b6ae01c9be3d685f5863340d007
[negroni] Completed 200 OK in 65.804µs
[negroni] Started GET /queue/52994b6ae01c9be3d685f5863340d007
[negroni] Completed 200 OK in 152.641µs
[negroni] Started GET /queue/52994b6ae01c9be3d685f5863340d007
[negroni] Completed 200 OK in 83.077µs
[negroni] Started GET /queue/52994b6ae01c9be3d685f5863340d007
[negroni] Completed 200 OK in 97.107µs
[negroni] Started GET /queue/52994b6ae01c9be3d685f5863340d007
[negroni] Completed 200 OK in 98.12µs
[negroni] Started GET /queue/52994b6ae01c9be3d685f5863340d007
[negroni] Completed 200 OK in 85.01µs
[negroni] Started GET /queue/52994b6ae01c9be3d685f5863340d007
[negroni] Completed 200 OK in 94.337µs
[negroni] Started GET /queue/52994b6ae01c9be3d685f5863340d007
[negroni] Completed 200 OK in 63.755µs
[negroni] Started GET /queue/52994b6ae01c9be3d685f5863340d007
[negroni] Completed 200 OK in 159.03µs
[negroni] Started GET /queue/52994b6ae01c9be3d685f5863340d007
[negroni] Completed 200 OK in 111.921µs
[negroni] Started GET /queue/52994b6ae01c9be3d685f5863340d007
[negroni] Completed 200 OK in 60.481µs
[negroni] Started GET /queue/52994b6ae01c9be3d685f5863340d007
[negroni] Completed 200 OK in 106.221µs
[negroni] Started GET /queue/52994b6ae01c9be3d685f5863340d007
[negroni] Completed 200 OK in 60.154µs
[negroni] Started GET /queue/52994b6ae01c9be3d685f5863340d007
[negroni] Completed 200 OK in 176.639µs
[negroni] Started GET /queue/52994b6ae01c9be3d685f5863340d007
[negroni] Completed 200 OK in 77.992µs
[negroni] Started GET /queue/52994b6ae01c9be3d685f5863340d007
[negroni] Completed 200 OK in 66.614µs
[negroni] Started GET /queue/52994b6ae01c9be3d685f5863340d007
[negroni] Completed 200 OK in 88.7µs
[negroni] Started GET /queue/52994b6ae01c9be3d685f5863340d007
[negroni] Completed 200 OK in 94.513µs
[negroni] Started GET /queue/52994b6ae01c9be3d685f5863340d007
[negroni] Completed 200 OK in 275.07µs
[negroni] Started GET /queue/52994b6ae01c9be3d685f5863340d007
[negroni] Completed 200 OK in 252.82µs
[negroni] Started GET /queue/52994b6ae01c9be3d685f5863340d007
[negroni] Completed 200 OK in 288.896µs
[negroni] Started GET /queue/52994b6ae01c9be3d685f5863340d007
[negroni] Completed 200 OK in 324.751µs
[negroni] Started GET /queue/52994b6ae01c9be3d685f5863340d007
[negroni] Completed 200 OK in 211.686µs
[negroni] Started GET /queue/52994b6ae01c9be3d685f5863340d007
[negroni] Completed 200 OK in 94.406µs
[negroni] Started GET /queue/52994b6ae01c9be3d685f5863340d007
[negroni] Completed 200 OK in 85.365µs
[negroni] Started GET /queue/52994b6ae01c9be3d685f5863340d007
[negroni] Completed 200 OK in 503.278µs
[negroni] Started GET /queue/52994b6ae01c9be3d685f5863340d007
[negroni] Completed 200 OK in 195.506µs
[negroni] Started GET /queue/52994b6ae01c9be3d685f5863340d007
[negroni] Completed 200 OK in 210.33µs
[negroni] Started GET /queue/52994b6ae01c9be3d685f5863340d007
[negroni] Completed 200 OK in 272.003µs
[negroni] Started GET /queue/52994b6ae01c9be3d685f5863340d007
[negroni] Completed 200 OK in 157.06µs
[negroni] Started GET /queue/52994b6ae01c9be3d685f5863340d007
[negroni] Completed 200 OK in 91.278µs
[negroni] Started GET /queue/52994b6ae01c9be3d685f5863340d007
[negroni] Completed 200 OK in 99.077µs
[negroni] Started GET /queue/52994b6ae01c9be3d685f5863340d007
[negroni] Completed 200 OK in 425.61µs
[negroni] Started GET /queue/52994b6ae01c9be3d685f5863340d007
[negroni] Completed 200 OK in 85.186µs
[negroni] Started GET /queue/52994b6ae01c9be3d685f5863340d007
[negroni] Completed 200 OK in 100.103µs
[negroni] Started GET /queue/52994b6ae01c9be3d685f5863340d007
[negroni] Completed 200 OK in 99.224µs
[negroni] Started GET /queue/52994b6ae01c9be3d685f5863340d007
[negroni] Completed 200 OK in 692.041µs
[negroni] Started GET /queue/52994b6ae01c9be3d685f5863340d007
[negroni] Completed 200 OK in 163.468µs
[negroni] Started GET /queue/52994b6ae01c9be3d685f5863340d007
[negroni] Completed 200 OK in 99.907µs
[negroni] Started GET /queue/52994b6ae01c9be3d685f5863340d007
[negroni] Completed 200 OK in 73.737µs
[negroni] Started GET /queue/52994b6ae01c9be3d685f5863340d007
[negroni] Completed 200 OK in 87.189µs
[negroni] Started GET /queue/52994b6ae01c9be3d685f5863340d007
[negroni] Completed 200 OK in 98.05µs
[negroni] Started GET /queue/52994b6ae01c9be3d685f5863340d007
[negroni] Completed 200 OK in 153.63µs
[negroni] Started GET /queue/52994b6ae01c9be3d685f5863340d007
[negroni] Completed 200 OK in 92.51µs
[negroni] Started GET /queue/52994b6ae01c9be3d685f5863340d007
[negroni] Completed 200 OK in 123.093µs
[negroni] Started GET /queue/52994b6ae01c9be3d685f5863340d007
[negroni] Completed 200 OK in 167.15µs
[negroni] Started GET /queue/52994b6ae01c9be3d685f5863340d007
[negroni] Completed 200 OK in 710.051µs
[negroni] Started GET /queue/52994b6ae01c9be3d685f5863340d007
[negroni] Completed 200 OK in 152.659µs
[negroni] Started GET /queue/52994b6ae01c9be3d685f5863340d007
[negroni] Completed 200 OK in 143.402µs
[negroni] Started GET /queue/52994b6ae01c9be3d685f5863340d007
[negroni] Completed 200 OK in 84.027µs
[negroni] Started GET /queue/52994b6ae01c9be3d685f5863340d007
[negroni] Completed 200 OK in 72.653µs
[negroni] Started GET /queue/52994b6ae01c9be3d685f5863340d007
[negroni] Completed 200 OK in 129.208µs
[negroni] Started GET /queue/52994b6ae01c9be3d685f5863340d007
[negroni] Completed 200 OK in 256.42µs
[negroni] Started GET /queue/52994b6ae01c9be3d685f5863340d007
[negroni] Completed 200 OK in 456.053µs
[negroni] Started GET /queue/52994b6ae01c9be3d685f5863340d007
[negroni] Completed 200 OK in 205.988µs
[negroni] Started GET /queue/52994b6ae01c9be3d685f5863340d007
[negroni] Completed 200 OK in 95.987µs
[negroni] Started GET /queue/52994b6ae01c9be3d685f5863340d007
[negroni] Completed 200 OK in 83.537µs
[negroni] Started GET /queue/52994b6ae01c9be3d685f5863340d007
[negroni] Completed 200 OK in 96.242µs
[negroni] Started GET /queue/52994b6ae01c9be3d685f5863340d007
[negroni] Completed 200 OK in 55.441µs
[negroni] Started GET /queue/52994b6ae01c9be3d685f5863340d007
[negroni] Completed 200 OK in 198.103µs
[negroni] Started GET /queue/52994b6ae01c9be3d685f5863340d007
[negroni] Completed 200 OK in 218.556µs
[negroni] Started GET /queue/52994b6ae01c9be3d685f5863340d007
[negroni] Completed 200 OK in 98.345µs
[negroni] Started GET /queue/52994b6ae01c9be3d685f5863340d007
[negroni] Completed 200 OK in 78.062µs
[negroni] Started GET /queue/52994b6ae01c9be3d685f5863340d007
[negroni] Completed 200 OK in 62.886µs
[negroni] Started GET /queue/52994b6ae01c9be3d685f5863340d007
[negroni] Completed 200 OK in 69.978µs
[negroni] Started GET /queue/52994b6ae01c9be3d685f5863340d007
[negroni] Completed 200 OK in 389.12µs
[negroni] Started GET /queue/52994b6ae01c9be3d685f5863340d007
[negroni] Completed 200 OK in 148.393µs
[negroni] Started GET /queue/52994b6ae01c9be3d685f5863340d007
[negroni] Completed 200 OK in 377.224µs
[negroni] Started GET /queue/52994b6ae01c9be3d685f5863340d007
[negroni] Completed 200 OK in 438.118µs
[negroni] Started GET /queue/52994b6ae01c9be3d685f5863340d007
[negroni] Completed 200 OK in 149.756µs
[negroni] Started GET /queue/52994b6ae01c9be3d685f5863340d007
[negroni] Completed 200 OK in 97.13µs
[negroni] Started GET /queue/52994b6ae01c9be3d685f5863340d007
[negroni] Completed 200 OK in 111.223µs
[negroni] Started GET /queue/52994b6ae01c9be3d685f5863340d007
[negroni] Completed 200 OK in 426.45µs
[negroni] Started GET /queue/52994b6ae01c9be3d685f5863340d007
[negroni] Completed 200 OK in 105.803µs
[negroni] Started GET /queue/52994b6ae01c9be3d685f5863340d007
[negroni] Completed 200 OK in 160.451µs
[negroni] Started GET /queue/52994b6ae01c9be3d685f5863340d007
[negroni] Completed 200 OK in 171.84µs
[negroni] Started GET /queue/52994b6ae01c9be3d685f5863340d007
[negroni] Completed 200 OK in 101.347µs
[negroni] Started GET /queue/52994b6ae01c9be3d685f5863340d007
[negroni] Completed 200 OK in 391.074µs
[negroni] Started GET /queue/52994b6ae01c9be3d685f5863340d007
[negroni] Completed 200 OK in 130.295µs
[negroni] Started GET /queue/52994b6ae01c9be3d685f5863340d007
[negroni] Completed 200 OK in 86.914µs
[negroni] Started GET /queue/52994b6ae01c9be3d685f5863340d007
[negroni] Completed 200 OK in 114.846µs
[negroni] Started GET /queue/52994b6ae01c9be3d685f5863340d007
[negroni] Completed 200 OK in 53.703µs
[negroni] Started GET /queue/52994b6ae01c9be3d685f5863340d007
[negroni] Completed 200 OK in 464.855µs
[negroni] Started GET /queue/52994b6ae01c9be3d685f5863340d007
[negroni] Completed 200 OK in 127.678µs
[negroni] Started GET /queue/52994b6ae01c9be3d685f5863340d007
[negroni] Completed 200 OK in 105.444µs
[negroni] Started GET /queue/52994b6ae01c9be3d685f5863340d007
[negroni] Completed 200 OK in 85.956µs
[negroni] Started GET /queue/52994b6ae01c9be3d685f5863340d007
[negroni] Completed 200 OK in 140.087µs
[negroni] Started GET /queue/52994b6ae01c9be3d685f5863340d007
[negroni] Completed 200 OK in 59.951µs
[negroni] Started GET /queue/52994b6ae01c9be3d685f5863340d007
[negroni] Completed 200 OK in 94.52µs
[negroni] Started GET /queue/52994b6ae01c9be3d685f5863340d007
[negroni] Completed 200 OK in 91.59µs
[negroni] Started GET /queue/52994b6ae01c9be3d685f5863340d007
[negroni] Completed 200 OK in 149.574µs
[negroni] Started GET /queue/52994b6ae01c9be3d685f5863340d007
[negroni] Completed 200 OK in 103.747µs
[negroni] Started GET /queue/52994b6ae01c9be3d685f5863340d007
[negroni] Completed 200 OK in 129.295µs
[negroni] Started GET /queue/52994b6ae01c9be3d685f5863340d007
[negroni] Completed 200 OK in 92.563µs
[negroni] Started GET /queue/52994b6ae01c9be3d685f5863340d007
[negroni] Completed 200 OK in 83.843µs
[negroni] Started GET /queue/52994b6ae01c9be3d685f5863340d007
[negroni] Completed 200 OK in 111.147µs
[negroni] Started GET /queue/52994b6ae01c9be3d685f5863340d007
[negroni] Completed 200 OK in 103.58µs
[negroni] Started GET /queue/52994b6ae01c9be3d685f5863340d007
[negroni] Completed 200 OK in 117.28µs
[negroni] Started GET /queue/52994b6ae01c9be3d685f5863340d007
[negroni] Completed 200 OK in 376.697µs
[negroni] Started GET /queue/52994b6ae01c9be3d685f5863340d007
[negroni] Completed 200 OK in 120.524µs
[negroni] Started GET /queue/52994b6ae01c9be3d685f5863340d007
[negroni] Completed 200 OK in 115.05µs
[negroni] Started GET /queue/52994b6ae01c9be3d685f5863340d007
[negroni] Completed 200 OK in 152.217µs
[negroni] Started GET /queue/52994b6ae01c9be3d685f5863340d007
[negroni] Completed 200 OK in 146.961µs
[negroni] Started GET /queue/52994b6ae01c9be3d685f5863340d007
[negroni] Completed 200 OK in 457.336µs
[negroni] Started GET /queue/52994b6ae01c9be3d685f5863340d007
[negroni] Completed 200 OK in 144.007µs
[negroni] Started GET /queue/52994b6ae01c9be3d685f5863340d007
[negroni] Completed 200 OK in 339.604µs
[negroni] Started GET /queue/52994b6ae01c9be3d685f5863340d007
[negroni] Completed 200 OK in 66.356µs
[negroni] Started GET /queue/52994b6ae01c9be3d685f5863340d007
[negroni] Completed 200 OK in 293.524µs
[negroni] Started GET /queue/52994b6ae01c9be3d685f5863340d007
[negroni] Completed 200 OK in 194.046µs
[negroni] Started GET /queue/52994b6ae01c9be3d685f5863340d007
[negroni] Completed 200 OK in 97.697µs
[negroni] Started GET /queue/52994b6ae01c9be3d685f5863340d007
[negroni] Completed 200 OK in 75.926µs
[negroni] Started GET /queue/52994b6ae01c9be3d685f5863340d007
[negroni] Completed 200 OK in 178.862µs
[negroni] Started GET /queue/52994b6ae01c9be3d685f5863340d007
[negroni] Completed 200 OK in 127.77µs
[negroni] Started GET /queue/52994b6ae01c9be3d685f5863340d007
[negroni] Completed 200 OK in 148.483µs
[negroni] Started GET /queue/52994b6ae01c9be3d685f5863340d007
[negroni] Completed 200 OK in 107.104µs
[negroni] Started GET /queue/52994b6ae01c9be3d685f5863340d007
[negroni] Completed 200 OK in 106.145µs
[negroni] Started GET /queue/52994b6ae01c9be3d685f5863340d007
[negroni] Completed 200 OK in 54.944µs
[negroni] Started GET /queue/52994b6ae01c9be3d685f5863340d007
[negroni] Completed 200 OK in 73.631µs
[negroni] Started GET /queue/52994b6ae01c9be3d685f5863340d007
[negroni] Completed 200 OK in 81.9µs
[negroni] Started GET /queue/52994b6ae01c9be3d685f5863340d007
[negroni] Completed 200 OK in 115.672µs
[negroni] Started GET /queue/52994b6ae01c9be3d685f5863340d007
[negroni] Completed 200 OK in 717.254µs
[negroni] Started GET /queue/52994b6ae01c9be3d685f5863340d007
[negroni] Completed 200 OK in 130.99µs
[negroni] Started GET /queue/52994b6ae01c9be3d685f5863340d007
[negroni] Completed 200 OK in 77.56µs
[negroni] Started GET /queue/52994b6ae01c9be3d685f5863340d007
[negroni] Completed 200 OK in 126.808µs
[negroni] Started GET /queue/52994b6ae01c9be3d685f5863340d007
[negroni] Completed 200 OK in 71.248µs
[negroni] Started GET /queue/52994b6ae01c9be3d685f5863340d007
[negroni] Completed 200 OK in 80.813µs
[negroni] Started GET /queue/52994b6ae01c9be3d685f5863340d007
[negroni] Completed 200 OK in 78.579µs
[negroni] Started GET /queue/52994b6ae01c9be3d685f5863340d007
[negroni] Completed 200 OK in 130.749µs
[negroni] Started GET /queue/52994b6ae01c9be3d685f5863340d007
[negroni] Completed 200 OK in 94.577µs
[negroni] Started GET /queue/52994b6ae01c9be3d685f5863340d007
[negroni] Completed 200 OK in 102.5µs
[negroni] Started GET /queue/52994b6ae01c9be3d685f5863340d007
[negroni] Completed 200 OK in 152.03µs
[negroni] Started GET /queue/52994b6ae01c9be3d685f5863340d007
[negroni] Completed 200 OK in 69.32µs
[negroni] Started GET /queue/52994b6ae01c9be3d685f5863340d007
[negroni] Completed 200 OK in 131.801µs
[negroni] Started GET /queue/52994b6ae01c9be3d685f5863340d007
[negroni] Completed 200 OK in 322.952µs
[negroni] Started GET /queue/52994b6ae01c9be3d685f5863340d007
[negroni] Completed 200 OK in 107.364µs
[negroni] Started GET /queue/52994b6ae01c9be3d685f5863340d007
[negroni] Completed 200 OK in 99.173µs
[negroni] Started GET /queue/52994b6ae01c9be3d685f5863340d007
[negroni] Completed 200 OK in 92.447µs
[negroni] Started GET /queue/52994b6ae01c9be3d685f5863340d007
[negroni] Completed 200 OK in 177.821µs
[negroni] Started GET /queue/52994b6ae01c9be3d685f5863340d007
[negroni] Completed 200 OK in 168.097µs
[negroni] Started GET /queue/52994b6ae01c9be3d685f5863340d007
[negroni] Completed 200 OK in 155.02µs
[negroni] Started GET /queue/52994b6ae01c9be3d685f5863340d007
[negroni] Completed 200 OK in 74.231µs
[negroni] Started GET /queue/52994b6ae01c9be3d685f5863340d007
[negroni] Completed 200 OK in 211.35µs
[negroni] Started GET /queue/52994b6ae01c9be3d685f5863340d007
[negroni] Completed 200 OK in 175.21µs
[negroni] Started GET /queue/52994b6ae01c9be3d685f5863340d007
[negroni] Completed 200 OK in 97.904µs
[negroni] Started GET /queue/52994b6ae01c9be3d685f5863340d007
[negroni] Completed 200 OK in 198.954µs
[negroni] Started GET /queue/52994b6ae01c9be3d685f5863340d007
[negroni] Completed 200 OK in 124.886µs
[negroni] Started GET /queue/52994b6ae01c9be3d685f5863340d007
[negroni] Completed 200 OK in 119.888µs
[negroni] Started GET /queue/52994b6ae01c9be3d685f5863340d007
[negroni] Completed 200 OK in 69.564µs
[negroni] Started GET /queue/52994b6ae01c9be3d685f5863340d007
[negroni] Completed 200 OK in 113.836µs
[negroni] Started GET /queue/52994b6ae01c9be3d685f5863340d007
[negroni] Completed 200 OK in 77.548µs
[negroni] Started GET /queue/52994b6ae01c9be3d685f5863340d007
[negroni] Completed 200 OK in 74.818µs
[negroni] Started GET /queue/52994b6ae01c9be3d685f5863340d007
[negroni] Completed 200 OK in 60.413µs
[negroni] Started GET /queue/52994b6ae01c9be3d685f5863340d007
[negroni] Completed 200 OK in 98.118µs
[negroni] Started GET /queue/52994b6ae01c9be3d685f5863340d007
[negroni] Completed 200 OK in 56.711µs
[negroni] Started GET /queue/52994b6ae01c9be3d685f5863340d007
[negroni] Completed 200 OK in 81.069µs
[negroni] Started GET /queue/52994b6ae01c9be3d685f5863340d007
[negroni] Completed 200 OK in 116.887µs
[negroni] Started GET /queue/52994b6ae01c9be3d685f5863340d007
[negroni] Completed 200 OK in 87.982µs
[negroni] Started GET /queue/52994b6ae01c9be3d685f5863340d007
[negroni] Completed 200 OK in 63.543µs
[negroni] Started GET /queue/52994b6ae01c9be3d685f5863340d007
[negroni] Completed 200 OK in 58.393µs
[negroni] Started GET /queue/52994b6ae01c9be3d685f5863340d007
[negroni] Completed 200 OK in 80.819µs
[negroni] Started GET /queue/52994b6ae01c9be3d685f5863340d007
[negroni] Completed 200 OK in 110.943µs
[negroni] Started GET /queue/52994b6ae01c9be3d685f5863340d007
[negroni] Completed 200 OK in 147.598µs
[negroni] Started GET /queue/52994b6ae01c9be3d685f5863340d007
[negroni] Completed 200 OK in 64.4µs
[negroni] Started GET /queue/52994b6ae01c9be3d685f5863340d007
[negroni] Completed 200 OK in 83.889µs
[negroni] Started GET /queue/52994b6ae01c9be3d685f5863340d007
[negroni] Completed 200 OK in 51.295µs
[negroni] Started GET /queue/52994b6ae01c9be3d685f5863340d007
[negroni] Completed 200 OK in 100.184µs
[negroni] Started GET /queue/52994b6ae01c9be3d685f5863340d007
[negroni] Completed 200 OK in 131.691µs
[negroni] Started GET /queue/52994b6ae01c9be3d685f5863340d007
[negroni] Completed 200 OK in 56.592µs
[negroni] Started GET /queue/52994b6ae01c9be3d685f5863340d007
[negroni] Completed 200 OK in 65.195µs
[negroni] Started GET /queue/52994b6ae01c9be3d685f5863340d007
[negroni] Completed 200 OK in 137.701µs
[negroni] Started GET /queue/52994b6ae01c9be3d685f5863340d007
[negroni] Completed 200 OK in 90.957µs
[negroni] Started GET /queue/52994b6ae01c9be3d685f5863340d007
[negroni] Completed 200 OK in 79.327µs
[negroni] Started GET /queue/52994b6ae01c9be3d685f5863340d007
[negroni] Completed 200 OK in 138.274µs
[negroni] Started GET /queue/52994b6ae01c9be3d685f5863340d007
[negroni] Completed 200 OK in 63.243µs
[negroni] Started GET /queue/52994b6ae01c9be3d685f5863340d007
[negroni] Completed 200 OK in 67.984µs
[negroni] Started GET /queue/52994b6ae01c9be3d685f5863340d007
[negroni] Completed 200 OK in 54.728µs
[negroni] Started GET /queue/52994b6ae01c9be3d685f5863340d007
[negroni] Completed 200 OK in 68.666µs
[negroni] Started GET /queue/52994b6ae01c9be3d685f5863340d007
[negroni] Completed 200 OK in 98.806µs
[negroni] Started GET /queue/52994b6ae01c9be3d685f5863340d007
[negroni] Completed 200 OK in 63.21µs
[negroni] Started GET /queue/52994b6ae01c9be3d685f5863340d007
[negroni] Completed 200 OK in 285.492µs
[negroni] Started GET /queue/52994b6ae01c9be3d685f5863340d007
[negroni] Completed 200 OK in 265.94µs
[negroni] Started GET /queue/52994b6ae01c9be3d685f5863340d007
[negroni] Completed 200 OK in 68.221µs
[negroni] Started GET /queue/52994b6ae01c9be3d685f5863340d007
[negroni] Completed 200 OK in 58.381µs
[negroni] Started GET /queue/52994b6ae01c9be3d685f5863340d007
[negroni] Completed 200 OK in 127.591µs
[negroni] Started GET /queue/52994b6ae01c9be3d685f5863340d007
[negroni] Completed 200 OK in 136.05µs
[negroni] Started GET /queue/52994b6ae01c9be3d685f5863340d007
[negroni] Completed 200 OK in 71.099µs
[negroni] Started GET /queue/52994b6ae01c9be3d685f5863340d007
[negroni] Completed 200 OK in 69.092µs
[negroni] Started GET /queue/52994b6ae01c9be3d685f5863340d007
[negroni] Completed 200 OK in 70.786µs
[negroni] Started GET /queue/52994b6ae01c9be3d685f5863340d007
[negroni] Completed 200 OK in 70.59µs
[negroni] Started GET /queue/52994b6ae01c9be3d685f5863340d007
[negroni] Completed 200 OK in 72.655µs
[negroni] Started GET /queue/52994b6ae01c9be3d685f5863340d007
[negroni] Completed 200 OK in 70.392µs
[negroni] Started GET /queue/52994b6ae01c9be3d685f5863340d007
[negroni] Completed 200 OK in 56.833µs
[negroni] Started GET /queue/52994b6ae01c9be3d685f5863340d007
[negroni] Completed 200 OK in 253.293µs
[negroni] Started GET /queue/52994b6ae01c9be3d685f5863340d007
[negroni] Completed 200 OK in 57.736µs
[negroni] Started GET /queue/52994b6ae01c9be3d685f5863340d007
[negroni] Completed 200 OK in 57.868µs
[negroni] Started GET /queue/52994b6ae01c9be3d685f5863340d007
[negroni] Completed 200 OK in 58.099µs
[negroni] Started GET /queue/52994b6ae01c9be3d685f5863340d007
[negroni] Completed 200 OK in 78.557µs
[negroni] Started GET /queue/52994b6ae01c9be3d685f5863340d007
[negroni] Completed 200 OK in 149.708µs
[negroni] Started GET /queue/52994b6ae01c9be3d685f5863340d007
[negroni] Completed 200 OK in 90.508µs
[negroni] Started GET /queue/52994b6ae01c9be3d685f5863340d007
[negroni] Completed 200 OK in 111.652µs
[negroni] Started GET /queue/52994b6ae01c9be3d685f5863340d007
[negroni] Completed 200 OK in 78.524µs
[negroni] Started GET /queue/52994b6ae01c9be3d685f5863340d007
[negroni] Completed 200 OK in 83.469µs
[negroni] Started GET /queue/52994b6ae01c9be3d685f5863340d007
[negroni] Completed 200 OK in 59.426µs
[negroni] Started GET /queue/52994b6ae01c9be3d685f5863340d007
[negroni] Completed 200 OK in 77.502µs
[negroni] Started GET /queue/52994b6ae01c9be3d685f5863340d007
[negroni] Completed 200 OK in 144.197µs
[negroni] Started GET /queue/52994b6ae01c9be3d685f5863340d007
[negroni] Completed 200 OK in 98.527µs
[negroni] Started GET /queue/52994b6ae01c9be3d685f5863340d007
[negroni] Completed 200 OK in 144.368µs
[negroni] Started GET /queue/52994b6ae01c9be3d685f5863340d007
[negroni] Completed 200 OK in 258.373µs
[negroni] Started GET /queue/52994b6ae01c9be3d685f5863340d007
[negroni] Completed 200 OK in 71.387µs
[negroni] Started GET /queue/52994b6ae01c9be3d685f5863340d007
[negroni] Completed 200 OK in 96.183µs
[negroni] Started GET /queue/52994b6ae01c9be3d685f5863340d007
[negroni] Completed 200 OK in 89.723µs
[negroni] Started GET /queue/52994b6ae01c9be3d685f5863340d007
[negroni] Completed 200 OK in 94.706µs
[negroni] Started GET /queue/52994b6ae01c9be3d685f5863340d007
[negroni] Completed 200 OK in 144.961µs
[negroni] Started GET /queue/52994b6ae01c9be3d685f5863340d007
[negroni] Completed 200 OK in 106.779µs
[negroni] Started GET /queue/52994b6ae01c9be3d685f5863340d007
[negroni] Completed 200 OK in 300.56µs
[negroni] Started GET /queue/52994b6ae01c9be3d685f5863340d007
[negroni] Completed 200 OK in 373.694µs
[negroni] Started GET /queue/52994b6ae01c9be3d685f5863340d007
[negroni] Completed 200 OK in 107.232µs
[negroni] Started GET /queue/52994b6ae01c9be3d685f5863340d007
[negroni] Completed 200 OK in 53.012µs
[negroni] Started GET /queue/52994b6ae01c9be3d685f5863340d007
[negroni] Completed 200 OK in 159.32µs
[negroni] Started GET /queue/52994b6ae01c9be3d685f5863340d007
[negroni] Completed 200 OK in 82.8µs
[negroni] Started GET /queue/52994b6ae01c9be3d685f5863340d007
[negroni] Completed 200 OK in 131.667µs
[negroni] Started GET /queue/52994b6ae01c9be3d685f5863340d007
[negroni] Completed 200 OK in 64.71µs
[negroni] Started GET /queue/52994b6ae01c9be3d685f5863340d007
[negroni] Completed 200 OK in 56.89µs
[negroni] Started GET /queue/52994b6ae01c9be3d685f5863340d007
[negroni] Completed 200 OK in 52.468µs
[negroni] Started GET /queue/52994b6ae01c9be3d685f5863340d007
[negroni] Completed 200 OK in 109.513µs
[negroni] Started GET /queue/52994b6ae01c9be3d685f5863340d007
[negroni] Completed 200 OK in 55.432µs
[negroni] Started GET /queue/52994b6ae01c9be3d685f5863340d007
[negroni] Completed 200 OK in 53.722µs
[negroni] Started GET /queue/52994b6ae01c9be3d685f5863340d007
[negroni] Completed 200 OK in 56.24µs
[negroni] Started GET /queue/52994b6ae01c9be3d685f5863340d007
[negroni] Completed 200 OK in 110.32µs
[negroni] Started GET /queue/52994b6ae01c9be3d685f5863340d007
[negroni] Completed 200 OK in 62.431µs
[negroni] Started GET /queue/52994b6ae01c9be3d685f5863340d007
[negroni] Completed 200 OK in 65.579µs
[negroni] Started GET /queue/52994b6ae01c9be3d685f5863340d007
[negroni] Completed 200 OK in 59.917µs
[negroni] Started GET /queue/52994b6ae01c9be3d685f5863340d007
[negroni] Completed 200 OK in 102.809µs
[negroni] Started GET /queue/52994b6ae01c9be3d685f5863340d007
[negroni] Completed 200 OK in 134.204µs
[negroni] Started GET /queue/52994b6ae01c9be3d685f5863340d007
[negroni] Completed 200 OK in 83.893µs
[negroni] Started GET /queue/52994b6ae01c9be3d685f5863340d007
[negroni] Completed 200 OK in 72.921µs
[negroni] Started GET /queue/52994b6ae01c9be3d685f5863340d007
[negroni] Completed 200 OK in 77.974µs
[negroni] Started GET /queue/52994b6ae01c9be3d685f5863340d007
[negroni] Completed 200 OK in 57.446µs
[negroni] Started GET /queue/52994b6ae01c9be3d685f5863340d007
[negroni] Completed 200 OK in 56.796µs
[negroni] Started GET /queue/52994b6ae01c9be3d685f5863340d007
[negroni] Completed 200 OK in 87.48µs
[negroni] Started GET /queue/52994b6ae01c9be3d685f5863340d007
[negroni] Completed 200 OK in 66.845µs
[negroni] Started GET /queue/52994b6ae01c9be3d685f5863340d007
[negroni] Completed 200 OK in 63.782µs
[negroni] Started GET /queue/52994b6ae01c9be3d685f5863340d007
[negroni] Completed 200 OK in 64.896µs
[negroni] Started GET /queue/52994b6ae01c9be3d685f5863340d007
[negroni] Completed 200 OK in 72.154µs
[negroni] Started GET /queue/52994b6ae01c9be3d685f5863340d007
[negroni] Completed 200 OK in 78.885µs
[negroni] Started GET /queue/52994b6ae01c9be3d685f5863340d007
[negroni] Completed 200 OK in 91.101µs
[negroni] Started GET /queue/52994b6ae01c9be3d685f5863340d007
[negroni] Completed 200 OK in 157.763µs
[negroni] Started GET /queue/52994b6ae01c9be3d685f5863340d007
[negroni] Completed 200 OK in 148.117µs
[negroni] Started GET /queue/52994b6ae01c9be3d685f5863340d007
[negroni] Completed 200 OK in 63.071µs
[negroni] Started GET /queue/52994b6ae01c9be3d685f5863340d007
[negroni] Completed 200 OK in 69.21µs
[negroni] Started GET /queue/52994b6ae01c9be3d685f5863340d007
[negroni] Completed 200 OK in 77.363µs
[negroni] Started GET /queue/52994b6ae01c9be3d685f5863340d007
[negroni] Completed 200 OK in 351.542µs
[negroni] Started GET /queue/52994b6ae01c9be3d685f5863340d007
[negroni] Completed 200 OK in 431.63µs
[negroni] Started GET /queue/52994b6ae01c9be3d685f5863340d007
[negroni] Completed 200 OK in 52.925µs
[negroni] Started GET /queue/52994b6ae01c9be3d685f5863340d007
[negroni] Completed 200 OK in 68.388µs
[negroni] Started GET /queue/52994b6ae01c9be3d685f5863340d007
[negroni] Completed 200 OK in 122.065µs
[negroni] Started GET /queue/52994b6ae01c9be3d685f5863340d007
[negroni] Completed 200 OK in 113.756µs
[negroni] Started GET /queue/52994b6ae01c9be3d685f5863340d007
[negroni] Completed 200 OK in 78.797µs
[negroni] Started GET /queue/52994b6ae01c9be3d685f5863340d007
[negroni] Completed 200 OK in 57.888µs
[negroni] Started GET /queue/52994b6ae01c9be3d685f5863340d007
[negroni] Completed 200 OK in 94.777µs
[negroni] Started GET /queue/52994b6ae01c9be3d685f5863340d007
[negroni] Completed 200 OK in 60.063µs
[negroni] Started GET /queue/52994b6ae01c9be3d685f5863340d007
[negroni] Completed 200 OK in 73.676µs
[negroni] Started GET /queue/52994b6ae01c9be3d685f5863340d007
[negroni] Completed 200 OK in 77.096µs
[negroni] Started GET /queue/52994b6ae01c9be3d685f5863340d007
[negroni] Completed 200 OK in 147.48µs
[negroni] Started GET /queue/52994b6ae01c9be3d685f5863340d007
[negroni] Completed 200 OK in 106.806µs
[negroni] Started GET /queue/52994b6ae01c9be3d685f5863340d007
[negroni] Completed 200 OK in 87.565µs
[negroni] Started GET /queue/52994b6ae01c9be3d685f5863340d007
[negroni] Completed 200 OK in 71.748µs
[negroni] Started GET /queue/52994b6ae01c9be3d685f5863340d007
[negroni] Completed 200 OK in 100.453µs
[negroni] Started GET /queue/52994b6ae01c9be3d685f5863340d007
[negroni] Completed 200 OK in 126.886µs
[negroni] Started GET /queue/52994b6ae01c9be3d685f5863340d007
[negroni] Completed 200 OK in 86.355µs
[negroni] Started GET /queue/52994b6ae01c9be3d685f5863340d007
[negroni] Completed 200 OK in 130.285µs
[negroni] Started GET /queue/52994b6ae01c9be3d685f5863340d007
[negroni] Completed 200 OK in 53.998µs
[negroni] Started GET /queue/52994b6ae01c9be3d685f5863340d007
[negroni] Completed 200 OK in 89.486µs
[negroni] Started GET /queue/52994b6ae01c9be3d685f5863340d007
[negroni] Completed 200 OK in 128.512µs
[negroni] Started GET /queue/52994b6ae01c9be3d685f5863340d007
[negroni] Completed 200 OK in 183.492µs
[negroni] Started GET /queue/52994b6ae01c9be3d685f5863340d007
[negroni] Completed 200 OK in 73.613µs
[negroni] Started GET /queue/52994b6ae01c9be3d685f5863340d007
[negroni] Completed 200 OK in 84.408µs
[negroni] Started GET /queue/52994b6ae01c9be3d685f5863340d007
[negroni] Completed 200 OK in 131.226µs
[negroni] Started GET /queue/52994b6ae01c9be3d685f5863340d007
[negroni] Completed 200 OK in 223.066µs
[negroni] Started GET /queue/52994b6ae01c9be3d685f5863340d007
[negroni] Completed 200 OK in 98.169µs
[negroni] Started GET /queue/52994b6ae01c9be3d685f5863340d007
[negroni] Completed 200 OK in 376.746µs
[negroni] Started GET /queue/52994b6ae01c9be3d685f5863340d007
[negroni] Completed 200 OK in 60.683µs
[negroni] Started GET /queue/52994b6ae01c9be3d685f5863340d007
[negroni] Completed 200 OK in 99.877µs
[negroni] Started GET /queue/52994b6ae01c9be3d685f5863340d007
[negroni] Completed 200 OK in 59.46µs
[negroni] Started GET /queue/52994b6ae01c9be3d685f5863340d007
[negroni] Completed 200 OK in 82.741µs
[negroni] Started GET /queue/52994b6ae01c9be3d685f5863340d007
[negroni] Completed 200 OK in 50.387µs
[negroni] Started GET /queue/52994b6ae01c9be3d685f5863340d007
[negroni] Completed 200 OK in 67.495µs
[negroni] Started GET /queue/52994b6ae01c9be3d685f5863340d007
[negroni] Completed 200 OK in 189.416µs
[negroni] Started GET /queue/52994b6ae01c9be3d685f5863340d007
[negroni] Completed 200 OK in 60.451µs
[negroni] Started GET /queue/52994b6ae01c9be3d685f5863340d007
[negroni] Completed 200 OK in 79.524µs
[negroni] Started GET /queue/52994b6ae01c9be3d685f5863340d007
[negroni] Completed 200 OK in 54.937µs
[negroni] Started GET /queue/52994b6ae01c9be3d685f5863340d007
[negroni] Completed 200 OK in 65.749µs
[negroni] Started GET /queue/52994b6ae01c9be3d685f5863340d007
[negroni] Completed 200 OK in 93.66µs
[negroni] Started GET /queue/52994b6ae01c9be3d685f5863340d007
[negroni] Completed 200 OK in 248.076µs
[negroni] Started GET /queue/52994b6ae01c9be3d685f5863340d007
[negroni] Completed 200 OK in 113.225µs
[negroni] Started GET /queue/52994b6ae01c9be3d685f5863340d007
[negroni] Completed 200 OK in 56.902µs
[negroni] Started GET /queue/52994b6ae01c9be3d685f5863340d007
[negroni] Completed 200 OK in 53.325µs
[negroni] Started GET /queue/52994b6ae01c9be3d685f5863340d007
[negroni] Completed 200 OK in 82.482µs
[negroni] Started GET /queue/52994b6ae01c9be3d685f5863340d007
[negroni] Completed 200 OK in 82.047µs
[negroni] Started GET /queue/52994b6ae01c9be3d685f5863340d007
[negroni] Completed 200 OK in 83.573µs
[negroni] Started GET /queue/52994b6ae01c9be3d685f5863340d007
[negroni] Completed 200 OK in 57.411µs
[negroni] Started GET /queue/52994b6ae01c9be3d685f5863340d007
[negroni] Completed 200 OK in 82.451µs
[negroni] Started GET /queue/52994b6ae01c9be3d685f5863340d007
[negroni] Completed 200 OK in 55.102µs
[negroni] Started GET /queue/52994b6ae01c9be3d685f5863340d007
[negroni] Completed 200 OK in 96.066µs
[negroni] Started GET /queue/52994b6ae01c9be3d685f5863340d007
[negroni] Completed 200 OK in 151.399µs
[negroni] Started GET /queue/52994b6ae01c9be3d685f5863340d007
[negroni] Completed 200 OK in 78.337µs
[negroni] Started GET /queue/52994b6ae01c9be3d685f5863340d007
[negroni] Completed 200 OK in 56.256µs
[negroni] Started GET /queue/52994b6ae01c9be3d685f5863340d007
[negroni] Completed 200 OK in 76.065µs
[negroni] Started GET /queue/52994b6ae01c9be3d685f5863340d007
[negroni] Completed 200 OK in 64.375µs
[negroni] Started GET /queue/52994b6ae01c9be3d685f5863340d007
[negroni] Completed 200 OK in 88.207µs
[negroni] Started GET /queue/52994b6ae01c9be3d685f5863340d007
[negroni] Completed 200 OK in 71.507µs
[negroni] Started GET /queue/52994b6ae01c9be3d685f5863340d007
[negroni] Completed 200 OK in 51.941µs
[negroni] Started GET /queue/52994b6ae01c9be3d685f5863340d007
[negroni] Completed 200 OK in 50.069µs
[negroni] Started GET /queue/52994b6ae01c9be3d685f5863340d007
[negroni] Completed 200 OK in 50.757µs
[negroni] Started GET /queue/52994b6ae01c9be3d685f5863340d007
[negroni] Completed 200 OK in 68.806µs
[negroni] Started GET /queue/52994b6ae01c9be3d685f5863340d007
[negroni] Completed 200 OK in 65.693µs
[negroni] Started GET /queue/52994b6ae01c9be3d685f5863340d007
[negroni] Completed 200 OK in 128.696µs
[negroni] Started GET /queue/52994b6ae01c9be3d685f5863340d007
[negroni] Completed 200 OK in 134.392µs
[negroni] Started GET /queue/52994b6ae01c9be3d685f5863340d007
[negroni] Completed 200 OK in 60.792µs
[negroni] Started GET /queue/52994b6ae01c9be3d685f5863340d007
[negroni] Completed 200 OK in 74.891µs
[negroni] Started GET /queue/52994b6ae01c9be3d685f5863340d007
[negroni] Completed 200 OK in 94.236µs
[negroni] Started GET /queue/52994b6ae01c9be3d685f5863340d007
[negroni] Completed 200 OK in 111.587µs
[negroni] Started GET /queue/52994b6ae01c9be3d685f5863340d007
[negroni] Completed 200 OK in 152.817µs
[negroni] Started GET /queue/52994b6ae01c9be3d685f5863340d007
[negroni] Completed 200 OK in 434.906µs
[negroni] Started GET /queue/52994b6ae01c9be3d685f5863340d007
[negroni] Completed 200 OK in 127.148µs
[negroni] Started GET /queue/52994b6ae01c9be3d685f5863340d007
[negroni] Completed 200 OK in 67.73µs
[negroni] Started GET /queue/52994b6ae01c9be3d685f5863340d007
[negroni] Completed 200 OK in 118.909µs
[negroni] Started GET /queue/52994b6ae01c9be3d685f5863340d007
[negroni] Completed 200 OK in 119.753µs
[negroni] Started GET /queue/52994b6ae01c9be3d685f5863340d007
[negroni] Completed 200 OK in 196.383µs
[negroni] Started GET /queue/52994b6ae01c9be3d685f5863340d007
[negroni] Completed 200 OK in 52.148µs
[negroni] Started GET /queue/52994b6ae01c9be3d685f5863340d007
[negroni] Completed 200 OK in 63.117µs
[negroni] Started GET /queue/52994b6ae01c9be3d685f5863340d007
[negroni] Completed 200 OK in 130.494µs
[negroni] Started GET /queue/52994b6ae01c9be3d685f5863340d007
[negroni] Completed 200 OK in 55.357µs
[negroni] Started GET /queue/52994b6ae01c9be3d685f5863340d007
[negroni] Completed 200 OK in 72.72µs
[negroni] Started GET /queue/52994b6ae01c9be3d685f5863340d007
[negroni] Completed 200 OK in 61.5µs
[negroni] Started GET /queue/52994b6ae01c9be3d685f5863340d007
[negroni] Completed 200 OK in 76.664µs
[negroni] Started GET /queue/52994b6ae01c9be3d685f5863340d007
[negroni] Completed 200 OK in 106.219µs
[negroni] Started GET /queue/52994b6ae01c9be3d685f5863340d007
[negroni] Completed 200 OK in 95.822µs
[negroni] Started GET /queue/52994b6ae01c9be3d685f5863340d007
[negroni] Completed 200 OK in 115.666µs
[negroni] Started GET /queue/52994b6ae01c9be3d685f5863340d007
[negroni] Completed 200 OK in 66.136µs
[negroni] Started GET /queue/52994b6ae01c9be3d685f5863340d007
[negroni] Completed 200 OK in 59.007µs
[negroni] Started GET /queue/52994b6ae01c9be3d685f5863340d007
[negroni] Completed 200 OK in 270.576µs
[negroni] Started GET /queue/52994b6ae01c9be3d685f5863340d007
[negroni] Completed 200 OK in 95.695µs
[negroni] Started GET /queue/52994b6ae01c9be3d685f5863340d007
[negroni] Completed 200 OK in 64.371µs
[negroni] Started GET /queue/52994b6ae01c9be3d685f5863340d007
[negroni] Completed 200 OK in 86.382µs
[negroni] Started GET /queue/52994b6ae01c9be3d685f5863340d007
[negroni] Completed 200 OK in 68.168µs
[negroni] Started GET /queue/52994b6ae01c9be3d685f5863340d007
[negroni] Completed 200 OK in 112.679µs
[negroni] Started GET /queue/52994b6ae01c9be3d685f5863340d007
[negroni] Completed 200 OK in 75.09µs
[negroni] Started GET /queue/52994b6ae01c9be3d685f5863340d007
[negroni] Completed 200 OK in 91.849µs
[negroni] Started GET /queue/52994b6ae01c9be3d685f5863340d007
[negroni] Completed 200 OK in 87.888µs
[negroni] Started GET /queue/52994b6ae01c9be3d685f5863340d007
[negroni] Completed 200 OK in 123.388µs
[negroni] Started GET /queue/52994b6ae01c9be3d685f5863340d007
[negroni] Completed 200 OK in 58.76µs
[negroni] Started GET /queue/52994b6ae01c9be3d685f5863340d007
[negroni] Completed 200 OK in 102.471µs
[negroni] Started GET /queue/52994b6ae01c9be3d685f5863340d007
[negroni] Completed 200 OK in 155.127µs
[negroni] Started GET /queue/52994b6ae01c9be3d685f5863340d007
[negroni] Completed 200 OK in 68.808µs
[negroni] Started GET /queue/52994b6ae01c9be3d685f5863340d007
[negroni] Completed 200 OK in 67.338µs
[negroni] Started GET /queue/52994b6ae01c9be3d685f5863340d007
[negroni] Completed 200 OK in 64.903µs
[negroni] Started GET /queue/52994b6ae01c9be3d685f5863340d007
[negroni] Completed 200 OK in 57.439µs
[negroni] Started GET /queue/52994b6ae01c9be3d685f5863340d007
[negroni] Completed 200 OK in 272.04µs
[negroni] Started GET /queue/52994b6ae01c9be3d685f5863340d007
[negroni] Completed 200 OK in 145.5µs
[negroni] Started GET /queue/52994b6ae01c9be3d685f5863340d007
[negroni] Completed 200 OK in 133.788µs
[negroni] Started GET /queue/52994b6ae01c9be3d685f5863340d007
[negroni] Completed 200 OK in 59.544µs
[negroni] Started GET /queue/52994b6ae01c9be3d685f5863340d007
[negroni] Completed 200 OK in 69.493µs
[negroni] Started GET /queue/52994b6ae01c9be3d685f5863340d007
[negroni] Completed 200 OK in 65.417µs
[negroni] Started GET /queue/52994b6ae01c9be3d685f5863340d007
[negroni] Completed 200 OK in 76.696µs
[negroni] Started GET /queue/52994b6ae01c9be3d685f5863340d007
[negroni] Completed 200 OK in 64.292µs
[negroni] Started GET /queue/52994b6ae01c9be3d685f5863340d007
[negroni] Completed 200 OK in 87.425µs
[negroni] Started GET /queue/52994b6ae01c9be3d685f5863340d007
[negroni] Completed 200 OK in 149.766µs
[negroni] Started GET /queue/52994b6ae01c9be3d685f5863340d007
[negroni] Completed 200 OK in 88.664µs
[negroni] Started GET /queue/52994b6ae01c9be3d685f5863340d007
[negroni] Completed 200 OK in 61.32µs
[negroni] Started GET /queue/52994b6ae01c9be3d685f5863340d007
[negroni] Completed 200 OK in 243.375µs
[negroni] Started GET /queue/52994b6ae01c9be3d685f5863340d007
[negroni] Completed 200 OK in 68.944µs
[negroni] Started GET /queue/52994b6ae01c9be3d685f5863340d007
[negroni] Completed 200 OK in 66.226µs
[negroni] Started GET /queue/52994b6ae01c9be3d685f5863340d007
[negroni] Completed 200 OK in 69.977µs
[negroni] Started GET /queue/52994b6ae01c9be3d685f5863340d007
[negroni] Completed 200 OK in 189.867µs
[negroni] Started GET /queue/52994b6ae01c9be3d685f5863340d007
[negroni] Completed 200 OK in 61.288µs
[negroni] Started GET /queue/52994b6ae01c9be3d685f5863340d007
[negroni] Completed 200 OK in 110.775µs
[negroni] Started GET /queue/52994b6ae01c9be3d685f5863340d007
[negroni] Completed 200 OK in 63.305µs
[negroni] Started GET /queue/52994b6ae01c9be3d685f5863340d007
[negroni] Completed 200 OK in 69.604µs
[negroni] Started GET /queue/52994b6ae01c9be3d685f5863340d007
[negroni] Completed 200 OK in 51.627µs
[negroni] Started GET /queue/52994b6ae01c9be3d685f5863340d007
[negroni] Completed 200 OK in 98.886µs
[negroni] Started GET /queue/52994b6ae01c9be3d685f5863340d007
[negroni] Completed 200 OK in 64.596µs
[negroni] Started GET /queue/52994b6ae01c9be3d685f5863340d007
[negroni] Completed 200 OK in 93.425µs
[negroni] Started GET /queue/52994b6ae01c9be3d685f5863340d007
[negroni] Completed 200 OK in 128.094µs
[negroni] Started GET /queue/52994b6ae01c9be3d685f5863340d007
[negroni] Completed 200 OK in 247.576µs
[negroni] Started GET /queue/52994b6ae01c9be3d685f5863340d007
[negroni] Completed 200 OK in 75.229µs
[negroni] Started GET /queue/52994b6ae01c9be3d685f5863340d007
[negroni] Completed 200 OK in 71.734µs
[negroni] Started GET /queue/52994b6ae01c9be3d685f5863340d007
[negroni] Completed 200 OK in 106.264µs
[negroni] Started GET /queue/52994b6ae01c9be3d685f5863340d007
[negroni] Completed 200 OK in 101.547µs
[negroni] Started GET /queue/52994b6ae01c9be3d685f5863340d007
[negroni] Completed 200 OK in 79.66µs
[negroni] Started GET /queue/52994b6ae01c9be3d685f5863340d007
[negroni] Completed 200 OK in 95.605µs
[negroni] Started GET /queue/52994b6ae01c9be3d685f5863340d007
[negroni] Completed 200 OK in 88.068µs
[negroni] Started GET /queue/52994b6ae01c9be3d685f5863340d007
[negroni] Completed 200 OK in 72.794µs
[negroni] Started GET /queue/52994b6ae01c9be3d685f5863340d007
[negroni] Completed 200 OK in 136.383µs
[negroni] Started GET /queue/52994b6ae01c9be3d685f5863340d007
[negroni] Completed 200 OK in 147.78µs
[negroni] Started GET /queue/52994b6ae01c9be3d685f5863340d007
[negroni] Completed 200 OK in 114.674µs
[negroni] Started GET /queue/52994b6ae01c9be3d685f5863340d007
[negroni] Completed 200 OK in 132.293µs
[negroni] Started GET /queue/52994b6ae01c9be3d685f5863340d007
[negroni] Completed 200 OK in 71.734µs
[negroni] Started GET /queue/52994b6ae01c9be3d685f5863340d007
[negroni] Completed 200 OK in 67.707µs
[negroni] Started GET /queue/52994b6ae01c9be3d685f5863340d007
[negroni] Completed 200 OK in 145.327µs
[negroni] Started GET /queue/52994b6ae01c9be3d685f5863340d007
[negroni] Completed 200 OK in 63.281µs
[negroni] Started GET /queue/52994b6ae01c9be3d685f5863340d007
[negroni] Completed 200 OK in 50.119µs
[negroni] Started GET /queue/52994b6ae01c9be3d685f5863340d007
[negroni] Completed 200 OK in 59.762µs
[negroni] Started GET /queue/52994b6ae01c9be3d685f5863340d007
[negroni] Completed 200 OK in 55.478µs
[negroni] Started GET /queue/52994b6ae01c9be3d685f5863340d007
[negroni] Completed 200 OK in 74.058µs
[negroni] Started GET /queue/52994b6ae01c9be3d685f5863340d007
[negroni] Completed 200 OK in 365.488µs
[negroni] Started GET /queue/52994b6ae01c9be3d685f5863340d007
[negroni] Completed 200 OK in 95.212µs
[negroni] Started GET /queue/52994b6ae01c9be3d685f5863340d007
[negroni] Completed 200 OK in 143.914µs
[negroni] Started GET /queue/52994b6ae01c9be3d685f5863340d007
[negroni] Completed 200 OK in 63.255µs
[negroni] Started GET /queue/52994b6ae01c9be3d685f5863340d007
[negroni] Completed 200 OK in 68.444µs
[negroni] Started GET /queue/52994b6ae01c9be3d685f5863340d007
[negroni] Completed 200 OK in 61.581µs
[negroni] Started GET /queue/52994b6ae01c9be3d685f5863340d007
[negroni] Completed 200 OK in 86.443µs
[negroni] Started GET /queue/52994b6ae01c9be3d685f5863340d007
[negroni] Completed 200 OK in 194.93µs
[negroni] Started GET /queue/52994b6ae01c9be3d685f5863340d007
[negroni] Completed 200 OK in 80.634µs
[negroni] Started GET /queue/52994b6ae01c9be3d685f5863340d007
[negroni] Completed 200 OK in 88.864µs
[negroni] Started GET /queue/52994b6ae01c9be3d685f5863340d007
[negroni] Completed 200 OK in 77.878µs
[negroni] Started GET /queue/52994b6ae01c9be3d685f5863340d007
[negroni] Completed 200 OK in 71.453µs
[negroni] Started GET /queue/52994b6ae01c9be3d685f5863340d007
[negroni] Completed 200 OK in 80.182µs
[negroni] Started GET /queue/52994b6ae01c9be3d685f5863340d007
[negroni] Completed 200 OK in 89.212µs
[negroni] Started GET /queue/52994b6ae01c9be3d685f5863340d007
[negroni] Completed 200 OK in 118.768µs
[negroni] Started GET /queue/52994b6ae01c9be3d685f5863340d007
[negroni] Completed 200 OK in 63.148µs
[negroni] Started GET /queue/52994b6ae01c9be3d685f5863340d007
[negroni] Completed 200 OK in 144.395µs
[negroni] Started GET /queue/52994b6ae01c9be3d685f5863340d007
[negroni] Completed 200 OK in 158.794µs
[negroni] Started GET /queue/52994b6ae01c9be3d685f5863340d007
[negroni] Completed 200 OK in 89.364µs
[negroni] Started GET /queue/52994b6ae01c9be3d685f5863340d007
[negroni] Completed 200 OK in 111.637µs
[negroni] Started GET /queue/52994b6ae01c9be3d685f5863340d007
[negroni] Completed 200 OK in 60.382µs
[negroni] Started GET /queue/52994b6ae01c9be3d685f5863340d007
[negroni] Completed 200 OK in 80.628µs
[negroni] Started GET /queue/52994b6ae01c9be3d685f5863340d007
[negroni] Completed 200 OK in 73.814µs
[negroni] Started GET /queue/52994b6ae01c9be3d685f5863340d007
[negroni] Completed 200 OK in 66.871µs
[negroni] Started GET /queue/52994b6ae01c9be3d685f5863340d007
[negroni] Completed 200 OK in 52.147µs
[negroni] Started GET /queue/52994b6ae01c9be3d685f5863340d007
[negroni] Completed 200 OK in 130.185µs
[negroni] Started GET /queue/52994b6ae01c9be3d685f5863340d007
[negroni] Completed 200 OK in 64.749µs
[negroni] Started GET /queue/52994b6ae01c9be3d685f5863340d007
[negroni] Completed 200 OK in 62.48µs
[sshexec] ERROR 2017/04/26 12:46:38 /src/github.com/heketi/heketi/pkg/utils/ssh/ssh.go:173: Failed to run command [/bin/bash -c 'gluster peer probe 192.168.48.14'] on 192.168.48.13:22: Err[Process exited with: 1. Reason was:  ()]: Stdout [Error : Request timed out
]: Stderr []
[asynchttp] INFO 2017/04/26 12:46:38 Completed job 52994b6ae01c9be3d685f5863340d007 in 2m0.279632325s
[negroni] Started GET /queue/52994b6ae01c9be3d685f5863340d007
[negroni] Completed 500 Internal Server Error in 105.272µs
[negroni] Started GET /clusters/efa39d6476698a589534c3b55d3abd49
[negroni] Completed 404 Not Found in 9.957299ms
[negroni] Started GET /clusters
[negroni] Completed 200 OK in 3.885706ms
[negroni] Started GET /clusters/326dd6982b86a0d02142399a9b9a14a8
[negroni] Completed 200 OK in 1.121768ms
[negroni] Started GET /nodes/8bd8497a8dcda0708508228f4ae8c2ae
[negroni] Completed 200 OK in 18.030668ms
[negroni] Started DELETE /devices/08e438478aca6569095d4caebde2975a
[negroni] Completed 409 Conflict in 844.839µs
[heketi] ERROR 2017/04/26 12:48:29 /src/github.com/heketi/heketi/apps/glusterfs/app_device.go:222: Unable to delete device [08e438478aca6569095d4caebde2975a] because it contains bricks
[negroni] Started DELETE /nodes/8bd8497a8dcda0708508228f4ae8c2ae
[heketi] ERROR 2017/04/26 12:48:29 /src/github.com/heketi/heketi/apps/glusterfs/app_node.go:224: Unable to delete node [8bd8497a8dcda0708508228f4ae8c2ae] because it contains devices
[negroni] Completed 409 Conflict in 1.087779ms
[negroni] Started GET /nodes/a32c2a4e435d59bf6304fcda8247a2fb
[negroni] Completed 200 OK in 3.23976ms
[heketi] ERROR 2017/04/26 12:48:29 /src/github.com/heketi/heketi/apps/glusterfs/app_device.go:222: Unable to delete device [46b2685901f56d6fe0cc85bf3d37bf75] because it contains bricks
[negroni] Started DELETE /devices/46b2685901f56d6fe0cc85bf3d37bf75
[negroni] Completed 409 Conflict in 505.876µs
[heketi] ERROR 2017/04/26 12:48:29 /src/github.com/heketi/heketi/apps/glusterfs/app_node.go:224: Unable to delete node [a32c2a4e435d59bf6304fcda8247a2fb] because it contains devices
[negroni] Started DELETE /nodes/a32c2a4e435d59bf6304fcda8247a2fb
[negroni] Completed 409 Conflict in 511.053µs
[negroni] Started GET /nodes/db185531c93ae9b1931c7af8cffeeb44
[negroni] Completed 200 OK in 3.6159ms
[negroni] Started DELETE /devices/81fc545c570374e5c3d2916118edb176
[heketi] ERROR 2017/04/26 12:48:29 /src/github.com/heketi/heketi/apps/glusterfs/app_device.go:222: Unable to delete device [81fc545c570374e5c3d2916118edb176] because it contains bricks
[negroni] Completed 409 Conflict in 1.481042ms
[negroni] Started DELETE /nodes/db185531c93ae9b1931c7af8cffeeb44
[heketi] ERROR 2017/04/26 12:48:29 /src/github.com/heketi/heketi/apps/glusterfs/app_node.go:224: Unable to delete node [db185531c93ae9b1931c7af8cffeeb44] because it contains devices
[negroni] Completed 409 Conflict in 469.029µs
[negroni] Started DELETE /clusters/326dd6982b86a0d02142399a9b9a14a8
[heketi] WARNING 2017/04/26 12:48:29 Unable to delete cluster [326dd6982b86a0d02142399a9b9a14a8] because it contains volumes and/or nodes
[negroni] Completed 409 Conflict in 714.91µs
[negroni] Started GET /clusters
[negroni] Completed 200 OK in 697.872µs
[negroni] Started GET /clusters/17024c919aad800b6e29dfa33e4ee94d
[negroni] Completed 200 OK in 1.482716ms
[negroni] Started GET /clusters/17024c919aad800b6e29dfa33e4ee94d
[negroni] Completed 200 OK in 1.504529ms
[negroni] Started GET /nodes/9345b2f51a051a3de466be100a584745
[negroni] Completed 200 OK in 952.96µs
[negroni] Started DELETE /devices/7d98a550863c3c05c095e476d95a3f50
[heketi] INFO 2017/04/26 12:49:54 Deleting device 7d98a550863c3c05c095e476d95a3f50 on node 9345b2f51a051a3de466be100a584745
[negroni] Completed 202 Accepted in 1.173144ms
[asynchttp] INFO 2017/04/26 12:49:54 Started job 5522e7e9a4ca20f8d28c01b84781dd0f
[negroni] Started DELETE /nodes/9345b2f51a051a3de466be100a584745
[negroni] Completed 409 Conflict in 543.284µs
[heketi] ERROR 2017/04/26 12:49:54 /src/github.com/heketi/heketi/apps/glusterfs/app_node.go:224: Unable to delete node [9345b2f51a051a3de466be100a584745] because it contains devices
[negroni] Started DELETE /clusters/17024c919aad800b6e29dfa33e4ee94d
[heketi] WARNING 2017/04/26 12:49:54 Unable to delete cluster [17024c919aad800b6e29dfa33e4ee94d] because it contains volumes and/or nodes
[negroni] Completed 409 Conflict in 353.893µs
[sshexec] DEBUG 2017/04/26 12:49:55 /src/github.com/heketi/heketi/pkg/utils/ssh/ssh.go:176: Host: 192.168.48.13:22 Command: /bin/bash -c 'vgremove vg_7d98a550863c3c05c095e476d95a3f50'
Result:   Volume group "vg_7d98a550863c3c05c095e476d95a3f50" successfully removed
[sshexec] DEBUG 2017/04/26 12:49:55 /src/github.com/heketi/heketi/pkg/utils/ssh/ssh.go:176: Host: 192.168.48.13:22 Command: /bin/bash -c 'pvremove /dev/sdb'
Result:   Labels on physical volume "/dev/sdb" successfully wiped
[sshexec] ERROR 2017/04/26 12:49:55 /src/github.com/heketi/heketi/pkg/utils/ssh/ssh.go:173: Failed to run command [/bin/bash -c 'ls /var/lib/heketi/mounts/vg_7d98a550863c3c05c095e476d95a3f50'] on 192.168.48.13:22: Err[Process exited with: 2. Reason was:  ()]: Stdout []: Stderr [ls: cannot access '/var/lib/heketi/mounts/vg_7d98a550863c3c05c095e476d95a3f50': No such file or directory
]
[heketi] INFO 2017/04/26 12:49:55 Deleted node [7d98a550863c3c05c095e476d95a3f50]
[asynchttp] INFO 2017/04/26 12:49:55 Completed job 5522e7e9a4ca20f8d28c01b84781dd0f in 756.354258ms
[negroni] Started GET /clusters/17024c919aad800b6e29dfa33e4ee94d
[negroni] Completed 200 OK in 10.381552ms
[negroni] Started GET /nodes/9345b2f51a051a3de466be100a584745
[negroni] Completed 200 OK in 677.682µs
[negroni] Started DELETE /nodes/9345b2f51a051a3de466be100a584745
[heketi] INFO 2017/04/26 12:49:57 Deleting node 192.168.48.13 [9345b2f51a051a3de466be100a584745]
[negroni] Completed 202 Accepted in 639.444µs
[asynchttp] INFO 2017/04/26 12:49:57 Started job f5729aeb012eaca6193069772d29cfd6
[negroni] Started DELETE /clusters/17024c919aad800b6e29dfa33e4ee94d
[heketi] INFO 2017/04/26 12:49:57 Deleted node [9345b2f51a051a3de466be100a584745]
[asynchttp] INFO 2017/04/26 12:49:57 Completed job f5729aeb012eaca6193069772d29cfd6 in 6.790856ms
[heketi] INFO 2017/04/26 12:49:57 Deleted cluster [17024c919aad800b6e29dfa33e4ee94d]
[negroni] Completed 200 OK in 11.806906ms
[negroni] Started POST /clusters
[negroni] Completed 201 Created in 18.101361ms
[negroni] Started POST /nodes
[heketi] INFO 2017/04/26 12:50:01 Adding node 192.168.48.13
[negroni] Completed 202 Accepted in 14.468815ms
[asynchttp] INFO 2017/04/26 12:50:01 Started job eadab69401b03cf8fcb0ec263d27d147
[negroni] Started GET /queue/eadab69401b03cf8fcb0ec263d27d147
[negroni] Completed 200 OK in 63.085µs
[heketi] INFO 2017/04/26 12:50:01 Added node 5519e73611bc3ce1e51d900603d2b923
[asynchttp] INFO 2017/04/26 12:50:01 Completed job eadab69401b03cf8fcb0ec263d27d147 in 12.794808ms
[negroni] Started GET /queue/eadab69401b03cf8fcb0ec263d27d147
[negroni] Completed 303 See Other in 114.537µs
[negroni] Started GET /nodes/5519e73611bc3ce1e51d900603d2b923
[negroni] Completed 200 OK in 7.505019ms
[negroni] Started POST /devices
[heketi] INFO 2017/04/26 12:50:01 Adding device /dev/sdb to node 5519e73611bc3ce1e51d900603d2b923
[negroni] Completed 202 Accepted in 13.594334ms
[asynchttp] INFO 2017/04/26 12:50:01 Started job 815c8784da3d6776348dfd605133a23e
[negroni] Started GET /queue/815c8784da3d6776348dfd605133a23e
[negroni] Completed 200 OK in 106.555µs
[sshexec] DEBUG 2017/04/26 12:50:01 /src/github.com/heketi/heketi/pkg/utils/ssh/ssh.go:176: Host: 192.168.48.13:22 Command: /bin/bash -c 'pvcreate --metadatasize=128M --dataalignment=256K /dev/sdb'
Result:   Physical volume "/dev/sdb" successfully created
[sshexec] DEBUG 2017/04/26 12:50:01 /src/github.com/heketi/heketi/pkg/utils/ssh/ssh.go:176: Host: 192.168.48.13:22 Command: /bin/bash -c 'vgcreate vg_667e4abddde7411e00c26635f442fb99 /dev/sdb'
Result:   Volume group "vg_667e4abddde7411e00c26635f442fb99" successfully created
[sshexec] DEBUG 2017/04/26 12:50:02 /src/github.com/heketi/heketi/pkg/utils/ssh/ssh.go:176: Host: 192.168.48.13:22 Command: /bin/bash -c 'vgdisplay -c vg_667e4abddde7411e00c26635f442fb99'
Result:   vg_667e4abddde7411e00c26635f442fb99:r/w:772:-1:0:0:0:-1:0:1:1:1952014336:4096:476566:0:476566:qizBOH-I813-k7c8-sOAI-2NKr-hr0r-cZwWcz
[sshexec] DEBUG 2017/04/26 12:50:02 /src/github.com/heketi/heketi/executors/sshexec/device.go:137: Size of /dev/sdb in 192.168.48.13 is 1952014336
[heketi] INFO 2017/04/26 12:50:02 Added device /dev/sdb
[asynchttp] INFO 2017/04/26 12:50:02 Completed job 815c8784da3d6776348dfd605133a23e in 513.885677ms
[negroni] Started GET /queue/815c8784da3d6776348dfd605133a23e
[negroni] Completed 204 No Content in 115.71µs
[negroni] Started POST /nodes
[heketi] INFO 2017/04/26 12:50:02 Adding node 192.168.48.14
[negroni] Completed 202 Accepted in 20.117801ms
[asynchttp] INFO 2017/04/26 12:50:02 Started job d3de9b348a3247c73fe8dc3e6579a70f
[sshexec] INFO 2017/04/26 12:50:02 Probing: 192.168.48.13 -> 192.168.48.14
[negroni] Started GET /queue/d3de9b348a3247c73fe8dc3e6579a70f
[negroni] Completed 200 OK in 485.723µs
[sshexec] DEBUG 2017/04/26 12:50:02 /src/github.com/heketi/heketi/pkg/utils/ssh/ssh.go:176: Host: 192.168.48.13:22 Command: /bin/bash -c 'gluster peer probe 192.168.48.14'
Result: peer probe: success. Host 192.168.48.14 port 24007 already in peer list
[negroni] Started GET /queue/d3de9b348a3247c73fe8dc3e6579a70f
[negroni] Completed 200 OK in 59.853µs
[heketi] INFO 2017/04/26 12:50:02 Added node 7d21df936165245659188e98a0f03228
[asynchttp] INFO 2017/04/26 12:50:02 Completed job d3de9b348a3247c73fe8dc3e6579a70f in 255.478666ms
[negroni] Started GET /queue/d3de9b348a3247c73fe8dc3e6579a70f
[negroni] Completed 303 See Other in 64.048µs
[negroni] Started GET /nodes/7d21df936165245659188e98a0f03228
[negroni] Completed 200 OK in 8.276588ms
[negroni] Started POST /devices
[heketi] INFO 2017/04/26 12:50:03 Adding device /dev/sdb to node 7d21df936165245659188e98a0f03228
[negroni] Completed 202 Accepted in 11.547903ms
[asynchttp] INFO 2017/04/26 12:50:03 Started job 5d495519454700842515d952fbe33255
[negroni] Started GET /queue/5d495519454700842515d952fbe33255
[negroni] Completed 200 OK in 59.506µs
[sshexec] ERROR 2017/04/26 12:50:03 /src/github.com/heketi/heketi/pkg/utils/ssh/ssh.go:173: Failed to run command [/bin/bash -c 'pvcreate --metadatasize=128M --dataalignment=256K /dev/sdb'] on 192.168.48.14:22: Err[Process exited with: 5. Reason was:  ()]: Stdout []: Stderr [  Device /dev/sdb not found (or ignored by filtering).
]
[asynchttp] INFO 2017/04/26 12:50:03 Completed job 5d495519454700842515d952fbe33255 in 495.741665ms
[negroni] Started GET /queue/5d495519454700842515d952fbe33255
[negroni] Completed 500 Internal Server Error in 464.479µs
[negroni] Started DELETE /volumes/f6c712b7af6189c6866fcb78019e4bc0
[negroni] Completed 202 Accepted in 13.329161ms
[asynchttp] INFO 2017/04/26 12:56:10 Started job 2daca1ce1365c97dbe1f99676b152d6b
[heketi] INFO 2017/04/26 12:56:10 Destroying volume f6c712b7af6189c6866fcb78019e4bc0
[negroni] Started GET /queue/2daca1ce1365c97dbe1f99676b152d6b
[negroni] Completed 200 OK in 114.274µs
[sshexec] DEBUG 2017/04/26 12:56:10 /src/github.com/heketi/heketi/pkg/utils/ssh/ssh.go:176: Host: 192.168.16.223:22 Command: /bin/bash -c 'gluster --mode=script snapshot list vol_f6c712b7af6189c6866fcb78019e4bc0 --xml'
Result: <?xml version="1.0" encoding="UTF-8" standalone="yes"?>
<cliOutput>
  <opRet>0</opRet>
  <opErrno>0</opErrno>
  <opErrstr/>
  <snapList>
    <count>0</count>
  </snapList>
</cliOutput>
[sshexec] DEBUG 2017/04/26 12:56:11 /src/github.com/heketi/heketi/pkg/utils/ssh/ssh.go:176: Host: 192.168.16.223:22 Command: /bin/bash -c 'lvs --options=lv_name,thin_count --separator=:'
Result:   LV:#Thins
  brick_0d2e67e65fb65bea1fc8c450efa25ec6:
  brick_19355fd6a0ea835a17ed851896be1e61:
  brick_2116f175536ab265e2a0ab9f20e7f654:
  brick_26ab353e8f13af15acccb7cb13ce1d3c:
  brick_275bd98f59801ea3c5a2c03f05c8ff88:
  brick_45fd525394685ab2ad64105c8919264d:
  brick_52854596983e5db7a115d9f4b6c97bbb:
  brick_5551173d44be10a97ad022fa10b19884:
  brick_6ac1a75eb9845a5120c3f439cdf3311f:
  brick_901a51a4286b9ad5eb6cfd9abe776cb6:
  brick_b3cf92c08d7fed879c79d25796fda1dc:
  brick_b55614211ef56e746b2f33253436e9c9:
  brick_b6a0ea6f552df97aa0c3e9517511d3e6:
  brick_e0ba34aadc2ebc2dd81f353b895f1249:
  brick_ecac370b2a65840be18318cb5b239767:
  tp_0d2e67e65fb65bea1fc8c450efa25ec6:1
  tp_19355fd6a0ea835a17ed851896be1e61:1
  tp_2116f175536ab265e2a0ab9f20e7f654:1
  tp_26ab353e8f13af15acccb7cb13ce1d3c:1
  tp_275bd98f59801ea3c5a2c03f05c8ff88:1
  tp_45fd525394685ab2ad64105c8919264d:1
  tp_52854596983e5db7a115d9f4b6c97bbb:1
  tp_5551173d44be10a97ad022fa10b19884:1
  tp_6ac1a75eb9845a5120c3f439cdf3311f:1
  tp_901a51a4286b9ad5eb6cfd9abe776cb6:1
  tp_b3cf92c08d7fed879c79d25796fda1dc:1
  tp_b55614211ef56e746b2f33253436e9c9:1
  tp_b6a0ea6f552df97aa0c3e9517511d3e6:1
  tp_e0ba34aadc2ebc2dd81f353b895f1249:1
  tp_ecac370b2a65840be18318cb5b239767:1
[sshexec] DEBUG 2017/04/26 12:56:11 /src/github.com/heketi/heketi/pkg/utils/ssh/ssh.go:176: Host: 192.168.16.207:22 Command: /bin/bash -c 'lvs --options=lv_name,thin_count --separator=:'
Result:   LV:#Thins
  brick_005cc16fa589ca122394005adacacf74:
  brick_131e46c75dad5a1279d02b16c488c464:
  brick_4658396641723ee9320866aadae8f327:
  brick_4a38e2f3995a4c17edf85fd951fc1503:
  brick_4dd359f32f5ffa77b2292d84bc9f1e33:
  brick_54072be7c2e5a282811a68938d8d33ec:
  brick_72db62a2a9c5fe7c76010a3458ed9a44:
  brick_82df08a6eb70961b6237c34c557ec128:
  brick_936fbc52c16892dc8705b96b33a43cdd:
  brick_96f7d01e5b22f5553c4b5f10ca6fbd8d:
  brick_9b99169684ba95b6e0abe8b985b9bef5:
  brick_a3885a822bd8466117ab795ac8575728:
  brick_cb36e68fb1b1d4b2f7391148b623039a:
  brick_ee2604dee4ab3575f417c8a5691c4608:
  brick_f09d98d4f53234e3266284e1bb172ae9:
  tp_005cc16fa589ca122394005adacacf74:1
  tp_131e46c75dad5a1279d02b16c488c464:1
  tp_4658396641723ee9320866aadae8f327:1
  tp_4a38e2f3995a4c17edf85fd951fc1503:1
  tp_4dd359f32f5ffa77b2292d84bc9f1e33:1
  tp_54072be7c2e5a282811a68938d8d33ec:1
  tp_72db62a2a9c5fe7c76010a3458ed9a44:1
  tp_82df08a6eb70961b6237c34c557ec128:1
  tp_936fbc52c16892dc8705b96b33a43cdd:1
  tp_96f7d01e5b22f5553c4b5f10ca6fbd8d:1
  tp_9b99169684ba95b6e0abe8b985b9bef5:1
  tp_a3885a822bd8466117ab795ac8575728:1
  tp_cb36e68fb1b1d4b2f7391148b623039a:1
  tp_ee2604dee4ab3575f417c8a5691c4608:1
  tp_f09d98d4f53234e3266284e1bb172ae9:1
[sshexec] DEBUG 2017/04/26 12:56:11 /src/github.com/heketi/heketi/pkg/utils/ssh/ssh.go:176: Host: 192.168.16.191:22 Command: /bin/bash -c 'lvs --options=lv_name,thin_count --separator=:'
Result:   LV:#Thins
  brick_019da9b3917a6013003eaa5a7d298f6e:
  brick_033153666c22dbfa2e8110e20cb763e3:
  brick_2682d5f91edffb21a5f3082b1027df33:
  brick_37d88a9203209129e615ded0ed284487:
  brick_4531a972b899a1b6ac8c3b9697f18a49:
  brick_4c572bb541e8fefed93cd123c34dd955:
  brick_5bb8dd846e3f0f11644d7926cbb5eef8:
  brick_80943e8d4e31708343859c77c0430ab3:
  brick_b536d95b85014ba6edaf0b026739be4a:
  brick_c6890d3eb7fc7ddbf83f7a841756a8bd:
  brick_d27e1055453828d3c9f8801ed9bfc895:
  brick_d96922d89c0691b01e3e8b27a6942610:
  brick_e1fa33aa8b37032b89121c1db97e7f52:
  brick_e9421e2314460da417e0c864e51ad867:
  brick_f20eb06d02cfca2e603c8f8d6f4d8c05:
  tp_019da9b3917a6013003eaa5a7d298f6e:1
  tp_033153666c22dbfa2e8110e20cb763e3:1
  tp_2682d5f91edffb21a5f3082b1027df33:1
  tp_37d88a9203209129e615ded0ed284487:1
  tp_4531a972b899a1b6ac8c3b9697f18a49:1
  tp_4c572bb541e8fefed93cd123c34dd955:1
  tp_5bb8dd846e3f0f11644d7926cbb5eef8:1
  tp_80943e8d4e31708343859c77c0430ab3:1
  tp_b536d95b85014ba6edaf0b026739be4a:1
  tp_c6890d3eb7fc7ddbf83f7a841756a8bd:1
  tp_d27e1055453828d3c9f8801ed9bfc895:1
  tp_d96922d89c0691b01e3e8b27a6942610:1
  tp_e1fa33aa8b37032b89121c1db97e7f52:1
  tp_e9421e2314460da417e0c864e51ad867:1
  tp_f20eb06d02cfca2e603c8f8d6f4d8c05:1
[negroni] Started GET /queue/2daca1ce1365c97dbe1f99676b152d6b
[negroni] Completed 200 OK in 87.659µs
[negroni] Started GET /queue/2daca1ce1365c97dbe1f99676b152d6b
[negroni] Completed 200 OK in 128.522µs
[negroni] Started GET /queue/2daca1ce1365c97dbe1f99676b152d6b
[negroni] Completed 200 OK in 84.817µs
[negroni] Started GET /queue/2daca1ce1365c97dbe1f99676b152d6b
[negroni] Completed 200 OK in 111.917µs
[negroni] Started GET /queue/2daca1ce1365c97dbe1f99676b152d6b
[negroni] Completed 200 OK in 78.216µs
[negroni] Started GET /queue/2daca1ce1365c97dbe1f99676b152d6b
[negroni] Completed 200 OK in 101.693µs
[sshexec] DEBUG 2017/04/26 12:56:16 /src/github.com/heketi/heketi/pkg/utils/ssh/ssh.go:176: Host: 192.168.16.223:22 Command: /bin/bash -c 'gluster --mode=script volume stop vol_f6c712b7af6189c6866fcb78019e4bc0 force'
Result: volume stop: vol_f6c712b7af6189c6866fcb78019e4bc0: success
[negroni] Started GET /queue/2daca1ce1365c97dbe1f99676b152d6b
[negroni] Completed 200 OK in 60.206µs
[sshexec] DEBUG 2017/04/26 12:56:17 /src/github.com/heketi/heketi/pkg/utils/ssh/ssh.go:176: Host: 192.168.16.223:22 Command: /bin/bash -c 'gluster --mode=script volume delete vol_f6c712b7af6189c6866fcb78019e4bc0'
Result: volume delete: vol_f6c712b7af6189c6866fcb78019e4bc0: success
[heketi] INFO 2017/04/26 12:56:17 Deleting brick 4dd359f32f5ffa77b2292d84bc9f1e33
[heketi] INFO 2017/04/26 12:56:17 Deleting brick e1fa33aa8b37032b89121c1db97e7f52
[heketi] INFO 2017/04/26 12:56:17 Deleting brick 45fd525394685ab2ad64105c8919264d
[sshexec] DEBUG 2017/04/26 12:56:17 /src/github.com/heketi/heketi/pkg/utils/ssh/ssh.go:176: Host: 192.168.16.191:22 Command: /bin/bash -c 'umount /var/lib/heketi/mounts/vg_81fc545c570374e5c3d2916118edb176/brick_e1fa33aa8b37032b89121c1db97e7f52'
Result: 
[sshexec] DEBUG 2017/04/26 12:56:17 /src/github.com/heketi/heketi/pkg/utils/ssh/ssh.go:176: Host: 192.168.16.223:22 Command: /bin/bash -c 'umount /var/lib/heketi/mounts/vg_08e438478aca6569095d4caebde2975a/brick_45fd525394685ab2ad64105c8919264d'
Result: 
[sshexec] DEBUG 2017/04/26 12:56:17 /src/github.com/heketi/heketi/pkg/utils/ssh/ssh.go:176: Host: 192.168.16.207:22 Command: /bin/bash -c 'umount /var/lib/heketi/mounts/vg_46b2685901f56d6fe0cc85bf3d37bf75/brick_4dd359f32f5ffa77b2292d84bc9f1e33'
Result: 
[negroni] Started GET /queue/2daca1ce1365c97dbe1f99676b152d6b
[negroni] Completed 200 OK in 326.673µs
[sshexec] DEBUG 2017/04/26 12:56:18 /src/github.com/heketi/heketi/pkg/utils/ssh/ssh.go:176: Host: 192.168.16.191:22 Command: /bin/bash -c 'lvremove -f vg_81fc545c570374e5c3d2916118edb176/tp_e1fa33aa8b37032b89121c1db97e7f52'
Result:   Logical volume "brick_e1fa33aa8b37032b89121c1db97e7f52" successfully removed
  Logical volume "tp_e1fa33aa8b37032b89121c1db97e7f52" successfully removed
[sshexec] DEBUG 2017/04/26 12:56:18 /src/github.com/heketi/heketi/pkg/utils/ssh/ssh.go:176: Host: 192.168.16.207:22 Command: /bin/bash -c 'lvremove -f vg_46b2685901f56d6fe0cc85bf3d37bf75/tp_4dd359f32f5ffa77b2292d84bc9f1e33'
Result:   Logical volume "brick_4dd359f32f5ffa77b2292d84bc9f1e33" successfully removed
  Logical volume "tp_4dd359f32f5ffa77b2292d84bc9f1e33" successfully removed
[sshexec] DEBUG 2017/04/26 12:56:18 /src/github.com/heketi/heketi/pkg/utils/ssh/ssh.go:176: Host: 192.168.16.191:22 Command: /bin/bash -c 'rmdir /var/lib/heketi/mounts/vg_81fc545c570374e5c3d2916118edb176/brick_e1fa33aa8b37032b89121c1db97e7f52'
Result: 
[sshexec] DEBUG 2017/04/26 12:56:18 /src/github.com/heketi/heketi/pkg/utils/ssh/ssh.go:176: Host: 192.168.16.223:22 Command: /bin/bash -c 'lvremove -f vg_08e438478aca6569095d4caebde2975a/tp_45fd525394685ab2ad64105c8919264d'
Result:   Logical volume "brick_45fd525394685ab2ad64105c8919264d" successfully removed
  Logical volume "tp_45fd525394685ab2ad64105c8919264d" successfully removed
[sshexec] DEBUG 2017/04/26 12:56:18 /src/github.com/heketi/heketi/pkg/utils/ssh/ssh.go:176: Host: 192.168.16.207:22 Command: /bin/bash -c 'rmdir /var/lib/heketi/mounts/vg_46b2685901f56d6fe0cc85bf3d37bf75/brick_4dd359f32f5ffa77b2292d84bc9f1e33'
Result: 
[sshexec] DEBUG 2017/04/26 12:56:19 /src/github.com/heketi/heketi/pkg/utils/ssh/ssh.go:176: Host: 192.168.16.191:22 Command: /bin/bash -c 'sed -i.save "/brick_e1fa33aa8b37032b89121c1db97e7f52/d" /etc/fstab'
Result: 
[sshexec] DEBUG 2017/04/26 12:56:19 /src/github.com/heketi/heketi/pkg/utils/ssh/ssh.go:176: Host: 192.168.16.223:22 Command: /bin/bash -c 'rmdir /var/lib/heketi/mounts/vg_08e438478aca6569095d4caebde2975a/brick_45fd525394685ab2ad64105c8919264d'
Result: 
[sshexec] DEBUG 2017/04/26 12:56:19 /src/github.com/heketi/heketi/pkg/utils/ssh/ssh.go:176: Host: 192.168.16.207:22 Command: /bin/bash -c 'sed -i.save "/brick_4dd359f32f5ffa77b2292d84bc9f1e33/d" /etc/fstab'
Result: 
[negroni] Started GET /queue/2daca1ce1365c97dbe1f99676b152d6b
[negroni] Completed 200 OK in 106.901µs
[sshexec] DEBUG 2017/04/26 12:56:19 /src/github.com/heketi/heketi/pkg/utils/ssh/ssh.go:176: Host: 192.168.16.223:22 Command: /bin/bash -c 'sed -i.save "/brick_45fd525394685ab2ad64105c8919264d/d" /etc/fstab'
Result: 
[heketi] INFO 2017/04/26 12:56:19 Deleted volume [f6c712b7af6189c6866fcb78019e4bc0]
[asynchttp] INFO 2017/04/26 12:56:19 Completed job 2daca1ce1365c97dbe1f99676b152d6b in 9.384168477s
[negroni] Started GET /queue/2daca1ce1365c97dbe1f99676b152d6b
[negroni] Completed 204 No Content in 81.836µs
[negroni] Started GET /clusters
[negroni] Completed 200 OK in 15.155428ms
[negroni] Started GET /clusters/326dd6982b86a0d02142399a9b9a14a8
[negroni] Completed 200 OK in 708.189µs
[negroni] Started GET /clusters/30a89c273f37410c01b7522ed1501464
[negroni] Completed 200 OK in 1.615825ms
[negroni] Started GET /clusters/30a89c273f37410c01b7522ed1501464
[negroni] Completed 200 OK in 1.831169ms
[negroni] Started GET /clusters/30a89c273f37410c01b7522ed1501464
[negroni] Completed 200 OK in 4.222851ms
[negroni] Started GET /nodes/5519e73611bc3ce1e51d900603d2b923
[negroni] Completed 200 OK in 7.098593ms
[negroni] Started DELETE /devices/667e4abddde7411e00c26635f442fb99
[heketi] INFO 2017/04/26 14:44:48 Deleting device 667e4abddde7411e00c26635f442fb99 on node 5519e73611bc3ce1e51d900603d2b923
[negroni] Completed 202 Accepted in 3.059434ms
[asynchttp] INFO 2017/04/26 14:44:48 Started job 054e4f465bc14430c48fbbf7357a939a
[negroni] Started DELETE /nodes/5519e73611bc3ce1e51d900603d2b923
[heketi] ERROR 2017/04/26 14:44:48 /src/github.com/heketi/heketi/apps/glusterfs/app_node.go:224: Unable to delete node [5519e73611bc3ce1e51d900603d2b923] because it contains devices
[negroni] Completed 409 Conflict in 3.051865ms
[negroni] Started GET /nodes/7d21df936165245659188e98a0f03228
[negroni] Completed 200 OK in 835.38µs
[negroni] Started DELETE /nodes/7d21df936165245659188e98a0f03228
[heketi] INFO 2017/04/26 14:44:48 Deleting node 192.168.48.14 [7d21df936165245659188e98a0f03228]
[negroni] Completed 202 Accepted in 1.071633ms
[asynchttp] INFO 2017/04/26 14:44:48 Started job 0dd8d0adb31fb29b44038ec1a64a41f8
[sshexec] INFO 2017/04/26 14:44:48 Detaching node 192.168.48.14
[negroni] Started DELETE /clusters/30a89c273f37410c01b7522ed1501464
[heketi] WARNING 2017/04/26 14:44:48 Unable to delete cluster [30a89c273f37410c01b7522ed1501464] because it contains volumes and/or nodes
[negroni] Completed 409 Conflict in 10.145852ms
[sshexec] DEBUG 2017/04/26 14:44:48 /src/github.com/heketi/heketi/pkg/utils/ssh/ssh.go:176: Host: 192.168.48.13:22 Command: /bin/bash -c 'vgremove vg_667e4abddde7411e00c26635f442fb99'
Result:   Volume group "vg_667e4abddde7411e00c26635f442fb99" successfully removed
[sshexec] DEBUG 2017/04/26 14:44:48 /src/github.com/heketi/heketi/pkg/utils/ssh/ssh.go:176: Host: 192.168.48.13:22 Command: /bin/bash -c 'pvremove /dev/sdb'
Result:   Labels on physical volume "/dev/sdb" successfully wiped
[sshexec] ERROR 2017/04/26 14:44:49 /src/github.com/heketi/heketi/pkg/utils/ssh/ssh.go:173: Failed to run command [/bin/bash -c 'gluster peer detach 192.168.48.14'] on 192.168.48.13:22: Err[Process exited with: 1. Reason was:  ()]: Stdout []: Stderr [peer detach: failed: 192.168.48.14 is not part of cluster
]
[sshexec] ERROR 2017/04/26 14:44:49 /src/github.com/heketi/heketi/executors/sshexec/peer.go:60: peer detach: failed: 192.168.48.14 is not part of cluster
[heketi] INFO 2017/04/26 14:44:49 Deleted node [7d21df936165245659188e98a0f03228]
[asynchttp] INFO 2017/04/26 14:44:49 Completed job 0dd8d0adb31fb29b44038ec1a64a41f8 in 643.430232ms
[sshexec] ERROR 2017/04/26 14:44:49 /src/github.com/heketi/heketi/pkg/utils/ssh/ssh.go:173: Failed to run command [/bin/bash -c 'ls /var/lib/heketi/mounts/vg_667e4abddde7411e00c26635f442fb99'] on 192.168.48.13:22: Err[Process exited with: 2. Reason was:  ()]: Stdout []: Stderr [ls: cannot access '/var/lib/heketi/mounts/vg_667e4abddde7411e00c26635f442fb99': No such file or directory
]
[heketi] INFO 2017/04/26 14:44:49 Deleted node [667e4abddde7411e00c26635f442fb99]
[asynchttp] INFO 2017/04/26 14:44:49 Completed job 054e4f465bc14430c48fbbf7357a939a in 857.239606ms
[negroni] Started GET /clusters/30a89c273f37410c01b7522ed1501464
[negroni] Completed 200 OK in 7.468568ms
[negroni] Started GET /nodes/5519e73611bc3ce1e51d900603d2b923
[negroni] Completed 200 OK in 761.456µs
[negroni] Started DELETE /nodes/5519e73611bc3ce1e51d900603d2b923
[heketi] INFO 2017/04/26 14:44:50 Deleting node 192.168.48.13 [5519e73611bc3ce1e51d900603d2b923]
[negroni] Completed 202 Accepted in 642.231µs
[asynchttp] INFO 2017/04/26 14:44:50 Started job 6890b395a881904f72f677852d5b9d35
[negroni] Started DELETE /clusters/30a89c273f37410c01b7522ed1501464
[heketi] INFO 2017/04/26 14:44:50 Deleted node [5519e73611bc3ce1e51d900603d2b923]
[asynchttp] INFO 2017/04/26 14:44:50 Completed job 6890b395a881904f72f677852d5b9d35 in 8.296802ms
[heketi] INFO 2017/04/26 14:44:50 Deleted cluster [30a89c273f37410c01b7522ed1501464]
[negroni] Completed 200 OK in 14.575166ms
[negroni] Started GET /clusters/
[negroni] Completed 301 Moved Permanently in 114.177µs
[negroni] Started GET /clusters
[negroni] Completed 200 OK in 11.542477ms
[negroni] Started POST /clusters
[negroni] Completed 201 Created in 9.094543ms
[negroni] Started POST /nodes
[heketi] INFO 2017/04/26 14:48:15 Adding node 192.168.48.11
[negroni] Completed 202 Accepted in 16.258143ms
[asynchttp] INFO 2017/04/26 14:48:15 Started job 1aa71dcf577b1b279735dc06f0266a75
[negroni] Started GET /queue/1aa71dcf577b1b279735dc06f0266a75
[negroni] Completed 200 OK in 1.108453ms
[heketi] INFO 2017/04/26 14:48:15 Added node cc7e43f8a6afec330fa27ebb792241cc
[asynchttp] INFO 2017/04/26 14:48:15 Completed job 1aa71dcf577b1b279735dc06f0266a75 in 21.881089ms
[negroni] Started GET /queue/1aa71dcf577b1b279735dc06f0266a75
[negroni] Completed 303 See Other in 196.281µs
[negroni] Started GET /nodes/cc7e43f8a6afec330fa27ebb792241cc
[negroni] Completed 200 OK in 8.837828ms
[negroni] Started POST /devices
[heketi] INFO 2017/04/26 14:48:15 Adding device /dev/sdb to node cc7e43f8a6afec330fa27ebb792241cc
[negroni] Completed 202 Accepted in 10.303517ms
[asynchttp] INFO 2017/04/26 14:48:15 Started job 11548efdd06cb83c84555ab2e6ee4dcd
[negroni] Started GET /queue/11548efdd06cb83c84555ab2e6ee4dcd
[negroni] Completed 200 OK in 43.662µs
[sshexec] ERROR 2017/04/26 14:48:16 /src/github.com/heketi/heketi/pkg/utils/ssh/ssh.go:173: Failed to run command [/bin/bash -c 'pvcreate --metadatasize=128M --dataalignment=256K /dev/sdb'] on 192.168.48.11:22: Err[Process exited with: 5. Reason was:  ()]: Stdout []: Stderr [  Can't open /dev/sdb exclusively.  Mounted filesystem?
]
[asynchttp] INFO 2017/04/26 14:48:16 Completed job 11548efdd06cb83c84555ab2e6ee4dcd in 637.204706ms
[negroni] Started GET /queue/11548efdd06cb83c84555ab2e6ee4dcd
[negroni] Completed 500 Internal Server Error in 72.977µs
[negroni] Started GET /clusters/95c98fa5ef2915e7bb7ea4a4782632ba
[negroni] Completed 200 OK in 14.175579ms
[negroni] Started GET /nodes/cc7e43f8a6afec330fa27ebb792241cc
[negroni] Completed 200 OK in 1.915742ms
[negroni] Started DELETE /nodes/cc7e43f8a6afec330fa27ebb792241cc
[heketi] INFO 2017/04/26 14:52:27 Deleting node 192.168.48.11 [cc7e43f8a6afec330fa27ebb792241cc]
[negroni] Completed 202 Accepted in 868.543µs
[asynchttp] INFO 2017/04/26 14:52:27 Started job 0588f9c5909f298351fdb6c6a888938a
[negroni] Started DELETE /clusters/95c98fa5ef2915e7bb7ea4a4782632ba
[heketi] INFO 2017/04/26 14:52:27 Deleted node [cc7e43f8a6afec330fa27ebb792241cc]
[asynchttp] INFO 2017/04/26 14:52:27 Completed job 0588f9c5909f298351fdb6c6a888938a in 9.383598ms
[heketi] INFO 2017/04/26 14:52:27 Deleted cluster [95c98fa5ef2915e7bb7ea4a4782632ba]
[negroni] Completed 200 OK in 15.13274ms
[heketi] ERROR 2017/04/26 14:52:27 /src/github.com/heketi/heketi/apps/glusterfs/allocator_simple.go:142: Unknown cluster id requested: 95c98fa5ef2915e7bb7ea4a4782632ba
[negroni] Started GET /clusters/95c98fa5ef2915e7bb7ea4a4782632ba
[negroni] Completed 404 Not Found in 8.812199ms
[negroni] Started POST /clusters
[negroni] Completed 201 Created in 11.418212ms
[negroni] Started POST /nodes
[heketi] INFO 2017/04/26 14:52:58 Adding node 192.168.48.14
[negroni] Completed 202 Accepted in 22.889824ms
[asynchttp] INFO 2017/04/26 14:52:58 Started job 7aaffa5bcf130b882f95841ba76b82f2
[negroni] Started GET /queue/7aaffa5bcf130b882f95841ba76b82f2
[negroni] Completed 200 OK in 90.969µs
[heketi] INFO 2017/04/26 14:52:58 Added node 919d7b71272e5a0ea86c2afc53878fb9
[asynchttp] INFO 2017/04/26 14:52:58 Completed job 7aaffa5bcf130b882f95841ba76b82f2 in 13.119219ms
[negroni] Started GET /queue/7aaffa5bcf130b882f95841ba76b82f2
[negroni] Completed 303 See Other in 153.682µs
[negroni] Started GET /nodes/919d7b71272e5a0ea86c2afc53878fb9
[negroni] Completed 200 OK in 6.804938ms
[negroni] Started POST /devices
[heketi] INFO 2017/04/26 14:52:59 Adding device /dev/sdb1 to node 919d7b71272e5a0ea86c2afc53878fb9
[negroni] Completed 202 Accepted in 7.855301ms
[asynchttp] INFO 2017/04/26 14:52:59 Started job 9eb5cae9d7776e52c054df020298a483
[negroni] Started GET /queue/9eb5cae9d7776e52c054df020298a483
[negroni] Completed 200 OK in 56.283µs
[sshexec] ERROR 2017/04/26 14:52:59 /src/github.com/heketi/heketi/pkg/utils/ssh/ssh.go:173: Failed to run command [/bin/bash -c 'pvcreate --metadatasize=128M --dataalignment=256K /dev/sdb1'] on 192.168.48.14:22: Err[Process exited with: 5. Reason was:  ()]: Stdout []: Stderr [  Can't open /dev/sdb1 exclusively.  Mounted filesystem?
]
[asynchttp] INFO 2017/04/26 14:52:59 Completed job 9eb5cae9d7776e52c054df020298a483 in 257.365941ms
[negroni] Started GET /queue/9eb5cae9d7776e52c054df020298a483
[negroni] Completed 500 Internal Server Error in 335.748µs
[negroni] Started GET /clusters/95c98fa5ef2915e7bb7ea4a4782632ba
[negroni] Completed 404 Not Found in 14.4363ms
[negroni] Started GET /clusters/95c98fa5ef2915e7bb7ea4a4782632ba
[negroni] Completed 404 Not Found in 787.327µs
[negroni] Started GET /clusters/95c98fa5ef2915e7bb7ea4a4782632ba
[negroni] Completed 404 Not Found in 682.894µs
[negroni] Started GET /clusters/95c98fa5ef2915e7bb7ea4a4782632ba
[negroni] Completed 404 Not Found in 666.425µs
[negroni] Started GET /clusters/a
[negroni] Completed 404 Not Found in 791.454µs
[negroni] Started GET /clusters/a
[negroni] Completed 404 Not Found in 596.632µs
[negroni] Started GET /clusters
[negroni] Completed 200 OK in 846.074µs
[negroni] Started GET /clusters/009296701cc9aba543cd7ac7ba89294e
[negroni] Completed 200 OK in 1.205997ms
[negroni] Started GET /clusters/009296701cc9aba543cd7ac7ba89294e
[negroni] Completed 200 OK in 858.34µs
[negroni] Started GET /nodes/919d7b71272e5a0ea86c2afc53878fb9
[negroni] Completed 200 OK in 4.7173ms
[negroni] Started DELETE /nodes/919d7b71272e5a0ea86c2afc53878fb9
[heketi] INFO 2017/04/26 15:09:52 Deleting node 192.168.48.14 [919d7b71272e5a0ea86c2afc53878fb9]
[negroni] Completed 202 Accepted in 823.076µs
[asynchttp] INFO 2017/04/26 15:09:52 Started job 0cb180243819494846421c8b10662808
[negroni] Started DELETE /clusters/009296701cc9aba543cd7ac7ba89294e
[heketi] INFO 2017/04/26 15:09:52 Deleted node [919d7b71272e5a0ea86c2afc53878fb9]
[asynchttp] INFO 2017/04/26 15:09:52 Completed job 0cb180243819494846421c8b10662808 in 9.356542ms
[heketi] ERROR 2017/04/26 15:09:52 /src/github.com/heketi/heketi/apps/glusterfs/allocator_simple.go:142: Unknown cluster id requested: 009296701cc9aba543cd7ac7ba89294e
[heketi] INFO 2017/04/26 15:09:52 Deleted cluster [009296701cc9aba543cd7ac7ba89294e]
[negroni] Completed 200 OK in 18.830513ms
[negroni] Started POST /clusters
[negroni] Completed 201 Created in 15.43183ms
[negroni] Started POST /nodes
[heketi] INFO 2017/04/26 15:11:00 Adding node 192.168.48.14
[negroni] Completed 202 Accepted in 15.698676ms
[asynchttp] INFO 2017/04/26 15:11:00 Started job 4e10a8e18b5bf405184a8f7e8b36e9a0
[negroni] Started GET /queue/4e10a8e18b5bf405184a8f7e8b36e9a0
[negroni] Completed 200 OK in 152.275µs
[heketi] INFO 2017/04/26 15:11:00 Added node b94a7cfe036d6c3703c82abc6c080541
[asynchttp] INFO 2017/04/26 15:11:00 Completed job 4e10a8e18b5bf405184a8f7e8b36e9a0 in 12.596927ms
[negroni] Started GET /queue/4e10a8e18b5bf405184a8f7e8b36e9a0
[negroni] Completed 303 See Other in 145.856µs
[negroni] Started GET /nodes/b94a7cfe036d6c3703c82abc6c080541
[negroni] Completed 200 OK in 7.662889ms
[negroni] Started POST /devices
[heketi] INFO 2017/04/26 15:11:01 Adding device /dev/sdb1 to node b94a7cfe036d6c3703c82abc6c080541
[negroni] Completed 202 Accepted in 7.695971ms
[asynchttp] INFO 2017/04/26 15:11:01 Started job 10c34fb5881a098aa66b370389d0ead1
[negroni] Started GET /queue/10c34fb5881a098aa66b370389d0ead1
[negroni] Completed 200 OK in 49.617µs
[sshexec] ERROR 2017/04/26 15:11:01 /src/github.com/heketi/heketi/pkg/utils/ssh/ssh.go:173: Failed to run command [/bin/bash -c 'pvcreate --metadatasize=128M --dataalignment=256K /dev/sdb1'] on 192.168.48.14:22: Err[Process exited with: 5. Reason was:  ()]: Stdout []: Stderr [  Device /dev/sdb1 not found (or ignored by filtering).
]
[asynchttp] INFO 2017/04/26 15:11:01 Completed job 10c34fb5881a098aa66b370389d0ead1 in 225.223287ms
[negroni] Started GET /queue/10c34fb5881a098aa66b370389d0ead1
[negroni] Completed 500 Internal Server Error in 149.886µs
[negroni] Started GET /clusters
[negroni] Completed 200 OK in 16.754125ms
[negroni] Started GET /clusters/a94e1c16b88bafb77e53ac89055b2f82
[negroni] Completed 200 OK in 951.266µs
[negroni] Started GET /nodes/b94a7cfe036d6c3703c82abc6c080541
[negroni] Completed 200 OK in 3.657971ms
[negroni] Started DELETE /nodes/b94a7cfe036d6c3703c82abc6c080541
[heketi] INFO 2017/04/26 15:11:29 Deleting node 192.168.48.14 [b94a7cfe036d6c3703c82abc6c080541]
[negroni] Completed 202 Accepted in 1.13489ms
[asynchttp] INFO 2017/04/26 15:11:29 Started job 437b9b38fc3989c8ddd1abd37bab7c25
[negroni] Started DELETE /clusters/a94e1c16b88bafb77e53ac89055b2f82
[heketi] INFO 2017/04/26 15:11:29 Deleted node [b94a7cfe036d6c3703c82abc6c080541]
[asynchttp] INFO 2017/04/26 15:11:29 Completed job 437b9b38fc3989c8ddd1abd37bab7c25 in 7.956229ms
[heketi] INFO 2017/04/26 15:11:29 Deleted cluster [a94e1c16b88bafb77e53ac89055b2f82]
[negroni] Completed 200 OK in 15.9601ms
[heketi] ERROR 2017/04/26 15:11:29 /src/github.com/heketi/heketi/apps/glusterfs/allocator_simple.go:142: Unknown cluster id requested: a94e1c16b88bafb77e53ac89055b2f82
[negroni] Started POST /clusters
[negroni] Completed 201 Created in 15.892165ms
[negroni] Started POST /nodes
[heketi] INFO 2017/04/26 15:12:04 Adding node 192.168.48.14
[negroni] Completed 202 Accepted in 15.953803ms
[asynchttp] INFO 2017/04/26 15:12:04 Started job c6c6d8d57778c27e61846f1ee729724a
[negroni] Started GET /queue/c6c6d8d57778c27e61846f1ee729724a
[negroni] Completed 200 OK in 261.407µs
[heketi] INFO 2017/04/26 15:12:04 Added node a544d72e99db09ae8ce9c13d69cfa86f
[asynchttp] INFO 2017/04/26 15:12:04 Completed job c6c6d8d57778c27e61846f1ee729724a in 14.98708ms
[negroni] Started GET /queue/c6c6d8d57778c27e61846f1ee729724a
[negroni] Completed 303 See Other in 93.345µs
[negroni] Started GET /nodes/a544d72e99db09ae8ce9c13d69cfa86f
[negroni] Completed 200 OK in 10.333917ms
[negroni] Started POST /devices
[heketi] INFO 2017/04/26 15:12:05 Adding device /dev/sdb to node a544d72e99db09ae8ce9c13d69cfa86f
[negroni] Completed 202 Accepted in 10.993211ms
[asynchttp] INFO 2017/04/26 15:12:05 Started job 0438b94a964620ce573d0f382d39eecb
[negroni] Started GET /queue/0438b94a964620ce573d0f382d39eecb
[negroni] Completed 200 OK in 44.03µs
[sshexec] ERROR 2017/04/26 15:12:05 /src/github.com/heketi/heketi/pkg/utils/ssh/ssh.go:173: Failed to run command [/bin/bash -c 'pvcreate --metadatasize=128M --dataalignment=256K /dev/sdb'] on 192.168.48.14:22: Err[Process exited with: 5. Reason was:  ()]: Stdout []: Stderr [WARNING: dos signature detected on /dev/sdb at offset 510. Wipe it? [y/n]: n
  Aborted wiping of dos.
  1 existing signature left on the device.
  Aborting pvcreate on /dev/sdb.
]
[asynchttp] INFO 2017/04/26 15:12:05 Completed job 0438b94a964620ce573d0f382d39eecb in 523.881166ms
[negroni] Started GET /queue/0438b94a964620ce573d0f382d39eecb
[negroni] Completed 500 Internal Server Error in 104.535µs
[negroni] Started GET /clusters
[negroni] Completed 200 OK in 13.951341ms
[negroni] Started GET /clusters/b234571abf45cedaf225a36064262fa1
[negroni] Completed 200 OK in 1.810505ms
[negroni] Started GET /nodes/a544d72e99db09ae8ce9c13d69cfa86f
[negroni] Completed 200 OK in 3.306905ms
[negroni] Started DELETE /nodes/a544d72e99db09ae8ce9c13d69cfa86f
[heketi] INFO 2017/04/26 15:14:31 Deleting node 192.168.48.14 [a544d72e99db09ae8ce9c13d69cfa86f]
[negroni] Completed 202 Accepted in 799.319µs
[asynchttp] INFO 2017/04/26 15:14:31 Started job f32efcbd4f9eec7e6969b38c4fa34a83
[negroni] Started DELETE /clusters/b234571abf45cedaf225a36064262fa1
[heketi] INFO 2017/04/26 15:14:31 Deleted node [a544d72e99db09ae8ce9c13d69cfa86f]
[asynchttp] INFO 2017/04/26 15:14:31 Completed job f32efcbd4f9eec7e6969b38c4fa34a83 in 8.639435ms
[heketi] ERROR 2017/04/26 15:14:31 /src/github.com/heketi/heketi/apps/glusterfs/allocator_simple.go:142: Unknown cluster id requested: b234571abf45cedaf225a36064262fa1
[heketi] INFO 2017/04/26 15:14:31 Deleted cluster [b234571abf45cedaf225a36064262fa1]
[negroni] Completed 200 OK in 15.560138ms
[negroni] Started POST /clusters
[negroni] Completed 201 Created in 14.286902ms
[negroni] Started POST /nodes
[heketi] INFO 2017/04/26 15:14:40 Adding node 192.168.48.14
[negroni] Completed 202 Accepted in 17.520045ms
[asynchttp] INFO 2017/04/26 15:14:40 Started job 892c900e738532c205de82b413e458fb
[negroni] Started GET /queue/892c900e738532c205de82b413e458fb
[negroni] Completed 200 OK in 96.736µs
[heketi] INFO 2017/04/26 15:14:40 Added node ba8fd54f9b6a6f65d4923a388ff5a8eb
[asynchttp] INFO 2017/04/26 15:14:40 Completed job 892c900e738532c205de82b413e458fb in 16.564822ms
[negroni] Started GET /queue/892c900e738532c205de82b413e458fb
[negroni] Completed 303 See Other in 89.286µs
[negroni] Started GET /nodes/ba8fd54f9b6a6f65d4923a388ff5a8eb
[negroni] Completed 200 OK in 8.773161ms
[negroni] Started POST /devices
[heketi] INFO 2017/04/26 15:14:40 Adding device /dev/sdb to node ba8fd54f9b6a6f65d4923a388ff5a8eb
[negroni] Completed 202 Accepted in 8.273535ms
[asynchttp] INFO 2017/04/26 15:14:40 Started job aa6418cefacd238de4bf488a9626f828
[negroni] Started GET /queue/aa6418cefacd238de4bf488a9626f828
[negroni] Completed 200 OK in 39.134µs
[sshexec] DEBUG 2017/04/26 15:14:40 /src/github.com/heketi/heketi/pkg/utils/ssh/ssh.go:176: Host: 192.168.48.14:22 Command: /bin/bash -c 'pvcreate --metadatasize=128M --dataalignment=256K /dev/sdb'
Result:   Physical volume "/dev/sdb" successfully created
[sshexec] DEBUG 2017/04/26 15:14:40 /src/github.com/heketi/heketi/pkg/utils/ssh/ssh.go:176: Host: 192.168.48.14:22 Command: /bin/bash -c 'vgcreate vg_5f6e55616336405c6d559009babe7626 /dev/sdb'
Result:   Volume group "vg_5f6e55616336405c6d559009babe7626" successfully created
[sshexec] DEBUG 2017/04/26 15:14:41 /src/github.com/heketi/heketi/pkg/utils/ssh/ssh.go:176: Host: 192.168.48.14:22 Command: /bin/bash -c 'vgdisplay -c vg_5f6e55616336405c6d559009babe7626'
Result:   vg_5f6e55616336405c6d559009babe7626:r/w:772:-1:0:0:0:-1:0:1:1:975450112:4096:238147:0:238147:NespiJ-MEAM-a7x1-r10R-Ubnx-Eo87-1hF8Ko
[sshexec] DEBUG 2017/04/26 15:14:41 /src/github.com/heketi/heketi/executors/sshexec/device.go:137: Size of /dev/sdb in 192.168.48.14 is 975450112
[heketi] INFO 2017/04/26 15:14:41 Added device /dev/sdb
[asynchttp] INFO 2017/04/26 15:14:41 Completed job aa6418cefacd238de4bf488a9626f828 in 586.882318ms
[negroni] Started GET /queue/aa6418cefacd238de4bf488a9626f828
[negroni] Completed 204 No Content in 49.29µs
[negroni] Started POST /nodes
[heketi] INFO 2017/04/26 15:14:41 Adding node 192.168.48.17
[negroni] Completed 202 Accepted in 14.969398ms
[asynchttp] INFO 2017/04/26 15:14:41 Started job 10a719e2713f3eda2743157f94ead013
[sshexec] INFO 2017/04/26 15:14:41 Probing: 192.168.48.14 -> 192.168.48.17
[negroni] Started GET /queue/10a719e2713f3eda2743157f94ead013
[negroni] Completed 200 OK in 77.759µs
[negroni] Started GET /queue/10a719e2713f3eda2743157f94ead013
[negroni] Completed 200 OK in 50.844µs
[sshexec] DEBUG 2017/04/26 15:14:41 /src/github.com/heketi/heketi/pkg/utils/ssh/ssh.go:176: Host: 192.168.48.14:22 Command: /bin/bash -c 'gluster peer probe 192.168.48.17'
Result: peer probe: success. 
[heketi] INFO 2017/04/26 15:14:41 Added node 3004604bc577a8eac64a620040f007df
[asynchttp] INFO 2017/04/26 15:14:41 Completed job 10a719e2713f3eda2743157f94ead013 in 405.504194ms
[negroni] Started GET /queue/10a719e2713f3eda2743157f94ead013
[negroni] Completed 303 See Other in 64.153µs
[negroni] Started GET /nodes/3004604bc577a8eac64a620040f007df
[negroni] Completed 200 OK in 7.264527ms
[negroni] Started POST /devices
[heketi] INFO 2017/04/26 15:14:42 Adding device /dev/sdb to node 3004604bc577a8eac64a620040f007df
[negroni] Completed 202 Accepted in 14.499723ms
[asynchttp] INFO 2017/04/26 15:14:42 Started job 66a957bad8d011537be7e624e791e75e
[negroni] Started GET /queue/66a957bad8d011537be7e624e791e75e
[negroni] Completed 200 OK in 37.748µs
[sshexec] DEBUG 2017/04/26 15:14:42 /src/github.com/heketi/heketi/pkg/utils/ssh/ssh.go:176: Host: 192.168.48.17:22 Command: /bin/bash -c 'pvcreate --metadatasize=128M --dataalignment=256K /dev/sdb'
Result:   Physical volume "/dev/sdb" successfully created
[sshexec] DEBUG 2017/04/26 15:14:42 /src/github.com/heketi/heketi/pkg/utils/ssh/ssh.go:176: Host: 192.168.48.17:22 Command: /bin/bash -c 'vgcreate vg_4a9bc8de67ace3931e84cc134ef23cc1 /dev/sdb'
Result:   Volume group "vg_4a9bc8de67ace3931e84cc134ef23cc1" successfully created
[sshexec] DEBUG 2017/04/26 15:14:42 /src/github.com/heketi/heketi/pkg/utils/ssh/ssh.go:176: Host: 192.168.48.17:22 Command: /bin/bash -c 'vgdisplay -c vg_4a9bc8de67ace3931e84cc134ef23cc1'
Result:   vg_4a9bc8de67ace3931e84cc134ef23cc1:r/w:772:-1:0:0:0:-1:0:1:1:975450112:4096:238147:0:238147:mcbvIJ-Pn1t-0fVa-AMQ5-hPHM-Ps2C-SRGXpv
[sshexec] DEBUG 2017/04/26 15:14:42 /src/github.com/heketi/heketi/executors/sshexec/device.go:137: Size of /dev/sdb in 192.168.48.17 is 975450112
[heketi] INFO 2017/04/26 15:14:42 Added device /dev/sdb
[asynchttp] INFO 2017/04/26 15:14:42 Completed job 66a957bad8d011537be7e624e791e75e in 793.291976ms
[negroni] Started GET /queue/66a957bad8d011537be7e624e791e75e
[negroni] Completed 204 No Content in 53.648µs
[negroni] Started POST /nodes
[heketi] INFO 2017/04/26 15:14:43 Adding node 192.168.48.18
[negroni] Completed 202 Accepted in 13.656636ms
[asynchttp] INFO 2017/04/26 15:14:43 Started job 43d774c1e40f06416f7a8d5f3bc4d7a0
[sshexec] INFO 2017/04/26 15:14:43 Probing: 192.168.48.17 -> 192.168.48.18
[negroni] Started GET /queue/43d774c1e40f06416f7a8d5f3bc4d7a0
[negroni] Completed 200 OK in 69.329µs
[negroni] Started GET /queue/43d774c1e40f06416f7a8d5f3bc4d7a0
[negroni] Completed 200 OK in 53.187µs
[sshexec] ERROR 2017/04/26 15:14:43 /src/github.com/heketi/heketi/pkg/utils/ssh/ssh.go:173: Failed to run command [/bin/bash -c 'gluster peer probe 192.168.48.18'] on 192.168.48.17:22: Err[Process exited with: 1. Reason was:  ()]: Stdout []: Stderr [peer probe: failed: 192.168.48.18 is either already part of another cluster or having volumes configured
]
[asynchttp] INFO 2017/04/26 15:14:43 Completed job 43d774c1e40f06416f7a8d5f3bc4d7a0 in 424.619419ms
[negroni] Started GET /queue/43d774c1e40f06416f7a8d5f3bc4d7a0
[negroni] Completed 500 Internal Server Error in 291.644µs
[negroni] Started GET /clusters
[negroni] Completed 200 OK in 8.736955ms
[negroni] Started GET /clusters/eb514b0c6992abdebb1bfec2cd2ca477
[negroni] Completed 200 OK in 1.504178ms
[negroni] Started GET /nodes/3004604bc577a8eac64a620040f007df
[negroni] Completed 200 OK in 3.665127ms
[negroni] Started DELETE /devices/4a9bc8de67ace3931e84cc134ef23cc1
[heketi] INFO 2017/04/26 15:15:12 Deleting device 4a9bc8de67ace3931e84cc134ef23cc1 on node 3004604bc577a8eac64a620040f007df
[negroni] Completed 202 Accepted in 916.502µs
[asynchttp] INFO 2017/04/26 15:15:12 Started job eab11646677aeb9e30cc1967178c90a9
[heketi] ERROR 2017/04/26 15:15:12 /src/github.com/heketi/heketi/apps/glusterfs/app_node.go:224: Unable to delete node [3004604bc577a8eac64a620040f007df] because it contains devices
[negroni] Started DELETE /nodes/3004604bc577a8eac64a620040f007df
[negroni] Completed 409 Conflict in 837.321µs
[negroni] Started GET /nodes/ba8fd54f9b6a6f65d4923a388ff5a8eb
[negroni] Completed 200 OK in 1.322209ms
[negroni] Started DELETE /devices/5f6e55616336405c6d559009babe7626
[heketi] INFO 2017/04/26 15:15:12 Deleting device 5f6e55616336405c6d559009babe7626 on node ba8fd54f9b6a6f65d4923a388ff5a8eb
[negroni] Completed 202 Accepted in 771.097µs
[asynchttp] INFO 2017/04/26 15:15:12 Started job 1fd4f14c4527853c450c4eaed2698a3e
[negroni] Started DELETE /nodes/ba8fd54f9b6a6f65d4923a388ff5a8eb
[heketi] ERROR 2017/04/26 15:15:12 /src/github.com/heketi/heketi/apps/glusterfs/app_node.go:224: Unable to delete node [ba8fd54f9b6a6f65d4923a388ff5a8eb] because it contains devices
[negroni] Completed 409 Conflict in 1.240416ms
[negroni] Started DELETE /clusters/eb514b0c6992abdebb1bfec2cd2ca477
[heketi] WARNING 2017/04/26 15:15:12 Unable to delete cluster [eb514b0c6992abdebb1bfec2cd2ca477] because it contains volumes and/or nodes
[negroni] Completed 409 Conflict in 780.725µs
[sshexec] DEBUG 2017/04/26 15:15:12 /src/github.com/heketi/heketi/pkg/utils/ssh/ssh.go:176: Host: 192.168.48.14:22 Command: /bin/bash -c 'vgremove vg_5f6e55616336405c6d559009babe7626'
Result:   Volume group "vg_5f6e55616336405c6d559009babe7626" successfully removed
[sshexec] DEBUG 2017/04/26 15:15:12 /src/github.com/heketi/heketi/pkg/utils/ssh/ssh.go:176: Host: 192.168.48.14:22 Command: /bin/bash -c 'pvremove /dev/sdb'
Result:   Labels on physical volume "/dev/sdb" successfully wiped
[sshexec] DEBUG 2017/04/26 15:15:12 /src/github.com/heketi/heketi/pkg/utils/ssh/ssh.go:176: Host: 192.168.48.17:22 Command: /bin/bash -c 'vgremove vg_4a9bc8de67ace3931e84cc134ef23cc1'
Result:   Volume group "vg_4a9bc8de67ace3931e84cc134ef23cc1" successfully removed
[sshexec] DEBUG 2017/04/26 15:15:12 /src/github.com/heketi/heketi/pkg/utils/ssh/ssh.go:176: Host: 192.168.48.17:22 Command: /bin/bash -c 'pvremove /dev/sdb'
Result:   Labels on physical volume "/dev/sdb" successfully wiped
[sshexec] ERROR 2017/04/26 15:15:13 /src/github.com/heketi/heketi/pkg/utils/ssh/ssh.go:173: Failed to run command [/bin/bash -c 'ls /var/lib/heketi/mounts/vg_5f6e55616336405c6d559009babe7626'] on 192.168.48.14:22: Err[Process exited with: 2. Reason was:  ()]: Stdout []: Stderr [ls: cannot access '/var/lib/heketi/mounts/vg_5f6e55616336405c6d559009babe7626': No such file or directory
]
[heketi] INFO 2017/04/26 15:15:13 Deleted node [5f6e55616336405c6d559009babe7626]
[asynchttp] INFO 2017/04/26 15:15:13 Completed job 1fd4f14c4527853c450c4eaed2698a3e in 492.489581ms
[sshexec] ERROR 2017/04/26 15:15:13 /src/github.com/heketi/heketi/pkg/utils/ssh/ssh.go:173: Failed to run command [/bin/bash -c 'ls /var/lib/heketi/mounts/vg_4a9bc8de67ace3931e84cc134ef23cc1'] on 192.168.48.17:22: Err[Process exited with: 2. Reason was:  ()]: Stdout []: Stderr [ls: cannot access '/var/lib/heketi/mounts/vg_4a9bc8de67ace3931e84cc134ef23cc1': No such file or directory
]
[heketi] INFO 2017/04/26 15:15:13 Deleted node [4a9bc8de67ace3931e84cc134ef23cc1]
[asynchttp] INFO 2017/04/26 15:15:13 Completed job eab11646677aeb9e30cc1967178c90a9 in 618.811528ms
[negroni] Started GET /clusters/eb514b0c6992abdebb1bfec2cd2ca477
[negroni] Completed 200 OK in 7.360244ms
[negroni] Started GET /nodes/3004604bc577a8eac64a620040f007df
[negroni] Completed 200 OK in 567.564µs
[negroni] Started DELETE /nodes/3004604bc577a8eac64a620040f007df
[heketi] INFO 2017/04/26 15:15:14 Deleting node 192.168.48.17 [3004604bc577a8eac64a620040f007df]
[negroni] Completed 202 Accepted in 1.039784ms
[asynchttp] INFO 2017/04/26 15:15:14 Started job 7731950b0d944c201810caa0a94a6450
[sshexec] INFO 2017/04/26 15:15:14 Detaching node 192.168.48.17
[negroni] Started GET /nodes/ba8fd54f9b6a6f65d4923a388ff5a8eb
[negroni] Completed 200 OK in 461.349µs
[negroni] Started DELETE /nodes/ba8fd54f9b6a6f65d4923a388ff5a8eb
[heketi] INFO 2017/04/26 15:15:14 Deleting node 192.168.48.14 [ba8fd54f9b6a6f65d4923a388ff5a8eb]
[negroni] Completed 202 Accepted in 1.070831ms
[asynchttp] INFO 2017/04/26 15:15:14 Started job aed470ae6d847a44ec1d468703a833aa
[sshexec] INFO 2017/04/26 15:15:14 Detaching node 192.168.48.14
[negroni] Started DELETE /clusters/eb514b0c6992abdebb1bfec2cd2ca477
[heketi] WARNING 2017/04/26 15:15:14 Unable to delete cluster [eb514b0c6992abdebb1bfec2cd2ca477] because it contains volumes and/or nodes
[negroni] Completed 409 Conflict in 1.168005ms
[sshexec] DEBUG 2017/04/26 15:15:14 /src/github.com/heketi/heketi/pkg/utils/ssh/ssh.go:176: Host: 192.168.48.14:22 Command: /bin/bash -c 'gluster peer detach 192.168.48.17'
Result: peer detach: success
[heketi] INFO 2017/04/26 15:15:14 Deleted node [3004604bc577a8eac64a620040f007df]
[asynchttp] INFO 2017/04/26 15:15:14 Completed job 7731950b0d944c201810caa0a94a6450 in 348.70165ms
[sshexec] ERROR 2017/04/26 15:15:14 /src/github.com/heketi/heketi/pkg/utils/ssh/ssh.go:173: Failed to run command [/bin/bash -c 'gluster peer detach 192.168.48.14'] on 192.168.48.17:22: Err[Process exited with: 1. Reason was:  ()]: Stdout []: Stderr [peer detach: failed: 192.168.48.14 is not part of cluster
]
[sshexec] ERROR 2017/04/26 15:15:14 /src/github.com/heketi/heketi/executors/sshexec/peer.go:60: peer detach: failed: 192.168.48.14 is not part of cluster
[heketi] INFO 2017/04/26 15:15:14 Deleted node [ba8fd54f9b6a6f65d4923a388ff5a8eb]
[asynchttp] INFO 2017/04/26 15:15:14 Completed job aed470ae6d847a44ec1d468703a833aa in 415.343865ms
[negroni] Started GET /clusters/eb514b0c6992abdebb1bfec2cd2ca477
[negroni] Completed 200 OK in 6.928633ms
[negroni] Started DELETE /clusters/eb514b0c6992abdebb1bfec2cd2ca477
[heketi] INFO 2017/04/26 15:15:19 Deleted cluster [eb514b0c6992abdebb1bfec2cd2ca477]
[negroni] Completed 200 OK in 6.561268ms
[negroni] Started GET /clusters
[negroni] Completed 200 OK in 16.763952ms
[negroni] Started POST /clusters
[negroni] Completed 201 Created in 14.943562ms
[negroni] Started POST /nodes
[heketi] INFO 2017/04/26 15:20:12 Adding node 192.168.48.14
[negroni] Completed 202 Accepted in 26.450118ms
[asynchttp] INFO 2017/04/26 15:20:12 Started job 4d57a521c47161cb3a2bf31a9def08a0
[negroni] Started GET /queue/4d57a521c47161cb3a2bf31a9def08a0
[negroni] Completed 200 OK in 1.872569ms
[heketi] INFO 2017/04/26 15:20:12 Added node b578ddef18db0f9ff38aae11267afe7e
[asynchttp] INFO 2017/04/26 15:20:12 Completed job 4d57a521c47161cb3a2bf31a9def08a0 in 12.676775ms
[negroni] Started GET /queue/4d57a521c47161cb3a2bf31a9def08a0
[negroni] Completed 303 See Other in 110.192µs
[negroni] Started GET /nodes/b578ddef18db0f9ff38aae11267afe7e
[negroni] Completed 200 OK in 12.604301ms
[negroni] Started POST /devices
[heketi] INFO 2017/04/26 15:20:12 Adding device /dev/sdb to node b578ddef18db0f9ff38aae11267afe7e
[negroni] Completed 202 Accepted in 7.931268ms
[asynchttp] INFO 2017/04/26 15:20:12 Started job 301842ffa1722332426abc94dfcfc0ba
[negroni] Started GET /queue/301842ffa1722332426abc94dfcfc0ba
[negroni] Completed 200 OK in 39.375µs
[sshexec] DEBUG 2017/04/26 15:20:13 /src/github.com/heketi/heketi/pkg/utils/ssh/ssh.go:176: Host: 192.168.48.14:22 Command: /bin/bash -c 'pvcreate --metadatasize=128M --dataalignment=256K /dev/sdb'
Result:   Physical volume "/dev/sdb" successfully created
[sshexec] DEBUG 2017/04/26 15:20:13 /src/github.com/heketi/heketi/pkg/utils/ssh/ssh.go:176: Host: 192.168.48.14:22 Command: /bin/bash -c 'vgcreate vg_d2d98d94eadc6574b183253113e955d2 /dev/sdb'
Result:   Volume group "vg_d2d98d94eadc6574b183253113e955d2" successfully created
[negroni] Started GET /queue/301842ffa1722332426abc94dfcfc0ba
[negroni] Completed 200 OK in 64.493µs
[sshexec] DEBUG 2017/04/26 15:20:13 /src/github.com/heketi/heketi/pkg/utils/ssh/ssh.go:176: Host: 192.168.48.14:22 Command: /bin/bash -c 'vgdisplay -c vg_d2d98d94eadc6574b183253113e955d2'
Result:   vg_d2d98d94eadc6574b183253113e955d2:r/w:772:-1:0:0:0:-1:0:1:1:975450112:4096:238147:0:238147:CIUcQy-Mm5g-edwk-bTav-fusm-IYVp-2T9Kur
[sshexec] DEBUG 2017/04/26 15:20:13 /src/github.com/heketi/heketi/executors/sshexec/device.go:137: Size of /dev/sdb in 192.168.48.14 is 975450112
[heketi] INFO 2017/04/26 15:20:13 Added device /dev/sdb
[asynchttp] INFO 2017/04/26 15:20:13 Completed job 301842ffa1722332426abc94dfcfc0ba in 1.070935622s
[negroni] Started GET /queue/301842ffa1722332426abc94dfcfc0ba
[negroni] Completed 204 No Content in 132.931µs
[negroni] Started POST /nodes
[heketi] INFO 2017/04/26 15:20:14 Adding node 192.168.48.17
[negroni] Completed 202 Accepted in 13.066234ms
[asynchttp] INFO 2017/04/26 15:20:14 Started job fd00d42191a8a0bf5bbe4c37ab7e6c35
[sshexec] INFO 2017/04/26 15:20:14 Probing: 192.168.48.14 -> 192.168.48.17
[negroni] Started GET /queue/fd00d42191a8a0bf5bbe4c37ab7e6c35
[negroni] Completed 200 OK in 69.257µs
[negroni] Started GET /queue/fd00d42191a8a0bf5bbe4c37ab7e6c35
[negroni] Completed 200 OK in 88.771µs
[sshexec] DEBUG 2017/04/26 15:20:15 /src/github.com/heketi/heketi/pkg/utils/ssh/ssh.go:176: Host: 192.168.48.14:22 Command: /bin/bash -c 'gluster peer probe 192.168.48.17'
Result: peer probe: success. 
[heketi] INFO 2017/04/26 15:20:15 Added node 31ea30222823808af156cd7ebbdcbff7
[asynchttp] INFO 2017/04/26 15:20:15 Completed job fd00d42191a8a0bf5bbe4c37ab7e6c35 in 366.258604ms
[negroni] Started GET /queue/fd00d42191a8a0bf5bbe4c37ab7e6c35
[negroni] Completed 303 See Other in 90.787µs
[negroni] Started GET /nodes/31ea30222823808af156cd7ebbdcbff7
[negroni] Completed 200 OK in 6.834635ms
[negroni] Started POST /devices
[heketi] INFO 2017/04/26 15:20:15 Adding device /dev/sdb to node 31ea30222823808af156cd7ebbdcbff7
[negroni] Completed 202 Accepted in 10.091332ms
[asynchttp] INFO 2017/04/26 15:20:15 Started job 72629656c634bb4064093786e1fe892c
[negroni] Started GET /queue/72629656c634bb4064093786e1fe892c
[negroni] Completed 200 OK in 101.104µs
[sshexec] DEBUG 2017/04/26 15:20:15 /src/github.com/heketi/heketi/pkg/utils/ssh/ssh.go:176: Host: 192.168.48.17:22 Command: /bin/bash -c 'pvcreate --metadatasize=128M --dataalignment=256K /dev/sdb'
Result:   Physical volume "/dev/sdb" successfully created
[sshexec] DEBUG 2017/04/26 15:20:15 /src/github.com/heketi/heketi/pkg/utils/ssh/ssh.go:176: Host: 192.168.48.17:22 Command: /bin/bash -c 'vgcreate vg_8682f7c5135c54b9e11eed2bc22b6bdb /dev/sdb'
Result:   Volume group "vg_8682f7c5135c54b9e11eed2bc22b6bdb" successfully created
[sshexec] DEBUG 2017/04/26 15:20:16 /src/github.com/heketi/heketi/pkg/utils/ssh/ssh.go:176: Host: 192.168.48.17:22 Command: /bin/bash -c 'vgdisplay -c vg_8682f7c5135c54b9e11eed2bc22b6bdb'
Result:   vg_8682f7c5135c54b9e11eed2bc22b6bdb:r/w:772:-1:0:0:0:-1:0:1:1:975450112:4096:238147:0:238147:kyMtki-bygS-e7Ay-Adnx-b0fg-4yUT-Jg6ctU
[sshexec] DEBUG 2017/04/26 15:20:16 /src/github.com/heketi/heketi/executors/sshexec/device.go:137: Size of /dev/sdb in 192.168.48.17 is 975450112
[heketi] INFO 2017/04/26 15:20:16 Added device /dev/sdb
[asynchttp] INFO 2017/04/26 15:20:16 Completed job 72629656c634bb4064093786e1fe892c in 873.084839ms
[negroni] Started GET /queue/72629656c634bb4064093786e1fe892c
[negroni] Completed 204 No Content in 98.176µs
[negroni] Started POST /nodes
[heketi] INFO 2017/04/26 15:20:16 Adding node 192.168.48.12
[negroni] Completed 202 Accepted in 13.608913ms
[asynchttp] INFO 2017/04/26 15:20:16 Started job 867a5595119ad00ced13fd7910b01156
[sshexec] INFO 2017/04/26 15:20:16 Probing: 192.168.48.17 -> 192.168.48.12
[negroni] Started GET /queue/867a5595119ad00ced13fd7910b01156
[negroni] Completed 200 OK in 53.587µs
[negroni] Started GET /queue/867a5595119ad00ced13fd7910b01156
[negroni] Completed 200 OK in 90.085µs
[sshexec] DEBUG 2017/04/26 15:20:16 /src/github.com/heketi/heketi/pkg/utils/ssh/ssh.go:176: Host: 192.168.48.17:22 Command: /bin/bash -c 'gluster peer probe 192.168.48.12'
Result: peer probe: success. 
[negroni] Started GET /queue/867a5595119ad00ced13fd7910b01156
[negroni] Completed 200 OK in 111.944µs
[heketi] INFO 2017/04/26 15:20:16 Added node 76e17619f086f018c2646da56aea226c
[asynchttp] INFO 2017/04/26 15:20:16 Completed job 867a5595119ad00ced13fd7910b01156 in 512.964497ms
[negroni] Started GET /queue/867a5595119ad00ced13fd7910b01156
[negroni] Completed 303 See Other in 126.869µs
[negroni] Started GET /nodes/76e17619f086f018c2646da56aea226c
[negroni] Completed 200 OK in 6.609374ms
[negroni] Started POST /devices
[heketi] INFO 2017/04/26 15:20:17 Adding device /dev/sdb to node 76e17619f086f018c2646da56aea226c
[negroni] Completed 202 Accepted in 8.557109ms
[asynchttp] INFO 2017/04/26 15:20:17 Started job 75006fcfaf383d58af38f1960b6def23
[negroni] Started GET /queue/75006fcfaf383d58af38f1960b6def23
[negroni] Completed 200 OK in 68.589µs
[sshexec] ERROR 2017/04/26 15:20:17 /src/github.com/heketi/heketi/pkg/utils/ssh/ssh.go:173: Failed to run command [/bin/bash -c 'pvcreate --metadatasize=128M --dataalignment=256K /dev/sdb'] on 192.168.48.12:22: Err[Process exited with: 5. Reason was:  ()]: Stdout []: Stderr [  Can't open /dev/sdb exclusively.  Mounted filesystem?
]
[asynchttp] INFO 2017/04/26 15:20:17 Completed job 75006fcfaf383d58af38f1960b6def23 in 850.726849ms
[negroni] Started GET /queue/75006fcfaf383d58af38f1960b6def23
[negroni] Completed 500 Internal Server Error in 168.447µs
[negroni] Started GET /clusters
[negroni] Completed 200 OK in 12.108836ms
[negroni] Started GET /clusters/a940ee63783cc006e30732f75ae77f84
[negroni] Completed 200 OK in 2.237297ms
[negroni] Started GET /nodes/31ea30222823808af156cd7ebbdcbff7
[negroni] Completed 200 OK in 9.182589ms
[negroni] Started DELETE /devices/8682f7c5135c54b9e11eed2bc22b6bdb
[heketi] INFO 2017/04/26 15:26:22 Deleting device 8682f7c5135c54b9e11eed2bc22b6bdb on node 31ea30222823808af156cd7ebbdcbff7
[negroni] Completed 202 Accepted in 964.445µs
[asynchttp] INFO 2017/04/26 15:26:22 Started job 64d14ba40d04bfa240f9ee2437d6542f
[negroni] Started DELETE /nodes/31ea30222823808af156cd7ebbdcbff7
[heketi] ERROR 2017/04/26 15:26:22 /src/github.com/heketi/heketi/apps/glusterfs/app_node.go:224: Unable to delete node [31ea30222823808af156cd7ebbdcbff7] because it contains devices
[negroni] Completed 409 Conflict in 1.255806ms
[negroni] Started GET /nodes/76e17619f086f018c2646da56aea226c
[negroni] Completed 200 OK in 740.984µs
[negroni] Started DELETE /nodes/76e17619f086f018c2646da56aea226c
[heketi] INFO 2017/04/26 15:26:22 Deleting node 192.168.48.12 [76e17619f086f018c2646da56aea226c]
[negroni] Completed 202 Accepted in 852.867µs
[asynchttp] INFO 2017/04/26 15:26:22 Started job bfbba708bf5a929f0543daf9e90b92b7
[sshexec] INFO 2017/04/26 15:26:22 Detaching node 192.168.48.12
[negroni] Started GET /nodes/b578ddef18db0f9ff38aae11267afe7e
[negroni] Completed 200 OK in 1.21174ms
[negroni] Started DELETE /devices/d2d98d94eadc6574b183253113e955d2
[heketi] INFO 2017/04/26 15:26:22 Deleting device d2d98d94eadc6574b183253113e955d2 on node b578ddef18db0f9ff38aae11267afe7e
[negroni] Completed 202 Accepted in 831.98µs
[asynchttp] INFO 2017/04/26 15:26:22 Started job b5b494eb1f9bdc94a5822344bf7daa79
[heketi] ERROR 2017/04/26 15:26:22 /src/github.com/heketi/heketi/apps/glusterfs/app_node.go:224: Unable to delete node [b578ddef18db0f9ff38aae11267afe7e] because it contains devices
[negroni] Started DELETE /nodes/b578ddef18db0f9ff38aae11267afe7e
[negroni] Completed 409 Conflict in 472.884µs
[negroni] Started DELETE /clusters/a940ee63783cc006e30732f75ae77f84
[heketi] WARNING 2017/04/26 15:26:22 Unable to delete cluster [a940ee63783cc006e30732f75ae77f84] because it contains volumes and/or nodes
[negroni] Completed 409 Conflict in 852.783µs
[sshexec] DEBUG 2017/04/26 15:26:22 /src/github.com/heketi/heketi/pkg/utils/ssh/ssh.go:176: Host: 192.168.48.14:22 Command: /bin/bash -c 'vgremove vg_d2d98d94eadc6574b183253113e955d2'
Result:   Volume group "vg_d2d98d94eadc6574b183253113e955d2" successfully removed
[sshexec] DEBUG 2017/04/26 15:26:22 /src/github.com/heketi/heketi/pkg/utils/ssh/ssh.go:176: Host: 192.168.48.14:22 Command: /bin/bash -c 'pvremove /dev/sdb'
Result:   Labels on physical volume "/dev/sdb" successfully wiped
[sshexec] DEBUG 2017/04/26 15:26:23 /src/github.com/heketi/heketi/pkg/utils/ssh/ssh.go:176: Host: 192.168.48.17:22 Command: /bin/bash -c 'vgremove vg_8682f7c5135c54b9e11eed2bc22b6bdb'
Result:   Volume group "vg_8682f7c5135c54b9e11eed2bc22b6bdb" successfully removed
[sshexec] DEBUG 2017/04/26 15:26:23 /src/github.com/heketi/heketi/pkg/utils/ssh/ssh.go:176: Host: 192.168.48.17:22 Command: /bin/bash -c 'pvremove /dev/sdb'
Result:   Labels on physical volume "/dev/sdb" successfully wiped
[sshexec] ERROR 2017/04/26 15:26:23 /src/github.com/heketi/heketi/pkg/utils/ssh/ssh.go:173: Failed to run command [/bin/bash -c 'ls /var/lib/heketi/mounts/vg_d2d98d94eadc6574b183253113e955d2'] on 192.168.48.14:22: Err[Process exited with: 2. Reason was:  ()]: Stdout []: Stderr [ls: cannot access '/var/lib/heketi/mounts/vg_d2d98d94eadc6574b183253113e955d2': No such file or directory
]
[heketi] INFO 2017/04/26 15:26:23 Deleted node [d2d98d94eadc6574b183253113e955d2]
[asynchttp] INFO 2017/04/26 15:26:23 Completed job b5b494eb1f9bdc94a5822344bf7daa79 in 774.187686ms
[sshexec] DEBUG 2017/04/26 15:26:23 /src/github.com/heketi/heketi/pkg/utils/ssh/ssh.go:176: Host: 192.168.48.17:22 Command: /bin/bash -c 'gluster peer detach 192.168.48.12'
Result: peer detach: success
[heketi] INFO 2017/04/26 15:26:23 Deleted node [76e17619f086f018c2646da56aea226c]
[asynchttp] INFO 2017/04/26 15:26:23 Completed job bfbba708bf5a929f0543daf9e90b92b7 in 1.086944306s
[sshexec] ERROR 2017/04/26 15:26:23 /src/github.com/heketi/heketi/pkg/utils/ssh/ssh.go:173: Failed to run command [/bin/bash -c 'ls /var/lib/heketi/mounts/vg_8682f7c5135c54b9e11eed2bc22b6bdb'] on 192.168.48.17:22: Err[Process exited with: 2. Reason was:  ()]: Stdout []: Stderr [ls: cannot access '/var/lib/heketi/mounts/vg_8682f7c5135c54b9e11eed2bc22b6bdb': No such file or directory
]
[heketi] INFO 2017/04/26 15:26:23 Deleted node [8682f7c5135c54b9e11eed2bc22b6bdb]
[asynchttp] INFO 2017/04/26 15:26:23 Completed job 64d14ba40d04bfa240f9ee2437d6542f in 1.316065381s
[negroni] Started GET /clusters/a940ee63783cc006e30732f75ae77f84
[negroni] Completed 200 OK in 6.834053ms
[negroni] Started GET /nodes/31ea30222823808af156cd7ebbdcbff7
[negroni] Completed 200 OK in 628.727µs
[negroni] Started DELETE /nodes/31ea30222823808af156cd7ebbdcbff7
[heketi] INFO 2017/04/26 15:26:24 Deleting node 192.168.48.17 [31ea30222823808af156cd7ebbdcbff7]
[negroni] Completed 202 Accepted in 1.266065ms
[asynchttp] INFO 2017/04/26 15:26:24 Started job 6af0ed0debb6f9d2a8b02c92d978ef5f
[sshexec] INFO 2017/04/26 15:26:24 Detaching node 192.168.48.17
[negroni] Started GET /nodes/b578ddef18db0f9ff38aae11267afe7e
[negroni] Completed 200 OK in 501.315µs
[negroni] Started DELETE /nodes/b578ddef18db0f9ff38aae11267afe7e
[heketi] INFO 2017/04/26 15:26:24 Deleting node 192.168.48.14 [b578ddef18db0f9ff38aae11267afe7e]
[negroni] Completed 202 Accepted in 885.267µs
[asynchttp] INFO 2017/04/26 15:26:24 Started job 5edf8a5823dc7db4539c8b44ccf58c88
[sshexec] INFO 2017/04/26 15:26:24 Detaching node 192.168.48.14
[negroni] Started DELETE /clusters/a940ee63783cc006e30732f75ae77f84
[heketi] WARNING 2017/04/26 15:26:24 Unable to delete cluster [a940ee63783cc006e30732f75ae77f84] because it contains volumes and/or nodes
[negroni] Completed 409 Conflict in 1.301141ms
[sshexec] DEBUG 2017/04/26 15:26:24 /src/github.com/heketi/heketi/pkg/utils/ssh/ssh.go:176: Host: 192.168.48.14:22 Command: /bin/bash -c 'gluster peer detach 192.168.48.17'
Result: peer detach: success
[heketi] INFO 2017/04/26 15:26:24 Deleted node [31ea30222823808af156cd7ebbdcbff7]
[asynchttp] INFO 2017/04/26 15:26:24 Completed job 6af0ed0debb6f9d2a8b02c92d978ef5f in 341.533208ms
[sshexec] ERROR 2017/04/26 15:26:24 /src/github.com/heketi/heketi/pkg/utils/ssh/ssh.go:173: Failed to run command [/bin/bash -c 'gluster peer detach 192.168.48.14'] on 192.168.48.17:22: Err[Process exited with: 1. Reason was:  ()]: Stdout []: Stderr [peer detach: failed: 192.168.48.14 is not part of cluster
]
[sshexec] ERROR 2017/04/26 15:26:24 /src/github.com/heketi/heketi/executors/sshexec/peer.go:60: peer detach: failed: 192.168.48.14 is not part of cluster
[heketi] INFO 2017/04/26 15:26:24 Deleted node [b578ddef18db0f9ff38aae11267afe7e]
[asynchttp] INFO 2017/04/26 15:26:24 Completed job 5edf8a5823dc7db4539c8b44ccf58c88 in 403.38392ms
[negroni] Started GET /clusters/a940ee63783cc006e30732f75ae77f84
[negroni] Completed 200 OK in 13.673092ms
[negroni] Started DELETE /clusters/a940ee63783cc006e30732f75ae77f84
[heketi] INFO 2017/04/26 15:26:25 Deleted cluster [a940ee63783cc006e30732f75ae77f84]
[negroni] Completed 200 OK in 6.95674ms
[negroni] Started POST /clusters
[negroni] Completed 201 Created in 14.886394ms
[negroni] Started POST /nodes
[heketi] INFO 2017/04/26 15:26:45 Adding node 192.168.48.14
[negroni] Completed 202 Accepted in 19.759089ms
[asynchttp] INFO 2017/04/26 15:26:45 Started job 4d5269ab6ccc148db581456db2623dcf
[negroni] Started GET /queue/4d5269ab6ccc148db581456db2623dcf
[negroni] Completed 200 OK in 130.053µs
[heketi] INFO 2017/04/26 15:26:45 Added node a70253d51a5c2975fefc2f58bd8bf9fb
[asynchttp] INFO 2017/04/26 15:26:45 Completed job 4d5269ab6ccc148db581456db2623dcf in 13.279314ms
[negroni] Started GET /queue/4d5269ab6ccc148db581456db2623dcf
[negroni] Completed 303 See Other in 142.251µs
[negroni] Started GET /nodes/a70253d51a5c2975fefc2f58bd8bf9fb
[negroni] Completed 200 OK in 8.634971ms
[negroni] Started POST /devices
[heketi] INFO 2017/04/26 15:26:45 Adding device /dev/sdb to node a70253d51a5c2975fefc2f58bd8bf9fb
[negroni] Completed 202 Accepted in 8.072591ms
[asynchttp] INFO 2017/04/26 15:26:45 Started job d6d8cbe418a1676fb38562531b427d5d
[negroni] Started GET /queue/d6d8cbe418a1676fb38562531b427d5d
[negroni] Completed 200 OK in 61.96µs
[sshexec] DEBUG 2017/04/26 15:26:45 /src/github.com/heketi/heketi/pkg/utils/ssh/ssh.go:176: Host: 192.168.48.14:22 Command: /bin/bash -c 'pvcreate --metadatasize=128M --dataalignment=256K /dev/sdb'
Result:   Physical volume "/dev/sdb" successfully created
[sshexec] DEBUG 2017/04/26 15:26:45 /src/github.com/heketi/heketi/pkg/utils/ssh/ssh.go:176: Host: 192.168.48.14:22 Command: /bin/bash -c 'vgcreate vg_6182ce02f2f3399ed0f54b480fe6a08f /dev/sdb'
Result:   Volume group "vg_6182ce02f2f3399ed0f54b480fe6a08f" successfully created
[sshexec] DEBUG 2017/04/26 15:26:45 /src/github.com/heketi/heketi/pkg/utils/ssh/ssh.go:176: Host: 192.168.48.14:22 Command: /bin/bash -c 'vgdisplay -c vg_6182ce02f2f3399ed0f54b480fe6a08f'
Result:   vg_6182ce02f2f3399ed0f54b480fe6a08f:r/w:772:-1:0:0:0:-1:0:1:1:975450112:4096:238147:0:238147:O0S1vq-Mx79-m0UU-Ogl2-URUL-7LCB-KSJZDB
[sshexec] DEBUG 2017/04/26 15:26:45 /src/github.com/heketi/heketi/executors/sshexec/device.go:137: Size of /dev/sdb in 192.168.48.14 is 975450112
[heketi] INFO 2017/04/26 15:26:46 Added device /dev/sdb
[asynchttp] INFO 2017/04/26 15:26:46 Completed job d6d8cbe418a1676fb38562531b427d5d in 559.479386ms
[negroni] Started GET /queue/d6d8cbe418a1676fb38562531b427d5d
[negroni] Completed 204 No Content in 51.15µs
[negroni] Started POST /nodes
[heketi] INFO 2017/04/26 15:26:46 Adding node 192.168.48.17
[negroni] Completed 202 Accepted in 15.787388ms
[asynchttp] INFO 2017/04/26 15:26:46 Started job ef433f5e748e34232d0b8fdafc3ad5e6
[sshexec] INFO 2017/04/26 15:26:46 Probing: 192.168.48.14 -> 192.168.48.17
[negroni] Started GET /queue/ef433f5e748e34232d0b8fdafc3ad5e6
[negroni] Completed 200 OK in 217.195µs
[negroni] Started GET /queue/ef433f5e748e34232d0b8fdafc3ad5e6
[negroni] Completed 200 OK in 86.757µs
[sshexec] DEBUG 2017/04/26 15:26:46 /src/github.com/heketi/heketi/pkg/utils/ssh/ssh.go:176: Host: 192.168.48.14:22 Command: /bin/bash -c 'gluster peer probe 192.168.48.17'
Result: peer probe: success. 
[heketi] INFO 2017/04/26 15:26:46 Added node d281257a070ad278c21514299cca4924
[asynchttp] INFO 2017/04/26 15:26:46 Completed job ef433f5e748e34232d0b8fdafc3ad5e6 in 402.102293ms
[negroni] Started GET /queue/ef433f5e748e34232d0b8fdafc3ad5e6
[negroni] Completed 303 See Other in 87.768µs
[negroni] Started GET /nodes/d281257a070ad278c21514299cca4924
[negroni] Completed 200 OK in 5.563686ms
[negroni] Started POST /devices
[heketi] INFO 2017/04/26 15:26:46 Adding device /dev/sdb to node d281257a070ad278c21514299cca4924
[negroni] Completed 202 Accepted in 9.810401ms
[asynchttp] INFO 2017/04/26 15:26:46 Started job 8984999ea9c9d57d837a81836a2106a9
[negroni] Started GET /queue/8984999ea9c9d57d837a81836a2106a9
[negroni] Completed 200 OK in 32.724µs
[sshexec] DEBUG 2017/04/26 15:26:47 /src/github.com/heketi/heketi/pkg/utils/ssh/ssh.go:176: Host: 192.168.48.17:22 Command: /bin/bash -c 'pvcreate --metadatasize=128M --dataalignment=256K /dev/sdb'
Result:   Physical volume "/dev/sdb" successfully created
[sshexec] DEBUG 2017/04/26 15:26:47 /src/github.com/heketi/heketi/pkg/utils/ssh/ssh.go:176: Host: 192.168.48.17:22 Command: /bin/bash -c 'vgcreate vg_2d413f060d2694ac7186b3a548aca870 /dev/sdb'
Result:   Volume group "vg_2d413f060d2694ac7186b3a548aca870" successfully created
[sshexec] DEBUG 2017/04/26 15:26:47 /src/github.com/heketi/heketi/pkg/utils/ssh/ssh.go:176: Host: 192.168.48.17:22 Command: /bin/bash -c 'vgdisplay -c vg_2d413f060d2694ac7186b3a548aca870'
Result:   vg_2d413f060d2694ac7186b3a548aca870:r/w:772:-1:0:0:0:-1:0:1:1:975450112:4096:238147:0:238147:z4QvVh-C0SQ-0fnP-9gYU-Axbk-ZoAZ-4KGoBz
[sshexec] DEBUG 2017/04/26 15:26:47 /src/github.com/heketi/heketi/executors/sshexec/device.go:137: Size of /dev/sdb in 192.168.48.17 is 975450112
[heketi] INFO 2017/04/26 15:26:47 Added device /dev/sdb
[asynchttp] INFO 2017/04/26 15:26:47 Completed job 8984999ea9c9d57d837a81836a2106a9 in 555.934364ms
[negroni] Started GET /queue/8984999ea9c9d57d837a81836a2106a9
[negroni] Completed 204 No Content in 61.078µs
[negroni] Started POST /nodes
[heketi] INFO 2017/04/26 15:26:48 Adding node 192.168.48.12
[negroni] Completed 202 Accepted in 14.465792ms
[asynchttp] INFO 2017/04/26 15:26:48 Started job 10a710c0478af9f46309bf1b72f0a465
[sshexec] INFO 2017/04/26 15:26:48 Probing: 192.168.48.14 -> 192.168.48.12
[negroni] Started GET /queue/10a710c0478af9f46309bf1b72f0a465
[negroni] Completed 200 OK in 53.063µs
[negroni] Started GET /queue/10a710c0478af9f46309bf1b72f0a465
[negroni] Completed 200 OK in 98.388µs
[negroni] Started GET /queue/10a710c0478af9f46309bf1b72f0a465
[negroni] Completed 200 OK in 59.718µs
[negroni] Started GET /queue/10a710c0478af9f46309bf1b72f0a465
[negroni] Completed 200 OK in 62.943µs
[negroni] Started GET /queue/10a710c0478af9f46309bf1b72f0a465
[negroni] Completed 200 OK in 134.429µs
[negroni] Started GET /queue/10a710c0478af9f46309bf1b72f0a465
[negroni] Completed 200 OK in 74.124µs
[negroni] Started GET /queue/10a710c0478af9f46309bf1b72f0a465
[negroni] Completed 200 OK in 109.062µs
[negroni] Started GET /queue/10a710c0478af9f46309bf1b72f0a465
[negroni] Completed 200 OK in 74.875µs
[negroni] Started GET /queue/10a710c0478af9f46309bf1b72f0a465
[negroni] Completed 200 OK in 90.839µs
[negroni] Started GET /queue/10a710c0478af9f46309bf1b72f0a465
[negroni] Completed 200 OK in 84.624µs
[negroni] Started GET /queue/10a710c0478af9f46309bf1b72f0a465
[negroni] Completed 200 OK in 80.342µs
[negroni] Started GET /queue/10a710c0478af9f46309bf1b72f0a465
[negroni] Completed 200 OK in 55.348µs
[negroni] Started GET /queue/10a710c0478af9f46309bf1b72f0a465
[negroni] Completed 200 OK in 52.035µs
[negroni] Started GET /queue/10a710c0478af9f46309bf1b72f0a465
[negroni] Completed 200 OK in 73.028µs
[negroni] Started GET /queue/10a710c0478af9f46309bf1b72f0a465
[negroni] Completed 200 OK in 149.434µs
[negroni] Started GET /queue/10a710c0478af9f46309bf1b72f0a465
[negroni] Completed 200 OK in 127.949µs
[negroni] Started GET /queue/10a710c0478af9f46309bf1b72f0a465
[negroni] Completed 200 OK in 72.37µs
[negroni] Started GET /queue/10a710c0478af9f46309bf1b72f0a465
[negroni] Completed 200 OK in 68.602µs
[negroni] Started GET /queue/10a710c0478af9f46309bf1b72f0a465
[negroni] Completed 200 OK in 82.828µs
[negroni] Started GET /queue/10a710c0478af9f46309bf1b72f0a465
[negroni] Completed 200 OK in 120.35µs
[negroni] Started GET /queue/10a710c0478af9f46309bf1b72f0a465
[negroni] Completed 200 OK in 62.143µs
[negroni] Started GET /queue/10a710c0478af9f46309bf1b72f0a465
[negroni] Completed 200 OK in 123.258µs
[negroni] Started GET /queue/10a710c0478af9f46309bf1b72f0a465
[negroni] Completed 200 OK in 55.791µs
[negroni] Started GET /queue/10a710c0478af9f46309bf1b72f0a465
[negroni] Completed 200 OK in 151.079µs
[negroni] Started GET /queue/10a710c0478af9f46309bf1b72f0a465
[negroni] Completed 200 OK in 73.362µs
[negroni] Started GET /queue/10a710c0478af9f46309bf1b72f0a465
[negroni] Completed 200 OK in 65.898µs
[negroni] Started GET /queue/10a710c0478af9f46309bf1b72f0a465
[negroni] Completed 200 OK in 65.394µs
[negroni] Started GET /queue/10a710c0478af9f46309bf1b72f0a465
[negroni] Completed 200 OK in 128.574µs
[negroni] Started GET /queue/10a710c0478af9f46309bf1b72f0a465
[negroni] Completed 200 OK in 66.953µs
[negroni] Started GET /queue/10a710c0478af9f46309bf1b72f0a465
[negroni] Completed 200 OK in 102.452µs
[negroni] Started GET /queue/10a710c0478af9f46309bf1b72f0a465
[negroni] Completed 200 OK in 135.633µs
[negroni] Started GET /queue/10a710c0478af9f46309bf1b72f0a465
[negroni] Completed 200 OK in 78.748µs
[negroni] Started GET /queue/10a710c0478af9f46309bf1b72f0a465
[negroni] Completed 200 OK in 52.533µs
[negroni] Started GET /queue/10a710c0478af9f46309bf1b72f0a465
[negroni] Completed 200 OK in 82.891µs
[negroni] Started GET /queue/10a710c0478af9f46309bf1b72f0a465
[negroni] Completed 200 OK in 70.685µs
[negroni] Started GET /queue/10a710c0478af9f46309bf1b72f0a465
[negroni] Completed 200 OK in 52.662µs
[negroni] Started GET /queue/10a710c0478af9f46309bf1b72f0a465
[negroni] Completed 200 OK in 111.031µs
[negroni] Started GET /queue/10a710c0478af9f46309bf1b72f0a465
[negroni] Completed 200 OK in 80.453µs
[negroni] Started GET /queue/10a710c0478af9f46309bf1b72f0a465
[negroni] Completed 200 OK in 109.158µs
[negroni] Started GET /queue/10a710c0478af9f46309bf1b72f0a465
[negroni] Completed 200 OK in 74.66µs
[negroni] Started GET /queue/10a710c0478af9f46309bf1b72f0a465
[negroni] Completed 200 OK in 85.448µs
[negroni] Started GET /queue/10a710c0478af9f46309bf1b72f0a465
[negroni] Completed 200 OK in 108.445µs
[sshexec] DEBUG 2017/04/26 15:26:58 /src/github.com/heketi/heketi/pkg/utils/ssh/ssh.go:176: Host: 192.168.48.14:22 Command: /bin/bash -c 'gluster peer probe 192.168.48.12'
Result: peer probe: success. 
[heketi] INFO 2017/04/26 15:26:58 Added node 2ac1514bf62a29d0dd9bff3d0307e775
[asynchttp] INFO 2017/04/26 15:26:58 Completed job 10a710c0478af9f46309bf1b72f0a465 in 10.377344856s
[negroni] Started GET /queue/10a710c0478af9f46309bf1b72f0a465
[negroni] Completed 303 See Other in 226.691µs
[negroni] Started GET /nodes/2ac1514bf62a29d0dd9bff3d0307e775
[negroni] Completed 200 OK in 14.410264ms
[negroni] Started POST /devices
[heketi] INFO 2017/04/26 15:26:58 Adding device /dev/sdb to node 2ac1514bf62a29d0dd9bff3d0307e775
[asynchttp] INFO 2017/04/26 15:26:58 Started job 2d3913c534c446c624c48d926e2ecf05
[negroni] Completed 202 Accepted in 14.273431ms
[negroni] Started GET /queue/2d3913c534c446c624c48d926e2ecf05
[negroni] Completed 200 OK in 40.489µs
[sshexec] ERROR 2017/04/26 15:26:58 /src/github.com/heketi/heketi/pkg/utils/ssh/ssh.go:173: Failed to run command [/bin/bash -c 'pvcreate --metadatasize=128M --dataalignment=256K /dev/sdb'] on 192.168.48.12:22: Err[Process exited with: 5. Reason was:  ()]: Stdout []: Stderr [WARNING: ext4 signature detected on /dev/sdb at offset 1080. Wipe it? [y/n]: n
  Aborted wiping of ext4.
  1 existing signature left on the device.
  Aborting pvcreate on /dev/sdb.
]
[asynchttp] INFO 2017/04/26 15:26:58 Completed job 2d3913c534c446c624c48d926e2ecf05 in 242.977122ms
[negroni] Started GET /queue/2d3913c534c446c624c48d926e2ecf05
[negroni] Completed 500 Internal Server Error in 73.566µs
[negroni] Started GET /clusters/5f4d002ceb4aa7f2a9097c478b929b95
[negroni] Completed 200 OK in 11.821933ms
[negroni] Started GET /nodes/2ac1514bf62a29d0dd9bff3d0307e775
[negroni] Completed 200 OK in 957.353µs
[negroni] Started DELETE /nodes/2ac1514bf62a29d0dd9bff3d0307e775
[heketi] INFO 2017/04/26 15:27:58 Deleting node 192.168.48.12 [2ac1514bf62a29d0dd9bff3d0307e775]
[negroni] Completed 202 Accepted in 1.395034ms
[asynchttp] INFO 2017/04/26 15:27:58 Started job 9d1c10c4c0228f98c13a414f16c3fbca
[sshexec] INFO 2017/04/26 15:27:58 Detaching node 192.168.48.12
[negroni] Started GET /nodes/a70253d51a5c2975fefc2f58bd8bf9fb
[negroni] Completed 200 OK in 1.254166ms
[negroni] Started DELETE /devices/6182ce02f2f3399ed0f54b480fe6a08f
[heketi] INFO 2017/04/26 15:27:58 Deleting device 6182ce02f2f3399ed0f54b480fe6a08f on node a70253d51a5c2975fefc2f58bd8bf9fb
[negroni] Completed 202 Accepted in 963.251µs
[asynchttp] INFO 2017/04/26 15:27:58 Started job 70c64eb620cf342cb39b6f8ad58d8dfc
[negroni] Started DELETE /nodes/a70253d51a5c2975fefc2f58bd8bf9fb
[heketi] ERROR 2017/04/26 15:27:58 /src/github.com/heketi/heketi/apps/glusterfs/app_node.go:224: Unable to delete node [a70253d51a5c2975fefc2f58bd8bf9fb] because it contains devices
[negroni] Completed 409 Conflict in 628.149µs
[negroni] Started GET /nodes/d281257a070ad278c21514299cca4924
[negroni] Completed 200 OK in 681.468µs
[negroni] Started DELETE /devices/2d413f060d2694ac7186b3a548aca870
[heketi] INFO 2017/04/26 15:27:58 Deleting device 2d413f060d2694ac7186b3a548aca870 on node d281257a070ad278c21514299cca4924
[negroni] Completed 202 Accepted in 2.377729ms
[asynchttp] INFO 2017/04/26 15:27:58 Started job 33041ad9cdd7faddee581e9a3060c981
[negroni] Started DELETE /nodes/d281257a070ad278c21514299cca4924
[negroni] Completed 409 Conflict in 618.594µs
[heketi] ERROR 2017/04/26 15:27:58 /src/github.com/heketi/heketi/apps/glusterfs/app_node.go:224: Unable to delete node [d281257a070ad278c21514299cca4924] because it contains devices
[negroni] Started DELETE /clusters/5f4d002ceb4aa7f2a9097c478b929b95
[heketi] WARNING 2017/04/26 15:27:58 Unable to delete cluster [5f4d002ceb4aa7f2a9097c478b929b95] because it contains volumes and/or nodes
[negroni] Completed 409 Conflict in 1.18843ms
[sshexec] DEBUG 2017/04/26 15:27:59 /src/github.com/heketi/heketi/pkg/utils/ssh/ssh.go:176: Host: 192.168.48.17:22 Command: /bin/bash -c 'vgremove vg_2d413f060d2694ac7186b3a548aca870'
Result:   Volume group "vg_2d413f060d2694ac7186b3a548aca870" successfully removed
[sshexec] DEBUG 2017/04/26 15:27:59 /src/github.com/heketi/heketi/pkg/utils/ssh/ssh.go:176: Host: 192.168.48.17:22 Command: /bin/bash -c 'pvremove /dev/sdb'
Result:   Labels on physical volume "/dev/sdb" successfully wiped
[sshexec] ERROR 2017/04/26 15:27:59 /src/github.com/heketi/heketi/pkg/utils/ssh/ssh.go:173: Failed to run command [/bin/bash -c 'ls /var/lib/heketi/mounts/vg_2d413f060d2694ac7186b3a548aca870'] on 192.168.48.17:22: Err[Process exited with: 2. Reason was:  ()]: Stdout []: Stderr [ls: cannot access '/var/lib/heketi/mounts/vg_2d413f060d2694ac7186b3a548aca870': No such file or directory
]
[heketi] INFO 2017/04/26 15:27:59 Deleted node [2d413f060d2694ac7186b3a548aca870]
[asynchttp] INFO 2017/04/26 15:27:59 Completed job 33041ad9cdd7faddee581e9a3060c981 in 633.71707ms
[negroni] Started GET /clusters/5f4d002ceb4aa7f2a9097c478b929b95
[negroni] Completed 200 OK in 7.59302ms
[negroni] Started GET /nodes/2ac1514bf62a29d0dd9bff3d0307e775
[negroni] Completed 200 OK in 806.619µs
[negroni] Started DELETE /nodes/2ac1514bf62a29d0dd9bff3d0307e775
[heketi] INFO 2017/04/26 15:28:00 Deleting node 192.168.48.12 [2ac1514bf62a29d0dd9bff3d0307e775]
[negroni] Completed 202 Accepted in 3.861755ms
[asynchttp] INFO 2017/04/26 15:28:00 Started job a29b9eff9aea1faaed55d1d0fb808600
[sshexec] INFO 2017/04/26 15:28:00 Detaching node 192.168.48.12
[negroni] Started GET /nodes/a70253d51a5c2975fefc2f58bd8bf9fb
[negroni] Completed 200 OK in 918.783µs
[negroni] Started DELETE /devices/6182ce02f2f3399ed0f54b480fe6a08f
[heketi] INFO 2017/04/26 15:28:00 Deleting device 6182ce02f2f3399ed0f54b480fe6a08f on node a70253d51a5c2975fefc2f58bd8bf9fb
[negroni] Completed 202 Accepted in 714.345µs
[asynchttp] INFO 2017/04/26 15:28:00 Started job 087d559ea76c205bedf39df06a9c747d
[heketi] ERROR 2017/04/26 15:28:00 /src/github.com/heketi/heketi/apps/glusterfs/app_node.go:224: Unable to delete node [a70253d51a5c2975fefc2f58bd8bf9fb] because it contains devices
[negroni] Started DELETE /nodes/a70253d51a5c2975fefc2f58bd8bf9fb
[negroni] Completed 409 Conflict in 482.676µs
[negroni] Started GET /nodes/d281257a070ad278c21514299cca4924
[negroni] Completed 200 OK in 522.648µs
[negroni] Started DELETE /nodes/d281257a070ad278c21514299cca4924
[heketi] INFO 2017/04/26 15:28:00 Deleting node 192.168.48.17 [d281257a070ad278c21514299cca4924]
[negroni] Completed 202 Accepted in 818.392µs
[asynchttp] INFO 2017/04/26 15:28:00 Started job dbf618a288f2c61a10dd69dfae19c66b
[sshexec] INFO 2017/04/26 15:28:00 Detaching node 192.168.48.17
[negroni] Started DELETE /clusters/5f4d002ceb4aa7f2a9097c478b929b95
[heketi] WARNING 2017/04/26 15:28:00 Unable to delete cluster [5f4d002ceb4aa7f2a9097c478b929b95] because it contains volumes and/or nodes
[negroni] Completed 409 Conflict in 650.745µs
[negroni] Started GET /clusters/5f4d002ceb4aa7f2a9097c478b929b95
[negroni] Completed 200 OK in 858.443µs
[negroni] Started GET /nodes/2ac1514bf62a29d0dd9bff3d0307e775
[negroni] Completed 200 OK in 934.108µs
[negroni] Started DELETE /nodes/2ac1514bf62a29d0dd9bff3d0307e775
[heketi] INFO 2017/04/26 15:28:03 Deleting node 192.168.48.12 [2ac1514bf62a29d0dd9bff3d0307e775]
[negroni] Completed 202 Accepted in 1.123696ms
[asynchttp] INFO 2017/04/26 15:28:03 Started job 216be47a24fac0c0ad69e83812fb4a83
[sshexec] INFO 2017/04/26 15:28:03 Detaching node 192.168.48.12
[negroni] Started GET /nodes/a70253d51a5c2975fefc2f58bd8bf9fb
[negroni] Completed 200 OK in 681.402µs
[negroni] Started DELETE /devices/6182ce02f2f3399ed0f54b480fe6a08f
[heketi] INFO 2017/04/26 15:28:03 Deleting device 6182ce02f2f3399ed0f54b480fe6a08f on node a70253d51a5c2975fefc2f58bd8bf9fb
[negroni] Completed 202 Accepted in 1.031806ms
[asynchttp] INFO 2017/04/26 15:28:03 Started job 0928c1eb500ac2f2f9f6e544ec5c5172
[negroni] Started DELETE /nodes/a70253d51a5c2975fefc2f58bd8bf9fb
[negroni] Completed 409 Conflict in 346.91µs
[heketi] ERROR 2017/04/26 15:28:03 /src/github.com/heketi/heketi/apps/glusterfs/app_node.go:224: Unable to delete node [a70253d51a5c2975fefc2f58bd8bf9fb] because it contains devices
[negroni] Started GET /nodes/d281257a070ad278c21514299cca4924
[negroni] Completed 200 OK in 402.693µs
[negroni] Started DELETE /nodes/d281257a070ad278c21514299cca4924
[heketi] INFO 2017/04/26 15:28:03 Deleting node 192.168.48.17 [d281257a070ad278c21514299cca4924]
[negroni] Completed 202 Accepted in 1.202562ms
[asynchttp] INFO 2017/04/26 15:28:03 Started job 180bcbc9401d75888ef05317ae9b934a
[sshexec] INFO 2017/04/26 15:28:03 Detaching node 192.168.48.17
[negroni] Started DELETE /clusters/5f4d002ceb4aa7f2a9097c478b929b95
[heketi] WARNING 2017/04/26 15:28:03 Unable to delete cluster [5f4d002ceb4aa7f2a9097c478b929b95] because it contains volumes and/or nodes
[negroni] Completed 409 Conflict in 556.374µs
[negroni] Started GET /clusters/5f4d002ceb4aa7f2a9097c478b929b95
[negroni] Completed 200 OK in 640.858µs
[negroni] Started GET /nodes/2ac1514bf62a29d0dd9bff3d0307e775
[negroni] Completed 200 OK in 686.931µs
[negroni] Started DELETE /nodes/2ac1514bf62a29d0dd9bff3d0307e775
[heketi] INFO 2017/04/26 15:28:07 Deleting node 192.168.48.12 [2ac1514bf62a29d0dd9bff3d0307e775]
[negroni] Completed 202 Accepted in 1.678115ms
[asynchttp] INFO 2017/04/26 15:28:07 Started job 99eaa6bb7b7c2b88ee50dbce41714382
[sshexec] INFO 2017/04/26 15:28:07 Detaching node 192.168.48.12
[negroni] Started GET /nodes/a70253d51a5c2975fefc2f58bd8bf9fb
[negroni] Completed 200 OK in 983.673µs
[negroni] Started DELETE /devices/6182ce02f2f3399ed0f54b480fe6a08f
[heketi] INFO 2017/04/26 15:28:07 Deleting device 6182ce02f2f3399ed0f54b480fe6a08f on node a70253d51a5c2975fefc2f58bd8bf9fb
[negroni] Completed 202 Accepted in 1.04965ms
[asynchttp] INFO 2017/04/26 15:28:07 Started job 910153fdc863579911ac8758bbb7135d
[heketi] ERROR 2017/04/26 15:28:07 /src/github.com/heketi/heketi/apps/glusterfs/app_node.go:224: Unable to delete node [a70253d51a5c2975fefc2f58bd8bf9fb] because it contains devices
[negroni] Started DELETE /nodes/a70253d51a5c2975fefc2f58bd8bf9fb
[negroni] Completed 409 Conflict in 586.575µs
[negroni] Started GET /nodes/d281257a070ad278c21514299cca4924
[negroni] Completed 200 OK in 516.494µs
[negroni] Started DELETE /nodes/d281257a070ad278c21514299cca4924
[heketi] INFO 2017/04/26 15:28:07 Deleting node 192.168.48.17 [d281257a070ad278c21514299cca4924]
[negroni] Completed 202 Accepted in 1.128495ms
[asynchttp] INFO 2017/04/26 15:28:07 Started job f7a7f5de98676ff963983598e22e748b
[sshexec] INFO 2017/04/26 15:28:07 Detaching node 192.168.48.17
[negroni] Started DELETE /clusters/5f4d002ceb4aa7f2a9097c478b929b95
[heketi] WARNING 2017/04/26 15:28:07 Unable to delete cluster [5f4d002ceb4aa7f2a9097c478b929b95] because it contains volumes and/or nodes
[negroni] Completed 409 Conflict in 347.915µs
[sshexec] DEBUG 2017/04/26 15:28:09 /src/github.com/heketi/heketi/pkg/utils/ssh/ssh.go:176: Host: 192.168.48.14:22 Command: /bin/bash -c 'gluster peer detach 192.168.48.12'
Result: peer detach: success
[sshexec] ERROR 2017/04/26 15:28:09 /src/github.com/heketi/heketi/pkg/utils/ssh/ssh.go:173: Failed to run command [/bin/bash -c 'gluster peer detach 192.168.48.17'] on 192.168.48.12:22: Err[Process exited with: 1. Reason was:  ()]: Stdout []: Stderr [peer detach: failed: 192.168.48.17 is not part of cluster
]
[sshexec] ERROR 2017/04/26 15:28:09 /src/github.com/heketi/heketi/executors/sshexec/peer.go:60: peer detach: failed: 192.168.48.17 is not part of cluster
[heketi] INFO 2017/04/26 15:28:09 Deleted node [2ac1514bf62a29d0dd9bff3d0307e775]
[asynchttp] INFO 2017/04/26 15:28:09 Completed job 9d1c10c4c0228f98c13a414f16c3fbca in 10.39127641s
[heketi] INFO 2017/04/26 15:28:09 Deleted node [d281257a070ad278c21514299cca4924]
[asynchttp] INFO 2017/04/26 15:28:09 Completed job dbf618a288f2c61a10dd69dfae19c66b in 8.373208154s
[sshexec] ERROR 2017/04/26 15:28:09 /src/github.com/heketi/heketi/pkg/utils/ssh/ssh.go:173: Failed to run command [/bin/bash -c 'gluster peer detach 192.168.48.17'] on 192.168.48.12:22: Err[Process exited with: 1. Reason was:  ()]: Stdout []: Stderr [peer detach: failed: 192.168.48.17 is not part of cluster
]
[sshexec] ERROR 2017/04/26 15:28:09 /src/github.com/heketi/heketi/executors/sshexec/peer.go:60: peer detach: failed: 192.168.48.17 is not part of cluster
[heketi] INFO 2017/04/26 15:28:09 Deleted node [d281257a070ad278c21514299cca4924]
[asynchttp] INFO 2017/04/26 15:28:09 Completed job 180bcbc9401d75888ef05317ae9b934a in 6.096281364s
[sshexec] DEBUG 2017/04/26 15:28:09 /src/github.com/heketi/heketi/pkg/utils/ssh/ssh.go:176: Host: 192.168.48.14:22 Command: /bin/bash -c 'vgremove vg_6182ce02f2f3399ed0f54b480fe6a08f'
Result:   Volume group "vg_6182ce02f2f3399ed0f54b480fe6a08f" successfully removed
[sshexec] DEBUG 2017/04/26 15:28:09 /src/github.com/heketi/heketi/pkg/utils/ssh/ssh.go:176: Host: 192.168.48.14:22 Command: /bin/bash -c 'pvremove /dev/sdb'
Result:   Labels on physical volume "/dev/sdb" successfully wiped
[sshexec] ERROR 2017/04/26 15:28:09 /src/github.com/heketi/heketi/pkg/utils/ssh/ssh.go:173: Failed to run command [/bin/bash -c 'gluster peer detach 192.168.48.17'] on 192.168.48.12:22: Err[Process exited with: 1. Reason was:  ()]: Stdout []: Stderr [peer detach: failed: 192.168.48.17 is not part of cluster
]
[sshexec] ERROR 2017/04/26 15:28:09 /src/github.com/heketi/heketi/executors/sshexec/peer.go:60: peer detach: failed: 192.168.48.17 is not part of cluster
[heketi] INFO 2017/04/26 15:28:09 Deleted node [d281257a070ad278c21514299cca4924]
[asynchttp] INFO 2017/04/26 15:28:09 Completed job f7a7f5de98676ff963983598e22e748b in 2.134928686s
[sshexec] ERROR 2017/04/26 15:28:09 /src/github.com/heketi/heketi/pkg/utils/ssh/ssh.go:173: Failed to run command [/bin/bash -c 'gluster peer detach 192.168.48.12'] on 192.168.48.14:22: Err[Process exited with: 1. Reason was:  ()]: Stdout []: Stderr [peer detach: failed: 192.168.48.12 is not part of cluster
]
[sshexec] ERROR 2017/04/26 15:28:09 /src/github.com/heketi/heketi/executors/sshexec/peer.go:60: peer detach: failed: 192.168.48.12 is not part of cluster
[heketi] INFO 2017/04/26 15:28:09 Deleted node [2ac1514bf62a29d0dd9bff3d0307e775]
[asynchttp] INFO 2017/04/26 15:28:09 Completed job a29b9eff9aea1faaed55d1d0fb808600 in 8.990199136s
[sshexec] ERROR 2017/04/26 15:28:10 /src/github.com/heketi/heketi/pkg/utils/ssh/ssh.go:173: Failed to run command [/bin/bash -c 'vgremove vg_6182ce02f2f3399ed0f54b480fe6a08f'] on 192.168.48.14:22: Err[Process exited with: 5. Reason was:  ()]: Stdout []: Stderr [  Volume group "vg_6182ce02f2f3399ed0f54b480fe6a08f" not found
  Cannot process volume group vg_6182ce02f2f3399ed0f54b480fe6a08f
]
[sshexec] ERROR 2017/04/26 15:28:10 /src/github.com/heketi/heketi/executors/sshexec/device.go:75: Error while deleting device /dev/sdb on 192.168.48.14 with id 6182ce02f2f3399ed0f54b480fe6a08f
[sshexec] ERROR 2017/04/26 15:28:10 /src/github.com/heketi/heketi/pkg/utils/ssh/ssh.go:173: Failed to run command [/bin/bash -c 'gluster peer detach 192.168.48.12'] on 192.168.48.14:22: Err[Process exited with: 1. Reason was:  ()]: Stdout []: Stderr [peer detach: failed: 192.168.48.12 is not part of cluster
]
[sshexec] ERROR 2017/04/26 15:28:10 /src/github.com/heketi/heketi/executors/sshexec/peer.go:60: peer detach: failed: 192.168.48.12 is not part of cluster
[heketi] INFO 2017/04/26 15:28:10 Deleted node [2ac1514bf62a29d0dd9bff3d0307e775]
[asynchttp] INFO 2017/04/26 15:28:10 Completed job 216be47a24fac0c0ad69e83812fb4a83 in 7.072137467s
[sshexec] ERROR 2017/04/26 15:28:10 /src/github.com/heketi/heketi/pkg/utils/ssh/ssh.go:173: Failed to run command [/bin/bash -c 'vgremove vg_6182ce02f2f3399ed0f54b480fe6a08f'] on 192.168.48.14:22: Err[Process exited with: 5. Reason was:  ()]: Stdout []: Stderr [  Volume group "vg_6182ce02f2f3399ed0f54b480fe6a08f" not found
  Cannot process volume group vg_6182ce02f2f3399ed0f54b480fe6a08f
]
[sshexec] ERROR 2017/04/26 15:28:10 /src/github.com/heketi/heketi/executors/sshexec/device.go:75: Error while deleting device /dev/sdb on 192.168.48.14 with id 6182ce02f2f3399ed0f54b480fe6a08f
[sshexec] ERROR 2017/04/26 15:28:10 /src/github.com/heketi/heketi/pkg/utils/ssh/ssh.go:173: Failed to run command [/bin/bash -c 'gluster peer detach 192.168.48.12'] on 192.168.48.14:22: Err[Process exited with: 1. Reason was:  ()]: Stdout []: Stderr [peer detach: failed: 192.168.48.12 is not part of cluster
]
[sshexec] ERROR 2017/04/26 15:28:10 /src/github.com/heketi/heketi/executors/sshexec/peer.go:60: peer detach: failed: 192.168.48.12 is not part of cluster
[heketi] INFO 2017/04/26 15:28:10 Deleted node [2ac1514bf62a29d0dd9bff3d0307e775]
[asynchttp] INFO 2017/04/26 15:28:10 Completed job 99eaa6bb7b7c2b88ee50dbce41714382 in 3.460094482s
[sshexec] ERROR 2017/04/26 15:28:11 /src/github.com/heketi/heketi/pkg/utils/ssh/ssh.go:173: Failed to run command [/bin/bash -c 'vgremove vg_6182ce02f2f3399ed0f54b480fe6a08f'] on 192.168.48.14:22: Err[Process exited with: 5. Reason was:  ()]: Stdout []: Stderr [  Volume group "vg_6182ce02f2f3399ed0f54b480fe6a08f" not found
  Cannot process volume group vg_6182ce02f2f3399ed0f54b480fe6a08f
]
[sshexec] ERROR 2017/04/26 15:28:11 /src/github.com/heketi/heketi/executors/sshexec/device.go:75: Error while deleting device /dev/sdb on 192.168.48.14 with id 6182ce02f2f3399ed0f54b480fe6a08f
[sshexec] ERROR 2017/04/26 15:28:11 /src/github.com/heketi/heketi/pkg/utils/ssh/ssh.go:173: Failed to run command [/bin/bash -c 'ls /var/lib/heketi/mounts/vg_6182ce02f2f3399ed0f54b480fe6a08f'] on 192.168.48.14:22: Err[Process exited with: 2. Reason was:  ()]: Stdout []: Stderr [ls: cannot access '/var/lib/heketi/mounts/vg_6182ce02f2f3399ed0f54b480fe6a08f': No such file or directory
]
[heketi] INFO 2017/04/26 15:28:11 Deleted node [6182ce02f2f3399ed0f54b480fe6a08f]
[asynchttp] INFO 2017/04/26 15:28:11 Completed job 70c64eb620cf342cb39b6f8ad58d8dfc in 12.463574838s
[sshexec] ERROR 2017/04/26 15:28:11 /src/github.com/heketi/heketi/pkg/utils/ssh/ssh.go:173: Failed to run command [/bin/bash -c 'ls /var/lib/heketi/mounts/vg_6182ce02f2f3399ed0f54b480fe6a08f'] on 192.168.48.14:22: Err[Process exited with: 2. Reason was:  ()]: Stdout []: Stderr [ls: cannot access '/var/lib/heketi/mounts/vg_6182ce02f2f3399ed0f54b480fe6a08f': No such file or directory
]
[heketi] INFO 2017/04/26 15:28:11 Deleted node [6182ce02f2f3399ed0f54b480fe6a08f]
[asynchttp] INFO 2017/04/26 15:28:11 Completed job 087d559ea76c205bedf39df06a9c747d in 10.626873901s
[sshexec] ERROR 2017/04/26 15:28:11 /src/github.com/heketi/heketi/pkg/utils/ssh/ssh.go:173: Failed to run command [/bin/bash -c 'ls /var/lib/heketi/mounts/vg_6182ce02f2f3399ed0f54b480fe6a08f'] on 192.168.48.14:22: Err[Process exited with: 2. Reason was:  ()]: Stdout []: Stderr [ls: cannot access '/var/lib/heketi/mounts/vg_6182ce02f2f3399ed0f54b480fe6a08f': No such file or directory
]
[heketi] INFO 2017/04/26 15:28:11 Deleted node [6182ce02f2f3399ed0f54b480fe6a08f]
[asynchttp] INFO 2017/04/26 15:28:11 Completed job 0928c1eb500ac2f2f9f6e544ec5c5172 in 8.46107086s
[sshexec] ERROR 2017/04/26 15:28:11 /src/github.com/heketi/heketi/pkg/utils/ssh/ssh.go:173: Failed to run command [/bin/bash -c 'ls /var/lib/heketi/mounts/vg_6182ce02f2f3399ed0f54b480fe6a08f'] on 192.168.48.14:22: Err[Process exited with: 2. Reason was:  ()]: Stdout []: Stderr [ls: cannot access '/var/lib/heketi/mounts/vg_6182ce02f2f3399ed0f54b480fe6a08f': No such file or directory
]
[heketi] INFO 2017/04/26 15:28:12 Deleted node [6182ce02f2f3399ed0f54b480fe6a08f]
[asynchttp] INFO 2017/04/26 15:28:12 Completed job 910153fdc863579911ac8758bbb7135d in 4.483206461s
[negroni] Started GET /clusters/5f4d002ceb4aa7f2a9097c478b929b95
[negroni] Completed 200 OK in 7.489459ms
[negroni] Started GET /nodes/a70253d51a5c2975fefc2f58bd8bf9fb
[negroni] Completed 200 OK in 742.492µs
[negroni] Started DELETE /nodes/a70253d51a5c2975fefc2f58bd8bf9fb
[heketi] INFO 2017/04/26 15:28:13 Deleting node 192.168.48.14 [a70253d51a5c2975fefc2f58bd8bf9fb]
[negroni] Completed 202 Accepted in 782.728µs
[asynchttp] INFO 2017/04/26 15:28:13 Started job 05a99b44638cc724d3371e79534c3e6d
[negroni] Started DELETE /clusters/5f4d002ceb4aa7f2a9097c478b929b95
[heketi] INFO 2017/04/26 15:28:13 Deleted node [a70253d51a5c2975fefc2f58bd8bf9fb]
[asynchttp] INFO 2017/04/26 15:28:13 Completed job 05a99b44638cc724d3371e79534c3e6d in 7.026977ms
[heketi] INFO 2017/04/26 15:28:13 Deleted cluster [5f4d002ceb4aa7f2a9097c478b929b95]
[negroni] Completed 200 OK in 12.244191ms
[negroni] Started POST /clusters
[negroni] Completed 201 Created in 13.171922ms
[negroni] Started POST /nodes
[heketi] INFO 2017/04/26 15:28:20 Adding node 192.168.48.14
[negroni] Completed 202 Accepted in 11.091683ms
[asynchttp] INFO 2017/04/26 15:28:20 Started job 6abab34e4773a1ed64aeca85441f1cd8
[negroni] Started GET /queue/6abab34e4773a1ed64aeca85441f1cd8
[negroni] Completed 200 OK in 60.079µs
[heketi] INFO 2017/04/26 15:28:20 Added node 3b406b3fd0c2e0585bbbe1ee8cf8a251
[asynchttp] INFO 2017/04/26 15:28:20 Completed job 6abab34e4773a1ed64aeca85441f1cd8 in 15.740625ms
[negroni] Started GET /queue/6abab34e4773a1ed64aeca85441f1cd8
[negroni] Completed 303 See Other in 85.487µs
[negroni] Started GET /nodes/3b406b3fd0c2e0585bbbe1ee8cf8a251
[negroni] Completed 200 OK in 7.539007ms
[negroni] Started POST /devices
[heketi] INFO 2017/04/26 15:28:20 Adding device /dev/sdb to node 3b406b3fd0c2e0585bbbe1ee8cf8a251
[negroni] Completed 202 Accepted in 7.973935ms
[asynchttp] INFO 2017/04/26 15:28:20 Started job cf7042eeff4fdee17d9a9748cec58563
[negroni] Started GET /queue/cf7042eeff4fdee17d9a9748cec58563
[negroni] Completed 200 OK in 59.579µs
[sshexec] DEBUG 2017/04/26 15:28:20 /src/github.com/heketi/heketi/pkg/utils/ssh/ssh.go:176: Host: 192.168.48.14:22 Command: /bin/bash -c 'pvcreate --metadatasize=128M --dataalignment=256K /dev/sdb'
Result:   Physical volume "/dev/sdb" successfully created
[sshexec] DEBUG 2017/04/26 15:28:20 /src/github.com/heketi/heketi/pkg/utils/ssh/ssh.go:176: Host: 192.168.48.14:22 Command: /bin/bash -c 'vgcreate vg_d72d3bd802d4e511a80ce2f16181289d /dev/sdb'
Result:   Volume group "vg_d72d3bd802d4e511a80ce2f16181289d" successfully created
[sshexec] DEBUG 2017/04/26 15:28:21 /src/github.com/heketi/heketi/pkg/utils/ssh/ssh.go:176: Host: 192.168.48.14:22 Command: /bin/bash -c 'vgdisplay -c vg_d72d3bd802d4e511a80ce2f16181289d'
Result:   vg_d72d3bd802d4e511a80ce2f16181289d:r/w:772:-1:0:0:0:-1:0:1:1:975450112:4096:238147:0:238147:tc9hC9-FYb5-mfFp-LRc8-Q2Y9-NUr2-kUQHyw
[sshexec] DEBUG 2017/04/26 15:28:21 /src/github.com/heketi/heketi/executors/sshexec/device.go:137: Size of /dev/sdb in 192.168.48.14 is 975450112
[heketi] INFO 2017/04/26 15:28:21 Added device /dev/sdb
[asynchttp] INFO 2017/04/26 15:28:21 Completed job cf7042eeff4fdee17d9a9748cec58563 in 694.37681ms
[negroni] Started GET /queue/cf7042eeff4fdee17d9a9748cec58563
[negroni] Completed 204 No Content in 60.094µs
[negroni] Started POST /nodes
[heketi] INFO 2017/04/26 15:28:21 Adding node 192.168.48.17
[negroni] Completed 202 Accepted in 20.33155ms
[asynchttp] INFO 2017/04/26 15:28:21 Started job f8ce6dc5a422e7662c6bf71082e2a97f
[sshexec] INFO 2017/04/26 15:28:21 Probing: 192.168.48.14 -> 192.168.48.17
[negroni] Started GET /queue/f8ce6dc5a422e7662c6bf71082e2a97f
[negroni] Completed 200 OK in 47.114µs
[negroni] Started GET /queue/f8ce6dc5a422e7662c6bf71082e2a97f
[negroni] Completed 200 OK in 75.6µs
[sshexec] DEBUG 2017/04/26 15:28:22 /src/github.com/heketi/heketi/pkg/utils/ssh/ssh.go:176: Host: 192.168.48.14:22 Command: /bin/bash -c 'gluster peer probe 192.168.48.17'
Result: peer probe: success. Host 192.168.48.17 port 24007 already in peer list
[heketi] INFO 2017/04/26 15:28:22 Added node 0fa73aa23d555c9ed7706e14ad37fa3c
[asynchttp] INFO 2017/04/26 15:28:22 Completed job f8ce6dc5a422e7662c6bf71082e2a97f in 416.370078ms
[negroni] Started GET /queue/f8ce6dc5a422e7662c6bf71082e2a97f
[negroni] Completed 303 See Other in 123.663µs
[negroni] Started GET /nodes/0fa73aa23d555c9ed7706e14ad37fa3c
[negroni] Completed 200 OK in 7.860491ms
[negroni] Started POST /devices
[heketi] INFO 2017/04/26 15:28:22 Adding device /dev/sdb to node 0fa73aa23d555c9ed7706e14ad37fa3c
[negroni] Completed 202 Accepted in 7.970353ms
[asynchttp] INFO 2017/04/26 15:28:22 Started job 267abf58b4c3391f57314c6c21daaa53
[negroni] Started GET /queue/267abf58b4c3391f57314c6c21daaa53
[negroni] Completed 200 OK in 51.937µs
[sshexec] DEBUG 2017/04/26 15:28:22 /src/github.com/heketi/heketi/pkg/utils/ssh/ssh.go:176: Host: 192.168.48.17:22 Command: /bin/bash -c 'pvcreate --metadatasize=128M --dataalignment=256K /dev/sdb'
Result:   Physical volume "/dev/sdb" successfully created
[sshexec] DEBUG 2017/04/26 15:28:22 /src/github.com/heketi/heketi/pkg/utils/ssh/ssh.go:176: Host: 192.168.48.17:22 Command: /bin/bash -c 'vgcreate vg_6c7ff8b53124baa86b5b789cd93274e1 /dev/sdb'
Result:   Volume group "vg_6c7ff8b53124baa86b5b789cd93274e1" successfully created
[sshexec] DEBUG 2017/04/26 15:28:22 /src/github.com/heketi/heketi/pkg/utils/ssh/ssh.go:176: Host: 192.168.48.17:22 Command: /bin/bash -c 'vgdisplay -c vg_6c7ff8b53124baa86b5b789cd93274e1'
Result:   vg_6c7ff8b53124baa86b5b789cd93274e1:r/w:772:-1:0:0:0:-1:0:1:1:975450112:4096:238147:0:238147:DiNGdt-RlvU-yzc1-YAjG-Tz8n-5If8-57F0yg
[sshexec] DEBUG 2017/04/26 15:28:22 /src/github.com/heketi/heketi/executors/sshexec/device.go:137: Size of /dev/sdb in 192.168.48.17 is 975450112
[heketi] INFO 2017/04/26 15:28:22 Added device /dev/sdb
[asynchttp] INFO 2017/04/26 15:28:22 Completed job 267abf58b4c3391f57314c6c21daaa53 in 604.597178ms
[negroni] Started GET /queue/267abf58b4c3391f57314c6c21daaa53
[negroni] Completed 204 No Content in 77.98µs
[negroni] Started POST /nodes
[heketi] INFO 2017/04/26 15:28:23 Adding node 192.168.48.12
[negroni] Completed 202 Accepted in 13.63898ms
[asynchttp] INFO 2017/04/26 15:28:23 Started job 1f5c1261465ceb0bd095865aca1b48b9
[sshexec] INFO 2017/04/26 15:28:23 Probing: 192.168.48.17 -> 192.168.48.12
[negroni] Started GET /queue/1f5c1261465ceb0bd095865aca1b48b9
[negroni] Completed 200 OK in 43.664µs
[negroni] Started GET /queue/1f5c1261465ceb0bd095865aca1b48b9
[negroni] Completed 200 OK in 127.564µs
[sshexec] DEBUG 2017/04/26 15:28:23 /src/github.com/heketi/heketi/pkg/utils/ssh/ssh.go:176: Host: 192.168.48.17:22 Command: /bin/bash -c 'gluster peer probe 192.168.48.12'
Result: peer probe: success. 
[heketi] INFO 2017/04/26 15:28:23 Added node 5161da96f3da6587c26cf01c6cf2b8fb
[asynchttp] INFO 2017/04/26 15:28:23 Completed job 1f5c1261465ceb0bd095865aca1b48b9 in 487.474213ms
[negroni] Started GET /queue/1f5c1261465ceb0bd095865aca1b48b9
[negroni] Completed 303 See Other in 77.72µs
[negroni] Started GET /nodes/5161da96f3da6587c26cf01c6cf2b8fb
[negroni] Completed 200 OK in 12.416302ms
[negroni] Started POST /devices
[heketi] INFO 2017/04/26 15:28:23 Adding device /dev/sdb to node 5161da96f3da6587c26cf01c6cf2b8fb
[negroni] Completed 202 Accepted in 8.444148ms
[asynchttp] INFO 2017/04/26 15:28:23 Started job 81ba97558e4a61ec27359be698bd4fb6
[negroni] Started GET /queue/81ba97558e4a61ec27359be698bd4fb6
[negroni] Completed 200 OK in 54.236µs
[sshexec] DEBUG 2017/04/26 15:28:23 /src/github.com/heketi/heketi/pkg/utils/ssh/ssh.go:176: Host: 192.168.48.12:22 Command: /bin/bash -c 'pvcreate --metadatasize=128M --dataalignment=256K /dev/sdb'
Result:   Physical volume "/dev/sdb" successfully created
[sshexec] DEBUG 2017/04/26 15:28:23 /src/github.com/heketi/heketi/pkg/utils/ssh/ssh.go:176: Host: 192.168.48.12:22 Command: /bin/bash -c 'vgcreate vg_403cca7edce115dc1c641acc2f5f11fb /dev/sdb'
Result:   Volume group "vg_403cca7edce115dc1c641acc2f5f11fb" successfully created
[sshexec] DEBUG 2017/04/26 15:28:24 /src/github.com/heketi/heketi/pkg/utils/ssh/ssh.go:176: Host: 192.168.48.12:22 Command: /bin/bash -c 'vgdisplay -c vg_403cca7edce115dc1c641acc2f5f11fb'
Result:   vg_403cca7edce115dc1c641acc2f5f11fb:r/w:772:-1:0:0:0:-1:0:1:1:976629760:4096:238435:0:238435:CDNO6m-oFfT-T9kG-PFHv-WoYQ-5YdK-0AYd26
[sshexec] DEBUG 2017/04/26 15:28:24 /src/github.com/heketi/heketi/executors/sshexec/device.go:137: Size of /dev/sdb in 192.168.48.12 is 976629760
[heketi] INFO 2017/04/26 15:28:24 Added device /dev/sdb
[asynchttp] INFO 2017/04/26 15:28:24 Completed job 81ba97558e4a61ec27359be698bd4fb6 in 538.805402ms
[negroni] Started GET /queue/81ba97558e4a61ec27359be698bd4fb6
[negroni] Completed 204 No Content in 86.774µs
[negroni] Started POST /volumes
[negroni] Completed 202 Accepted in 13.843731ms
[asynchttp] INFO 2017/04/27 01:59:24 Started job c92a2110ae26e286955f93ad82d4c9c8
[heketi] INFO 2017/04/27 01:59:24 Creating volume d45df0e432e1e0f19d4ceda4a22b3753
[heketi] INFO 2017/04/27 01:59:24 brick_num: 0
[negroni] Started GET /queue/c92a2110ae26e286955f93ad82d4c9c8
[negroni] Completed 200 OK in 141.954µs
[heketi] INFO 2017/04/27 01:59:24 Creating brick e121584a1bd0ef61a1313a9d1ec9fb25
[heketi] INFO 2017/04/27 01:59:24 Creating brick f6b36249758219161d147a08976d6383
[heketi] INFO 2017/04/27 01:59:24 Creating brick 1d45163cecf745551d91389ed7e05158
[sshexec] DEBUG 2017/04/27 01:59:24 /src/github.com/heketi/heketi/pkg/utils/ssh/ssh.go:176: Host: 192.168.48.12:22 Command: /bin/bash -c 'mkdir -p /var/lib/heketi/mounts/vg_403cca7edce115dc1c641acc2f5f11fb/brick_1d45163cecf745551d91389ed7e05158'
Result: 
[sshexec] DEBUG 2017/04/27 01:59:25 /src/github.com/heketi/heketi/pkg/utils/ssh/ssh.go:176: Host: 192.168.48.14:22 Command: /bin/bash -c 'mkdir -p /var/lib/heketi/mounts/vg_d72d3bd802d4e511a80ce2f16181289d/brick_f6b36249758219161d147a08976d6383'
Result: 
[sshexec] DEBUG 2017/04/27 01:59:25 /src/github.com/heketi/heketi/pkg/utils/ssh/ssh.go:176: Host: 192.168.48.17:22 Command: /bin/bash -c 'mkdir -p /var/lib/heketi/mounts/vg_6c7ff8b53124baa86b5b789cd93274e1/brick_e121584a1bd0ef61a1313a9d1ec9fb25'
Result: 
[negroni] Started GET /queue/c92a2110ae26e286955f93ad82d4c9c8
[negroni] Completed 200 OK in 103.815µs
[sshexec] DEBUG 2017/04/27 01:59:25 /src/github.com/heketi/heketi/pkg/utils/ssh/ssh.go:176: Host: 192.168.48.14:22 Command: /bin/bash -c 'lvcreate --poolmetadatasize 8192K -c 256K -L 1048576K -T vg_d72d3bd802d4e511a80ce2f16181289d/tp_f6b36249758219161d147a08976d6383 -V 1048576K -n brick_f6b36249758219161d147a08976d6383'
Result:   Logical volume "brick_f6b36249758219161d147a08976d6383" created.
[sshexec] DEBUG 2017/04/27 01:59:25 /src/github.com/heketi/heketi/pkg/utils/ssh/ssh.go:176: Host: 192.168.48.17:22 Command: /bin/bash -c 'lvcreate --poolmetadatasize 8192K -c 256K -L 1048576K -T vg_6c7ff8b53124baa86b5b789cd93274e1/tp_e121584a1bd0ef61a1313a9d1ec9fb25 -V 1048576K -n brick_e121584a1bd0ef61a1313a9d1ec9fb25'
Result:   Logical volume "brick_e121584a1bd0ef61a1313a9d1ec9fb25" created.
[sshexec] DEBUG 2017/04/27 01:59:26 /src/github.com/heketi/heketi/pkg/utils/ssh/ssh.go:176: Host: 192.168.48.14:22 Command: /bin/bash -c 'mkfs.xfs -i size=512 -n size=8192 /dev/mapper/vg_d72d3bd802d4e511a80ce2f16181289d-brick_f6b36249758219161d147a08976d6383'
Result: meta-data=/dev/mapper/vg_d72d3bd802d4e511a80ce2f16181289d-brick_f6b36249758219161d147a08976d6383 isize=512    agcount=8, agsize=32704 blks
         =                       sectsz=512   attr=2, projid32bit=1
         =                       crc=1        finobt=1, sparse=0
data     =                       bsize=4096   blocks=261632, imaxpct=25
         =                       sunit=64     swidth=64 blks
naming   =version 2              bsize=8192   ascii-ci=0 ftype=1
log      =internal log           bsize=4096   blocks=1728, version=2
         =                       sectsz=512   sunit=64 blks, lazy-count=1
realtime =none                   extsz=4096   blocks=0, rtextents=0
[sshexec] DEBUG 2017/04/27 01:59:26 /src/github.com/heketi/heketi/pkg/utils/ssh/ssh.go:176: Host: 192.168.48.14:22 Command: /bin/bash -c 'echo "/dev/mapper/vg_d72d3bd802d4e511a80ce2f16181289d-brick_f6b36249758219161d147a08976d6383 /var/lib/heketi/mounts/vg_d72d3bd802d4e511a80ce2f16181289d/brick_f6b36249758219161d147a08976d6383 xfs rw,inode64,noatime,nouuid 1 2" | tee -a /etc/fstab > /dev/null '
Result: 
[sshexec] DEBUG 2017/04/27 01:59:26 /src/github.com/heketi/heketi/pkg/utils/ssh/ssh.go:176: Host: 192.168.48.17:22 Command: /bin/bash -c 'mkfs.xfs -i size=512 -n size=8192 /dev/mapper/vg_6c7ff8b53124baa86b5b789cd93274e1-brick_e121584a1bd0ef61a1313a9d1ec9fb25'
Result: meta-data=/dev/mapper/vg_6c7ff8b53124baa86b5b789cd93274e1-brick_e121584a1bd0ef61a1313a9d1ec9fb25 isize=512    agcount=8, agsize=32704 blks
         =                       sectsz=512   attr=2, projid32bit=1
         =                       crc=1        finobt=1, sparse=0
data     =                       bsize=4096   blocks=261632, imaxpct=25
         =                       sunit=64     swidth=64 blks
naming   =version 2              bsize=8192   ascii-ci=0 ftype=1
log      =internal log           bsize=4096   blocks=1728, version=2
         =                       sectsz=512   sunit=64 blks, lazy-count=1
realtime =none                   extsz=4096   blocks=0, rtextents=0
[sshexec] DEBUG 2017/04/27 01:59:26 /src/github.com/heketi/heketi/pkg/utils/ssh/ssh.go:176: Host: 192.168.48.17:22 Command: /bin/bash -c 'echo "/dev/mapper/vg_6c7ff8b53124baa86b5b789cd93274e1-brick_e121584a1bd0ef61a1313a9d1ec9fb25 /var/lib/heketi/mounts/vg_6c7ff8b53124baa86b5b789cd93274e1/brick_e121584a1bd0ef61a1313a9d1ec9fb25 xfs rw,inode64,noatime,nouuid 1 2" | tee -a /etc/fstab > /dev/null '
Result: 
[sshexec] DEBUG 2017/04/27 01:59:26 /src/github.com/heketi/heketi/pkg/utils/ssh/ssh.go:176: Host: 192.168.48.12:22 Command: /bin/bash -c 'lvcreate --poolmetadatasize 8192K -c 256K -L 1048576K -T vg_403cca7edce115dc1c641acc2f5f11fb/tp_1d45163cecf745551d91389ed7e05158 -V 1048576K -n brick_1d45163cecf745551d91389ed7e05158'
Result:   Logical volume "brick_1d45163cecf745551d91389ed7e05158" created.
[sshexec] DEBUG 2017/04/27 01:59:26 /src/github.com/heketi/heketi/pkg/utils/ssh/ssh.go:176: Host: 192.168.48.14:22 Command: /bin/bash -c 'mount -o rw,inode64,noatime,nouuid /dev/mapper/vg_d72d3bd802d4e511a80ce2f16181289d-brick_f6b36249758219161d147a08976d6383 /var/lib/heketi/mounts/vg_d72d3bd802d4e511a80ce2f16181289d/brick_f6b36249758219161d147a08976d6383'
Result: 
[sshexec] DEBUG 2017/04/27 01:59:26 /src/github.com/heketi/heketi/pkg/utils/ssh/ssh.go:176: Host: 192.168.48.14:22 Command: /bin/bash -c 'mkdir /var/lib/heketi/mounts/vg_d72d3bd802d4e511a80ce2f16181289d/brick_f6b36249758219161d147a08976d6383/brick'
Result: 
[sshexec] DEBUG 2017/04/27 01:59:26 /src/github.com/heketi/heketi/pkg/utils/ssh/ssh.go:176: Host: 192.168.48.14:22 Command: /bin/bash -c 'chown :2000 /var/lib/heketi/mounts/vg_d72d3bd802d4e511a80ce2f16181289d/brick_f6b36249758219161d147a08976d6383/brick'
Result: 
[sshexec] DEBUG 2017/04/27 01:59:26 /src/github.com/heketi/heketi/pkg/utils/ssh/ssh.go:176: Host: 192.168.48.14:22 Command: /bin/bash -c 'chmod 2775 /var/lib/heketi/mounts/vg_d72d3bd802d4e511a80ce2f16181289d/brick_f6b36249758219161d147a08976d6383/brick'
Result: 
[sshexec] DEBUG 2017/04/27 01:59:26 /src/github.com/heketi/heketi/pkg/utils/ssh/ssh.go:176: Host: 192.168.48.17:22 Command: /bin/bash -c 'mount -o rw,inode64,noatime,nouuid /dev/mapper/vg_6c7ff8b53124baa86b5b789cd93274e1-brick_e121584a1bd0ef61a1313a9d1ec9fb25 /var/lib/heketi/mounts/vg_6c7ff8b53124baa86b5b789cd93274e1/brick_e121584a1bd0ef61a1313a9d1ec9fb25'
Result: 
[sshexec] DEBUG 2017/04/27 01:59:26 /src/github.com/heketi/heketi/pkg/utils/ssh/ssh.go:176: Host: 192.168.48.17:22 Command: /bin/bash -c 'mkdir /var/lib/heketi/mounts/vg_6c7ff8b53124baa86b5b789cd93274e1/brick_e121584a1bd0ef61a1313a9d1ec9fb25/brick'
Result: 
[sshexec] DEBUG 2017/04/27 01:59:26 /src/github.com/heketi/heketi/pkg/utils/ssh/ssh.go:176: Host: 192.168.48.17:22 Command: /bin/bash -c 'chown :2000 /var/lib/heketi/mounts/vg_6c7ff8b53124baa86b5b789cd93274e1/brick_e121584a1bd0ef61a1313a9d1ec9fb25/brick'
Result: 
[sshexec] DEBUG 2017/04/27 01:59:26 /src/github.com/heketi/heketi/pkg/utils/ssh/ssh.go:176: Host: 192.168.48.17:22 Command: /bin/bash -c 'chmod 2775 /var/lib/heketi/mounts/vg_6c7ff8b53124baa86b5b789cd93274e1/brick_e121584a1bd0ef61a1313a9d1ec9fb25/brick'
Result: 
[sshexec] DEBUG 2017/04/27 01:59:26 /src/github.com/heketi/heketi/pkg/utils/ssh/ssh.go:176: Host: 192.168.48.12:22 Command: /bin/bash -c 'mkfs.xfs -i size=512 -n size=8192 /dev/mapper/vg_403cca7edce115dc1c641acc2f5f11fb-brick_1d45163cecf745551d91389ed7e05158'
Result: meta-data=/dev/mapper/vg_403cca7edce115dc1c641acc2f5f11fb-brick_1d45163cecf745551d91389ed7e05158 isize=512    agcount=8, agsize=32704 blks
         =                       sectsz=4096  attr=2, projid32bit=1
         =                       crc=1        finobt=1, sparse=0
data     =                       bsize=4096   blocks=261632, imaxpct=25
         =                       sunit=64     swidth=64 blks
naming   =version 2              bsize=8192   ascii-ci=0 ftype=1
log      =internal log           bsize=4096   blocks=576, version=2
         =                       sectsz=4096  sunit=1 blks, lazy-count=1
realtime =none                   extsz=4096   blocks=0, rtextents=0
[sshexec] DEBUG 2017/04/27 01:59:26 /src/github.com/heketi/heketi/pkg/utils/ssh/ssh.go:176: Host: 192.168.48.12:22 Command: /bin/bash -c 'echo "/dev/mapper/vg_403cca7edce115dc1c641acc2f5f11fb-brick_1d45163cecf745551d91389ed7e05158 /var/lib/heketi/mounts/vg_403cca7edce115dc1c641acc2f5f11fb/brick_1d45163cecf745551d91389ed7e05158 xfs rw,inode64,noatime,nouuid 1 2" | tee -a /etc/fstab > /dev/null '
Result: 
[negroni] Started GET /queue/c92a2110ae26e286955f93ad82d4c9c8
[negroni] Completed 200 OK in 71.569µs
[sshexec] DEBUG 2017/04/27 01:59:26 /src/github.com/heketi/heketi/pkg/utils/ssh/ssh.go:176: Host: 192.168.48.12:22 Command: /bin/bash -c 'mount -o rw,inode64,noatime,nouuid /dev/mapper/vg_403cca7edce115dc1c641acc2f5f11fb-brick_1d45163cecf745551d91389ed7e05158 /var/lib/heketi/mounts/vg_403cca7edce115dc1c641acc2f5f11fb/brick_1d45163cecf745551d91389ed7e05158'
Result: 
[sshexec] DEBUG 2017/04/27 01:59:26 /src/github.com/heketi/heketi/pkg/utils/ssh/ssh.go:176: Host: 192.168.48.12:22 Command: /bin/bash -c 'mkdir /var/lib/heketi/mounts/vg_403cca7edce115dc1c641acc2f5f11fb/brick_1d45163cecf745551d91389ed7e05158/brick'
Result: 
[sshexec] DEBUG 2017/04/27 01:59:26 /src/github.com/heketi/heketi/pkg/utils/ssh/ssh.go:176: Host: 192.168.48.12:22 Command: /bin/bash -c 'chown :2000 /var/lib/heketi/mounts/vg_403cca7edce115dc1c641acc2f5f11fb/brick_1d45163cecf745551d91389ed7e05158/brick'
Result: 
[sshexec] DEBUG 2017/04/27 01:59:26 /src/github.com/heketi/heketi/pkg/utils/ssh/ssh.go:176: Host: 192.168.48.12:22 Command: /bin/bash -c 'chmod 2775 /var/lib/heketi/mounts/vg_403cca7edce115dc1c641acc2f5f11fb/brick_1d45163cecf745551d91389ed7e05158/brick'
Result: 
[sshexec] INFO 2017/04/27 01:59:26 Creating volume vol_d45df0e432e1e0f19d4ceda4a22b3753 replica 3
[sshexec] ERROR 2017/04/27 01:59:27 /src/github.com/heketi/heketi/pkg/utils/ssh/ssh.go:173: Failed to run command [/bin/bash -c 'gluster --mode=script volume create vol_d45df0e432e1e0f19d4ceda4a22b3753 replica 3 192.168.48.17:/var/lib/heketi/mounts/vg_6c7ff8b53124baa86b5b789cd93274e1/brick_e121584a1bd0ef61a1313a9d1ec9fb25/brick 192.168.48.14:/var/lib/heketi/mounts/vg_d72d3bd802d4e511a80ce2f16181289d/brick_f6b36249758219161d147a08976d6383/brick 192.168.48.12:/var/lib/heketi/mounts/vg_403cca7edce115dc1c641acc2f5f11fb/brick_1d45163cecf745551d91389ed7e05158/brick '] on 192.168.48.17:22: Err[Process exited with: 1. Reason was:  ()]: Stdout []: Stderr [volume create: vol_d45df0e432e1e0f19d4ceda4a22b3753: failed: Staging failed on 192.168.48.12. Error: Host 192.168.48.14 not connected
]
[sshexec] ERROR 2017/04/27 01:59:27 /src/github.com/heketi/heketi/pkg/utils/ssh/ssh.go:173: Failed to run command [/bin/bash -c 'gluster --mode=script volume stop vol_d45df0e432e1e0f19d4ceda4a22b3753 force'] on 192.168.48.17:22: Err[Process exited with: 1. Reason was:  ()]: Stdout []: Stderr [volume stop: vol_d45df0e432e1e0f19d4ceda4a22b3753: failed: Volume vol_d45df0e432e1e0f19d4ceda4a22b3753 does not exist
]
[sshexec] ERROR 2017/04/27 01:59:27 /src/github.com/heketi/heketi/executors/sshexec/volume.go:130: Unable to stop volume vol_d45df0e432e1e0f19d4ceda4a22b3753: volume stop: vol_d45df0e432e1e0f19d4ceda4a22b3753: failed: Volume vol_d45df0e432e1e0f19d4ceda4a22b3753 does not exist
[negroni] Started GET /queue/c92a2110ae26e286955f93ad82d4c9c8
[negroni] Completed 200 OK in 74.606µs
[sshexec] ERROR 2017/04/27 01:59:27 /src/github.com/heketi/heketi/pkg/utils/ssh/ssh.go:173: Failed to run command [/bin/bash -c 'gluster --mode=script volume delete vol_d45df0e432e1e0f19d4ceda4a22b3753'] on 192.168.48.17:22: Err[Process exited with: 1. Reason was:  ()]: Stdout []: Stderr [volume delete: vol_d45df0e432e1e0f19d4ceda4a22b3753: failed: Volume vol_d45df0e432e1e0f19d4ceda4a22b3753 does not exist
]
[sshexec] ERROR 2017/04/27 01:59:27 /src/github.com/heketi/heketi/executors/sshexec/volume.go:139: Unable to delete volume vol_d45df0e432e1e0f19d4ceda4a22b3753: volume delete: vol_d45df0e432e1e0f19d4ceda4a22b3753: failed: Volume vol_d45df0e432e1e0f19d4ceda4a22b3753 does not exist
[heketi] INFO 2017/04/27 01:59:27 Deleting brick e121584a1bd0ef61a1313a9d1ec9fb25
[heketi] INFO 2017/04/27 01:59:27 Deleting brick f6b36249758219161d147a08976d6383
[heketi] INFO 2017/04/27 01:59:27 Deleting brick 1d45163cecf745551d91389ed7e05158
[sshexec] DEBUG 2017/04/27 01:59:28 /src/github.com/heketi/heketi/pkg/utils/ssh/ssh.go:176: Host: 192.168.48.17:22 Command: /bin/bash -c 'umount /var/lib/heketi/mounts/vg_6c7ff8b53124baa86b5b789cd93274e1/brick_e121584a1bd0ef61a1313a9d1ec9fb25'
Result: 
[sshexec] DEBUG 2017/04/27 01:59:28 /src/github.com/heketi/heketi/pkg/utils/ssh/ssh.go:176: Host: 192.168.48.12:22 Command: /bin/bash -c 'umount /var/lib/heketi/mounts/vg_403cca7edce115dc1c641acc2f5f11fb/brick_1d45163cecf745551d91389ed7e05158'
Result: 
[sshexec] DEBUG 2017/04/27 01:59:28 /src/github.com/heketi/heketi/pkg/utils/ssh/ssh.go:176: Host: 192.168.48.14:22 Command: /bin/bash -c 'umount /var/lib/heketi/mounts/vg_d72d3bd802d4e511a80ce2f16181289d/brick_f6b36249758219161d147a08976d6383'
Result: 
[sshexec] DEBUG 2017/04/27 01:59:28 /src/github.com/heketi/heketi/pkg/utils/ssh/ssh.go:176: Host: 192.168.48.17:22 Command: /bin/bash -c 'lvremove -f vg_6c7ff8b53124baa86b5b789cd93274e1/tp_e121584a1bd0ef61a1313a9d1ec9fb25'
Result:   Logical volume "brick_e121584a1bd0ef61a1313a9d1ec9fb25" successfully removed
  Logical volume "tp_e121584a1bd0ef61a1313a9d1ec9fb25" successfully removed
[sshexec] DEBUG 2017/04/27 01:59:28 /src/github.com/heketi/heketi/pkg/utils/ssh/ssh.go:176: Host: 192.168.48.14:22 Command: /bin/bash -c 'lvremove -f vg_d72d3bd802d4e511a80ce2f16181289d/tp_f6b36249758219161d147a08976d6383'
Result:   Logical volume "brick_f6b36249758219161d147a08976d6383" successfully removed
  Logical volume "tp_f6b36249758219161d147a08976d6383" successfully removed
[negroni] Started GET /queue/c92a2110ae26e286955f93ad82d4c9c8
[negroni] Completed 200 OK in 67.621µs
[sshexec] DEBUG 2017/04/27 01:59:28 /src/github.com/heketi/heketi/pkg/utils/ssh/ssh.go:176: Host: 192.168.48.12:22 Command: /bin/bash -c 'lvremove -f vg_403cca7edce115dc1c641acc2f5f11fb/tp_1d45163cecf745551d91389ed7e05158'
Result:   Logical volume "brick_1d45163cecf745551d91389ed7e05158" successfully removed
  Logical volume "tp_1d45163cecf745551d91389ed7e05158" successfully removed
[sshexec] DEBUG 2017/04/27 01:59:28 /src/github.com/heketi/heketi/pkg/utils/ssh/ssh.go:176: Host: 192.168.48.17:22 Command: /bin/bash -c 'rmdir /var/lib/heketi/mounts/vg_6c7ff8b53124baa86b5b789cd93274e1/brick_e121584a1bd0ef61a1313a9d1ec9fb25'
Result: 
[sshexec] DEBUG 2017/04/27 01:59:28 /src/github.com/heketi/heketi/pkg/utils/ssh/ssh.go:176: Host: 192.168.48.14:22 Command: /bin/bash -c 'rmdir /var/lib/heketi/mounts/vg_d72d3bd802d4e511a80ce2f16181289d/brick_f6b36249758219161d147a08976d6383'
Result: 
[sshexec] DEBUG 2017/04/27 01:59:29 /src/github.com/heketi/heketi/pkg/utils/ssh/ssh.go:176: Host: 192.168.48.14:22 Command: /bin/bash -c 'sed -i.save "/brick_f6b36249758219161d147a08976d6383/d" /etc/fstab'
Result: 
[sshexec] DEBUG 2017/04/27 01:59:29 /src/github.com/heketi/heketi/pkg/utils/ssh/ssh.go:176: Host: 192.168.48.12:22 Command: /bin/bash -c 'rmdir /var/lib/heketi/mounts/vg_403cca7edce115dc1c641acc2f5f11fb/brick_1d45163cecf745551d91389ed7e05158'
Result: 
[sshexec] DEBUG 2017/04/27 01:59:29 /src/github.com/heketi/heketi/pkg/utils/ssh/ssh.go:176: Host: 192.168.48.17:22 Command: /bin/bash -c 'sed -i.save "/brick_e121584a1bd0ef61a1313a9d1ec9fb25/d" /etc/fstab'
Result: 
[sshexec] DEBUG 2017/04/27 01:59:29 /src/github.com/heketi/heketi/pkg/utils/ssh/ssh.go:176: Host: 192.168.48.12:22 Command: /bin/bash -c 'sed -i.save "/brick_1d45163cecf745551d91389ed7e05158/d" /etc/fstab'
Result: 
[asynchttp] INFO 2017/04/27 01:59:29 Completed job c92a2110ae26e286955f93ad82d4c9c8 in 4.603141068s
[heketi] ERROR 2017/04/27 01:59:29 /src/github.com/heketi/heketi/apps/glusterfs/app_volume.go:148: Failed to create volume: volume create: vol_d45df0e432e1e0f19d4ceda4a22b3753: failed: Staging failed on 192.168.48.12. Error: Host 192.168.48.14 not connected
[negroni] Started GET /queue/c92a2110ae26e286955f93ad82d4c9c8
[negroni] Completed 500 Internal Server Error in 198.367µs
[negroni] Started POST /volumes
[negroni] Completed 202 Accepted in 13.946879ms
[asynchttp] INFO 2017/04/27 01:59:43 Started job bcba58267697d97b4a13c588de559c2a
[heketi] INFO 2017/04/27 01:59:43 Creating volume 3bdd53318807ad8317b7fed1eed2f3ec
[heketi] INFO 2017/04/27 01:59:43 brick_num: 0
[negroni] Started GET /queue/bcba58267697d97b4a13c588de559c2a
[negroni] Completed 200 OK in 138.546µs
[heketi] INFO 2017/04/27 01:59:43 Creating brick 3189f6b1418469716e333662dbe737aa
[heketi] INFO 2017/04/27 01:59:43 Creating brick 5fe4aba9e46aa937e4ddc30e5405a314
[heketi] INFO 2017/04/27 01:59:43 Creating brick a3a2a340717351807315ee3a74f23b5f
[sshexec] DEBUG 2017/04/27 01:59:43 /src/github.com/heketi/heketi/pkg/utils/ssh/ssh.go:176: Host: 192.168.48.12:22 Command: /bin/bash -c 'mkdir -p /var/lib/heketi/mounts/vg_403cca7edce115dc1c641acc2f5f11fb/brick_a3a2a340717351807315ee3a74f23b5f'
Result: 
[sshexec] DEBUG 2017/04/27 01:59:44 /src/github.com/heketi/heketi/pkg/utils/ssh/ssh.go:176: Host: 192.168.48.14:22 Command: /bin/bash -c 'mkdir -p /var/lib/heketi/mounts/vg_d72d3bd802d4e511a80ce2f16181289d/brick_5fe4aba9e46aa937e4ddc30e5405a314'
Result: 
[sshexec] DEBUG 2017/04/27 01:59:44 /src/github.com/heketi/heketi/pkg/utils/ssh/ssh.go:176: Host: 192.168.48.17:22 Command: /bin/bash -c 'mkdir -p /var/lib/heketi/mounts/vg_6c7ff8b53124baa86b5b789cd93274e1/brick_3189f6b1418469716e333662dbe737aa'
Result: 
[sshexec] DEBUG 2017/04/27 01:59:44 /src/github.com/heketi/heketi/pkg/utils/ssh/ssh.go:176: Host: 192.168.48.14:22 Command: /bin/bash -c 'lvcreate --poolmetadatasize 8192K -c 256K -L 1048576K -T vg_d72d3bd802d4e511a80ce2f16181289d/tp_5fe4aba9e46aa937e4ddc30e5405a314 -V 1048576K -n brick_5fe4aba9e46aa937e4ddc30e5405a314'
Result:   Logical volume "brick_5fe4aba9e46aa937e4ddc30e5405a314" created.
[sshexec] DEBUG 2017/04/27 01:59:44 /src/github.com/heketi/heketi/pkg/utils/ssh/ssh.go:176: Host: 192.168.48.17:22 Command: /bin/bash -c 'lvcreate --poolmetadatasize 8192K -c 256K -L 1048576K -T vg_6c7ff8b53124baa86b5b789cd93274e1/tp_3189f6b1418469716e333662dbe737aa -V 1048576K -n brick_3189f6b1418469716e333662dbe737aa'
Result:   Logical volume "brick_3189f6b1418469716e333662dbe737aa" created.
[sshexec] DEBUG 2017/04/27 01:59:44 /src/github.com/heketi/heketi/pkg/utils/ssh/ssh.go:176: Host: 192.168.48.12:22 Command: /bin/bash -c 'lvcreate --poolmetadatasize 8192K -c 256K -L 1048576K -T vg_403cca7edce115dc1c641acc2f5f11fb/tp_a3a2a340717351807315ee3a74f23b5f -V 1048576K -n brick_a3a2a340717351807315ee3a74f23b5f'
Result:   Logical volume "brick_a3a2a340717351807315ee3a74f23b5f" created.
[negroni] Started GET /queue/bcba58267697d97b4a13c588de559c2a
[negroni] Completed 200 OK in 59.105µs
[sshexec] DEBUG 2017/04/27 01:59:44 /src/github.com/heketi/heketi/pkg/utils/ssh/ssh.go:176: Host: 192.168.48.14:22 Command: /bin/bash -c 'mkfs.xfs -i size=512 -n size=8192 /dev/mapper/vg_d72d3bd802d4e511a80ce2f16181289d-brick_5fe4aba9e46aa937e4ddc30e5405a314'
Result: meta-data=/dev/mapper/vg_d72d3bd802d4e511a80ce2f16181289d-brick_5fe4aba9e46aa937e4ddc30e5405a314 isize=512    agcount=8, agsize=32704 blks
         =                       sectsz=512   attr=2, projid32bit=1
         =                       crc=1        finobt=1, sparse=0
data     =                       bsize=4096   blocks=261632, imaxpct=25
         =                       sunit=64     swidth=64 blks
naming   =version 2              bsize=8192   ascii-ci=0 ftype=1
log      =internal log           bsize=4096   blocks=1728, version=2
         =                       sectsz=512   sunit=64 blks, lazy-count=1
realtime =none                   extsz=4096   blocks=0, rtextents=0
[sshexec] DEBUG 2017/04/27 01:59:44 /src/github.com/heketi/heketi/pkg/utils/ssh/ssh.go:176: Host: 192.168.48.14:22 Command: /bin/bash -c 'echo "/dev/mapper/vg_d72d3bd802d4e511a80ce2f16181289d-brick_5fe4aba9e46aa937e4ddc30e5405a314 /var/lib/heketi/mounts/vg_d72d3bd802d4e511a80ce2f16181289d/brick_5fe4aba9e46aa937e4ddc30e5405a314 xfs rw,inode64,noatime,nouuid 1 2" | tee -a /etc/fstab > /dev/null '
Result: 
[sshexec] DEBUG 2017/04/27 01:59:44 /src/github.com/heketi/heketi/pkg/utils/ssh/ssh.go:176: Host: 192.168.48.17:22 Command: /bin/bash -c 'mkfs.xfs -i size=512 -n size=8192 /dev/mapper/vg_6c7ff8b53124baa86b5b789cd93274e1-brick_3189f6b1418469716e333662dbe737aa'
Result: meta-data=/dev/mapper/vg_6c7ff8b53124baa86b5b789cd93274e1-brick_3189f6b1418469716e333662dbe737aa isize=512    agcount=8, agsize=32704 blks
         =                       sectsz=512   attr=2, projid32bit=1
         =                       crc=1        finobt=1, sparse=0
data     =                       bsize=4096   blocks=261632, imaxpct=25
         =                       sunit=64     swidth=64 blks
naming   =version 2              bsize=8192   ascii-ci=0 ftype=1
log      =internal log           bsize=4096   blocks=1728, version=2
         =                       sectsz=512   sunit=64 blks, lazy-count=1
realtime =none                   extsz=4096   blocks=0, rtextents=0
[sshexec] DEBUG 2017/04/27 01:59:44 /src/github.com/heketi/heketi/pkg/utils/ssh/ssh.go:176: Host: 192.168.48.17:22 Command: /bin/bash -c 'echo "/dev/mapper/vg_6c7ff8b53124baa86b5b789cd93274e1-brick_3189f6b1418469716e333662dbe737aa /var/lib/heketi/mounts/vg_6c7ff8b53124baa86b5b789cd93274e1/brick_3189f6b1418469716e333662dbe737aa xfs rw,inode64,noatime,nouuid 1 2" | tee -a /etc/fstab > /dev/null '
Result: 
[sshexec] DEBUG 2017/04/27 01:59:44 /src/github.com/heketi/heketi/pkg/utils/ssh/ssh.go:176: Host: 192.168.48.12:22 Command: /bin/bash -c 'mkfs.xfs -i size=512 -n size=8192 /dev/mapper/vg_403cca7edce115dc1c641acc2f5f11fb-brick_a3a2a340717351807315ee3a74f23b5f'
Result: meta-data=/dev/mapper/vg_403cca7edce115dc1c641acc2f5f11fb-brick_a3a2a340717351807315ee3a74f23b5f isize=512    agcount=8, agsize=32704 blks
         =                       sectsz=4096  attr=2, projid32bit=1
         =                       crc=1        finobt=1, sparse=0
data     =                       bsize=4096   blocks=261632, imaxpct=25
         =                       sunit=64     swidth=64 blks
naming   =version 2              bsize=8192   ascii-ci=0 ftype=1
log      =internal log           bsize=4096   blocks=576, version=2
         =                       sectsz=4096  sunit=1 blks, lazy-count=1
realtime =none                   extsz=4096   blocks=0, rtextents=0
[sshexec] DEBUG 2017/04/27 01:59:44 /src/github.com/heketi/heketi/pkg/utils/ssh/ssh.go:176: Host: 192.168.48.12:22 Command: /bin/bash -c 'echo "/dev/mapper/vg_403cca7edce115dc1c641acc2f5f11fb-brick_a3a2a340717351807315ee3a74f23b5f /var/lib/heketi/mounts/vg_403cca7edce115dc1c641acc2f5f11fb/brick_a3a2a340717351807315ee3a74f23b5f xfs rw,inode64,noatime,nouuid 1 2" | tee -a /etc/fstab > /dev/null '
Result: 
[sshexec] DEBUG 2017/04/27 01:59:45 /src/github.com/heketi/heketi/pkg/utils/ssh/ssh.go:176: Host: 192.168.48.12:22 Command: /bin/bash -c 'mount -o rw,inode64,noatime,nouuid /dev/mapper/vg_403cca7edce115dc1c641acc2f5f11fb-brick_a3a2a340717351807315ee3a74f23b5f /var/lib/heketi/mounts/vg_403cca7edce115dc1c641acc2f5f11fb/brick_a3a2a340717351807315ee3a74f23b5f'
Result: 
[sshexec] DEBUG 2017/04/27 01:59:45 /src/github.com/heketi/heketi/pkg/utils/ssh/ssh.go:176: Host: 192.168.48.12:22 Command: /bin/bash -c 'mkdir /var/lib/heketi/mounts/vg_403cca7edce115dc1c641acc2f5f11fb/brick_a3a2a340717351807315ee3a74f23b5f/brick'
Result: 
[sshexec] DEBUG 2017/04/27 01:59:45 /src/github.com/heketi/heketi/pkg/utils/ssh/ssh.go:176: Host: 192.168.48.12:22 Command: /bin/bash -c 'chown :2000 /var/lib/heketi/mounts/vg_403cca7edce115dc1c641acc2f5f11fb/brick_a3a2a340717351807315ee3a74f23b5f/brick'
Result: 
[sshexec] DEBUG 2017/04/27 01:59:45 /src/github.com/heketi/heketi/pkg/utils/ssh/ssh.go:176: Host: 192.168.48.12:22 Command: /bin/bash -c 'chmod 2775 /var/lib/heketi/mounts/vg_403cca7edce115dc1c641acc2f5f11fb/brick_a3a2a340717351807315ee3a74f23b5f/brick'
Result: 
[sshexec] DEBUG 2017/04/27 01:59:45 /src/github.com/heketi/heketi/pkg/utils/ssh/ssh.go:176: Host: 192.168.48.14:22 Command: /bin/bash -c 'mount -o rw,inode64,noatime,nouuid /dev/mapper/vg_d72d3bd802d4e511a80ce2f16181289d-brick_5fe4aba9e46aa937e4ddc30e5405a314 /var/lib/heketi/mounts/vg_d72d3bd802d4e511a80ce2f16181289d/brick_5fe4aba9e46aa937e4ddc30e5405a314'
Result: 
[sshexec] DEBUG 2017/04/27 01:59:45 /src/github.com/heketi/heketi/pkg/utils/ssh/ssh.go:176: Host: 192.168.48.14:22 Command: /bin/bash -c 'mkdir /var/lib/heketi/mounts/vg_d72d3bd802d4e511a80ce2f16181289d/brick_5fe4aba9e46aa937e4ddc30e5405a314/brick'
Result: 
[sshexec] DEBUG 2017/04/27 01:59:45 /src/github.com/heketi/heketi/pkg/utils/ssh/ssh.go:176: Host: 192.168.48.14:22 Command: /bin/bash -c 'chown :2000 /var/lib/heketi/mounts/vg_d72d3bd802d4e511a80ce2f16181289d/brick_5fe4aba9e46aa937e4ddc30e5405a314/brick'
Result: 
[sshexec] DEBUG 2017/04/27 01:59:45 /src/github.com/heketi/heketi/pkg/utils/ssh/ssh.go:176: Host: 192.168.48.14:22 Command: /bin/bash -c 'chmod 2775 /var/lib/heketi/mounts/vg_d72d3bd802d4e511a80ce2f16181289d/brick_5fe4aba9e46aa937e4ddc30e5405a314/brick'
Result: 
[sshexec] DEBUG 2017/04/27 01:59:45 /src/github.com/heketi/heketi/pkg/utils/ssh/ssh.go:176: Host: 192.168.48.17:22 Command: /bin/bash -c 'mount -o rw,inode64,noatime,nouuid /dev/mapper/vg_6c7ff8b53124baa86b5b789cd93274e1-brick_3189f6b1418469716e333662dbe737aa /var/lib/heketi/mounts/vg_6c7ff8b53124baa86b5b789cd93274e1/brick_3189f6b1418469716e333662dbe737aa'
Result: 
[sshexec] DEBUG 2017/04/27 01:59:45 /src/github.com/heketi/heketi/pkg/utils/ssh/ssh.go:176: Host: 192.168.48.17:22 Command: /bin/bash -c 'mkdir /var/lib/heketi/mounts/vg_6c7ff8b53124baa86b5b789cd93274e1/brick_3189f6b1418469716e333662dbe737aa/brick'
Result: 
[sshexec] DEBUG 2017/04/27 01:59:45 /src/github.com/heketi/heketi/pkg/utils/ssh/ssh.go:176: Host: 192.168.48.17:22 Command: /bin/bash -c 'chown :2000 /var/lib/heketi/mounts/vg_6c7ff8b53124baa86b5b789cd93274e1/brick_3189f6b1418469716e333662dbe737aa/brick'
Result: 
[sshexec] DEBUG 2017/04/27 01:59:45 /src/github.com/heketi/heketi/pkg/utils/ssh/ssh.go:176: Host: 192.168.48.17:22 Command: /bin/bash -c 'chmod 2775 /var/lib/heketi/mounts/vg_6c7ff8b53124baa86b5b789cd93274e1/brick_3189f6b1418469716e333662dbe737aa/brick'
Result: 
[sshexec] INFO 2017/04/27 01:59:45 Creating volume vol_3bdd53318807ad8317b7fed1eed2f3ec replica 3
[sshexec] ERROR 2017/04/27 01:59:45 /src/github.com/heketi/heketi/pkg/utils/ssh/ssh.go:173: Failed to run command [/bin/bash -c 'gluster --mode=script volume create vol_3bdd53318807ad8317b7fed1eed2f3ec replica 3 192.168.48.17:/var/lib/heketi/mounts/vg_6c7ff8b53124baa86b5b789cd93274e1/brick_3189f6b1418469716e333662dbe737aa/brick 192.168.48.14:/var/lib/heketi/mounts/vg_d72d3bd802d4e511a80ce2f16181289d/brick_5fe4aba9e46aa937e4ddc30e5405a314/brick 192.168.48.12:/var/lib/heketi/mounts/vg_403cca7edce115dc1c641acc2f5f11fb/brick_a3a2a340717351807315ee3a74f23b5f/brick '] on 192.168.48.17:22: Err[Process exited with: 1. Reason was:  ()]: Stdout []: Stderr [volume create: vol_3bdd53318807ad8317b7fed1eed2f3ec: failed: Staging failed on 192.168.48.12. Error: Host 192.168.48.14 not connected
]
[negroni] Started GET /queue/bcba58267697d97b4a13c588de559c2a
[negroni] Completed 200 OK in 73.675µs
[sshexec] ERROR 2017/04/27 01:59:46 /src/github.com/heketi/heketi/pkg/utils/ssh/ssh.go:173: Failed to run command [/bin/bash -c 'gluster --mode=script volume stop vol_3bdd53318807ad8317b7fed1eed2f3ec force'] on 192.168.48.17:22: Err[Process exited with: 1. Reason was:  ()]: Stdout []: Stderr [volume stop: vol_3bdd53318807ad8317b7fed1eed2f3ec: failed: Volume vol_3bdd53318807ad8317b7fed1eed2f3ec does not exist
]
[sshexec] ERROR 2017/04/27 01:59:46 /src/github.com/heketi/heketi/executors/sshexec/volume.go:130: Unable to stop volume vol_3bdd53318807ad8317b7fed1eed2f3ec: volume stop: vol_3bdd53318807ad8317b7fed1eed2f3ec: failed: Volume vol_3bdd53318807ad8317b7fed1eed2f3ec does not exist
[sshexec] ERROR 2017/04/27 01:59:46 /src/github.com/heketi/heketi/pkg/utils/ssh/ssh.go:173: Failed to run command [/bin/bash -c 'gluster --mode=script volume delete vol_3bdd53318807ad8317b7fed1eed2f3ec'] on 192.168.48.17:22: Err[Process exited with: 1. Reason was:  ()]: Stdout []: Stderr [volume delete: vol_3bdd53318807ad8317b7fed1eed2f3ec: failed: Volume vol_3bdd53318807ad8317b7fed1eed2f3ec does not exist
]
[sshexec] ERROR 2017/04/27 01:59:46 /src/github.com/heketi/heketi/executors/sshexec/volume.go:139: Unable to delete volume vol_3bdd53318807ad8317b7fed1eed2f3ec: volume delete: vol_3bdd53318807ad8317b7fed1eed2f3ec: failed: Volume vol_3bdd53318807ad8317b7fed1eed2f3ec does not exist
[heketi] INFO 2017/04/27 01:59:46 Deleting brick 5fe4aba9e46aa937e4ddc30e5405a314
[heketi] INFO 2017/04/27 01:59:46 Deleting brick 3189f6b1418469716e333662dbe737aa
[heketi] INFO 2017/04/27 01:59:46 Deleting brick a3a2a340717351807315ee3a74f23b5f
[sshexec] DEBUG 2017/04/27 01:59:46 /src/github.com/heketi/heketi/pkg/utils/ssh/ssh.go:176: Host: 192.168.48.17:22 Command: /bin/bash -c 'umount /var/lib/heketi/mounts/vg_6c7ff8b53124baa86b5b789cd93274e1/brick_3189f6b1418469716e333662dbe737aa'
Result: 
[sshexec] DEBUG 2017/04/27 01:59:46 /src/github.com/heketi/heketi/pkg/utils/ssh/ssh.go:176: Host: 192.168.48.12:22 Command: /bin/bash -c 'umount /var/lib/heketi/mounts/vg_403cca7edce115dc1c641acc2f5f11fb/brick_a3a2a340717351807315ee3a74f23b5f'
Result: 
[sshexec] DEBUG 2017/04/27 01:59:46 /src/github.com/heketi/heketi/pkg/utils/ssh/ssh.go:176: Host: 192.168.48.14:22 Command: /bin/bash -c 'umount /var/lib/heketi/mounts/vg_d72d3bd802d4e511a80ce2f16181289d/brick_5fe4aba9e46aa937e4ddc30e5405a314'
Result: 
[negroni] Started GET /queue/bcba58267697d97b4a13c588de559c2a
[negroni] Completed 200 OK in 106.68µs
[sshexec] DEBUG 2017/04/27 01:59:47 /src/github.com/heketi/heketi/pkg/utils/ssh/ssh.go:176: Host: 192.168.48.14:22 Command: /bin/bash -c 'lvremove -f vg_d72d3bd802d4e511a80ce2f16181289d/tp_5fe4aba9e46aa937e4ddc30e5405a314'
Result:   Logical volume "brick_5fe4aba9e46aa937e4ddc30e5405a314" successfully removed
  Logical volume "tp_5fe4aba9e46aa937e4ddc30e5405a314" successfully removed
[sshexec] DEBUG 2017/04/27 01:59:47 /src/github.com/heketi/heketi/pkg/utils/ssh/ssh.go:176: Host: 192.168.48.17:22 Command: /bin/bash -c 'lvremove -f vg_6c7ff8b53124baa86b5b789cd93274e1/tp_3189f6b1418469716e333662dbe737aa'
Result:   Logical volume "brick_3189f6b1418469716e333662dbe737aa" successfully removed
  Logical volume "tp_3189f6b1418469716e333662dbe737aa" successfully removed
[sshexec] DEBUG 2017/04/27 01:59:47 /src/github.com/heketi/heketi/pkg/utils/ssh/ssh.go:176: Host: 192.168.48.14:22 Command: /bin/bash -c 'rmdir /var/lib/heketi/mounts/vg_d72d3bd802d4e511a80ce2f16181289d/brick_5fe4aba9e46aa937e4ddc30e5405a314'
Result: 
[sshexec] DEBUG 2017/04/27 01:59:47 /src/github.com/heketi/heketi/pkg/utils/ssh/ssh.go:176: Host: 192.168.48.12:22 Command: /bin/bash -c 'lvremove -f vg_403cca7edce115dc1c641acc2f5f11fb/tp_a3a2a340717351807315ee3a74f23b5f'
Result:   Logical volume "brick_a3a2a340717351807315ee3a74f23b5f" successfully removed
  Logical volume "tp_a3a2a340717351807315ee3a74f23b5f" successfully removed
[sshexec] DEBUG 2017/04/27 01:59:47 /src/github.com/heketi/heketi/pkg/utils/ssh/ssh.go:176: Host: 192.168.48.17:22 Command: /bin/bash -c 'rmdir /var/lib/heketi/mounts/vg_6c7ff8b53124baa86b5b789cd93274e1/brick_3189f6b1418469716e333662dbe737aa'
Result: 
[sshexec] DEBUG 2017/04/27 01:59:47 /src/github.com/heketi/heketi/pkg/utils/ssh/ssh.go:176: Host: 192.168.48.12:22 Command: /bin/bash -c 'rmdir /var/lib/heketi/mounts/vg_403cca7edce115dc1c641acc2f5f11fb/brick_a3a2a340717351807315ee3a74f23b5f'
Result: 
[sshexec] DEBUG 2017/04/27 01:59:47 /src/github.com/heketi/heketi/pkg/utils/ssh/ssh.go:176: Host: 192.168.48.14:22 Command: /bin/bash -c 'sed -i.save "/brick_5fe4aba9e46aa937e4ddc30e5405a314/d" /etc/fstab'
Result: 
[sshexec] DEBUG 2017/04/27 01:59:47 /src/github.com/heketi/heketi/pkg/utils/ssh/ssh.go:176: Host: 192.168.48.17:22 Command: /bin/bash -c 'sed -i.save "/brick_3189f6b1418469716e333662dbe737aa/d" /etc/fstab'
Result: 
[negroni] Started GET /queue/bcba58267697d97b4a13c588de559c2a
[negroni] Completed 200 OK in 55.499µs
[sshexec] DEBUG 2017/04/27 01:59:47 /src/github.com/heketi/heketi/pkg/utils/ssh/ssh.go:176: Host: 192.168.48.12:22 Command: /bin/bash -c 'sed -i.save "/brick_a3a2a340717351807315ee3a74f23b5f/d" /etc/fstab'
Result: 
[asynchttp] INFO 2017/04/27 01:59:47 Completed job bcba58267697d97b4a13c588de559c2a in 4.093300201s
[heketi] ERROR 2017/04/27 01:59:47 /src/github.com/heketi/heketi/apps/glusterfs/app_volume.go:148: Failed to create volume: volume create: vol_3bdd53318807ad8317b7fed1eed2f3ec: failed: Staging failed on 192.168.48.12. Error: Host 192.168.48.14 not connected
[negroni] Started GET /queue/bcba58267697d97b4a13c588de559c2a
[negroni] Completed 500 Internal Server Error in 218.386µs
[negroni] Started POST /volumes
[negroni] Completed 202 Accepted in 13.356843ms
[asynchttp] INFO 2017/04/27 01:59:58 Started job 47db0a168533e34a794f5648ff809072
[heketi] INFO 2017/04/27 01:59:58 Creating volume 5c2de2ae3148a57e1d32422a53b6876d
[heketi] INFO 2017/04/27 01:59:58 brick_num: 0
[negroni] Started GET /queue/47db0a168533e34a794f5648ff809072
[negroni] Completed 200 OK in 195.824µs
[heketi] INFO 2017/04/27 01:59:58 Creating brick 38be507bf31c992b6f23e93b5305ddb1
[heketi] INFO 2017/04/27 01:59:58 Creating brick d6ca33b29b924c2d6547926653f0f0b5
[heketi] INFO 2017/04/27 01:59:58 Creating brick 75e9de5c1d5b7bde14ad528d331b5587
[sshexec] DEBUG 2017/04/27 01:59:58 /src/github.com/heketi/heketi/pkg/utils/ssh/ssh.go:176: Host: 192.168.48.12:22 Command: /bin/bash -c 'mkdir -p /var/lib/heketi/mounts/vg_403cca7edce115dc1c641acc2f5f11fb/brick_d6ca33b29b924c2d6547926653f0f0b5'
Result: 
[sshexec] DEBUG 2017/04/27 01:59:59 /src/github.com/heketi/heketi/pkg/utils/ssh/ssh.go:176: Host: 192.168.48.14:22 Command: /bin/bash -c 'mkdir -p /var/lib/heketi/mounts/vg_d72d3bd802d4e511a80ce2f16181289d/brick_38be507bf31c992b6f23e93b5305ddb1'
Result: 
[sshexec] DEBUG 2017/04/27 01:59:59 /src/github.com/heketi/heketi/pkg/utils/ssh/ssh.go:176: Host: 192.168.48.17:22 Command: /bin/bash -c 'mkdir -p /var/lib/heketi/mounts/vg_6c7ff8b53124baa86b5b789cd93274e1/brick_75e9de5c1d5b7bde14ad528d331b5587'
Result: 
[sshexec] DEBUG 2017/04/27 01:59:59 /src/github.com/heketi/heketi/pkg/utils/ssh/ssh.go:176: Host: 192.168.48.17:22 Command: /bin/bash -c 'lvcreate --poolmetadatasize 8192K -c 256K -L 1048576K -T vg_6c7ff8b53124baa86b5b789cd93274e1/tp_75e9de5c1d5b7bde14ad528d331b5587 -V 1048576K -n brick_75e9de5c1d5b7bde14ad528d331b5587'
Result:   Logical volume "brick_75e9de5c1d5b7bde14ad528d331b5587" created.
[sshexec] DEBUG 2017/04/27 01:59:59 /src/github.com/heketi/heketi/pkg/utils/ssh/ssh.go:176: Host: 192.168.48.14:22 Command: /bin/bash -c 'lvcreate --poolmetadatasize 8192K -c 256K -L 1048576K -T vg_d72d3bd802d4e511a80ce2f16181289d/tp_38be507bf31c992b6f23e93b5305ddb1 -V 1048576K -n brick_38be507bf31c992b6f23e93b5305ddb1'
Result:   Logical volume "brick_38be507bf31c992b6f23e93b5305ddb1" created.
[sshexec] DEBUG 2017/04/27 01:59:59 /src/github.com/heketi/heketi/pkg/utils/ssh/ssh.go:176: Host: 192.168.48.12:22 Command: /bin/bash -c 'lvcreate --poolmetadatasize 8192K -c 256K -L 1048576K -T vg_403cca7edce115dc1c641acc2f5f11fb/tp_d6ca33b29b924c2d6547926653f0f0b5 -V 1048576K -n brick_d6ca33b29b924c2d6547926653f0f0b5'
Result:   Logical volume "brick_d6ca33b29b924c2d6547926653f0f0b5" created.
[negroni] Started GET /queue/47db0a168533e34a794f5648ff809072
[negroni] Completed 200 OK in 136.623µs
[sshexec] DEBUG 2017/04/27 01:59:59 /src/github.com/heketi/heketi/pkg/utils/ssh/ssh.go:176: Host: 192.168.48.17:22 Command: /bin/bash -c 'mkfs.xfs -i size=512 -n size=8192 /dev/mapper/vg_6c7ff8b53124baa86b5b789cd93274e1-brick_75e9de5c1d5b7bde14ad528d331b5587'
Result: meta-data=/dev/mapper/vg_6c7ff8b53124baa86b5b789cd93274e1-brick_75e9de5c1d5b7bde14ad528d331b5587 isize=512    agcount=8, agsize=32704 blks
         =                       sectsz=512   attr=2, projid32bit=1
         =                       crc=1        finobt=1, sparse=0
data     =                       bsize=4096   blocks=261632, imaxpct=25
         =                       sunit=64     swidth=64 blks
naming   =version 2              bsize=8192   ascii-ci=0 ftype=1
log      =internal log           bsize=4096   blocks=1728, version=2
         =                       sectsz=512   sunit=64 blks, lazy-count=1
realtime =none                   extsz=4096   blocks=0, rtextents=0
[sshexec] DEBUG 2017/04/27 01:59:59 /src/github.com/heketi/heketi/pkg/utils/ssh/ssh.go:176: Host: 192.168.48.17:22 Command: /bin/bash -c 'echo "/dev/mapper/vg_6c7ff8b53124baa86b5b789cd93274e1-brick_75e9de5c1d5b7bde14ad528d331b5587 /var/lib/heketi/mounts/vg_6c7ff8b53124baa86b5b789cd93274e1/brick_75e9de5c1d5b7bde14ad528d331b5587 xfs rw,inode64,noatime,nouuid 1 2" | tee -a /etc/fstab > /dev/null '
Result: 
[sshexec] DEBUG 2017/04/27 01:59:59 /src/github.com/heketi/heketi/pkg/utils/ssh/ssh.go:176: Host: 192.168.48.14:22 Command: /bin/bash -c 'mkfs.xfs -i size=512 -n size=8192 /dev/mapper/vg_d72d3bd802d4e511a80ce2f16181289d-brick_38be507bf31c992b6f23e93b5305ddb1'
Result: meta-data=/dev/mapper/vg_d72d3bd802d4e511a80ce2f16181289d-brick_38be507bf31c992b6f23e93b5305ddb1 isize=512    agcount=8, agsize=32704 blks
         =                       sectsz=512   attr=2, projid32bit=1
         =                       crc=1        finobt=1, sparse=0
data     =                       bsize=4096   blocks=261632, imaxpct=25
         =                       sunit=64     swidth=64 blks
naming   =version 2              bsize=8192   ascii-ci=0 ftype=1
log      =internal log           bsize=4096   blocks=1728, version=2
         =                       sectsz=512   sunit=64 blks, lazy-count=1
realtime =none                   extsz=4096   blocks=0, rtextents=0
[sshexec] DEBUG 2017/04/27 01:59:59 /src/github.com/heketi/heketi/pkg/utils/ssh/ssh.go:176: Host: 192.168.48.14:22 Command: /bin/bash -c 'echo "/dev/mapper/vg_d72d3bd802d4e511a80ce2f16181289d-brick_38be507bf31c992b6f23e93b5305ddb1 /var/lib/heketi/mounts/vg_d72d3bd802d4e511a80ce2f16181289d/brick_38be507bf31c992b6f23e93b5305ddb1 xfs rw,inode64,noatime,nouuid 1 2" | tee -a /etc/fstab > /dev/null '
Result: 
[sshexec] DEBUG 2017/04/27 01:59:59 /src/github.com/heketi/heketi/pkg/utils/ssh/ssh.go:176: Host: 192.168.48.12:22 Command: /bin/bash -c 'mkfs.xfs -i size=512 -n size=8192 /dev/mapper/vg_403cca7edce115dc1c641acc2f5f11fb-brick_d6ca33b29b924c2d6547926653f0f0b5'
Result: meta-data=/dev/mapper/vg_403cca7edce115dc1c641acc2f5f11fb-brick_d6ca33b29b924c2d6547926653f0f0b5 isize=512    agcount=8, agsize=32704 blks
         =                       sectsz=4096  attr=2, projid32bit=1
         =                       crc=1        finobt=1, sparse=0
data     =                       bsize=4096   blocks=261632, imaxpct=25
         =                       sunit=64     swidth=64 blks
naming   =version 2              bsize=8192   ascii-ci=0 ftype=1
log      =internal log           bsize=4096   blocks=576, version=2
         =                       sectsz=4096  sunit=1 blks, lazy-count=1
realtime =none                   extsz=4096   blocks=0, rtextents=0
[sshexec] DEBUG 2017/04/27 01:59:59 /src/github.com/heketi/heketi/pkg/utils/ssh/ssh.go:176: Host: 192.168.48.12:22 Command: /bin/bash -c 'echo "/dev/mapper/vg_403cca7edce115dc1c641acc2f5f11fb-brick_d6ca33b29b924c2d6547926653f0f0b5 /var/lib/heketi/mounts/vg_403cca7edce115dc1c641acc2f5f11fb/brick_d6ca33b29b924c2d6547926653f0f0b5 xfs rw,inode64,noatime,nouuid 1 2" | tee -a /etc/fstab > /dev/null '
Result: 
[sshexec] DEBUG 2017/04/27 02:00:00 /src/github.com/heketi/heketi/pkg/utils/ssh/ssh.go:176: Host: 192.168.48.12:22 Command: /bin/bash -c 'mount -o rw,inode64,noatime,nouuid /dev/mapper/vg_403cca7edce115dc1c641acc2f5f11fb-brick_d6ca33b29b924c2d6547926653f0f0b5 /var/lib/heketi/mounts/vg_403cca7edce115dc1c641acc2f5f11fb/brick_d6ca33b29b924c2d6547926653f0f0b5'
Result: 
[sshexec] DEBUG 2017/04/27 02:00:00 /src/github.com/heketi/heketi/pkg/utils/ssh/ssh.go:176: Host: 192.168.48.12:22 Command: /bin/bash -c 'mkdir /var/lib/heketi/mounts/vg_403cca7edce115dc1c641acc2f5f11fb/brick_d6ca33b29b924c2d6547926653f0f0b5/brick'
Result: 
[sshexec] DEBUG 2017/04/27 02:00:00 /src/github.com/heketi/heketi/pkg/utils/ssh/ssh.go:176: Host: 192.168.48.12:22 Command: /bin/bash -c 'chown :2000 /var/lib/heketi/mounts/vg_403cca7edce115dc1c641acc2f5f11fb/brick_d6ca33b29b924c2d6547926653f0f0b5/brick'
Result: 
[sshexec] DEBUG 2017/04/27 02:00:00 /src/github.com/heketi/heketi/pkg/utils/ssh/ssh.go:176: Host: 192.168.48.12:22 Command: /bin/bash -c 'chmod 2775 /var/lib/heketi/mounts/vg_403cca7edce115dc1c641acc2f5f11fb/brick_d6ca33b29b924c2d6547926653f0f0b5/brick'
Result: 
[sshexec] DEBUG 2017/04/27 02:00:00 /src/github.com/heketi/heketi/pkg/utils/ssh/ssh.go:176: Host: 192.168.48.17:22 Command: /bin/bash -c 'mount -o rw,inode64,noatime,nouuid /dev/mapper/vg_6c7ff8b53124baa86b5b789cd93274e1-brick_75e9de5c1d5b7bde14ad528d331b5587 /var/lib/heketi/mounts/vg_6c7ff8b53124baa86b5b789cd93274e1/brick_75e9de5c1d5b7bde14ad528d331b5587'
Result: 
[sshexec] DEBUG 2017/04/27 02:00:00 /src/github.com/heketi/heketi/pkg/utils/ssh/ssh.go:176: Host: 192.168.48.17:22 Command: /bin/bash -c 'mkdir /var/lib/heketi/mounts/vg_6c7ff8b53124baa86b5b789cd93274e1/brick_75e9de5c1d5b7bde14ad528d331b5587/brick'
Result: 
[sshexec] DEBUG 2017/04/27 02:00:00 /src/github.com/heketi/heketi/pkg/utils/ssh/ssh.go:176: Host: 192.168.48.17:22 Command: /bin/bash -c 'chown :2000 /var/lib/heketi/mounts/vg_6c7ff8b53124baa86b5b789cd93274e1/brick_75e9de5c1d5b7bde14ad528d331b5587/brick'
Result: 
[sshexec] DEBUG 2017/04/27 02:00:00 /src/github.com/heketi/heketi/pkg/utils/ssh/ssh.go:176: Host: 192.168.48.14:22 Command: /bin/bash -c 'mount -o rw,inode64,noatime,nouuid /dev/mapper/vg_d72d3bd802d4e511a80ce2f16181289d-brick_38be507bf31c992b6f23e93b5305ddb1 /var/lib/heketi/mounts/vg_d72d3bd802d4e511a80ce2f16181289d/brick_38be507bf31c992b6f23e93b5305ddb1'
Result: 
[sshexec] DEBUG 2017/04/27 02:00:00 /src/github.com/heketi/heketi/pkg/utils/ssh/ssh.go:176: Host: 192.168.48.17:22 Command: /bin/bash -c 'chmod 2775 /var/lib/heketi/mounts/vg_6c7ff8b53124baa86b5b789cd93274e1/brick_75e9de5c1d5b7bde14ad528d331b5587/brick'
Result: 
[sshexec] DEBUG 2017/04/27 02:00:00 /src/github.com/heketi/heketi/pkg/utils/ssh/ssh.go:176: Host: 192.168.48.14:22 Command: /bin/bash -c 'mkdir /var/lib/heketi/mounts/vg_d72d3bd802d4e511a80ce2f16181289d/brick_38be507bf31c992b6f23e93b5305ddb1/brick'
Result: 
[sshexec] DEBUG 2017/04/27 02:00:00 /src/github.com/heketi/heketi/pkg/utils/ssh/ssh.go:176: Host: 192.168.48.14:22 Command: /bin/bash -c 'chown :2000 /var/lib/heketi/mounts/vg_d72d3bd802d4e511a80ce2f16181289d/brick_38be507bf31c992b6f23e93b5305ddb1/brick'
Result: 
[sshexec] DEBUG 2017/04/27 02:00:00 /src/github.com/heketi/heketi/pkg/utils/ssh/ssh.go:176: Host: 192.168.48.14:22 Command: /bin/bash -c 'chmod 2775 /var/lib/heketi/mounts/vg_d72d3bd802d4e511a80ce2f16181289d/brick_38be507bf31c992b6f23e93b5305ddb1/brick'
Result: 
[sshexec] INFO 2017/04/27 02:00:00 Creating volume vol_5c2de2ae3148a57e1d32422a53b6876d replica 3
[sshexec] ERROR 2017/04/27 02:00:00 /src/github.com/heketi/heketi/pkg/utils/ssh/ssh.go:173: Failed to run command [/bin/bash -c 'gluster --mode=script volume create vol_5c2de2ae3148a57e1d32422a53b6876d replica 3 192.168.48.14:/var/lib/heketi/mounts/vg_d72d3bd802d4e511a80ce2f16181289d/brick_38be507bf31c992b6f23e93b5305ddb1/brick 192.168.48.12:/var/lib/heketi/mounts/vg_403cca7edce115dc1c641acc2f5f11fb/brick_d6ca33b29b924c2d6547926653f0f0b5/brick 192.168.48.17:/var/lib/heketi/mounts/vg_6c7ff8b53124baa86b5b789cd93274e1/brick_75e9de5c1d5b7bde14ad528d331b5587/brick '] on 192.168.48.14:22: Err[Process exited with: 1. Reason was:  ()]: Stdout []: Stderr [volume create: vol_5c2de2ae3148a57e1d32422a53b6876d: failed: Staging failed on 192.168.48.12. Error: Host 192.168.48.14 not connected
]
[negroni] Started GET /queue/47db0a168533e34a794f5648ff809072
[negroni] Completed 200 OK in 83.63µs
[sshexec] ERROR 2017/04/27 02:00:00 /src/github.com/heketi/heketi/pkg/utils/ssh/ssh.go:173: Failed to run command [/bin/bash -c 'gluster --mode=script volume stop vol_5c2de2ae3148a57e1d32422a53b6876d force'] on 192.168.48.14:22: Err[Process exited with: 1. Reason was:  ()]: Stdout []: Stderr [volume stop: vol_5c2de2ae3148a57e1d32422a53b6876d: failed: Volume vol_5c2de2ae3148a57e1d32422a53b6876d does not exist
]
[sshexec] ERROR 2017/04/27 02:00:00 /src/github.com/heketi/heketi/executors/sshexec/volume.go:130: Unable to stop volume vol_5c2de2ae3148a57e1d32422a53b6876d: volume stop: vol_5c2de2ae3148a57e1d32422a53b6876d: failed: Volume vol_5c2de2ae3148a57e1d32422a53b6876d does not exist
[heketi] INFO 2017/04/27 02:00:01 Deleting brick 38be507bf31c992b6f23e93b5305ddb1
[heketi] INFO 2017/04/27 02:00:01 Deleting brick d6ca33b29b924c2d6547926653f0f0b5
[heketi] INFO 2017/04/27 02:00:01 Deleting brick 75e9de5c1d5b7bde14ad528d331b5587
[sshexec] ERROR 2017/04/27 02:00:01 /src/github.com/heketi/heketi/pkg/utils/ssh/ssh.go:173: Failed to run command [/bin/bash -c 'gluster --mode=script volume delete vol_5c2de2ae3148a57e1d32422a53b6876d'] on 192.168.48.14:22: Err[Process exited with: 1. Reason was:  ()]: Stdout []: Stderr [volume delete: vol_5c2de2ae3148a57e1d32422a53b6876d: failed: Volume vol_5c2de2ae3148a57e1d32422a53b6876d does not exist
]
[sshexec] ERROR 2017/04/27 02:00:01 /src/github.com/heketi/heketi/executors/sshexec/volume.go:139: Unable to delete volume vol_5c2de2ae3148a57e1d32422a53b6876d: volume delete: vol_5c2de2ae3148a57e1d32422a53b6876d: failed: Volume vol_5c2de2ae3148a57e1d32422a53b6876d does not exist
[sshexec] DEBUG 2017/04/27 02:00:01 /src/github.com/heketi/heketi/pkg/utils/ssh/ssh.go:176: Host: 192.168.48.14:22 Command: /bin/bash -c 'umount /var/lib/heketi/mounts/vg_d72d3bd802d4e511a80ce2f16181289d/brick_38be507bf31c992b6f23e93b5305ddb1'
Result: 
[sshexec] DEBUG 2017/04/27 02:00:01 /src/github.com/heketi/heketi/pkg/utils/ssh/ssh.go:176: Host: 192.168.48.12:22 Command: /bin/bash -c 'umount /var/lib/heketi/mounts/vg_403cca7edce115dc1c641acc2f5f11fb/brick_d6ca33b29b924c2d6547926653f0f0b5'
Result: 
[sshexec] DEBUG 2017/04/27 02:00:01 /src/github.com/heketi/heketi/pkg/utils/ssh/ssh.go:176: Host: 192.168.48.17:22 Command: /bin/bash -c 'umount /var/lib/heketi/mounts/vg_6c7ff8b53124baa86b5b789cd93274e1/brick_75e9de5c1d5b7bde14ad528d331b5587'
Result: 
[negroni] Started GET /queue/47db0a168533e34a794f5648ff809072
[negroni] Completed 200 OK in 62.791µs
[sshexec] DEBUG 2017/04/27 02:00:02 /src/github.com/heketi/heketi/pkg/utils/ssh/ssh.go:176: Host: 192.168.48.17:22 Command: /bin/bash -c 'lvremove -f vg_6c7ff8b53124baa86b5b789cd93274e1/tp_75e9de5c1d5b7bde14ad528d331b5587'
Result:   Logical volume "brick_75e9de5c1d5b7bde14ad528d331b5587" successfully removed
  Logical volume "tp_75e9de5c1d5b7bde14ad528d331b5587" successfully removed
[sshexec] DEBUG 2017/04/27 02:00:02 /src/github.com/heketi/heketi/pkg/utils/ssh/ssh.go:176: Host: 192.168.48.14:22 Command: /bin/bash -c 'lvremove -f vg_d72d3bd802d4e511a80ce2f16181289d/tp_38be507bf31c992b6f23e93b5305ddb1'
Result:   Logical volume "brick_38be507bf31c992b6f23e93b5305ddb1" successfully removed
  Logical volume "tp_38be507bf31c992b6f23e93b5305ddb1" successfully removed
[sshexec] DEBUG 2017/04/27 02:00:02 /src/github.com/heketi/heketi/pkg/utils/ssh/ssh.go:176: Host: 192.168.48.12:22 Command: /bin/bash -c 'lvremove -f vg_403cca7edce115dc1c641acc2f5f11fb/tp_d6ca33b29b924c2d6547926653f0f0b5'
Result:   Logical volume "brick_d6ca33b29b924c2d6547926653f0f0b5" successfully removed
  Logical volume "tp_d6ca33b29b924c2d6547926653f0f0b5" successfully removed
[sshexec] DEBUG 2017/04/27 02:00:02 /src/github.com/heketi/heketi/pkg/utils/ssh/ssh.go:176: Host: 192.168.48.17:22 Command: /bin/bash -c 'rmdir /var/lib/heketi/mounts/vg_6c7ff8b53124baa86b5b789cd93274e1/brick_75e9de5c1d5b7bde14ad528d331b5587'
Result: 
[sshexec] DEBUG 2017/04/27 02:00:02 /src/github.com/heketi/heketi/pkg/utils/ssh/ssh.go:176: Host: 192.168.48.14:22 Command: /bin/bash -c 'rmdir /var/lib/heketi/mounts/vg_d72d3bd802d4e511a80ce2f16181289d/brick_38be507bf31c992b6f23e93b5305ddb1'
Result: 
[sshexec] DEBUG 2017/04/27 02:00:02 /src/github.com/heketi/heketi/pkg/utils/ssh/ssh.go:176: Host: 192.168.48.12:22 Command: /bin/bash -c 'rmdir /var/lib/heketi/mounts/vg_403cca7edce115dc1c641acc2f5f11fb/brick_d6ca33b29b924c2d6547926653f0f0b5'
Result: 
[sshexec] DEBUG 2017/04/27 02:00:02 /src/github.com/heketi/heketi/pkg/utils/ssh/ssh.go:176: Host: 192.168.48.14:22 Command: /bin/bash -c 'sed -i.save "/brick_38be507bf31c992b6f23e93b5305ddb1/d" /etc/fstab'
Result: 
[sshexec] DEBUG 2017/04/27 02:00:02 /src/github.com/heketi/heketi/pkg/utils/ssh/ssh.go:176: Host: 192.168.48.17:22 Command: /bin/bash -c 'sed -i.save "/brick_75e9de5c1d5b7bde14ad528d331b5587/d" /etc/fstab'
Result: 
[sshexec] DEBUG 2017/04/27 02:00:02 /src/github.com/heketi/heketi/pkg/utils/ssh/ssh.go:176: Host: 192.168.48.12:22 Command: /bin/bash -c 'sed -i.save "/brick_d6ca33b29b924c2d6547926653f0f0b5/d" /etc/fstab'
Result: 
[heketi] ERROR 2017/04/27 02:00:02 /src/github.com/heketi/heketi/apps/glusterfs/app_volume.go:148: Failed to create volume: volume create: vol_5c2de2ae3148a57e1d32422a53b6876d: failed: Staging failed on 192.168.48.12. Error: Host 192.168.48.14 not connected
[asynchttp] INFO 2017/04/27 02:00:02 Completed job 47db0a168533e34a794f5648ff809072 in 3.830803794s
[negroni] Started GET /queue/47db0a168533e34a794f5648ff809072
[negroni] Completed 500 Internal Server Error in 82.654µs
[negroni] Started POST /volumes
[negroni] Completed 202 Accepted in 9.142736ms
[asynchttp] INFO 2017/04/27 02:00:13 Started job fd9161fc8f1ea80a912d4ed60ddacce9
[heketi] INFO 2017/04/27 02:00:13 Creating volume 977b221d7a743e17cd2533a997bea57d
[heketi] INFO 2017/04/27 02:00:13 brick_num: 0
[negroni] Started GET /queue/fd9161fc8f1ea80a912d4ed60ddacce9
[negroni] Completed 200 OK in 108.184µs
[heketi] INFO 2017/04/27 02:00:13 Creating brick 934c7864351b990fb75519d55a01d209
[heketi] INFO 2017/04/27 02:00:13 Creating brick 68a992bc9aafbc27d798ac498e29733b
[heketi] INFO 2017/04/27 02:00:13 Creating brick 2a5bc4df01295739734d46a1126a86c8
[sshexec] DEBUG 2017/04/27 02:00:13 /src/github.com/heketi/heketi/pkg/utils/ssh/ssh.go:176: Host: 192.168.48.12:22 Command: /bin/bash -c 'mkdir -p /var/lib/heketi/mounts/vg_403cca7edce115dc1c641acc2f5f11fb/brick_934c7864351b990fb75519d55a01d209'
Result: 
[sshexec] DEBUG 2017/04/27 02:00:13 /src/github.com/heketi/heketi/pkg/utils/ssh/ssh.go:176: Host: 192.168.48.14:22 Command: /bin/bash -c 'mkdir -p /var/lib/heketi/mounts/vg_d72d3bd802d4e511a80ce2f16181289d/brick_2a5bc4df01295739734d46a1126a86c8'
Result: 
[sshexec] DEBUG 2017/04/27 02:00:14 /src/github.com/heketi/heketi/pkg/utils/ssh/ssh.go:176: Host: 192.168.48.17:22 Command: /bin/bash -c 'mkdir -p /var/lib/heketi/mounts/vg_6c7ff8b53124baa86b5b789cd93274e1/brick_68a992bc9aafbc27d798ac498e29733b'
Result: 
[sshexec] DEBUG 2017/04/27 02:00:14 /src/github.com/heketi/heketi/pkg/utils/ssh/ssh.go:176: Host: 192.168.48.17:22 Command: /bin/bash -c 'lvcreate --poolmetadatasize 8192K -c 256K -L 1048576K -T vg_6c7ff8b53124baa86b5b789cd93274e1/tp_68a992bc9aafbc27d798ac498e29733b -V 1048576K -n brick_68a992bc9aafbc27d798ac498e29733b'
Result:   Logical volume "brick_68a992bc9aafbc27d798ac498e29733b" created.
[sshexec] DEBUG 2017/04/27 02:00:14 /src/github.com/heketi/heketi/pkg/utils/ssh/ssh.go:176: Host: 192.168.48.14:22 Command: /bin/bash -c 'lvcreate --poolmetadatasize 8192K -c 256K -L 1048576K -T vg_d72d3bd802d4e511a80ce2f16181289d/tp_2a5bc4df01295739734d46a1126a86c8 -V 1048576K -n brick_2a5bc4df01295739734d46a1126a86c8'
Result:   Logical volume "brick_2a5bc4df01295739734d46a1126a86c8" created.
[sshexec] DEBUG 2017/04/27 02:00:14 /src/github.com/heketi/heketi/pkg/utils/ssh/ssh.go:176: Host: 192.168.48.12:22 Command: /bin/bash -c 'lvcreate --poolmetadatasize 8192K -c 256K -L 1048576K -T vg_403cca7edce115dc1c641acc2f5f11fb/tp_934c7864351b990fb75519d55a01d209 -V 1048576K -n brick_934c7864351b990fb75519d55a01d209'
Result:   Logical volume "brick_934c7864351b990fb75519d55a01d209" created.
[negroni] Started GET /queue/fd9161fc8f1ea80a912d4ed60ddacce9
[negroni] Completed 200 OK in 101.543µs
[sshexec] DEBUG 2017/04/27 02:00:14 /src/github.com/heketi/heketi/pkg/utils/ssh/ssh.go:176: Host: 192.168.48.17:22 Command: /bin/bash -c 'mkfs.xfs -i size=512 -n size=8192 /dev/mapper/vg_6c7ff8b53124baa86b5b789cd93274e1-brick_68a992bc9aafbc27d798ac498e29733b'
Result: meta-data=/dev/mapper/vg_6c7ff8b53124baa86b5b789cd93274e1-brick_68a992bc9aafbc27d798ac498e29733b isize=512    agcount=8, agsize=32704 blks
         =                       sectsz=512   attr=2, projid32bit=1
         =                       crc=1        finobt=1, sparse=0
data     =                       bsize=4096   blocks=261632, imaxpct=25
         =                       sunit=64     swidth=64 blks
naming   =version 2              bsize=8192   ascii-ci=0 ftype=1
log      =internal log           bsize=4096   blocks=1728, version=2
         =                       sectsz=512   sunit=64 blks, lazy-count=1
realtime =none                   extsz=4096   blocks=0, rtextents=0
[sshexec] DEBUG 2017/04/27 02:00:14 /src/github.com/heketi/heketi/pkg/utils/ssh/ssh.go:176: Host: 192.168.48.17:22 Command: /bin/bash -c 'echo "/dev/mapper/vg_6c7ff8b53124baa86b5b789cd93274e1-brick_68a992bc9aafbc27d798ac498e29733b /var/lib/heketi/mounts/vg_6c7ff8b53124baa86b5b789cd93274e1/brick_68a992bc9aafbc27d798ac498e29733b xfs rw,inode64,noatime,nouuid 1 2" | tee -a /etc/fstab > /dev/null '
Result: 
[sshexec] DEBUG 2017/04/27 02:00:14 /src/github.com/heketi/heketi/pkg/utils/ssh/ssh.go:176: Host: 192.168.48.14:22 Command: /bin/bash -c 'mkfs.xfs -i size=512 -n size=8192 /dev/mapper/vg_d72d3bd802d4e511a80ce2f16181289d-brick_2a5bc4df01295739734d46a1126a86c8'
Result: meta-data=/dev/mapper/vg_d72d3bd802d4e511a80ce2f16181289d-brick_2a5bc4df01295739734d46a1126a86c8 isize=512    agcount=8, agsize=32704 blks
         =                       sectsz=512   attr=2, projid32bit=1
         =                       crc=1        finobt=1, sparse=0
data     =                       bsize=4096   blocks=261632, imaxpct=25
         =                       sunit=64     swidth=64 blks
naming   =version 2              bsize=8192   ascii-ci=0 ftype=1
log      =internal log           bsize=4096   blocks=1728, version=2
         =                       sectsz=512   sunit=64 blks, lazy-count=1
realtime =none                   extsz=4096   blocks=0, rtextents=0
[sshexec] DEBUG 2017/04/27 02:00:14 /src/github.com/heketi/heketi/pkg/utils/ssh/ssh.go:176: Host: 192.168.48.14:22 Command: /bin/bash -c 'echo "/dev/mapper/vg_d72d3bd802d4e511a80ce2f16181289d-brick_2a5bc4df01295739734d46a1126a86c8 /var/lib/heketi/mounts/vg_d72d3bd802d4e511a80ce2f16181289d/brick_2a5bc4df01295739734d46a1126a86c8 xfs rw,inode64,noatime,nouuid 1 2" | tee -a /etc/fstab > /dev/null '
Result: 
[sshexec] DEBUG 2017/04/27 02:00:14 /src/github.com/heketi/heketi/pkg/utils/ssh/ssh.go:176: Host: 192.168.48.12:22 Command: /bin/bash -c 'mkfs.xfs -i size=512 -n size=8192 /dev/mapper/vg_403cca7edce115dc1c641acc2f5f11fb-brick_934c7864351b990fb75519d55a01d209'
Result: meta-data=/dev/mapper/vg_403cca7edce115dc1c641acc2f5f11fb-brick_934c7864351b990fb75519d55a01d209 isize=512    agcount=8, agsize=32704 blks
         =                       sectsz=4096  attr=2, projid32bit=1
         =                       crc=1        finobt=1, sparse=0
data     =                       bsize=4096   blocks=261632, imaxpct=25
         =                       sunit=64     swidth=64 blks
naming   =version 2              bsize=8192   ascii-ci=0 ftype=1
log      =internal log           bsize=4096   blocks=576, version=2
         =                       sectsz=4096  sunit=1 blks, lazy-count=1
realtime =none                   extsz=4096   blocks=0, rtextents=0
[sshexec] DEBUG 2017/04/27 02:00:14 /src/github.com/heketi/heketi/pkg/utils/ssh/ssh.go:176: Host: 192.168.48.12:22 Command: /bin/bash -c 'echo "/dev/mapper/vg_403cca7edce115dc1c641acc2f5f11fb-brick_934c7864351b990fb75519d55a01d209 /var/lib/heketi/mounts/vg_403cca7edce115dc1c641acc2f5f11fb/brick_934c7864351b990fb75519d55a01d209 xfs rw,inode64,noatime,nouuid 1 2" | tee -a /etc/fstab > /dev/null '
Result: 
[sshexec] DEBUG 2017/04/27 02:00:14 /src/github.com/heketi/heketi/pkg/utils/ssh/ssh.go:176: Host: 192.168.48.12:22 Command: /bin/bash -c 'mount -o rw,inode64,noatime,nouuid /dev/mapper/vg_403cca7edce115dc1c641acc2f5f11fb-brick_934c7864351b990fb75519d55a01d209 /var/lib/heketi/mounts/vg_403cca7edce115dc1c641acc2f5f11fb/brick_934c7864351b990fb75519d55a01d209'
Result: 
[sshexec] DEBUG 2017/04/27 02:00:14 /src/github.com/heketi/heketi/pkg/utils/ssh/ssh.go:176: Host: 192.168.48.12:22 Command: /bin/bash -c 'mkdir /var/lib/heketi/mounts/vg_403cca7edce115dc1c641acc2f5f11fb/brick_934c7864351b990fb75519d55a01d209/brick'
Result: 
[sshexec] DEBUG 2017/04/27 02:00:14 /src/github.com/heketi/heketi/pkg/utils/ssh/ssh.go:176: Host: 192.168.48.12:22 Command: /bin/bash -c 'chown :2000 /var/lib/heketi/mounts/vg_403cca7edce115dc1c641acc2f5f11fb/brick_934c7864351b990fb75519d55a01d209/brick'
Result: 
[sshexec] DEBUG 2017/04/27 02:00:14 /src/github.com/heketi/heketi/pkg/utils/ssh/ssh.go:176: Host: 192.168.48.12:22 Command: /bin/bash -c 'chmod 2775 /var/lib/heketi/mounts/vg_403cca7edce115dc1c641acc2f5f11fb/brick_934c7864351b990fb75519d55a01d209/brick'
Result: 
[sshexec] DEBUG 2017/04/27 02:00:15 /src/github.com/heketi/heketi/pkg/utils/ssh/ssh.go:176: Host: 192.168.48.17:22 Command: /bin/bash -c 'mount -o rw,inode64,noatime,nouuid /dev/mapper/vg_6c7ff8b53124baa86b5b789cd93274e1-brick_68a992bc9aafbc27d798ac498e29733b /var/lib/heketi/mounts/vg_6c7ff8b53124baa86b5b789cd93274e1/brick_68a992bc9aafbc27d798ac498e29733b'
Result: 
[sshexec] DEBUG 2017/04/27 02:00:15 /src/github.com/heketi/heketi/pkg/utils/ssh/ssh.go:176: Host: 192.168.48.17:22 Command: /bin/bash -c 'mkdir /var/lib/heketi/mounts/vg_6c7ff8b53124baa86b5b789cd93274e1/brick_68a992bc9aafbc27d798ac498e29733b/brick'
Result: 
[sshexec] DEBUG 2017/04/27 02:00:15 /src/github.com/heketi/heketi/pkg/utils/ssh/ssh.go:176: Host: 192.168.48.17:22 Command: /bin/bash -c 'chown :2000 /var/lib/heketi/mounts/vg_6c7ff8b53124baa86b5b789cd93274e1/brick_68a992bc9aafbc27d798ac498e29733b/brick'
Result: 
[sshexec] DEBUG 2017/04/27 02:00:15 /src/github.com/heketi/heketi/pkg/utils/ssh/ssh.go:176: Host: 192.168.48.17:22 Command: /bin/bash -c 'chmod 2775 /var/lib/heketi/mounts/vg_6c7ff8b53124baa86b5b789cd93274e1/brick_68a992bc9aafbc27d798ac498e29733b/brick'
Result: 
[sshexec] DEBUG 2017/04/27 02:00:15 /src/github.com/heketi/heketi/pkg/utils/ssh/ssh.go:176: Host: 192.168.48.14:22 Command: /bin/bash -c 'mount -o rw,inode64,noatime,nouuid /dev/mapper/vg_d72d3bd802d4e511a80ce2f16181289d-brick_2a5bc4df01295739734d46a1126a86c8 /var/lib/heketi/mounts/vg_d72d3bd802d4e511a80ce2f16181289d/brick_2a5bc4df01295739734d46a1126a86c8'
Result: 
[sshexec] DEBUG 2017/04/27 02:00:15 /src/github.com/heketi/heketi/pkg/utils/ssh/ssh.go:176: Host: 192.168.48.14:22 Command: /bin/bash -c 'mkdir /var/lib/heketi/mounts/vg_d72d3bd802d4e511a80ce2f16181289d/brick_2a5bc4df01295739734d46a1126a86c8/brick'
Result: 
[sshexec] DEBUG 2017/04/27 02:00:15 /src/github.com/heketi/heketi/pkg/utils/ssh/ssh.go:176: Host: 192.168.48.14:22 Command: /bin/bash -c 'chown :2000 /var/lib/heketi/mounts/vg_d72d3bd802d4e511a80ce2f16181289d/brick_2a5bc4df01295739734d46a1126a86c8/brick'
Result: 
[sshexec] DEBUG 2017/04/27 02:00:15 /src/github.com/heketi/heketi/pkg/utils/ssh/ssh.go:176: Host: 192.168.48.14:22 Command: /bin/bash -c 'chmod 2775 /var/lib/heketi/mounts/vg_d72d3bd802d4e511a80ce2f16181289d/brick_2a5bc4df01295739734d46a1126a86c8/brick'
Result: 
[sshexec] INFO 2017/04/27 02:00:15 Creating volume vol_977b221d7a743e17cd2533a997bea57d replica 3
[sshexec] ERROR 2017/04/27 02:00:15 /src/github.com/heketi/heketi/pkg/utils/ssh/ssh.go:173: Failed to run command [/bin/bash -c 'gluster --mode=script volume create vol_977b221d7a743e17cd2533a997bea57d replica 3 192.168.48.12:/var/lib/heketi/mounts/vg_403cca7edce115dc1c641acc2f5f11fb/brick_934c7864351b990fb75519d55a01d209/brick 192.168.48.17:/var/lib/heketi/mounts/vg_6c7ff8b53124baa86b5b789cd93274e1/brick_68a992bc9aafbc27d798ac498e29733b/brick 192.168.48.14:/var/lib/heketi/mounts/vg_d72d3bd802d4e511a80ce2f16181289d/brick_2a5bc4df01295739734d46a1126a86c8/brick '] on 192.168.48.12:22: Err[Process exited with: 1. Reason was:  ()]: Stdout []: Stderr [volume create: vol_977b221d7a743e17cd2533a997bea57d: failed: Host 192.168.48.14 not connected
]
[negroni] Started GET /queue/fd9161fc8f1ea80a912d4ed60ddacce9
[negroni] Completed 200 OK in 70.187µs
[sshexec] ERROR 2017/04/27 02:00:15 /src/github.com/heketi/heketi/pkg/utils/ssh/ssh.go:173: Failed to run command [/bin/bash -c 'gluster --mode=script volume stop vol_977b221d7a743e17cd2533a997bea57d force'] on 192.168.48.12:22: Err[Process exited with: 1. Reason was:  ()]: Stdout []: Stderr [volume stop: vol_977b221d7a743e17cd2533a997bea57d: failed: Volume vol_977b221d7a743e17cd2533a997bea57d does not exist
]
[sshexec] ERROR 2017/04/27 02:00:15 /src/github.com/heketi/heketi/executors/sshexec/volume.go:130: Unable to stop volume vol_977b221d7a743e17cd2533a997bea57d: volume stop: vol_977b221d7a743e17cd2533a997bea57d: failed: Volume vol_977b221d7a743e17cd2533a997bea57d does not exist
[sshexec] ERROR 2017/04/27 02:00:16 /src/github.com/heketi/heketi/pkg/utils/ssh/ssh.go:173: Failed to run command [/bin/bash -c 'gluster --mode=script volume delete vol_977b221d7a743e17cd2533a997bea57d'] on 192.168.48.12:22: Err[Process exited with: 1. Reason was:  ()]: Stdout []: Stderr [volume delete: vol_977b221d7a743e17cd2533a997bea57d: failed: Volume vol_977b221d7a743e17cd2533a997bea57d does not exist
]
[sshexec] ERROR 2017/04/27 02:00:16 /src/github.com/heketi/heketi/executors/sshexec/volume.go:139: Unable to delete volume vol_977b221d7a743e17cd2533a997bea57d: volume delete: vol_977b221d7a743e17cd2533a997bea57d: failed: Volume vol_977b221d7a743e17cd2533a997bea57d does not exist
[heketi] INFO 2017/04/27 02:00:16 Deleting brick 68a992bc9aafbc27d798ac498e29733b
[heketi] INFO 2017/04/27 02:00:16 Deleting brick 934c7864351b990fb75519d55a01d209
[heketi] INFO 2017/04/27 02:00:16 Deleting brick 2a5bc4df01295739734d46a1126a86c8
[sshexec] DEBUG 2017/04/27 02:00:16 /src/github.com/heketi/heketi/pkg/utils/ssh/ssh.go:176: Host: 192.168.48.14:22 Command: /bin/bash -c 'umount /var/lib/heketi/mounts/vg_d72d3bd802d4e511a80ce2f16181289d/brick_2a5bc4df01295739734d46a1126a86c8'
Result: 
[sshexec] DEBUG 2017/04/27 02:00:16 /src/github.com/heketi/heketi/pkg/utils/ssh/ssh.go:176: Host: 192.168.48.17:22 Command: /bin/bash -c 'umount /var/lib/heketi/mounts/vg_6c7ff8b53124baa86b5b789cd93274e1/brick_68a992bc9aafbc27d798ac498e29733b'
Result: 
[sshexec] DEBUG 2017/04/27 02:00:16 /src/github.com/heketi/heketi/pkg/utils/ssh/ssh.go:176: Host: 192.168.48.12:22 Command: /bin/bash -c 'umount /var/lib/heketi/mounts/vg_403cca7edce115dc1c641acc2f5f11fb/brick_934c7864351b990fb75519d55a01d209'
Result: 
[sshexec] DEBUG 2017/04/27 02:00:16 /src/github.com/heketi/heketi/pkg/utils/ssh/ssh.go:176: Host: 192.168.48.14:22 Command: /bin/bash -c 'lvremove -f vg_d72d3bd802d4e511a80ce2f16181289d/tp_2a5bc4df01295739734d46a1126a86c8'
Result:   Logical volume "brick_2a5bc4df01295739734d46a1126a86c8" successfully removed
  Logical volume "tp_2a5bc4df01295739734d46a1126a86c8" successfully removed
[negroni] Started GET /queue/fd9161fc8f1ea80a912d4ed60ddacce9
[negroni] Completed 200 OK in 49.694µs
[sshexec] DEBUG 2017/04/27 02:00:16 /src/github.com/heketi/heketi/pkg/utils/ssh/ssh.go:176: Host: 192.168.48.17:22 Command: /bin/bash -c 'lvremove -f vg_6c7ff8b53124baa86b5b789cd93274e1/tp_68a992bc9aafbc27d798ac498e29733b'
Result:   Logical volume "brick_68a992bc9aafbc27d798ac498e29733b" successfully removed
  Logical volume "tp_68a992bc9aafbc27d798ac498e29733b" successfully removed
[sshexec] DEBUG 2017/04/27 02:00:16 /src/github.com/heketi/heketi/pkg/utils/ssh/ssh.go:176: Host: 192.168.48.14:22 Command: /bin/bash -c 'rmdir /var/lib/heketi/mounts/vg_d72d3bd802d4e511a80ce2f16181289d/brick_2a5bc4df01295739734d46a1126a86c8'
Result: 
[sshexec] DEBUG 2017/04/27 02:00:17 /src/github.com/heketi/heketi/pkg/utils/ssh/ssh.go:176: Host: 192.168.48.14:22 Command: /bin/bash -c 'sed -i.save "/brick_2a5bc4df01295739734d46a1126a86c8/d" /etc/fstab'
Result: 
[sshexec] DEBUG 2017/04/27 02:00:17 /src/github.com/heketi/heketi/pkg/utils/ssh/ssh.go:176: Host: 192.168.48.12:22 Command: /bin/bash -c 'lvremove -f vg_403cca7edce115dc1c641acc2f5f11fb/tp_934c7864351b990fb75519d55a01d209'
Result:   Logical volume "brick_934c7864351b990fb75519d55a01d209" successfully removed
  Logical volume "tp_934c7864351b990fb75519d55a01d209" successfully removed
[sshexec] DEBUG 2017/04/27 02:00:17 /src/github.com/heketi/heketi/pkg/utils/ssh/ssh.go:176: Host: 192.168.48.17:22 Command: /bin/bash -c 'rmdir /var/lib/heketi/mounts/vg_6c7ff8b53124baa86b5b789cd93274e1/brick_68a992bc9aafbc27d798ac498e29733b'
Result: 
[sshexec] DEBUG 2017/04/27 02:00:17 /src/github.com/heketi/heketi/pkg/utils/ssh/ssh.go:176: Host: 192.168.48.12:22 Command: /bin/bash -c 'rmdir /var/lib/heketi/mounts/vg_403cca7edce115dc1c641acc2f5f11fb/brick_934c7864351b990fb75519d55a01d209'
Result: 
[sshexec] DEBUG 2017/04/27 02:00:17 /src/github.com/heketi/heketi/pkg/utils/ssh/ssh.go:176: Host: 192.168.48.17:22 Command: /bin/bash -c 'sed -i.save "/brick_68a992bc9aafbc27d798ac498e29733b/d" /etc/fstab'
Result: 
[sshexec] DEBUG 2017/04/27 02:00:17 /src/github.com/heketi/heketi/pkg/utils/ssh/ssh.go:176: Host: 192.168.48.12:22 Command: /bin/bash -c 'sed -i.save "/brick_934c7864351b990fb75519d55a01d209/d" /etc/fstab'
Result: 
[asynchttp] INFO 2017/04/27 02:00:17 Completed job fd9161fc8f1ea80a912d4ed60ddacce9 in 3.80821784s
[heketi] ERROR 2017/04/27 02:00:17 /src/github.com/heketi/heketi/apps/glusterfs/app_volume.go:148: Failed to create volume: volume create: vol_977b221d7a743e17cd2533a997bea57d: failed: Host 192.168.48.14 not connected
[negroni] Started GET /queue/fd9161fc8f1ea80a912d4ed60ddacce9
[negroni] Completed 500 Internal Server Error in 59.865µs
[negroni] Started POST /volumes
[negroni] Completed 202 Accepted in 16.738514ms
[asynchttp] INFO 2017/04/27 02:00:28 Started job 941d9bb5fcad98f84181a3da3bd54f31
[heketi] INFO 2017/04/27 02:00:28 Creating volume 34424af22480c64c0387b673c8f43035
[heketi] INFO 2017/04/27 02:00:28 brick_num: 0
[negroni] Started GET /queue/941d9bb5fcad98f84181a3da3bd54f31
[negroni] Completed 200 OK in 96.144µs
[heketi] INFO 2017/04/27 02:00:28 Creating brick 5f5c9f3e1322308b16c008f7c90fa7ac
[heketi] INFO 2017/04/27 02:00:28 Creating brick 7cfd932a6eb646008e2818d163d3f750
[heketi] INFO 2017/04/27 02:00:28 Creating brick e61bb3a54045eade072653f04964bceb
[sshexec] DEBUG 2017/04/27 02:00:29 /src/github.com/heketi/heketi/pkg/utils/ssh/ssh.go:176: Host: 192.168.48.14:22 Command: /bin/bash -c 'mkdir -p /var/lib/heketi/mounts/vg_d72d3bd802d4e511a80ce2f16181289d/brick_e61bb3a54045eade072653f04964bceb'
Result: 
[sshexec] DEBUG 2017/04/27 02:00:29 /src/github.com/heketi/heketi/pkg/utils/ssh/ssh.go:176: Host: 192.168.48.12:22 Command: /bin/bash -c 'mkdir -p /var/lib/heketi/mounts/vg_403cca7edce115dc1c641acc2f5f11fb/brick_5f5c9f3e1322308b16c008f7c90fa7ac'
Result: 
[sshexec] DEBUG 2017/04/27 02:00:29 /src/github.com/heketi/heketi/pkg/utils/ssh/ssh.go:176: Host: 192.168.48.17:22 Command: /bin/bash -c 'mkdir -p /var/lib/heketi/mounts/vg_6c7ff8b53124baa86b5b789cd93274e1/brick_7cfd932a6eb646008e2818d163d3f750'
Result: 
[sshexec] DEBUG 2017/04/27 02:00:29 /src/github.com/heketi/heketi/pkg/utils/ssh/ssh.go:176: Host: 192.168.48.14:22 Command: /bin/bash -c 'lvcreate --poolmetadatasize 8192K -c 256K -L 1048576K -T vg_d72d3bd802d4e511a80ce2f16181289d/tp_e61bb3a54045eade072653f04964bceb -V 1048576K -n brick_e61bb3a54045eade072653f04964bceb'
Result:   Logical volume "brick_e61bb3a54045eade072653f04964bceb" created.
[sshexec] DEBUG 2017/04/27 02:00:29 /src/github.com/heketi/heketi/pkg/utils/ssh/ssh.go:176: Host: 192.168.48.17:22 Command: /bin/bash -c 'lvcreate --poolmetadatasize 8192K -c 256K -L 1048576K -T vg_6c7ff8b53124baa86b5b789cd93274e1/tp_7cfd932a6eb646008e2818d163d3f750 -V 1048576K -n brick_7cfd932a6eb646008e2818d163d3f750'
Result:   Logical volume "brick_7cfd932a6eb646008e2818d163d3f750" created.
[sshexec] DEBUG 2017/04/27 02:00:29 /src/github.com/heketi/heketi/pkg/utils/ssh/ssh.go:176: Host: 192.168.48.14:22 Command: /bin/bash -c 'mkfs.xfs -i size=512 -n size=8192 /dev/mapper/vg_d72d3bd802d4e511a80ce2f16181289d-brick_e61bb3a54045eade072653f04964bceb'
Result: meta-data=/dev/mapper/vg_d72d3bd802d4e511a80ce2f16181289d-brick_e61bb3a54045eade072653f04964bceb isize=512    agcount=8, agsize=32704 blks
         =                       sectsz=512   attr=2, projid32bit=1
         =                       crc=1        finobt=1, sparse=0
data     =                       bsize=4096   blocks=261632, imaxpct=25
         =                       sunit=64     swidth=64 blks
naming   =version 2              bsize=8192   ascii-ci=0 ftype=1
log      =internal log           bsize=4096   blocks=1728, version=2
         =                       sectsz=512   sunit=64 blks, lazy-count=1
realtime =none                   extsz=4096   blocks=0, rtextents=0
[sshexec] DEBUG 2017/04/27 02:00:29 /src/github.com/heketi/heketi/pkg/utils/ssh/ssh.go:176: Host: 192.168.48.14:22 Command: /bin/bash -c 'echo "/dev/mapper/vg_d72d3bd802d4e511a80ce2f16181289d-brick_e61bb3a54045eade072653f04964bceb /var/lib/heketi/mounts/vg_d72d3bd802d4e511a80ce2f16181289d/brick_e61bb3a54045eade072653f04964bceb xfs rw,inode64,noatime,nouuid 1 2" | tee -a /etc/fstab > /dev/null '
Result: 
[sshexec] DEBUG 2017/04/27 02:00:29 /src/github.com/heketi/heketi/pkg/utils/ssh/ssh.go:176: Host: 192.168.48.12:22 Command: /bin/bash -c 'lvcreate --poolmetadatasize 8192K -c 256K -L 1048576K -T vg_403cca7edce115dc1c641acc2f5f11fb/tp_5f5c9f3e1322308b16c008f7c90fa7ac -V 1048576K -n brick_5f5c9f3e1322308b16c008f7c90fa7ac'
Result:   Logical volume "brick_5f5c9f3e1322308b16c008f7c90fa7ac" created.
[negroni] Started GET /queue/941d9bb5fcad98f84181a3da3bd54f31
[negroni] Completed 200 OK in 97.491µs
[sshexec] DEBUG 2017/04/27 02:00:29 /src/github.com/heketi/heketi/pkg/utils/ssh/ssh.go:176: Host: 192.168.48.17:22 Command: /bin/bash -c 'mkfs.xfs -i size=512 -n size=8192 /dev/mapper/vg_6c7ff8b53124baa86b5b789cd93274e1-brick_7cfd932a6eb646008e2818d163d3f750'
Result: meta-data=/dev/mapper/vg_6c7ff8b53124baa86b5b789cd93274e1-brick_7cfd932a6eb646008e2818d163d3f750 isize=512    agcount=8, agsize=32704 blks
         =                       sectsz=512   attr=2, projid32bit=1
         =                       crc=1        finobt=1, sparse=0
data     =                       bsize=4096   blocks=261632, imaxpct=25
         =                       sunit=64     swidth=64 blks
naming   =version 2              bsize=8192   ascii-ci=0 ftype=1
log      =internal log           bsize=4096   blocks=1728, version=2
         =                       sectsz=512   sunit=64 blks, lazy-count=1
realtime =none                   extsz=4096   blocks=0, rtextents=0
[sshexec] DEBUG 2017/04/27 02:00:29 /src/github.com/heketi/heketi/pkg/utils/ssh/ssh.go:176: Host: 192.168.48.17:22 Command: /bin/bash -c 'echo "/dev/mapper/vg_6c7ff8b53124baa86b5b789cd93274e1-brick_7cfd932a6eb646008e2818d163d3f750 /var/lib/heketi/mounts/vg_6c7ff8b53124baa86b5b789cd93274e1/brick_7cfd932a6eb646008e2818d163d3f750 xfs rw,inode64,noatime,nouuid 1 2" | tee -a /etc/fstab > /dev/null '
Result: 
[sshexec] DEBUG 2017/04/27 02:00:29 /src/github.com/heketi/heketi/pkg/utils/ssh/ssh.go:176: Host: 192.168.48.12:22 Command: /bin/bash -c 'mkfs.xfs -i size=512 -n size=8192 /dev/mapper/vg_403cca7edce115dc1c641acc2f5f11fb-brick_5f5c9f3e1322308b16c008f7c90fa7ac'
Result: meta-data=/dev/mapper/vg_403cca7edce115dc1c641acc2f5f11fb-brick_5f5c9f3e1322308b16c008f7c90fa7ac isize=512    agcount=8, agsize=32704 blks
         =                       sectsz=4096  attr=2, projid32bit=1
         =                       crc=1        finobt=1, sparse=0
data     =                       bsize=4096   blocks=261632, imaxpct=25
         =                       sunit=64     swidth=64 blks
naming   =version 2              bsize=8192   ascii-ci=0 ftype=1
log      =internal log           bsize=4096   blocks=576, version=2
         =                       sectsz=4096  sunit=1 blks, lazy-count=1
realtime =none                   extsz=4096   blocks=0, rtextents=0
[sshexec] DEBUG 2017/04/27 02:00:30 /src/github.com/heketi/heketi/pkg/utils/ssh/ssh.go:176: Host: 192.168.48.14:22 Command: /bin/bash -c 'mount -o rw,inode64,noatime,nouuid /dev/mapper/vg_d72d3bd802d4e511a80ce2f16181289d-brick_e61bb3a54045eade072653f04964bceb /var/lib/heketi/mounts/vg_d72d3bd802d4e511a80ce2f16181289d/brick_e61bb3a54045eade072653f04964bceb'
Result: 
[sshexec] DEBUG 2017/04/27 02:00:30 /src/github.com/heketi/heketi/pkg/utils/ssh/ssh.go:176: Host: 192.168.48.12:22 Command: /bin/bash -c 'echo "/dev/mapper/vg_403cca7edce115dc1c641acc2f5f11fb-brick_5f5c9f3e1322308b16c008f7c90fa7ac /var/lib/heketi/mounts/vg_403cca7edce115dc1c641acc2f5f11fb/brick_5f5c9f3e1322308b16c008f7c90fa7ac xfs rw,inode64,noatime,nouuid 1 2" | tee -a /etc/fstab > /dev/null '
Result: 
[sshexec] DEBUG 2017/04/27 02:00:30 /src/github.com/heketi/heketi/pkg/utils/ssh/ssh.go:176: Host: 192.168.48.14:22 Command: /bin/bash -c 'mkdir /var/lib/heketi/mounts/vg_d72d3bd802d4e511a80ce2f16181289d/brick_e61bb3a54045eade072653f04964bceb/brick'
Result: 
[sshexec] DEBUG 2017/04/27 02:00:30 /src/github.com/heketi/heketi/pkg/utils/ssh/ssh.go:176: Host: 192.168.48.14:22 Command: /bin/bash -c 'chown :2000 /var/lib/heketi/mounts/vg_d72d3bd802d4e511a80ce2f16181289d/brick_e61bb3a54045eade072653f04964bceb/brick'
Result: 
[sshexec] DEBUG 2017/04/27 02:00:30 /src/github.com/heketi/heketi/pkg/utils/ssh/ssh.go:176: Host: 192.168.48.14:22 Command: /bin/bash -c 'chmod 2775 /var/lib/heketi/mounts/vg_d72d3bd802d4e511a80ce2f16181289d/brick_e61bb3a54045eade072653f04964bceb/brick'
Result: 
[sshexec] DEBUG 2017/04/27 02:00:30 /src/github.com/heketi/heketi/pkg/utils/ssh/ssh.go:176: Host: 192.168.48.12:22 Command: /bin/bash -c 'mount -o rw,inode64,noatime,nouuid /dev/mapper/vg_403cca7edce115dc1c641acc2f5f11fb-brick_5f5c9f3e1322308b16c008f7c90fa7ac /var/lib/heketi/mounts/vg_403cca7edce115dc1c641acc2f5f11fb/brick_5f5c9f3e1322308b16c008f7c90fa7ac'
Result: 
[sshexec] DEBUG 2017/04/27 02:00:30 /src/github.com/heketi/heketi/pkg/utils/ssh/ssh.go:176: Host: 192.168.48.12:22 Command: /bin/bash -c 'mkdir /var/lib/heketi/mounts/vg_403cca7edce115dc1c641acc2f5f11fb/brick_5f5c9f3e1322308b16c008f7c90fa7ac/brick'
Result: 
[sshexec] DEBUG 2017/04/27 02:00:30 /src/github.com/heketi/heketi/pkg/utils/ssh/ssh.go:176: Host: 192.168.48.12:22 Command: /bin/bash -c 'chown :2000 /var/lib/heketi/mounts/vg_403cca7edce115dc1c641acc2f5f11fb/brick_5f5c9f3e1322308b16c008f7c90fa7ac/brick'
Result: 
[sshexec] DEBUG 2017/04/27 02:00:30 /src/github.com/heketi/heketi/pkg/utils/ssh/ssh.go:176: Host: 192.168.48.12:22 Command: /bin/bash -c 'chmod 2775 /var/lib/heketi/mounts/vg_403cca7edce115dc1c641acc2f5f11fb/brick_5f5c9f3e1322308b16c008f7c90fa7ac/brick'
Result: 
[sshexec] DEBUG 2017/04/27 02:00:30 /src/github.com/heketi/heketi/pkg/utils/ssh/ssh.go:176: Host: 192.168.48.17:22 Command: /bin/bash -c 'mount -o rw,inode64,noatime,nouuid /dev/mapper/vg_6c7ff8b53124baa86b5b789cd93274e1-brick_7cfd932a6eb646008e2818d163d3f750 /var/lib/heketi/mounts/vg_6c7ff8b53124baa86b5b789cd93274e1/brick_7cfd932a6eb646008e2818d163d3f750'
Result: 
[sshexec] DEBUG 2017/04/27 02:00:30 /src/github.com/heketi/heketi/pkg/utils/ssh/ssh.go:176: Host: 192.168.48.17:22 Command: /bin/bash -c 'mkdir /var/lib/heketi/mounts/vg_6c7ff8b53124baa86b5b789cd93274e1/brick_7cfd932a6eb646008e2818d163d3f750/brick'
Result: 
[sshexec] DEBUG 2017/04/27 02:00:30 /src/github.com/heketi/heketi/pkg/utils/ssh/ssh.go:176: Host: 192.168.48.17:22 Command: /bin/bash -c 'chown :2000 /var/lib/heketi/mounts/vg_6c7ff8b53124baa86b5b789cd93274e1/brick_7cfd932a6eb646008e2818d163d3f750/brick'
Result: 
[sshexec] DEBUG 2017/04/27 02:00:30 /src/github.com/heketi/heketi/pkg/utils/ssh/ssh.go:176: Host: 192.168.48.17:22 Command: /bin/bash -c 'chmod 2775 /var/lib/heketi/mounts/vg_6c7ff8b53124baa86b5b789cd93274e1/brick_7cfd932a6eb646008e2818d163d3f750/brick'
Result: 
[sshexec] INFO 2017/04/27 02:00:30 Creating volume vol_34424af22480c64c0387b673c8f43035 replica 3
[sshexec] ERROR 2017/04/27 02:00:30 /src/github.com/heketi/heketi/pkg/utils/ssh/ssh.go:173: Failed to run command [/bin/bash -c 'gluster --mode=script volume create vol_34424af22480c64c0387b673c8f43035 replica 3 192.168.48.12:/var/lib/heketi/mounts/vg_403cca7edce115dc1c641acc2f5f11fb/brick_5f5c9f3e1322308b16c008f7c90fa7ac/brick 192.168.48.17:/var/lib/heketi/mounts/vg_6c7ff8b53124baa86b5b789cd93274e1/brick_7cfd932a6eb646008e2818d163d3f750/brick 192.168.48.14:/var/lib/heketi/mounts/vg_d72d3bd802d4e511a80ce2f16181289d/brick_e61bb3a54045eade072653f04964bceb/brick '] on 192.168.48.12:22: Err[Process exited with: 1. Reason was:  ()]: Stdout []: Stderr [volume create: vol_34424af22480c64c0387b673c8f43035: failed: Host 192.168.48.14 not connected
]
[negroni] Started GET /queue/941d9bb5fcad98f84181a3da3bd54f31
[negroni] Completed 200 OK in 60.193µs
[sshexec] ERROR 2017/04/27 02:00:30 /src/github.com/heketi/heketi/pkg/utils/ssh/ssh.go:173: Failed to run command [/bin/bash -c 'gluster --mode=script volume stop vol_34424af22480c64c0387b673c8f43035 force'] on 192.168.48.12:22: Err[Process exited with: 1. Reason was:  ()]: Stdout []: Stderr [volume stop: vol_34424af22480c64c0387b673c8f43035: failed: Volume vol_34424af22480c64c0387b673c8f43035 does not exist
]
[sshexec] ERROR 2017/04/27 02:00:30 /src/github.com/heketi/heketi/executors/sshexec/volume.go:130: Unable to stop volume vol_34424af22480c64c0387b673c8f43035: volume stop: vol_34424af22480c64c0387b673c8f43035: failed: Volume vol_34424af22480c64c0387b673c8f43035 does not exist
[heketi] INFO 2017/04/27 02:00:31 Deleting brick 5f5c9f3e1322308b16c008f7c90fa7ac
[heketi] INFO 2017/04/27 02:00:31 Deleting brick e61bb3a54045eade072653f04964bceb
[heketi] INFO 2017/04/27 02:00:31 Deleting brick 7cfd932a6eb646008e2818d163d3f750
[sshexec] ERROR 2017/04/27 02:00:31 /src/github.com/heketi/heketi/pkg/utils/ssh/ssh.go:173: Failed to run command [/bin/bash -c 'gluster --mode=script volume delete vol_34424af22480c64c0387b673c8f43035'] on 192.168.48.12:22: Err[Process exited with: 1. Reason was:  ()]: Stdout []: Stderr [volume delete: vol_34424af22480c64c0387b673c8f43035: failed: Volume vol_34424af22480c64c0387b673c8f43035 does not exist
]
[sshexec] ERROR 2017/04/27 02:00:31 /src/github.com/heketi/heketi/executors/sshexec/volume.go:139: Unable to delete volume vol_34424af22480c64c0387b673c8f43035: volume delete: vol_34424af22480c64c0387b673c8f43035: failed: Volume vol_34424af22480c64c0387b673c8f43035 does not exist
[sshexec] DEBUG 2017/04/27 02:00:31 /src/github.com/heketi/heketi/pkg/utils/ssh/ssh.go:176: Host: 192.168.48.17:22 Command: /bin/bash -c 'umount /var/lib/heketi/mounts/vg_6c7ff8b53124baa86b5b789cd93274e1/brick_7cfd932a6eb646008e2818d163d3f750'
Result: 
[sshexec] DEBUG 2017/04/27 02:00:31 /src/github.com/heketi/heketi/pkg/utils/ssh/ssh.go:176: Host: 192.168.48.14:22 Command: /bin/bash -c 'umount /var/lib/heketi/mounts/vg_d72d3bd802d4e511a80ce2f16181289d/brick_e61bb3a54045eade072653f04964bceb'
Result: 
[sshexec] DEBUG 2017/04/27 02:00:31 /src/github.com/heketi/heketi/pkg/utils/ssh/ssh.go:176: Host: 192.168.48.12:22 Command: /bin/bash -c 'umount /var/lib/heketi/mounts/vg_403cca7edce115dc1c641acc2f5f11fb/brick_5f5c9f3e1322308b16c008f7c90fa7ac'
Result: 
[negroni] Started GET /queue/941d9bb5fcad98f84181a3da3bd54f31
[negroni] Completed 200 OK in 95.362µs
[sshexec] DEBUG 2017/04/27 02:00:31 /src/github.com/heketi/heketi/pkg/utils/ssh/ssh.go:176: Host: 192.168.48.17:22 Command: /bin/bash -c 'lvremove -f vg_6c7ff8b53124baa86b5b789cd93274e1/tp_7cfd932a6eb646008e2818d163d3f750'
Result:   Logical volume "brick_7cfd932a6eb646008e2818d163d3f750" successfully removed
  Logical volume "tp_7cfd932a6eb646008e2818d163d3f750" successfully removed
[sshexec] DEBUG 2017/04/27 02:00:31 /src/github.com/heketi/heketi/pkg/utils/ssh/ssh.go:176: Host: 192.168.48.14:22 Command: /bin/bash -c 'lvremove -f vg_d72d3bd802d4e511a80ce2f16181289d/tp_e61bb3a54045eade072653f04964bceb'
Result:   Logical volume "brick_e61bb3a54045eade072653f04964bceb" successfully removed
  Logical volume "tp_e61bb3a54045eade072653f04964bceb" successfully removed
[sshexec] DEBUG 2017/04/27 02:00:32 /src/github.com/heketi/heketi/pkg/utils/ssh/ssh.go:176: Host: 192.168.48.17:22 Command: /bin/bash -c 'rmdir /var/lib/heketi/mounts/vg_6c7ff8b53124baa86b5b789cd93274e1/brick_7cfd932a6eb646008e2818d163d3f750'
Result: 
[sshexec] DEBUG 2017/04/27 02:00:32 /src/github.com/heketi/heketi/pkg/utils/ssh/ssh.go:176: Host: 192.168.48.14:22 Command: /bin/bash -c 'rmdir /var/lib/heketi/mounts/vg_d72d3bd802d4e511a80ce2f16181289d/brick_e61bb3a54045eade072653f04964bceb'
Result: 
[sshexec] DEBUG 2017/04/27 02:00:32 /src/github.com/heketi/heketi/pkg/utils/ssh/ssh.go:176: Host: 192.168.48.12:22 Command: /bin/bash -c 'lvremove -f vg_403cca7edce115dc1c641acc2f5f11fb/tp_5f5c9f3e1322308b16c008f7c90fa7ac'
Result:   Logical volume "brick_5f5c9f3e1322308b16c008f7c90fa7ac" successfully removed
  Logical volume "tp_5f5c9f3e1322308b16c008f7c90fa7ac" successfully removed
[sshexec] DEBUG 2017/04/27 02:00:32 /src/github.com/heketi/heketi/pkg/utils/ssh/ssh.go:176: Host: 192.168.48.17:22 Command: /bin/bash -c 'sed -i.save "/brick_7cfd932a6eb646008e2818d163d3f750/d" /etc/fstab'
Result: 
[sshexec] DEBUG 2017/04/27 02:00:32 /src/github.com/heketi/heketi/pkg/utils/ssh/ssh.go:176: Host: 192.168.48.14:22 Command: /bin/bash -c 'sed -i.save "/brick_e61bb3a54045eade072653f04964bceb/d" /etc/fstab'
Result: 
[sshexec] DEBUG 2017/04/27 02:00:32 /src/github.com/heketi/heketi/pkg/utils/ssh/ssh.go:176: Host: 192.168.48.12:22 Command: /bin/bash -c 'rmdir /var/lib/heketi/mounts/vg_403cca7edce115dc1c641acc2f5f11fb/brick_5f5c9f3e1322308b16c008f7c90fa7ac'
Result: 
[sshexec] DEBUG 2017/04/27 02:00:32 /src/github.com/heketi/heketi/pkg/utils/ssh/ssh.go:176: Host: 192.168.48.12:22 Command: /bin/bash -c 'sed -i.save "/brick_5f5c9f3e1322308b16c008f7c90fa7ac/d" /etc/fstab'
Result: 
[heketi] ERROR 2017/04/27 02:00:32 /src/github.com/heketi/heketi/apps/glusterfs/app_volume.go:148: Failed to create volume: volume create: vol_34424af22480c64c0387b673c8f43035: failed: Host 192.168.48.14 not connected
[asynchttp] INFO 2017/04/27 02:00:32 Completed job 941d9bb5fcad98f84181a3da3bd54f31 in 3.989893751s
[negroni] Started GET /queue/941d9bb5fcad98f84181a3da3bd54f31
[negroni] Completed 500 Internal Server Error in 86.846µs
[negroni] Started POST /volumes
[negroni] Completed 202 Accepted in 13.619444ms
[asynchttp] INFO 2017/04/27 02:00:43 Started job 70a50741ab1fca4d5cfce310cab82830
[heketi] INFO 2017/04/27 02:00:43 Creating volume 630bc6640b34036ca2ae4a5e6fb1fb75
[heketi] INFO 2017/04/27 02:00:43 brick_num: 0
[negroni] Started GET /queue/70a50741ab1fca4d5cfce310cab82830
[negroni] Completed 200 OK in 49.138µs
[heketi] INFO 2017/04/27 02:00:43 Creating brick cbf0ec4b6bc5eedfe8d42cc398329588
[heketi] INFO 2017/04/27 02:00:43 Creating brick 7a68cc70ccb546249997dd005c7895fd
[heketi] INFO 2017/04/27 02:00:43 Creating brick a18c0c08784fdff729a0a4b6ed414931
[sshexec] DEBUG 2017/04/27 02:00:44 /src/github.com/heketi/heketi/pkg/utils/ssh/ssh.go:176: Host: 192.168.48.12:22 Command: /bin/bash -c 'mkdir -p /var/lib/heketi/mounts/vg_403cca7edce115dc1c641acc2f5f11fb/brick_a18c0c08784fdff729a0a4b6ed414931'
Result: 
[sshexec] DEBUG 2017/04/27 02:00:44 /src/github.com/heketi/heketi/pkg/utils/ssh/ssh.go:176: Host: 192.168.48.14:22 Command: /bin/bash -c 'mkdir -p /var/lib/heketi/mounts/vg_d72d3bd802d4e511a80ce2f16181289d/brick_7a68cc70ccb546249997dd005c7895fd'
Result: 
[sshexec] DEBUG 2017/04/27 02:00:44 /src/github.com/heketi/heketi/pkg/utils/ssh/ssh.go:176: Host: 192.168.48.17:22 Command: /bin/bash -c 'mkdir -p /var/lib/heketi/mounts/vg_6c7ff8b53124baa86b5b789cd93274e1/brick_cbf0ec4b6bc5eedfe8d42cc398329588'
Result: 
[sshexec] DEBUG 2017/04/27 02:00:44 /src/github.com/heketi/heketi/pkg/utils/ssh/ssh.go:176: Host: 192.168.48.17:22 Command: /bin/bash -c 'lvcreate --poolmetadatasize 8192K -c 256K -L 1048576K -T vg_6c7ff8b53124baa86b5b789cd93274e1/tp_cbf0ec4b6bc5eedfe8d42cc398329588 -V 1048576K -n brick_cbf0ec4b6bc5eedfe8d42cc398329588'
Result:   Logical volume "brick_cbf0ec4b6bc5eedfe8d42cc398329588" created.
[sshexec] DEBUG 2017/04/27 02:00:44 /src/github.com/heketi/heketi/pkg/utils/ssh/ssh.go:176: Host: 192.168.48.14:22 Command: /bin/bash -c 'lvcreate --poolmetadatasize 8192K -c 256K -L 1048576K -T vg_d72d3bd802d4e511a80ce2f16181289d/tp_7a68cc70ccb546249997dd005c7895fd -V 1048576K -n brick_7a68cc70ccb546249997dd005c7895fd'
Result:   Logical volume "brick_7a68cc70ccb546249997dd005c7895fd" created.
[negroni] Started GET /queue/70a50741ab1fca4d5cfce310cab82830
[negroni] Completed 200 OK in 55.055µs
[sshexec] DEBUG 2017/04/27 02:00:44 /src/github.com/heketi/heketi/pkg/utils/ssh/ssh.go:176: Host: 192.168.48.17:22 Command: /bin/bash -c 'mkfs.xfs -i size=512 -n size=8192 /dev/mapper/vg_6c7ff8b53124baa86b5b789cd93274e1-brick_cbf0ec4b6bc5eedfe8d42cc398329588'
Result: meta-data=/dev/mapper/vg_6c7ff8b53124baa86b5b789cd93274e1-brick_cbf0ec4b6bc5eedfe8d42cc398329588 isize=512    agcount=8, agsize=32704 blks
         =                       sectsz=512   attr=2, projid32bit=1
         =                       crc=1        finobt=1, sparse=0
data     =                       bsize=4096   blocks=261632, imaxpct=25
         =                       sunit=64     swidth=64 blks
naming   =version 2              bsize=8192   ascii-ci=0 ftype=1
log      =internal log           bsize=4096   blocks=1728, version=2
         =                       sectsz=512   sunit=64 blks, lazy-count=1
realtime =none                   extsz=4096   blocks=0, rtextents=0
[sshexec] DEBUG 2017/04/27 02:00:44 /src/github.com/heketi/heketi/pkg/utils/ssh/ssh.go:176: Host: 192.168.48.17:22 Command: /bin/bash -c 'echo "/dev/mapper/vg_6c7ff8b53124baa86b5b789cd93274e1-brick_cbf0ec4b6bc5eedfe8d42cc398329588 /var/lib/heketi/mounts/vg_6c7ff8b53124baa86b5b789cd93274e1/brick_cbf0ec4b6bc5eedfe8d42cc398329588 xfs rw,inode64,noatime,nouuid 1 2" | tee -a /etc/fstab > /dev/null '
Result: 
[sshexec] DEBUG 2017/04/27 02:00:44 /src/github.com/heketi/heketi/pkg/utils/ssh/ssh.go:176: Host: 192.168.48.12:22 Command: /bin/bash -c 'lvcreate --poolmetadatasize 8192K -c 256K -L 1048576K -T vg_403cca7edce115dc1c641acc2f5f11fb/tp_a18c0c08784fdff729a0a4b6ed414931 -V 1048576K -n brick_a18c0c08784fdff729a0a4b6ed414931'
Result:   Logical volume "brick_a18c0c08784fdff729a0a4b6ed414931" created.
[sshexec] DEBUG 2017/04/27 02:00:44 /src/github.com/heketi/heketi/pkg/utils/ssh/ssh.go:176: Host: 192.168.48.14:22 Command: /bin/bash -c 'mkfs.xfs -i size=512 -n size=8192 /dev/mapper/vg_d72d3bd802d4e511a80ce2f16181289d-brick_7a68cc70ccb546249997dd005c7895fd'
Result: meta-data=/dev/mapper/vg_d72d3bd802d4e511a80ce2f16181289d-brick_7a68cc70ccb546249997dd005c7895fd isize=512    agcount=8, agsize=32704 blks
         =                       sectsz=512   attr=2, projid32bit=1
         =                       crc=1        finobt=1, sparse=0
data     =                       bsize=4096   blocks=261632, imaxpct=25
         =                       sunit=64     swidth=64 blks
naming   =version 2              bsize=8192   ascii-ci=0 ftype=1
log      =internal log           bsize=4096   blocks=1728, version=2
         =                       sectsz=512   sunit=64 blks, lazy-count=1
realtime =none                   extsz=4096   blocks=0, rtextents=0
[sshexec] DEBUG 2017/04/27 02:00:44 /src/github.com/heketi/heketi/pkg/utils/ssh/ssh.go:176: Host: 192.168.48.14:22 Command: /bin/bash -c 'echo "/dev/mapper/vg_d72d3bd802d4e511a80ce2f16181289d-brick_7a68cc70ccb546249997dd005c7895fd /var/lib/heketi/mounts/vg_d72d3bd802d4e511a80ce2f16181289d/brick_7a68cc70ccb546249997dd005c7895fd xfs rw,inode64,noatime,nouuid 1 2" | tee -a /etc/fstab > /dev/null '
Result: 
[sshexec] DEBUG 2017/04/27 02:00:45 /src/github.com/heketi/heketi/pkg/utils/ssh/ssh.go:176: Host: 192.168.48.12:22 Command: /bin/bash -c 'mkfs.xfs -i size=512 -n size=8192 /dev/mapper/vg_403cca7edce115dc1c641acc2f5f11fb-brick_a18c0c08784fdff729a0a4b6ed414931'
Result: meta-data=/dev/mapper/vg_403cca7edce115dc1c641acc2f5f11fb-brick_a18c0c08784fdff729a0a4b6ed414931 isize=512    agcount=8, agsize=32704 blks
         =                       sectsz=4096  attr=2, projid32bit=1
         =                       crc=1        finobt=1, sparse=0
data     =                       bsize=4096   blocks=261632, imaxpct=25
         =                       sunit=64     swidth=64 blks
naming   =version 2              bsize=8192   ascii-ci=0 ftype=1
log      =internal log           bsize=4096   blocks=576, version=2
         =                       sectsz=4096  sunit=1 blks, lazy-count=1
realtime =none                   extsz=4096   blocks=0, rtextents=0
[sshexec] DEBUG 2017/04/27 02:00:45 /src/github.com/heketi/heketi/pkg/utils/ssh/ssh.go:176: Host: 192.168.48.12:22 Command: /bin/bash -c 'echo "/dev/mapper/vg_403cca7edce115dc1c641acc2f5f11fb-brick_a18c0c08784fdff729a0a4b6ed414931 /var/lib/heketi/mounts/vg_403cca7edce115dc1c641acc2f5f11fb/brick_a18c0c08784fdff729a0a4b6ed414931 xfs rw,inode64,noatime,nouuid 1 2" | tee -a /etc/fstab > /dev/null '
Result: 
[sshexec] DEBUG 2017/04/27 02:00:45 /src/github.com/heketi/heketi/pkg/utils/ssh/ssh.go:176: Host: 192.168.48.12:22 Command: /bin/bash -c 'mount -o rw,inode64,noatime,nouuid /dev/mapper/vg_403cca7edce115dc1c641acc2f5f11fb-brick_a18c0c08784fdff729a0a4b6ed414931 /var/lib/heketi/mounts/vg_403cca7edce115dc1c641acc2f5f11fb/brick_a18c0c08784fdff729a0a4b6ed414931'
Result: 
[sshexec] DEBUG 2017/04/27 02:00:45 /src/github.com/heketi/heketi/pkg/utils/ssh/ssh.go:176: Host: 192.168.48.12:22 Command: /bin/bash -c 'mkdir /var/lib/heketi/mounts/vg_403cca7edce115dc1c641acc2f5f11fb/brick_a18c0c08784fdff729a0a4b6ed414931/brick'
Result: 
[sshexec] DEBUG 2017/04/27 02:00:45 /src/github.com/heketi/heketi/pkg/utils/ssh/ssh.go:176: Host: 192.168.48.17:22 Command: /bin/bash -c 'mount -o rw,inode64,noatime,nouuid /dev/mapper/vg_6c7ff8b53124baa86b5b789cd93274e1-brick_cbf0ec4b6bc5eedfe8d42cc398329588 /var/lib/heketi/mounts/vg_6c7ff8b53124baa86b5b789cd93274e1/brick_cbf0ec4b6bc5eedfe8d42cc398329588'
Result: 
[sshexec] DEBUG 2017/04/27 02:00:45 /src/github.com/heketi/heketi/pkg/utils/ssh/ssh.go:176: Host: 192.168.48.17:22 Command: /bin/bash -c 'mkdir /var/lib/heketi/mounts/vg_6c7ff8b53124baa86b5b789cd93274e1/brick_cbf0ec4b6bc5eedfe8d42cc398329588/brick'
Result: 
[sshexec] DEBUG 2017/04/27 02:00:45 /src/github.com/heketi/heketi/pkg/utils/ssh/ssh.go:176: Host: 192.168.48.12:22 Command: /bin/bash -c 'chown :2000 /var/lib/heketi/mounts/vg_403cca7edce115dc1c641acc2f5f11fb/brick_a18c0c08784fdff729a0a4b6ed414931/brick'
Result: 
[sshexec] DEBUG 2017/04/27 02:00:45 /src/github.com/heketi/heketi/pkg/utils/ssh/ssh.go:176: Host: 192.168.48.17:22 Command: /bin/bash -c 'chown :2000 /var/lib/heketi/mounts/vg_6c7ff8b53124baa86b5b789cd93274e1/brick_cbf0ec4b6bc5eedfe8d42cc398329588/brick'
Result: 
[sshexec] DEBUG 2017/04/27 02:00:45 /src/github.com/heketi/heketi/pkg/utils/ssh/ssh.go:176: Host: 192.168.48.17:22 Command: /bin/bash -c 'chmod 2775 /var/lib/heketi/mounts/vg_6c7ff8b53124baa86b5b789cd93274e1/brick_cbf0ec4b6bc5eedfe8d42cc398329588/brick'
Result: 
[sshexec] DEBUG 2017/04/27 02:00:45 /src/github.com/heketi/heketi/pkg/utils/ssh/ssh.go:176: Host: 192.168.48.12:22 Command: /bin/bash -c 'chmod 2775 /var/lib/heketi/mounts/vg_403cca7edce115dc1c641acc2f5f11fb/brick_a18c0c08784fdff729a0a4b6ed414931/brick'
Result: 
[sshexec] DEBUG 2017/04/27 02:00:45 /src/github.com/heketi/heketi/pkg/utils/ssh/ssh.go:176: Host: 192.168.48.14:22 Command: /bin/bash -c 'mount -o rw,inode64,noatime,nouuid /dev/mapper/vg_d72d3bd802d4e511a80ce2f16181289d-brick_7a68cc70ccb546249997dd005c7895fd /var/lib/heketi/mounts/vg_d72d3bd802d4e511a80ce2f16181289d/brick_7a68cc70ccb546249997dd005c7895fd'
Result: 
[sshexec] DEBUG 2017/04/27 02:00:45 /src/github.com/heketi/heketi/pkg/utils/ssh/ssh.go:176: Host: 192.168.48.14:22 Command: /bin/bash -c 'mkdir /var/lib/heketi/mounts/vg_d72d3bd802d4e511a80ce2f16181289d/brick_7a68cc70ccb546249997dd005c7895fd/brick'
Result: 
[sshexec] DEBUG 2017/04/27 02:00:45 /src/github.com/heketi/heketi/pkg/utils/ssh/ssh.go:176: Host: 192.168.48.14:22 Command: /bin/bash -c 'chown :2000 /var/lib/heketi/mounts/vg_d72d3bd802d4e511a80ce2f16181289d/brick_7a68cc70ccb546249997dd005c7895fd/brick'
Result: 
[sshexec] DEBUG 2017/04/27 02:00:45 /src/github.com/heketi/heketi/pkg/utils/ssh/ssh.go:176: Host: 192.168.48.14:22 Command: /bin/bash -c 'chmod 2775 /var/lib/heketi/mounts/vg_d72d3bd802d4e511a80ce2f16181289d/brick_7a68cc70ccb546249997dd005c7895fd/brick'
Result: 
[sshexec] INFO 2017/04/27 02:00:45 Creating volume vol_630bc6640b34036ca2ae4a5e6fb1fb75 replica 3
[sshexec] ERROR 2017/04/27 02:00:45 /src/github.com/heketi/heketi/pkg/utils/ssh/ssh.go:173: Failed to run command [/bin/bash -c 'gluster --mode=script volume create vol_630bc6640b34036ca2ae4a5e6fb1fb75 replica 3 192.168.48.17:/var/lib/heketi/mounts/vg_6c7ff8b53124baa86b5b789cd93274e1/brick_cbf0ec4b6bc5eedfe8d42cc398329588/brick 192.168.48.14:/var/lib/heketi/mounts/vg_d72d3bd802d4e511a80ce2f16181289d/brick_7a68cc70ccb546249997dd005c7895fd/brick 192.168.48.12:/var/lib/heketi/mounts/vg_403cca7edce115dc1c641acc2f5f11fb/brick_a18c0c08784fdff729a0a4b6ed414931/brick '] on 192.168.48.17:22: Err[Process exited with: 1. Reason was:  ()]: Stdout []: Stderr [volume create: vol_630bc6640b34036ca2ae4a5e6fb1fb75: failed: Staging failed on 192.168.48.12. Error: Host 192.168.48.14 not connected
]
[sshexec] ERROR 2017/04/27 02:00:45 /src/github.com/heketi/heketi/pkg/utils/ssh/ssh.go:173: Failed to run command [/bin/bash -c 'gluster --mode=script volume stop vol_630bc6640b34036ca2ae4a5e6fb1fb75 force'] on 192.168.48.17:22: Err[Process exited with: 1. Reason was:  ()]: Stdout []: Stderr [volume stop: vol_630bc6640b34036ca2ae4a5e6fb1fb75: failed: Volume vol_630bc6640b34036ca2ae4a5e6fb1fb75 does not exist
]
[sshexec] ERROR 2017/04/27 02:00:45 /src/github.com/heketi/heketi/executors/sshexec/volume.go:130: Unable to stop volume vol_630bc6640b34036ca2ae4a5e6fb1fb75: volume stop: vol_630bc6640b34036ca2ae4a5e6fb1fb75: failed: Volume vol_630bc6640b34036ca2ae4a5e6fb1fb75 does not exist
[negroni] Started GET /queue/70a50741ab1fca4d5cfce310cab82830
[negroni] Completed 200 OK in 205.821µs
[sshexec] ERROR 2017/04/27 02:00:46 /src/github.com/heketi/heketi/pkg/utils/ssh/ssh.go:173: Failed to run command [/bin/bash -c 'gluster --mode=script volume delete vol_630bc6640b34036ca2ae4a5e6fb1fb75'] on 192.168.48.17:22: Err[Process exited with: 1. Reason was:  ()]: Stdout []: Stderr [volume delete: vol_630bc6640b34036ca2ae4a5e6fb1fb75: failed: Volume vol_630bc6640b34036ca2ae4a5e6fb1fb75 does not exist
]
[sshexec] ERROR 2017/04/27 02:00:46 /src/github.com/heketi/heketi/executors/sshexec/volume.go:139: Unable to delete volume vol_630bc6640b34036ca2ae4a5e6fb1fb75: volume delete: vol_630bc6640b34036ca2ae4a5e6fb1fb75: failed: Volume vol_630bc6640b34036ca2ae4a5e6fb1fb75 does not exist
[heketi] INFO 2017/04/27 02:00:46 Deleting brick cbf0ec4b6bc5eedfe8d42cc398329588
[heketi] INFO 2017/04/27 02:00:46 Deleting brick 7a68cc70ccb546249997dd005c7895fd
[heketi] INFO 2017/04/27 02:00:46 Deleting brick a18c0c08784fdff729a0a4b6ed414931
[sshexec] DEBUG 2017/04/27 02:00:46 /src/github.com/heketi/heketi/pkg/utils/ssh/ssh.go:176: Host: 192.168.48.17:22 Command: /bin/bash -c 'umount /var/lib/heketi/mounts/vg_6c7ff8b53124baa86b5b789cd93274e1/brick_cbf0ec4b6bc5eedfe8d42cc398329588'
Result: 
[sshexec] DEBUG 2017/04/27 02:00:46 /src/github.com/heketi/heketi/pkg/utils/ssh/ssh.go:176: Host: 192.168.48.14:22 Command: /bin/bash -c 'umount /var/lib/heketi/mounts/vg_d72d3bd802d4e511a80ce2f16181289d/brick_7a68cc70ccb546249997dd005c7895fd'
Result: 
[sshexec] DEBUG 2017/04/27 02:00:46 /src/github.com/heketi/heketi/pkg/utils/ssh/ssh.go:176: Host: 192.168.48.12:22 Command: /bin/bash -c 'umount /var/lib/heketi/mounts/vg_403cca7edce115dc1c641acc2f5f11fb/brick_a18c0c08784fdff729a0a4b6ed414931'
Result: 
[sshexec] DEBUG 2017/04/27 02:00:46 /src/github.com/heketi/heketi/pkg/utils/ssh/ssh.go:176: Host: 192.168.48.17:22 Command: /bin/bash -c 'lvremove -f vg_6c7ff8b53124baa86b5b789cd93274e1/tp_cbf0ec4b6bc5eedfe8d42cc398329588'
Result:   Logical volume "brick_cbf0ec4b6bc5eedfe8d42cc398329588" successfully removed
  Logical volume "tp_cbf0ec4b6bc5eedfe8d42cc398329588" successfully removed
[negroni] Started GET /queue/70a50741ab1fca4d5cfce310cab82830
[negroni] Completed 200 OK in 133.522µs
[sshexec] DEBUG 2017/04/27 02:00:46 /src/github.com/heketi/heketi/pkg/utils/ssh/ssh.go:176: Host: 192.168.48.14:22 Command: /bin/bash -c 'lvremove -f vg_d72d3bd802d4e511a80ce2f16181289d/tp_7a68cc70ccb546249997dd005c7895fd'
Result:   Logical volume "brick_7a68cc70ccb546249997dd005c7895fd" successfully removed
  Logical volume "tp_7a68cc70ccb546249997dd005c7895fd" successfully removed
[sshexec] DEBUG 2017/04/27 02:00:46 /src/github.com/heketi/heketi/pkg/utils/ssh/ssh.go:176: Host: 192.168.48.17:22 Command: /bin/bash -c 'rmdir /var/lib/heketi/mounts/vg_6c7ff8b53124baa86b5b789cd93274e1/brick_cbf0ec4b6bc5eedfe8d42cc398329588'
Result: 
[sshexec] DEBUG 2017/04/27 02:00:47 /src/github.com/heketi/heketi/pkg/utils/ssh/ssh.go:176: Host: 192.168.48.12:22 Command: /bin/bash -c 'lvremove -f vg_403cca7edce115dc1c641acc2f5f11fb/tp_a18c0c08784fdff729a0a4b6ed414931'
Result:   Logical volume "brick_a18c0c08784fdff729a0a4b6ed414931" successfully removed
  Logical volume "tp_a18c0c08784fdff729a0a4b6ed414931" successfully removed
[sshexec] DEBUG 2017/04/27 02:00:47 /src/github.com/heketi/heketi/pkg/utils/ssh/ssh.go:176: Host: 192.168.48.14:22 Command: /bin/bash -c 'rmdir /var/lib/heketi/mounts/vg_d72d3bd802d4e511a80ce2f16181289d/brick_7a68cc70ccb546249997dd005c7895fd'
Result: 
[sshexec] DEBUG 2017/04/27 02:00:47 /src/github.com/heketi/heketi/pkg/utils/ssh/ssh.go:176: Host: 192.168.48.17:22 Command: /bin/bash -c 'sed -i.save "/brick_cbf0ec4b6bc5eedfe8d42cc398329588/d" /etc/fstab'
Result: 
[sshexec] DEBUG 2017/04/27 02:00:47 /src/github.com/heketi/heketi/pkg/utils/ssh/ssh.go:176: Host: 192.168.48.14:22 Command: /bin/bash -c 'sed -i.save "/brick_7a68cc70ccb546249997dd005c7895fd/d" /etc/fstab'
Result: 
[sshexec] DEBUG 2017/04/27 02:00:47 /src/github.com/heketi/heketi/pkg/utils/ssh/ssh.go:176: Host: 192.168.48.12:22 Command: /bin/bash -c 'rmdir /var/lib/heketi/mounts/vg_403cca7edce115dc1c641acc2f5f11fb/brick_a18c0c08784fdff729a0a4b6ed414931'
Result: 
[sshexec] DEBUG 2017/04/27 02:00:47 /src/github.com/heketi/heketi/pkg/utils/ssh/ssh.go:176: Host: 192.168.48.12:22 Command: /bin/bash -c 'sed -i.save "/brick_a18c0c08784fdff729a0a4b6ed414931/d" /etc/fstab'
Result: 
[heketi] ERROR 2017/04/27 02:00:47 /src/github.com/heketi/heketi/apps/glusterfs/app_volume.go:148: Failed to create volume: volume create: vol_630bc6640b34036ca2ae4a5e6fb1fb75: failed: Staging failed on 192.168.48.12. Error: Host 192.168.48.14 not connected
[asynchttp] INFO 2017/04/27 02:00:47 Completed job 70a50741ab1fca4d5cfce310cab82830 in 3.825560952s
[negroni] Started GET /queue/70a50741ab1fca4d5cfce310cab82830
[negroni] Completed 500 Internal Server Error in 70.703µs
[negroni] Started POST /volumes
[negroni] Completed 202 Accepted in 16.375115ms
[asynchttp] INFO 2017/04/27 02:00:58 Started job edc316d1d4ddce4487762c5178264b20
[heketi] INFO 2017/04/27 02:00:58 Creating volume 2da3703400a4dc4709f1eff667b83569
[heketi] INFO 2017/04/27 02:00:58 brick_num: 0
[negroni] Started GET /queue/edc316d1d4ddce4487762c5178264b20
[negroni] Completed 200 OK in 165.074µs
[heketi] INFO 2017/04/27 02:00:58 Creating brick 7138d7ad4625ce8ed20dadd72fd755a4
[heketi] INFO 2017/04/27 02:00:58 Creating brick ed4d9e0eebcdeb5d001844d295277b2f
[heketi] INFO 2017/04/27 02:00:58 Creating brick c25028e38519911683f80627710099e1
[sshexec] DEBUG 2017/04/27 02:00:59 /src/github.com/heketi/heketi/pkg/utils/ssh/ssh.go:176: Host: 192.168.48.12:22 Command: /bin/bash -c 'mkdir -p /var/lib/heketi/mounts/vg_403cca7edce115dc1c641acc2f5f11fb/brick_7138d7ad4625ce8ed20dadd72fd755a4'
Result: 
[sshexec] DEBUG 2017/04/27 02:00:59 /src/github.com/heketi/heketi/pkg/utils/ssh/ssh.go:176: Host: 192.168.48.14:22 Command: /bin/bash -c 'mkdir -p /var/lib/heketi/mounts/vg_d72d3bd802d4e511a80ce2f16181289d/brick_c25028e38519911683f80627710099e1'
Result: 
[sshexec] DEBUG 2017/04/27 02:00:59 /src/github.com/heketi/heketi/pkg/utils/ssh/ssh.go:176: Host: 192.168.48.17:22 Command: /bin/bash -c 'mkdir -p /var/lib/heketi/mounts/vg_6c7ff8b53124baa86b5b789cd93274e1/brick_ed4d9e0eebcdeb5d001844d295277b2f'
Result: 
[sshexec] DEBUG 2017/04/27 02:00:59 /src/github.com/heketi/heketi/pkg/utils/ssh/ssh.go:176: Host: 192.168.48.14:22 Command: /bin/bash -c 'lvcreate --poolmetadatasize 8192K -c 256K -L 1048576K -T vg_d72d3bd802d4e511a80ce2f16181289d/tp_c25028e38519911683f80627710099e1 -V 1048576K -n brick_c25028e38519911683f80627710099e1'
Result:   Logical volume "brick_c25028e38519911683f80627710099e1" created.
[sshexec] DEBUG 2017/04/27 02:00:59 /src/github.com/heketi/heketi/pkg/utils/ssh/ssh.go:176: Host: 192.168.48.14:22 Command: /bin/bash -c 'mkfs.xfs -i size=512 -n size=8192 /dev/mapper/vg_d72d3bd802d4e511a80ce2f16181289d-brick_c25028e38519911683f80627710099e1'
Result: meta-data=/dev/mapper/vg_d72d3bd802d4e511a80ce2f16181289d-brick_c25028e38519911683f80627710099e1 isize=512    agcount=8, agsize=32704 blks
         =                       sectsz=512   attr=2, projid32bit=1
         =                       crc=1        finobt=1, sparse=0
data     =                       bsize=4096   blocks=261632, imaxpct=25
         =                       sunit=64     swidth=64 blks
naming   =version 2              bsize=8192   ascii-ci=0 ftype=1
log      =internal log           bsize=4096   blocks=1728, version=2
         =                       sectsz=512   sunit=64 blks, lazy-count=1
realtime =none                   extsz=4096   blocks=0, rtextents=0
[sshexec] DEBUG 2017/04/27 02:00:59 /src/github.com/heketi/heketi/pkg/utils/ssh/ssh.go:176: Host: 192.168.48.17:22 Command: /bin/bash -c 'lvcreate --poolmetadatasize 8192K -c 256K -L 1048576K -T vg_6c7ff8b53124baa86b5b789cd93274e1/tp_ed4d9e0eebcdeb5d001844d295277b2f -V 1048576K -n brick_ed4d9e0eebcdeb5d001844d295277b2f'
Result:   Logical volume "brick_ed4d9e0eebcdeb5d001844d295277b2f" created.
[sshexec] DEBUG 2017/04/27 02:00:59 /src/github.com/heketi/heketi/pkg/utils/ssh/ssh.go:176: Host: 192.168.48.14:22 Command: /bin/bash -c 'echo "/dev/mapper/vg_d72d3bd802d4e511a80ce2f16181289d-brick_c25028e38519911683f80627710099e1 /var/lib/heketi/mounts/vg_d72d3bd802d4e511a80ce2f16181289d/brick_c25028e38519911683f80627710099e1 xfs rw,inode64,noatime,nouuid 1 2" | tee -a /etc/fstab > /dev/null '
Result: 
[sshexec] DEBUG 2017/04/27 02:00:59 /src/github.com/heketi/heketi/pkg/utils/ssh/ssh.go:176: Host: 192.168.48.12:22 Command: /bin/bash -c 'lvcreate --poolmetadatasize 8192K -c 256K -L 1048576K -T vg_403cca7edce115dc1c641acc2f5f11fb/tp_7138d7ad4625ce8ed20dadd72fd755a4 -V 1048576K -n brick_7138d7ad4625ce8ed20dadd72fd755a4'
Result:   Logical volume "brick_7138d7ad4625ce8ed20dadd72fd755a4" created.
[negroni] Started GET /queue/edc316d1d4ddce4487762c5178264b20
[negroni] Completed 200 OK in 69.834µs
[sshexec] DEBUG 2017/04/27 02:00:59 /src/github.com/heketi/heketi/pkg/utils/ssh/ssh.go:176: Host: 192.168.48.17:22 Command: /bin/bash -c 'mkfs.xfs -i size=512 -n size=8192 /dev/mapper/vg_6c7ff8b53124baa86b5b789cd93274e1-brick_ed4d9e0eebcdeb5d001844d295277b2f'
Result: meta-data=/dev/mapper/vg_6c7ff8b53124baa86b5b789cd93274e1-brick_ed4d9e0eebcdeb5d001844d295277b2f isize=512    agcount=8, agsize=32704 blks
         =                       sectsz=512   attr=2, projid32bit=1
         =                       crc=1        finobt=1, sparse=0
data     =                       bsize=4096   blocks=261632, imaxpct=25
         =                       sunit=64     swidth=64 blks
naming   =version 2              bsize=8192   ascii-ci=0 ftype=1
log      =internal log           bsize=4096   blocks=1728, version=2
         =                       sectsz=512   sunit=64 blks, lazy-count=1
realtime =none                   extsz=4096   blocks=0, rtextents=0
[sshexec] DEBUG 2017/04/27 02:00:59 /src/github.com/heketi/heketi/pkg/utils/ssh/ssh.go:176: Host: 192.168.48.17:22 Command: /bin/bash -c 'echo "/dev/mapper/vg_6c7ff8b53124baa86b5b789cd93274e1-brick_ed4d9e0eebcdeb5d001844d295277b2f /var/lib/heketi/mounts/vg_6c7ff8b53124baa86b5b789cd93274e1/brick_ed4d9e0eebcdeb5d001844d295277b2f xfs rw,inode64,noatime,nouuid 1 2" | tee -a /etc/fstab > /dev/null '
Result: 
[sshexec] DEBUG 2017/04/27 02:01:00 /src/github.com/heketi/heketi/pkg/utils/ssh/ssh.go:176: Host: 192.168.48.12:22 Command: /bin/bash -c 'mkfs.xfs -i size=512 -n size=8192 /dev/mapper/vg_403cca7edce115dc1c641acc2f5f11fb-brick_7138d7ad4625ce8ed20dadd72fd755a4'
Result: meta-data=/dev/mapper/vg_403cca7edce115dc1c641acc2f5f11fb-brick_7138d7ad4625ce8ed20dadd72fd755a4 isize=512    agcount=8, agsize=32704 blks
         =                       sectsz=4096  attr=2, projid32bit=1
         =                       crc=1        finobt=1, sparse=0
data     =                       bsize=4096   blocks=261632, imaxpct=25
         =                       sunit=64     swidth=64 blks
naming   =version 2              bsize=8192   ascii-ci=0 ftype=1
log      =internal log           bsize=4096   blocks=576, version=2
         =                       sectsz=4096  sunit=1 blks, lazy-count=1
realtime =none                   extsz=4096   blocks=0, rtextents=0
[sshexec] DEBUG 2017/04/27 02:01:00 /src/github.com/heketi/heketi/pkg/utils/ssh/ssh.go:176: Host: 192.168.48.12:22 Command: /bin/bash -c 'echo "/dev/mapper/vg_403cca7edce115dc1c641acc2f5f11fb-brick_7138d7ad4625ce8ed20dadd72fd755a4 /var/lib/heketi/mounts/vg_403cca7edce115dc1c641acc2f5f11fb/brick_7138d7ad4625ce8ed20dadd72fd755a4 xfs rw,inode64,noatime,nouuid 1 2" | tee -a /etc/fstab > /dev/null '
Result: 
[sshexec] DEBUG 2017/04/27 02:01:00 /src/github.com/heketi/heketi/pkg/utils/ssh/ssh.go:176: Host: 192.168.48.14:22 Command: /bin/bash -c 'mount -o rw,inode64,noatime,nouuid /dev/mapper/vg_d72d3bd802d4e511a80ce2f16181289d-brick_c25028e38519911683f80627710099e1 /var/lib/heketi/mounts/vg_d72d3bd802d4e511a80ce2f16181289d/brick_c25028e38519911683f80627710099e1'
Result: 
[sshexec] DEBUG 2017/04/27 02:01:00 /src/github.com/heketi/heketi/pkg/utils/ssh/ssh.go:176: Host: 192.168.48.12:22 Command: /bin/bash -c 'mount -o rw,inode64,noatime,nouuid /dev/mapper/vg_403cca7edce115dc1c641acc2f5f11fb-brick_7138d7ad4625ce8ed20dadd72fd755a4 /var/lib/heketi/mounts/vg_403cca7edce115dc1c641acc2f5f11fb/brick_7138d7ad4625ce8ed20dadd72fd755a4'
Result: 
[sshexec] DEBUG 2017/04/27 02:01:00 /src/github.com/heketi/heketi/pkg/utils/ssh/ssh.go:176: Host: 192.168.48.14:22 Command: /bin/bash -c 'mkdir /var/lib/heketi/mounts/vg_d72d3bd802d4e511a80ce2f16181289d/brick_c25028e38519911683f80627710099e1/brick'
Result: 
[sshexec] DEBUG 2017/04/27 02:01:00 /src/github.com/heketi/heketi/pkg/utils/ssh/ssh.go:176: Host: 192.168.48.12:22 Command: /bin/bash -c 'mkdir /var/lib/heketi/mounts/vg_403cca7edce115dc1c641acc2f5f11fb/brick_7138d7ad4625ce8ed20dadd72fd755a4/brick'
Result: 
[sshexec] DEBUG 2017/04/27 02:01:00 /src/github.com/heketi/heketi/pkg/utils/ssh/ssh.go:176: Host: 192.168.48.14:22 Command: /bin/bash -c 'chown :2000 /var/lib/heketi/mounts/vg_d72d3bd802d4e511a80ce2f16181289d/brick_c25028e38519911683f80627710099e1/brick'
Result: 
[sshexec] DEBUG 2017/04/27 02:01:00 /src/github.com/heketi/heketi/pkg/utils/ssh/ssh.go:176: Host: 192.168.48.14:22 Command: /bin/bash -c 'chmod 2775 /var/lib/heketi/mounts/vg_d72d3bd802d4e511a80ce2f16181289d/brick_c25028e38519911683f80627710099e1/brick'
Result: 
[sshexec] DEBUG 2017/04/27 02:01:00 /src/github.com/heketi/heketi/pkg/utils/ssh/ssh.go:176: Host: 192.168.48.12:22 Command: /bin/bash -c 'chown :2000 /var/lib/heketi/mounts/vg_403cca7edce115dc1c641acc2f5f11fb/brick_7138d7ad4625ce8ed20dadd72fd755a4/brick'
Result: 
[sshexec] DEBUG 2017/04/27 02:01:00 /src/github.com/heketi/heketi/pkg/utils/ssh/ssh.go:176: Host: 192.168.48.12:22 Command: /bin/bash -c 'chmod 2775 /var/lib/heketi/mounts/vg_403cca7edce115dc1c641acc2f5f11fb/brick_7138d7ad4625ce8ed20dadd72fd755a4/brick'
Result: 
[sshexec] DEBUG 2017/04/27 02:01:00 /src/github.com/heketi/heketi/pkg/utils/ssh/ssh.go:176: Host: 192.168.48.17:22 Command: /bin/bash -c 'mount -o rw,inode64,noatime,nouuid /dev/mapper/vg_6c7ff8b53124baa86b5b789cd93274e1-brick_ed4d9e0eebcdeb5d001844d295277b2f /var/lib/heketi/mounts/vg_6c7ff8b53124baa86b5b789cd93274e1/brick_ed4d9e0eebcdeb5d001844d295277b2f'
Result: 
[sshexec] DEBUG 2017/04/27 02:01:00 /src/github.com/heketi/heketi/pkg/utils/ssh/ssh.go:176: Host: 192.168.48.17:22 Command: /bin/bash -c 'mkdir /var/lib/heketi/mounts/vg_6c7ff8b53124baa86b5b789cd93274e1/brick_ed4d9e0eebcdeb5d001844d295277b2f/brick'
Result: 
[sshexec] DEBUG 2017/04/27 02:01:00 /src/github.com/heketi/heketi/pkg/utils/ssh/ssh.go:176: Host: 192.168.48.17:22 Command: /bin/bash -c 'chown :2000 /var/lib/heketi/mounts/vg_6c7ff8b53124baa86b5b789cd93274e1/brick_ed4d9e0eebcdeb5d001844d295277b2f/brick'
Result: 
[sshexec] DEBUG 2017/04/27 02:01:00 /src/github.com/heketi/heketi/pkg/utils/ssh/ssh.go:176: Host: 192.168.48.17:22 Command: /bin/bash -c 'chmod 2775 /var/lib/heketi/mounts/vg_6c7ff8b53124baa86b5b789cd93274e1/brick_ed4d9e0eebcdeb5d001844d295277b2f/brick'
Result: 
[sshexec] INFO 2017/04/27 02:01:00 Creating volume vol_2da3703400a4dc4709f1eff667b83569 replica 3
[sshexec] ERROR 2017/04/27 02:01:00 /src/github.com/heketi/heketi/pkg/utils/ssh/ssh.go:173: Failed to run command [/bin/bash -c 'gluster --mode=script volume create vol_2da3703400a4dc4709f1eff667b83569 replica 3 192.168.48.12:/var/lib/heketi/mounts/vg_403cca7edce115dc1c641acc2f5f11fb/brick_7138d7ad4625ce8ed20dadd72fd755a4/brick 192.168.48.17:/var/lib/heketi/mounts/vg_6c7ff8b53124baa86b5b789cd93274e1/brick_ed4d9e0eebcdeb5d001844d295277b2f/brick 192.168.48.14:/var/lib/heketi/mounts/vg_d72d3bd802d4e511a80ce2f16181289d/brick_c25028e38519911683f80627710099e1/brick '] on 192.168.48.12:22: Err[Process exited with: 1. Reason was:  ()]: Stdout []: Stderr [volume create: vol_2da3703400a4dc4709f1eff667b83569: failed: Host 192.168.48.14 not connected
]
[negroni] Started GET /queue/edc316d1d4ddce4487762c5178264b20
[negroni] Completed 200 OK in 135.124µs
[sshexec] ERROR 2017/04/27 02:01:00 /src/github.com/heketi/heketi/pkg/utils/ssh/ssh.go:173: Failed to run command [/bin/bash -c 'gluster --mode=script volume stop vol_2da3703400a4dc4709f1eff667b83569 force'] on 192.168.48.12:22: Err[Process exited with: 1. Reason was:  ()]: Stdout []: Stderr [volume stop: vol_2da3703400a4dc4709f1eff667b83569: failed: Volume vol_2da3703400a4dc4709f1eff667b83569 does not exist
]
[sshexec] ERROR 2017/04/27 02:01:00 /src/github.com/heketi/heketi/executors/sshexec/volume.go:130: Unable to stop volume vol_2da3703400a4dc4709f1eff667b83569: volume stop: vol_2da3703400a4dc4709f1eff667b83569: failed: Volume vol_2da3703400a4dc4709f1eff667b83569 does not exist
[sshexec] ERROR 2017/04/27 02:01:01 /src/github.com/heketi/heketi/pkg/utils/ssh/ssh.go:173: Failed to run command [/bin/bash -c 'gluster --mode=script volume delete vol_2da3703400a4dc4709f1eff667b83569'] on 192.168.48.12:22: Err[Process exited with: 1. Reason was:  ()]: Stdout []: Stderr [volume delete: vol_2da3703400a4dc4709f1eff667b83569: failed: Volume vol_2da3703400a4dc4709f1eff667b83569 does not exist
]
[sshexec] ERROR 2017/04/27 02:01:01 /src/github.com/heketi/heketi/executors/sshexec/volume.go:139: Unable to delete volume vol_2da3703400a4dc4709f1eff667b83569: volume delete: vol_2da3703400a4dc4709f1eff667b83569: failed: Volume vol_2da3703400a4dc4709f1eff667b83569 does not exist
[heketi] INFO 2017/04/27 02:01:01 Deleting brick 7138d7ad4625ce8ed20dadd72fd755a4
[heketi] INFO 2017/04/27 02:01:01 Deleting brick c25028e38519911683f80627710099e1
[heketi] INFO 2017/04/27 02:01:01 Deleting brick ed4d9e0eebcdeb5d001844d295277b2f
[sshexec] DEBUG 2017/04/27 02:01:01 /src/github.com/heketi/heketi/pkg/utils/ssh/ssh.go:176: Host: 192.168.48.12:22 Command: /bin/bash -c 'umount /var/lib/heketi/mounts/vg_403cca7edce115dc1c641acc2f5f11fb/brick_7138d7ad4625ce8ed20dadd72fd755a4'
Result: 
[sshexec] DEBUG 2017/04/27 02:01:01 /src/github.com/heketi/heketi/pkg/utils/ssh/ssh.go:176: Host: 192.168.48.14:22 Command: /bin/bash -c 'umount /var/lib/heketi/mounts/vg_d72d3bd802d4e511a80ce2f16181289d/brick_c25028e38519911683f80627710099e1'
Result: 
[sshexec] DEBUG 2017/04/27 02:01:01 /src/github.com/heketi/heketi/pkg/utils/ssh/ssh.go:176: Host: 192.168.48.17:22 Command: /bin/bash -c 'umount /var/lib/heketi/mounts/vg_6c7ff8b53124baa86b5b789cd93274e1/brick_ed4d9e0eebcdeb5d001844d295277b2f'
Result: 
[negroni] Started GET /queue/edc316d1d4ddce4487762c5178264b20
[negroni] Completed 200 OK in 69.361µs
[sshexec] DEBUG 2017/04/27 02:01:01 /src/github.com/heketi/heketi/pkg/utils/ssh/ssh.go:176: Host: 192.168.48.14:22 Command: /bin/bash -c 'lvremove -f vg_d72d3bd802d4e511a80ce2f16181289d/tp_c25028e38519911683f80627710099e1'
Result:   Logical volume "brick_c25028e38519911683f80627710099e1" successfully removed
  Logical volume "tp_c25028e38519911683f80627710099e1" successfully removed
[sshexec] DEBUG 2017/04/27 02:01:01 /src/github.com/heketi/heketi/pkg/utils/ssh/ssh.go:176: Host: 192.168.48.17:22 Command: /bin/bash -c 'lvremove -f vg_6c7ff8b53124baa86b5b789cd93274e1/tp_ed4d9e0eebcdeb5d001844d295277b2f'
Result:   Logical volume "brick_ed4d9e0eebcdeb5d001844d295277b2f" successfully removed
  Logical volume "tp_ed4d9e0eebcdeb5d001844d295277b2f" successfully removed
[sshexec] DEBUG 2017/04/27 02:01:02 /src/github.com/heketi/heketi/pkg/utils/ssh/ssh.go:176: Host: 192.168.48.12:22 Command: /bin/bash -c 'lvremove -f vg_403cca7edce115dc1c641acc2f5f11fb/tp_7138d7ad4625ce8ed20dadd72fd755a4'
Result:   Logical volume "brick_7138d7ad4625ce8ed20dadd72fd755a4" successfully removed
  Logical volume "tp_7138d7ad4625ce8ed20dadd72fd755a4" successfully removed
[sshexec] DEBUG 2017/04/27 02:01:02 /src/github.com/heketi/heketi/pkg/utils/ssh/ssh.go:176: Host: 192.168.48.14:22 Command: /bin/bash -c 'rmdir /var/lib/heketi/mounts/vg_d72d3bd802d4e511a80ce2f16181289d/brick_c25028e38519911683f80627710099e1'
Result: 
[sshexec] DEBUG 2017/04/27 02:01:02 /src/github.com/heketi/heketi/pkg/utils/ssh/ssh.go:176: Host: 192.168.48.17:22 Command: /bin/bash -c 'rmdir /var/lib/heketi/mounts/vg_6c7ff8b53124baa86b5b789cd93274e1/brick_ed4d9e0eebcdeb5d001844d295277b2f'
Result: 
[sshexec] DEBUG 2017/04/27 02:01:02 /src/github.com/heketi/heketi/pkg/utils/ssh/ssh.go:176: Host: 192.168.48.14:22 Command: /bin/bash -c 'sed -i.save "/brick_c25028e38519911683f80627710099e1/d" /etc/fstab'
Result: 
[sshexec] DEBUG 2017/04/27 02:01:02 /src/github.com/heketi/heketi/pkg/utils/ssh/ssh.go:176: Host: 192.168.48.12:22 Command: /bin/bash -c 'rmdir /var/lib/heketi/mounts/vg_403cca7edce115dc1c641acc2f5f11fb/brick_7138d7ad4625ce8ed20dadd72fd755a4'
Result: 
[sshexec] DEBUG 2017/04/27 02:01:02 /src/github.com/heketi/heketi/pkg/utils/ssh/ssh.go:176: Host: 192.168.48.17:22 Command: /bin/bash -c 'sed -i.save "/brick_ed4d9e0eebcdeb5d001844d295277b2f/d" /etc/fstab'
Result: 
[sshexec] DEBUG 2017/04/27 02:01:02 /src/github.com/heketi/heketi/pkg/utils/ssh/ssh.go:176: Host: 192.168.48.12:22 Command: /bin/bash -c 'sed -i.save "/brick_7138d7ad4625ce8ed20dadd72fd755a4/d" /etc/fstab'
Result: 
[asynchttp] INFO 2017/04/27 02:01:02 Completed job edc316d1d4ddce4487762c5178264b20 in 3.850516606s
[heketi] ERROR 2017/04/27 02:01:02 /src/github.com/heketi/heketi/apps/glusterfs/app_volume.go:148: Failed to create volume: volume create: vol_2da3703400a4dc4709f1eff667b83569: failed: Host 192.168.48.14 not connected
[negroni] Started GET /queue/edc316d1d4ddce4487762c5178264b20
[negroni] Completed 500 Internal Server Error in 81.933µs
[negroni] Started POST /volumes
[negroni] Completed 202 Accepted in 11.621889ms
[asynchttp] INFO 2017/04/27 02:01:13 Started job 9312179ab1d7f70ff701998ad1c816a1
[heketi] INFO 2017/04/27 02:01:13 Creating volume 3dda24de8ec717f30b92f697f5744615
[heketi] INFO 2017/04/27 02:01:13 brick_num: 0
[negroni] Started GET /queue/9312179ab1d7f70ff701998ad1c816a1
[negroni] Completed 200 OK in 184.913µs
[heketi] INFO 2017/04/27 02:01:13 Creating brick 4ee61e370d9f491a6132505b3881bee5
[heketi] INFO 2017/04/27 02:01:13 Creating brick 5467cac7c7386f987c97077fce3c83c0
[heketi] INFO 2017/04/27 02:01:13 Creating brick c46b54d8053fdc173360e78bd4e92bda
[sshexec] DEBUG 2017/04/27 02:01:13 /src/github.com/heketi/heketi/pkg/utils/ssh/ssh.go:176: Host: 192.168.48.12:22 Command: /bin/bash -c 'mkdir -p /var/lib/heketi/mounts/vg_403cca7edce115dc1c641acc2f5f11fb/brick_c46b54d8053fdc173360e78bd4e92bda'
Result: 
[sshexec] DEBUG 2017/04/27 02:01:14 /src/github.com/heketi/heketi/pkg/utils/ssh/ssh.go:176: Host: 192.168.48.14:22 Command: /bin/bash -c 'mkdir -p /var/lib/heketi/mounts/vg_d72d3bd802d4e511a80ce2f16181289d/brick_5467cac7c7386f987c97077fce3c83c0'
Result: 
[sshexec] DEBUG 2017/04/27 02:01:14 /src/github.com/heketi/heketi/pkg/utils/ssh/ssh.go:176: Host: 192.168.48.17:22 Command: /bin/bash -c 'mkdir -p /var/lib/heketi/mounts/vg_6c7ff8b53124baa86b5b789cd93274e1/brick_4ee61e370d9f491a6132505b3881bee5'
Result: 
[sshexec] DEBUG 2017/04/27 02:01:14 /src/github.com/heketi/heketi/pkg/utils/ssh/ssh.go:176: Host: 192.168.48.12:22 Command: /bin/bash -c 'lvcreate --poolmetadatasize 8192K -c 256K -L 1048576K -T vg_403cca7edce115dc1c641acc2f5f11fb/tp_c46b54d8053fdc173360e78bd4e92bda -V 1048576K -n brick_c46b54d8053fdc173360e78bd4e92bda'
Result:   Logical volume "brick_c46b54d8053fdc173360e78bd4e92bda" created.
[sshexec] DEBUG 2017/04/27 02:01:14 /src/github.com/heketi/heketi/pkg/utils/ssh/ssh.go:176: Host: 192.168.48.14:22 Command: /bin/bash -c 'lvcreate --poolmetadatasize 8192K -c 256K -L 1048576K -T vg_d72d3bd802d4e511a80ce2f16181289d/tp_5467cac7c7386f987c97077fce3c83c0 -V 1048576K -n brick_5467cac7c7386f987c97077fce3c83c0'
Result:   Logical volume "brick_5467cac7c7386f987c97077fce3c83c0" created.
[sshexec] DEBUG 2017/04/27 02:01:14 /src/github.com/heketi/heketi/pkg/utils/ssh/ssh.go:176: Host: 192.168.48.17:22 Command: /bin/bash -c 'lvcreate --poolmetadatasize 8192K -c 256K -L 1048576K -T vg_6c7ff8b53124baa86b5b789cd93274e1/tp_4ee61e370d9f491a6132505b3881bee5 -V 1048576K -n brick_4ee61e370d9f491a6132505b3881bee5'
Result:   Logical volume "brick_4ee61e370d9f491a6132505b3881bee5" created.
[negroni] Started GET /queue/9312179ab1d7f70ff701998ad1c816a1
[negroni] Completed 200 OK in 57.836µs
[sshexec] DEBUG 2017/04/27 02:01:14 /src/github.com/heketi/heketi/pkg/utils/ssh/ssh.go:176: Host: 192.168.48.14:22 Command: /bin/bash -c 'mkfs.xfs -i size=512 -n size=8192 /dev/mapper/vg_d72d3bd802d4e511a80ce2f16181289d-brick_5467cac7c7386f987c97077fce3c83c0'
Result: meta-data=/dev/mapper/vg_d72d3bd802d4e511a80ce2f16181289d-brick_5467cac7c7386f987c97077fce3c83c0 isize=512    agcount=8, agsize=32704 blks
         =                       sectsz=512   attr=2, projid32bit=1
         =                       crc=1        finobt=1, sparse=0
data     =                       bsize=4096   blocks=261632, imaxpct=25
         =                       sunit=64     swidth=64 blks
naming   =version 2              bsize=8192   ascii-ci=0 ftype=1
log      =internal log           bsize=4096   blocks=1728, version=2
         =                       sectsz=512   sunit=64 blks, lazy-count=1
realtime =none                   extsz=4096   blocks=0, rtextents=0
[sshexec] DEBUG 2017/04/27 02:01:14 /src/github.com/heketi/heketi/pkg/utils/ssh/ssh.go:176: Host: 192.168.48.14:22 Command: /bin/bash -c 'echo "/dev/mapper/vg_d72d3bd802d4e511a80ce2f16181289d-brick_5467cac7c7386f987c97077fce3c83c0 /var/lib/heketi/mounts/vg_d72d3bd802d4e511a80ce2f16181289d/brick_5467cac7c7386f987c97077fce3c83c0 xfs rw,inode64,noatime,nouuid 1 2" | tee -a /etc/fstab > /dev/null '
Result: 
[sshexec] DEBUG 2017/04/27 02:01:14 /src/github.com/heketi/heketi/pkg/utils/ssh/ssh.go:176: Host: 192.168.48.17:22 Command: /bin/bash -c 'mkfs.xfs -i size=512 -n size=8192 /dev/mapper/vg_6c7ff8b53124baa86b5b789cd93274e1-brick_4ee61e370d9f491a6132505b3881bee5'
Result: meta-data=/dev/mapper/vg_6c7ff8b53124baa86b5b789cd93274e1-brick_4ee61e370d9f491a6132505b3881bee5 isize=512    agcount=8, agsize=32704 blks
         =                       sectsz=512   attr=2, projid32bit=1
         =                       crc=1        finobt=1, sparse=0
data     =                       bsize=4096   blocks=261632, imaxpct=25
         =                       sunit=64     swidth=64 blks
naming   =version 2              bsize=8192   ascii-ci=0 ftype=1
log      =internal log           bsize=4096   blocks=1728, version=2
         =                       sectsz=512   sunit=64 blks, lazy-count=1
realtime =none                   extsz=4096   blocks=0, rtextents=0
[sshexec] DEBUG 2017/04/27 02:01:14 /src/github.com/heketi/heketi/pkg/utils/ssh/ssh.go:176: Host: 192.168.48.17:22 Command: /bin/bash -c 'echo "/dev/mapper/vg_6c7ff8b53124baa86b5b789cd93274e1-brick_4ee61e370d9f491a6132505b3881bee5 /var/lib/heketi/mounts/vg_6c7ff8b53124baa86b5b789cd93274e1/brick_4ee61e370d9f491a6132505b3881bee5 xfs rw,inode64,noatime,nouuid 1 2" | tee -a /etc/fstab > /dev/null '
Result: 
[sshexec] DEBUG 2017/04/27 02:01:14 /src/github.com/heketi/heketi/pkg/utils/ssh/ssh.go:176: Host: 192.168.48.12:22 Command: /bin/bash -c 'mkfs.xfs -i size=512 -n size=8192 /dev/mapper/vg_403cca7edce115dc1c641acc2f5f11fb-brick_c46b54d8053fdc173360e78bd4e92bda'
Result: meta-data=/dev/mapper/vg_403cca7edce115dc1c641acc2f5f11fb-brick_c46b54d8053fdc173360e78bd4e92bda isize=512    agcount=8, agsize=32704 blks
         =                       sectsz=4096  attr=2, projid32bit=1
         =                       crc=1        finobt=1, sparse=0
data     =                       bsize=4096   blocks=261632, imaxpct=25
         =                       sunit=64     swidth=64 blks
naming   =version 2              bsize=8192   ascii-ci=0 ftype=1
log      =internal log           bsize=4096   blocks=576, version=2
         =                       sectsz=4096  sunit=1 blks, lazy-count=1
realtime =none                   extsz=4096   blocks=0, rtextents=0
[sshexec] DEBUG 2017/04/27 02:01:14 /src/github.com/heketi/heketi/pkg/utils/ssh/ssh.go:176: Host: 192.168.48.12:22 Command: /bin/bash -c 'echo "/dev/mapper/vg_403cca7edce115dc1c641acc2f5f11fb-brick_c46b54d8053fdc173360e78bd4e92bda /var/lib/heketi/mounts/vg_403cca7edce115dc1c641acc2f5f11fb/brick_c46b54d8053fdc173360e78bd4e92bda xfs rw,inode64,noatime,nouuid 1 2" | tee -a /etc/fstab > /dev/null '
Result: 
[sshexec] DEBUG 2017/04/27 02:01:14 /src/github.com/heketi/heketi/pkg/utils/ssh/ssh.go:176: Host: 192.168.48.12:22 Command: /bin/bash -c 'mount -o rw,inode64,noatime,nouuid /dev/mapper/vg_403cca7edce115dc1c641acc2f5f11fb-brick_c46b54d8053fdc173360e78bd4e92bda /var/lib/heketi/mounts/vg_403cca7edce115dc1c641acc2f5f11fb/brick_c46b54d8053fdc173360e78bd4e92bda'
Result: 
[sshexec] DEBUG 2017/04/27 02:01:14 /src/github.com/heketi/heketi/pkg/utils/ssh/ssh.go:176: Host: 192.168.48.12:22 Command: /bin/bash -c 'mkdir /var/lib/heketi/mounts/vg_403cca7edce115dc1c641acc2f5f11fb/brick_c46b54d8053fdc173360e78bd4e92bda/brick'
Result: 
[sshexec] DEBUG 2017/04/27 02:01:14 /src/github.com/heketi/heketi/pkg/utils/ssh/ssh.go:176: Host: 192.168.48.12:22 Command: /bin/bash -c 'chown :2000 /var/lib/heketi/mounts/vg_403cca7edce115dc1c641acc2f5f11fb/brick_c46b54d8053fdc173360e78bd4e92bda/brick'
Result: 
[sshexec] DEBUG 2017/04/27 02:01:14 /src/github.com/heketi/heketi/pkg/utils/ssh/ssh.go:176: Host: 192.168.48.12:22 Command: /bin/bash -c 'chmod 2775 /var/lib/heketi/mounts/vg_403cca7edce115dc1c641acc2f5f11fb/brick_c46b54d8053fdc173360e78bd4e92bda/brick'
Result: 
[sshexec] DEBUG 2017/04/27 02:01:15 /src/github.com/heketi/heketi/pkg/utils/ssh/ssh.go:176: Host: 192.168.48.14:22 Command: /bin/bash -c 'mount -o rw,inode64,noatime,nouuid /dev/mapper/vg_d72d3bd802d4e511a80ce2f16181289d-brick_5467cac7c7386f987c97077fce3c83c0 /var/lib/heketi/mounts/vg_d72d3bd802d4e511a80ce2f16181289d/brick_5467cac7c7386f987c97077fce3c83c0'
Result: 
[sshexec] DEBUG 2017/04/27 02:01:15 /src/github.com/heketi/heketi/pkg/utils/ssh/ssh.go:176: Host: 192.168.48.14:22 Command: /bin/bash -c 'mkdir /var/lib/heketi/mounts/vg_d72d3bd802d4e511a80ce2f16181289d/brick_5467cac7c7386f987c97077fce3c83c0/brick'
Result: 
[sshexec] DEBUG 2017/04/27 02:01:15 /src/github.com/heketi/heketi/pkg/utils/ssh/ssh.go:176: Host: 192.168.48.14:22 Command: /bin/bash -c 'chown :2000 /var/lib/heketi/mounts/vg_d72d3bd802d4e511a80ce2f16181289d/brick_5467cac7c7386f987c97077fce3c83c0/brick'
Result: 
[sshexec] DEBUG 2017/04/27 02:01:15 /src/github.com/heketi/heketi/pkg/utils/ssh/ssh.go:176: Host: 192.168.48.14:22 Command: /bin/bash -c 'chmod 2775 /var/lib/heketi/mounts/vg_d72d3bd802d4e511a80ce2f16181289d/brick_5467cac7c7386f987c97077fce3c83c0/brick'
Result: 
[sshexec] DEBUG 2017/04/27 02:01:15 /src/github.com/heketi/heketi/pkg/utils/ssh/ssh.go:176: Host: 192.168.48.17:22 Command: /bin/bash -c 'mount -o rw,inode64,noatime,nouuid /dev/mapper/vg_6c7ff8b53124baa86b5b789cd93274e1-brick_4ee61e370d9f491a6132505b3881bee5 /var/lib/heketi/mounts/vg_6c7ff8b53124baa86b5b789cd93274e1/brick_4ee61e370d9f491a6132505b3881bee5'
Result: 
[sshexec] DEBUG 2017/04/27 02:01:15 /src/github.com/heketi/heketi/pkg/utils/ssh/ssh.go:176: Host: 192.168.48.17:22 Command: /bin/bash -c 'mkdir /var/lib/heketi/mounts/vg_6c7ff8b53124baa86b5b789cd93274e1/brick_4ee61e370d9f491a6132505b3881bee5/brick'
Result: 
[sshexec] DEBUG 2017/04/27 02:01:15 /src/github.com/heketi/heketi/pkg/utils/ssh/ssh.go:176: Host: 192.168.48.17:22 Command: /bin/bash -c 'chown :2000 /var/lib/heketi/mounts/vg_6c7ff8b53124baa86b5b789cd93274e1/brick_4ee61e370d9f491a6132505b3881bee5/brick'
Result: 
[sshexec] DEBUG 2017/04/27 02:01:15 /src/github.com/heketi/heketi/pkg/utils/ssh/ssh.go:176: Host: 192.168.48.17:22 Command: /bin/bash -c 'chmod 2775 /var/lib/heketi/mounts/vg_6c7ff8b53124baa86b5b789cd93274e1/brick_4ee61e370d9f491a6132505b3881bee5/brick'
Result: 
[sshexec] INFO 2017/04/27 02:01:15 Creating volume vol_3dda24de8ec717f30b92f697f5744615 replica 3
[sshexec] ERROR 2017/04/27 02:01:15 /src/github.com/heketi/heketi/pkg/utils/ssh/ssh.go:173: Failed to run command [/bin/bash -c 'gluster --mode=script volume create vol_3dda24de8ec717f30b92f697f5744615 replica 3 192.168.48.12:/var/lib/heketi/mounts/vg_403cca7edce115dc1c641acc2f5f11fb/brick_c46b54d8053fdc173360e78bd4e92bda/brick 192.168.48.17:/var/lib/heketi/mounts/vg_6c7ff8b53124baa86b5b789cd93274e1/brick_4ee61e370d9f491a6132505b3881bee5/brick 192.168.48.14:/var/lib/heketi/mounts/vg_d72d3bd802d4e511a80ce2f16181289d/brick_5467cac7c7386f987c97077fce3c83c0/brick '] on 192.168.48.12:22: Err[Process exited with: 1. Reason was:  ()]: Stdout []: Stderr [volume create: vol_3dda24de8ec717f30b92f697f5744615: failed: Host 192.168.48.14 not connected
]
[negroni] Started GET /queue/9312179ab1d7f70ff701998ad1c816a1
[negroni] Completed 200 OK in 90.558µs
[sshexec] ERROR 2017/04/27 02:01:15 /src/github.com/heketi/heketi/pkg/utils/ssh/ssh.go:173: Failed to run command [/bin/bash -c 'gluster --mode=script volume stop vol_3dda24de8ec717f30b92f697f5744615 force'] on 192.168.48.12:22: Err[Process exited with: 1. Reason was:  ()]: Stdout []: Stderr [volume stop: vol_3dda24de8ec717f30b92f697f5744615: failed: Volume vol_3dda24de8ec717f30b92f697f5744615 does not exist
]
[sshexec] ERROR 2017/04/27 02:01:15 /src/github.com/heketi/heketi/executors/sshexec/volume.go:130: Unable to stop volume vol_3dda24de8ec717f30b92f697f5744615: volume stop: vol_3dda24de8ec717f30b92f697f5744615: failed: Volume vol_3dda24de8ec717f30b92f697f5744615 does not exist
[sshexec] ERROR 2017/04/27 02:01:16 /src/github.com/heketi/heketi/pkg/utils/ssh/ssh.go:173: Failed to run command [/bin/bash -c 'gluster --mode=script volume delete vol_3dda24de8ec717f30b92f697f5744615'] on 192.168.48.12:22: Err[Process exited with: 1. Reason was:  ()]: Stdout []: Stderr [volume delete: vol_3dda24de8ec717f30b92f697f5744615: failed: Volume vol_3dda24de8ec717f30b92f697f5744615 does not exist
]
[sshexec] ERROR 2017/04/27 02:01:16 /src/github.com/heketi/heketi/executors/sshexec/volume.go:139: Unable to delete volume vol_3dda24de8ec717f30b92f697f5744615: volume delete: vol_3dda24de8ec717f30b92f697f5744615: failed: Volume vol_3dda24de8ec717f30b92f697f5744615 does not exist
[heketi] INFO 2017/04/27 02:01:16 Deleting brick c46b54d8053fdc173360e78bd4e92bda
[heketi] INFO 2017/04/27 02:01:16 Deleting brick 4ee61e370d9f491a6132505b3881bee5
[heketi] INFO 2017/04/27 02:01:16 Deleting brick 5467cac7c7386f987c97077fce3c83c0
[sshexec] DEBUG 2017/04/27 02:01:16 /src/github.com/heketi/heketi/pkg/utils/ssh/ssh.go:176: Host: 192.168.48.12:22 Command: /bin/bash -c 'umount /var/lib/heketi/mounts/vg_403cca7edce115dc1c641acc2f5f11fb/brick_c46b54d8053fdc173360e78bd4e92bda'
Result: 
[sshexec] DEBUG 2017/04/27 02:01:16 /src/github.com/heketi/heketi/pkg/utils/ssh/ssh.go:176: Host: 192.168.48.14:22 Command: /bin/bash -c 'umount /var/lib/heketi/mounts/vg_d72d3bd802d4e511a80ce2f16181289d/brick_5467cac7c7386f987c97077fce3c83c0'
Result: 
[sshexec] DEBUG 2017/04/27 02:01:16 /src/github.com/heketi/heketi/pkg/utils/ssh/ssh.go:176: Host: 192.168.48.17:22 Command: /bin/bash -c 'umount /var/lib/heketi/mounts/vg_6c7ff8b53124baa86b5b789cd93274e1/brick_4ee61e370d9f491a6132505b3881bee5'
Result: 
[negroni] Started GET /queue/9312179ab1d7f70ff701998ad1c816a1
[negroni] Completed 200 OK in 67.817µs
[sshexec] DEBUG 2017/04/27 02:01:16 /src/github.com/heketi/heketi/pkg/utils/ssh/ssh.go:176: Host: 192.168.48.14:22 Command: /bin/bash -c 'lvremove -f vg_d72d3bd802d4e511a80ce2f16181289d/tp_5467cac7c7386f987c97077fce3c83c0'
Result:   Logical volume "brick_5467cac7c7386f987c97077fce3c83c0" successfully removed
  Logical volume "tp_5467cac7c7386f987c97077fce3c83c0" successfully removed
[sshexec] DEBUG 2017/04/27 02:01:16 /src/github.com/heketi/heketi/pkg/utils/ssh/ssh.go:176: Host: 192.168.48.17:22 Command: /bin/bash -c 'lvremove -f vg_6c7ff8b53124baa86b5b789cd93274e1/tp_4ee61e370d9f491a6132505b3881bee5'
Result:   Logical volume "brick_4ee61e370d9f491a6132505b3881bee5" successfully removed
  Logical volume "tp_4ee61e370d9f491a6132505b3881bee5" successfully removed
[sshexec] DEBUG 2017/04/27 02:01:16 /src/github.com/heketi/heketi/pkg/utils/ssh/ssh.go:176: Host: 192.168.48.12:22 Command: /bin/bash -c 'lvremove -f vg_403cca7edce115dc1c641acc2f5f11fb/tp_c46b54d8053fdc173360e78bd4e92bda'
Result:   Logical volume "brick_c46b54d8053fdc173360e78bd4e92bda" successfully removed
  Logical volume "tp_c46b54d8053fdc173360e78bd4e92bda" successfully removed
[sshexec] DEBUG 2017/04/27 02:01:17 /src/github.com/heketi/heketi/pkg/utils/ssh/ssh.go:176: Host: 192.168.48.14:22 Command: /bin/bash -c 'rmdir /var/lib/heketi/mounts/vg_d72d3bd802d4e511a80ce2f16181289d/brick_5467cac7c7386f987c97077fce3c83c0'
Result: 
[sshexec] DEBUG 2017/04/27 02:01:17 /src/github.com/heketi/heketi/pkg/utils/ssh/ssh.go:176: Host: 192.168.48.17:22 Command: /bin/bash -c 'rmdir /var/lib/heketi/mounts/vg_6c7ff8b53124baa86b5b789cd93274e1/brick_4ee61e370d9f491a6132505b3881bee5'
Result: 
[sshexec] DEBUG 2017/04/27 02:01:17 /src/github.com/heketi/heketi/pkg/utils/ssh/ssh.go:176: Host: 192.168.48.12:22 Command: /bin/bash -c 'rmdir /var/lib/heketi/mounts/vg_403cca7edce115dc1c641acc2f5f11fb/brick_c46b54d8053fdc173360e78bd4e92bda'
Result: 
[sshexec] DEBUG 2017/04/27 02:01:17 /src/github.com/heketi/heketi/pkg/utils/ssh/ssh.go:176: Host: 192.168.48.14:22 Command: /bin/bash -c 'sed -i.save "/brick_5467cac7c7386f987c97077fce3c83c0/d" /etc/fstab'
Result: 
[sshexec] DEBUG 2017/04/27 02:01:17 /src/github.com/heketi/heketi/pkg/utils/ssh/ssh.go:176: Host: 192.168.48.12:22 Command: /bin/bash -c 'sed -i.save "/brick_c46b54d8053fdc173360e78bd4e92bda/d" /etc/fstab'
Result: 
[sshexec] DEBUG 2017/04/27 02:01:17 /src/github.com/heketi/heketi/pkg/utils/ssh/ssh.go:176: Host: 192.168.48.17:22 Command: /bin/bash -c 'sed -i.save "/brick_4ee61e370d9f491a6132505b3881bee5/d" /etc/fstab'
Result: 
[asynchttp] INFO 2017/04/27 02:01:17 Completed job 9312179ab1d7f70ff701998ad1c816a1 in 3.75240906s
[heketi] ERROR 2017/04/27 02:01:17 /src/github.com/heketi/heketi/apps/glusterfs/app_volume.go:148: Failed to create volume: volume create: vol_3dda24de8ec717f30b92f697f5744615: failed: Host 192.168.48.14 not connected
[negroni] Started GET /queue/9312179ab1d7f70ff701998ad1c816a1
[negroni] Completed 500 Internal Server Error in 119.019µs
[negroni] Started POST /volumes
[negroni] Completed 202 Accepted in 12.68857ms
[asynchttp] INFO 2017/04/27 02:01:28 Started job 873bf9796cb5384411af0de30fee1f16
[heketi] INFO 2017/04/27 02:01:28 Creating volume 09cafd94080c4aea79aa9490b7e162c8
[heketi] INFO 2017/04/27 02:01:28 brick_num: 0
[negroni] Started GET /queue/873bf9796cb5384411af0de30fee1f16
[negroni] Completed 200 OK in 95.772µs
[heketi] INFO 2017/04/27 02:01:28 Creating brick 5f6caacf40dd43b81a457d62aaae9999
[heketi] INFO 2017/04/27 02:01:28 Creating brick df670188f48c98c530a766b69309be17
[heketi] INFO 2017/04/27 02:01:28 Creating brick bc9fac28ca4909913349e90a236e2909
[sshexec] DEBUG 2017/04/27 02:01:29 /src/github.com/heketi/heketi/pkg/utils/ssh/ssh.go:176: Host: 192.168.48.12:22 Command: /bin/bash -c 'mkdir -p /var/lib/heketi/mounts/vg_403cca7edce115dc1c641acc2f5f11fb/brick_5f6caacf40dd43b81a457d62aaae9999'
Result: 
[sshexec] DEBUG 2017/04/27 02:01:29 /src/github.com/heketi/heketi/pkg/utils/ssh/ssh.go:176: Host: 192.168.48.14:22 Command: /bin/bash -c 'mkdir -p /var/lib/heketi/mounts/vg_d72d3bd802d4e511a80ce2f16181289d/brick_df670188f48c98c530a766b69309be17'
Result: 
[sshexec] DEBUG 2017/04/27 02:01:29 /src/github.com/heketi/heketi/pkg/utils/ssh/ssh.go:176: Host: 192.168.48.17:22 Command: /bin/bash -c 'mkdir -p /var/lib/heketi/mounts/vg_6c7ff8b53124baa86b5b789cd93274e1/brick_bc9fac28ca4909913349e90a236e2909'
Result: 
[sshexec] DEBUG 2017/04/27 02:01:29 /src/github.com/heketi/heketi/pkg/utils/ssh/ssh.go:176: Host: 192.168.48.14:22 Command: /bin/bash -c 'lvcreate --poolmetadatasize 8192K -c 256K -L 1048576K -T vg_d72d3bd802d4e511a80ce2f16181289d/tp_df670188f48c98c530a766b69309be17 -V 1048576K -n brick_df670188f48c98c530a766b69309be17'
Result:   Logical volume "brick_df670188f48c98c530a766b69309be17" created.
[sshexec] DEBUG 2017/04/27 02:01:29 /src/github.com/heketi/heketi/pkg/utils/ssh/ssh.go:176: Host: 192.168.48.17:22 Command: /bin/bash -c 'lvcreate --poolmetadatasize 8192K -c 256K -L 1048576K -T vg_6c7ff8b53124baa86b5b789cd93274e1/tp_bc9fac28ca4909913349e90a236e2909 -V 1048576K -n brick_bc9fac28ca4909913349e90a236e2909'
Result:   Logical volume "brick_bc9fac28ca4909913349e90a236e2909" created.
[sshexec] DEBUG 2017/04/27 02:01:29 /src/github.com/heketi/heketi/pkg/utils/ssh/ssh.go:176: Host: 192.168.48.12:22 Command: /bin/bash -c 'lvcreate --poolmetadatasize 8192K -c 256K -L 1048576K -T vg_403cca7edce115dc1c641acc2f5f11fb/tp_5f6caacf40dd43b81a457d62aaae9999 -V 1048576K -n brick_5f6caacf40dd43b81a457d62aaae9999'
Result:   Logical volume "brick_5f6caacf40dd43b81a457d62aaae9999" created.
[sshexec] DEBUG 2017/04/27 02:01:29 /src/github.com/heketi/heketi/pkg/utils/ssh/ssh.go:176: Host: 192.168.48.14:22 Command: /bin/bash -c 'mkfs.xfs -i size=512 -n size=8192 /dev/mapper/vg_d72d3bd802d4e511a80ce2f16181289d-brick_df670188f48c98c530a766b69309be17'
Result: meta-data=/dev/mapper/vg_d72d3bd802d4e511a80ce2f16181289d-brick_df670188f48c98c530a766b69309be17 isize=512    agcount=8, agsize=32704 blks
         =                       sectsz=512   attr=2, projid32bit=1
         =                       crc=1        finobt=1, sparse=0
data     =                       bsize=4096   blocks=261632, imaxpct=25
         =                       sunit=64     swidth=64 blks
naming   =version 2              bsize=8192   ascii-ci=0 ftype=1
log      =internal log           bsize=4096   blocks=1728, version=2
         =                       sectsz=512   sunit=64 blks, lazy-count=1
realtime =none                   extsz=4096   blocks=0, rtextents=0
[sshexec] DEBUG 2017/04/27 02:01:29 /src/github.com/heketi/heketi/pkg/utils/ssh/ssh.go:176: Host: 192.168.48.14:22 Command: /bin/bash -c 'echo "/dev/mapper/vg_d72d3bd802d4e511a80ce2f16181289d-brick_df670188f48c98c530a766b69309be17 /var/lib/heketi/mounts/vg_d72d3bd802d4e511a80ce2f16181289d/brick_df670188f48c98c530a766b69309be17 xfs rw,inode64,noatime,nouuid 1 2" | tee -a /etc/fstab > /dev/null '
Result: 
[negroni] Started GET /queue/873bf9796cb5384411af0de30fee1f16
[negroni] Completed 200 OK in 67.08µs
[sshexec] DEBUG 2017/04/27 02:01:29 /src/github.com/heketi/heketi/pkg/utils/ssh/ssh.go:176: Host: 192.168.48.12:22 Command: /bin/bash -c 'mkfs.xfs -i size=512 -n size=8192 /dev/mapper/vg_403cca7edce115dc1c641acc2f5f11fb-brick_5f6caacf40dd43b81a457d62aaae9999'
Result: meta-data=/dev/mapper/vg_403cca7edce115dc1c641acc2f5f11fb-brick_5f6caacf40dd43b81a457d62aaae9999 isize=512    agcount=8, agsize=32704 blks
         =                       sectsz=4096  attr=2, projid32bit=1
         =                       crc=1        finobt=1, sparse=0
data     =                       bsize=4096   blocks=261632, imaxpct=25
         =                       sunit=64     swidth=64 blks
naming   =version 2              bsize=8192   ascii-ci=0 ftype=1
log      =internal log           bsize=4096   blocks=576, version=2
         =                       sectsz=4096  sunit=1 blks, lazy-count=1
realtime =none                   extsz=4096   blocks=0, rtextents=0
[sshexec] DEBUG 2017/04/27 02:01:29 /src/github.com/heketi/heketi/pkg/utils/ssh/ssh.go:176: Host: 192.168.48.17:22 Command: /bin/bash -c 'mkfs.xfs -i size=512 -n size=8192 /dev/mapper/vg_6c7ff8b53124baa86b5b789cd93274e1-brick_bc9fac28ca4909913349e90a236e2909'
Result: meta-data=/dev/mapper/vg_6c7ff8b53124baa86b5b789cd93274e1-brick_bc9fac28ca4909913349e90a236e2909 isize=512    agcount=8, agsize=32704 blks
         =                       sectsz=512   attr=2, projid32bit=1
         =                       crc=1        finobt=1, sparse=0
data     =                       bsize=4096   blocks=261632, imaxpct=25
         =                       sunit=64     swidth=64 blks
naming   =version 2              bsize=8192   ascii-ci=0 ftype=1
log      =internal log           bsize=4096   blocks=1728, version=2
         =                       sectsz=512   sunit=64 blks, lazy-count=1
realtime =none                   extsz=4096   blocks=0, rtextents=0
[sshexec] DEBUG 2017/04/27 02:01:29 /src/github.com/heketi/heketi/pkg/utils/ssh/ssh.go:176: Host: 192.168.48.12:22 Command: /bin/bash -c 'echo "/dev/mapper/vg_403cca7edce115dc1c641acc2f5f11fb-brick_5f6caacf40dd43b81a457d62aaae9999 /var/lib/heketi/mounts/vg_403cca7edce115dc1c641acc2f5f11fb/brick_5f6caacf40dd43b81a457d62aaae9999 xfs rw,inode64,noatime,nouuid 1 2" | tee -a /etc/fstab > /dev/null '
Result: 
[sshexec] DEBUG 2017/04/27 02:01:29 /src/github.com/heketi/heketi/pkg/utils/ssh/ssh.go:176: Host: 192.168.48.17:22 Command: /bin/bash -c 'echo "/dev/mapper/vg_6c7ff8b53124baa86b5b789cd93274e1-brick_bc9fac28ca4909913349e90a236e2909 /var/lib/heketi/mounts/vg_6c7ff8b53124baa86b5b789cd93274e1/brick_bc9fac28ca4909913349e90a236e2909 xfs rw,inode64,noatime,nouuid 1 2" | tee -a /etc/fstab > /dev/null '
Result: 
[sshexec] DEBUG 2017/04/27 02:01:29 /src/github.com/heketi/heketi/pkg/utils/ssh/ssh.go:176: Host: 192.168.48.12:22 Command: /bin/bash -c 'mount -o rw,inode64,noatime,nouuid /dev/mapper/vg_403cca7edce115dc1c641acc2f5f11fb-brick_5f6caacf40dd43b81a457d62aaae9999 /var/lib/heketi/mounts/vg_403cca7edce115dc1c641acc2f5f11fb/brick_5f6caacf40dd43b81a457d62aaae9999'
Result: 
[sshexec] DEBUG 2017/04/27 02:01:29 /src/github.com/heketi/heketi/pkg/utils/ssh/ssh.go:176: Host: 192.168.48.12:22 Command: /bin/bash -c 'mkdir /var/lib/heketi/mounts/vg_403cca7edce115dc1c641acc2f5f11fb/brick_5f6caacf40dd43b81a457d62aaae9999/brick'
Result: 
[sshexec] DEBUG 2017/04/27 02:01:29 /src/github.com/heketi/heketi/pkg/utils/ssh/ssh.go:176: Host: 192.168.48.12:22 Command: /bin/bash -c 'chown :2000 /var/lib/heketi/mounts/vg_403cca7edce115dc1c641acc2f5f11fb/brick_5f6caacf40dd43b81a457d62aaae9999/brick'
Result: 
[sshexec] DEBUG 2017/04/27 02:01:29 /src/github.com/heketi/heketi/pkg/utils/ssh/ssh.go:176: Host: 192.168.48.12:22 Command: /bin/bash -c 'chmod 2775 /var/lib/heketi/mounts/vg_403cca7edce115dc1c641acc2f5f11fb/brick_5f6caacf40dd43b81a457d62aaae9999/brick'
Result: 
[sshexec] DEBUG 2017/04/27 02:01:30 /src/github.com/heketi/heketi/pkg/utils/ssh/ssh.go:176: Host: 192.168.48.14:22 Command: /bin/bash -c 'mount -o rw,inode64,noatime,nouuid /dev/mapper/vg_d72d3bd802d4e511a80ce2f16181289d-brick_df670188f48c98c530a766b69309be17 /var/lib/heketi/mounts/vg_d72d3bd802d4e511a80ce2f16181289d/brick_df670188f48c98c530a766b69309be17'
Result: 
[sshexec] DEBUG 2017/04/27 02:01:30 /src/github.com/heketi/heketi/pkg/utils/ssh/ssh.go:176: Host: 192.168.48.14:22 Command: /bin/bash -c 'mkdir /var/lib/heketi/mounts/vg_d72d3bd802d4e511a80ce2f16181289d/brick_df670188f48c98c530a766b69309be17/brick'
Result: 
[sshexec] DEBUG 2017/04/27 02:01:30 /src/github.com/heketi/heketi/pkg/utils/ssh/ssh.go:176: Host: 192.168.48.14:22 Command: /bin/bash -c 'chown :2000 /var/lib/heketi/mounts/vg_d72d3bd802d4e511a80ce2f16181289d/brick_df670188f48c98c530a766b69309be17/brick'
Result: 
[sshexec] DEBUG 2017/04/27 02:01:30 /src/github.com/heketi/heketi/pkg/utils/ssh/ssh.go:176: Host: 192.168.48.14:22 Command: /bin/bash -c 'chmod 2775 /var/lib/heketi/mounts/vg_d72d3bd802d4e511a80ce2f16181289d/brick_df670188f48c98c530a766b69309be17/brick'
Result: 
[sshexec] DEBUG 2017/04/27 02:01:30 /src/github.com/heketi/heketi/pkg/utils/ssh/ssh.go:176: Host: 192.168.48.17:22 Command: /bin/bash -c 'mount -o rw,inode64,noatime,nouuid /dev/mapper/vg_6c7ff8b53124baa86b5b789cd93274e1-brick_bc9fac28ca4909913349e90a236e2909 /var/lib/heketi/mounts/vg_6c7ff8b53124baa86b5b789cd93274e1/brick_bc9fac28ca4909913349e90a236e2909'
Result: 
[sshexec] DEBUG 2017/04/27 02:01:30 /src/github.com/heketi/heketi/pkg/utils/ssh/ssh.go:176: Host: 192.168.48.17:22 Command: /bin/bash -c 'mkdir /var/lib/heketi/mounts/vg_6c7ff8b53124baa86b5b789cd93274e1/brick_bc9fac28ca4909913349e90a236e2909/brick'
Result: 
[sshexec] DEBUG 2017/04/27 02:01:30 /src/github.com/heketi/heketi/pkg/utils/ssh/ssh.go:176: Host: 192.168.48.17:22 Command: /bin/bash -c 'chown :2000 /var/lib/heketi/mounts/vg_6c7ff8b53124baa86b5b789cd93274e1/brick_bc9fac28ca4909913349e90a236e2909/brick'
Result: 
[sshexec] DEBUG 2017/04/27 02:01:30 /src/github.com/heketi/heketi/pkg/utils/ssh/ssh.go:176: Host: 192.168.48.17:22 Command: /bin/bash -c 'chmod 2775 /var/lib/heketi/mounts/vg_6c7ff8b53124baa86b5b789cd93274e1/brick_bc9fac28ca4909913349e90a236e2909/brick'
Result: 
[sshexec] INFO 2017/04/27 02:01:30 Creating volume vol_09cafd94080c4aea79aa9490b7e162c8 replica 3
[sshexec] ERROR 2017/04/27 02:01:30 /src/github.com/heketi/heketi/pkg/utils/ssh/ssh.go:173: Failed to run command [/bin/bash -c 'gluster --mode=script volume create vol_09cafd94080c4aea79aa9490b7e162c8 replica 3 192.168.48.12:/var/lib/heketi/mounts/vg_403cca7edce115dc1c641acc2f5f11fb/brick_5f6caacf40dd43b81a457d62aaae9999/brick 192.168.48.17:/var/lib/heketi/mounts/vg_6c7ff8b53124baa86b5b789cd93274e1/brick_bc9fac28ca4909913349e90a236e2909/brick 192.168.48.14:/var/lib/heketi/mounts/vg_d72d3bd802d4e511a80ce2f16181289d/brick_df670188f48c98c530a766b69309be17/brick '] on 192.168.48.12:22: Err[Process exited with: 1. Reason was:  ()]: Stdout []: Stderr [volume create: vol_09cafd94080c4aea79aa9490b7e162c8: failed: Host 192.168.48.14 not connected
]
[sshexec] ERROR 2017/04/27 02:01:30 /src/github.com/heketi/heketi/pkg/utils/ssh/ssh.go:173: Failed to run command [/bin/bash -c 'gluster --mode=script volume stop vol_09cafd94080c4aea79aa9490b7e162c8 force'] on 192.168.48.12:22: Err[Process exited with: 1. Reason was:  ()]: Stdout []: Stderr [volume stop: vol_09cafd94080c4aea79aa9490b7e162c8: failed: Volume vol_09cafd94080c4aea79aa9490b7e162c8 does not exist
]
[sshexec] ERROR 2017/04/27 02:01:30 /src/github.com/heketi/heketi/executors/sshexec/volume.go:130: Unable to stop volume vol_09cafd94080c4aea79aa9490b7e162c8: volume stop: vol_09cafd94080c4aea79aa9490b7e162c8: failed: Volume vol_09cafd94080c4aea79aa9490b7e162c8 does not exist
[negroni] Started GET /queue/873bf9796cb5384411af0de30fee1f16
[negroni] Completed 200 OK in 229.517µs
[sshexec] ERROR 2017/04/27 02:01:30 /src/github.com/heketi/heketi/pkg/utils/ssh/ssh.go:173: Failed to run command [/bin/bash -c 'gluster --mode=script volume delete vol_09cafd94080c4aea79aa9490b7e162c8'] on 192.168.48.12:22: Err[Process exited with: 1. Reason was:  ()]: Stdout []: Stderr [volume delete: vol_09cafd94080c4aea79aa9490b7e162c8: failed: Volume vol_09cafd94080c4aea79aa9490b7e162c8 does not exist
]
[sshexec] ERROR 2017/04/27 02:01:30 /src/github.com/heketi/heketi/executors/sshexec/volume.go:139: Unable to delete volume vol_09cafd94080c4aea79aa9490b7e162c8: volume delete: vol_09cafd94080c4aea79aa9490b7e162c8: failed: Volume vol_09cafd94080c4aea79aa9490b7e162c8 does not exist
[heketi] INFO 2017/04/27 02:01:30 Deleting brick 5f6caacf40dd43b81a457d62aaae9999
[heketi] INFO 2017/04/27 02:01:30 Deleting brick bc9fac28ca4909913349e90a236e2909
[heketi] INFO 2017/04/27 02:01:30 Deleting brick df670188f48c98c530a766b69309be17
[sshexec] DEBUG 2017/04/27 02:01:31 /src/github.com/heketi/heketi/pkg/utils/ssh/ssh.go:176: Host: 192.168.48.12:22 Command: /bin/bash -c 'umount /var/lib/heketi/mounts/vg_403cca7edce115dc1c641acc2f5f11fb/brick_5f6caacf40dd43b81a457d62aaae9999'
Result: 
[sshexec] DEBUG 2017/04/27 02:01:31 /src/github.com/heketi/heketi/pkg/utils/ssh/ssh.go:176: Host: 192.168.48.14:22 Command: /bin/bash -c 'umount /var/lib/heketi/mounts/vg_d72d3bd802d4e511a80ce2f16181289d/brick_df670188f48c98c530a766b69309be17'
Result: 
[sshexec] DEBUG 2017/04/27 02:01:31 /src/github.com/heketi/heketi/pkg/utils/ssh/ssh.go:176: Host: 192.168.48.17:22 Command: /bin/bash -c 'umount /var/lib/heketi/mounts/vg_6c7ff8b53124baa86b5b789cd93274e1/brick_bc9fac28ca4909913349e90a236e2909'
Result: 
[negroni] Started GET /queue/873bf9796cb5384411af0de30fee1f16
[negroni] Completed 200 OK in 73.86µs
[sshexec] DEBUG 2017/04/27 02:01:31 /src/github.com/heketi/heketi/pkg/utils/ssh/ssh.go:176: Host: 192.168.48.14:22 Command: /bin/bash -c 'lvremove -f vg_d72d3bd802d4e511a80ce2f16181289d/tp_df670188f48c98c530a766b69309be17'
Result:   Logical volume "brick_df670188f48c98c530a766b69309be17" successfully removed
  Logical volume "tp_df670188f48c98c530a766b69309be17" successfully removed
[sshexec] DEBUG 2017/04/27 02:01:31 /src/github.com/heketi/heketi/pkg/utils/ssh/ssh.go:176: Host: 192.168.48.17:22 Command: /bin/bash -c 'lvremove -f vg_6c7ff8b53124baa86b5b789cd93274e1/tp_bc9fac28ca4909913349e90a236e2909'
Result:   Logical volume "brick_bc9fac28ca4909913349e90a236e2909" successfully removed
  Logical volume "tp_bc9fac28ca4909913349e90a236e2909" successfully removed
[sshexec] DEBUG 2017/04/27 02:01:31 /src/github.com/heketi/heketi/pkg/utils/ssh/ssh.go:176: Host: 192.168.48.12:22 Command: /bin/bash -c 'lvremove -f vg_403cca7edce115dc1c641acc2f5f11fb/tp_5f6caacf40dd43b81a457d62aaae9999'
Result:   Logical volume "brick_5f6caacf40dd43b81a457d62aaae9999" successfully removed
  Logical volume "tp_5f6caacf40dd43b81a457d62aaae9999" successfully removed
[sshexec] DEBUG 2017/04/27 02:01:32 /src/github.com/heketi/heketi/pkg/utils/ssh/ssh.go:176: Host: 192.168.48.14:22 Command: /bin/bash -c 'rmdir /var/lib/heketi/mounts/vg_d72d3bd802d4e511a80ce2f16181289d/brick_df670188f48c98c530a766b69309be17'
Result: 
[sshexec] DEBUG 2017/04/27 02:01:32 /src/github.com/heketi/heketi/pkg/utils/ssh/ssh.go:176: Host: 192.168.48.12:22 Command: /bin/bash -c 'rmdir /var/lib/heketi/mounts/vg_403cca7edce115dc1c641acc2f5f11fb/brick_5f6caacf40dd43b81a457d62aaae9999'
Result: 
[sshexec] DEBUG 2017/04/27 02:01:32 /src/github.com/heketi/heketi/pkg/utils/ssh/ssh.go:176: Host: 192.168.48.17:22 Command: /bin/bash -c 'rmdir /var/lib/heketi/mounts/vg_6c7ff8b53124baa86b5b789cd93274e1/brick_bc9fac28ca4909913349e90a236e2909'
Result: 
[sshexec] DEBUG 2017/04/27 02:01:32 /src/github.com/heketi/heketi/pkg/utils/ssh/ssh.go:176: Host: 192.168.48.14:22 Command: /bin/bash -c 'sed -i.save "/brick_df670188f48c98c530a766b69309be17/d" /etc/fstab'
Result: 
[sshexec] DEBUG 2017/04/27 02:01:32 /src/github.com/heketi/heketi/pkg/utils/ssh/ssh.go:176: Host: 192.168.48.17:22 Command: /bin/bash -c 'sed -i.save "/brick_bc9fac28ca4909913349e90a236e2909/d" /etc/fstab'
Result: 
[sshexec] DEBUG 2017/04/27 02:01:32 /src/github.com/heketi/heketi/pkg/utils/ssh/ssh.go:176: Host: 192.168.48.12:22 Command: /bin/bash -c 'sed -i.save "/brick_5f6caacf40dd43b81a457d62aaae9999/d" /etc/fstab'
Result: 
[asynchttp] INFO 2017/04/27 02:01:32 Completed job 873bf9796cb5384411af0de30fee1f16 in 3.526783583s
[heketi] ERROR 2017/04/27 02:01:32 /src/github.com/heketi/heketi/apps/glusterfs/app_volume.go:148: Failed to create volume: volume create: vol_09cafd94080c4aea79aa9490b7e162c8: failed: Host 192.168.48.14 not connected
[negroni] Started GET /queue/873bf9796cb5384411af0de30fee1f16
[negroni] Completed 500 Internal Server Error in 92.965µs
[negroni] Started POST /volumes
[negroni] Completed 202 Accepted in 15.698155ms
[asynchttp] INFO 2017/04/27 02:01:43 Started job 757927d4bed9ab446e454fcd4b163bc1
[heketi] INFO 2017/04/27 02:01:43 Creating volume 075fed3bb8dcbf7ef6fab4325eb02799
[heketi] INFO 2017/04/27 02:01:43 brick_num: 0
[negroni] Started GET /queue/757927d4bed9ab446e454fcd4b163bc1
[negroni] Completed 200 OK in 149.278µs
[heketi] INFO 2017/04/27 02:01:43 Creating brick 56fa141961d01eb9798c439193b5c6cf
[heketi] INFO 2017/04/27 02:01:43 Creating brick 498ecba2d0890fccdc56bd61356c6e45
[heketi] INFO 2017/04/27 02:01:43 Creating brick 7e77126d6bc715baff78b415e2fa674b
[sshexec] DEBUG 2017/04/27 02:01:44 /src/github.com/heketi/heketi/pkg/utils/ssh/ssh.go:176: Host: 192.168.48.14:22 Command: /bin/bash -c 'mkdir -p /var/lib/heketi/mounts/vg_d72d3bd802d4e511a80ce2f16181289d/brick_56fa141961d01eb9798c439193b5c6cf'
Result: 
[sshexec] DEBUG 2017/04/27 02:01:44 /src/github.com/heketi/heketi/pkg/utils/ssh/ssh.go:176: Host: 192.168.48.12:22 Command: /bin/bash -c 'mkdir -p /var/lib/heketi/mounts/vg_403cca7edce115dc1c641acc2f5f11fb/brick_7e77126d6bc715baff78b415e2fa674b'
Result: 
[sshexec] DEBUG 2017/04/27 02:01:44 /src/github.com/heketi/heketi/pkg/utils/ssh/ssh.go:176: Host: 192.168.48.17:22 Command: /bin/bash -c 'mkdir -p /var/lib/heketi/mounts/vg_6c7ff8b53124baa86b5b789cd93274e1/brick_498ecba2d0890fccdc56bd61356c6e45'
Result: 
[sshexec] DEBUG 2017/04/27 02:01:44 /src/github.com/heketi/heketi/pkg/utils/ssh/ssh.go:176: Host: 192.168.48.14:22 Command: /bin/bash -c 'lvcreate --poolmetadatasize 8192K -c 256K -L 1048576K -T vg_d72d3bd802d4e511a80ce2f16181289d/tp_56fa141961d01eb9798c439193b5c6cf -V 1048576K -n brick_56fa141961d01eb9798c439193b5c6cf'
Result:   Logical volume "brick_56fa141961d01eb9798c439193b5c6cf" created.
[sshexec] DEBUG 2017/04/27 02:01:44 /src/github.com/heketi/heketi/pkg/utils/ssh/ssh.go:176: Host: 192.168.48.12:22 Command: /bin/bash -c 'lvcreate --poolmetadatasize 8192K -c 256K -L 1048576K -T vg_403cca7edce115dc1c641acc2f5f11fb/tp_7e77126d6bc715baff78b415e2fa674b -V 1048576K -n brick_7e77126d6bc715baff78b415e2fa674b'
Result:   Logical volume "brick_7e77126d6bc715baff78b415e2fa674b" created.
[sshexec] DEBUG 2017/04/27 02:01:44 /src/github.com/heketi/heketi/pkg/utils/ssh/ssh.go:176: Host: 192.168.48.17:22 Command: /bin/bash -c 'lvcreate --poolmetadatasize 8192K -c 256K -L 1048576K -T vg_6c7ff8b53124baa86b5b789cd93274e1/tp_498ecba2d0890fccdc56bd61356c6e45 -V 1048576K -n brick_498ecba2d0890fccdc56bd61356c6e45'
Result:   Logical volume "brick_498ecba2d0890fccdc56bd61356c6e45" created.
[sshexec] DEBUG 2017/04/27 02:01:44 /src/github.com/heketi/heketi/pkg/utils/ssh/ssh.go:176: Host: 192.168.48.14:22 Command: /bin/bash -c 'mkfs.xfs -i size=512 -n size=8192 /dev/mapper/vg_d72d3bd802d4e511a80ce2f16181289d-brick_56fa141961d01eb9798c439193b5c6cf'
Result: meta-data=/dev/mapper/vg_d72d3bd802d4e511a80ce2f16181289d-brick_56fa141961d01eb9798c439193b5c6cf isize=512    agcount=8, agsize=32704 blks
         =                       sectsz=512   attr=2, projid32bit=1
         =                       crc=1        finobt=1, sparse=0
data     =                       bsize=4096   blocks=261632, imaxpct=25
         =                       sunit=64     swidth=64 blks
naming   =version 2              bsize=8192   ascii-ci=0 ftype=1
log      =internal log           bsize=4096   blocks=1728, version=2
         =                       sectsz=512   sunit=64 blks, lazy-count=1
realtime =none                   extsz=4096   blocks=0, rtextents=0
[sshexec] DEBUG 2017/04/27 02:01:44 /src/github.com/heketi/heketi/pkg/utils/ssh/ssh.go:176: Host: 192.168.48.14:22 Command: /bin/bash -c 'echo "/dev/mapper/vg_d72d3bd802d4e511a80ce2f16181289d-brick_56fa141961d01eb9798c439193b5c6cf /var/lib/heketi/mounts/vg_d72d3bd802d4e511a80ce2f16181289d/brick_56fa141961d01eb9798c439193b5c6cf xfs rw,inode64,noatime,nouuid 1 2" | tee -a /etc/fstab > /dev/null '
Result: 
[negroni] Started GET /queue/757927d4bed9ab446e454fcd4b163bc1
[negroni] Completed 200 OK in 106.412µs
[sshexec] DEBUG 2017/04/27 02:01:44 /src/github.com/heketi/heketi/pkg/utils/ssh/ssh.go:176: Host: 192.168.48.12:22 Command: /bin/bash -c 'mkfs.xfs -i size=512 -n size=8192 /dev/mapper/vg_403cca7edce115dc1c641acc2f5f11fb-brick_7e77126d6bc715baff78b415e2fa674b'
Result: meta-data=/dev/mapper/vg_403cca7edce115dc1c641acc2f5f11fb-brick_7e77126d6bc715baff78b415e2fa674b isize=512    agcount=8, agsize=32704 blks
         =                       sectsz=4096  attr=2, projid32bit=1
         =                       crc=1        finobt=1, sparse=0
data     =                       bsize=4096   blocks=261632, imaxpct=25
         =                       sunit=64     swidth=64 blks
naming   =version 2              bsize=8192   ascii-ci=0 ftype=1
log      =internal log           bsize=4096   blocks=576, version=2
         =                       sectsz=4096  sunit=1 blks, lazy-count=1
realtime =none                   extsz=4096   blocks=0, rtextents=0
[sshexec] DEBUG 2017/04/27 02:01:44 /src/github.com/heketi/heketi/pkg/utils/ssh/ssh.go:176: Host: 192.168.48.12:22 Command: /bin/bash -c 'echo "/dev/mapper/vg_403cca7edce115dc1c641acc2f5f11fb-brick_7e77126d6bc715baff78b415e2fa674b /var/lib/heketi/mounts/vg_403cca7edce115dc1c641acc2f5f11fb/brick_7e77126d6bc715baff78b415e2fa674b xfs rw,inode64,noatime,nouuid 1 2" | tee -a /etc/fstab > /dev/null '
Result: 
[sshexec] DEBUG 2017/04/27 02:01:44 /src/github.com/heketi/heketi/pkg/utils/ssh/ssh.go:176: Host: 192.168.48.17:22 Command: /bin/bash -c 'mkfs.xfs -i size=512 -n size=8192 /dev/mapper/vg_6c7ff8b53124baa86b5b789cd93274e1-brick_498ecba2d0890fccdc56bd61356c6e45'
Result: meta-data=/dev/mapper/vg_6c7ff8b53124baa86b5b789cd93274e1-brick_498ecba2d0890fccdc56bd61356c6e45 isize=512    agcount=8, agsize=32704 blks
         =                       sectsz=512   attr=2, projid32bit=1
         =                       crc=1        finobt=1, sparse=0
data     =                       bsize=4096   blocks=261632, imaxpct=25
         =                       sunit=64     swidth=64 blks
naming   =version 2              bsize=8192   ascii-ci=0 ftype=1
log      =internal log           bsize=4096   blocks=1728, version=2
         =                       sectsz=512   sunit=64 blks, lazy-count=1
realtime =none                   extsz=4096   blocks=0, rtextents=0
[sshexec] DEBUG 2017/04/27 02:01:44 /src/github.com/heketi/heketi/pkg/utils/ssh/ssh.go:176: Host: 192.168.48.17:22 Command: /bin/bash -c 'echo "/dev/mapper/vg_6c7ff8b53124baa86b5b789cd93274e1-brick_498ecba2d0890fccdc56bd61356c6e45 /var/lib/heketi/mounts/vg_6c7ff8b53124baa86b5b789cd93274e1/brick_498ecba2d0890fccdc56bd61356c6e45 xfs rw,inode64,noatime,nouuid 1 2" | tee -a /etc/fstab > /dev/null '
Result: 
[sshexec] DEBUG 2017/04/27 02:01:44 /src/github.com/heketi/heketi/pkg/utils/ssh/ssh.go:176: Host: 192.168.48.12:22 Command: /bin/bash -c 'mount -o rw,inode64,noatime,nouuid /dev/mapper/vg_403cca7edce115dc1c641acc2f5f11fb-brick_7e77126d6bc715baff78b415e2fa674b /var/lib/heketi/mounts/vg_403cca7edce115dc1c641acc2f5f11fb/brick_7e77126d6bc715baff78b415e2fa674b'
Result: 
[sshexec] DEBUG 2017/04/27 02:01:44 /src/github.com/heketi/heketi/pkg/utils/ssh/ssh.go:176: Host: 192.168.48.12:22 Command: /bin/bash -c 'mkdir /var/lib/heketi/mounts/vg_403cca7edce115dc1c641acc2f5f11fb/brick_7e77126d6bc715baff78b415e2fa674b/brick'
Result: 
[sshexec] DEBUG 2017/04/27 02:01:44 /src/github.com/heketi/heketi/pkg/utils/ssh/ssh.go:176: Host: 192.168.48.12:22 Command: /bin/bash -c 'chown :2000 /var/lib/heketi/mounts/vg_403cca7edce115dc1c641acc2f5f11fb/brick_7e77126d6bc715baff78b415e2fa674b/brick'
Result: 
[sshexec] DEBUG 2017/04/27 02:01:44 /src/github.com/heketi/heketi/pkg/utils/ssh/ssh.go:176: Host: 192.168.48.12:22 Command: /bin/bash -c 'chmod 2775 /var/lib/heketi/mounts/vg_403cca7edce115dc1c641acc2f5f11fb/brick_7e77126d6bc715baff78b415e2fa674b/brick'
Result: 
[sshexec] DEBUG 2017/04/27 02:01:45 /src/github.com/heketi/heketi/pkg/utils/ssh/ssh.go:176: Host: 192.168.48.14:22 Command: /bin/bash -c 'mount -o rw,inode64,noatime,nouuid /dev/mapper/vg_d72d3bd802d4e511a80ce2f16181289d-brick_56fa141961d01eb9798c439193b5c6cf /var/lib/heketi/mounts/vg_d72d3bd802d4e511a80ce2f16181289d/brick_56fa141961d01eb9798c439193b5c6cf'
Result: 
[sshexec] DEBUG 2017/04/27 02:01:45 /src/github.com/heketi/heketi/pkg/utils/ssh/ssh.go:176: Host: 192.168.48.14:22 Command: /bin/bash -c 'mkdir /var/lib/heketi/mounts/vg_d72d3bd802d4e511a80ce2f16181289d/brick_56fa141961d01eb9798c439193b5c6cf/brick'
Result: 
[sshexec] DEBUG 2017/04/27 02:01:45 /src/github.com/heketi/heketi/pkg/utils/ssh/ssh.go:176: Host: 192.168.48.14:22 Command: /bin/bash -c 'chown :2000 /var/lib/heketi/mounts/vg_d72d3bd802d4e511a80ce2f16181289d/brick_56fa141961d01eb9798c439193b5c6cf/brick'
Result: 
[sshexec] DEBUG 2017/04/27 02:01:45 /src/github.com/heketi/heketi/pkg/utils/ssh/ssh.go:176: Host: 192.168.48.14:22 Command: /bin/bash -c 'chmod 2775 /var/lib/heketi/mounts/vg_d72d3bd802d4e511a80ce2f16181289d/brick_56fa141961d01eb9798c439193b5c6cf/brick'
Result: 
[sshexec] DEBUG 2017/04/27 02:01:45 /src/github.com/heketi/heketi/pkg/utils/ssh/ssh.go:176: Host: 192.168.48.17:22 Command: /bin/bash -c 'mount -o rw,inode64,noatime,nouuid /dev/mapper/vg_6c7ff8b53124baa86b5b789cd93274e1-brick_498ecba2d0890fccdc56bd61356c6e45 /var/lib/heketi/mounts/vg_6c7ff8b53124baa86b5b789cd93274e1/brick_498ecba2d0890fccdc56bd61356c6e45'
Result: 
[sshexec] DEBUG 2017/04/27 02:01:45 /src/github.com/heketi/heketi/pkg/utils/ssh/ssh.go:176: Host: 192.168.48.17:22 Command: /bin/bash -c 'mkdir /var/lib/heketi/mounts/vg_6c7ff8b53124baa86b5b789cd93274e1/brick_498ecba2d0890fccdc56bd61356c6e45/brick'
Result: 
[sshexec] DEBUG 2017/04/27 02:01:45 /src/github.com/heketi/heketi/pkg/utils/ssh/ssh.go:176: Host: 192.168.48.17:22 Command: /bin/bash -c 'chown :2000 /var/lib/heketi/mounts/vg_6c7ff8b53124baa86b5b789cd93274e1/brick_498ecba2d0890fccdc56bd61356c6e45/brick'
Result: 
[sshexec] DEBUG 2017/04/27 02:01:45 /src/github.com/heketi/heketi/pkg/utils/ssh/ssh.go:176: Host: 192.168.48.17:22 Command: /bin/bash -c 'chmod 2775 /var/lib/heketi/mounts/vg_6c7ff8b53124baa86b5b789cd93274e1/brick_498ecba2d0890fccdc56bd61356c6e45/brick'
Result: 
[sshexec] INFO 2017/04/27 02:01:45 Creating volume vol_075fed3bb8dcbf7ef6fab4325eb02799 replica 3
[sshexec] ERROR 2017/04/27 02:01:45 /src/github.com/heketi/heketi/pkg/utils/ssh/ssh.go:173: Failed to run command [/bin/bash -c 'gluster --mode=script volume create vol_075fed3bb8dcbf7ef6fab4325eb02799 replica 3 192.168.48.14:/var/lib/heketi/mounts/vg_d72d3bd802d4e511a80ce2f16181289d/brick_56fa141961d01eb9798c439193b5c6cf/brick 192.168.48.12:/var/lib/heketi/mounts/vg_403cca7edce115dc1c641acc2f5f11fb/brick_7e77126d6bc715baff78b415e2fa674b/brick 192.168.48.17:/var/lib/heketi/mounts/vg_6c7ff8b53124baa86b5b789cd93274e1/brick_498ecba2d0890fccdc56bd61356c6e45/brick '] on 192.168.48.14:22: Err[Process exited with: 1. Reason was:  ()]: Stdout []: Stderr [volume create: vol_075fed3bb8dcbf7ef6fab4325eb02799: failed: Staging failed on 192.168.48.12. Error: Host 192.168.48.14 not connected
]
[negroni] Started GET /queue/757927d4bed9ab446e454fcd4b163bc1
[negroni] Completed 200 OK in 104.797µs
[sshexec] ERROR 2017/04/27 02:01:45 /src/github.com/heketi/heketi/pkg/utils/ssh/ssh.go:173: Failed to run command [/bin/bash -c 'gluster --mode=script volume stop vol_075fed3bb8dcbf7ef6fab4325eb02799 force'] on 192.168.48.14:22: Err[Process exited with: 1. Reason was:  ()]: Stdout []: Stderr [volume stop: vol_075fed3bb8dcbf7ef6fab4325eb02799: failed: Volume vol_075fed3bb8dcbf7ef6fab4325eb02799 does not exist
]
[sshexec] ERROR 2017/04/27 02:01:45 /src/github.com/heketi/heketi/executors/sshexec/volume.go:130: Unable to stop volume vol_075fed3bb8dcbf7ef6fab4325eb02799: volume stop: vol_075fed3bb8dcbf7ef6fab4325eb02799: failed: Volume vol_075fed3bb8dcbf7ef6fab4325eb02799 does not exist
[heketi] INFO 2017/04/27 02:01:46 Deleting brick 56fa141961d01eb9798c439193b5c6cf
[heketi] INFO 2017/04/27 02:01:46 Deleting brick 7e77126d6bc715baff78b415e2fa674b
[heketi] INFO 2017/04/27 02:01:46 Deleting brick 498ecba2d0890fccdc56bd61356c6e45
[sshexec] ERROR 2017/04/27 02:01:46 /src/github.com/heketi/heketi/pkg/utils/ssh/ssh.go:173: Failed to run command [/bin/bash -c 'gluster --mode=script volume delete vol_075fed3bb8dcbf7ef6fab4325eb02799'] on 192.168.48.14:22: Err[Process exited with: 1. Reason was:  ()]: Stdout []: Stderr [volume delete: vol_075fed3bb8dcbf7ef6fab4325eb02799: failed: Volume vol_075fed3bb8dcbf7ef6fab4325eb02799 does not exist
]
[sshexec] ERROR 2017/04/27 02:01:46 /src/github.com/heketi/heketi/executors/sshexec/volume.go:139: Unable to delete volume vol_075fed3bb8dcbf7ef6fab4325eb02799: volume delete: vol_075fed3bb8dcbf7ef6fab4325eb02799: failed: Volume vol_075fed3bb8dcbf7ef6fab4325eb02799 does not exist
[sshexec] DEBUG 2017/04/27 02:01:46 /src/github.com/heketi/heketi/pkg/utils/ssh/ssh.go:176: Host: 192.168.48.12:22 Command: /bin/bash -c 'umount /var/lib/heketi/mounts/vg_403cca7edce115dc1c641acc2f5f11fb/brick_7e77126d6bc715baff78b415e2fa674b'
Result: 
[sshexec] DEBUG 2017/04/27 02:01:46 /src/github.com/heketi/heketi/pkg/utils/ssh/ssh.go:176: Host: 192.168.48.14:22 Command: /bin/bash -c 'umount /var/lib/heketi/mounts/vg_d72d3bd802d4e511a80ce2f16181289d/brick_56fa141961d01eb9798c439193b5c6cf'
Result: 
[sshexec] DEBUG 2017/04/27 02:01:46 /src/github.com/heketi/heketi/pkg/utils/ssh/ssh.go:176: Host: 192.168.48.17:22 Command: /bin/bash -c 'umount /var/lib/heketi/mounts/vg_6c7ff8b53124baa86b5b789cd93274e1/brick_498ecba2d0890fccdc56bd61356c6e45'
Result: 
[negroni] Started GET /queue/757927d4bed9ab446e454fcd4b163bc1
[negroni] Completed 200 OK in 119.755µs
[sshexec] DEBUG 2017/04/27 02:01:47 /src/github.com/heketi/heketi/pkg/utils/ssh/ssh.go:176: Host: 192.168.48.12:22 Command: /bin/bash -c 'lvremove -f vg_403cca7edce115dc1c641acc2f5f11fb/tp_7e77126d6bc715baff78b415e2fa674b'
Result:   Logical volume "brick_7e77126d6bc715baff78b415e2fa674b" successfully removed
  Logical volume "tp_7e77126d6bc715baff78b415e2fa674b" successfully removed
[sshexec] DEBUG 2017/04/27 02:01:47 /src/github.com/heketi/heketi/pkg/utils/ssh/ssh.go:176: Host: 192.168.48.17:22 Command: /bin/bash -c 'lvremove -f vg_6c7ff8b53124baa86b5b789cd93274e1/tp_498ecba2d0890fccdc56bd61356c6e45'
Result:   Logical volume "brick_498ecba2d0890fccdc56bd61356c6e45" successfully removed
  Logical volume "tp_498ecba2d0890fccdc56bd61356c6e45" successfully removed
[sshexec] DEBUG 2017/04/27 02:01:47 /src/github.com/heketi/heketi/pkg/utils/ssh/ssh.go:176: Host: 192.168.48.14:22 Command: /bin/bash -c 'lvremove -f vg_d72d3bd802d4e511a80ce2f16181289d/tp_56fa141961d01eb9798c439193b5c6cf'
Result:   Logical volume "brick_56fa141961d01eb9798c439193b5c6cf" successfully removed
  Logical volume "tp_56fa141961d01eb9798c439193b5c6cf" successfully removed
[sshexec] DEBUG 2017/04/27 02:01:47 /src/github.com/heketi/heketi/pkg/utils/ssh/ssh.go:176: Host: 192.168.48.12:22 Command: /bin/bash -c 'rmdir /var/lib/heketi/mounts/vg_403cca7edce115dc1c641acc2f5f11fb/brick_7e77126d6bc715baff78b415e2fa674b'
Result: 
[sshexec] DEBUG 2017/04/27 02:01:47 /src/github.com/heketi/heketi/pkg/utils/ssh/ssh.go:176: Host: 192.168.48.17:22 Command: /bin/bash -c 'rmdir /var/lib/heketi/mounts/vg_6c7ff8b53124baa86b5b789cd93274e1/brick_498ecba2d0890fccdc56bd61356c6e45'
Result: 
[sshexec] DEBUG 2017/04/27 02:01:47 /src/github.com/heketi/heketi/pkg/utils/ssh/ssh.go:176: Host: 192.168.48.14:22 Command: /bin/bash -c 'rmdir /var/lib/heketi/mounts/vg_d72d3bd802d4e511a80ce2f16181289d/brick_56fa141961d01eb9798c439193b5c6cf'
Result: 
[sshexec] DEBUG 2017/04/27 02:01:47 /src/github.com/heketi/heketi/pkg/utils/ssh/ssh.go:176: Host: 192.168.48.12:22 Command: /bin/bash -c 'sed -i.save "/brick_7e77126d6bc715baff78b415e2fa674b/d" /etc/fstab'
Result: 
[sshexec] DEBUG 2017/04/27 02:01:47 /src/github.com/heketi/heketi/pkg/utils/ssh/ssh.go:176: Host: 192.168.48.14:22 Command: /bin/bash -c 'sed -i.save "/brick_56fa141961d01eb9798c439193b5c6cf/d" /etc/fstab'
Result: 
[sshexec] DEBUG 2017/04/27 02:01:47 /src/github.com/heketi/heketi/pkg/utils/ssh/ssh.go:176: Host: 192.168.48.17:22 Command: /bin/bash -c 'sed -i.save "/brick_498ecba2d0890fccdc56bd61356c6e45/d" /etc/fstab'
Result: 
[asynchttp] INFO 2017/04/27 02:01:47 Completed job 757927d4bed9ab446e454fcd4b163bc1 in 3.811182568s
[heketi] ERROR 2017/04/27 02:01:47 /src/github.com/heketi/heketi/apps/glusterfs/app_volume.go:148: Failed to create volume: volume create: vol_075fed3bb8dcbf7ef6fab4325eb02799: failed: Staging failed on 192.168.48.12. Error: Host 192.168.48.14 not connected
[negroni] Started GET /queue/757927d4bed9ab446e454fcd4b163bc1
[negroni] Completed 500 Internal Server Error in 126.387µs
[negroni] Started POST /volumes
[negroni] Completed 202 Accepted in 11.029574ms
[asynchttp] INFO 2017/04/27 02:01:58 Started job 5eff74380d03c6a43802d961d8b7d270
[heketi] INFO 2017/04/27 02:01:58 Creating volume 51732ed57c51ae55daabb7d6a203d982
[heketi] INFO 2017/04/27 02:01:58 brick_num: 0
[negroni] Started GET /queue/5eff74380d03c6a43802d961d8b7d270
[negroni] Completed 200 OK in 124.11µs
[heketi] INFO 2017/04/27 02:01:58 Creating brick 08d1659ca1f0e030b2697739b52156cf
[heketi] INFO 2017/04/27 02:01:58 Creating brick a1c580bccdf2643d790552b5fef04f8c
[heketi] INFO 2017/04/27 02:01:58 Creating brick 79b65a7c06a004470b7c62781089ceab
[sshexec] DEBUG 2017/04/27 02:01:59 /src/github.com/heketi/heketi/pkg/utils/ssh/ssh.go:176: Host: 192.168.48.14:22 Command: /bin/bash -c 'mkdir -p /var/lib/heketi/mounts/vg_d72d3bd802d4e511a80ce2f16181289d/brick_08d1659ca1f0e030b2697739b52156cf'
Result: 
[sshexec] DEBUG 2017/04/27 02:01:59 /src/github.com/heketi/heketi/pkg/utils/ssh/ssh.go:176: Host: 192.168.48.12:22 Command: /bin/bash -c 'mkdir -p /var/lib/heketi/mounts/vg_403cca7edce115dc1c641acc2f5f11fb/brick_a1c580bccdf2643d790552b5fef04f8c'
Result: 
[sshexec] DEBUG 2017/04/27 02:01:59 /src/github.com/heketi/heketi/pkg/utils/ssh/ssh.go:176: Host: 192.168.48.17:22 Command: /bin/bash -c 'mkdir -p /var/lib/heketi/mounts/vg_6c7ff8b53124baa86b5b789cd93274e1/brick_79b65a7c06a004470b7c62781089ceab'
Result: 
[sshexec] DEBUG 2017/04/27 02:01:59 /src/github.com/heketi/heketi/pkg/utils/ssh/ssh.go:176: Host: 192.168.48.12:22 Command: /bin/bash -c 'lvcreate --poolmetadatasize 8192K -c 256K -L 1048576K -T vg_403cca7edce115dc1c641acc2f5f11fb/tp_a1c580bccdf2643d790552b5fef04f8c -V 1048576K -n brick_a1c580bccdf2643d790552b5fef04f8c'
Result:   Logical volume "brick_a1c580bccdf2643d790552b5fef04f8c" created.
[sshexec] DEBUG 2017/04/27 02:01:59 /src/github.com/heketi/heketi/pkg/utils/ssh/ssh.go:176: Host: 192.168.48.14:22 Command: /bin/bash -c 'lvcreate --poolmetadatasize 8192K -c 256K -L 1048576K -T vg_d72d3bd802d4e511a80ce2f16181289d/tp_08d1659ca1f0e030b2697739b52156cf -V 1048576K -n brick_08d1659ca1f0e030b2697739b52156cf'
Result:   Logical volume "brick_08d1659ca1f0e030b2697739b52156cf" created.
[sshexec] DEBUG 2017/04/27 02:01:59 /src/github.com/heketi/heketi/pkg/utils/ssh/ssh.go:176: Host: 192.168.48.17:22 Command: /bin/bash -c 'lvcreate --poolmetadatasize 8192K -c 256K -L 1048576K -T vg_6c7ff8b53124baa86b5b789cd93274e1/tp_79b65a7c06a004470b7c62781089ceab -V 1048576K -n brick_79b65a7c06a004470b7c62781089ceab'
Result:   Logical volume "brick_79b65a7c06a004470b7c62781089ceab" created.
[sshexec] DEBUG 2017/04/27 02:01:59 /src/github.com/heketi/heketi/pkg/utils/ssh/ssh.go:176: Host: 192.168.48.12:22 Command: /bin/bash -c 'mkfs.xfs -i size=512 -n size=8192 /dev/mapper/vg_403cca7edce115dc1c641acc2f5f11fb-brick_a1c580bccdf2643d790552b5fef04f8c'
Result: meta-data=/dev/mapper/vg_403cca7edce115dc1c641acc2f5f11fb-brick_a1c580bccdf2643d790552b5fef04f8c isize=512    agcount=8, agsize=32704 blks
         =                       sectsz=4096  attr=2, projid32bit=1
         =                       crc=1        finobt=1, sparse=0
data     =                       bsize=4096   blocks=261632, imaxpct=25
         =                       sunit=64     swidth=64 blks
naming   =version 2              bsize=8192   ascii-ci=0 ftype=1
log      =internal log           bsize=4096   blocks=576, version=2
         =                       sectsz=4096  sunit=1 blks, lazy-count=1
realtime =none                   extsz=4096   blocks=0, rtextents=0
[sshexec] DEBUG 2017/04/27 02:01:59 /src/github.com/heketi/heketi/pkg/utils/ssh/ssh.go:176: Host: 192.168.48.14:22 Command: /bin/bash -c 'mkfs.xfs -i size=512 -n size=8192 /dev/mapper/vg_d72d3bd802d4e511a80ce2f16181289d-brick_08d1659ca1f0e030b2697739b52156cf'
Result: meta-data=/dev/mapper/vg_d72d3bd802d4e511a80ce2f16181289d-brick_08d1659ca1f0e030b2697739b52156cf isize=512    agcount=8, agsize=32704 blks
         =                       sectsz=512   attr=2, projid32bit=1
         =                       crc=1        finobt=1, sparse=0
data     =                       bsize=4096   blocks=261632, imaxpct=25
         =                       sunit=64     swidth=64 blks
naming   =version 2              bsize=8192   ascii-ci=0 ftype=1
log      =internal log           bsize=4096   blocks=1728, version=2
         =                       sectsz=512   sunit=64 blks, lazy-count=1
realtime =none                   extsz=4096   blocks=0, rtextents=0
[sshexec] DEBUG 2017/04/27 02:01:59 /src/github.com/heketi/heketi/pkg/utils/ssh/ssh.go:176: Host: 192.168.48.14:22 Command: /bin/bash -c 'echo "/dev/mapper/vg_d72d3bd802d4e511a80ce2f16181289d-brick_08d1659ca1f0e030b2697739b52156cf /var/lib/heketi/mounts/vg_d72d3bd802d4e511a80ce2f16181289d/brick_08d1659ca1f0e030b2697739b52156cf xfs rw,inode64,noatime,nouuid 1 2" | tee -a /etc/fstab > /dev/null '
Result: 
[sshexec] DEBUG 2017/04/27 02:01:59 /src/github.com/heketi/heketi/pkg/utils/ssh/ssh.go:176: Host: 192.168.48.12:22 Command: /bin/bash -c 'echo "/dev/mapper/vg_403cca7edce115dc1c641acc2f5f11fb-brick_a1c580bccdf2643d790552b5fef04f8c /var/lib/heketi/mounts/vg_403cca7edce115dc1c641acc2f5f11fb/brick_a1c580bccdf2643d790552b5fef04f8c xfs rw,inode64,noatime,nouuid 1 2" | tee -a /etc/fstab > /dev/null '
Result: 
[negroni] Started GET /queue/5eff74380d03c6a43802d961d8b7d270
[negroni] Completed 200 OK in 71.567µs
[sshexec] DEBUG 2017/04/27 02:01:59 /src/github.com/heketi/heketi/pkg/utils/ssh/ssh.go:176: Host: 192.168.48.17:22 Command: /bin/bash -c 'mkfs.xfs -i size=512 -n size=8192 /dev/mapper/vg_6c7ff8b53124baa86b5b789cd93274e1-brick_79b65a7c06a004470b7c62781089ceab'
Result: meta-data=/dev/mapper/vg_6c7ff8b53124baa86b5b789cd93274e1-brick_79b65a7c06a004470b7c62781089ceab isize=512    agcount=8, agsize=32704 blks
         =                       sectsz=512   attr=2, projid32bit=1
         =                       crc=1        finobt=1, sparse=0
data     =                       bsize=4096   blocks=261632, imaxpct=25
         =                       sunit=64     swidth=64 blks
naming   =version 2              bsize=8192   ascii-ci=0 ftype=1
log      =internal log           bsize=4096   blocks=1728, version=2
         =                       sectsz=512   sunit=64 blks, lazy-count=1
realtime =none                   extsz=4096   blocks=0, rtextents=0
[sshexec] DEBUG 2017/04/27 02:01:59 /src/github.com/heketi/heketi/pkg/utils/ssh/ssh.go:176: Host: 192.168.48.17:22 Command: /bin/bash -c 'echo "/dev/mapper/vg_6c7ff8b53124baa86b5b789cd93274e1-brick_79b65a7c06a004470b7c62781089ceab /var/lib/heketi/mounts/vg_6c7ff8b53124baa86b5b789cd93274e1/brick_79b65a7c06a004470b7c62781089ceab xfs rw,inode64,noatime,nouuid 1 2" | tee -a /etc/fstab > /dev/null '
Result: 
[sshexec] DEBUG 2017/04/27 02:01:59 /src/github.com/heketi/heketi/pkg/utils/ssh/ssh.go:176: Host: 192.168.48.12:22 Command: /bin/bash -c 'mount -o rw,inode64,noatime,nouuid /dev/mapper/vg_403cca7edce115dc1c641acc2f5f11fb-brick_a1c580bccdf2643d790552b5fef04f8c /var/lib/heketi/mounts/vg_403cca7edce115dc1c641acc2f5f11fb/brick_a1c580bccdf2643d790552b5fef04f8c'
Result: 
[sshexec] DEBUG 2017/04/27 02:01:59 /src/github.com/heketi/heketi/pkg/utils/ssh/ssh.go:176: Host: 192.168.48.12:22 Command: /bin/bash -c 'mkdir /var/lib/heketi/mounts/vg_403cca7edce115dc1c641acc2f5f11fb/brick_a1c580bccdf2643d790552b5fef04f8c/brick'
Result: 
[sshexec] DEBUG 2017/04/27 02:01:59 /src/github.com/heketi/heketi/pkg/utils/ssh/ssh.go:176: Host: 192.168.48.12:22 Command: /bin/bash -c 'chown :2000 /var/lib/heketi/mounts/vg_403cca7edce115dc1c641acc2f5f11fb/brick_a1c580bccdf2643d790552b5fef04f8c/brick'
Result: 
[sshexec] DEBUG 2017/04/27 02:01:59 /src/github.com/heketi/heketi/pkg/utils/ssh/ssh.go:176: Host: 192.168.48.12:22 Command: /bin/bash -c 'chmod 2775 /var/lib/heketi/mounts/vg_403cca7edce115dc1c641acc2f5f11fb/brick_a1c580bccdf2643d790552b5fef04f8c/brick'
Result: 
[sshexec] DEBUG 2017/04/27 02:02:00 /src/github.com/heketi/heketi/pkg/utils/ssh/ssh.go:176: Host: 192.168.48.14:22 Command: /bin/bash -c 'mount -o rw,inode64,noatime,nouuid /dev/mapper/vg_d72d3bd802d4e511a80ce2f16181289d-brick_08d1659ca1f0e030b2697739b52156cf /var/lib/heketi/mounts/vg_d72d3bd802d4e511a80ce2f16181289d/brick_08d1659ca1f0e030b2697739b52156cf'
Result: 
[sshexec] DEBUG 2017/04/27 02:02:00 /src/github.com/heketi/heketi/pkg/utils/ssh/ssh.go:176: Host: 192.168.48.14:22 Command: /bin/bash -c 'mkdir /var/lib/heketi/mounts/vg_d72d3bd802d4e511a80ce2f16181289d/brick_08d1659ca1f0e030b2697739b52156cf/brick'
Result: 
[sshexec] DEBUG 2017/04/27 02:02:00 /src/github.com/heketi/heketi/pkg/utils/ssh/ssh.go:176: Host: 192.168.48.14:22 Command: /bin/bash -c 'chown :2000 /var/lib/heketi/mounts/vg_d72d3bd802d4e511a80ce2f16181289d/brick_08d1659ca1f0e030b2697739b52156cf/brick'
Result: 
[sshexec] DEBUG 2017/04/27 02:02:00 /src/github.com/heketi/heketi/pkg/utils/ssh/ssh.go:176: Host: 192.168.48.14:22 Command: /bin/bash -c 'chmod 2775 /var/lib/heketi/mounts/vg_d72d3bd802d4e511a80ce2f16181289d/brick_08d1659ca1f0e030b2697739b52156cf/brick'
Result: 
[sshexec] DEBUG 2017/04/27 02:02:00 /src/github.com/heketi/heketi/pkg/utils/ssh/ssh.go:176: Host: 192.168.48.17:22 Command: /bin/bash -c 'mount -o rw,inode64,noatime,nouuid /dev/mapper/vg_6c7ff8b53124baa86b5b789cd93274e1-brick_79b65a7c06a004470b7c62781089ceab /var/lib/heketi/mounts/vg_6c7ff8b53124baa86b5b789cd93274e1/brick_79b65a7c06a004470b7c62781089ceab'
Result: 
[sshexec] DEBUG 2017/04/27 02:02:00 /src/github.com/heketi/heketi/pkg/utils/ssh/ssh.go:176: Host: 192.168.48.17:22 Command: /bin/bash -c 'mkdir /var/lib/heketi/mounts/vg_6c7ff8b53124baa86b5b789cd93274e1/brick_79b65a7c06a004470b7c62781089ceab/brick'
Result: 
[sshexec] DEBUG 2017/04/27 02:02:00 /src/github.com/heketi/heketi/pkg/utils/ssh/ssh.go:176: Host: 192.168.48.17:22 Command: /bin/bash -c 'chown :2000 /var/lib/heketi/mounts/vg_6c7ff8b53124baa86b5b789cd93274e1/brick_79b65a7c06a004470b7c62781089ceab/brick'
Result: 
[sshexec] DEBUG 2017/04/27 02:02:00 /src/github.com/heketi/heketi/pkg/utils/ssh/ssh.go:176: Host: 192.168.48.17:22 Command: /bin/bash -c 'chmod 2775 /var/lib/heketi/mounts/vg_6c7ff8b53124baa86b5b789cd93274e1/brick_79b65a7c06a004470b7c62781089ceab/brick'
Result: 
[sshexec] INFO 2017/04/27 02:02:00 Creating volume vol_51732ed57c51ae55daabb7d6a203d982 replica 3
[sshexec] ERROR 2017/04/27 02:02:00 /src/github.com/heketi/heketi/pkg/utils/ssh/ssh.go:173: Failed to run command [/bin/bash -c 'gluster --mode=script volume create vol_51732ed57c51ae55daabb7d6a203d982 replica 3 192.168.48.14:/var/lib/heketi/mounts/vg_d72d3bd802d4e511a80ce2f16181289d/brick_08d1659ca1f0e030b2697739b52156cf/brick 192.168.48.12:/var/lib/heketi/mounts/vg_403cca7edce115dc1c641acc2f5f11fb/brick_a1c580bccdf2643d790552b5fef04f8c/brick 192.168.48.17:/var/lib/heketi/mounts/vg_6c7ff8b53124baa86b5b789cd93274e1/brick_79b65a7c06a004470b7c62781089ceab/brick '] on 192.168.48.14:22: Err[Process exited with: 1. Reason was:  ()]: Stdout []: Stderr [volume create: vol_51732ed57c51ae55daabb7d6a203d982: failed: Staging failed on 192.168.48.12. Error: Host 192.168.48.14 not connected
]
[negroni] Started GET /queue/5eff74380d03c6a43802d961d8b7d270
[negroni] Completed 200 OK in 144.733µs
[sshexec] ERROR 2017/04/27 02:02:00 /src/github.com/heketi/heketi/pkg/utils/ssh/ssh.go:173: Failed to run command [/bin/bash -c 'gluster --mode=script volume stop vol_51732ed57c51ae55daabb7d6a203d982 force'] on 192.168.48.14:22: Err[Process exited with: 1. Reason was:  ()]: Stdout []: Stderr [volume stop: vol_51732ed57c51ae55daabb7d6a203d982: failed: Volume vol_51732ed57c51ae55daabb7d6a203d982 does not exist
]
[sshexec] ERROR 2017/04/27 02:02:00 /src/github.com/heketi/heketi/executors/sshexec/volume.go:130: Unable to stop volume vol_51732ed57c51ae55daabb7d6a203d982: volume stop: vol_51732ed57c51ae55daabb7d6a203d982: failed: Volume vol_51732ed57c51ae55daabb7d6a203d982 does not exist
[sshexec] ERROR 2017/04/27 02:02:01 /src/github.com/heketi/heketi/pkg/utils/ssh/ssh.go:173: Failed to run command [/bin/bash -c 'gluster --mode=script volume delete vol_51732ed57c51ae55daabb7d6a203d982'] on 192.168.48.14:22: Err[Process exited with: 1. Reason was:  ()]: Stdout []: Stderr [volume delete: vol_51732ed57c51ae55daabb7d6a203d982: failed: Volume vol_51732ed57c51ae55daabb7d6a203d982 does not exist
]
[sshexec] ERROR 2017/04/27 02:02:01 /src/github.com/heketi/heketi/executors/sshexec/volume.go:139: Unable to delete volume vol_51732ed57c51ae55daabb7d6a203d982: volume delete: vol_51732ed57c51ae55daabb7d6a203d982: failed: Volume vol_51732ed57c51ae55daabb7d6a203d982 does not exist
[heketi] INFO 2017/04/27 02:02:01 Deleting brick 08d1659ca1f0e030b2697739b52156cf
[heketi] INFO 2017/04/27 02:02:01 Deleting brick 79b65a7c06a004470b7c62781089ceab
[heketi] INFO 2017/04/27 02:02:01 Deleting brick a1c580bccdf2643d790552b5fef04f8c
[sshexec] DEBUG 2017/04/27 02:02:01 /src/github.com/heketi/heketi/pkg/utils/ssh/ssh.go:176: Host: 192.168.48.12:22 Command: /bin/bash -c 'umount /var/lib/heketi/mounts/vg_403cca7edce115dc1c641acc2f5f11fb/brick_a1c580bccdf2643d790552b5fef04f8c'
Result: 
[sshexec] DEBUG 2017/04/27 02:02:01 /src/github.com/heketi/heketi/pkg/utils/ssh/ssh.go:176: Host: 192.168.48.14:22 Command: /bin/bash -c 'umount /var/lib/heketi/mounts/vg_d72d3bd802d4e511a80ce2f16181289d/brick_08d1659ca1f0e030b2697739b52156cf'
Result: 
[sshexec] DEBUG 2017/04/27 02:02:01 /src/github.com/heketi/heketi/pkg/utils/ssh/ssh.go:176: Host: 192.168.48.17:22 Command: /bin/bash -c 'umount /var/lib/heketi/mounts/vg_6c7ff8b53124baa86b5b789cd93274e1/brick_79b65a7c06a004470b7c62781089ceab'
Result: 
[negroni] Started GET /queue/5eff74380d03c6a43802d961d8b7d270
[negroni] Completed 200 OK in 110.285µs
[sshexec] DEBUG 2017/04/27 02:02:01 /src/github.com/heketi/heketi/pkg/utils/ssh/ssh.go:176: Host: 192.168.48.14:22 Command: /bin/bash -c 'lvremove -f vg_d72d3bd802d4e511a80ce2f16181289d/tp_08d1659ca1f0e030b2697739b52156cf'
Result:   Logical volume "brick_08d1659ca1f0e030b2697739b52156cf" successfully removed
  Logical volume "tp_08d1659ca1f0e030b2697739b52156cf" successfully removed
[sshexec] DEBUG 2017/04/27 02:02:01 /src/github.com/heketi/heketi/pkg/utils/ssh/ssh.go:176: Host: 192.168.48.17:22 Command: /bin/bash -c 'lvremove -f vg_6c7ff8b53124baa86b5b789cd93274e1/tp_79b65a7c06a004470b7c62781089ceab'
Result:   Logical volume "brick_79b65a7c06a004470b7c62781089ceab" successfully removed
  Logical volume "tp_79b65a7c06a004470b7c62781089ceab" successfully removed
[sshexec] DEBUG 2017/04/27 02:02:01 /src/github.com/heketi/heketi/pkg/utils/ssh/ssh.go:176: Host: 192.168.48.12:22 Command: /bin/bash -c 'lvremove -f vg_403cca7edce115dc1c641acc2f5f11fb/tp_a1c580bccdf2643d790552b5fef04f8c'
Result:   Logical volume "brick_a1c580bccdf2643d790552b5fef04f8c" successfully removed
  Logical volume "tp_a1c580bccdf2643d790552b5fef04f8c" successfully removed
[sshexec] DEBUG 2017/04/27 02:02:02 /src/github.com/heketi/heketi/pkg/utils/ssh/ssh.go:176: Host: 192.168.48.14:22 Command: /bin/bash -c 'rmdir /var/lib/heketi/mounts/vg_d72d3bd802d4e511a80ce2f16181289d/brick_08d1659ca1f0e030b2697739b52156cf'
Result: 
[sshexec] DEBUG 2017/04/27 02:02:02 /src/github.com/heketi/heketi/pkg/utils/ssh/ssh.go:176: Host: 192.168.48.12:22 Command: /bin/bash -c 'rmdir /var/lib/heketi/mounts/vg_403cca7edce115dc1c641acc2f5f11fb/brick_a1c580bccdf2643d790552b5fef04f8c'
Result: 
[sshexec] DEBUG 2017/04/27 02:02:02 /src/github.com/heketi/heketi/pkg/utils/ssh/ssh.go:176: Host: 192.168.48.17:22 Command: /bin/bash -c 'rmdir /var/lib/heketi/mounts/vg_6c7ff8b53124baa86b5b789cd93274e1/brick_79b65a7c06a004470b7c62781089ceab'
Result: 
[sshexec] DEBUG 2017/04/27 02:02:02 /src/github.com/heketi/heketi/pkg/utils/ssh/ssh.go:176: Host: 192.168.48.14:22 Command: /bin/bash -c 'sed -i.save "/brick_08d1659ca1f0e030b2697739b52156cf/d" /etc/fstab'
Result: 
[sshexec] DEBUG 2017/04/27 02:02:02 /src/github.com/heketi/heketi/pkg/utils/ssh/ssh.go:176: Host: 192.168.48.12:22 Command: /bin/bash -c 'sed -i.save "/brick_a1c580bccdf2643d790552b5fef04f8c/d" /etc/fstab'
Result: 
[sshexec] DEBUG 2017/04/27 02:02:02 /src/github.com/heketi/heketi/pkg/utils/ssh/ssh.go:176: Host: 192.168.48.17:22 Command: /bin/bash -c 'sed -i.save "/brick_79b65a7c06a004470b7c62781089ceab/d" /etc/fstab'
Result: 
[asynchttp] INFO 2017/04/27 02:02:02 Completed job 5eff74380d03c6a43802d961d8b7d270 in 3.69733495s
[heketi] ERROR 2017/04/27 02:02:02 /src/github.com/heketi/heketi/apps/glusterfs/app_volume.go:148: Failed to create volume: volume create: vol_51732ed57c51ae55daabb7d6a203d982: failed: Staging failed on 192.168.48.12. Error: Host 192.168.48.14 not connected
[negroni] Started GET /queue/5eff74380d03c6a43802d961d8b7d270
[negroni] Completed 500 Internal Server Error in 80.267µs
[negroni] Started POST /volumes
[negroni] Completed 202 Accepted in 8.875507ms
[asynchttp] INFO 2017/04/27 02:02:13 Started job 745a6d230845277e850c6c737d0c6fa2
[heketi] INFO 2017/04/27 02:02:13 Creating volume 6ff11c249c0c6ae6e75493ef964569a3
[heketi] INFO 2017/04/27 02:02:13 brick_num: 0
[negroni] Started GET /queue/745a6d230845277e850c6c737d0c6fa2
[negroni] Completed 200 OK in 52.841µs
[heketi] INFO 2017/04/27 02:02:13 Creating brick 51f6adac3aabe440336a43d4d5034b2d
[heketi] INFO 2017/04/27 02:02:13 Creating brick 441f01ee8ffbec93997b2c3376350468
[heketi] INFO 2017/04/27 02:02:13 Creating brick 997e18162d5b15c1061bd8925237bd66
[sshexec] DEBUG 2017/04/27 02:02:14 /src/github.com/heketi/heketi/pkg/utils/ssh/ssh.go:176: Host: 192.168.48.14:22 Command: /bin/bash -c 'mkdir -p /var/lib/heketi/mounts/vg_d72d3bd802d4e511a80ce2f16181289d/brick_51f6adac3aabe440336a43d4d5034b2d'
Result: 
[sshexec] DEBUG 2017/04/27 02:02:14 /src/github.com/heketi/heketi/pkg/utils/ssh/ssh.go:176: Host: 192.168.48.12:22 Command: /bin/bash -c 'mkdir -p /var/lib/heketi/mounts/vg_403cca7edce115dc1c641acc2f5f11fb/brick_997e18162d5b15c1061bd8925237bd66'
Result: 
[sshexec] DEBUG 2017/04/27 02:02:14 /src/github.com/heketi/heketi/pkg/utils/ssh/ssh.go:176: Host: 192.168.48.17:22 Command: /bin/bash -c 'mkdir -p /var/lib/heketi/mounts/vg_6c7ff8b53124baa86b5b789cd93274e1/brick_441f01ee8ffbec93997b2c3376350468'
Result: 
[sshexec] DEBUG 2017/04/27 02:02:14 /src/github.com/heketi/heketi/pkg/utils/ssh/ssh.go:176: Host: 192.168.48.17:22 Command: /bin/bash -c 'lvcreate --poolmetadatasize 8192K -c 256K -L 1048576K -T vg_6c7ff8b53124baa86b5b789cd93274e1/tp_441f01ee8ffbec93997b2c3376350468 -V 1048576K -n brick_441f01ee8ffbec93997b2c3376350468'
Result:   Logical volume "brick_441f01ee8ffbec93997b2c3376350468" created.
[sshexec] DEBUG 2017/04/27 02:02:14 /src/github.com/heketi/heketi/pkg/utils/ssh/ssh.go:176: Host: 192.168.48.14:22 Command: /bin/bash -c 'lvcreate --poolmetadatasize 8192K -c 256K -L 1048576K -T vg_d72d3bd802d4e511a80ce2f16181289d/tp_51f6adac3aabe440336a43d4d5034b2d -V 1048576K -n brick_51f6adac3aabe440336a43d4d5034b2d'
Result:   Logical volume "brick_51f6adac3aabe440336a43d4d5034b2d" created.
[sshexec] DEBUG 2017/04/27 02:02:14 /src/github.com/heketi/heketi/pkg/utils/ssh/ssh.go:176: Host: 192.168.48.12:22 Command: /bin/bash -c 'lvcreate --poolmetadatasize 8192K -c 256K -L 1048576K -T vg_403cca7edce115dc1c641acc2f5f11fb/tp_997e18162d5b15c1061bd8925237bd66 -V 1048576K -n brick_997e18162d5b15c1061bd8925237bd66'
Result:   Logical volume "brick_997e18162d5b15c1061bd8925237bd66" created.
[negroni] Started GET /queue/745a6d230845277e850c6c737d0c6fa2
[negroni] Completed 200 OK in 109.943µs
[sshexec] DEBUG 2017/04/27 02:02:14 /src/github.com/heketi/heketi/pkg/utils/ssh/ssh.go:176: Host: 192.168.48.17:22 Command: /bin/bash -c 'mkfs.xfs -i size=512 -n size=8192 /dev/mapper/vg_6c7ff8b53124baa86b5b789cd93274e1-brick_441f01ee8ffbec93997b2c3376350468'
Result: meta-data=/dev/mapper/vg_6c7ff8b53124baa86b5b789cd93274e1-brick_441f01ee8ffbec93997b2c3376350468 isize=512    agcount=8, agsize=32704 blks
         =                       sectsz=512   attr=2, projid32bit=1
         =                       crc=1        finobt=1, sparse=0
data     =                       bsize=4096   blocks=261632, imaxpct=25
         =                       sunit=64     swidth=64 blks
naming   =version 2              bsize=8192   ascii-ci=0 ftype=1
log      =internal log           bsize=4096   blocks=1728, version=2
         =                       sectsz=512   sunit=64 blks, lazy-count=1
realtime =none                   extsz=4096   blocks=0, rtextents=0
[sshexec] DEBUG 2017/04/27 02:02:14 /src/github.com/heketi/heketi/pkg/utils/ssh/ssh.go:176: Host: 192.168.48.17:22 Command: /bin/bash -c 'echo "/dev/mapper/vg_6c7ff8b53124baa86b5b789cd93274e1-brick_441f01ee8ffbec93997b2c3376350468 /var/lib/heketi/mounts/vg_6c7ff8b53124baa86b5b789cd93274e1/brick_441f01ee8ffbec93997b2c3376350468 xfs rw,inode64,noatime,nouuid 1 2" | tee -a /etc/fstab > /dev/null '
Result: 
[sshexec] DEBUG 2017/04/27 02:02:14 /src/github.com/heketi/heketi/pkg/utils/ssh/ssh.go:176: Host: 192.168.48.14:22 Command: /bin/bash -c 'mkfs.xfs -i size=512 -n size=8192 /dev/mapper/vg_d72d3bd802d4e511a80ce2f16181289d-brick_51f6adac3aabe440336a43d4d5034b2d'
Result: meta-data=/dev/mapper/vg_d72d3bd802d4e511a80ce2f16181289d-brick_51f6adac3aabe440336a43d4d5034b2d isize=512    agcount=8, agsize=32704 blks
         =                       sectsz=512   attr=2, projid32bit=1
         =                       crc=1        finobt=1, sparse=0
data     =                       bsize=4096   blocks=261632, imaxpct=25
         =                       sunit=64     swidth=64 blks
naming   =version 2              bsize=8192   ascii-ci=0 ftype=1
log      =internal log           bsize=4096   blocks=1728, version=2
         =                       sectsz=512   sunit=64 blks, lazy-count=1
realtime =none                   extsz=4096   blocks=0, rtextents=0
[sshexec] DEBUG 2017/04/27 02:02:14 /src/github.com/heketi/heketi/pkg/utils/ssh/ssh.go:176: Host: 192.168.48.14:22 Command: /bin/bash -c 'echo "/dev/mapper/vg_d72d3bd802d4e511a80ce2f16181289d-brick_51f6adac3aabe440336a43d4d5034b2d /var/lib/heketi/mounts/vg_d72d3bd802d4e511a80ce2f16181289d/brick_51f6adac3aabe440336a43d4d5034b2d xfs rw,inode64,noatime,nouuid 1 2" | tee -a /etc/fstab > /dev/null '
Result: 
[sshexec] DEBUG 2017/04/27 02:02:14 /src/github.com/heketi/heketi/pkg/utils/ssh/ssh.go:176: Host: 192.168.48.12:22 Command: /bin/bash -c 'mkfs.xfs -i size=512 -n size=8192 /dev/mapper/vg_403cca7edce115dc1c641acc2f5f11fb-brick_997e18162d5b15c1061bd8925237bd66'
Result: meta-data=/dev/mapper/vg_403cca7edce115dc1c641acc2f5f11fb-brick_997e18162d5b15c1061bd8925237bd66 isize=512    agcount=8, agsize=32704 blks
         =                       sectsz=4096  attr=2, projid32bit=1
         =                       crc=1        finobt=1, sparse=0
data     =                       bsize=4096   blocks=261632, imaxpct=25
         =                       sunit=64     swidth=64 blks
naming   =version 2              bsize=8192   ascii-ci=0 ftype=1
log      =internal log           bsize=4096   blocks=576, version=2
         =                       sectsz=4096  sunit=1 blks, lazy-count=1
realtime =none                   extsz=4096   blocks=0, rtextents=0
[sshexec] DEBUG 2017/04/27 02:02:14 /src/github.com/heketi/heketi/pkg/utils/ssh/ssh.go:176: Host: 192.168.48.12:22 Command: /bin/bash -c 'echo "/dev/mapper/vg_403cca7edce115dc1c641acc2f5f11fb-brick_997e18162d5b15c1061bd8925237bd66 /var/lib/heketi/mounts/vg_403cca7edce115dc1c641acc2f5f11fb/brick_997e18162d5b15c1061bd8925237bd66 xfs rw,inode64,noatime,nouuid 1 2" | tee -a /etc/fstab > /dev/null '
Result: 
[sshexec] DEBUG 2017/04/27 02:02:15 /src/github.com/heketi/heketi/pkg/utils/ssh/ssh.go:176: Host: 192.168.48.12:22 Command: /bin/bash -c 'mount -o rw,inode64,noatime,nouuid /dev/mapper/vg_403cca7edce115dc1c641acc2f5f11fb-brick_997e18162d5b15c1061bd8925237bd66 /var/lib/heketi/mounts/vg_403cca7edce115dc1c641acc2f5f11fb/brick_997e18162d5b15c1061bd8925237bd66'
Result: 
[sshexec] DEBUG 2017/04/27 02:02:15 /src/github.com/heketi/heketi/pkg/utils/ssh/ssh.go:176: Host: 192.168.48.12:22 Command: /bin/bash -c 'mkdir /var/lib/heketi/mounts/vg_403cca7edce115dc1c641acc2f5f11fb/brick_997e18162d5b15c1061bd8925237bd66/brick'
Result: 
[sshexec] DEBUG 2017/04/27 02:02:15 /src/github.com/heketi/heketi/pkg/utils/ssh/ssh.go:176: Host: 192.168.48.12:22 Command: /bin/bash -c 'chown :2000 /var/lib/heketi/mounts/vg_403cca7edce115dc1c641acc2f5f11fb/brick_997e18162d5b15c1061bd8925237bd66/brick'
Result: 
[sshexec] DEBUG 2017/04/27 02:02:15 /src/github.com/heketi/heketi/pkg/utils/ssh/ssh.go:176: Host: 192.168.48.12:22 Command: /bin/bash -c 'chmod 2775 /var/lib/heketi/mounts/vg_403cca7edce115dc1c641acc2f5f11fb/brick_997e18162d5b15c1061bd8925237bd66/brick'
Result: 
[sshexec] DEBUG 2017/04/27 02:02:15 /src/github.com/heketi/heketi/pkg/utils/ssh/ssh.go:176: Host: 192.168.48.14:22 Command: /bin/bash -c 'mount -o rw,inode64,noatime,nouuid /dev/mapper/vg_d72d3bd802d4e511a80ce2f16181289d-brick_51f6adac3aabe440336a43d4d5034b2d /var/lib/heketi/mounts/vg_d72d3bd802d4e511a80ce2f16181289d/brick_51f6adac3aabe440336a43d4d5034b2d'
Result: 
[sshexec] DEBUG 2017/04/27 02:02:15 /src/github.com/heketi/heketi/pkg/utils/ssh/ssh.go:176: Host: 192.168.48.14:22 Command: /bin/bash -c 'mkdir /var/lib/heketi/mounts/vg_d72d3bd802d4e511a80ce2f16181289d/brick_51f6adac3aabe440336a43d4d5034b2d/brick'
Result: 
[sshexec] DEBUG 2017/04/27 02:02:15 /src/github.com/heketi/heketi/pkg/utils/ssh/ssh.go:176: Host: 192.168.48.14:22 Command: /bin/bash -c 'chown :2000 /var/lib/heketi/mounts/vg_d72d3bd802d4e511a80ce2f16181289d/brick_51f6adac3aabe440336a43d4d5034b2d/brick'
Result: 
[sshexec] DEBUG 2017/04/27 02:02:15 /src/github.com/heketi/heketi/pkg/utils/ssh/ssh.go:176: Host: 192.168.48.14:22 Command: /bin/bash -c 'chmod 2775 /var/lib/heketi/mounts/vg_d72d3bd802d4e511a80ce2f16181289d/brick_51f6adac3aabe440336a43d4d5034b2d/brick'
Result: 
[sshexec] DEBUG 2017/04/27 02:02:15 /src/github.com/heketi/heketi/pkg/utils/ssh/ssh.go:176: Host: 192.168.48.17:22 Command: /bin/bash -c 'mount -o rw,inode64,noatime,nouuid /dev/mapper/vg_6c7ff8b53124baa86b5b789cd93274e1-brick_441f01ee8ffbec93997b2c3376350468 /var/lib/heketi/mounts/vg_6c7ff8b53124baa86b5b789cd93274e1/brick_441f01ee8ffbec93997b2c3376350468'
Result: 
[sshexec] DEBUG 2017/04/27 02:02:15 /src/github.com/heketi/heketi/pkg/utils/ssh/ssh.go:176: Host: 192.168.48.17:22 Command: /bin/bash -c 'mkdir /var/lib/heketi/mounts/vg_6c7ff8b53124baa86b5b789cd93274e1/brick_441f01ee8ffbec93997b2c3376350468/brick'
Result: 
[sshexec] DEBUG 2017/04/27 02:02:15 /src/github.com/heketi/heketi/pkg/utils/ssh/ssh.go:176: Host: 192.168.48.17:22 Command: /bin/bash -c 'chown :2000 /var/lib/heketi/mounts/vg_6c7ff8b53124baa86b5b789cd93274e1/brick_441f01ee8ffbec93997b2c3376350468/brick'
Result: 
[sshexec] DEBUG 2017/04/27 02:02:15 /src/github.com/heketi/heketi/pkg/utils/ssh/ssh.go:176: Host: 192.168.48.17:22 Command: /bin/bash -c 'chmod 2775 /var/lib/heketi/mounts/vg_6c7ff8b53124baa86b5b789cd93274e1/brick_441f01ee8ffbec93997b2c3376350468/brick'
Result: 
[sshexec] INFO 2017/04/27 02:02:15 Creating volume vol_6ff11c249c0c6ae6e75493ef964569a3 replica 3
[sshexec] ERROR 2017/04/27 02:02:15 /src/github.com/heketi/heketi/pkg/utils/ssh/ssh.go:173: Failed to run command [/bin/bash -c 'gluster --mode=script volume create vol_6ff11c249c0c6ae6e75493ef964569a3 replica 3 192.168.48.14:/var/lib/heketi/mounts/vg_d72d3bd802d4e511a80ce2f16181289d/brick_51f6adac3aabe440336a43d4d5034b2d/brick 192.168.48.12:/var/lib/heketi/mounts/vg_403cca7edce115dc1c641acc2f5f11fb/brick_997e18162d5b15c1061bd8925237bd66/brick 192.168.48.17:/var/lib/heketi/mounts/vg_6c7ff8b53124baa86b5b789cd93274e1/brick_441f01ee8ffbec93997b2c3376350468/brick '] on 192.168.48.14:22: Err[Process exited with: 1. Reason was:  ()]: Stdout []: Stderr [volume create: vol_6ff11c249c0c6ae6e75493ef964569a3: failed: Staging failed on 192.168.48.12. Error: Host 192.168.48.14 not connected
]
[negroni] Started GET /queue/745a6d230845277e850c6c737d0c6fa2
[negroni] Completed 200 OK in 60.62µs
[sshexec] ERROR 2017/04/27 02:02:15 /src/github.com/heketi/heketi/pkg/utils/ssh/ssh.go:173: Failed to run command [/bin/bash -c 'gluster --mode=script volume stop vol_6ff11c249c0c6ae6e75493ef964569a3 force'] on 192.168.48.14:22: Err[Process exited with: 1. Reason was:  ()]: Stdout []: Stderr [volume stop: vol_6ff11c249c0c6ae6e75493ef964569a3: failed: Volume vol_6ff11c249c0c6ae6e75493ef964569a3 does not exist
]
[sshexec] ERROR 2017/04/27 02:02:15 /src/github.com/heketi/heketi/executors/sshexec/volume.go:130: Unable to stop volume vol_6ff11c249c0c6ae6e75493ef964569a3: volume stop: vol_6ff11c249c0c6ae6e75493ef964569a3: failed: Volume vol_6ff11c249c0c6ae6e75493ef964569a3 does not exist
[sshexec] ERROR 2017/04/27 02:02:16 /src/github.com/heketi/heketi/pkg/utils/ssh/ssh.go:173: Failed to run command [/bin/bash -c 'gluster --mode=script volume delete vol_6ff11c249c0c6ae6e75493ef964569a3'] on 192.168.48.14:22: Err[Process exited with: 1. Reason was:  ()]: Stdout []: Stderr [volume delete: vol_6ff11c249c0c6ae6e75493ef964569a3: failed: Volume vol_6ff11c249c0c6ae6e75493ef964569a3 does not exist
]
[sshexec] ERROR 2017/04/27 02:02:16 /src/github.com/heketi/heketi/executors/sshexec/volume.go:139: Unable to delete volume vol_6ff11c249c0c6ae6e75493ef964569a3: volume delete: vol_6ff11c249c0c6ae6e75493ef964569a3: failed: Volume vol_6ff11c249c0c6ae6e75493ef964569a3 does not exist
[heketi] INFO 2017/04/27 02:02:16 Deleting brick 51f6adac3aabe440336a43d4d5034b2d
[heketi] INFO 2017/04/27 02:02:16 Deleting brick 441f01ee8ffbec93997b2c3376350468
[heketi] INFO 2017/04/27 02:02:16 Deleting brick 997e18162d5b15c1061bd8925237bd66
[sshexec] DEBUG 2017/04/27 02:02:16 /src/github.com/heketi/heketi/pkg/utils/ssh/ssh.go:176: Host: 192.168.48.14:22 Command: /bin/bash -c 'umount /var/lib/heketi/mounts/vg_d72d3bd802d4e511a80ce2f16181289d/brick_51f6adac3aabe440336a43d4d5034b2d'
Result: 
[sshexec] DEBUG 2017/04/27 02:02:16 /src/github.com/heketi/heketi/pkg/utils/ssh/ssh.go:176: Host: 192.168.48.17:22 Command: /bin/bash -c 'umount /var/lib/heketi/mounts/vg_6c7ff8b53124baa86b5b789cd93274e1/brick_441f01ee8ffbec93997b2c3376350468'
Result: 
[sshexec] DEBUG 2017/04/27 02:02:16 /src/github.com/heketi/heketi/pkg/utils/ssh/ssh.go:176: Host: 192.168.48.12:22 Command: /bin/bash -c 'umount /var/lib/heketi/mounts/vg_403cca7edce115dc1c641acc2f5f11fb/brick_997e18162d5b15c1061bd8925237bd66'
Result: 
[negroni] Started GET /queue/745a6d230845277e850c6c737d0c6fa2
[negroni] Completed 200 OK in 81.352µs
[sshexec] DEBUG 2017/04/27 02:02:17 /src/github.com/heketi/heketi/pkg/utils/ssh/ssh.go:176: Host: 192.168.48.17:22 Command: /bin/bash -c 'lvremove -f vg_6c7ff8b53124baa86b5b789cd93274e1/tp_441f01ee8ffbec93997b2c3376350468'
Result:   Logical volume "brick_441f01ee8ffbec93997b2c3376350468" successfully removed
  Logical volume "tp_441f01ee8ffbec93997b2c3376350468" successfully removed
[sshexec] DEBUG 2017/04/27 02:02:17 /src/github.com/heketi/heketi/pkg/utils/ssh/ssh.go:176: Host: 192.168.48.14:22 Command: /bin/bash -c 'lvremove -f vg_d72d3bd802d4e511a80ce2f16181289d/tp_51f6adac3aabe440336a43d4d5034b2d'
Result:   Logical volume "brick_51f6adac3aabe440336a43d4d5034b2d" successfully removed
  Logical volume "tp_51f6adac3aabe440336a43d4d5034b2d" successfully removed
[sshexec] DEBUG 2017/04/27 02:02:17 /src/github.com/heketi/heketi/pkg/utils/ssh/ssh.go:176: Host: 192.168.48.12:22 Command: /bin/bash -c 'lvremove -f vg_403cca7edce115dc1c641acc2f5f11fb/tp_997e18162d5b15c1061bd8925237bd66'
Result:   Logical volume "brick_997e18162d5b15c1061bd8925237bd66" successfully removed
  Logical volume "tp_997e18162d5b15c1061bd8925237bd66" successfully removed
[sshexec] DEBUG 2017/04/27 02:02:17 /src/github.com/heketi/heketi/pkg/utils/ssh/ssh.go:176: Host: 192.168.48.14:22 Command: /bin/bash -c 'rmdir /var/lib/heketi/mounts/vg_d72d3bd802d4e511a80ce2f16181289d/brick_51f6adac3aabe440336a43d4d5034b2d'
Result: 
[sshexec] DEBUG 2017/04/27 02:02:17 /src/github.com/heketi/heketi/pkg/utils/ssh/ssh.go:176: Host: 192.168.48.17:22 Command: /bin/bash -c 'rmdir /var/lib/heketi/mounts/vg_6c7ff8b53124baa86b5b789cd93274e1/brick_441f01ee8ffbec93997b2c3376350468'
Result: 
[sshexec] DEBUG 2017/04/27 02:02:17 /src/github.com/heketi/heketi/pkg/utils/ssh/ssh.go:176: Host: 192.168.48.12:22 Command: /bin/bash -c 'rmdir /var/lib/heketi/mounts/vg_403cca7edce115dc1c641acc2f5f11fb/brick_997e18162d5b15c1061bd8925237bd66'
Result: 
[sshexec] DEBUG 2017/04/27 02:02:17 /src/github.com/heketi/heketi/pkg/utils/ssh/ssh.go:176: Host: 192.168.48.14:22 Command: /bin/bash -c 'sed -i.save "/brick_51f6adac3aabe440336a43d4d5034b2d/d" /etc/fstab'
Result: 
[sshexec] DEBUG 2017/04/27 02:02:17 /src/github.com/heketi/heketi/pkg/utils/ssh/ssh.go:176: Host: 192.168.48.17:22 Command: /bin/bash -c 'sed -i.save "/brick_441f01ee8ffbec93997b2c3376350468/d" /etc/fstab'
Result: 
[negroni] Started GET /queue/745a6d230845277e850c6c737d0c6fa2
[negroni] Completed 200 OK in 88.589µs
[sshexec] DEBUG 2017/04/27 02:02:17 /src/github.com/heketi/heketi/pkg/utils/ssh/ssh.go:176: Host: 192.168.48.12:22 Command: /bin/bash -c 'sed -i.save "/brick_997e18162d5b15c1061bd8925237bd66/d" /etc/fstab'
Result: 
[heketi] ERROR 2017/04/27 02:02:17 /src/github.com/heketi/heketi/apps/glusterfs/app_volume.go:148: Failed to create volume: volume create: vol_6ff11c249c0c6ae6e75493ef964569a3: failed: Staging failed on 192.168.48.12. Error: Host 192.168.48.14 not connected
[asynchttp] INFO 2017/04/27 02:02:17 Completed job 745a6d230845277e850c6c737d0c6fa2 in 4.066680994s
[negroni] Started GET /queue/745a6d230845277e850c6c737d0c6fa2
[negroni] Completed 500 Internal Server Error in 137.544µs
[negroni] Started POST /volumes
[negroni] Completed 202 Accepted in 12.070416ms
[asynchttp] INFO 2017/04/27 02:02:28 Started job dbd7fa841d48065d036d6ec974384209
[heketi] INFO 2017/04/27 02:02:28 Creating volume ada888291b5b1844e7fad3a302ee35ec
[heketi] INFO 2017/04/27 02:02:28 brick_num: 0
[negroni] Started GET /queue/dbd7fa841d48065d036d6ec974384209
[negroni] Completed 200 OK in 179.642µs
[heketi] INFO 2017/04/27 02:02:28 Creating brick 1347a1949cb83fa73c0332409620adeb
[heketi] INFO 2017/04/27 02:02:28 Creating brick 3e299eecb9bcf268b781511129e6e6e6
[heketi] INFO 2017/04/27 02:02:28 Creating brick 77d2998a23df7a955a4dca768df8fdc2
[sshexec] DEBUG 2017/04/27 02:02:29 /src/github.com/heketi/heketi/pkg/utils/ssh/ssh.go:176: Host: 192.168.48.12:22 Command: /bin/bash -c 'mkdir -p /var/lib/heketi/mounts/vg_403cca7edce115dc1c641acc2f5f11fb/brick_77d2998a23df7a955a4dca768df8fdc2'
Result: 
[sshexec] DEBUG 2017/04/27 02:02:29 /src/github.com/heketi/heketi/pkg/utils/ssh/ssh.go:176: Host: 192.168.48.14:22 Command: /bin/bash -c 'mkdir -p /var/lib/heketi/mounts/vg_d72d3bd802d4e511a80ce2f16181289d/brick_3e299eecb9bcf268b781511129e6e6e6'
Result: 
[sshexec] DEBUG 2017/04/27 02:02:29 /src/github.com/heketi/heketi/pkg/utils/ssh/ssh.go:176: Host: 192.168.48.17:22 Command: /bin/bash -c 'mkdir -p /var/lib/heketi/mounts/vg_6c7ff8b53124baa86b5b789cd93274e1/brick_1347a1949cb83fa73c0332409620adeb'
Result: 
[sshexec] DEBUG 2017/04/27 02:02:29 /src/github.com/heketi/heketi/pkg/utils/ssh/ssh.go:176: Host: 192.168.48.17:22 Command: /bin/bash -c 'lvcreate --poolmetadatasize 8192K -c 256K -L 1048576K -T vg_6c7ff8b53124baa86b5b789cd93274e1/tp_1347a1949cb83fa73c0332409620adeb -V 1048576K -n brick_1347a1949cb83fa73c0332409620adeb'
Result:   Logical volume "brick_1347a1949cb83fa73c0332409620adeb" created.
[sshexec] DEBUG 2017/04/27 02:02:29 /src/github.com/heketi/heketi/pkg/utils/ssh/ssh.go:176: Host: 192.168.48.12:22 Command: /bin/bash -c 'lvcreate --poolmetadatasize 8192K -c 256K -L 1048576K -T vg_403cca7edce115dc1c641acc2f5f11fb/tp_77d2998a23df7a955a4dca768df8fdc2 -V 1048576K -n brick_77d2998a23df7a955a4dca768df8fdc2'
Result:   Logical volume "brick_77d2998a23df7a955a4dca768df8fdc2" created.
[sshexec] DEBUG 2017/04/27 02:02:29 /src/github.com/heketi/heketi/pkg/utils/ssh/ssh.go:176: Host: 192.168.48.14:22 Command: /bin/bash -c 'lvcreate --poolmetadatasize 8192K -c 256K -L 1048576K -T vg_d72d3bd802d4e511a80ce2f16181289d/tp_3e299eecb9bcf268b781511129e6e6e6 -V 1048576K -n brick_3e299eecb9bcf268b781511129e6e6e6'
Result:   Logical volume "brick_3e299eecb9bcf268b781511129e6e6e6" created.
[negroni] Started GET /queue/dbd7fa841d48065d036d6ec974384209
[negroni] Completed 200 OK in 56.024µs
[sshexec] DEBUG 2017/04/27 02:02:29 /src/github.com/heketi/heketi/pkg/utils/ssh/ssh.go:176: Host: 192.168.48.14:22 Command: /bin/bash -c 'mkfs.xfs -i size=512 -n size=8192 /dev/mapper/vg_d72d3bd802d4e511a80ce2f16181289d-brick_3e299eecb9bcf268b781511129e6e6e6'
Result: meta-data=/dev/mapper/vg_d72d3bd802d4e511a80ce2f16181289d-brick_3e299eecb9bcf268b781511129e6e6e6 isize=512    agcount=8, agsize=32704 blks
         =                       sectsz=512   attr=2, projid32bit=1
         =                       crc=1        finobt=1, sparse=0
data     =                       bsize=4096   blocks=261632, imaxpct=25
         =                       sunit=64     swidth=64 blks
naming   =version 2              bsize=8192   ascii-ci=0 ftype=1
log      =internal log           bsize=4096   blocks=1728, version=2
         =                       sectsz=512   sunit=64 blks, lazy-count=1
realtime =none                   extsz=4096   blocks=0, rtextents=0
[sshexec] DEBUG 2017/04/27 02:02:29 /src/github.com/heketi/heketi/pkg/utils/ssh/ssh.go:176: Host: 192.168.48.14:22 Command: /bin/bash -c 'echo "/dev/mapper/vg_d72d3bd802d4e511a80ce2f16181289d-brick_3e299eecb9bcf268b781511129e6e6e6 /var/lib/heketi/mounts/vg_d72d3bd802d4e511a80ce2f16181289d/brick_3e299eecb9bcf268b781511129e6e6e6 xfs rw,inode64,noatime,nouuid 1 2" | tee -a /etc/fstab > /dev/null '
Result: 
[sshexec] DEBUG 2017/04/27 02:02:29 /src/github.com/heketi/heketi/pkg/utils/ssh/ssh.go:176: Host: 192.168.48.12:22 Command: /bin/bash -c 'mkfs.xfs -i size=512 -n size=8192 /dev/mapper/vg_403cca7edce115dc1c641acc2f5f11fb-brick_77d2998a23df7a955a4dca768df8fdc2'
Result: meta-data=/dev/mapper/vg_403cca7edce115dc1c641acc2f5f11fb-brick_77d2998a23df7a955a4dca768df8fdc2 isize=512    agcount=8, agsize=32704 blks
         =                       sectsz=4096  attr=2, projid32bit=1
         =                       crc=1        finobt=1, sparse=0
data     =                       bsize=4096   blocks=261632, imaxpct=25
         =                       sunit=64     swidth=64 blks
naming   =version 2              bsize=8192   ascii-ci=0 ftype=1
log      =internal log           bsize=4096   blocks=576, version=2
         =                       sectsz=4096  sunit=1 blks, lazy-count=1
realtime =none                   extsz=4096   blocks=0, rtextents=0
[sshexec] DEBUG 2017/04/27 02:02:29 /src/github.com/heketi/heketi/pkg/utils/ssh/ssh.go:176: Host: 192.168.48.17:22 Command: /bin/bash -c 'mkfs.xfs -i size=512 -n size=8192 /dev/mapper/vg_6c7ff8b53124baa86b5b789cd93274e1-brick_1347a1949cb83fa73c0332409620adeb'
Result: meta-data=/dev/mapper/vg_6c7ff8b53124baa86b5b789cd93274e1-brick_1347a1949cb83fa73c0332409620adeb isize=512    agcount=8, agsize=32704 blks
         =                       sectsz=512   attr=2, projid32bit=1
         =                       crc=1        finobt=1, sparse=0
data     =                       bsize=4096   blocks=261632, imaxpct=25
         =                       sunit=64     swidth=64 blks
naming   =version 2              bsize=8192   ascii-ci=0 ftype=1
log      =internal log           bsize=4096   blocks=1728, version=2
         =                       sectsz=512   sunit=64 blks, lazy-count=1
realtime =none                   extsz=4096   blocks=0, rtextents=0
[sshexec] DEBUG 2017/04/27 02:02:29 /src/github.com/heketi/heketi/pkg/utils/ssh/ssh.go:176: Host: 192.168.48.12:22 Command: /bin/bash -c 'echo "/dev/mapper/vg_403cca7edce115dc1c641acc2f5f11fb-brick_77d2998a23df7a955a4dca768df8fdc2 /var/lib/heketi/mounts/vg_403cca7edce115dc1c641acc2f5f11fb/brick_77d2998a23df7a955a4dca768df8fdc2 xfs rw,inode64,noatime,nouuid 1 2" | tee -a /etc/fstab > /dev/null '
Result: 
[sshexec] DEBUG 2017/04/27 02:02:29 /src/github.com/heketi/heketi/pkg/utils/ssh/ssh.go:176: Host: 192.168.48.17:22 Command: /bin/bash -c 'echo "/dev/mapper/vg_6c7ff8b53124baa86b5b789cd93274e1-brick_1347a1949cb83fa73c0332409620adeb /var/lib/heketi/mounts/vg_6c7ff8b53124baa86b5b789cd93274e1/brick_1347a1949cb83fa73c0332409620adeb xfs rw,inode64,noatime,nouuid 1 2" | tee -a /etc/fstab > /dev/null '
Result: 
[sshexec] DEBUG 2017/04/27 02:02:30 /src/github.com/heketi/heketi/pkg/utils/ssh/ssh.go:176: Host: 192.168.48.12:22 Command: /bin/bash -c 'mount -o rw,inode64,noatime,nouuid /dev/mapper/vg_403cca7edce115dc1c641acc2f5f11fb-brick_77d2998a23df7a955a4dca768df8fdc2 /var/lib/heketi/mounts/vg_403cca7edce115dc1c641acc2f5f11fb/brick_77d2998a23df7a955a4dca768df8fdc2'
Result: 
[sshexec] DEBUG 2017/04/27 02:02:30 /src/github.com/heketi/heketi/pkg/utils/ssh/ssh.go:176: Host: 192.168.48.12:22 Command: /bin/bash -c 'mkdir /var/lib/heketi/mounts/vg_403cca7edce115dc1c641acc2f5f11fb/brick_77d2998a23df7a955a4dca768df8fdc2/brick'
Result: 
[sshexec] DEBUG 2017/04/27 02:02:30 /src/github.com/heketi/heketi/pkg/utils/ssh/ssh.go:176: Host: 192.168.48.12:22 Command: /bin/bash -c 'chown :2000 /var/lib/heketi/mounts/vg_403cca7edce115dc1c641acc2f5f11fb/brick_77d2998a23df7a955a4dca768df8fdc2/brick'
Result: 
[sshexec] DEBUG 2017/04/27 02:02:30 /src/github.com/heketi/heketi/pkg/utils/ssh/ssh.go:176: Host: 192.168.48.12:22 Command: /bin/bash -c 'chmod 2775 /var/lib/heketi/mounts/vg_403cca7edce115dc1c641acc2f5f11fb/brick_77d2998a23df7a955a4dca768df8fdc2/brick'
Result: 
[sshexec] DEBUG 2017/04/27 02:02:30 /src/github.com/heketi/heketi/pkg/utils/ssh/ssh.go:176: Host: 192.168.48.14:22 Command: /bin/bash -c 'mount -o rw,inode64,noatime,nouuid /dev/mapper/vg_d72d3bd802d4e511a80ce2f16181289d-brick_3e299eecb9bcf268b781511129e6e6e6 /var/lib/heketi/mounts/vg_d72d3bd802d4e511a80ce2f16181289d/brick_3e299eecb9bcf268b781511129e6e6e6'
Result: 
[sshexec] DEBUG 2017/04/27 02:02:30 /src/github.com/heketi/heketi/pkg/utils/ssh/ssh.go:176: Host: 192.168.48.14:22 Command: /bin/bash -c 'mkdir /var/lib/heketi/mounts/vg_d72d3bd802d4e511a80ce2f16181289d/brick_3e299eecb9bcf268b781511129e6e6e6/brick'
Result: 
[sshexec] DEBUG 2017/04/27 02:02:30 /src/github.com/heketi/heketi/pkg/utils/ssh/ssh.go:176: Host: 192.168.48.14:22 Command: /bin/bash -c 'chown :2000 /var/lib/heketi/mounts/vg_d72d3bd802d4e511a80ce2f16181289d/brick_3e299eecb9bcf268b781511129e6e6e6/brick'
Result: 
[sshexec] DEBUG 2017/04/27 02:02:30 /src/github.com/heketi/heketi/pkg/utils/ssh/ssh.go:176: Host: 192.168.48.14:22 Command: /bin/bash -c 'chmod 2775 /var/lib/heketi/mounts/vg_d72d3bd802d4e511a80ce2f16181289d/brick_3e299eecb9bcf268b781511129e6e6e6/brick'
Result: 
[sshexec] DEBUG 2017/04/27 02:02:30 /src/github.com/heketi/heketi/pkg/utils/ssh/ssh.go:176: Host: 192.168.48.17:22 Command: /bin/bash -c 'mount -o rw,inode64,noatime,nouuid /dev/mapper/vg_6c7ff8b53124baa86b5b789cd93274e1-brick_1347a1949cb83fa73c0332409620adeb /var/lib/heketi/mounts/vg_6c7ff8b53124baa86b5b789cd93274e1/brick_1347a1949cb83fa73c0332409620adeb'
Result: 
[sshexec] DEBUG 2017/04/27 02:02:30 /src/github.com/heketi/heketi/pkg/utils/ssh/ssh.go:176: Host: 192.168.48.17:22 Command: /bin/bash -c 'mkdir /var/lib/heketi/mounts/vg_6c7ff8b53124baa86b5b789cd93274e1/brick_1347a1949cb83fa73c0332409620adeb/brick'
Result: 
[sshexec] DEBUG 2017/04/27 02:02:30 /src/github.com/heketi/heketi/pkg/utils/ssh/ssh.go:176: Host: 192.168.48.17:22 Command: /bin/bash -c 'chown :2000 /var/lib/heketi/mounts/vg_6c7ff8b53124baa86b5b789cd93274e1/brick_1347a1949cb83fa73c0332409620adeb/brick'
Result: 
[sshexec] DEBUG 2017/04/27 02:02:30 /src/github.com/heketi/heketi/pkg/utils/ssh/ssh.go:176: Host: 192.168.48.17:22 Command: /bin/bash -c 'chmod 2775 /var/lib/heketi/mounts/vg_6c7ff8b53124baa86b5b789cd93274e1/brick_1347a1949cb83fa73c0332409620adeb/brick'
Result: 
[sshexec] INFO 2017/04/27 02:02:30 Creating volume vol_ada888291b5b1844e7fad3a302ee35ec replica 3
[sshexec] ERROR 2017/04/27 02:02:30 /src/github.com/heketi/heketi/pkg/utils/ssh/ssh.go:173: Failed to run command [/bin/bash -c 'gluster --mode=script volume create vol_ada888291b5b1844e7fad3a302ee35ec replica 3 192.168.48.12:/var/lib/heketi/mounts/vg_403cca7edce115dc1c641acc2f5f11fb/brick_77d2998a23df7a955a4dca768df8fdc2/brick 192.168.48.17:/var/lib/heketi/mounts/vg_6c7ff8b53124baa86b5b789cd93274e1/brick_1347a1949cb83fa73c0332409620adeb/brick 192.168.48.14:/var/lib/heketi/mounts/vg_d72d3bd802d4e511a80ce2f16181289d/brick_3e299eecb9bcf268b781511129e6e6e6/brick '] on 192.168.48.12:22: Err[Process exited with: 1. Reason was:  ()]: Stdout []: Stderr [volume create: vol_ada888291b5b1844e7fad3a302ee35ec: failed: Host 192.168.48.14 not connected
]
[negroni] Started GET /queue/dbd7fa841d48065d036d6ec974384209
[negroni] Completed 200 OK in 116.148µs
[sshexec] ERROR 2017/04/27 02:02:30 /src/github.com/heketi/heketi/pkg/utils/ssh/ssh.go:173: Failed to run command [/bin/bash -c 'gluster --mode=script volume stop vol_ada888291b5b1844e7fad3a302ee35ec force'] on 192.168.48.12:22: Err[Process exited with: 1. Reason was:  ()]: Stdout []: Stderr [volume stop: vol_ada888291b5b1844e7fad3a302ee35ec: failed: Volume vol_ada888291b5b1844e7fad3a302ee35ec does not exist
]
[sshexec] ERROR 2017/04/27 02:02:30 /src/github.com/heketi/heketi/executors/sshexec/volume.go:130: Unable to stop volume vol_ada888291b5b1844e7fad3a302ee35ec: volume stop: vol_ada888291b5b1844e7fad3a302ee35ec: failed: Volume vol_ada888291b5b1844e7fad3a302ee35ec does not exist
[sshexec] ERROR 2017/04/27 02:02:31 /src/github.com/heketi/heketi/pkg/utils/ssh/ssh.go:173: Failed to run command [/bin/bash -c 'gluster --mode=script volume delete vol_ada888291b5b1844e7fad3a302ee35ec'] on 192.168.48.12:22: Err[Process exited with: 1. Reason was:  ()]: Stdout []: Stderr [volume delete: vol_ada888291b5b1844e7fad3a302ee35ec: failed: Volume vol_ada888291b5b1844e7fad3a302ee35ec does not exist
]
[sshexec] ERROR 2017/04/27 02:02:31 /src/github.com/heketi/heketi/executors/sshexec/volume.go:139: Unable to delete volume vol_ada888291b5b1844e7fad3a302ee35ec: volume delete: vol_ada888291b5b1844e7fad3a302ee35ec: failed: Volume vol_ada888291b5b1844e7fad3a302ee35ec does not exist
[heketi] INFO 2017/04/27 02:02:31 Deleting brick 77d2998a23df7a955a4dca768df8fdc2
[heketi] INFO 2017/04/27 02:02:31 Deleting brick 1347a1949cb83fa73c0332409620adeb
[heketi] INFO 2017/04/27 02:02:31 Deleting brick 3e299eecb9bcf268b781511129e6e6e6
[sshexec] DEBUG 2017/04/27 02:02:31 /src/github.com/heketi/heketi/pkg/utils/ssh/ssh.go:176: Host: 192.168.48.12:22 Command: /bin/bash -c 'umount /var/lib/heketi/mounts/vg_403cca7edce115dc1c641acc2f5f11fb/brick_77d2998a23df7a955a4dca768df8fdc2'
Result: 
[sshexec] DEBUG 2017/04/27 02:02:31 /src/github.com/heketi/heketi/pkg/utils/ssh/ssh.go:176: Host: 192.168.48.14:22 Command: /bin/bash -c 'umount /var/lib/heketi/mounts/vg_d72d3bd802d4e511a80ce2f16181289d/brick_3e299eecb9bcf268b781511129e6e6e6'
Result: 
[sshexec] DEBUG 2017/04/27 02:02:31 /src/github.com/heketi/heketi/pkg/utils/ssh/ssh.go:176: Host: 192.168.48.17:22 Command: /bin/bash -c 'umount /var/lib/heketi/mounts/vg_6c7ff8b53124baa86b5b789cd93274e1/brick_1347a1949cb83fa73c0332409620adeb'
Result: 
[negroni] Started GET /queue/dbd7fa841d48065d036d6ec974384209
[negroni] Completed 200 OK in 85.099µs
[sshexec] DEBUG 2017/04/27 02:02:32 /src/github.com/heketi/heketi/pkg/utils/ssh/ssh.go:176: Host: 192.168.48.14:22 Command: /bin/bash -c 'lvremove -f vg_d72d3bd802d4e511a80ce2f16181289d/tp_3e299eecb9bcf268b781511129e6e6e6'
Result:   Logical volume "brick_3e299eecb9bcf268b781511129e6e6e6" successfully removed
  Logical volume "tp_3e299eecb9bcf268b781511129e6e6e6" successfully removed
[sshexec] DEBUG 2017/04/27 02:02:32 /src/github.com/heketi/heketi/pkg/utils/ssh/ssh.go:176: Host: 192.168.48.12:22 Command: /bin/bash -c 'lvremove -f vg_403cca7edce115dc1c641acc2f5f11fb/tp_77d2998a23df7a955a4dca768df8fdc2'
Result:   Logical volume "brick_77d2998a23df7a955a4dca768df8fdc2" successfully removed
  Logical volume "tp_77d2998a23df7a955a4dca768df8fdc2" successfully removed
[sshexec] DEBUG 2017/04/27 02:02:32 /src/github.com/heketi/heketi/pkg/utils/ssh/ssh.go:176: Host: 192.168.48.17:22 Command: /bin/bash -c 'lvremove -f vg_6c7ff8b53124baa86b5b789cd93274e1/tp_1347a1949cb83fa73c0332409620adeb'
Result:   Logical volume "brick_1347a1949cb83fa73c0332409620adeb" successfully removed
  Logical volume "tp_1347a1949cb83fa73c0332409620adeb" successfully removed
[sshexec] DEBUG 2017/04/27 02:02:32 /src/github.com/heketi/heketi/pkg/utils/ssh/ssh.go:176: Host: 192.168.48.14:22 Command: /bin/bash -c 'rmdir /var/lib/heketi/mounts/vg_d72d3bd802d4e511a80ce2f16181289d/brick_3e299eecb9bcf268b781511129e6e6e6'
Result: 
[sshexec] DEBUG 2017/04/27 02:02:32 /src/github.com/heketi/heketi/pkg/utils/ssh/ssh.go:176: Host: 192.168.48.12:22 Command: /bin/bash -c 'rmdir /var/lib/heketi/mounts/vg_403cca7edce115dc1c641acc2f5f11fb/brick_77d2998a23df7a955a4dca768df8fdc2'
Result: 
[sshexec] DEBUG 2017/04/27 02:02:32 /src/github.com/heketi/heketi/pkg/utils/ssh/ssh.go:176: Host: 192.168.48.17:22 Command: /bin/bash -c 'rmdir /var/lib/heketi/mounts/vg_6c7ff8b53124baa86b5b789cd93274e1/brick_1347a1949cb83fa73c0332409620adeb'
Result: 
[sshexec] DEBUG 2017/04/27 02:02:32 /src/github.com/heketi/heketi/pkg/utils/ssh/ssh.go:176: Host: 192.168.48.14:22 Command: /bin/bash -c 'sed -i.save "/brick_3e299eecb9bcf268b781511129e6e6e6/d" /etc/fstab'
Result: 
[sshexec] DEBUG 2017/04/27 02:02:32 /src/github.com/heketi/heketi/pkg/utils/ssh/ssh.go:176: Host: 192.168.48.12:22 Command: /bin/bash -c 'sed -i.save "/brick_77d2998a23df7a955a4dca768df8fdc2/d" /etc/fstab'
Result: 
[sshexec] DEBUG 2017/04/27 02:02:32 /src/github.com/heketi/heketi/pkg/utils/ssh/ssh.go:176: Host: 192.168.48.17:22 Command: /bin/bash -c 'sed -i.save "/brick_1347a1949cb83fa73c0332409620adeb/d" /etc/fstab'
Result: 
[heketi] ERROR 2017/04/27 02:02:32 /src/github.com/heketi/heketi/apps/glusterfs/app_volume.go:148: Failed to create volume: volume create: vol_ada888291b5b1844e7fad3a302ee35ec: failed: Host 192.168.48.14 not connected
[asynchttp] INFO 2017/04/27 02:02:32 Completed job dbd7fa841d48065d036d6ec974384209 in 3.758376615s
[negroni] Started GET /queue/dbd7fa841d48065d036d6ec974384209
[negroni] Completed 500 Internal Server Error in 72.399µs
[negroni] Started POST /volumes
[negroni] Completed 202 Accepted in 10.311204ms
[asynchttp] INFO 2017/04/27 02:02:43 Started job 738a46efc915017903e450abdcd680fe
[heketi] INFO 2017/04/27 02:02:43 Creating volume d93f73b654e510ba9ff947f0a4a69607
[heketi] INFO 2017/04/27 02:02:43 brick_num: 0
[negroni] Started GET /queue/738a46efc915017903e450abdcd680fe
[negroni] Completed 200 OK in 96.357µs
[heketi] INFO 2017/04/27 02:02:43 Creating brick 9ad27a08b698b56469699fb0cc47f1e2
[heketi] INFO 2017/04/27 02:02:43 Creating brick c8e588c0ab31418a55c9904716b0715f
[heketi] INFO 2017/04/27 02:02:43 Creating brick 1efe0ff4cfe3c3f3de8cf3606926239f
[sshexec] DEBUG 2017/04/27 02:02:44 /src/github.com/heketi/heketi/pkg/utils/ssh/ssh.go:176: Host: 192.168.48.14:22 Command: /bin/bash -c 'mkdir -p /var/lib/heketi/mounts/vg_d72d3bd802d4e511a80ce2f16181289d/brick_9ad27a08b698b56469699fb0cc47f1e2'
Result: 
[sshexec] DEBUG 2017/04/27 02:02:44 /src/github.com/heketi/heketi/pkg/utils/ssh/ssh.go:176: Host: 192.168.48.12:22 Command: /bin/bash -c 'mkdir -p /var/lib/heketi/mounts/vg_403cca7edce115dc1c641acc2f5f11fb/brick_c8e588c0ab31418a55c9904716b0715f'
Result: 
[sshexec] DEBUG 2017/04/27 02:02:44 /src/github.com/heketi/heketi/pkg/utils/ssh/ssh.go:176: Host: 192.168.48.17:22 Command: /bin/bash -c 'mkdir -p /var/lib/heketi/mounts/vg_6c7ff8b53124baa86b5b789cd93274e1/brick_1efe0ff4cfe3c3f3de8cf3606926239f'
Result: 
[sshexec] DEBUG 2017/04/27 02:02:44 /src/github.com/heketi/heketi/pkg/utils/ssh/ssh.go:176: Host: 192.168.48.14:22 Command: /bin/bash -c 'lvcreate --poolmetadatasize 8192K -c 256K -L 1048576K -T vg_d72d3bd802d4e511a80ce2f16181289d/tp_9ad27a08b698b56469699fb0cc47f1e2 -V 1048576K -n brick_9ad27a08b698b56469699fb0cc47f1e2'
Result:   Logical volume "brick_9ad27a08b698b56469699fb0cc47f1e2" created.
[sshexec] DEBUG 2017/04/27 02:02:44 /src/github.com/heketi/heketi/pkg/utils/ssh/ssh.go:176: Host: 192.168.48.17:22 Command: /bin/bash -c 'lvcreate --poolmetadatasize 8192K -c 256K -L 1048576K -T vg_6c7ff8b53124baa86b5b789cd93274e1/tp_1efe0ff4cfe3c3f3de8cf3606926239f -V 1048576K -n brick_1efe0ff4cfe3c3f3de8cf3606926239f'
Result:   Logical volume "brick_1efe0ff4cfe3c3f3de8cf3606926239f" created.
[sshexec] DEBUG 2017/04/27 02:02:44 /src/github.com/heketi/heketi/pkg/utils/ssh/ssh.go:176: Host: 192.168.48.12:22 Command: /bin/bash -c 'lvcreate --poolmetadatasize 8192K -c 256K -L 1048576K -T vg_403cca7edce115dc1c641acc2f5f11fb/tp_c8e588c0ab31418a55c9904716b0715f -V 1048576K -n brick_c8e588c0ab31418a55c9904716b0715f'
Result:   Logical volume "brick_c8e588c0ab31418a55c9904716b0715f" created.
[negroni] Started GET /queue/738a46efc915017903e450abdcd680fe
[negroni] Completed 200 OK in 62.141µs
[sshexec] DEBUG 2017/04/27 02:02:44 /src/github.com/heketi/heketi/pkg/utils/ssh/ssh.go:176: Host: 192.168.48.14:22 Command: /bin/bash -c 'mkfs.xfs -i size=512 -n size=8192 /dev/mapper/vg_d72d3bd802d4e511a80ce2f16181289d-brick_9ad27a08b698b56469699fb0cc47f1e2'
Result: meta-data=/dev/mapper/vg_d72d3bd802d4e511a80ce2f16181289d-brick_9ad27a08b698b56469699fb0cc47f1e2 isize=512    agcount=8, agsize=32704 blks
         =                       sectsz=512   attr=2, projid32bit=1
         =                       crc=1        finobt=1, sparse=0
data     =                       bsize=4096   blocks=261632, imaxpct=25
         =                       sunit=64     swidth=64 blks
naming   =version 2              bsize=8192   ascii-ci=0 ftype=1
log      =internal log           bsize=4096   blocks=1728, version=2
         =                       sectsz=512   sunit=64 blks, lazy-count=1
realtime =none                   extsz=4096   blocks=0, rtextents=0
[sshexec] DEBUG 2017/04/27 02:02:44 /src/github.com/heketi/heketi/pkg/utils/ssh/ssh.go:176: Host: 192.168.48.14:22 Command: /bin/bash -c 'echo "/dev/mapper/vg_d72d3bd802d4e511a80ce2f16181289d-brick_9ad27a08b698b56469699fb0cc47f1e2 /var/lib/heketi/mounts/vg_d72d3bd802d4e511a80ce2f16181289d/brick_9ad27a08b698b56469699fb0cc47f1e2 xfs rw,inode64,noatime,nouuid 1 2" | tee -a /etc/fstab > /dev/null '
Result: 
[sshexec] DEBUG 2017/04/27 02:02:44 /src/github.com/heketi/heketi/pkg/utils/ssh/ssh.go:176: Host: 192.168.48.17:22 Command: /bin/bash -c 'mkfs.xfs -i size=512 -n size=8192 /dev/mapper/vg_6c7ff8b53124baa86b5b789cd93274e1-brick_1efe0ff4cfe3c3f3de8cf3606926239f'
Result: meta-data=/dev/mapper/vg_6c7ff8b53124baa86b5b789cd93274e1-brick_1efe0ff4cfe3c3f3de8cf3606926239f isize=512    agcount=8, agsize=32704 blks
         =                       sectsz=512   attr=2, projid32bit=1
         =                       crc=1        finobt=1, sparse=0
data     =                       bsize=4096   blocks=261632, imaxpct=25
         =                       sunit=64     swidth=64 blks
naming   =version 2              bsize=8192   ascii-ci=0 ftype=1
log      =internal log           bsize=4096   blocks=1728, version=2
         =                       sectsz=512   sunit=64 blks, lazy-count=1
realtime =none                   extsz=4096   blocks=0, rtextents=0
[sshexec] DEBUG 2017/04/27 02:02:44 /src/github.com/heketi/heketi/pkg/utils/ssh/ssh.go:176: Host: 192.168.48.17:22 Command: /bin/bash -c 'echo "/dev/mapper/vg_6c7ff8b53124baa86b5b789cd93274e1-brick_1efe0ff4cfe3c3f3de8cf3606926239f /var/lib/heketi/mounts/vg_6c7ff8b53124baa86b5b789cd93274e1/brick_1efe0ff4cfe3c3f3de8cf3606926239f xfs rw,inode64,noatime,nouuid 1 2" | tee -a /etc/fstab > /dev/null '
Result: 
[sshexec] DEBUG 2017/04/27 02:02:44 /src/github.com/heketi/heketi/pkg/utils/ssh/ssh.go:176: Host: 192.168.48.12:22 Command: /bin/bash -c 'mkfs.xfs -i size=512 -n size=8192 /dev/mapper/vg_403cca7edce115dc1c641acc2f5f11fb-brick_c8e588c0ab31418a55c9904716b0715f'
Result: meta-data=/dev/mapper/vg_403cca7edce115dc1c641acc2f5f11fb-brick_c8e588c0ab31418a55c9904716b0715f isize=512    agcount=8, agsize=32704 blks
         =                       sectsz=4096  attr=2, projid32bit=1
         =                       crc=1        finobt=1, sparse=0
data     =                       bsize=4096   blocks=261632, imaxpct=25
         =                       sunit=64     swidth=64 blks
naming   =version 2              bsize=8192   ascii-ci=0 ftype=1
log      =internal log           bsize=4096   blocks=576, version=2
         =                       sectsz=4096  sunit=1 blks, lazy-count=1
realtime =none                   extsz=4096   blocks=0, rtextents=0
[sshexec] DEBUG 2017/04/27 02:02:44 /src/github.com/heketi/heketi/pkg/utils/ssh/ssh.go:176: Host: 192.168.48.12:22 Command: /bin/bash -c 'echo "/dev/mapper/vg_403cca7edce115dc1c641acc2f5f11fb-brick_c8e588c0ab31418a55c9904716b0715f /var/lib/heketi/mounts/vg_403cca7edce115dc1c641acc2f5f11fb/brick_c8e588c0ab31418a55c9904716b0715f xfs rw,inode64,noatime,nouuid 1 2" | tee -a /etc/fstab > /dev/null '
Result: 
[sshexec] DEBUG 2017/04/27 02:02:44 /src/github.com/heketi/heketi/pkg/utils/ssh/ssh.go:176: Host: 192.168.48.12:22 Command: /bin/bash -c 'mount -o rw,inode64,noatime,nouuid /dev/mapper/vg_403cca7edce115dc1c641acc2f5f11fb-brick_c8e588c0ab31418a55c9904716b0715f /var/lib/heketi/mounts/vg_403cca7edce115dc1c641acc2f5f11fb/brick_c8e588c0ab31418a55c9904716b0715f'
Result: 
[sshexec] DEBUG 2017/04/27 02:02:44 /src/github.com/heketi/heketi/pkg/utils/ssh/ssh.go:176: Host: 192.168.48.12:22 Command: /bin/bash -c 'mkdir /var/lib/heketi/mounts/vg_403cca7edce115dc1c641acc2f5f11fb/brick_c8e588c0ab31418a55c9904716b0715f/brick'
Result: 
[sshexec] DEBUG 2017/04/27 02:02:44 /src/github.com/heketi/heketi/pkg/utils/ssh/ssh.go:176: Host: 192.168.48.12:22 Command: /bin/bash -c 'chown :2000 /var/lib/heketi/mounts/vg_403cca7edce115dc1c641acc2f5f11fb/brick_c8e588c0ab31418a55c9904716b0715f/brick'
Result: 
[sshexec] DEBUG 2017/04/27 02:02:44 /src/github.com/heketi/heketi/pkg/utils/ssh/ssh.go:176: Host: 192.168.48.12:22 Command: /bin/bash -c 'chmod 2775 /var/lib/heketi/mounts/vg_403cca7edce115dc1c641acc2f5f11fb/brick_c8e588c0ab31418a55c9904716b0715f/brick'
Result: 
[sshexec] DEBUG 2017/04/27 02:02:45 /src/github.com/heketi/heketi/pkg/utils/ssh/ssh.go:176: Host: 192.168.48.14:22 Command: /bin/bash -c 'mount -o rw,inode64,noatime,nouuid /dev/mapper/vg_d72d3bd802d4e511a80ce2f16181289d-brick_9ad27a08b698b56469699fb0cc47f1e2 /var/lib/heketi/mounts/vg_d72d3bd802d4e511a80ce2f16181289d/brick_9ad27a08b698b56469699fb0cc47f1e2'
Result: 
[sshexec] DEBUG 2017/04/27 02:02:45 /src/github.com/heketi/heketi/pkg/utils/ssh/ssh.go:176: Host: 192.168.48.14:22 Command: /bin/bash -c 'mkdir /var/lib/heketi/mounts/vg_d72d3bd802d4e511a80ce2f16181289d/brick_9ad27a08b698b56469699fb0cc47f1e2/brick'
Result: 
[sshexec] DEBUG 2017/04/27 02:02:45 /src/github.com/heketi/heketi/pkg/utils/ssh/ssh.go:176: Host: 192.168.48.14:22 Command: /bin/bash -c 'chown :2000 /var/lib/heketi/mounts/vg_d72d3bd802d4e511a80ce2f16181289d/brick_9ad27a08b698b56469699fb0cc47f1e2/brick'
Result: 
[sshexec] DEBUG 2017/04/27 02:02:45 /src/github.com/heketi/heketi/pkg/utils/ssh/ssh.go:176: Host: 192.168.48.14:22 Command: /bin/bash -c 'chmod 2775 /var/lib/heketi/mounts/vg_d72d3bd802d4e511a80ce2f16181289d/brick_9ad27a08b698b56469699fb0cc47f1e2/brick'
Result: 
[sshexec] DEBUG 2017/04/27 02:02:45 /src/github.com/heketi/heketi/pkg/utils/ssh/ssh.go:176: Host: 192.168.48.17:22 Command: /bin/bash -c 'mount -o rw,inode64,noatime,nouuid /dev/mapper/vg_6c7ff8b53124baa86b5b789cd93274e1-brick_1efe0ff4cfe3c3f3de8cf3606926239f /var/lib/heketi/mounts/vg_6c7ff8b53124baa86b5b789cd93274e1/brick_1efe0ff4cfe3c3f3de8cf3606926239f'
Result: 
[sshexec] DEBUG 2017/04/27 02:02:45 /src/github.com/heketi/heketi/pkg/utils/ssh/ssh.go:176: Host: 192.168.48.17:22 Command: /bin/bash -c 'mkdir /var/lib/heketi/mounts/vg_6c7ff8b53124baa86b5b789cd93274e1/brick_1efe0ff4cfe3c3f3de8cf3606926239f/brick'
Result: 
[sshexec] DEBUG 2017/04/27 02:02:45 /src/github.com/heketi/heketi/pkg/utils/ssh/ssh.go:176: Host: 192.168.48.17:22 Command: /bin/bash -c 'chown :2000 /var/lib/heketi/mounts/vg_6c7ff8b53124baa86b5b789cd93274e1/brick_1efe0ff4cfe3c3f3de8cf3606926239f/brick'
Result: 
[sshexec] DEBUG 2017/04/27 02:02:45 /src/github.com/heketi/heketi/pkg/utils/ssh/ssh.go:176: Host: 192.168.48.17:22 Command: /bin/bash -c 'chmod 2775 /var/lib/heketi/mounts/vg_6c7ff8b53124baa86b5b789cd93274e1/brick_1efe0ff4cfe3c3f3de8cf3606926239f/brick'
Result: 
[sshexec] INFO 2017/04/27 02:02:45 Creating volume vol_d93f73b654e510ba9ff947f0a4a69607 replica 3
[sshexec] ERROR 2017/04/27 02:02:45 /src/github.com/heketi/heketi/pkg/utils/ssh/ssh.go:173: Failed to run command [/bin/bash -c 'gluster --mode=script volume create vol_d93f73b654e510ba9ff947f0a4a69607 replica 3 192.168.48.12:/var/lib/heketi/mounts/vg_403cca7edce115dc1c641acc2f5f11fb/brick_c8e588c0ab31418a55c9904716b0715f/brick 192.168.48.17:/var/lib/heketi/mounts/vg_6c7ff8b53124baa86b5b789cd93274e1/brick_1efe0ff4cfe3c3f3de8cf3606926239f/brick 192.168.48.14:/var/lib/heketi/mounts/vg_d72d3bd802d4e511a80ce2f16181289d/brick_9ad27a08b698b56469699fb0cc47f1e2/brick '] on 192.168.48.12:22: Err[Process exited with: 1. Reason was:  ()]: Stdout []: Stderr [volume create: vol_d93f73b654e510ba9ff947f0a4a69607: failed: Host 192.168.48.14 not connected
]
[negroni] Started GET /queue/738a46efc915017903e450abdcd680fe
[negroni] Completed 200 OK in 208.088µs
[sshexec] ERROR 2017/04/27 02:02:45 /src/github.com/heketi/heketi/pkg/utils/ssh/ssh.go:173: Failed to run command [/bin/bash -c 'gluster --mode=script volume stop vol_d93f73b654e510ba9ff947f0a4a69607 force'] on 192.168.48.12:22: Err[Process exited with: 1. Reason was:  ()]: Stdout []: Stderr [volume stop: vol_d93f73b654e510ba9ff947f0a4a69607: failed: Volume vol_d93f73b654e510ba9ff947f0a4a69607 does not exist
]
[sshexec] ERROR 2017/04/27 02:02:45 /src/github.com/heketi/heketi/executors/sshexec/volume.go:130: Unable to stop volume vol_d93f73b654e510ba9ff947f0a4a69607: volume stop: vol_d93f73b654e510ba9ff947f0a4a69607: failed: Volume vol_d93f73b654e510ba9ff947f0a4a69607 does not exist
[sshexec] ERROR 2017/04/27 02:02:46 /src/github.com/heketi/heketi/pkg/utils/ssh/ssh.go:173: Failed to run command [/bin/bash -c 'gluster --mode=script volume delete vol_d93f73b654e510ba9ff947f0a4a69607'] on 192.168.48.12:22: Err[Process exited with: 1. Reason was:  ()]: Stdout []: Stderr [volume delete: vol_d93f73b654e510ba9ff947f0a4a69607: failed: Volume vol_d93f73b654e510ba9ff947f0a4a69607 does not exist
]
[sshexec] ERROR 2017/04/27 02:02:46 /src/github.com/heketi/heketi/executors/sshexec/volume.go:139: Unable to delete volume vol_d93f73b654e510ba9ff947f0a4a69607: volume delete: vol_d93f73b654e510ba9ff947f0a4a69607: failed: Volume vol_d93f73b654e510ba9ff947f0a4a69607 does not exist
[heketi] INFO 2017/04/27 02:02:46 Deleting brick c8e588c0ab31418a55c9904716b0715f
[heketi] INFO 2017/04/27 02:02:46 Deleting brick 9ad27a08b698b56469699fb0cc47f1e2
[heketi] INFO 2017/04/27 02:02:46 Deleting brick 1efe0ff4cfe3c3f3de8cf3606926239f
[sshexec] DEBUG 2017/04/27 02:02:46 /src/github.com/heketi/heketi/pkg/utils/ssh/ssh.go:176: Host: 192.168.48.12:22 Command: /bin/bash -c 'umount /var/lib/heketi/mounts/vg_403cca7edce115dc1c641acc2f5f11fb/brick_c8e588c0ab31418a55c9904716b0715f'
Result: 
[sshexec] DEBUG 2017/04/27 02:02:46 /src/github.com/heketi/heketi/pkg/utils/ssh/ssh.go:176: Host: 192.168.48.17:22 Command: /bin/bash -c 'umount /var/lib/heketi/mounts/vg_6c7ff8b53124baa86b5b789cd93274e1/brick_1efe0ff4cfe3c3f3de8cf3606926239f'
Result: 
[sshexec] DEBUG 2017/04/27 02:02:46 /src/github.com/heketi/heketi/pkg/utils/ssh/ssh.go:176: Host: 192.168.48.14:22 Command: /bin/bash -c 'umount /var/lib/heketi/mounts/vg_d72d3bd802d4e511a80ce2f16181289d/brick_9ad27a08b698b56469699fb0cc47f1e2'
Result: 
[negroni] Started GET /queue/738a46efc915017903e450abdcd680fe
[negroni] Completed 200 OK in 63.748µs
[sshexec] DEBUG 2017/04/27 02:02:47 /src/github.com/heketi/heketi/pkg/utils/ssh/ssh.go:176: Host: 192.168.48.17:22 Command: /bin/bash -c 'lvremove -f vg_6c7ff8b53124baa86b5b789cd93274e1/tp_1efe0ff4cfe3c3f3de8cf3606926239f'
Result:   Logical volume "brick_1efe0ff4cfe3c3f3de8cf3606926239f" successfully removed
  Logical volume "tp_1efe0ff4cfe3c3f3de8cf3606926239f" successfully removed
[sshexec] DEBUG 2017/04/27 02:02:47 /src/github.com/heketi/heketi/pkg/utils/ssh/ssh.go:176: Host: 192.168.48.12:22 Command: /bin/bash -c 'lvremove -f vg_403cca7edce115dc1c641acc2f5f11fb/tp_c8e588c0ab31418a55c9904716b0715f'
Result:   Logical volume "brick_c8e588c0ab31418a55c9904716b0715f" successfully removed
  Logical volume "tp_c8e588c0ab31418a55c9904716b0715f" successfully removed
[sshexec] DEBUG 2017/04/27 02:02:47 /src/github.com/heketi/heketi/pkg/utils/ssh/ssh.go:176: Host: 192.168.48.14:22 Command: /bin/bash -c 'lvremove -f vg_d72d3bd802d4e511a80ce2f16181289d/tp_9ad27a08b698b56469699fb0cc47f1e2'
Result:   Logical volume "brick_9ad27a08b698b56469699fb0cc47f1e2" successfully removed
  Logical volume "tp_9ad27a08b698b56469699fb0cc47f1e2" successfully removed
[sshexec] DEBUG 2017/04/27 02:02:47 /src/github.com/heketi/heketi/pkg/utils/ssh/ssh.go:176: Host: 192.168.48.14:22 Command: /bin/bash -c 'rmdir /var/lib/heketi/mounts/vg_d72d3bd802d4e511a80ce2f16181289d/brick_9ad27a08b698b56469699fb0cc47f1e2'
Result: 
[sshexec] DEBUG 2017/04/27 02:02:47 /src/github.com/heketi/heketi/pkg/utils/ssh/ssh.go:176: Host: 192.168.48.12:22 Command: /bin/bash -c 'rmdir /var/lib/heketi/mounts/vg_403cca7edce115dc1c641acc2f5f11fb/brick_c8e588c0ab31418a55c9904716b0715f'
Result: 
[sshexec] DEBUG 2017/04/27 02:02:47 /src/github.com/heketi/heketi/pkg/utils/ssh/ssh.go:176: Host: 192.168.48.17:22 Command: /bin/bash -c 'rmdir /var/lib/heketi/mounts/vg_6c7ff8b53124baa86b5b789cd93274e1/brick_1efe0ff4cfe3c3f3de8cf3606926239f'
Result: 
[sshexec] DEBUG 2017/04/27 02:02:47 /src/github.com/heketi/heketi/pkg/utils/ssh/ssh.go:176: Host: 192.168.48.14:22 Command: /bin/bash -c 'sed -i.save "/brick_9ad27a08b698b56469699fb0cc47f1e2/d" /etc/fstab'
Result: 
[sshexec] DEBUG 2017/04/27 02:02:47 /src/github.com/heketi/heketi/pkg/utils/ssh/ssh.go:176: Host: 192.168.48.12:22 Command: /bin/bash -c 'sed -i.save "/brick_c8e588c0ab31418a55c9904716b0715f/d" /etc/fstab'
Result: 
[sshexec] DEBUG 2017/04/27 02:02:47 /src/github.com/heketi/heketi/pkg/utils/ssh/ssh.go:176: Host: 192.168.48.17:22 Command: /bin/bash -c 'sed -i.save "/brick_1efe0ff4cfe3c3f3de8cf3606926239f/d" /etc/fstab'
Result: 
[asynchttp] INFO 2017/04/27 02:02:47 Completed job 738a46efc915017903e450abdcd680fe in 3.850907647s
[heketi] ERROR 2017/04/27 02:02:47 /src/github.com/heketi/heketi/apps/glusterfs/app_volume.go:148: Failed to create volume: volume create: vol_d93f73b654e510ba9ff947f0a4a69607: failed: Host 192.168.48.14 not connected
[negroni] Started GET /queue/738a46efc915017903e450abdcd680fe
[negroni] Completed 500 Internal Server Error in 108.723µs
[negroni] Started POST /volumes
[negroni] Completed 202 Accepted in 10.022514ms
[asynchttp] INFO 2017/04/27 02:02:58 Started job c31cbd9974fc1d0731dfef0a3b4eab7a
[heketi] INFO 2017/04/27 02:02:58 Creating volume cc995d841d85c91fe2a59f5b3dfe0d7e
[heketi] INFO 2017/04/27 02:02:58 brick_num: 0
[negroni] Started GET /queue/c31cbd9974fc1d0731dfef0a3b4eab7a
[negroni] Completed 200 OK in 101.969µs
[heketi] INFO 2017/04/27 02:02:58 Creating brick 2ee650a6a0e5a0bfd21506a85a232f15
[heketi] INFO 2017/04/27 02:02:58 Creating brick 4eb4e30e89eee21d813ddb3faa693b63
[heketi] INFO 2017/04/27 02:02:58 Creating brick 1abf353c19aecd7421707cdb6723b2c6
[sshexec] DEBUG 2017/04/27 02:02:59 /src/github.com/heketi/heketi/pkg/utils/ssh/ssh.go:176: Host: 192.168.48.12:22 Command: /bin/bash -c 'mkdir -p /var/lib/heketi/mounts/vg_403cca7edce115dc1c641acc2f5f11fb/brick_1abf353c19aecd7421707cdb6723b2c6'
Result: 
[sshexec] DEBUG 2017/04/27 02:02:59 /src/github.com/heketi/heketi/pkg/utils/ssh/ssh.go:176: Host: 192.168.48.14:22 Command: /bin/bash -c 'mkdir -p /var/lib/heketi/mounts/vg_d72d3bd802d4e511a80ce2f16181289d/brick_2ee650a6a0e5a0bfd21506a85a232f15'
Result: 
[sshexec] DEBUG 2017/04/27 02:02:59 /src/github.com/heketi/heketi/pkg/utils/ssh/ssh.go:176: Host: 192.168.48.17:22 Command: /bin/bash -c 'mkdir -p /var/lib/heketi/mounts/vg_6c7ff8b53124baa86b5b789cd93274e1/brick_4eb4e30e89eee21d813ddb3faa693b63'
Result: 
[sshexec] DEBUG 2017/04/27 02:02:59 /src/github.com/heketi/heketi/pkg/utils/ssh/ssh.go:176: Host: 192.168.48.14:22 Command: /bin/bash -c 'lvcreate --poolmetadatasize 8192K -c 256K -L 1048576K -T vg_d72d3bd802d4e511a80ce2f16181289d/tp_2ee650a6a0e5a0bfd21506a85a232f15 -V 1048576K -n brick_2ee650a6a0e5a0bfd21506a85a232f15'
Result:   Logical volume "brick_2ee650a6a0e5a0bfd21506a85a232f15" created.
[sshexec] DEBUG 2017/04/27 02:02:59 /src/github.com/heketi/heketi/pkg/utils/ssh/ssh.go:176: Host: 192.168.48.12:22 Command: /bin/bash -c 'lvcreate --poolmetadatasize 8192K -c 256K -L 1048576K -T vg_403cca7edce115dc1c641acc2f5f11fb/tp_1abf353c19aecd7421707cdb6723b2c6 -V 1048576K -n brick_1abf353c19aecd7421707cdb6723b2c6'
Result:   Logical volume "brick_1abf353c19aecd7421707cdb6723b2c6" created.
[sshexec] DEBUG 2017/04/27 02:02:59 /src/github.com/heketi/heketi/pkg/utils/ssh/ssh.go:176: Host: 192.168.48.17:22 Command: /bin/bash -c 'lvcreate --poolmetadatasize 8192K -c 256K -L 1048576K -T vg_6c7ff8b53124baa86b5b789cd93274e1/tp_4eb4e30e89eee21d813ddb3faa693b63 -V 1048576K -n brick_4eb4e30e89eee21d813ddb3faa693b63'
Result:   Logical volume "brick_4eb4e30e89eee21d813ddb3faa693b63" created.
[negroni] Started GET /queue/c31cbd9974fc1d0731dfef0a3b4eab7a
[negroni] Completed 200 OK in 179.486µs
[sshexec] DEBUG 2017/04/27 02:02:59 /src/github.com/heketi/heketi/pkg/utils/ssh/ssh.go:176: Host: 192.168.48.14:22 Command: /bin/bash -c 'mkfs.xfs -i size=512 -n size=8192 /dev/mapper/vg_d72d3bd802d4e511a80ce2f16181289d-brick_2ee650a6a0e5a0bfd21506a85a232f15'
Result: meta-data=/dev/mapper/vg_d72d3bd802d4e511a80ce2f16181289d-brick_2ee650a6a0e5a0bfd21506a85a232f15 isize=512    agcount=8, agsize=32704 blks
         =                       sectsz=512   attr=2, projid32bit=1
         =                       crc=1        finobt=1, sparse=0
data     =                       bsize=4096   blocks=261632, imaxpct=25
         =                       sunit=64     swidth=64 blks
naming   =version 2              bsize=8192   ascii-ci=0 ftype=1
log      =internal log           bsize=4096   blocks=1728, version=2
         =                       sectsz=512   sunit=64 blks, lazy-count=1
realtime =none                   extsz=4096   blocks=0, rtextents=0
[sshexec] DEBUG 2017/04/27 02:02:59 /src/github.com/heketi/heketi/pkg/utils/ssh/ssh.go:176: Host: 192.168.48.14:22 Command: /bin/bash -c 'echo "/dev/mapper/vg_d72d3bd802d4e511a80ce2f16181289d-brick_2ee650a6a0e5a0bfd21506a85a232f15 /var/lib/heketi/mounts/vg_d72d3bd802d4e511a80ce2f16181289d/brick_2ee650a6a0e5a0bfd21506a85a232f15 xfs rw,inode64,noatime,nouuid 1 2" | tee -a /etc/fstab > /dev/null '
Result: 
[sshexec] DEBUG 2017/04/27 02:02:59 /src/github.com/heketi/heketi/pkg/utils/ssh/ssh.go:176: Host: 192.168.48.12:22 Command: /bin/bash -c 'mkfs.xfs -i size=512 -n size=8192 /dev/mapper/vg_403cca7edce115dc1c641acc2f5f11fb-brick_1abf353c19aecd7421707cdb6723b2c6'
Result: meta-data=/dev/mapper/vg_403cca7edce115dc1c641acc2f5f11fb-brick_1abf353c19aecd7421707cdb6723b2c6 isize=512    agcount=8, agsize=32704 blks
         =                       sectsz=4096  attr=2, projid32bit=1
         =                       crc=1        finobt=1, sparse=0
data     =                       bsize=4096   blocks=261632, imaxpct=25
         =                       sunit=64     swidth=64 blks
naming   =version 2              bsize=8192   ascii-ci=0 ftype=1
log      =internal log           bsize=4096   blocks=576, version=2
         =                       sectsz=4096  sunit=1 blks, lazy-count=1
realtime =none                   extsz=4096   blocks=0, rtextents=0
[sshexec] DEBUG 2017/04/27 02:02:59 /src/github.com/heketi/heketi/pkg/utils/ssh/ssh.go:176: Host: 192.168.48.12:22 Command: /bin/bash -c 'echo "/dev/mapper/vg_403cca7edce115dc1c641acc2f5f11fb-brick_1abf353c19aecd7421707cdb6723b2c6 /var/lib/heketi/mounts/vg_403cca7edce115dc1c641acc2f5f11fb/brick_1abf353c19aecd7421707cdb6723b2c6 xfs rw,inode64,noatime,nouuid 1 2" | tee -a /etc/fstab > /dev/null '
Result: 
[sshexec] DEBUG 2017/04/27 02:02:59 /src/github.com/heketi/heketi/pkg/utils/ssh/ssh.go:176: Host: 192.168.48.17:22 Command: /bin/bash -c 'mkfs.xfs -i size=512 -n size=8192 /dev/mapper/vg_6c7ff8b53124baa86b5b789cd93274e1-brick_4eb4e30e89eee21d813ddb3faa693b63'
Result: meta-data=/dev/mapper/vg_6c7ff8b53124baa86b5b789cd93274e1-brick_4eb4e30e89eee21d813ddb3faa693b63 isize=512    agcount=8, agsize=32704 blks
         =                       sectsz=512   attr=2, projid32bit=1
         =                       crc=1        finobt=1, sparse=0
data     =                       bsize=4096   blocks=261632, imaxpct=25
         =                       sunit=64     swidth=64 blks
naming   =version 2              bsize=8192   ascii-ci=0 ftype=1
log      =internal log           bsize=4096   blocks=1728, version=2
         =                       sectsz=512   sunit=64 blks, lazy-count=1
realtime =none                   extsz=4096   blocks=0, rtextents=0
[sshexec] DEBUG 2017/04/27 02:02:59 /src/github.com/heketi/heketi/pkg/utils/ssh/ssh.go:176: Host: 192.168.48.17:22 Command: /bin/bash -c 'echo "/dev/mapper/vg_6c7ff8b53124baa86b5b789cd93274e1-brick_4eb4e30e89eee21d813ddb3faa693b63 /var/lib/heketi/mounts/vg_6c7ff8b53124baa86b5b789cd93274e1/brick_4eb4e30e89eee21d813ddb3faa693b63 xfs rw,inode64,noatime,nouuid 1 2" | tee -a /etc/fstab > /dev/null '
Result: 
[sshexec] DEBUG 2017/04/27 02:02:59 /src/github.com/heketi/heketi/pkg/utils/ssh/ssh.go:176: Host: 192.168.48.12:22 Command: /bin/bash -c 'mount -o rw,inode64,noatime,nouuid /dev/mapper/vg_403cca7edce115dc1c641acc2f5f11fb-brick_1abf353c19aecd7421707cdb6723b2c6 /var/lib/heketi/mounts/vg_403cca7edce115dc1c641acc2f5f11fb/brick_1abf353c19aecd7421707cdb6723b2c6'
Result: 
[sshexec] DEBUG 2017/04/27 02:02:59 /src/github.com/heketi/heketi/pkg/utils/ssh/ssh.go:176: Host: 192.168.48.12:22 Command: /bin/bash -c 'mkdir /var/lib/heketi/mounts/vg_403cca7edce115dc1c641acc2f5f11fb/brick_1abf353c19aecd7421707cdb6723b2c6/brick'
Result: 
[sshexec] DEBUG 2017/04/27 02:02:59 /src/github.com/heketi/heketi/pkg/utils/ssh/ssh.go:176: Host: 192.168.48.12:22 Command: /bin/bash -c 'chown :2000 /var/lib/heketi/mounts/vg_403cca7edce115dc1c641acc2f5f11fb/brick_1abf353c19aecd7421707cdb6723b2c6/brick'
Result: 
[sshexec] DEBUG 2017/04/27 02:02:59 /src/github.com/heketi/heketi/pkg/utils/ssh/ssh.go:176: Host: 192.168.48.12:22 Command: /bin/bash -c 'chmod 2775 /var/lib/heketi/mounts/vg_403cca7edce115dc1c641acc2f5f11fb/brick_1abf353c19aecd7421707cdb6723b2c6/brick'
Result: 
[sshexec] DEBUG 2017/04/27 02:03:00 /src/github.com/heketi/heketi/pkg/utils/ssh/ssh.go:176: Host: 192.168.48.14:22 Command: /bin/bash -c 'mount -o rw,inode64,noatime,nouuid /dev/mapper/vg_d72d3bd802d4e511a80ce2f16181289d-brick_2ee650a6a0e5a0bfd21506a85a232f15 /var/lib/heketi/mounts/vg_d72d3bd802d4e511a80ce2f16181289d/brick_2ee650a6a0e5a0bfd21506a85a232f15'
Result: 
[sshexec] DEBUG 2017/04/27 02:03:00 /src/github.com/heketi/heketi/pkg/utils/ssh/ssh.go:176: Host: 192.168.48.14:22 Command: /bin/bash -c 'mkdir /var/lib/heketi/mounts/vg_d72d3bd802d4e511a80ce2f16181289d/brick_2ee650a6a0e5a0bfd21506a85a232f15/brick'
Result: 
[sshexec] DEBUG 2017/04/27 02:03:00 /src/github.com/heketi/heketi/pkg/utils/ssh/ssh.go:176: Host: 192.168.48.14:22 Command: /bin/bash -c 'chown :2000 /var/lib/heketi/mounts/vg_d72d3bd802d4e511a80ce2f16181289d/brick_2ee650a6a0e5a0bfd21506a85a232f15/brick'
Result: 
[sshexec] DEBUG 2017/04/27 02:03:00 /src/github.com/heketi/heketi/pkg/utils/ssh/ssh.go:176: Host: 192.168.48.14:22 Command: /bin/bash -c 'chmod 2775 /var/lib/heketi/mounts/vg_d72d3bd802d4e511a80ce2f16181289d/brick_2ee650a6a0e5a0bfd21506a85a232f15/brick'
Result: 
[sshexec] DEBUG 2017/04/27 02:03:00 /src/github.com/heketi/heketi/pkg/utils/ssh/ssh.go:176: Host: 192.168.48.17:22 Command: /bin/bash -c 'mount -o rw,inode64,noatime,nouuid /dev/mapper/vg_6c7ff8b53124baa86b5b789cd93274e1-brick_4eb4e30e89eee21d813ddb3faa693b63 /var/lib/heketi/mounts/vg_6c7ff8b53124baa86b5b789cd93274e1/brick_4eb4e30e89eee21d813ddb3faa693b63'
Result: 
[sshexec] DEBUG 2017/04/27 02:03:00 /src/github.com/heketi/heketi/pkg/utils/ssh/ssh.go:176: Host: 192.168.48.17:22 Command: /bin/bash -c 'mkdir /var/lib/heketi/mounts/vg_6c7ff8b53124baa86b5b789cd93274e1/brick_4eb4e30e89eee21d813ddb3faa693b63/brick'
Result: 
[sshexec] DEBUG 2017/04/27 02:03:00 /src/github.com/heketi/heketi/pkg/utils/ssh/ssh.go:176: Host: 192.168.48.17:22 Command: /bin/bash -c 'chown :2000 /var/lib/heketi/mounts/vg_6c7ff8b53124baa86b5b789cd93274e1/brick_4eb4e30e89eee21d813ddb3faa693b63/brick'
Result: 
[sshexec] DEBUG 2017/04/27 02:03:00 /src/github.com/heketi/heketi/pkg/utils/ssh/ssh.go:176: Host: 192.168.48.17:22 Command: /bin/bash -c 'chmod 2775 /var/lib/heketi/mounts/vg_6c7ff8b53124baa86b5b789cd93274e1/brick_4eb4e30e89eee21d813ddb3faa693b63/brick'
Result: 
[sshexec] INFO 2017/04/27 02:03:00 Creating volume vol_cc995d841d85c91fe2a59f5b3dfe0d7e replica 3
[sshexec] ERROR 2017/04/27 02:03:00 /src/github.com/heketi/heketi/pkg/utils/ssh/ssh.go:173: Failed to run command [/bin/bash -c 'gluster --mode=script volume create vol_cc995d841d85c91fe2a59f5b3dfe0d7e replica 3 192.168.48.14:/var/lib/heketi/mounts/vg_d72d3bd802d4e511a80ce2f16181289d/brick_2ee650a6a0e5a0bfd21506a85a232f15/brick 192.168.48.12:/var/lib/heketi/mounts/vg_403cca7edce115dc1c641acc2f5f11fb/brick_1abf353c19aecd7421707cdb6723b2c6/brick 192.168.48.17:/var/lib/heketi/mounts/vg_6c7ff8b53124baa86b5b789cd93274e1/brick_4eb4e30e89eee21d813ddb3faa693b63/brick '] on 192.168.48.14:22: Err[Process exited with: 1. Reason was:  ()]: Stdout []: Stderr [volume create: vol_cc995d841d85c91fe2a59f5b3dfe0d7e: failed: Staging failed on 192.168.48.12. Error: Host 192.168.48.14 not connected
]
[negroni] Started GET /queue/c31cbd9974fc1d0731dfef0a3b4eab7a
[negroni] Completed 200 OK in 82.9µs
[sshexec] ERROR 2017/04/27 02:03:00 /src/github.com/heketi/heketi/pkg/utils/ssh/ssh.go:173: Failed to run command [/bin/bash -c 'gluster --mode=script volume stop vol_cc995d841d85c91fe2a59f5b3dfe0d7e force'] on 192.168.48.14:22: Err[Process exited with: 1. Reason was:  ()]: Stdout []: Stderr [volume stop: vol_cc995d841d85c91fe2a59f5b3dfe0d7e: failed: Volume vol_cc995d841d85c91fe2a59f5b3dfe0d7e does not exist
]
[sshexec] ERROR 2017/04/27 02:03:00 /src/github.com/heketi/heketi/executors/sshexec/volume.go:130: Unable to stop volume vol_cc995d841d85c91fe2a59f5b3dfe0d7e: volume stop: vol_cc995d841d85c91fe2a59f5b3dfe0d7e: failed: Volume vol_cc995d841d85c91fe2a59f5b3dfe0d7e does not exist
[sshexec] ERROR 2017/04/27 02:03:01 /src/github.com/heketi/heketi/pkg/utils/ssh/ssh.go:173: Failed to run command [/bin/bash -c 'gluster --mode=script volume delete vol_cc995d841d85c91fe2a59f5b3dfe0d7e'] on 192.168.48.14:22: Err[Process exited with: 1. Reason was:  ()]: Stdout []: Stderr [volume delete: vol_cc995d841d85c91fe2a59f5b3dfe0d7e: failed: Volume vol_cc995d841d85c91fe2a59f5b3dfe0d7e does not exist
]
[sshexec] ERROR 2017/04/27 02:03:01 /src/github.com/heketi/heketi/executors/sshexec/volume.go:139: Unable to delete volume vol_cc995d841d85c91fe2a59f5b3dfe0d7e: volume delete: vol_cc995d841d85c91fe2a59f5b3dfe0d7e: failed: Volume vol_cc995d841d85c91fe2a59f5b3dfe0d7e does not exist
[heketi] INFO 2017/04/27 02:03:01 Deleting brick 2ee650a6a0e5a0bfd21506a85a232f15
[heketi] INFO 2017/04/27 02:03:01 Deleting brick 4eb4e30e89eee21d813ddb3faa693b63
[heketi] INFO 2017/04/27 02:03:01 Deleting brick 1abf353c19aecd7421707cdb6723b2c6
[sshexec] DEBUG 2017/04/27 02:03:01 /src/github.com/heketi/heketi/pkg/utils/ssh/ssh.go:176: Host: 192.168.48.12:22 Command: /bin/bash -c 'umount /var/lib/heketi/mounts/vg_403cca7edce115dc1c641acc2f5f11fb/brick_1abf353c19aecd7421707cdb6723b2c6'
Result: 
[sshexec] DEBUG 2017/04/27 02:03:01 /src/github.com/heketi/heketi/pkg/utils/ssh/ssh.go:176: Host: 192.168.48.14:22 Command: /bin/bash -c 'umount /var/lib/heketi/mounts/vg_d72d3bd802d4e511a80ce2f16181289d/brick_2ee650a6a0e5a0bfd21506a85a232f15'
Result: 
[sshexec] DEBUG 2017/04/27 02:03:01 /src/github.com/heketi/heketi/pkg/utils/ssh/ssh.go:176: Host: 192.168.48.17:22 Command: /bin/bash -c 'umount /var/lib/heketi/mounts/vg_6c7ff8b53124baa86b5b789cd93274e1/brick_4eb4e30e89eee21d813ddb3faa693b63'
Result: 
[negroni] Started GET /queue/c31cbd9974fc1d0731dfef0a3b4eab7a
[negroni] Completed 200 OK in 60.248µs
[sshexec] DEBUG 2017/04/27 02:03:01 /src/github.com/heketi/heketi/pkg/utils/ssh/ssh.go:176: Host: 192.168.48.12:22 Command: /bin/bash -c 'lvremove -f vg_403cca7edce115dc1c641acc2f5f11fb/tp_1abf353c19aecd7421707cdb6723b2c6'
Result:   Logical volume "brick_1abf353c19aecd7421707cdb6723b2c6" successfully removed
  Logical volume "tp_1abf353c19aecd7421707cdb6723b2c6" successfully removed
[sshexec] DEBUG 2017/04/27 02:03:01 /src/github.com/heketi/heketi/pkg/utils/ssh/ssh.go:176: Host: 192.168.48.14:22 Command: /bin/bash -c 'lvremove -f vg_d72d3bd802d4e511a80ce2f16181289d/tp_2ee650a6a0e5a0bfd21506a85a232f15'
Result:   Logical volume "brick_2ee650a6a0e5a0bfd21506a85a232f15" successfully removed
  Logical volume "tp_2ee650a6a0e5a0bfd21506a85a232f15" successfully removed
[sshexec] DEBUG 2017/04/27 02:03:01 /src/github.com/heketi/heketi/pkg/utils/ssh/ssh.go:176: Host: 192.168.48.17:22 Command: /bin/bash -c 'lvremove -f vg_6c7ff8b53124baa86b5b789cd93274e1/tp_4eb4e30e89eee21d813ddb3faa693b63'
Result:   Logical volume "brick_4eb4e30e89eee21d813ddb3faa693b63" successfully removed
  Logical volume "tp_4eb4e30e89eee21d813ddb3faa693b63" successfully removed
[sshexec] DEBUG 2017/04/27 02:03:02 /src/github.com/heketi/heketi/pkg/utils/ssh/ssh.go:176: Host: 192.168.48.14:22 Command: /bin/bash -c 'rmdir /var/lib/heketi/mounts/vg_d72d3bd802d4e511a80ce2f16181289d/brick_2ee650a6a0e5a0bfd21506a85a232f15'
Result: 
[sshexec] DEBUG 2017/04/27 02:03:02 /src/github.com/heketi/heketi/pkg/utils/ssh/ssh.go:176: Host: 192.168.48.12:22 Command: /bin/bash -c 'rmdir /var/lib/heketi/mounts/vg_403cca7edce115dc1c641acc2f5f11fb/brick_1abf353c19aecd7421707cdb6723b2c6'
Result: 
[sshexec] DEBUG 2017/04/27 02:03:02 /src/github.com/heketi/heketi/pkg/utils/ssh/ssh.go:176: Host: 192.168.48.17:22 Command: /bin/bash -c 'rmdir /var/lib/heketi/mounts/vg_6c7ff8b53124baa86b5b789cd93274e1/brick_4eb4e30e89eee21d813ddb3faa693b63'
Result: 
[sshexec] DEBUG 2017/04/27 02:03:02 /src/github.com/heketi/heketi/pkg/utils/ssh/ssh.go:176: Host: 192.168.48.14:22 Command: /bin/bash -c 'sed -i.save "/brick_2ee650a6a0e5a0bfd21506a85a232f15/d" /etc/fstab'
Result: 
[sshexec] DEBUG 2017/04/27 02:03:02 /src/github.com/heketi/heketi/pkg/utils/ssh/ssh.go:176: Host: 192.168.48.12:22 Command: /bin/bash -c 'sed -i.save "/brick_1abf353c19aecd7421707cdb6723b2c6/d" /etc/fstab'
Result: 
[sshexec] DEBUG 2017/04/27 02:03:02 /src/github.com/heketi/heketi/pkg/utils/ssh/ssh.go:176: Host: 192.168.48.17:22 Command: /bin/bash -c 'sed -i.save "/brick_4eb4e30e89eee21d813ddb3faa693b63/d" /etc/fstab'
Result: 
[heketi] ERROR 2017/04/27 02:03:02 /src/github.com/heketi/heketi/apps/glusterfs/app_volume.go:148: Failed to create volume: volume create: vol_cc995d841d85c91fe2a59f5b3dfe0d7e: failed: Staging failed on 192.168.48.12. Error: Host 192.168.48.14 not connected
[asynchttp] INFO 2017/04/27 02:03:02 Completed job c31cbd9974fc1d0731dfef0a3b4eab7a in 3.705443711s
[negroni] Started GET /queue/c31cbd9974fc1d0731dfef0a3b4eab7a
[negroni] Completed 500 Internal Server Error in 87.281µs
[negroni] Started POST /volumes
[negroni] Completed 202 Accepted in 15.954051ms
[asynchttp] INFO 2017/04/27 02:03:13 Started job bef592b3cc351560962d5c321f4254d4
[heketi] INFO 2017/04/27 02:03:13 Creating volume b826bce9da11c4dcdefea59234ea91c1
[heketi] INFO 2017/04/27 02:03:13 brick_num: 0
[negroni] Started GET /queue/bef592b3cc351560962d5c321f4254d4
[negroni] Completed 200 OK in 400.086µs
[heketi] INFO 2017/04/27 02:03:13 Creating brick 578bd2e3bd315636b7997df641b73ab8
[heketi] INFO 2017/04/27 02:03:13 Creating brick 0b18dd9d6145a04a2899b0cf2e1c45e7
[heketi] INFO 2017/04/27 02:03:13 Creating brick 37be0245c348dccd6904633eea5cb84f
[sshexec] DEBUG 2017/04/27 02:03:13 /src/github.com/heketi/heketi/pkg/utils/ssh/ssh.go:176: Host: 192.168.48.12:22 Command: /bin/bash -c 'mkdir -p /var/lib/heketi/mounts/vg_403cca7edce115dc1c641acc2f5f11fb/brick_0b18dd9d6145a04a2899b0cf2e1c45e7'
Result: 
[sshexec] DEBUG 2017/04/27 02:03:14 /src/github.com/heketi/heketi/pkg/utils/ssh/ssh.go:176: Host: 192.168.48.14:22 Command: /bin/bash -c 'mkdir -p /var/lib/heketi/mounts/vg_d72d3bd802d4e511a80ce2f16181289d/brick_578bd2e3bd315636b7997df641b73ab8'
Result: 
[sshexec] DEBUG 2017/04/27 02:03:14 /src/github.com/heketi/heketi/pkg/utils/ssh/ssh.go:176: Host: 192.168.48.17:22 Command: /bin/bash -c 'mkdir -p /var/lib/heketi/mounts/vg_6c7ff8b53124baa86b5b789cd93274e1/brick_37be0245c348dccd6904633eea5cb84f'
Result: 
[sshexec] DEBUG 2017/04/27 02:03:14 /src/github.com/heketi/heketi/pkg/utils/ssh/ssh.go:176: Host: 192.168.48.12:22 Command: /bin/bash -c 'lvcreate --poolmetadatasize 8192K -c 256K -L 1048576K -T vg_403cca7edce115dc1c641acc2f5f11fb/tp_0b18dd9d6145a04a2899b0cf2e1c45e7 -V 1048576K -n brick_0b18dd9d6145a04a2899b0cf2e1c45e7'
Result:   Logical volume "brick_0b18dd9d6145a04a2899b0cf2e1c45e7" created.
[sshexec] DEBUG 2017/04/27 02:03:14 /src/github.com/heketi/heketi/pkg/utils/ssh/ssh.go:176: Host: 192.168.48.17:22 Command: /bin/bash -c 'lvcreate --poolmetadatasize 8192K -c 256K -L 1048576K -T vg_6c7ff8b53124baa86b5b789cd93274e1/tp_37be0245c348dccd6904633eea5cb84f -V 1048576K -n brick_37be0245c348dccd6904633eea5cb84f'
Result:   Logical volume "brick_37be0245c348dccd6904633eea5cb84f" created.
[sshexec] DEBUG 2017/04/27 02:03:14 /src/github.com/heketi/heketi/pkg/utils/ssh/ssh.go:176: Host: 192.168.48.12:22 Command: /bin/bash -c 'mkfs.xfs -i size=512 -n size=8192 /dev/mapper/vg_403cca7edce115dc1c641acc2f5f11fb-brick_0b18dd9d6145a04a2899b0cf2e1c45e7'
Result: meta-data=/dev/mapper/vg_403cca7edce115dc1c641acc2f5f11fb-brick_0b18dd9d6145a04a2899b0cf2e1c45e7 isize=512    agcount=8, agsize=32704 blks
         =                       sectsz=4096  attr=2, projid32bit=1
         =                       crc=1        finobt=1, sparse=0
data     =                       bsize=4096   blocks=261632, imaxpct=25
         =                       sunit=64     swidth=64 blks
naming   =version 2              bsize=8192   ascii-ci=0 ftype=1
log      =internal log           bsize=4096   blocks=576, version=2
         =                       sectsz=4096  sunit=1 blks, lazy-count=1
realtime =none                   extsz=4096   blocks=0, rtextents=0
[sshexec] DEBUG 2017/04/27 02:03:14 /src/github.com/heketi/heketi/pkg/utils/ssh/ssh.go:176: Host: 192.168.48.12:22 Command: /bin/bash -c 'echo "/dev/mapper/vg_403cca7edce115dc1c641acc2f5f11fb-brick_0b18dd9d6145a04a2899b0cf2e1c45e7 /var/lib/heketi/mounts/vg_403cca7edce115dc1c641acc2f5f11fb/brick_0b18dd9d6145a04a2899b0cf2e1c45e7 xfs rw,inode64,noatime,nouuid 1 2" | tee -a /etc/fstab > /dev/null '
Result: 
[sshexec] DEBUG 2017/04/27 02:03:14 /src/github.com/heketi/heketi/pkg/utils/ssh/ssh.go:176: Host: 192.168.48.14:22 Command: /bin/bash -c 'lvcreate --poolmetadatasize 8192K -c 256K -L 1048576K -T vg_d72d3bd802d4e511a80ce2f16181289d/tp_578bd2e3bd315636b7997df641b73ab8 -V 1048576K -n brick_578bd2e3bd315636b7997df641b73ab8'
Result:   Logical volume "brick_578bd2e3bd315636b7997df641b73ab8" created.
[sshexec] DEBUG 2017/04/27 02:03:14 /src/github.com/heketi/heketi/pkg/utils/ssh/ssh.go:176: Host: 192.168.48.12:22 Command: /bin/bash -c 'mount -o rw,inode64,noatime,nouuid /dev/mapper/vg_403cca7edce115dc1c641acc2f5f11fb-brick_0b18dd9d6145a04a2899b0cf2e1c45e7 /var/lib/heketi/mounts/vg_403cca7edce115dc1c641acc2f5f11fb/brick_0b18dd9d6145a04a2899b0cf2e1c45e7'
Result: 
[sshexec] DEBUG 2017/04/27 02:03:14 /src/github.com/heketi/heketi/pkg/utils/ssh/ssh.go:176: Host: 192.168.48.12:22 Command: /bin/bash -c 'mkdir /var/lib/heketi/mounts/vg_403cca7edce115dc1c641acc2f5f11fb/brick_0b18dd9d6145a04a2899b0cf2e1c45e7/brick'
Result: 
[sshexec] DEBUG 2017/04/27 02:03:14 /src/github.com/heketi/heketi/pkg/utils/ssh/ssh.go:176: Host: 192.168.48.12:22 Command: /bin/bash -c 'chown :2000 /var/lib/heketi/mounts/vg_403cca7edce115dc1c641acc2f5f11fb/brick_0b18dd9d6145a04a2899b0cf2e1c45e7/brick'
Result: 
[sshexec] DEBUG 2017/04/27 02:03:14 /src/github.com/heketi/heketi/pkg/utils/ssh/ssh.go:176: Host: 192.168.48.12:22 Command: /bin/bash -c 'chmod 2775 /var/lib/heketi/mounts/vg_403cca7edce115dc1c641acc2f5f11fb/brick_0b18dd9d6145a04a2899b0cf2e1c45e7/brick'
Result: 
[sshexec] DEBUG 2017/04/27 02:03:14 /src/github.com/heketi/heketi/pkg/utils/ssh/ssh.go:176: Host: 192.168.48.17:22 Command: /bin/bash -c 'mkfs.xfs -i size=512 -n size=8192 /dev/mapper/vg_6c7ff8b53124baa86b5b789cd93274e1-brick_37be0245c348dccd6904633eea5cb84f'
Result: meta-data=/dev/mapper/vg_6c7ff8b53124baa86b5b789cd93274e1-brick_37be0245c348dccd6904633eea5cb84f isize=512    agcount=8, agsize=32704 blks
         =                       sectsz=512   attr=2, projid32bit=1
         =                       crc=1        finobt=1, sparse=0
data     =                       bsize=4096   blocks=261632, imaxpct=25
         =                       sunit=64     swidth=64 blks
naming   =version 2              bsize=8192   ascii-ci=0 ftype=1
log      =internal log           bsize=4096   blocks=1728, version=2
         =                       sectsz=512   sunit=64 blks, lazy-count=1
realtime =none                   extsz=4096   blocks=0, rtextents=0
[sshexec] DEBUG 2017/04/27 02:03:14 /src/github.com/heketi/heketi/pkg/utils/ssh/ssh.go:176: Host: 192.168.48.17:22 Command: /bin/bash -c 'echo "/dev/mapper/vg_6c7ff8b53124baa86b5b789cd93274e1-brick_37be0245c348dccd6904633eea5cb84f /var/lib/heketi/mounts/vg_6c7ff8b53124baa86b5b789cd93274e1/brick_37be0245c348dccd6904633eea5cb84f xfs rw,inode64,noatime,nouuid 1 2" | tee -a /etc/fstab > /dev/null '
Result: 
[negroni] Started GET /queue/bef592b3cc351560962d5c321f4254d4
[negroni] Completed 200 OK in 101.923µs
[sshexec] DEBUG 2017/04/27 02:03:14 /src/github.com/heketi/heketi/pkg/utils/ssh/ssh.go:176: Host: 192.168.48.14:22 Command: /bin/bash -c 'mkfs.xfs -i size=512 -n size=8192 /dev/mapper/vg_d72d3bd802d4e511a80ce2f16181289d-brick_578bd2e3bd315636b7997df641b73ab8'
Result: meta-data=/dev/mapper/vg_d72d3bd802d4e511a80ce2f16181289d-brick_578bd2e3bd315636b7997df641b73ab8 isize=512    agcount=8, agsize=32704 blks
         =                       sectsz=512   attr=2, projid32bit=1
         =                       crc=1        finobt=1, sparse=0
data     =                       bsize=4096   blocks=261632, imaxpct=25
         =                       sunit=64     swidth=64 blks
naming   =version 2              bsize=8192   ascii-ci=0 ftype=1
log      =internal log           bsize=4096   blocks=1728, version=2
         =                       sectsz=512   sunit=64 blks, lazy-count=1
realtime =none                   extsz=4096   blocks=0, rtextents=0
[sshexec] DEBUG 2017/04/27 02:03:14 /src/github.com/heketi/heketi/pkg/utils/ssh/ssh.go:176: Host: 192.168.48.14:22 Command: /bin/bash -c 'echo "/dev/mapper/vg_d72d3bd802d4e511a80ce2f16181289d-brick_578bd2e3bd315636b7997df641b73ab8 /var/lib/heketi/mounts/vg_d72d3bd802d4e511a80ce2f16181289d/brick_578bd2e3bd315636b7997df641b73ab8 xfs rw,inode64,noatime,nouuid 1 2" | tee -a /etc/fstab > /dev/null '
Result: 
[sshexec] DEBUG 2017/04/27 02:03:15 /src/github.com/heketi/heketi/pkg/utils/ssh/ssh.go:176: Host: 192.168.48.17:22 Command: /bin/bash -c 'mount -o rw,inode64,noatime,nouuid /dev/mapper/vg_6c7ff8b53124baa86b5b789cd93274e1-brick_37be0245c348dccd6904633eea5cb84f /var/lib/heketi/mounts/vg_6c7ff8b53124baa86b5b789cd93274e1/brick_37be0245c348dccd6904633eea5cb84f'
Result: 
[sshexec] DEBUG 2017/04/27 02:03:15 /src/github.com/heketi/heketi/pkg/utils/ssh/ssh.go:176: Host: 192.168.48.17:22 Command: /bin/bash -c 'mkdir /var/lib/heketi/mounts/vg_6c7ff8b53124baa86b5b789cd93274e1/brick_37be0245c348dccd6904633eea5cb84f/brick'
Result: 
[sshexec] DEBUG 2017/04/27 02:03:15 /src/github.com/heketi/heketi/pkg/utils/ssh/ssh.go:176: Host: 192.168.48.17:22 Command: /bin/bash -c 'chown :2000 /var/lib/heketi/mounts/vg_6c7ff8b53124baa86b5b789cd93274e1/brick_37be0245c348dccd6904633eea5cb84f/brick'
Result: 
[sshexec] DEBUG 2017/04/27 02:03:15 /src/github.com/heketi/heketi/pkg/utils/ssh/ssh.go:176: Host: 192.168.48.17:22 Command: /bin/bash -c 'chmod 2775 /var/lib/heketi/mounts/vg_6c7ff8b53124baa86b5b789cd93274e1/brick_37be0245c348dccd6904633eea5cb84f/brick'
Result: 
[sshexec] DEBUG 2017/04/27 02:03:15 /src/github.com/heketi/heketi/pkg/utils/ssh/ssh.go:176: Host: 192.168.48.14:22 Command: /bin/bash -c 'mount -o rw,inode64,noatime,nouuid /dev/mapper/vg_d72d3bd802d4e511a80ce2f16181289d-brick_578bd2e3bd315636b7997df641b73ab8 /var/lib/heketi/mounts/vg_d72d3bd802d4e511a80ce2f16181289d/brick_578bd2e3bd315636b7997df641b73ab8'
Result: 
[sshexec] DEBUG 2017/04/27 02:03:15 /src/github.com/heketi/heketi/pkg/utils/ssh/ssh.go:176: Host: 192.168.48.14:22 Command: /bin/bash -c 'mkdir /var/lib/heketi/mounts/vg_d72d3bd802d4e511a80ce2f16181289d/brick_578bd2e3bd315636b7997df641b73ab8/brick'
Result: 
[sshexec] DEBUG 2017/04/27 02:03:15 /src/github.com/heketi/heketi/pkg/utils/ssh/ssh.go:176: Host: 192.168.48.14:22 Command: /bin/bash -c 'chown :2000 /var/lib/heketi/mounts/vg_d72d3bd802d4e511a80ce2f16181289d/brick_578bd2e3bd315636b7997df641b73ab8/brick'
Result: 
[sshexec] DEBUG 2017/04/27 02:03:15 /src/github.com/heketi/heketi/pkg/utils/ssh/ssh.go:176: Host: 192.168.48.14:22 Command: /bin/bash -c 'chmod 2775 /var/lib/heketi/mounts/vg_d72d3bd802d4e511a80ce2f16181289d/brick_578bd2e3bd315636b7997df641b73ab8/brick'
Result: 
[sshexec] INFO 2017/04/27 02:03:15 Creating volume vol_b826bce9da11c4dcdefea59234ea91c1 replica 3
[sshexec] ERROR 2017/04/27 02:03:15 /src/github.com/heketi/heketi/pkg/utils/ssh/ssh.go:173: Failed to run command [/bin/bash -c 'gluster --mode=script volume create vol_b826bce9da11c4dcdefea59234ea91c1 replica 3 192.168.48.14:/var/lib/heketi/mounts/vg_d72d3bd802d4e511a80ce2f16181289d/brick_578bd2e3bd315636b7997df641b73ab8/brick 192.168.48.12:/var/lib/heketi/mounts/vg_403cca7edce115dc1c641acc2f5f11fb/brick_0b18dd9d6145a04a2899b0cf2e1c45e7/brick 192.168.48.17:/var/lib/heketi/mounts/vg_6c7ff8b53124baa86b5b789cd93274e1/brick_37be0245c348dccd6904633eea5cb84f/brick '] on 192.168.48.14:22: Err[Process exited with: 1. Reason was:  ()]: Stdout []: Stderr [volume create: vol_b826bce9da11c4dcdefea59234ea91c1: failed: Staging failed on 192.168.48.12. Error: Host 192.168.48.14 not connected
]
[negroni] Started GET /queue/bef592b3cc351560962d5c321f4254d4
[negroni] Completed 200 OK in 127.882µs
[sshexec] ERROR 2017/04/27 02:03:15 /src/github.com/heketi/heketi/pkg/utils/ssh/ssh.go:173: Failed to run command [/bin/bash -c 'gluster --mode=script volume stop vol_b826bce9da11c4dcdefea59234ea91c1 force'] on 192.168.48.14:22: Err[Process exited with: 1. Reason was:  ()]: Stdout []: Stderr [volume stop: vol_b826bce9da11c4dcdefea59234ea91c1: failed: Volume vol_b826bce9da11c4dcdefea59234ea91c1 does not exist
]
[sshexec] ERROR 2017/04/27 02:03:15 /src/github.com/heketi/heketi/executors/sshexec/volume.go:130: Unable to stop volume vol_b826bce9da11c4dcdefea59234ea91c1: volume stop: vol_b826bce9da11c4dcdefea59234ea91c1: failed: Volume vol_b826bce9da11c4dcdefea59234ea91c1 does not exist
[sshexec] ERROR 2017/04/27 02:03:16 /src/github.com/heketi/heketi/pkg/utils/ssh/ssh.go:173: Failed to run command [/bin/bash -c 'gluster --mode=script volume delete vol_b826bce9da11c4dcdefea59234ea91c1'] on 192.168.48.14:22: Err[Process exited with: 1. Reason was:  ()]: Stdout []: Stderr [volume delete: vol_b826bce9da11c4dcdefea59234ea91c1: failed: Volume vol_b826bce9da11c4dcdefea59234ea91c1 does not exist
]
[sshexec] ERROR 2017/04/27 02:03:16 /src/github.com/heketi/heketi/executors/sshexec/volume.go:139: Unable to delete volume vol_b826bce9da11c4dcdefea59234ea91c1: volume delete: vol_b826bce9da11c4dcdefea59234ea91c1: failed: Volume vol_b826bce9da11c4dcdefea59234ea91c1 does not exist
[heketi] INFO 2017/04/27 02:03:16 Deleting brick 578bd2e3bd315636b7997df641b73ab8
[heketi] INFO 2017/04/27 02:03:16 Deleting brick 37be0245c348dccd6904633eea5cb84f
[heketi] INFO 2017/04/27 02:03:16 Deleting brick 0b18dd9d6145a04a2899b0cf2e1c45e7
[sshexec] DEBUG 2017/04/27 02:03:16 /src/github.com/heketi/heketi/pkg/utils/ssh/ssh.go:176: Host: 192.168.48.14:22 Command: /bin/bash -c 'umount /var/lib/heketi/mounts/vg_d72d3bd802d4e511a80ce2f16181289d/brick_578bd2e3bd315636b7997df641b73ab8'
Result: 
[sshexec] DEBUG 2017/04/27 02:03:16 /src/github.com/heketi/heketi/pkg/utils/ssh/ssh.go:176: Host: 192.168.48.12:22 Command: /bin/bash -c 'umount /var/lib/heketi/mounts/vg_403cca7edce115dc1c641acc2f5f11fb/brick_0b18dd9d6145a04a2899b0cf2e1c45e7'
Result: 
[sshexec] DEBUG 2017/04/27 02:03:16 /src/github.com/heketi/heketi/pkg/utils/ssh/ssh.go:176: Host: 192.168.48.17:22 Command: /bin/bash -c 'umount /var/lib/heketi/mounts/vg_6c7ff8b53124baa86b5b789cd93274e1/brick_37be0245c348dccd6904633eea5cb84f'
Result: 
[negroni] Started GET /queue/bef592b3cc351560962d5c321f4254d4
[negroni] Completed 200 OK in 63.231µs
[sshexec] DEBUG 2017/04/27 02:03:17 /src/github.com/heketi/heketi/pkg/utils/ssh/ssh.go:176: Host: 192.168.48.14:22 Command: /bin/bash -c 'lvremove -f vg_d72d3bd802d4e511a80ce2f16181289d/tp_578bd2e3bd315636b7997df641b73ab8'
Result:   Logical volume "brick_578bd2e3bd315636b7997df641b73ab8" successfully removed
  Logical volume "tp_578bd2e3bd315636b7997df641b73ab8" successfully removed
[sshexec] DEBUG 2017/04/27 02:03:17 /src/github.com/heketi/heketi/pkg/utils/ssh/ssh.go:176: Host: 192.168.48.17:22 Command: /bin/bash -c 'lvremove -f vg_6c7ff8b53124baa86b5b789cd93274e1/tp_37be0245c348dccd6904633eea5cb84f'
Result:   Logical volume "brick_37be0245c348dccd6904633eea5cb84f" successfully removed
  Logical volume "tp_37be0245c348dccd6904633eea5cb84f" successfully removed
[sshexec] DEBUG 2017/04/27 02:03:17 /src/github.com/heketi/heketi/pkg/utils/ssh/ssh.go:176: Host: 192.168.48.12:22 Command: /bin/bash -c 'lvremove -f vg_403cca7edce115dc1c641acc2f5f11fb/tp_0b18dd9d6145a04a2899b0cf2e1c45e7'
Result:   Logical volume "brick_0b18dd9d6145a04a2899b0cf2e1c45e7" successfully removed
  Logical volume "tp_0b18dd9d6145a04a2899b0cf2e1c45e7" successfully removed
[sshexec] DEBUG 2017/04/27 02:03:17 /src/github.com/heketi/heketi/pkg/utils/ssh/ssh.go:176: Host: 192.168.48.14:22 Command: /bin/bash -c 'rmdir /var/lib/heketi/mounts/vg_d72d3bd802d4e511a80ce2f16181289d/brick_578bd2e3bd315636b7997df641b73ab8'
Result: 
[sshexec] DEBUG 2017/04/27 02:03:17 /src/github.com/heketi/heketi/pkg/utils/ssh/ssh.go:176: Host: 192.168.48.17:22 Command: /bin/bash -c 'rmdir /var/lib/heketi/mounts/vg_6c7ff8b53124baa86b5b789cd93274e1/brick_37be0245c348dccd6904633eea5cb84f'
Result: 
[sshexec] DEBUG 2017/04/27 02:03:17 /src/github.com/heketi/heketi/pkg/utils/ssh/ssh.go:176: Host: 192.168.48.14:22 Command: /bin/bash -c 'sed -i.save "/brick_578bd2e3bd315636b7997df641b73ab8/d" /etc/fstab'
Result: 
[sshexec] DEBUG 2017/04/27 02:03:17 /src/github.com/heketi/heketi/pkg/utils/ssh/ssh.go:176: Host: 192.168.48.12:22 Command: /bin/bash -c 'rmdir /var/lib/heketi/mounts/vg_403cca7edce115dc1c641acc2f5f11fb/brick_0b18dd9d6145a04a2899b0cf2e1c45e7'
Result: 
[sshexec] DEBUG 2017/04/27 02:03:17 /src/github.com/heketi/heketi/pkg/utils/ssh/ssh.go:176: Host: 192.168.48.17:22 Command: /bin/bash -c 'sed -i.save "/brick_37be0245c348dccd6904633eea5cb84f/d" /etc/fstab'
Result: 
[sshexec] DEBUG 2017/04/27 02:03:17 /src/github.com/heketi/heketi/pkg/utils/ssh/ssh.go:176: Host: 192.168.48.12:22 Command: /bin/bash -c 'sed -i.save "/brick_0b18dd9d6145a04a2899b0cf2e1c45e7/d" /etc/fstab'
Result: 
[negroni] Started GET /queue/bef592b3cc351560962d5c321f4254d4
[negroni] Completed 200 OK in 91.672µs
[asynchttp] INFO 2017/04/27 02:03:17 Completed job bef592b3cc351560962d5c321f4254d4 in 4.065896267s
[heketi] ERROR 2017/04/27 02:03:17 /src/github.com/heketi/heketi/apps/glusterfs/app_volume.go:148: Failed to create volume: volume create: vol_b826bce9da11c4dcdefea59234ea91c1: failed: Staging failed on 192.168.48.12. Error: Host 192.168.48.14 not connected
[negroni] Started GET /queue/bef592b3cc351560962d5c321f4254d4
[negroni] Completed 500 Internal Server Error in 252.623µs
[negroni] Started POST /volumes
[negroni] Completed 202 Accepted in 8.843802ms
[asynchttp] INFO 2017/04/27 02:03:28 Started job 04bbd2a1cf6189750479895777ade73a
[heketi] INFO 2017/04/27 02:03:28 Creating volume 21e79ae182e89cc0cb524c8d7cfde825
[heketi] INFO 2017/04/27 02:03:28 brick_num: 0
[negroni] Started GET /queue/04bbd2a1cf6189750479895777ade73a
[negroni] Completed 200 OK in 386.219µs
[heketi] INFO 2017/04/27 02:03:28 Creating brick e43d7ddc9f7605d0d3e57ff8121ee097
[heketi] INFO 2017/04/27 02:03:28 Creating brick 985f7c1729fc501b934379bffe5ec5e4
[heketi] INFO 2017/04/27 02:03:28 Creating brick 35e1dbdb895d1884710838d6212aa7ef
[sshexec] DEBUG 2017/04/27 02:03:29 /src/github.com/heketi/heketi/pkg/utils/ssh/ssh.go:176: Host: 192.168.48.12:22 Command: /bin/bash -c 'mkdir -p /var/lib/heketi/mounts/vg_403cca7edce115dc1c641acc2f5f11fb/brick_e43d7ddc9f7605d0d3e57ff8121ee097'
Result: 
[sshexec] DEBUG 2017/04/27 02:03:29 /src/github.com/heketi/heketi/pkg/utils/ssh/ssh.go:176: Host: 192.168.48.14:22 Command: /bin/bash -c 'mkdir -p /var/lib/heketi/mounts/vg_d72d3bd802d4e511a80ce2f16181289d/brick_35e1dbdb895d1884710838d6212aa7ef'
Result: 
[sshexec] DEBUG 2017/04/27 02:03:29 /src/github.com/heketi/heketi/pkg/utils/ssh/ssh.go:176: Host: 192.168.48.17:22 Command: /bin/bash -c 'mkdir -p /var/lib/heketi/mounts/vg_6c7ff8b53124baa86b5b789cd93274e1/brick_985f7c1729fc501b934379bffe5ec5e4'
Result: 
[sshexec] DEBUG 2017/04/27 02:03:29 /src/github.com/heketi/heketi/pkg/utils/ssh/ssh.go:176: Host: 192.168.48.14:22 Command: /bin/bash -c 'lvcreate --poolmetadatasize 8192K -c 256K -L 1048576K -T vg_d72d3bd802d4e511a80ce2f16181289d/tp_35e1dbdb895d1884710838d6212aa7ef -V 1048576K -n brick_35e1dbdb895d1884710838d6212aa7ef'
Result:   Logical volume "brick_35e1dbdb895d1884710838d6212aa7ef" created.
[sshexec] DEBUG 2017/04/27 02:03:29 /src/github.com/heketi/heketi/pkg/utils/ssh/ssh.go:176: Host: 192.168.48.17:22 Command: /bin/bash -c 'lvcreate --poolmetadatasize 8192K -c 256K -L 1048576K -T vg_6c7ff8b53124baa86b5b789cd93274e1/tp_985f7c1729fc501b934379bffe5ec5e4 -V 1048576K -n brick_985f7c1729fc501b934379bffe5ec5e4'
Result:   Logical volume "brick_985f7c1729fc501b934379bffe5ec5e4" created.
[sshexec] DEBUG 2017/04/27 02:03:29 /src/github.com/heketi/heketi/pkg/utils/ssh/ssh.go:176: Host: 192.168.48.12:22 Command: /bin/bash -c 'lvcreate --poolmetadatasize 8192K -c 256K -L 1048576K -T vg_403cca7edce115dc1c641acc2f5f11fb/tp_e43d7ddc9f7605d0d3e57ff8121ee097 -V 1048576K -n brick_e43d7ddc9f7605d0d3e57ff8121ee097'
Result:   Logical volume "brick_e43d7ddc9f7605d0d3e57ff8121ee097" created.
[sshexec] DEBUG 2017/04/27 02:03:29 /src/github.com/heketi/heketi/pkg/utils/ssh/ssh.go:176: Host: 192.168.48.14:22 Command: /bin/bash -c 'mkfs.xfs -i size=512 -n size=8192 /dev/mapper/vg_d72d3bd802d4e511a80ce2f16181289d-brick_35e1dbdb895d1884710838d6212aa7ef'
Result: meta-data=/dev/mapper/vg_d72d3bd802d4e511a80ce2f16181289d-brick_35e1dbdb895d1884710838d6212aa7ef isize=512    agcount=8, agsize=32704 blks
         =                       sectsz=512   attr=2, projid32bit=1
         =                       crc=1        finobt=1, sparse=0
data     =                       bsize=4096   blocks=261632, imaxpct=25
         =                       sunit=64     swidth=64 blks
naming   =version 2              bsize=8192   ascii-ci=0 ftype=1
log      =internal log           bsize=4096   blocks=1728, version=2
         =                       sectsz=512   sunit=64 blks, lazy-count=1
realtime =none                   extsz=4096   blocks=0, rtextents=0
[sshexec] DEBUG 2017/04/27 02:03:29 /src/github.com/heketi/heketi/pkg/utils/ssh/ssh.go:176: Host: 192.168.48.14:22 Command: /bin/bash -c 'echo "/dev/mapper/vg_d72d3bd802d4e511a80ce2f16181289d-brick_35e1dbdb895d1884710838d6212aa7ef /var/lib/heketi/mounts/vg_d72d3bd802d4e511a80ce2f16181289d/brick_35e1dbdb895d1884710838d6212aa7ef xfs rw,inode64,noatime,nouuid 1 2" | tee -a /etc/fstab > /dev/null '
Result: 
[negroni] Started GET /queue/04bbd2a1cf6189750479895777ade73a
[negroni] Completed 200 OK in 65.892µs
[sshexec] DEBUG 2017/04/27 02:03:29 /src/github.com/heketi/heketi/pkg/utils/ssh/ssh.go:176: Host: 192.168.48.12:22 Command: /bin/bash -c 'mkfs.xfs -i size=512 -n size=8192 /dev/mapper/vg_403cca7edce115dc1c641acc2f5f11fb-brick_e43d7ddc9f7605d0d3e57ff8121ee097'
Result: meta-data=/dev/mapper/vg_403cca7edce115dc1c641acc2f5f11fb-brick_e43d7ddc9f7605d0d3e57ff8121ee097 isize=512    agcount=8, agsize=32704 blks
         =                       sectsz=4096  attr=2, projid32bit=1
         =                       crc=1        finobt=1, sparse=0
data     =                       bsize=4096   blocks=261632, imaxpct=25
         =                       sunit=64     swidth=64 blks
naming   =version 2              bsize=8192   ascii-ci=0 ftype=1
log      =internal log           bsize=4096   blocks=576, version=2
         =                       sectsz=4096  sunit=1 blks, lazy-count=1
realtime =none                   extsz=4096   blocks=0, rtextents=0
[sshexec] DEBUG 2017/04/27 02:03:29 /src/github.com/heketi/heketi/pkg/utils/ssh/ssh.go:176: Host: 192.168.48.12:22 Command: /bin/bash -c 'echo "/dev/mapper/vg_403cca7edce115dc1c641acc2f5f11fb-brick_e43d7ddc9f7605d0d3e57ff8121ee097 /var/lib/heketi/mounts/vg_403cca7edce115dc1c641acc2f5f11fb/brick_e43d7ddc9f7605d0d3e57ff8121ee097 xfs rw,inode64,noatime,nouuid 1 2" | tee -a /etc/fstab > /dev/null '
Result: 
[sshexec] DEBUG 2017/04/27 02:03:29 /src/github.com/heketi/heketi/pkg/utils/ssh/ssh.go:176: Host: 192.168.48.17:22 Command: /bin/bash -c 'mkfs.xfs -i size=512 -n size=8192 /dev/mapper/vg_6c7ff8b53124baa86b5b789cd93274e1-brick_985f7c1729fc501b934379bffe5ec5e4'
Result: meta-data=/dev/mapper/vg_6c7ff8b53124baa86b5b789cd93274e1-brick_985f7c1729fc501b934379bffe5ec5e4 isize=512    agcount=8, agsize=32704 blks
         =                       sectsz=512   attr=2, projid32bit=1
         =                       crc=1        finobt=1, sparse=0
data     =                       bsize=4096   blocks=261632, imaxpct=25
         =                       sunit=64     swidth=64 blks
naming   =version 2              bsize=8192   ascii-ci=0 ftype=1
log      =internal log           bsize=4096   blocks=1728, version=2
         =                       sectsz=512   sunit=64 blks, lazy-count=1
realtime =none                   extsz=4096   blocks=0, rtextents=0
[sshexec] DEBUG 2017/04/27 02:03:29 /src/github.com/heketi/heketi/pkg/utils/ssh/ssh.go:176: Host: 192.168.48.17:22 Command: /bin/bash -c 'echo "/dev/mapper/vg_6c7ff8b53124baa86b5b789cd93274e1-brick_985f7c1729fc501b934379bffe5ec5e4 /var/lib/heketi/mounts/vg_6c7ff8b53124baa86b5b789cd93274e1/brick_985f7c1729fc501b934379bffe5ec5e4 xfs rw,inode64,noatime,nouuid 1 2" | tee -a /etc/fstab > /dev/null '
Result: 
[sshexec] DEBUG 2017/04/27 02:03:29 /src/github.com/heketi/heketi/pkg/utils/ssh/ssh.go:176: Host: 192.168.48.12:22 Command: /bin/bash -c 'mount -o rw,inode64,noatime,nouuid /dev/mapper/vg_403cca7edce115dc1c641acc2f5f11fb-brick_e43d7ddc9f7605d0d3e57ff8121ee097 /var/lib/heketi/mounts/vg_403cca7edce115dc1c641acc2f5f11fb/brick_e43d7ddc9f7605d0d3e57ff8121ee097'
Result: 
[sshexec] DEBUG 2017/04/27 02:03:29 /src/github.com/heketi/heketi/pkg/utils/ssh/ssh.go:176: Host: 192.168.48.12:22 Command: /bin/bash -c 'mkdir /var/lib/heketi/mounts/vg_403cca7edce115dc1c641acc2f5f11fb/brick_e43d7ddc9f7605d0d3e57ff8121ee097/brick'
Result: 
[sshexec] DEBUG 2017/04/27 02:03:29 /src/github.com/heketi/heketi/pkg/utils/ssh/ssh.go:176: Host: 192.168.48.12:22 Command: /bin/bash -c 'chown :2000 /var/lib/heketi/mounts/vg_403cca7edce115dc1c641acc2f5f11fb/brick_e43d7ddc9f7605d0d3e57ff8121ee097/brick'
Result: 
[sshexec] DEBUG 2017/04/27 02:03:29 /src/github.com/heketi/heketi/pkg/utils/ssh/ssh.go:176: Host: 192.168.48.12:22 Command: /bin/bash -c 'chmod 2775 /var/lib/heketi/mounts/vg_403cca7edce115dc1c641acc2f5f11fb/brick_e43d7ddc9f7605d0d3e57ff8121ee097/brick'
Result: 
[sshexec] DEBUG 2017/04/27 02:03:30 /src/github.com/heketi/heketi/pkg/utils/ssh/ssh.go:176: Host: 192.168.48.14:22 Command: /bin/bash -c 'mount -o rw,inode64,noatime,nouuid /dev/mapper/vg_d72d3bd802d4e511a80ce2f16181289d-brick_35e1dbdb895d1884710838d6212aa7ef /var/lib/heketi/mounts/vg_d72d3bd802d4e511a80ce2f16181289d/brick_35e1dbdb895d1884710838d6212aa7ef'
Result: 
[sshexec] DEBUG 2017/04/27 02:03:30 /src/github.com/heketi/heketi/pkg/utils/ssh/ssh.go:176: Host: 192.168.48.14:22 Command: /bin/bash -c 'mkdir /var/lib/heketi/mounts/vg_d72d3bd802d4e511a80ce2f16181289d/brick_35e1dbdb895d1884710838d6212aa7ef/brick'
Result: 
[sshexec] DEBUG 2017/04/27 02:03:30 /src/github.com/heketi/heketi/pkg/utils/ssh/ssh.go:176: Host: 192.168.48.14:22 Command: /bin/bash -c 'chown :2000 /var/lib/heketi/mounts/vg_d72d3bd802d4e511a80ce2f16181289d/brick_35e1dbdb895d1884710838d6212aa7ef/brick'
Result: 
[sshexec] DEBUG 2017/04/27 02:03:30 /src/github.com/heketi/heketi/pkg/utils/ssh/ssh.go:176: Host: 192.168.48.14:22 Command: /bin/bash -c 'chmod 2775 /var/lib/heketi/mounts/vg_d72d3bd802d4e511a80ce2f16181289d/brick_35e1dbdb895d1884710838d6212aa7ef/brick'
Result: 
[sshexec] DEBUG 2017/04/27 02:03:30 /src/github.com/heketi/heketi/pkg/utils/ssh/ssh.go:176: Host: 192.168.48.17:22 Command: /bin/bash -c 'mount -o rw,inode64,noatime,nouuid /dev/mapper/vg_6c7ff8b53124baa86b5b789cd93274e1-brick_985f7c1729fc501b934379bffe5ec5e4 /var/lib/heketi/mounts/vg_6c7ff8b53124baa86b5b789cd93274e1/brick_985f7c1729fc501b934379bffe5ec5e4'
Result: 
[sshexec] DEBUG 2017/04/27 02:03:30 /src/github.com/heketi/heketi/pkg/utils/ssh/ssh.go:176: Host: 192.168.48.17:22 Command: /bin/bash -c 'mkdir /var/lib/heketi/mounts/vg_6c7ff8b53124baa86b5b789cd93274e1/brick_985f7c1729fc501b934379bffe5ec5e4/brick'
Result: 
[sshexec] DEBUG 2017/04/27 02:03:30 /src/github.com/heketi/heketi/pkg/utils/ssh/ssh.go:176: Host: 192.168.48.17:22 Command: /bin/bash -c 'chown :2000 /var/lib/heketi/mounts/vg_6c7ff8b53124baa86b5b789cd93274e1/brick_985f7c1729fc501b934379bffe5ec5e4/brick'
Result: 
[sshexec] DEBUG 2017/04/27 02:03:30 /src/github.com/heketi/heketi/pkg/utils/ssh/ssh.go:176: Host: 192.168.48.17:22 Command: /bin/bash -c 'chmod 2775 /var/lib/heketi/mounts/vg_6c7ff8b53124baa86b5b789cd93274e1/brick_985f7c1729fc501b934379bffe5ec5e4/brick'
Result: 
[sshexec] INFO 2017/04/27 02:03:30 Creating volume vol_21e79ae182e89cc0cb524c8d7cfde825 replica 3
[sshexec] ERROR 2017/04/27 02:03:30 /src/github.com/heketi/heketi/pkg/utils/ssh/ssh.go:173: Failed to run command [/bin/bash -c 'gluster --mode=script volume create vol_21e79ae182e89cc0cb524c8d7cfde825 replica 3 192.168.48.12:/var/lib/heketi/mounts/vg_403cca7edce115dc1c641acc2f5f11fb/brick_e43d7ddc9f7605d0d3e57ff8121ee097/brick 192.168.48.17:/var/lib/heketi/mounts/vg_6c7ff8b53124baa86b5b789cd93274e1/brick_985f7c1729fc501b934379bffe5ec5e4/brick 192.168.48.14:/var/lib/heketi/mounts/vg_d72d3bd802d4e511a80ce2f16181289d/brick_35e1dbdb895d1884710838d6212aa7ef/brick '] on 192.168.48.12:22: Err[Process exited with: 1. Reason was:  ()]: Stdout []: Stderr [volume create: vol_21e79ae182e89cc0cb524c8d7cfde825: failed: Host 192.168.48.14 not connected
]
[negroni] Started GET /queue/04bbd2a1cf6189750479895777ade73a
[negroni] Completed 200 OK in 86.337µs
[sshexec] ERROR 2017/04/27 02:03:30 /src/github.com/heketi/heketi/pkg/utils/ssh/ssh.go:173: Failed to run command [/bin/bash -c 'gluster --mode=script volume stop vol_21e79ae182e89cc0cb524c8d7cfde825 force'] on 192.168.48.12:22: Err[Process exited with: 1. Reason was:  ()]: Stdout []: Stderr [volume stop: vol_21e79ae182e89cc0cb524c8d7cfde825: failed: Volume vol_21e79ae182e89cc0cb524c8d7cfde825 does not exist
]
[sshexec] ERROR 2017/04/27 02:03:30 /src/github.com/heketi/heketi/executors/sshexec/volume.go:130: Unable to stop volume vol_21e79ae182e89cc0cb524c8d7cfde825: volume stop: vol_21e79ae182e89cc0cb524c8d7cfde825: failed: Volume vol_21e79ae182e89cc0cb524c8d7cfde825 does not exist
[heketi] INFO 2017/04/27 02:03:31 Deleting brick e43d7ddc9f7605d0d3e57ff8121ee097
[sshexec] ERROR 2017/04/27 02:03:31 /src/github.com/heketi/heketi/pkg/utils/ssh/ssh.go:173: Failed to run command [/bin/bash -c 'gluster --mode=script volume delete vol_21e79ae182e89cc0cb524c8d7cfde825'] on 192.168.48.12:22: Err[Process exited with: 1. Reason was:  ()]: Stdout []: Stderr [volume delete: vol_21e79ae182e89cc0cb524c8d7cfde825: failed: Volume vol_21e79ae182e89cc0cb524c8d7cfde825 does not exist
]
[sshexec] ERROR 2017/04/27 02:03:31 /src/github.com/heketi/heketi/executors/sshexec/volume.go:139: Unable to delete volume vol_21e79ae182e89cc0cb524c8d7cfde825: volume delete: vol_21e79ae182e89cc0cb524c8d7cfde825: failed: Volume vol_21e79ae182e89cc0cb524c8d7cfde825 does not exist
[heketi] INFO 2017/04/27 02:03:31 Deleting brick 35e1dbdb895d1884710838d6212aa7ef
[heketi] INFO 2017/04/27 02:03:31 Deleting brick 985f7c1729fc501b934379bffe5ec5e4
[sshexec] DEBUG 2017/04/27 02:03:31 /src/github.com/heketi/heketi/pkg/utils/ssh/ssh.go:176: Host: 192.168.48.12:22 Command: /bin/bash -c 'umount /var/lib/heketi/mounts/vg_403cca7edce115dc1c641acc2f5f11fb/brick_e43d7ddc9f7605d0d3e57ff8121ee097'
Result: 
[sshexec] DEBUG 2017/04/27 02:03:31 /src/github.com/heketi/heketi/pkg/utils/ssh/ssh.go:176: Host: 192.168.48.14:22 Command: /bin/bash -c 'umount /var/lib/heketi/mounts/vg_d72d3bd802d4e511a80ce2f16181289d/brick_35e1dbdb895d1884710838d6212aa7ef'
Result: 
[sshexec] DEBUG 2017/04/27 02:03:31 /src/github.com/heketi/heketi/pkg/utils/ssh/ssh.go:176: Host: 192.168.48.17:22 Command: /bin/bash -c 'umount /var/lib/heketi/mounts/vg_6c7ff8b53124baa86b5b789cd93274e1/brick_985f7c1729fc501b934379bffe5ec5e4'
Result: 
[negroni] Started GET /queue/04bbd2a1cf6189750479895777ade73a
[negroni] Completed 200 OK in 70.429µs
[sshexec] DEBUG 2017/04/27 02:03:31 /src/github.com/heketi/heketi/pkg/utils/ssh/ssh.go:176: Host: 192.168.48.14:22 Command: /bin/bash -c 'lvremove -f vg_d72d3bd802d4e511a80ce2f16181289d/tp_35e1dbdb895d1884710838d6212aa7ef'
Result:   Logical volume "brick_35e1dbdb895d1884710838d6212aa7ef" successfully removed
  Logical volume "tp_35e1dbdb895d1884710838d6212aa7ef" successfully removed
[sshexec] DEBUG 2017/04/27 02:03:31 /src/github.com/heketi/heketi/pkg/utils/ssh/ssh.go:176: Host: 192.168.48.17:22 Command: /bin/bash -c 'lvremove -f vg_6c7ff8b53124baa86b5b789cd93274e1/tp_985f7c1729fc501b934379bffe5ec5e4'
Result:   Logical volume "brick_985f7c1729fc501b934379bffe5ec5e4" successfully removed
  Logical volume "tp_985f7c1729fc501b934379bffe5ec5e4" successfully removed
[sshexec] DEBUG 2017/04/27 02:03:31 /src/github.com/heketi/heketi/pkg/utils/ssh/ssh.go:176: Host: 192.168.48.12:22 Command: /bin/bash -c 'lvremove -f vg_403cca7edce115dc1c641acc2f5f11fb/tp_e43d7ddc9f7605d0d3e57ff8121ee097'
Result:   Logical volume "brick_e43d7ddc9f7605d0d3e57ff8121ee097" successfully removed
  Logical volume "tp_e43d7ddc9f7605d0d3e57ff8121ee097" successfully removed
[sshexec] DEBUG 2017/04/27 02:03:32 /src/github.com/heketi/heketi/pkg/utils/ssh/ssh.go:176: Host: 192.168.48.14:22 Command: /bin/bash -c 'rmdir /var/lib/heketi/mounts/vg_d72d3bd802d4e511a80ce2f16181289d/brick_35e1dbdb895d1884710838d6212aa7ef'
Result: 
[sshexec] DEBUG 2017/04/27 02:03:32 /src/github.com/heketi/heketi/pkg/utils/ssh/ssh.go:176: Host: 192.168.48.17:22 Command: /bin/bash -c 'rmdir /var/lib/heketi/mounts/vg_6c7ff8b53124baa86b5b789cd93274e1/brick_985f7c1729fc501b934379bffe5ec5e4'
Result: 
[sshexec] DEBUG 2017/04/27 02:03:32 /src/github.com/heketi/heketi/pkg/utils/ssh/ssh.go:176: Host: 192.168.48.12:22 Command: /bin/bash -c 'rmdir /var/lib/heketi/mounts/vg_403cca7edce115dc1c641acc2f5f11fb/brick_e43d7ddc9f7605d0d3e57ff8121ee097'
Result: 
[sshexec] DEBUG 2017/04/27 02:03:32 /src/github.com/heketi/heketi/pkg/utils/ssh/ssh.go:176: Host: 192.168.48.14:22 Command: /bin/bash -c 'sed -i.save "/brick_35e1dbdb895d1884710838d6212aa7ef/d" /etc/fstab'
Result: 
[sshexec] DEBUG 2017/04/27 02:03:32 /src/github.com/heketi/heketi/pkg/utils/ssh/ssh.go:176: Host: 192.168.48.12:22 Command: /bin/bash -c 'sed -i.save "/brick_e43d7ddc9f7605d0d3e57ff8121ee097/d" /etc/fstab'
Result: 
[sshexec] DEBUG 2017/04/27 02:03:32 /src/github.com/heketi/heketi/pkg/utils/ssh/ssh.go:176: Host: 192.168.48.17:22 Command: /bin/bash -c 'sed -i.save "/brick_985f7c1729fc501b934379bffe5ec5e4/d" /etc/fstab'
Result: 
[heketi] ERROR 2017/04/27 02:03:32 /src/github.com/heketi/heketi/apps/glusterfs/app_volume.go:148: Failed to create volume: volume create: vol_21e79ae182e89cc0cb524c8d7cfde825: failed: Host 192.168.48.14 not connected
[asynchttp] INFO 2017/04/27 02:03:32 Completed job 04bbd2a1cf6189750479895777ade73a in 3.612664496s
[negroni] Started GET /queue/04bbd2a1cf6189750479895777ade73a
[negroni] Completed 500 Internal Server Error in 78.992µs
[negroni] Started POST /volumes
[negroni] Completed 202 Accepted in 10.753366ms
[asynchttp] INFO 2017/04/27 02:03:43 Started job 0cebde265533cd5f0fddd6ad70d71f41
[heketi] INFO 2017/04/27 02:03:43 Creating volume 7ae3b01391ee984868560e6ed6a9929d
[heketi] INFO 2017/04/27 02:03:43 brick_num: 0
[negroni] Started GET /queue/0cebde265533cd5f0fddd6ad70d71f41
[negroni] Completed 200 OK in 55.612µs
[heketi] INFO 2017/04/27 02:03:43 Creating brick 5405acaac20ec6547abe3772a78e9ff5
[heketi] INFO 2017/04/27 02:03:43 Creating brick d615223ec9e0b388990e2e8aa819d0a5
[heketi] INFO 2017/04/27 02:03:43 Creating brick 0820eb903fc52c7a04206c436efe9f20
[sshexec] DEBUG 2017/04/27 02:03:44 /src/github.com/heketi/heketi/pkg/utils/ssh/ssh.go:176: Host: 192.168.48.12:22 Command: /bin/bash -c 'mkdir -p /var/lib/heketi/mounts/vg_403cca7edce115dc1c641acc2f5f11fb/brick_5405acaac20ec6547abe3772a78e9ff5'
Result: 
[sshexec] DEBUG 2017/04/27 02:03:44 /src/github.com/heketi/heketi/pkg/utils/ssh/ssh.go:176: Host: 192.168.48.14:22 Command: /bin/bash -c 'mkdir -p /var/lib/heketi/mounts/vg_d72d3bd802d4e511a80ce2f16181289d/brick_0820eb903fc52c7a04206c436efe9f20'
Result: 
[sshexec] DEBUG 2017/04/27 02:03:44 /src/github.com/heketi/heketi/pkg/utils/ssh/ssh.go:176: Host: 192.168.48.17:22 Command: /bin/bash -c 'mkdir -p /var/lib/heketi/mounts/vg_6c7ff8b53124baa86b5b789cd93274e1/brick_d615223ec9e0b388990e2e8aa819d0a5'
Result: 
[sshexec] DEBUG 2017/04/27 02:03:44 /src/github.com/heketi/heketi/pkg/utils/ssh/ssh.go:176: Host: 192.168.48.17:22 Command: /bin/bash -c 'lvcreate --poolmetadatasize 8192K -c 256K -L 1048576K -T vg_6c7ff8b53124baa86b5b789cd93274e1/tp_d615223ec9e0b388990e2e8aa819d0a5 -V 1048576K -n brick_d615223ec9e0b388990e2e8aa819d0a5'
Result:   Logical volume "brick_d615223ec9e0b388990e2e8aa819d0a5" created.
[sshexec] DEBUG 2017/04/27 02:03:44 /src/github.com/heketi/heketi/pkg/utils/ssh/ssh.go:176: Host: 192.168.48.12:22 Command: /bin/bash -c 'lvcreate --poolmetadatasize 8192K -c 256K -L 1048576K -T vg_403cca7edce115dc1c641acc2f5f11fb/tp_5405acaac20ec6547abe3772a78e9ff5 -V 1048576K -n brick_5405acaac20ec6547abe3772a78e9ff5'
Result:   Logical volume "brick_5405acaac20ec6547abe3772a78e9ff5" created.
[sshexec] DEBUG 2017/04/27 02:03:44 /src/github.com/heketi/heketi/pkg/utils/ssh/ssh.go:176: Host: 192.168.48.14:22 Command: /bin/bash -c 'lvcreate --poolmetadatasize 8192K -c 256K -L 1048576K -T vg_d72d3bd802d4e511a80ce2f16181289d/tp_0820eb903fc52c7a04206c436efe9f20 -V 1048576K -n brick_0820eb903fc52c7a04206c436efe9f20'
Result:   Logical volume "brick_0820eb903fc52c7a04206c436efe9f20" created.
[negroni] Started GET /queue/0cebde265533cd5f0fddd6ad70d71f41
[negroni] Completed 200 OK in 51.722µs
[sshexec] DEBUG 2017/04/27 02:03:44 /src/github.com/heketi/heketi/pkg/utils/ssh/ssh.go:176: Host: 192.168.48.12:22 Command: /bin/bash -c 'mkfs.xfs -i size=512 -n size=8192 /dev/mapper/vg_403cca7edce115dc1c641acc2f5f11fb-brick_5405acaac20ec6547abe3772a78e9ff5'
Result: meta-data=/dev/mapper/vg_403cca7edce115dc1c641acc2f5f11fb-brick_5405acaac20ec6547abe3772a78e9ff5 isize=512    agcount=8, agsize=32704 blks
         =                       sectsz=4096  attr=2, projid32bit=1
         =                       crc=1        finobt=1, sparse=0
data     =                       bsize=4096   blocks=261632, imaxpct=25
         =                       sunit=64     swidth=64 blks
naming   =version 2              bsize=8192   ascii-ci=0 ftype=1
log      =internal log           bsize=4096   blocks=576, version=2
         =                       sectsz=4096  sunit=1 blks, lazy-count=1
realtime =none                   extsz=4096   blocks=0, rtextents=0
[sshexec] DEBUG 2017/04/27 02:03:44 /src/github.com/heketi/heketi/pkg/utils/ssh/ssh.go:176: Host: 192.168.48.12:22 Command: /bin/bash -c 'echo "/dev/mapper/vg_403cca7edce115dc1c641acc2f5f11fb-brick_5405acaac20ec6547abe3772a78e9ff5 /var/lib/heketi/mounts/vg_403cca7edce115dc1c641acc2f5f11fb/brick_5405acaac20ec6547abe3772a78e9ff5 xfs rw,inode64,noatime,nouuid 1 2" | tee -a /etc/fstab > /dev/null '
Result: 
[sshexec] DEBUG 2017/04/27 02:03:44 /src/github.com/heketi/heketi/pkg/utils/ssh/ssh.go:176: Host: 192.168.48.17:22 Command: /bin/bash -c 'mkfs.xfs -i size=512 -n size=8192 /dev/mapper/vg_6c7ff8b53124baa86b5b789cd93274e1-brick_d615223ec9e0b388990e2e8aa819d0a5'
Result: meta-data=/dev/mapper/vg_6c7ff8b53124baa86b5b789cd93274e1-brick_d615223ec9e0b388990e2e8aa819d0a5 isize=512    agcount=8, agsize=32704 blks
         =                       sectsz=512   attr=2, projid32bit=1
         =                       crc=1        finobt=1, sparse=0
data     =                       bsize=4096   blocks=261632, imaxpct=25
         =                       sunit=64     swidth=64 blks
naming   =version 2              bsize=8192   ascii-ci=0 ftype=1
log      =internal log           bsize=4096   blocks=1728, version=2
         =                       sectsz=512   sunit=64 blks, lazy-count=1
realtime =none                   extsz=4096   blocks=0, rtextents=0
[sshexec] DEBUG 2017/04/27 02:03:44 /src/github.com/heketi/heketi/pkg/utils/ssh/ssh.go:176: Host: 192.168.48.12:22 Command: /bin/bash -c 'mount -o rw,inode64,noatime,nouuid /dev/mapper/vg_403cca7edce115dc1c641acc2f5f11fb-brick_5405acaac20ec6547abe3772a78e9ff5 /var/lib/heketi/mounts/vg_403cca7edce115dc1c641acc2f5f11fb/brick_5405acaac20ec6547abe3772a78e9ff5'
Result: 
[sshexec] DEBUG 2017/04/27 02:03:44 /src/github.com/heketi/heketi/pkg/utils/ssh/ssh.go:176: Host: 192.168.48.17:22 Command: /bin/bash -c 'echo "/dev/mapper/vg_6c7ff8b53124baa86b5b789cd93274e1-brick_d615223ec9e0b388990e2e8aa819d0a5 /var/lib/heketi/mounts/vg_6c7ff8b53124baa86b5b789cd93274e1/brick_d615223ec9e0b388990e2e8aa819d0a5 xfs rw,inode64,noatime,nouuid 1 2" | tee -a /etc/fstab > /dev/null '
Result: 
[sshexec] DEBUG 2017/04/27 02:03:44 /src/github.com/heketi/heketi/pkg/utils/ssh/ssh.go:176: Host: 192.168.48.12:22 Command: /bin/bash -c 'mkdir /var/lib/heketi/mounts/vg_403cca7edce115dc1c641acc2f5f11fb/brick_5405acaac20ec6547abe3772a78e9ff5/brick'
Result: 
[sshexec] DEBUG 2017/04/27 02:03:44 /src/github.com/heketi/heketi/pkg/utils/ssh/ssh.go:176: Host: 192.168.48.12:22 Command: /bin/bash -c 'chown :2000 /var/lib/heketi/mounts/vg_403cca7edce115dc1c641acc2f5f11fb/brick_5405acaac20ec6547abe3772a78e9ff5/brick'
Result: 
[sshexec] DEBUG 2017/04/27 02:03:44 /src/github.com/heketi/heketi/pkg/utils/ssh/ssh.go:176: Host: 192.168.48.12:22 Command: /bin/bash -c 'chmod 2775 /var/lib/heketi/mounts/vg_403cca7edce115dc1c641acc2f5f11fb/brick_5405acaac20ec6547abe3772a78e9ff5/brick'
Result: 
[sshexec] DEBUG 2017/04/27 02:03:44 /src/github.com/heketi/heketi/pkg/utils/ssh/ssh.go:176: Host: 192.168.48.14:22 Command: /bin/bash -c 'mkfs.xfs -i size=512 -n size=8192 /dev/mapper/vg_d72d3bd802d4e511a80ce2f16181289d-brick_0820eb903fc52c7a04206c436efe9f20'
Result: meta-data=/dev/mapper/vg_d72d3bd802d4e511a80ce2f16181289d-brick_0820eb903fc52c7a04206c436efe9f20 isize=512    agcount=8, agsize=32704 blks
         =                       sectsz=512   attr=2, projid32bit=1
         =                       crc=1        finobt=1, sparse=0
data     =                       bsize=4096   blocks=261632, imaxpct=25
         =                       sunit=64     swidth=64 blks
naming   =version 2              bsize=8192   ascii-ci=0 ftype=1
log      =internal log           bsize=4096   blocks=1728, version=2
         =                       sectsz=512   sunit=64 blks, lazy-count=1
realtime =none                   extsz=4096   blocks=0, rtextents=0
[sshexec] DEBUG 2017/04/27 02:03:44 /src/github.com/heketi/heketi/pkg/utils/ssh/ssh.go:176: Host: 192.168.48.14:22 Command: /bin/bash -c 'echo "/dev/mapper/vg_d72d3bd802d4e511a80ce2f16181289d-brick_0820eb903fc52c7a04206c436efe9f20 /var/lib/heketi/mounts/vg_d72d3bd802d4e511a80ce2f16181289d/brick_0820eb903fc52c7a04206c436efe9f20 xfs rw,inode64,noatime,nouuid 1 2" | tee -a /etc/fstab > /dev/null '
Result: 
[sshexec] DEBUG 2017/04/27 02:03:45 /src/github.com/heketi/heketi/pkg/utils/ssh/ssh.go:176: Host: 192.168.48.17:22 Command: /bin/bash -c 'mount -o rw,inode64,noatime,nouuid /dev/mapper/vg_6c7ff8b53124baa86b5b789cd93274e1-brick_d615223ec9e0b388990e2e8aa819d0a5 /var/lib/heketi/mounts/vg_6c7ff8b53124baa86b5b789cd93274e1/brick_d615223ec9e0b388990e2e8aa819d0a5'
Result: 
[sshexec] DEBUG 2017/04/27 02:03:45 /src/github.com/heketi/heketi/pkg/utils/ssh/ssh.go:176: Host: 192.168.48.17:22 Command: /bin/bash -c 'mkdir /var/lib/heketi/mounts/vg_6c7ff8b53124baa86b5b789cd93274e1/brick_d615223ec9e0b388990e2e8aa819d0a5/brick'
Result: 
[sshexec] DEBUG 2017/04/27 02:03:45 /src/github.com/heketi/heketi/pkg/utils/ssh/ssh.go:176: Host: 192.168.48.17:22 Command: /bin/bash -c 'chown :2000 /var/lib/heketi/mounts/vg_6c7ff8b53124baa86b5b789cd93274e1/brick_d615223ec9e0b388990e2e8aa819d0a5/brick'
Result: 
[sshexec] DEBUG 2017/04/27 02:03:45 /src/github.com/heketi/heketi/pkg/utils/ssh/ssh.go:176: Host: 192.168.48.17:22 Command: /bin/bash -c 'chmod 2775 /var/lib/heketi/mounts/vg_6c7ff8b53124baa86b5b789cd93274e1/brick_d615223ec9e0b388990e2e8aa819d0a5/brick'
Result: 
[sshexec] DEBUG 2017/04/27 02:03:45 /src/github.com/heketi/heketi/pkg/utils/ssh/ssh.go:176: Host: 192.168.48.14:22 Command: /bin/bash -c 'mount -o rw,inode64,noatime,nouuid /dev/mapper/vg_d72d3bd802d4e511a80ce2f16181289d-brick_0820eb903fc52c7a04206c436efe9f20 /var/lib/heketi/mounts/vg_d72d3bd802d4e511a80ce2f16181289d/brick_0820eb903fc52c7a04206c436efe9f20'
Result: 
[sshexec] DEBUG 2017/04/27 02:03:45 /src/github.com/heketi/heketi/pkg/utils/ssh/ssh.go:176: Host: 192.168.48.14:22 Command: /bin/bash -c 'mkdir /var/lib/heketi/mounts/vg_d72d3bd802d4e511a80ce2f16181289d/brick_0820eb903fc52c7a04206c436efe9f20/brick'
Result: 
[sshexec] DEBUG 2017/04/27 02:03:45 /src/github.com/heketi/heketi/pkg/utils/ssh/ssh.go:176: Host: 192.168.48.14:22 Command: /bin/bash -c 'chown :2000 /var/lib/heketi/mounts/vg_d72d3bd802d4e511a80ce2f16181289d/brick_0820eb903fc52c7a04206c436efe9f20/brick'
Result: 
[sshexec] DEBUG 2017/04/27 02:03:45 /src/github.com/heketi/heketi/pkg/utils/ssh/ssh.go:176: Host: 192.168.48.14:22 Command: /bin/bash -c 'chmod 2775 /var/lib/heketi/mounts/vg_d72d3bd802d4e511a80ce2f16181289d/brick_0820eb903fc52c7a04206c436efe9f20/brick'
Result: 
[sshexec] INFO 2017/04/27 02:03:45 Creating volume vol_7ae3b01391ee984868560e6ed6a9929d replica 3
[sshexec] ERROR 2017/04/27 02:03:45 /src/github.com/heketi/heketi/pkg/utils/ssh/ssh.go:173: Failed to run command [/bin/bash -c 'gluster --mode=script volume create vol_7ae3b01391ee984868560e6ed6a9929d replica 3 192.168.48.12:/var/lib/heketi/mounts/vg_403cca7edce115dc1c641acc2f5f11fb/brick_5405acaac20ec6547abe3772a78e9ff5/brick 192.168.48.17:/var/lib/heketi/mounts/vg_6c7ff8b53124baa86b5b789cd93274e1/brick_d615223ec9e0b388990e2e8aa819d0a5/brick 192.168.48.14:/var/lib/heketi/mounts/vg_d72d3bd802d4e511a80ce2f16181289d/brick_0820eb903fc52c7a04206c436efe9f20/brick '] on 192.168.48.12:22: Err[Process exited with: 1. Reason was:  ()]: Stdout []: Stderr [volume create: vol_7ae3b01391ee984868560e6ed6a9929d: failed: Host 192.168.48.14 not connected
]
[sshexec] ERROR 2017/04/27 02:03:45 /src/github.com/heketi/heketi/pkg/utils/ssh/ssh.go:173: Failed to run command [/bin/bash -c 'gluster --mode=script volume stop vol_7ae3b01391ee984868560e6ed6a9929d force'] on 192.168.48.12:22: Err[Process exited with: 1. Reason was:  ()]: Stdout []: Stderr [volume stop: vol_7ae3b01391ee984868560e6ed6a9929d: failed: Volume vol_7ae3b01391ee984868560e6ed6a9929d does not exist
]
[sshexec] ERROR 2017/04/27 02:03:45 /src/github.com/heketi/heketi/executors/sshexec/volume.go:130: Unable to stop volume vol_7ae3b01391ee984868560e6ed6a9929d: volume stop: vol_7ae3b01391ee984868560e6ed6a9929d: failed: Volume vol_7ae3b01391ee984868560e6ed6a9929d does not exist
[negroni] Started GET /queue/0cebde265533cd5f0fddd6ad70d71f41
[negroni] Completed 200 OK in 141.662µs
[sshexec] ERROR 2017/04/27 02:03:46 /src/github.com/heketi/heketi/pkg/utils/ssh/ssh.go:173: Failed to run command [/bin/bash -c 'gluster --mode=script volume delete vol_7ae3b01391ee984868560e6ed6a9929d'] on 192.168.48.12:22: Err[Process exited with: 1. Reason was:  ()]: Stdout []: Stderr [volume delete: vol_7ae3b01391ee984868560e6ed6a9929d: failed: Volume vol_7ae3b01391ee984868560e6ed6a9929d does not exist
]
[sshexec] ERROR 2017/04/27 02:03:46 /src/github.com/heketi/heketi/executors/sshexec/volume.go:139: Unable to delete volume vol_7ae3b01391ee984868560e6ed6a9929d: volume delete: vol_7ae3b01391ee984868560e6ed6a9929d: failed: Volume vol_7ae3b01391ee984868560e6ed6a9929d does not exist
[heketi] INFO 2017/04/27 02:03:46 Deleting brick d615223ec9e0b388990e2e8aa819d0a5
[heketi] INFO 2017/04/27 02:03:46 Deleting brick 0820eb903fc52c7a04206c436efe9f20
[heketi] INFO 2017/04/27 02:03:46 Deleting brick 5405acaac20ec6547abe3772a78e9ff5
[sshexec] DEBUG 2017/04/27 02:03:46 /src/github.com/heketi/heketi/pkg/utils/ssh/ssh.go:176: Host: 192.168.48.12:22 Command: /bin/bash -c 'umount /var/lib/heketi/mounts/vg_403cca7edce115dc1c641acc2f5f11fb/brick_5405acaac20ec6547abe3772a78e9ff5'
Result: 
[sshexec] DEBUG 2017/04/27 02:03:46 /src/github.com/heketi/heketi/pkg/utils/ssh/ssh.go:176: Host: 192.168.48.14:22 Command: /bin/bash -c 'umount /var/lib/heketi/mounts/vg_d72d3bd802d4e511a80ce2f16181289d/brick_0820eb903fc52c7a04206c436efe9f20'
Result: 
[sshexec] DEBUG 2017/04/27 02:03:46 /src/github.com/heketi/heketi/pkg/utils/ssh/ssh.go:176: Host: 192.168.48.17:22 Command: /bin/bash -c 'umount /var/lib/heketi/mounts/vg_6c7ff8b53124baa86b5b789cd93274e1/brick_d615223ec9e0b388990e2e8aa819d0a5'
Result: 
[negroni] Started GET /queue/0cebde265533cd5f0fddd6ad70d71f41
[negroni] Completed 200 OK in 68.004µs
[sshexec] DEBUG 2017/04/27 02:03:46 /src/github.com/heketi/heketi/pkg/utils/ssh/ssh.go:176: Host: 192.168.48.17:22 Command: /bin/bash -c 'lvremove -f vg_6c7ff8b53124baa86b5b789cd93274e1/tp_d615223ec9e0b388990e2e8aa819d0a5'
Result:   Logical volume "brick_d615223ec9e0b388990e2e8aa819d0a5" successfully removed
  Logical volume "tp_d615223ec9e0b388990e2e8aa819d0a5" successfully removed
[sshexec] DEBUG 2017/04/27 02:03:46 /src/github.com/heketi/heketi/pkg/utils/ssh/ssh.go:176: Host: 192.168.48.14:22 Command: /bin/bash -c 'lvremove -f vg_d72d3bd802d4e511a80ce2f16181289d/tp_0820eb903fc52c7a04206c436efe9f20'
Result:   Logical volume "brick_0820eb903fc52c7a04206c436efe9f20" successfully removed
  Logical volume "tp_0820eb903fc52c7a04206c436efe9f20" successfully removed
[sshexec] DEBUG 2017/04/27 02:03:46 /src/github.com/heketi/heketi/pkg/utils/ssh/ssh.go:176: Host: 192.168.48.12:22 Command: /bin/bash -c 'lvremove -f vg_403cca7edce115dc1c641acc2f5f11fb/tp_5405acaac20ec6547abe3772a78e9ff5'
Result:   Logical volume "brick_5405acaac20ec6547abe3772a78e9ff5" successfully removed
  Logical volume "tp_5405acaac20ec6547abe3772a78e9ff5" successfully removed
[sshexec] DEBUG 2017/04/27 02:03:47 /src/github.com/heketi/heketi/pkg/utils/ssh/ssh.go:176: Host: 192.168.48.17:22 Command: /bin/bash -c 'rmdir /var/lib/heketi/mounts/vg_6c7ff8b53124baa86b5b789cd93274e1/brick_d615223ec9e0b388990e2e8aa819d0a5'
Result: 
[sshexec] DEBUG 2017/04/27 02:03:47 /src/github.com/heketi/heketi/pkg/utils/ssh/ssh.go:176: Host: 192.168.48.14:22 Command: /bin/bash -c 'rmdir /var/lib/heketi/mounts/vg_d72d3bd802d4e511a80ce2f16181289d/brick_0820eb903fc52c7a04206c436efe9f20'
Result: 
[sshexec] DEBUG 2017/04/27 02:03:47 /src/github.com/heketi/heketi/pkg/utils/ssh/ssh.go:176: Host: 192.168.48.12:22 Command: /bin/bash -c 'rmdir /var/lib/heketi/mounts/vg_403cca7edce115dc1c641acc2f5f11fb/brick_5405acaac20ec6547abe3772a78e9ff5'
Result: 
[sshexec] DEBUG 2017/04/27 02:03:47 /src/github.com/heketi/heketi/pkg/utils/ssh/ssh.go:176: Host: 192.168.48.14:22 Command: /bin/bash -c 'sed -i.save "/brick_0820eb903fc52c7a04206c436efe9f20/d" /etc/fstab'
Result: 
[sshexec] DEBUG 2017/04/27 02:03:47 /src/github.com/heketi/heketi/pkg/utils/ssh/ssh.go:176: Host: 192.168.48.17:22 Command: /bin/bash -c 'sed -i.save "/brick_d615223ec9e0b388990e2e8aa819d0a5/d" /etc/fstab'
Result: 
[sshexec] DEBUG 2017/04/27 02:03:47 /src/github.com/heketi/heketi/pkg/utils/ssh/ssh.go:176: Host: 192.168.48.12:22 Command: /bin/bash -c 'sed -i.save "/brick_5405acaac20ec6547abe3772a78e9ff5/d" /etc/fstab'
Result: 
[heketi] ERROR 2017/04/27 02:03:47 /src/github.com/heketi/heketi/apps/glusterfs/app_volume.go:148: Failed to create volume: volume create: vol_7ae3b01391ee984868560e6ed6a9929d: failed: Host 192.168.48.14 not connected
[asynchttp] INFO 2017/04/27 02:03:47 Completed job 0cebde265533cd5f0fddd6ad70d71f41 in 3.706337982s
[negroni] Started GET /queue/0cebde265533cd5f0fddd6ad70d71f41
[negroni] Completed 500 Internal Server Error in 72.168µs
[negroni] Started POST /volumes
[negroni] Completed 202 Accepted in 10.662821ms
[asynchttp] INFO 2017/04/27 02:03:58 Started job d72c3de7497aec77246c1746e327905c
[heketi] INFO 2017/04/27 02:03:58 Creating volume fdd4261680706f8b15fac29e552d25e0
[heketi] INFO 2017/04/27 02:03:58 brick_num: 0
[negroni] Started GET /queue/d72c3de7497aec77246c1746e327905c
[negroni] Completed 200 OK in 41.956µs
[heketi] INFO 2017/04/27 02:03:58 Creating brick 92d333299dd56db9ab71999115c48cc0
[heketi] INFO 2017/04/27 02:03:58 Creating brick 032fe36202f505c915697219278afe26
[heketi] INFO 2017/04/27 02:03:58 Creating brick cddb2ec244f45ca149466310bf77a6b9
[sshexec] DEBUG 2017/04/27 02:03:59 /src/github.com/heketi/heketi/pkg/utils/ssh/ssh.go:176: Host: 192.168.48.14:22 Command: /bin/bash -c 'mkdir -p /var/lib/heketi/mounts/vg_d72d3bd802d4e511a80ce2f16181289d/brick_cddb2ec244f45ca149466310bf77a6b9'
Result: 
[sshexec] DEBUG 2017/04/27 02:03:59 /src/github.com/heketi/heketi/pkg/utils/ssh/ssh.go:176: Host: 192.168.48.12:22 Command: /bin/bash -c 'mkdir -p /var/lib/heketi/mounts/vg_403cca7edce115dc1c641acc2f5f11fb/brick_032fe36202f505c915697219278afe26'
Result: 
[sshexec] DEBUG 2017/04/27 02:03:59 /src/github.com/heketi/heketi/pkg/utils/ssh/ssh.go:176: Host: 192.168.48.17:22 Command: /bin/bash -c 'mkdir -p /var/lib/heketi/mounts/vg_6c7ff8b53124baa86b5b789cd93274e1/brick_92d333299dd56db9ab71999115c48cc0'
Result: 
[sshexec] DEBUG 2017/04/27 02:03:59 /src/github.com/heketi/heketi/pkg/utils/ssh/ssh.go:176: Host: 192.168.48.17:22 Command: /bin/bash -c 'lvcreate --poolmetadatasize 8192K -c 256K -L 1048576K -T vg_6c7ff8b53124baa86b5b789cd93274e1/tp_92d333299dd56db9ab71999115c48cc0 -V 1048576K -n brick_92d333299dd56db9ab71999115c48cc0'
Result:   Logical volume "brick_92d333299dd56db9ab71999115c48cc0" created.
[sshexec] DEBUG 2017/04/27 02:03:59 /src/github.com/heketi/heketi/pkg/utils/ssh/ssh.go:176: Host: 192.168.48.14:22 Command: /bin/bash -c 'lvcreate --poolmetadatasize 8192K -c 256K -L 1048576K -T vg_d72d3bd802d4e511a80ce2f16181289d/tp_cddb2ec244f45ca149466310bf77a6b9 -V 1048576K -n brick_cddb2ec244f45ca149466310bf77a6b9'
Result:   Logical volume "brick_cddb2ec244f45ca149466310bf77a6b9" created.
[sshexec] DEBUG 2017/04/27 02:03:59 /src/github.com/heketi/heketi/pkg/utils/ssh/ssh.go:176: Host: 192.168.48.12:22 Command: /bin/bash -c 'lvcreate --poolmetadatasize 8192K -c 256K -L 1048576K -T vg_403cca7edce115dc1c641acc2f5f11fb/tp_032fe36202f505c915697219278afe26 -V 1048576K -n brick_032fe36202f505c915697219278afe26'
Result:   Logical volume "brick_032fe36202f505c915697219278afe26" created.
[negroni] Started GET /queue/d72c3de7497aec77246c1746e327905c
[negroni] Completed 200 OK in 64.181µs
[sshexec] DEBUG 2017/04/27 02:03:59 /src/github.com/heketi/heketi/pkg/utils/ssh/ssh.go:176: Host: 192.168.48.12:22 Command: /bin/bash -c 'mkfs.xfs -i size=512 -n size=8192 /dev/mapper/vg_403cca7edce115dc1c641acc2f5f11fb-brick_032fe36202f505c915697219278afe26'
Result: meta-data=/dev/mapper/vg_403cca7edce115dc1c641acc2f5f11fb-brick_032fe36202f505c915697219278afe26 isize=512    agcount=8, agsize=32704 blks
         =                       sectsz=4096  attr=2, projid32bit=1
         =                       crc=1        finobt=1, sparse=0
data     =                       bsize=4096   blocks=261632, imaxpct=25
         =                       sunit=64     swidth=64 blks
naming   =version 2              bsize=8192   ascii-ci=0 ftype=1
log      =internal log           bsize=4096   blocks=576, version=2
         =                       sectsz=4096  sunit=1 blks, lazy-count=1
realtime =none                   extsz=4096   blocks=0, rtextents=0
[sshexec] DEBUG 2017/04/27 02:03:59 /src/github.com/heketi/heketi/pkg/utils/ssh/ssh.go:176: Host: 192.168.48.17:22 Command: /bin/bash -c 'mkfs.xfs -i size=512 -n size=8192 /dev/mapper/vg_6c7ff8b53124baa86b5b789cd93274e1-brick_92d333299dd56db9ab71999115c48cc0'
Result: meta-data=/dev/mapper/vg_6c7ff8b53124baa86b5b789cd93274e1-brick_92d333299dd56db9ab71999115c48cc0 isize=512    agcount=8, agsize=32704 blks
         =                       sectsz=512   attr=2, projid32bit=1
         =                       crc=1        finobt=1, sparse=0
data     =                       bsize=4096   blocks=261632, imaxpct=25
         =                       sunit=64     swidth=64 blks
naming   =version 2              bsize=8192   ascii-ci=0 ftype=1
log      =internal log           bsize=4096   blocks=1728, version=2
         =                       sectsz=512   sunit=64 blks, lazy-count=1
realtime =none                   extsz=4096   blocks=0, rtextents=0
[sshexec] DEBUG 2017/04/27 02:03:59 /src/github.com/heketi/heketi/pkg/utils/ssh/ssh.go:176: Host: 192.168.48.12:22 Command: /bin/bash -c 'echo "/dev/mapper/vg_403cca7edce115dc1c641acc2f5f11fb-brick_032fe36202f505c915697219278afe26 /var/lib/heketi/mounts/vg_403cca7edce115dc1c641acc2f5f11fb/brick_032fe36202f505c915697219278afe26 xfs rw,inode64,noatime,nouuid 1 2" | tee -a /etc/fstab > /dev/null '
Result: 
[sshexec] DEBUG 2017/04/27 02:03:59 /src/github.com/heketi/heketi/pkg/utils/ssh/ssh.go:176: Host: 192.168.48.17:22 Command: /bin/bash -c 'echo "/dev/mapper/vg_6c7ff8b53124baa86b5b789cd93274e1-brick_92d333299dd56db9ab71999115c48cc0 /var/lib/heketi/mounts/vg_6c7ff8b53124baa86b5b789cd93274e1/brick_92d333299dd56db9ab71999115c48cc0 xfs rw,inode64,noatime,nouuid 1 2" | tee -a /etc/fstab > /dev/null '
Result: 
[sshexec] DEBUG 2017/04/27 02:03:59 /src/github.com/heketi/heketi/pkg/utils/ssh/ssh.go:176: Host: 192.168.48.12:22 Command: /bin/bash -c 'mount -o rw,inode64,noatime,nouuid /dev/mapper/vg_403cca7edce115dc1c641acc2f5f11fb-brick_032fe36202f505c915697219278afe26 /var/lib/heketi/mounts/vg_403cca7edce115dc1c641acc2f5f11fb/brick_032fe36202f505c915697219278afe26'
Result: 
[sshexec] DEBUG 2017/04/27 02:03:59 /src/github.com/heketi/heketi/pkg/utils/ssh/ssh.go:176: Host: 192.168.48.14:22 Command: /bin/bash -c 'mkfs.xfs -i size=512 -n size=8192 /dev/mapper/vg_d72d3bd802d4e511a80ce2f16181289d-brick_cddb2ec244f45ca149466310bf77a6b9'
Result: meta-data=/dev/mapper/vg_d72d3bd802d4e511a80ce2f16181289d-brick_cddb2ec244f45ca149466310bf77a6b9 isize=512    agcount=8, agsize=32704 blks
         =                       sectsz=512   attr=2, projid32bit=1
         =                       crc=1        finobt=1, sparse=0
data     =                       bsize=4096   blocks=261632, imaxpct=25
         =                       sunit=64     swidth=64 blks
naming   =version 2              bsize=8192   ascii-ci=0 ftype=1
log      =internal log           bsize=4096   blocks=1728, version=2
         =                       sectsz=512   sunit=64 blks, lazy-count=1
realtime =none                   extsz=4096   blocks=0, rtextents=0
[sshexec] DEBUG 2017/04/27 02:03:59 /src/github.com/heketi/heketi/pkg/utils/ssh/ssh.go:176: Host: 192.168.48.14:22 Command: /bin/bash -c 'echo "/dev/mapper/vg_d72d3bd802d4e511a80ce2f16181289d-brick_cddb2ec244f45ca149466310bf77a6b9 /var/lib/heketi/mounts/vg_d72d3bd802d4e511a80ce2f16181289d/brick_cddb2ec244f45ca149466310bf77a6b9 xfs rw,inode64,noatime,nouuid 1 2" | tee -a /etc/fstab > /dev/null '
Result: 
[sshexec] DEBUG 2017/04/27 02:03:59 /src/github.com/heketi/heketi/pkg/utils/ssh/ssh.go:176: Host: 192.168.48.12:22 Command: /bin/bash -c 'mkdir /var/lib/heketi/mounts/vg_403cca7edce115dc1c641acc2f5f11fb/brick_032fe36202f505c915697219278afe26/brick'
Result: 
[sshexec] DEBUG 2017/04/27 02:03:59 /src/github.com/heketi/heketi/pkg/utils/ssh/ssh.go:176: Host: 192.168.48.12:22 Command: /bin/bash -c 'chown :2000 /var/lib/heketi/mounts/vg_403cca7edce115dc1c641acc2f5f11fb/brick_032fe36202f505c915697219278afe26/brick'
Result: 
[sshexec] DEBUG 2017/04/27 02:03:59 /src/github.com/heketi/heketi/pkg/utils/ssh/ssh.go:176: Host: 192.168.48.12:22 Command: /bin/bash -c 'chmod 2775 /var/lib/heketi/mounts/vg_403cca7edce115dc1c641acc2f5f11fb/brick_032fe36202f505c915697219278afe26/brick'
Result: 
[sshexec] DEBUG 2017/04/27 02:04:00 /src/github.com/heketi/heketi/pkg/utils/ssh/ssh.go:176: Host: 192.168.48.17:22 Command: /bin/bash -c 'mount -o rw,inode64,noatime,nouuid /dev/mapper/vg_6c7ff8b53124baa86b5b789cd93274e1-brick_92d333299dd56db9ab71999115c48cc0 /var/lib/heketi/mounts/vg_6c7ff8b53124baa86b5b789cd93274e1/brick_92d333299dd56db9ab71999115c48cc0'
Result: 
[sshexec] DEBUG 2017/04/27 02:04:00 /src/github.com/heketi/heketi/pkg/utils/ssh/ssh.go:176: Host: 192.168.48.17:22 Command: /bin/bash -c 'mkdir /var/lib/heketi/mounts/vg_6c7ff8b53124baa86b5b789cd93274e1/brick_92d333299dd56db9ab71999115c48cc0/brick'
Result: 
[sshexec] DEBUG 2017/04/27 02:04:00 /src/github.com/heketi/heketi/pkg/utils/ssh/ssh.go:176: Host: 192.168.48.14:22 Command: /bin/bash -c 'mount -o rw,inode64,noatime,nouuid /dev/mapper/vg_d72d3bd802d4e511a80ce2f16181289d-brick_cddb2ec244f45ca149466310bf77a6b9 /var/lib/heketi/mounts/vg_d72d3bd802d4e511a80ce2f16181289d/brick_cddb2ec244f45ca149466310bf77a6b9'
Result: 
[sshexec] DEBUG 2017/04/27 02:04:00 /src/github.com/heketi/heketi/pkg/utils/ssh/ssh.go:176: Host: 192.168.48.17:22 Command: /bin/bash -c 'chown :2000 /var/lib/heketi/mounts/vg_6c7ff8b53124baa86b5b789cd93274e1/brick_92d333299dd56db9ab71999115c48cc0/brick'
Result: 
[sshexec] DEBUG 2017/04/27 02:04:00 /src/github.com/heketi/heketi/pkg/utils/ssh/ssh.go:176: Host: 192.168.48.14:22 Command: /bin/bash -c 'mkdir /var/lib/heketi/mounts/vg_d72d3bd802d4e511a80ce2f16181289d/brick_cddb2ec244f45ca149466310bf77a6b9/brick'
Result: 
[sshexec] DEBUG 2017/04/27 02:04:00 /src/github.com/heketi/heketi/pkg/utils/ssh/ssh.go:176: Host: 192.168.48.17:22 Command: /bin/bash -c 'chmod 2775 /var/lib/heketi/mounts/vg_6c7ff8b53124baa86b5b789cd93274e1/brick_92d333299dd56db9ab71999115c48cc0/brick'
Result: 
[sshexec] DEBUG 2017/04/27 02:04:00 /src/github.com/heketi/heketi/pkg/utils/ssh/ssh.go:176: Host: 192.168.48.14:22 Command: /bin/bash -c 'chown :2000 /var/lib/heketi/mounts/vg_d72d3bd802d4e511a80ce2f16181289d/brick_cddb2ec244f45ca149466310bf77a6b9/brick'
Result: 
[sshexec] DEBUG 2017/04/27 02:04:00 /src/github.com/heketi/heketi/pkg/utils/ssh/ssh.go:176: Host: 192.168.48.14:22 Command: /bin/bash -c 'chmod 2775 /var/lib/heketi/mounts/vg_d72d3bd802d4e511a80ce2f16181289d/brick_cddb2ec244f45ca149466310bf77a6b9/brick'
Result: 
[sshexec] INFO 2017/04/27 02:04:00 Creating volume vol_fdd4261680706f8b15fac29e552d25e0 replica 3
[sshexec] ERROR 2017/04/27 02:04:00 /src/github.com/heketi/heketi/pkg/utils/ssh/ssh.go:173: Failed to run command [/bin/bash -c 'gluster --mode=script volume create vol_fdd4261680706f8b15fac29e552d25e0 replica 3 192.168.48.17:/var/lib/heketi/mounts/vg_6c7ff8b53124baa86b5b789cd93274e1/brick_92d333299dd56db9ab71999115c48cc0/brick 192.168.48.14:/var/lib/heketi/mounts/vg_d72d3bd802d4e511a80ce2f16181289d/brick_cddb2ec244f45ca149466310bf77a6b9/brick 192.168.48.12:/var/lib/heketi/mounts/vg_403cca7edce115dc1c641acc2f5f11fb/brick_032fe36202f505c915697219278afe26/brick '] on 192.168.48.17:22: Err[Process exited with: 1. Reason was:  ()]: Stdout []: Stderr [volume create: vol_fdd4261680706f8b15fac29e552d25e0: failed: Staging failed on 192.168.48.12. Error: Host 192.168.48.14 not connected
]
[negroni] Started GET /queue/d72c3de7497aec77246c1746e327905c
[negroni] Completed 200 OK in 82.574µs
[sshexec] ERROR 2017/04/27 02:04:00 /src/github.com/heketi/heketi/pkg/utils/ssh/ssh.go:173: Failed to run command [/bin/bash -c 'gluster --mode=script volume stop vol_fdd4261680706f8b15fac29e552d25e0 force'] on 192.168.48.17:22: Err[Process exited with: 1. Reason was:  ()]: Stdout []: Stderr [volume stop: vol_fdd4261680706f8b15fac29e552d25e0: failed: Volume vol_fdd4261680706f8b15fac29e552d25e0 does not exist
]
[sshexec] ERROR 2017/04/27 02:04:00 /src/github.com/heketi/heketi/executors/sshexec/volume.go:130: Unable to stop volume vol_fdd4261680706f8b15fac29e552d25e0: volume stop: vol_fdd4261680706f8b15fac29e552d25e0: failed: Volume vol_fdd4261680706f8b15fac29e552d25e0 does not exist
[sshexec] ERROR 2017/04/27 02:04:01 /src/github.com/heketi/heketi/pkg/utils/ssh/ssh.go:173: Failed to run command [/bin/bash -c 'gluster --mode=script volume delete vol_fdd4261680706f8b15fac29e552d25e0'] on 192.168.48.17:22: Err[Process exited with: 1. Reason was:  ()]: Stdout []: Stderr [volume delete: vol_fdd4261680706f8b15fac29e552d25e0: failed: Volume vol_fdd4261680706f8b15fac29e552d25e0 does not exist
]
[sshexec] ERROR 2017/04/27 02:04:01 /src/github.com/heketi/heketi/executors/sshexec/volume.go:139: Unable to delete volume vol_fdd4261680706f8b15fac29e552d25e0: volume delete: vol_fdd4261680706f8b15fac29e552d25e0: failed: Volume vol_fdd4261680706f8b15fac29e552d25e0 does not exist
[heketi] INFO 2017/04/27 02:04:01 Deleting brick 032fe36202f505c915697219278afe26
[heketi] INFO 2017/04/27 02:04:01 Deleting brick cddb2ec244f45ca149466310bf77a6b9
[heketi] INFO 2017/04/27 02:04:01 Deleting brick 92d333299dd56db9ab71999115c48cc0
[sshexec] DEBUG 2017/04/27 02:04:01 /src/github.com/heketi/heketi/pkg/utils/ssh/ssh.go:176: Host: 192.168.48.14:22 Command: /bin/bash -c 'umount /var/lib/heketi/mounts/vg_d72d3bd802d4e511a80ce2f16181289d/brick_cddb2ec244f45ca149466310bf77a6b9'
Result: 
[sshexec] DEBUG 2017/04/27 02:04:01 /src/github.com/heketi/heketi/pkg/utils/ssh/ssh.go:176: Host: 192.168.48.17:22 Command: /bin/bash -c 'umount /var/lib/heketi/mounts/vg_6c7ff8b53124baa86b5b789cd93274e1/brick_92d333299dd56db9ab71999115c48cc0'
Result: 
[sshexec] DEBUG 2017/04/27 02:04:01 /src/github.com/heketi/heketi/pkg/utils/ssh/ssh.go:176: Host: 192.168.48.12:22 Command: /bin/bash -c 'umount /var/lib/heketi/mounts/vg_403cca7edce115dc1c641acc2f5f11fb/brick_032fe36202f505c915697219278afe26'
Result: 
[negroni] Started GET /queue/d72c3de7497aec77246c1746e327905c
[negroni] Completed 200 OK in 77.855µs
[sshexec] DEBUG 2017/04/27 02:04:02 /src/github.com/heketi/heketi/pkg/utils/ssh/ssh.go:176: Host: 192.168.48.14:22 Command: /bin/bash -c 'lvremove -f vg_d72d3bd802d4e511a80ce2f16181289d/tp_cddb2ec244f45ca149466310bf77a6b9'
Result:   Logical volume "brick_cddb2ec244f45ca149466310bf77a6b9" successfully removed
  Logical volume "tp_cddb2ec244f45ca149466310bf77a6b9" successfully removed
[sshexec] DEBUG 2017/04/27 02:04:02 /src/github.com/heketi/heketi/pkg/utils/ssh/ssh.go:176: Host: 192.168.48.17:22 Command: /bin/bash -c 'lvremove -f vg_6c7ff8b53124baa86b5b789cd93274e1/tp_92d333299dd56db9ab71999115c48cc0'
Result:   Logical volume "brick_92d333299dd56db9ab71999115c48cc0" successfully removed
  Logical volume "tp_92d333299dd56db9ab71999115c48cc0" successfully removed
[sshexec] DEBUG 2017/04/27 02:04:02 /src/github.com/heketi/heketi/pkg/utils/ssh/ssh.go:176: Host: 192.168.48.12:22 Command: /bin/bash -c 'lvremove -f vg_403cca7edce115dc1c641acc2f5f11fb/tp_032fe36202f505c915697219278afe26'
Result:   Logical volume "brick_032fe36202f505c915697219278afe26" successfully removed
  Logical volume "tp_032fe36202f505c915697219278afe26" successfully removed
[sshexec] DEBUG 2017/04/27 02:04:02 /src/github.com/heketi/heketi/pkg/utils/ssh/ssh.go:176: Host: 192.168.48.14:22 Command: /bin/bash -c 'rmdir /var/lib/heketi/mounts/vg_d72d3bd802d4e511a80ce2f16181289d/brick_cddb2ec244f45ca149466310bf77a6b9'
Result: 
[sshexec] DEBUG 2017/04/27 02:04:02 /src/github.com/heketi/heketi/pkg/utils/ssh/ssh.go:176: Host: 192.168.48.17:22 Command: /bin/bash -c 'rmdir /var/lib/heketi/mounts/vg_6c7ff8b53124baa86b5b789cd93274e1/brick_92d333299dd56db9ab71999115c48cc0'
Result: 
[sshexec] DEBUG 2017/04/27 02:04:02 /src/github.com/heketi/heketi/pkg/utils/ssh/ssh.go:176: Host: 192.168.48.12:22 Command: /bin/bash -c 'rmdir /var/lib/heketi/mounts/vg_403cca7edce115dc1c641acc2f5f11fb/brick_032fe36202f505c915697219278afe26'
Result: 
[sshexec] DEBUG 2017/04/27 02:04:02 /src/github.com/heketi/heketi/pkg/utils/ssh/ssh.go:176: Host: 192.168.48.14:22 Command: /bin/bash -c 'sed -i.save "/brick_cddb2ec244f45ca149466310bf77a6b9/d" /etc/fstab'
Result: 
[sshexec] DEBUG 2017/04/27 02:04:02 /src/github.com/heketi/heketi/pkg/utils/ssh/ssh.go:176: Host: 192.168.48.17:22 Command: /bin/bash -c 'sed -i.save "/brick_92d333299dd56db9ab71999115c48cc0/d" /etc/fstab'
Result: 
[sshexec] DEBUG 2017/04/27 02:04:02 /src/github.com/heketi/heketi/pkg/utils/ssh/ssh.go:176: Host: 192.168.48.12:22 Command: /bin/bash -c 'sed -i.save "/brick_032fe36202f505c915697219278afe26/d" /etc/fstab'
Result: 
[heketi] ERROR 2017/04/27 02:04:02 /src/github.com/heketi/heketi/apps/glusterfs/app_volume.go:148: Failed to create volume: volume create: vol_fdd4261680706f8b15fac29e552d25e0: failed: Staging failed on 192.168.48.12. Error: Host 192.168.48.14 not connected
[asynchttp] INFO 2017/04/27 02:04:02 Completed job d72c3de7497aec77246c1746e327905c in 3.782708368s
[negroni] Started GET /queue/d72c3de7497aec77246c1746e327905c
[negroni] Completed 500 Internal Server Error in 95.717µs
[negroni] Started POST /volumes
[negroni] Completed 202 Accepted in 15.628921ms
[asynchttp] INFO 2017/04/27 02:04:13 Started job 43829c83b9d8837ffdf6cbf013b0297c
[heketi] INFO 2017/04/27 02:04:13 Creating volume 15647b55161ff900d4e9c3ea58d4a05d
[heketi] INFO 2017/04/27 02:04:13 brick_num: 0
[negroni] Started GET /queue/43829c83b9d8837ffdf6cbf013b0297c
[negroni] Completed 200 OK in 128.492µs
[heketi] INFO 2017/04/27 02:04:13 Creating brick ca98c668f338f6e4fbc881d7acc6eaf4
[heketi] INFO 2017/04/27 02:04:13 Creating brick 5eea6d216e8d34bac7c5f4983399a49f
[heketi] INFO 2017/04/27 02:04:13 Creating brick 59ea5883f2689d036d7a7b95e2f63df5
[sshexec] DEBUG 2017/04/27 02:04:14 /src/github.com/heketi/heketi/pkg/utils/ssh/ssh.go:176: Host: 192.168.48.12:22 Command: /bin/bash -c 'mkdir -p /var/lib/heketi/mounts/vg_403cca7edce115dc1c641acc2f5f11fb/brick_59ea5883f2689d036d7a7b95e2f63df5'
Result: 
[sshexec] DEBUG 2017/04/27 02:04:14 /src/github.com/heketi/heketi/pkg/utils/ssh/ssh.go:176: Host: 192.168.48.14:22 Command: /bin/bash -c 'mkdir -p /var/lib/heketi/mounts/vg_d72d3bd802d4e511a80ce2f16181289d/brick_ca98c668f338f6e4fbc881d7acc6eaf4'
Result: 
[sshexec] DEBUG 2017/04/27 02:04:14 /src/github.com/heketi/heketi/pkg/utils/ssh/ssh.go:176: Host: 192.168.48.17:22 Command: /bin/bash -c 'mkdir -p /var/lib/heketi/mounts/vg_6c7ff8b53124baa86b5b789cd93274e1/brick_5eea6d216e8d34bac7c5f4983399a49f'
Result: 
[sshexec] DEBUG 2017/04/27 02:04:14 /src/github.com/heketi/heketi/pkg/utils/ssh/ssh.go:176: Host: 192.168.48.12:22 Command: /bin/bash -c 'lvcreate --poolmetadatasize 8192K -c 256K -L 1048576K -T vg_403cca7edce115dc1c641acc2f5f11fb/tp_59ea5883f2689d036d7a7b95e2f63df5 -V 1048576K -n brick_59ea5883f2689d036d7a7b95e2f63df5'
Result:   Logical volume "brick_59ea5883f2689d036d7a7b95e2f63df5" created.
[sshexec] DEBUG 2017/04/27 02:04:14 /src/github.com/heketi/heketi/pkg/utils/ssh/ssh.go:176: Host: 192.168.48.17:22 Command: /bin/bash -c 'lvcreate --poolmetadatasize 8192K -c 256K -L 1048576K -T vg_6c7ff8b53124baa86b5b789cd93274e1/tp_5eea6d216e8d34bac7c5f4983399a49f -V 1048576K -n brick_5eea6d216e8d34bac7c5f4983399a49f'
Result:   Logical volume "brick_5eea6d216e8d34bac7c5f4983399a49f" created.
[sshexec] DEBUG 2017/04/27 02:04:14 /src/github.com/heketi/heketi/pkg/utils/ssh/ssh.go:176: Host: 192.168.48.14:22 Command: /bin/bash -c 'lvcreate --poolmetadatasize 8192K -c 256K -L 1048576K -T vg_d72d3bd802d4e511a80ce2f16181289d/tp_ca98c668f338f6e4fbc881d7acc6eaf4 -V 1048576K -n brick_ca98c668f338f6e4fbc881d7acc6eaf4'
Result:   Logical volume "brick_ca98c668f338f6e4fbc881d7acc6eaf4" created.
[sshexec] DEBUG 2017/04/27 02:04:14 /src/github.com/heketi/heketi/pkg/utils/ssh/ssh.go:176: Host: 192.168.48.12:22 Command: /bin/bash -c 'mkfs.xfs -i size=512 -n size=8192 /dev/mapper/vg_403cca7edce115dc1c641acc2f5f11fb-brick_59ea5883f2689d036d7a7b95e2f63df5'
Result: meta-data=/dev/mapper/vg_403cca7edce115dc1c641acc2f5f11fb-brick_59ea5883f2689d036d7a7b95e2f63df5 isize=512    agcount=8, agsize=32704 blks
         =                       sectsz=4096  attr=2, projid32bit=1
         =                       crc=1        finobt=1, sparse=0
data     =                       bsize=4096   blocks=261632, imaxpct=25
         =                       sunit=64     swidth=64 blks
naming   =version 2              bsize=8192   ascii-ci=0 ftype=1
log      =internal log           bsize=4096   blocks=576, version=2
         =                       sectsz=4096  sunit=1 blks, lazy-count=1
realtime =none                   extsz=4096   blocks=0, rtextents=0
[sshexec] DEBUG 2017/04/27 02:04:14 /src/github.com/heketi/heketi/pkg/utils/ssh/ssh.go:176: Host: 192.168.48.12:22 Command: /bin/bash -c 'echo "/dev/mapper/vg_403cca7edce115dc1c641acc2f5f11fb-brick_59ea5883f2689d036d7a7b95e2f63df5 /var/lib/heketi/mounts/vg_403cca7edce115dc1c641acc2f5f11fb/brick_59ea5883f2689d036d7a7b95e2f63df5 xfs rw,inode64,noatime,nouuid 1 2" | tee -a /etc/fstab > /dev/null '
Result: 
[negroni] Started GET /queue/43829c83b9d8837ffdf6cbf013b0297c
[negroni] Completed 200 OK in 74.734µs
[sshexec] DEBUG 2017/04/27 02:04:14 /src/github.com/heketi/heketi/pkg/utils/ssh/ssh.go:176: Host: 192.168.48.14:22 Command: /bin/bash -c 'mkfs.xfs -i size=512 -n size=8192 /dev/mapper/vg_d72d3bd802d4e511a80ce2f16181289d-brick_ca98c668f338f6e4fbc881d7acc6eaf4'
Result: meta-data=/dev/mapper/vg_d72d3bd802d4e511a80ce2f16181289d-brick_ca98c668f338f6e4fbc881d7acc6eaf4 isize=512    agcount=8, agsize=32704 blks
         =                       sectsz=512   attr=2, projid32bit=1
         =                       crc=1        finobt=1, sparse=0
data     =                       bsize=4096   blocks=261632, imaxpct=25
         =                       sunit=64     swidth=64 blks
naming   =version 2              bsize=8192   ascii-ci=0 ftype=1
log      =internal log           bsize=4096   blocks=1728, version=2
         =                       sectsz=512   sunit=64 blks, lazy-count=1
realtime =none                   extsz=4096   blocks=0, rtextents=0
[sshexec] DEBUG 2017/04/27 02:04:14 /src/github.com/heketi/heketi/pkg/utils/ssh/ssh.go:176: Host: 192.168.48.14:22 Command: /bin/bash -c 'echo "/dev/mapper/vg_d72d3bd802d4e511a80ce2f16181289d-brick_ca98c668f338f6e4fbc881d7acc6eaf4 /var/lib/heketi/mounts/vg_d72d3bd802d4e511a80ce2f16181289d/brick_ca98c668f338f6e4fbc881d7acc6eaf4 xfs rw,inode64,noatime,nouuid 1 2" | tee -a /etc/fstab > /dev/null '
Result: 
[sshexec] DEBUG 2017/04/27 02:04:14 /src/github.com/heketi/heketi/pkg/utils/ssh/ssh.go:176: Host: 192.168.48.17:22 Command: /bin/bash -c 'mkfs.xfs -i size=512 -n size=8192 /dev/mapper/vg_6c7ff8b53124baa86b5b789cd93274e1-brick_5eea6d216e8d34bac7c5f4983399a49f'
Result: meta-data=/dev/mapper/vg_6c7ff8b53124baa86b5b789cd93274e1-brick_5eea6d216e8d34bac7c5f4983399a49f isize=512    agcount=8, agsize=32704 blks
         =                       sectsz=512   attr=2, projid32bit=1
         =                       crc=1        finobt=1, sparse=0
data     =                       bsize=4096   blocks=261632, imaxpct=25
         =                       sunit=64     swidth=64 blks
naming   =version 2              bsize=8192   ascii-ci=0 ftype=1
log      =internal log           bsize=4096   blocks=1728, version=2
         =                       sectsz=512   sunit=64 blks, lazy-count=1
realtime =none                   extsz=4096   blocks=0, rtextents=0
[sshexec] DEBUG 2017/04/27 02:04:14 /src/github.com/heketi/heketi/pkg/utils/ssh/ssh.go:176: Host: 192.168.48.12:22 Command: /bin/bash -c 'mount -o rw,inode64,noatime,nouuid /dev/mapper/vg_403cca7edce115dc1c641acc2f5f11fb-brick_59ea5883f2689d036d7a7b95e2f63df5 /var/lib/heketi/mounts/vg_403cca7edce115dc1c641acc2f5f11fb/brick_59ea5883f2689d036d7a7b95e2f63df5'
Result: 
[sshexec] DEBUG 2017/04/27 02:04:14 /src/github.com/heketi/heketi/pkg/utils/ssh/ssh.go:176: Host: 192.168.48.17:22 Command: /bin/bash -c 'echo "/dev/mapper/vg_6c7ff8b53124baa86b5b789cd93274e1-brick_5eea6d216e8d34bac7c5f4983399a49f /var/lib/heketi/mounts/vg_6c7ff8b53124baa86b5b789cd93274e1/brick_5eea6d216e8d34bac7c5f4983399a49f xfs rw,inode64,noatime,nouuid 1 2" | tee -a /etc/fstab > /dev/null '
Result: 
[sshexec] DEBUG 2017/04/27 02:04:14 /src/github.com/heketi/heketi/pkg/utils/ssh/ssh.go:176: Host: 192.168.48.12:22 Command: /bin/bash -c 'mkdir /var/lib/heketi/mounts/vg_403cca7edce115dc1c641acc2f5f11fb/brick_59ea5883f2689d036d7a7b95e2f63df5/brick'
Result: 
[sshexec] DEBUG 2017/04/27 02:04:14 /src/github.com/heketi/heketi/pkg/utils/ssh/ssh.go:176: Host: 192.168.48.12:22 Command: /bin/bash -c 'chown :2000 /var/lib/heketi/mounts/vg_403cca7edce115dc1c641acc2f5f11fb/brick_59ea5883f2689d036d7a7b95e2f63df5/brick'
Result: 
[sshexec] DEBUG 2017/04/27 02:04:14 /src/github.com/heketi/heketi/pkg/utils/ssh/ssh.go:176: Host: 192.168.48.12:22 Command: /bin/bash -c 'chmod 2775 /var/lib/heketi/mounts/vg_403cca7edce115dc1c641acc2f5f11fb/brick_59ea5883f2689d036d7a7b95e2f63df5/brick'
Result: 
[sshexec] DEBUG 2017/04/27 02:04:15 /src/github.com/heketi/heketi/pkg/utils/ssh/ssh.go:176: Host: 192.168.48.14:22 Command: /bin/bash -c 'mount -o rw,inode64,noatime,nouuid /dev/mapper/vg_d72d3bd802d4e511a80ce2f16181289d-brick_ca98c668f338f6e4fbc881d7acc6eaf4 /var/lib/heketi/mounts/vg_d72d3bd802d4e511a80ce2f16181289d/brick_ca98c668f338f6e4fbc881d7acc6eaf4'
Result: 
[sshexec] DEBUG 2017/04/27 02:04:15 /src/github.com/heketi/heketi/pkg/utils/ssh/ssh.go:176: Host: 192.168.48.17:22 Command: /bin/bash -c 'mount -o rw,inode64,noatime,nouuid /dev/mapper/vg_6c7ff8b53124baa86b5b789cd93274e1-brick_5eea6d216e8d34bac7c5f4983399a49f /var/lib/heketi/mounts/vg_6c7ff8b53124baa86b5b789cd93274e1/brick_5eea6d216e8d34bac7c5f4983399a49f'
Result: 
[sshexec] DEBUG 2017/04/27 02:04:15 /src/github.com/heketi/heketi/pkg/utils/ssh/ssh.go:176: Host: 192.168.48.14:22 Command: /bin/bash -c 'mkdir /var/lib/heketi/mounts/vg_d72d3bd802d4e511a80ce2f16181289d/brick_ca98c668f338f6e4fbc881d7acc6eaf4/brick'
Result: 
[sshexec] DEBUG 2017/04/27 02:04:15 /src/github.com/heketi/heketi/pkg/utils/ssh/ssh.go:176: Host: 192.168.48.17:22 Command: /bin/bash -c 'mkdir /var/lib/heketi/mounts/vg_6c7ff8b53124baa86b5b789cd93274e1/brick_5eea6d216e8d34bac7c5f4983399a49f/brick'
Result: 
[sshexec] DEBUG 2017/04/27 02:04:15 /src/github.com/heketi/heketi/pkg/utils/ssh/ssh.go:176: Host: 192.168.48.14:22 Command: /bin/bash -c 'chown :2000 /var/lib/heketi/mounts/vg_d72d3bd802d4e511a80ce2f16181289d/brick_ca98c668f338f6e4fbc881d7acc6eaf4/brick'
Result: 
[sshexec] DEBUG 2017/04/27 02:04:15 /src/github.com/heketi/heketi/pkg/utils/ssh/ssh.go:176: Host: 192.168.48.14:22 Command: /bin/bash -c 'chmod 2775 /var/lib/heketi/mounts/vg_d72d3bd802d4e511a80ce2f16181289d/brick_ca98c668f338f6e4fbc881d7acc6eaf4/brick'
Result: 
[sshexec] DEBUG 2017/04/27 02:04:15 /src/github.com/heketi/heketi/pkg/utils/ssh/ssh.go:176: Host: 192.168.48.17:22 Command: /bin/bash -c 'chown :2000 /var/lib/heketi/mounts/vg_6c7ff8b53124baa86b5b789cd93274e1/brick_5eea6d216e8d34bac7c5f4983399a49f/brick'
Result: 
[sshexec] DEBUG 2017/04/27 02:04:15 /src/github.com/heketi/heketi/pkg/utils/ssh/ssh.go:176: Host: 192.168.48.17:22 Command: /bin/bash -c 'chmod 2775 /var/lib/heketi/mounts/vg_6c7ff8b53124baa86b5b789cd93274e1/brick_5eea6d216e8d34bac7c5f4983399a49f/brick'
Result: 
[sshexec] INFO 2017/04/27 02:04:15 Creating volume vol_15647b55161ff900d4e9c3ea58d4a05d replica 3
[sshexec] ERROR 2017/04/27 02:04:15 /src/github.com/heketi/heketi/pkg/utils/ssh/ssh.go:173: Failed to run command [/bin/bash -c 'gluster --mode=script volume create vol_15647b55161ff900d4e9c3ea58d4a05d replica 3 192.168.48.14:/var/lib/heketi/mounts/vg_d72d3bd802d4e511a80ce2f16181289d/brick_ca98c668f338f6e4fbc881d7acc6eaf4/brick 192.168.48.12:/var/lib/heketi/mounts/vg_403cca7edce115dc1c641acc2f5f11fb/brick_59ea5883f2689d036d7a7b95e2f63df5/brick 192.168.48.17:/var/lib/heketi/mounts/vg_6c7ff8b53124baa86b5b789cd93274e1/brick_5eea6d216e8d34bac7c5f4983399a49f/brick '] on 192.168.48.14:22: Err[Process exited with: 1. Reason was:  ()]: Stdout []: Stderr [volume create: vol_15647b55161ff900d4e9c3ea58d4a05d: failed: Staging failed on 192.168.48.12. Error: Host 192.168.48.14 not connected
]
[sshexec] ERROR 2017/04/27 02:04:15 /src/github.com/heketi/heketi/pkg/utils/ssh/ssh.go:173: Failed to run command [/bin/bash -c 'gluster --mode=script volume stop vol_15647b55161ff900d4e9c3ea58d4a05d force'] on 192.168.48.14:22: Err[Process exited with: 1. Reason was:  ()]: Stdout []: Stderr [volume stop: vol_15647b55161ff900d4e9c3ea58d4a05d: failed: Volume vol_15647b55161ff900d4e9c3ea58d4a05d does not exist
]
[sshexec] ERROR 2017/04/27 02:04:15 /src/github.com/heketi/heketi/executors/sshexec/volume.go:130: Unable to stop volume vol_15647b55161ff900d4e9c3ea58d4a05d: volume stop: vol_15647b55161ff900d4e9c3ea58d4a05d: failed: Volume vol_15647b55161ff900d4e9c3ea58d4a05d does not exist
[negroni] Started GET /queue/43829c83b9d8837ffdf6cbf013b0297c
[negroni] Completed 200 OK in 266.027µs
[sshexec] ERROR 2017/04/27 02:04:16 /src/github.com/heketi/heketi/pkg/utils/ssh/ssh.go:173: Failed to run command [/bin/bash -c 'gluster --mode=script volume delete vol_15647b55161ff900d4e9c3ea58d4a05d'] on 192.168.48.14:22: Err[Process exited with: 1. Reason was:  ()]: Stdout []: Stderr [volume delete: vol_15647b55161ff900d4e9c3ea58d4a05d: failed: Volume vol_15647b55161ff900d4e9c3ea58d4a05d does not exist
]
[sshexec] ERROR 2017/04/27 02:04:16 /src/github.com/heketi/heketi/executors/sshexec/volume.go:139: Unable to delete volume vol_15647b55161ff900d4e9c3ea58d4a05d: volume delete: vol_15647b55161ff900d4e9c3ea58d4a05d: failed: Volume vol_15647b55161ff900d4e9c3ea58d4a05d does not exist
[heketi] INFO 2017/04/27 02:04:16 Deleting brick 5eea6d216e8d34bac7c5f4983399a49f
[heketi] INFO 2017/04/27 02:04:16 Deleting brick ca98c668f338f6e4fbc881d7acc6eaf4
[heketi] INFO 2017/04/27 02:04:16 Deleting brick 59ea5883f2689d036d7a7b95e2f63df5
[sshexec] DEBUG 2017/04/27 02:04:16 /src/github.com/heketi/heketi/pkg/utils/ssh/ssh.go:176: Host: 192.168.48.12:22 Command: /bin/bash -c 'umount /var/lib/heketi/mounts/vg_403cca7edce115dc1c641acc2f5f11fb/brick_59ea5883f2689d036d7a7b95e2f63df5'
Result: 
[sshexec] DEBUG 2017/04/27 02:04:16 /src/github.com/heketi/heketi/pkg/utils/ssh/ssh.go:176: Host: 192.168.48.14:22 Command: /bin/bash -c 'umount /var/lib/heketi/mounts/vg_d72d3bd802d4e511a80ce2f16181289d/brick_ca98c668f338f6e4fbc881d7acc6eaf4'
Result: 
[sshexec] DEBUG 2017/04/27 02:04:16 /src/github.com/heketi/heketi/pkg/utils/ssh/ssh.go:176: Host: 192.168.48.17:22 Command: /bin/bash -c 'umount /var/lib/heketi/mounts/vg_6c7ff8b53124baa86b5b789cd93274e1/brick_5eea6d216e8d34bac7c5f4983399a49f'
Result: 
[negroni] Started GET /queue/43829c83b9d8837ffdf6cbf013b0297c
[negroni] Completed 200 OK in 121.116µs
[sshexec] DEBUG 2017/04/27 02:04:16 /src/github.com/heketi/heketi/pkg/utils/ssh/ssh.go:176: Host: 192.168.48.12:22 Command: /bin/bash -c 'lvremove -f vg_403cca7edce115dc1c641acc2f5f11fb/tp_59ea5883f2689d036d7a7b95e2f63df5'
Result:   Logical volume "brick_59ea5883f2689d036d7a7b95e2f63df5" successfully removed
  Logical volume "tp_59ea5883f2689d036d7a7b95e2f63df5" successfully removed
[sshexec] DEBUG 2017/04/27 02:04:16 /src/github.com/heketi/heketi/pkg/utils/ssh/ssh.go:176: Host: 192.168.48.17:22 Command: /bin/bash -c 'lvremove -f vg_6c7ff8b53124baa86b5b789cd93274e1/tp_5eea6d216e8d34bac7c5f4983399a49f'
Result:   Logical volume "brick_5eea6d216e8d34bac7c5f4983399a49f" successfully removed
  Logical volume "tp_5eea6d216e8d34bac7c5f4983399a49f" successfully removed
[sshexec] DEBUG 2017/04/27 02:04:16 /src/github.com/heketi/heketi/pkg/utils/ssh/ssh.go:176: Host: 192.168.48.14:22 Command: /bin/bash -c 'lvremove -f vg_d72d3bd802d4e511a80ce2f16181289d/tp_ca98c668f338f6e4fbc881d7acc6eaf4'
Result:   Logical volume "brick_ca98c668f338f6e4fbc881d7acc6eaf4" successfully removed
  Logical volume "tp_ca98c668f338f6e4fbc881d7acc6eaf4" successfully removed
[sshexec] DEBUG 2017/04/27 02:04:17 /src/github.com/heketi/heketi/pkg/utils/ssh/ssh.go:176: Host: 192.168.48.12:22 Command: /bin/bash -c 'rmdir /var/lib/heketi/mounts/vg_403cca7edce115dc1c641acc2f5f11fb/brick_59ea5883f2689d036d7a7b95e2f63df5'
Result: 
[sshexec] DEBUG 2017/04/27 02:04:17 /src/github.com/heketi/heketi/pkg/utils/ssh/ssh.go:176: Host: 192.168.48.14:22 Command: /bin/bash -c 'rmdir /var/lib/heketi/mounts/vg_d72d3bd802d4e511a80ce2f16181289d/brick_ca98c668f338f6e4fbc881d7acc6eaf4'
Result: 
[sshexec] DEBUG 2017/04/27 02:04:17 /src/github.com/heketi/heketi/pkg/utils/ssh/ssh.go:176: Host: 192.168.48.17:22 Command: /bin/bash -c 'rmdir /var/lib/heketi/mounts/vg_6c7ff8b53124baa86b5b789cd93274e1/brick_5eea6d216e8d34bac7c5f4983399a49f'
Result: 
[sshexec] DEBUG 2017/04/27 02:04:17 /src/github.com/heketi/heketi/pkg/utils/ssh/ssh.go:176: Host: 192.168.48.12:22 Command: /bin/bash -c 'sed -i.save "/brick_59ea5883f2689d036d7a7b95e2f63df5/d" /etc/fstab'
Result: 
[sshexec] DEBUG 2017/04/27 02:04:17 /src/github.com/heketi/heketi/pkg/utils/ssh/ssh.go:176: Host: 192.168.48.14:22 Command: /bin/bash -c 'sed -i.save "/brick_ca98c668f338f6e4fbc881d7acc6eaf4/d" /etc/fstab'
Result: 
[sshexec] DEBUG 2017/04/27 02:04:17 /src/github.com/heketi/heketi/pkg/utils/ssh/ssh.go:176: Host: 192.168.48.17:22 Command: /bin/bash -c 'sed -i.save "/brick_5eea6d216e8d34bac7c5f4983399a49f/d" /etc/fstab'
Result: 
[asynchttp] INFO 2017/04/27 02:04:17 Completed job 43829c83b9d8837ffdf6cbf013b0297c in 3.688538185s
[heketi] ERROR 2017/04/27 02:04:17 /src/github.com/heketi/heketi/apps/glusterfs/app_volume.go:148: Failed to create volume: volume create: vol_15647b55161ff900d4e9c3ea58d4a05d: failed: Staging failed on 192.168.48.12. Error: Host 192.168.48.14 not connected
[negroni] Started GET /queue/43829c83b9d8837ffdf6cbf013b0297c
[negroni] Completed 500 Internal Server Error in 128.789µs
[negroni] Started POST /volumes
[negroni] Completed 202 Accepted in 14.828707ms
[asynchttp] INFO 2017/04/27 02:04:28 Started job 2b7aee318156b4f69503b4b1fc48a4b1
[heketi] INFO 2017/04/27 02:04:28 Creating volume 1829ad5aac2b6403b28b13b912918574
[heketi] INFO 2017/04/27 02:04:28 brick_num: 0
[negroni] Started GET /queue/2b7aee318156b4f69503b4b1fc48a4b1
[negroni] Completed 200 OK in 50.114µs
[heketi] INFO 2017/04/27 02:04:28 Creating brick 46cf19486cc8930fb1f599d769bc3d20
[heketi] INFO 2017/04/27 02:04:28 Creating brick 4390b69d639f79320f9101957519656c
[heketi] INFO 2017/04/27 02:04:28 Creating brick bc737af8263a7951dd6f7fb450e27bff
[sshexec] DEBUG 2017/04/27 02:04:29 /src/github.com/heketi/heketi/pkg/utils/ssh/ssh.go:176: Host: 192.168.48.12:22 Command: /bin/bash -c 'mkdir -p /var/lib/heketi/mounts/vg_403cca7edce115dc1c641acc2f5f11fb/brick_4390b69d639f79320f9101957519656c'
Result: 
[sshexec] DEBUG 2017/04/27 02:04:29 /src/github.com/heketi/heketi/pkg/utils/ssh/ssh.go:176: Host: 192.168.48.14:22 Command: /bin/bash -c 'mkdir -p /var/lib/heketi/mounts/vg_d72d3bd802d4e511a80ce2f16181289d/brick_46cf19486cc8930fb1f599d769bc3d20'
Result: 
[sshexec] DEBUG 2017/04/27 02:04:29 /src/github.com/heketi/heketi/pkg/utils/ssh/ssh.go:176: Host: 192.168.48.17:22 Command: /bin/bash -c 'mkdir -p /var/lib/heketi/mounts/vg_6c7ff8b53124baa86b5b789cd93274e1/brick_bc737af8263a7951dd6f7fb450e27bff'
Result: 
[sshexec] DEBUG 2017/04/27 02:04:29 /src/github.com/heketi/heketi/pkg/utils/ssh/ssh.go:176: Host: 192.168.48.12:22 Command: /bin/bash -c 'lvcreate --poolmetadatasize 8192K -c 256K -L 1048576K -T vg_403cca7edce115dc1c641acc2f5f11fb/tp_4390b69d639f79320f9101957519656c -V 1048576K -n brick_4390b69d639f79320f9101957519656c'
Result:   Logical volume "brick_4390b69d639f79320f9101957519656c" created.
[sshexec] DEBUG 2017/04/27 02:04:29 /src/github.com/heketi/heketi/pkg/utils/ssh/ssh.go:176: Host: 192.168.48.14:22 Command: /bin/bash -c 'lvcreate --poolmetadatasize 8192K -c 256K -L 1048576K -T vg_d72d3bd802d4e511a80ce2f16181289d/tp_46cf19486cc8930fb1f599d769bc3d20 -V 1048576K -n brick_46cf19486cc8930fb1f599d769bc3d20'
Result:   Logical volume "brick_46cf19486cc8930fb1f599d769bc3d20" created.
[negroni] Started GET /queue/2b7aee318156b4f69503b4b1fc48a4b1
[negroni] Completed 200 OK in 71.474µs
[sshexec] DEBUG 2017/04/27 02:04:29 /src/github.com/heketi/heketi/pkg/utils/ssh/ssh.go:176: Host: 192.168.48.17:22 Command: /bin/bash -c 'lvcreate --poolmetadatasize 8192K -c 256K -L 1048576K -T vg_6c7ff8b53124baa86b5b789cd93274e1/tp_bc737af8263a7951dd6f7fb450e27bff -V 1048576K -n brick_bc737af8263a7951dd6f7fb450e27bff'
Result:   Logical volume "brick_bc737af8263a7951dd6f7fb450e27bff" created.
[sshexec] DEBUG 2017/04/27 02:04:29 /src/github.com/heketi/heketi/pkg/utils/ssh/ssh.go:176: Host: 192.168.48.14:22 Command: /bin/bash -c 'mkfs.xfs -i size=512 -n size=8192 /dev/mapper/vg_d72d3bd802d4e511a80ce2f16181289d-brick_46cf19486cc8930fb1f599d769bc3d20'
Result: meta-data=/dev/mapper/vg_d72d3bd802d4e511a80ce2f16181289d-brick_46cf19486cc8930fb1f599d769bc3d20 isize=512    agcount=8, agsize=32704 blks
         =                       sectsz=512   attr=2, projid32bit=1
         =                       crc=1        finobt=1, sparse=0
data     =                       bsize=4096   blocks=261632, imaxpct=25
         =                       sunit=64     swidth=64 blks
naming   =version 2              bsize=8192   ascii-ci=0 ftype=1
log      =internal log           bsize=4096   blocks=1728, version=2
         =                       sectsz=512   sunit=64 blks, lazy-count=1
realtime =none                   extsz=4096   blocks=0, rtextents=0
[sshexec] DEBUG 2017/04/27 02:04:29 /src/github.com/heketi/heketi/pkg/utils/ssh/ssh.go:176: Host: 192.168.48.14:22 Command: /bin/bash -c 'echo "/dev/mapper/vg_d72d3bd802d4e511a80ce2f16181289d-brick_46cf19486cc8930fb1f599d769bc3d20 /var/lib/heketi/mounts/vg_d72d3bd802d4e511a80ce2f16181289d/brick_46cf19486cc8930fb1f599d769bc3d20 xfs rw,inode64,noatime,nouuid 1 2" | tee -a /etc/fstab > /dev/null '
Result: 
[sshexec] DEBUG 2017/04/27 02:04:29 /src/github.com/heketi/heketi/pkg/utils/ssh/ssh.go:176: Host: 192.168.48.12:22 Command: /bin/bash -c 'mkfs.xfs -i size=512 -n size=8192 /dev/mapper/vg_403cca7edce115dc1c641acc2f5f11fb-brick_4390b69d639f79320f9101957519656c'
Result: meta-data=/dev/mapper/vg_403cca7edce115dc1c641acc2f5f11fb-brick_4390b69d639f79320f9101957519656c isize=512    agcount=8, agsize=32704 blks
         =                       sectsz=4096  attr=2, projid32bit=1
         =                       crc=1        finobt=1, sparse=0
data     =                       bsize=4096   blocks=261632, imaxpct=25
         =                       sunit=64     swidth=64 blks
naming   =version 2              bsize=8192   ascii-ci=0 ftype=1
log      =internal log           bsize=4096   blocks=576, version=2
         =                       sectsz=4096  sunit=1 blks, lazy-count=1
realtime =none                   extsz=4096   blocks=0, rtextents=0
[sshexec] DEBUG 2017/04/27 02:04:29 /src/github.com/heketi/heketi/pkg/utils/ssh/ssh.go:176: Host: 192.168.48.12:22 Command: /bin/bash -c 'echo "/dev/mapper/vg_403cca7edce115dc1c641acc2f5f11fb-brick_4390b69d639f79320f9101957519656c /var/lib/heketi/mounts/vg_403cca7edce115dc1c641acc2f5f11fb/brick_4390b69d639f79320f9101957519656c xfs rw,inode64,noatime,nouuid 1 2" | tee -a /etc/fstab > /dev/null '
Result: 
[sshexec] DEBUG 2017/04/27 02:04:29 /src/github.com/heketi/heketi/pkg/utils/ssh/ssh.go:176: Host: 192.168.48.17:22 Command: /bin/bash -c 'mkfs.xfs -i size=512 -n size=8192 /dev/mapper/vg_6c7ff8b53124baa86b5b789cd93274e1-brick_bc737af8263a7951dd6f7fb450e27bff'
Result: meta-data=/dev/mapper/vg_6c7ff8b53124baa86b5b789cd93274e1-brick_bc737af8263a7951dd6f7fb450e27bff isize=512    agcount=8, agsize=32704 blks
         =                       sectsz=512   attr=2, projid32bit=1
         =                       crc=1        finobt=1, sparse=0
data     =                       bsize=4096   blocks=261632, imaxpct=25
         =                       sunit=64     swidth=64 blks
naming   =version 2              bsize=8192   ascii-ci=0 ftype=1
log      =internal log           bsize=4096   blocks=1728, version=2
         =                       sectsz=512   sunit=64 blks, lazy-count=1
realtime =none                   extsz=4096   blocks=0, rtextents=0
[sshexec] DEBUG 2017/04/27 02:04:29 /src/github.com/heketi/heketi/pkg/utils/ssh/ssh.go:176: Host: 192.168.48.17:22 Command: /bin/bash -c 'echo "/dev/mapper/vg_6c7ff8b53124baa86b5b789cd93274e1-brick_bc737af8263a7951dd6f7fb450e27bff /var/lib/heketi/mounts/vg_6c7ff8b53124baa86b5b789cd93274e1/brick_bc737af8263a7951dd6f7fb450e27bff xfs rw,inode64,noatime,nouuid 1 2" | tee -a /etc/fstab > /dev/null '
Result: 
[sshexec] DEBUG 2017/04/27 02:04:30 /src/github.com/heketi/heketi/pkg/utils/ssh/ssh.go:176: Host: 192.168.48.12:22 Command: /bin/bash -c 'mount -o rw,inode64,noatime,nouuid /dev/mapper/vg_403cca7edce115dc1c641acc2f5f11fb-brick_4390b69d639f79320f9101957519656c /var/lib/heketi/mounts/vg_403cca7edce115dc1c641acc2f5f11fb/brick_4390b69d639f79320f9101957519656c'
Result: 
[sshexec] DEBUG 2017/04/27 02:04:30 /src/github.com/heketi/heketi/pkg/utils/ssh/ssh.go:176: Host: 192.168.48.12:22 Command: /bin/bash -c 'mkdir /var/lib/heketi/mounts/vg_403cca7edce115dc1c641acc2f5f11fb/brick_4390b69d639f79320f9101957519656c/brick'
Result: 
[sshexec] DEBUG 2017/04/27 02:04:30 /src/github.com/heketi/heketi/pkg/utils/ssh/ssh.go:176: Host: 192.168.48.12:22 Command: /bin/bash -c 'chown :2000 /var/lib/heketi/mounts/vg_403cca7edce115dc1c641acc2f5f11fb/brick_4390b69d639f79320f9101957519656c/brick'
Result: 
[sshexec] DEBUG 2017/04/27 02:04:30 /src/github.com/heketi/heketi/pkg/utils/ssh/ssh.go:176: Host: 192.168.48.12:22 Command: /bin/bash -c 'chmod 2775 /var/lib/heketi/mounts/vg_403cca7edce115dc1c641acc2f5f11fb/brick_4390b69d639f79320f9101957519656c/brick'
Result: 
[sshexec] DEBUG 2017/04/27 02:04:30 /src/github.com/heketi/heketi/pkg/utils/ssh/ssh.go:176: Host: 192.168.48.14:22 Command: /bin/bash -c 'mount -o rw,inode64,noatime,nouuid /dev/mapper/vg_d72d3bd802d4e511a80ce2f16181289d-brick_46cf19486cc8930fb1f599d769bc3d20 /var/lib/heketi/mounts/vg_d72d3bd802d4e511a80ce2f16181289d/brick_46cf19486cc8930fb1f599d769bc3d20'
Result: 
[sshexec] DEBUG 2017/04/27 02:04:30 /src/github.com/heketi/heketi/pkg/utils/ssh/ssh.go:176: Host: 192.168.48.14:22 Command: /bin/bash -c 'mkdir /var/lib/heketi/mounts/vg_d72d3bd802d4e511a80ce2f16181289d/brick_46cf19486cc8930fb1f599d769bc3d20/brick'
Result: 
[sshexec] DEBUG 2017/04/27 02:04:30 /src/github.com/heketi/heketi/pkg/utils/ssh/ssh.go:176: Host: 192.168.48.14:22 Command: /bin/bash -c 'chown :2000 /var/lib/heketi/mounts/vg_d72d3bd802d4e511a80ce2f16181289d/brick_46cf19486cc8930fb1f599d769bc3d20/brick'
Result: 
[sshexec] DEBUG 2017/04/27 02:04:30 /src/github.com/heketi/heketi/pkg/utils/ssh/ssh.go:176: Host: 192.168.48.14:22 Command: /bin/bash -c 'chmod 2775 /var/lib/heketi/mounts/vg_d72d3bd802d4e511a80ce2f16181289d/brick_46cf19486cc8930fb1f599d769bc3d20/brick'
Result: 
[sshexec] DEBUG 2017/04/27 02:04:30 /src/github.com/heketi/heketi/pkg/utils/ssh/ssh.go:176: Host: 192.168.48.17:22 Command: /bin/bash -c 'mount -o rw,inode64,noatime,nouuid /dev/mapper/vg_6c7ff8b53124baa86b5b789cd93274e1-brick_bc737af8263a7951dd6f7fb450e27bff /var/lib/heketi/mounts/vg_6c7ff8b53124baa86b5b789cd93274e1/brick_bc737af8263a7951dd6f7fb450e27bff'
Result: 
[sshexec] DEBUG 2017/04/27 02:04:30 /src/github.com/heketi/heketi/pkg/utils/ssh/ssh.go:176: Host: 192.168.48.17:22 Command: /bin/bash -c 'mkdir /var/lib/heketi/mounts/vg_6c7ff8b53124baa86b5b789cd93274e1/brick_bc737af8263a7951dd6f7fb450e27bff/brick'
Result: 
[sshexec] DEBUG 2017/04/27 02:04:30 /src/github.com/heketi/heketi/pkg/utils/ssh/ssh.go:176: Host: 192.168.48.17:22 Command: /bin/bash -c 'chown :2000 /var/lib/heketi/mounts/vg_6c7ff8b53124baa86b5b789cd93274e1/brick_bc737af8263a7951dd6f7fb450e27bff/brick'
Result: 
[sshexec] DEBUG 2017/04/27 02:04:30 /src/github.com/heketi/heketi/pkg/utils/ssh/ssh.go:176: Host: 192.168.48.17:22 Command: /bin/bash -c 'chmod 2775 /var/lib/heketi/mounts/vg_6c7ff8b53124baa86b5b789cd93274e1/brick_bc737af8263a7951dd6f7fb450e27bff/brick'
Result: 
[sshexec] INFO 2017/04/27 02:04:30 Creating volume vol_1829ad5aac2b6403b28b13b912918574 replica 3
[sshexec] ERROR 2017/04/27 02:04:30 /src/github.com/heketi/heketi/pkg/utils/ssh/ssh.go:173: Failed to run command [/bin/bash -c 'gluster --mode=script volume create vol_1829ad5aac2b6403b28b13b912918574 replica 3 192.168.48.14:/var/lib/heketi/mounts/vg_d72d3bd802d4e511a80ce2f16181289d/brick_46cf19486cc8930fb1f599d769bc3d20/brick 192.168.48.12:/var/lib/heketi/mounts/vg_403cca7edce115dc1c641acc2f5f11fb/brick_4390b69d639f79320f9101957519656c/brick 192.168.48.17:/var/lib/heketi/mounts/vg_6c7ff8b53124baa86b5b789cd93274e1/brick_bc737af8263a7951dd6f7fb450e27bff/brick '] on 192.168.48.14:22: Err[Process exited with: 1. Reason was:  ()]: Stdout []: Stderr [volume create: vol_1829ad5aac2b6403b28b13b912918574: failed: Staging failed on 192.168.48.12. Error: Host 192.168.48.14 not connected
]
[negroni] Started GET /queue/2b7aee318156b4f69503b4b1fc48a4b1
[negroni] Completed 200 OK in 85.786µs
[sshexec] ERROR 2017/04/27 02:04:30 /src/github.com/heketi/heketi/pkg/utils/ssh/ssh.go:173: Failed to run command [/bin/bash -c 'gluster --mode=script volume stop vol_1829ad5aac2b6403b28b13b912918574 force'] on 192.168.48.14:22: Err[Process exited with: 1. Reason was:  ()]: Stdout []: Stderr [volume stop: vol_1829ad5aac2b6403b28b13b912918574: failed: Volume vol_1829ad5aac2b6403b28b13b912918574 does not exist
]
[sshexec] ERROR 2017/04/27 02:04:30 /src/github.com/heketi/heketi/executors/sshexec/volume.go:130: Unable to stop volume vol_1829ad5aac2b6403b28b13b912918574: volume stop: vol_1829ad5aac2b6403b28b13b912918574: failed: Volume vol_1829ad5aac2b6403b28b13b912918574 does not exist
[sshexec] ERROR 2017/04/27 02:04:31 /src/github.com/heketi/heketi/pkg/utils/ssh/ssh.go:173: Failed to run command [/bin/bash -c 'gluster --mode=script volume delete vol_1829ad5aac2b6403b28b13b912918574'] on 192.168.48.14:22: Err[Process exited with: 1. Reason was:  ()]: Stdout []: Stderr [volume delete: vol_1829ad5aac2b6403b28b13b912918574: failed: Volume vol_1829ad5aac2b6403b28b13b912918574 does not exist
]
[sshexec] ERROR 2017/04/27 02:04:31 /src/github.com/heketi/heketi/executors/sshexec/volume.go:139: Unable to delete volume vol_1829ad5aac2b6403b28b13b912918574: volume delete: vol_1829ad5aac2b6403b28b13b912918574: failed: Volume vol_1829ad5aac2b6403b28b13b912918574 does not exist
[heketi] INFO 2017/04/27 02:04:31 Deleting brick bc737af8263a7951dd6f7fb450e27bff
[heketi] INFO 2017/04/27 02:04:31 Deleting brick 4390b69d639f79320f9101957519656c
[heketi] INFO 2017/04/27 02:04:31 Deleting brick 46cf19486cc8930fb1f599d769bc3d20
[sshexec] DEBUG 2017/04/27 02:04:31 /src/github.com/heketi/heketi/pkg/utils/ssh/ssh.go:176: Host: 192.168.48.12:22 Command: /bin/bash -c 'umount /var/lib/heketi/mounts/vg_403cca7edce115dc1c641acc2f5f11fb/brick_4390b69d639f79320f9101957519656c'
Result: 
[sshexec] DEBUG 2017/04/27 02:04:31 /src/github.com/heketi/heketi/pkg/utils/ssh/ssh.go:176: Host: 192.168.48.14:22 Command: /bin/bash -c 'umount /var/lib/heketi/mounts/vg_d72d3bd802d4e511a80ce2f16181289d/brick_46cf19486cc8930fb1f599d769bc3d20'
Result: 
[sshexec] DEBUG 2017/04/27 02:04:31 /src/github.com/heketi/heketi/pkg/utils/ssh/ssh.go:176: Host: 192.168.48.17:22 Command: /bin/bash -c 'umount /var/lib/heketi/mounts/vg_6c7ff8b53124baa86b5b789cd93274e1/brick_bc737af8263a7951dd6f7fb450e27bff'
Result: 
[negroni] Started GET /queue/2b7aee318156b4f69503b4b1fc48a4b1
[negroni] Completed 200 OK in 292.105µs
[sshexec] DEBUG 2017/04/27 02:04:32 /src/github.com/heketi/heketi/pkg/utils/ssh/ssh.go:176: Host: 192.168.48.12:22 Command: /bin/bash -c 'lvremove -f vg_403cca7edce115dc1c641acc2f5f11fb/tp_4390b69d639f79320f9101957519656c'
Result:   Logical volume "brick_4390b69d639f79320f9101957519656c" successfully removed
  Logical volume "tp_4390b69d639f79320f9101957519656c" successfully removed
[sshexec] DEBUG 2017/04/27 02:04:32 /src/github.com/heketi/heketi/pkg/utils/ssh/ssh.go:176: Host: 192.168.48.14:22 Command: /bin/bash -c 'lvremove -f vg_d72d3bd802d4e511a80ce2f16181289d/tp_46cf19486cc8930fb1f599d769bc3d20'
Result:   Logical volume "brick_46cf19486cc8930fb1f599d769bc3d20" successfully removed
  Logical volume "tp_46cf19486cc8930fb1f599d769bc3d20" successfully removed
[sshexec] DEBUG 2017/04/27 02:04:32 /src/github.com/heketi/heketi/pkg/utils/ssh/ssh.go:176: Host: 192.168.48.17:22 Command: /bin/bash -c 'lvremove -f vg_6c7ff8b53124baa86b5b789cd93274e1/tp_bc737af8263a7951dd6f7fb450e27bff'
Result:   Logical volume "brick_bc737af8263a7951dd6f7fb450e27bff" successfully removed
  Logical volume "tp_bc737af8263a7951dd6f7fb450e27bff" successfully removed
[sshexec] DEBUG 2017/04/27 02:04:32 /src/github.com/heketi/heketi/pkg/utils/ssh/ssh.go:176: Host: 192.168.48.12:22 Command: /bin/bash -c 'rmdir /var/lib/heketi/mounts/vg_403cca7edce115dc1c641acc2f5f11fb/brick_4390b69d639f79320f9101957519656c'
Result: 
[sshexec] DEBUG 2017/04/27 02:04:32 /src/github.com/heketi/heketi/pkg/utils/ssh/ssh.go:176: Host: 192.168.48.14:22 Command: /bin/bash -c 'rmdir /var/lib/heketi/mounts/vg_d72d3bd802d4e511a80ce2f16181289d/brick_46cf19486cc8930fb1f599d769bc3d20'
Result: 
[sshexec] DEBUG 2017/04/27 02:04:32 /src/github.com/heketi/heketi/pkg/utils/ssh/ssh.go:176: Host: 192.168.48.17:22 Command: /bin/bash -c 'rmdir /var/lib/heketi/mounts/vg_6c7ff8b53124baa86b5b789cd93274e1/brick_bc737af8263a7951dd6f7fb450e27bff'
Result: 
[sshexec] DEBUG 2017/04/27 02:04:32 /src/github.com/heketi/heketi/pkg/utils/ssh/ssh.go:176: Host: 192.168.48.12:22 Command: /bin/bash -c 'sed -i.save "/brick_4390b69d639f79320f9101957519656c/d" /etc/fstab'
Result: 
[sshexec] DEBUG 2017/04/27 02:04:32 /src/github.com/heketi/heketi/pkg/utils/ssh/ssh.go:176: Host: 192.168.48.14:22 Command: /bin/bash -c 'sed -i.save "/brick_46cf19486cc8930fb1f599d769bc3d20/d" /etc/fstab'
Result: 
[sshexec] DEBUG 2017/04/27 02:04:32 /src/github.com/heketi/heketi/pkg/utils/ssh/ssh.go:176: Host: 192.168.48.17:22 Command: /bin/bash -c 'sed -i.save "/brick_bc737af8263a7951dd6f7fb450e27bff/d" /etc/fstab'
Result: 
[negroni] Started GET /queue/2b7aee318156b4f69503b4b1fc48a4b1
[negroni] Completed 200 OK in 93.743µs
[asynchttp] INFO 2017/04/27 02:04:32 Completed job 2b7aee318156b4f69503b4b1fc48a4b1 in 4.027796745s
[heketi] ERROR 2017/04/27 02:04:32 /src/github.com/heketi/heketi/apps/glusterfs/app_volume.go:148: Failed to create volume: volume create: vol_1829ad5aac2b6403b28b13b912918574: failed: Staging failed on 192.168.48.12. Error: Host 192.168.48.14 not connected
[negroni] Started GET /queue/2b7aee318156b4f69503b4b1fc48a4b1
[negroni] Completed 500 Internal Server Error in 168.046µs
[negroni] Started POST /volumes
[negroni] Completed 202 Accepted in 22.778817ms
[asynchttp] INFO 2017/04/27 02:04:43 Started job 9ed03ef34e1a56ac16e54a122dd3f79d
[heketi] INFO 2017/04/27 02:04:43 Creating volume 52b790b6d8132ac3e38b9beb4fab0f90
[heketi] INFO 2017/04/27 02:04:43 brick_num: 0
[negroni] Started GET /queue/9ed03ef34e1a56ac16e54a122dd3f79d
[negroni] Completed 200 OK in 141.364µs
[heketi] INFO 2017/04/27 02:04:43 Creating brick d86c95de78c192cbd20ecb430ae2fc8e
[heketi] INFO 2017/04/27 02:04:43 Creating brick 785bc9f8270c2f5f1a72d3bda5f4c4f4
[heketi] INFO 2017/04/27 02:04:43 Creating brick 356cb664927379796e9baf65948145a3
[sshexec] DEBUG 2017/04/27 02:04:44 /src/github.com/heketi/heketi/pkg/utils/ssh/ssh.go:176: Host: 192.168.48.12:22 Command: /bin/bash -c 'mkdir -p /var/lib/heketi/mounts/vg_403cca7edce115dc1c641acc2f5f11fb/brick_356cb664927379796e9baf65948145a3'
Result: 
[sshexec] DEBUG 2017/04/27 02:04:44 /src/github.com/heketi/heketi/pkg/utils/ssh/ssh.go:176: Host: 192.168.48.14:22 Command: /bin/bash -c 'mkdir -p /var/lib/heketi/mounts/vg_d72d3bd802d4e511a80ce2f16181289d/brick_785bc9f8270c2f5f1a72d3bda5f4c4f4'
Result: 
[sshexec] DEBUG 2017/04/27 02:04:44 /src/github.com/heketi/heketi/pkg/utils/ssh/ssh.go:176: Host: 192.168.48.17:22 Command: /bin/bash -c 'mkdir -p /var/lib/heketi/mounts/vg_6c7ff8b53124baa86b5b789cd93274e1/brick_d86c95de78c192cbd20ecb430ae2fc8e'
Result: 
[sshexec] DEBUG 2017/04/27 02:04:44 /src/github.com/heketi/heketi/pkg/utils/ssh/ssh.go:176: Host: 192.168.48.12:22 Command: /bin/bash -c 'lvcreate --poolmetadatasize 8192K -c 256K -L 1048576K -T vg_403cca7edce115dc1c641acc2f5f11fb/tp_356cb664927379796e9baf65948145a3 -V 1048576K -n brick_356cb664927379796e9baf65948145a3'
Result:   Logical volume "brick_356cb664927379796e9baf65948145a3" created.
[sshexec] DEBUG 2017/04/27 02:04:44 /src/github.com/heketi/heketi/pkg/utils/ssh/ssh.go:176: Host: 192.168.48.17:22 Command: /bin/bash -c 'lvcreate --poolmetadatasize 8192K -c 256K -L 1048576K -T vg_6c7ff8b53124baa86b5b789cd93274e1/tp_d86c95de78c192cbd20ecb430ae2fc8e -V 1048576K -n brick_d86c95de78c192cbd20ecb430ae2fc8e'
Result:   Logical volume "brick_d86c95de78c192cbd20ecb430ae2fc8e" created.
[sshexec] DEBUG 2017/04/27 02:04:44 /src/github.com/heketi/heketi/pkg/utils/ssh/ssh.go:176: Host: 192.168.48.14:22 Command: /bin/bash -c 'lvcreate --poolmetadatasize 8192K -c 256K -L 1048576K -T vg_d72d3bd802d4e511a80ce2f16181289d/tp_785bc9f8270c2f5f1a72d3bda5f4c4f4 -V 1048576K -n brick_785bc9f8270c2f5f1a72d3bda5f4c4f4'
Result:   Logical volume "brick_785bc9f8270c2f5f1a72d3bda5f4c4f4" created.
[negroni] Started GET /queue/9ed03ef34e1a56ac16e54a122dd3f79d
[negroni] Completed 200 OK in 71.358µs
[sshexec] DEBUG 2017/04/27 02:04:44 /src/github.com/heketi/heketi/pkg/utils/ssh/ssh.go:176: Host: 192.168.48.12:22 Command: /bin/bash -c 'mkfs.xfs -i size=512 -n size=8192 /dev/mapper/vg_403cca7edce115dc1c641acc2f5f11fb-brick_356cb664927379796e9baf65948145a3'
Result: meta-data=/dev/mapper/vg_403cca7edce115dc1c641acc2f5f11fb-brick_356cb664927379796e9baf65948145a3 isize=512    agcount=8, agsize=32704 blks
         =                       sectsz=4096  attr=2, projid32bit=1
         =                       crc=1        finobt=1, sparse=0
data     =                       bsize=4096   blocks=261632, imaxpct=25
         =                       sunit=64     swidth=64 blks
naming   =version 2              bsize=8192   ascii-ci=0 ftype=1
log      =internal log           bsize=4096   blocks=576, version=2
         =                       sectsz=4096  sunit=1 blks, lazy-count=1
realtime =none                   extsz=4096   blocks=0, rtextents=0
[sshexec] DEBUG 2017/04/27 02:04:44 /src/github.com/heketi/heketi/pkg/utils/ssh/ssh.go:176: Host: 192.168.48.17:22 Command: /bin/bash -c 'mkfs.xfs -i size=512 -n size=8192 /dev/mapper/vg_6c7ff8b53124baa86b5b789cd93274e1-brick_d86c95de78c192cbd20ecb430ae2fc8e'
Result: meta-data=/dev/mapper/vg_6c7ff8b53124baa86b5b789cd93274e1-brick_d86c95de78c192cbd20ecb430ae2fc8e isize=512    agcount=8, agsize=32704 blks
         =                       sectsz=512   attr=2, projid32bit=1
         =                       crc=1        finobt=1, sparse=0
data     =                       bsize=4096   blocks=261632, imaxpct=25
         =                       sunit=64     swidth=64 blks
naming   =version 2              bsize=8192   ascii-ci=0 ftype=1
log      =internal log           bsize=4096   blocks=1728, version=2
         =                       sectsz=512   sunit=64 blks, lazy-count=1
realtime =none                   extsz=4096   blocks=0, rtextents=0
[sshexec] DEBUG 2017/04/27 02:04:44 /src/github.com/heketi/heketi/pkg/utils/ssh/ssh.go:176: Host: 192.168.48.12:22 Command: /bin/bash -c 'echo "/dev/mapper/vg_403cca7edce115dc1c641acc2f5f11fb-brick_356cb664927379796e9baf65948145a3 /var/lib/heketi/mounts/vg_403cca7edce115dc1c641acc2f5f11fb/brick_356cb664927379796e9baf65948145a3 xfs rw,inode64,noatime,nouuid 1 2" | tee -a /etc/fstab > /dev/null '
Result: 
[sshexec] DEBUG 2017/04/27 02:04:44 /src/github.com/heketi/heketi/pkg/utils/ssh/ssh.go:176: Host: 192.168.48.17:22 Command: /bin/bash -c 'echo "/dev/mapper/vg_6c7ff8b53124baa86b5b789cd93274e1-brick_d86c95de78c192cbd20ecb430ae2fc8e /var/lib/heketi/mounts/vg_6c7ff8b53124baa86b5b789cd93274e1/brick_d86c95de78c192cbd20ecb430ae2fc8e xfs rw,inode64,noatime,nouuid 1 2" | tee -a /etc/fstab > /dev/null '
Result: 
[sshexec] DEBUG 2017/04/27 02:04:44 /src/github.com/heketi/heketi/pkg/utils/ssh/ssh.go:176: Host: 192.168.48.14:22 Command: /bin/bash -c 'mkfs.xfs -i size=512 -n size=8192 /dev/mapper/vg_d72d3bd802d4e511a80ce2f16181289d-brick_785bc9f8270c2f5f1a72d3bda5f4c4f4'
Result: meta-data=/dev/mapper/vg_d72d3bd802d4e511a80ce2f16181289d-brick_785bc9f8270c2f5f1a72d3bda5f4c4f4 isize=512    agcount=8, agsize=32704 blks
         =                       sectsz=512   attr=2, projid32bit=1
         =                       crc=1        finobt=1, sparse=0
data     =                       bsize=4096   blocks=261632, imaxpct=25
         =                       sunit=64     swidth=64 blks
naming   =version 2              bsize=8192   ascii-ci=0 ftype=1
log      =internal log           bsize=4096   blocks=1728, version=2
         =                       sectsz=512   sunit=64 blks, lazy-count=1
realtime =none                   extsz=4096   blocks=0, rtextents=0
[sshexec] DEBUG 2017/04/27 02:04:44 /src/github.com/heketi/heketi/pkg/utils/ssh/ssh.go:176: Host: 192.168.48.14:22 Command: /bin/bash -c 'echo "/dev/mapper/vg_d72d3bd802d4e511a80ce2f16181289d-brick_785bc9f8270c2f5f1a72d3bda5f4c4f4 /var/lib/heketi/mounts/vg_d72d3bd802d4e511a80ce2f16181289d/brick_785bc9f8270c2f5f1a72d3bda5f4c4f4 xfs rw,inode64,noatime,nouuid 1 2" | tee -a /etc/fstab > /dev/null '
Result: 
[sshexec] DEBUG 2017/04/27 02:04:44 /src/github.com/heketi/heketi/pkg/utils/ssh/ssh.go:176: Host: 192.168.48.12:22 Command: /bin/bash -c 'mount -o rw,inode64,noatime,nouuid /dev/mapper/vg_403cca7edce115dc1c641acc2f5f11fb-brick_356cb664927379796e9baf65948145a3 /var/lib/heketi/mounts/vg_403cca7edce115dc1c641acc2f5f11fb/brick_356cb664927379796e9baf65948145a3'
Result: 
[sshexec] DEBUG 2017/04/27 02:04:44 /src/github.com/heketi/heketi/pkg/utils/ssh/ssh.go:176: Host: 192.168.48.12:22 Command: /bin/bash -c 'mkdir /var/lib/heketi/mounts/vg_403cca7edce115dc1c641acc2f5f11fb/brick_356cb664927379796e9baf65948145a3/brick'
Result: 
[sshexec] DEBUG 2017/04/27 02:04:44 /src/github.com/heketi/heketi/pkg/utils/ssh/ssh.go:176: Host: 192.168.48.12:22 Command: /bin/bash -c 'chown :2000 /var/lib/heketi/mounts/vg_403cca7edce115dc1c641acc2f5f11fb/brick_356cb664927379796e9baf65948145a3/brick'
Result: 
[sshexec] DEBUG 2017/04/27 02:04:45 /src/github.com/heketi/heketi/pkg/utils/ssh/ssh.go:176: Host: 192.168.48.12:22 Command: /bin/bash -c 'chmod 2775 /var/lib/heketi/mounts/vg_403cca7edce115dc1c641acc2f5f11fb/brick_356cb664927379796e9baf65948145a3/brick'
Result: 
[sshexec] DEBUG 2017/04/27 02:04:45 /src/github.com/heketi/heketi/pkg/utils/ssh/ssh.go:176: Host: 192.168.48.17:22 Command: /bin/bash -c 'mount -o rw,inode64,noatime,nouuid /dev/mapper/vg_6c7ff8b53124baa86b5b789cd93274e1-brick_d86c95de78c192cbd20ecb430ae2fc8e /var/lib/heketi/mounts/vg_6c7ff8b53124baa86b5b789cd93274e1/brick_d86c95de78c192cbd20ecb430ae2fc8e'
Result: 
[sshexec] DEBUG 2017/04/27 02:04:45 /src/github.com/heketi/heketi/pkg/utils/ssh/ssh.go:176: Host: 192.168.48.17:22 Command: /bin/bash -c 'mkdir /var/lib/heketi/mounts/vg_6c7ff8b53124baa86b5b789cd93274e1/brick_d86c95de78c192cbd20ecb430ae2fc8e/brick'
Result: 
[sshexec] DEBUG 2017/04/27 02:04:45 /src/github.com/heketi/heketi/pkg/utils/ssh/ssh.go:176: Host: 192.168.48.17:22 Command: /bin/bash -c 'chown :2000 /var/lib/heketi/mounts/vg_6c7ff8b53124baa86b5b789cd93274e1/brick_d86c95de78c192cbd20ecb430ae2fc8e/brick'
Result: 
[sshexec] DEBUG 2017/04/27 02:04:45 /src/github.com/heketi/heketi/pkg/utils/ssh/ssh.go:176: Host: 192.168.48.17:22 Command: /bin/bash -c 'chmod 2775 /var/lib/heketi/mounts/vg_6c7ff8b53124baa86b5b789cd93274e1/brick_d86c95de78c192cbd20ecb430ae2fc8e/brick'
Result: 
[sshexec] DEBUG 2017/04/27 02:04:45 /src/github.com/heketi/heketi/pkg/utils/ssh/ssh.go:176: Host: 192.168.48.14:22 Command: /bin/bash -c 'mount -o rw,inode64,noatime,nouuid /dev/mapper/vg_d72d3bd802d4e511a80ce2f16181289d-brick_785bc9f8270c2f5f1a72d3bda5f4c4f4 /var/lib/heketi/mounts/vg_d72d3bd802d4e511a80ce2f16181289d/brick_785bc9f8270c2f5f1a72d3bda5f4c4f4'
Result: 
[sshexec] DEBUG 2017/04/27 02:04:45 /src/github.com/heketi/heketi/pkg/utils/ssh/ssh.go:176: Host: 192.168.48.14:22 Command: /bin/bash -c 'mkdir /var/lib/heketi/mounts/vg_d72d3bd802d4e511a80ce2f16181289d/brick_785bc9f8270c2f5f1a72d3bda5f4c4f4/brick'
Result: 
[sshexec] DEBUG 2017/04/27 02:04:45 /src/github.com/heketi/heketi/pkg/utils/ssh/ssh.go:176: Host: 192.168.48.14:22 Command: /bin/bash -c 'chown :2000 /var/lib/heketi/mounts/vg_d72d3bd802d4e511a80ce2f16181289d/brick_785bc9f8270c2f5f1a72d3bda5f4c4f4/brick'
Result: 
[sshexec] DEBUG 2017/04/27 02:04:45 /src/github.com/heketi/heketi/pkg/utils/ssh/ssh.go:176: Host: 192.168.48.14:22 Command: /bin/bash -c 'chmod 2775 /var/lib/heketi/mounts/vg_d72d3bd802d4e511a80ce2f16181289d/brick_785bc9f8270c2f5f1a72d3bda5f4c4f4/brick'
Result: 
[sshexec] INFO 2017/04/27 02:04:45 Creating volume vol_52b790b6d8132ac3e38b9beb4fab0f90 replica 3
[sshexec] ERROR 2017/04/27 02:04:45 /src/github.com/heketi/heketi/pkg/utils/ssh/ssh.go:173: Failed to run command [/bin/bash -c 'gluster --mode=script volume create vol_52b790b6d8132ac3e38b9beb4fab0f90 replica 3 192.168.48.12:/var/lib/heketi/mounts/vg_403cca7edce115dc1c641acc2f5f11fb/brick_356cb664927379796e9baf65948145a3/brick 192.168.48.17:/var/lib/heketi/mounts/vg_6c7ff8b53124baa86b5b789cd93274e1/brick_d86c95de78c192cbd20ecb430ae2fc8e/brick 192.168.48.14:/var/lib/heketi/mounts/vg_d72d3bd802d4e511a80ce2f16181289d/brick_785bc9f8270c2f5f1a72d3bda5f4c4f4/brick '] on 192.168.48.12:22: Err[Process exited with: 1. Reason was:  ()]: Stdout []: Stderr [volume create: vol_52b790b6d8132ac3e38b9beb4fab0f90: failed: Host 192.168.48.14 not connected
]
[negroni] Started GET /queue/9ed03ef34e1a56ac16e54a122dd3f79d
[negroni] Completed 200 OK in 76.495µs
[sshexec] ERROR 2017/04/27 02:04:45 /src/github.com/heketi/heketi/pkg/utils/ssh/ssh.go:173: Failed to run command [/bin/bash -c 'gluster --mode=script volume stop vol_52b790b6d8132ac3e38b9beb4fab0f90 force'] on 192.168.48.12:22: Err[Process exited with: 1. Reason was:  ()]: Stdout []: Stderr [volume stop: vol_52b790b6d8132ac3e38b9beb4fab0f90: failed: Volume vol_52b790b6d8132ac3e38b9beb4fab0f90 does not exist
]
[sshexec] ERROR 2017/04/27 02:04:45 /src/github.com/heketi/heketi/executors/sshexec/volume.go:130: Unable to stop volume vol_52b790b6d8132ac3e38b9beb4fab0f90: volume stop: vol_52b790b6d8132ac3e38b9beb4fab0f90: failed: Volume vol_52b790b6d8132ac3e38b9beb4fab0f90 does not exist
[sshexec] ERROR 2017/04/27 02:04:46 /src/github.com/heketi/heketi/pkg/utils/ssh/ssh.go:173: Failed to run command [/bin/bash -c 'gluster --mode=script volume delete vol_52b790b6d8132ac3e38b9beb4fab0f90'] on 192.168.48.12:22: Err[Process exited with: 1. Reason was:  ()]: Stdout []: Stderr [volume delete: vol_52b790b6d8132ac3e38b9beb4fab0f90: failed: Volume vol_52b790b6d8132ac3e38b9beb4fab0f90 does not exist
]
[sshexec] ERROR 2017/04/27 02:04:46 /src/github.com/heketi/heketi/executors/sshexec/volume.go:139: Unable to delete volume vol_52b790b6d8132ac3e38b9beb4fab0f90: volume delete: vol_52b790b6d8132ac3e38b9beb4fab0f90: failed: Volume vol_52b790b6d8132ac3e38b9beb4fab0f90 does not exist
[heketi] INFO 2017/04/27 02:04:46 Deleting brick 356cb664927379796e9baf65948145a3
[heketi] INFO 2017/04/27 02:04:46 Deleting brick d86c95de78c192cbd20ecb430ae2fc8e
[heketi] INFO 2017/04/27 02:04:46 Deleting brick 785bc9f8270c2f5f1a72d3bda5f4c4f4
[sshexec] DEBUG 2017/04/27 02:04:46 /src/github.com/heketi/heketi/pkg/utils/ssh/ssh.go:176: Host: 192.168.48.14:22 Command: /bin/bash -c 'umount /var/lib/heketi/mounts/vg_d72d3bd802d4e511a80ce2f16181289d/brick_785bc9f8270c2f5f1a72d3bda5f4c4f4'
Result: 
[sshexec] DEBUG 2017/04/27 02:04:46 /src/github.com/heketi/heketi/pkg/utils/ssh/ssh.go:176: Host: 192.168.48.17:22 Command: /bin/bash -c 'umount /var/lib/heketi/mounts/vg_6c7ff8b53124baa86b5b789cd93274e1/brick_d86c95de78c192cbd20ecb430ae2fc8e'
Result: 
[sshexec] DEBUG 2017/04/27 02:04:46 /src/github.com/heketi/heketi/pkg/utils/ssh/ssh.go:176: Host: 192.168.48.12:22 Command: /bin/bash -c 'umount /var/lib/heketi/mounts/vg_403cca7edce115dc1c641acc2f5f11fb/brick_356cb664927379796e9baf65948145a3'
Result: 
[negroni] Started GET /queue/9ed03ef34e1a56ac16e54a122dd3f79d
[negroni] Completed 200 OK in 70.187µs
[sshexec] DEBUG 2017/04/27 02:04:46 /src/github.com/heketi/heketi/pkg/utils/ssh/ssh.go:176: Host: 192.168.48.14:22 Command: /bin/bash -c 'lvremove -f vg_d72d3bd802d4e511a80ce2f16181289d/tp_785bc9f8270c2f5f1a72d3bda5f4c4f4'
Result:   Logical volume "brick_785bc9f8270c2f5f1a72d3bda5f4c4f4" successfully removed
  Logical volume "tp_785bc9f8270c2f5f1a72d3bda5f4c4f4" successfully removed
[sshexec] DEBUG 2017/04/27 02:04:46 /src/github.com/heketi/heketi/pkg/utils/ssh/ssh.go:176: Host: 192.168.48.17:22 Command: /bin/bash -c 'lvremove -f vg_6c7ff8b53124baa86b5b789cd93274e1/tp_d86c95de78c192cbd20ecb430ae2fc8e'
Result:   Logical volume "brick_d86c95de78c192cbd20ecb430ae2fc8e" successfully removed
  Logical volume "tp_d86c95de78c192cbd20ecb430ae2fc8e" successfully removed
[sshexec] DEBUG 2017/04/27 02:04:47 /src/github.com/heketi/heketi/pkg/utils/ssh/ssh.go:176: Host: 192.168.48.12:22 Command: /bin/bash -c 'lvremove -f vg_403cca7edce115dc1c641acc2f5f11fb/tp_356cb664927379796e9baf65948145a3'
Result:   Logical volume "brick_356cb664927379796e9baf65948145a3" successfully removed
  Logical volume "tp_356cb664927379796e9baf65948145a3" successfully removed
[sshexec] DEBUG 2017/04/27 02:04:47 /src/github.com/heketi/heketi/pkg/utils/ssh/ssh.go:176: Host: 192.168.48.14:22 Command: /bin/bash -c 'rmdir /var/lib/heketi/mounts/vg_d72d3bd802d4e511a80ce2f16181289d/brick_785bc9f8270c2f5f1a72d3bda5f4c4f4'
Result: 
[sshexec] DEBUG 2017/04/27 02:04:47 /src/github.com/heketi/heketi/pkg/utils/ssh/ssh.go:176: Host: 192.168.48.12:22 Command: /bin/bash -c 'rmdir /var/lib/heketi/mounts/vg_403cca7edce115dc1c641acc2f5f11fb/brick_356cb664927379796e9baf65948145a3'
Result: 
[sshexec] DEBUG 2017/04/27 02:04:47 /src/github.com/heketi/heketi/pkg/utils/ssh/ssh.go:176: Host: 192.168.48.17:22 Command: /bin/bash -c 'rmdir /var/lib/heketi/mounts/vg_6c7ff8b53124baa86b5b789cd93274e1/brick_d86c95de78c192cbd20ecb430ae2fc8e'
Result: 
[sshexec] DEBUG 2017/04/27 02:04:47 /src/github.com/heketi/heketi/pkg/utils/ssh/ssh.go:176: Host: 192.168.48.14:22 Command: /bin/bash -c 'sed -i.save "/brick_785bc9f8270c2f5f1a72d3bda5f4c4f4/d" /etc/fstab'
Result: 
[sshexec] DEBUG 2017/04/27 02:04:47 /src/github.com/heketi/heketi/pkg/utils/ssh/ssh.go:176: Host: 192.168.48.12:22 Command: /bin/bash -c 'sed -i.save "/brick_356cb664927379796e9baf65948145a3/d" /etc/fstab'
Result: 
[sshexec] DEBUG 2017/04/27 02:04:47 /src/github.com/heketi/heketi/pkg/utils/ssh/ssh.go:176: Host: 192.168.48.17:22 Command: /bin/bash -c 'sed -i.save "/brick_d86c95de78c192cbd20ecb430ae2fc8e/d" /etc/fstab'
Result: 
[heketi] ERROR 2017/04/27 02:04:47 /src/github.com/heketi/heketi/apps/glusterfs/app_volume.go:148: Failed to create volume: volume create: vol_52b790b6d8132ac3e38b9beb4fab0f90: failed: Host 192.168.48.14 not connected
[asynchttp] INFO 2017/04/27 02:04:47 Completed job 9ed03ef34e1a56ac16e54a122dd3f79d in 3.639430159s
[negroni] Started GET /queue/9ed03ef34e1a56ac16e54a122dd3f79d
[negroni] Completed 500 Internal Server Error in 68.297µs
[negroni] Started POST /volumes
[negroni] Completed 202 Accepted in 27.342401ms
[asynchttp] INFO 2017/04/27 02:04:58 Started job 71da815bb43da3375efa35af9260e270
[heketi] INFO 2017/04/27 02:04:58 Creating volume 8b4b3ec09feb6cbb390a1487042848aa
[heketi] INFO 2017/04/27 02:04:58 brick_num: 0
[negroni] Started GET /queue/71da815bb43da3375efa35af9260e270
[negroni] Completed 200 OK in 134.468µs
[heketi] INFO 2017/04/27 02:04:59 Creating brick 56eb3c596225319a768b157aa8e9f3ed
[heketi] INFO 2017/04/27 02:04:59 Creating brick 2ac25582200b42656465c45764bbeca8
[heketi] INFO 2017/04/27 02:04:59 Creating brick b41c675f31730bca8fa4b5255882b0ee
[sshexec] DEBUG 2017/04/27 02:04:59 /src/github.com/heketi/heketi/pkg/utils/ssh/ssh.go:176: Host: 192.168.48.14:22 Command: /bin/bash -c 'mkdir -p /var/lib/heketi/mounts/vg_d72d3bd802d4e511a80ce2f16181289d/brick_2ac25582200b42656465c45764bbeca8'
Result: 
[sshexec] DEBUG 2017/04/27 02:04:59 /src/github.com/heketi/heketi/pkg/utils/ssh/ssh.go:176: Host: 192.168.48.12:22 Command: /bin/bash -c 'mkdir -p /var/lib/heketi/mounts/vg_403cca7edce115dc1c641acc2f5f11fb/brick_b41c675f31730bca8fa4b5255882b0ee'
Result: 
[sshexec] DEBUG 2017/04/27 02:04:59 /src/github.com/heketi/heketi/pkg/utils/ssh/ssh.go:176: Host: 192.168.48.17:22 Command: /bin/bash -c 'mkdir -p /var/lib/heketi/mounts/vg_6c7ff8b53124baa86b5b789cd93274e1/brick_56eb3c596225319a768b157aa8e9f3ed'
Result: 
[sshexec] DEBUG 2017/04/27 02:04:59 /src/github.com/heketi/heketi/pkg/utils/ssh/ssh.go:176: Host: 192.168.48.17:22 Command: /bin/bash -c 'lvcreate --poolmetadatasize 8192K -c 256K -L 1048576K -T vg_6c7ff8b53124baa86b5b789cd93274e1/tp_56eb3c596225319a768b157aa8e9f3ed -V 1048576K -n brick_56eb3c596225319a768b157aa8e9f3ed'
Result:   Logical volume "brick_56eb3c596225319a768b157aa8e9f3ed" created.
[negroni] Started GET /queue/71da815bb43da3375efa35af9260e270
[negroni] Completed 200 OK in 70.488µs
[sshexec] DEBUG 2017/04/27 02:04:59 /src/github.com/heketi/heketi/pkg/utils/ssh/ssh.go:176: Host: 192.168.48.12:22 Command: /bin/bash -c 'lvcreate --poolmetadatasize 8192K -c 256K -L 1048576K -T vg_403cca7edce115dc1c641acc2f5f11fb/tp_b41c675f31730bca8fa4b5255882b0ee -V 1048576K -n brick_b41c675f31730bca8fa4b5255882b0ee'
Result:   Logical volume "brick_b41c675f31730bca8fa4b5255882b0ee" created.
[sshexec] DEBUG 2017/04/27 02:05:00 /src/github.com/heketi/heketi/pkg/utils/ssh/ssh.go:176: Host: 192.168.48.14:22 Command: /bin/bash -c 'lvcreate --poolmetadatasize 8192K -c 256K -L 1048576K -T vg_d72d3bd802d4e511a80ce2f16181289d/tp_2ac25582200b42656465c45764bbeca8 -V 1048576K -n brick_2ac25582200b42656465c45764bbeca8'
Result:   Logical volume "brick_2ac25582200b42656465c45764bbeca8" created.
[sshexec] DEBUG 2017/04/27 02:05:00 /src/github.com/heketi/heketi/pkg/utils/ssh/ssh.go:176: Host: 192.168.48.12:22 Command: /bin/bash -c 'mkfs.xfs -i size=512 -n size=8192 /dev/mapper/vg_403cca7edce115dc1c641acc2f5f11fb-brick_b41c675f31730bca8fa4b5255882b0ee'
Result: meta-data=/dev/mapper/vg_403cca7edce115dc1c641acc2f5f11fb-brick_b41c675f31730bca8fa4b5255882b0ee isize=512    agcount=8, agsize=32704 blks
         =                       sectsz=4096  attr=2, projid32bit=1
         =                       crc=1        finobt=1, sparse=0
data     =                       bsize=4096   blocks=261632, imaxpct=25
         =                       sunit=64     swidth=64 blks
naming   =version 2              bsize=8192   ascii-ci=0 ftype=1
log      =internal log           bsize=4096   blocks=576, version=2
         =                       sectsz=4096  sunit=1 blks, lazy-count=1
realtime =none                   extsz=4096   blocks=0, rtextents=0
[sshexec] DEBUG 2017/04/27 02:05:00 /src/github.com/heketi/heketi/pkg/utils/ssh/ssh.go:176: Host: 192.168.48.12:22 Command: /bin/bash -c 'echo "/dev/mapper/vg_403cca7edce115dc1c641acc2f5f11fb-brick_b41c675f31730bca8fa4b5255882b0ee /var/lib/heketi/mounts/vg_403cca7edce115dc1c641acc2f5f11fb/brick_b41c675f31730bca8fa4b5255882b0ee xfs rw,inode64,noatime,nouuid 1 2" | tee -a /etc/fstab > /dev/null '
Result: 
[sshexec] DEBUG 2017/04/27 02:05:00 /src/github.com/heketi/heketi/pkg/utils/ssh/ssh.go:176: Host: 192.168.48.17:22 Command: /bin/bash -c 'mkfs.xfs -i size=512 -n size=8192 /dev/mapper/vg_6c7ff8b53124baa86b5b789cd93274e1-brick_56eb3c596225319a768b157aa8e9f3ed'
Result: meta-data=/dev/mapper/vg_6c7ff8b53124baa86b5b789cd93274e1-brick_56eb3c596225319a768b157aa8e9f3ed isize=512    agcount=8, agsize=32704 blks
         =                       sectsz=512   attr=2, projid32bit=1
         =                       crc=1        finobt=1, sparse=0
data     =                       bsize=4096   blocks=261632, imaxpct=25
         =                       sunit=64     swidth=64 blks
naming   =version 2              bsize=8192   ascii-ci=0 ftype=1
log      =internal log           bsize=4096   blocks=1728, version=2
         =                       sectsz=512   sunit=64 blks, lazy-count=1
realtime =none                   extsz=4096   blocks=0, rtextents=0
[sshexec] DEBUG 2017/04/27 02:05:00 /src/github.com/heketi/heketi/pkg/utils/ssh/ssh.go:176: Host: 192.168.48.17:22 Command: /bin/bash -c 'echo "/dev/mapper/vg_6c7ff8b53124baa86b5b789cd93274e1-brick_56eb3c596225319a768b157aa8e9f3ed /var/lib/heketi/mounts/vg_6c7ff8b53124baa86b5b789cd93274e1/brick_56eb3c596225319a768b157aa8e9f3ed xfs rw,inode64,noatime,nouuid 1 2" | tee -a /etc/fstab > /dev/null '
Result: 
[sshexec] DEBUG 2017/04/27 02:05:00 /src/github.com/heketi/heketi/pkg/utils/ssh/ssh.go:176: Host: 192.168.48.14:22 Command: /bin/bash -c 'mkfs.xfs -i size=512 -n size=8192 /dev/mapper/vg_d72d3bd802d4e511a80ce2f16181289d-brick_2ac25582200b42656465c45764bbeca8'
Result: meta-data=/dev/mapper/vg_d72d3bd802d4e511a80ce2f16181289d-brick_2ac25582200b42656465c45764bbeca8 isize=512    agcount=8, agsize=32704 blks
         =                       sectsz=512   attr=2, projid32bit=1
         =                       crc=1        finobt=1, sparse=0
data     =                       bsize=4096   blocks=261632, imaxpct=25
         =                       sunit=64     swidth=64 blks
naming   =version 2              bsize=8192   ascii-ci=0 ftype=1
log      =internal log           bsize=4096   blocks=1728, version=2
         =                       sectsz=512   sunit=64 blks, lazy-count=1
realtime =none                   extsz=4096   blocks=0, rtextents=0
[sshexec] DEBUG 2017/04/27 02:05:00 /src/github.com/heketi/heketi/pkg/utils/ssh/ssh.go:176: Host: 192.168.48.14:22 Command: /bin/bash -c 'echo "/dev/mapper/vg_d72d3bd802d4e511a80ce2f16181289d-brick_2ac25582200b42656465c45764bbeca8 /var/lib/heketi/mounts/vg_d72d3bd802d4e511a80ce2f16181289d/brick_2ac25582200b42656465c45764bbeca8 xfs rw,inode64,noatime,nouuid 1 2" | tee -a /etc/fstab > /dev/null '
Result: 
[sshexec] DEBUG 2017/04/27 02:05:00 /src/github.com/heketi/heketi/pkg/utils/ssh/ssh.go:176: Host: 192.168.48.12:22 Command: /bin/bash -c 'mount -o rw,inode64,noatime,nouuid /dev/mapper/vg_403cca7edce115dc1c641acc2f5f11fb-brick_b41c675f31730bca8fa4b5255882b0ee /var/lib/heketi/mounts/vg_403cca7edce115dc1c641acc2f5f11fb/brick_b41c675f31730bca8fa4b5255882b0ee'
Result: 
[sshexec] DEBUG 2017/04/27 02:05:00 /src/github.com/heketi/heketi/pkg/utils/ssh/ssh.go:176: Host: 192.168.48.12:22 Command: /bin/bash -c 'mkdir /var/lib/heketi/mounts/vg_403cca7edce115dc1c641acc2f5f11fb/brick_b41c675f31730bca8fa4b5255882b0ee/brick'
Result: 
[sshexec] DEBUG 2017/04/27 02:05:00 /src/github.com/heketi/heketi/pkg/utils/ssh/ssh.go:176: Host: 192.168.48.12:22 Command: /bin/bash -c 'chown :2000 /var/lib/heketi/mounts/vg_403cca7edce115dc1c641acc2f5f11fb/brick_b41c675f31730bca8fa4b5255882b0ee/brick'
Result: 
[sshexec] DEBUG 2017/04/27 02:05:00 /src/github.com/heketi/heketi/pkg/utils/ssh/ssh.go:176: Host: 192.168.48.12:22 Command: /bin/bash -c 'chmod 2775 /var/lib/heketi/mounts/vg_403cca7edce115dc1c641acc2f5f11fb/brick_b41c675f31730bca8fa4b5255882b0ee/brick'
Result: 
[sshexec] DEBUG 2017/04/27 02:05:00 /src/github.com/heketi/heketi/pkg/utils/ssh/ssh.go:176: Host: 192.168.48.17:22 Command: /bin/bash -c 'mount -o rw,inode64,noatime,nouuid /dev/mapper/vg_6c7ff8b53124baa86b5b789cd93274e1-brick_56eb3c596225319a768b157aa8e9f3ed /var/lib/heketi/mounts/vg_6c7ff8b53124baa86b5b789cd93274e1/brick_56eb3c596225319a768b157aa8e9f3ed'
Result: 
[sshexec] DEBUG 2017/04/27 02:05:00 /src/github.com/heketi/heketi/pkg/utils/ssh/ssh.go:176: Host: 192.168.48.17:22 Command: /bin/bash -c 'mkdir /var/lib/heketi/mounts/vg_6c7ff8b53124baa86b5b789cd93274e1/brick_56eb3c596225319a768b157aa8e9f3ed/brick'
Result: 
[sshexec] DEBUG 2017/04/27 02:05:00 /src/github.com/heketi/heketi/pkg/utils/ssh/ssh.go:176: Host: 192.168.48.14:22 Command: /bin/bash -c 'mount -o rw,inode64,noatime,nouuid /dev/mapper/vg_d72d3bd802d4e511a80ce2f16181289d-brick_2ac25582200b42656465c45764bbeca8 /var/lib/heketi/mounts/vg_d72d3bd802d4e511a80ce2f16181289d/brick_2ac25582200b42656465c45764bbeca8'
Result: 
[sshexec] DEBUG 2017/04/27 02:05:00 /src/github.com/heketi/heketi/pkg/utils/ssh/ssh.go:176: Host: 192.168.48.17:22 Command: /bin/bash -c 'chown :2000 /var/lib/heketi/mounts/vg_6c7ff8b53124baa86b5b789cd93274e1/brick_56eb3c596225319a768b157aa8e9f3ed/brick'
Result: 
[sshexec] DEBUG 2017/04/27 02:05:00 /src/github.com/heketi/heketi/pkg/utils/ssh/ssh.go:176: Host: 192.168.48.14:22 Command: /bin/bash -c 'mkdir /var/lib/heketi/mounts/vg_d72d3bd802d4e511a80ce2f16181289d/brick_2ac25582200b42656465c45764bbeca8/brick'
Result: 
[sshexec] DEBUG 2017/04/27 02:05:00 /src/github.com/heketi/heketi/pkg/utils/ssh/ssh.go:176: Host: 192.168.48.17:22 Command: /bin/bash -c 'chmod 2775 /var/lib/heketi/mounts/vg_6c7ff8b53124baa86b5b789cd93274e1/brick_56eb3c596225319a768b157aa8e9f3ed/brick'
Result: 
[sshexec] DEBUG 2017/04/27 02:05:00 /src/github.com/heketi/heketi/pkg/utils/ssh/ssh.go:176: Host: 192.168.48.14:22 Command: /bin/bash -c 'chown :2000 /var/lib/heketi/mounts/vg_d72d3bd802d4e511a80ce2f16181289d/brick_2ac25582200b42656465c45764bbeca8/brick'
Result: 
[sshexec] DEBUG 2017/04/27 02:05:00 /src/github.com/heketi/heketi/pkg/utils/ssh/ssh.go:176: Host: 192.168.48.14:22 Command: /bin/bash -c 'chmod 2775 /var/lib/heketi/mounts/vg_d72d3bd802d4e511a80ce2f16181289d/brick_2ac25582200b42656465c45764bbeca8/brick'
Result: 
[sshexec] INFO 2017/04/27 02:05:00 Creating volume vol_8b4b3ec09feb6cbb390a1487042848aa replica 3
[sshexec] ERROR 2017/04/27 02:05:00 /src/github.com/heketi/heketi/pkg/utils/ssh/ssh.go:173: Failed to run command [/bin/bash -c 'gluster --mode=script volume create vol_8b4b3ec09feb6cbb390a1487042848aa replica 3 192.168.48.17:/var/lib/heketi/mounts/vg_6c7ff8b53124baa86b5b789cd93274e1/brick_56eb3c596225319a768b157aa8e9f3ed/brick 192.168.48.14:/var/lib/heketi/mounts/vg_d72d3bd802d4e511a80ce2f16181289d/brick_2ac25582200b42656465c45764bbeca8/brick 192.168.48.12:/var/lib/heketi/mounts/vg_403cca7edce115dc1c641acc2f5f11fb/brick_b41c675f31730bca8fa4b5255882b0ee/brick '] on 192.168.48.17:22: Err[Process exited with: 1. Reason was:  ()]: Stdout []: Stderr [volume create: vol_8b4b3ec09feb6cbb390a1487042848aa: failed: Staging failed on 192.168.48.12. Error: Host 192.168.48.14 not connected
]
[negroni] Started GET /queue/71da815bb43da3375efa35af9260e270
[negroni] Completed 200 OK in 70.44µs
[sshexec] ERROR 2017/04/27 02:05:01 /src/github.com/heketi/heketi/pkg/utils/ssh/ssh.go:173: Failed to run command [/bin/bash -c 'gluster --mode=script volume stop vol_8b4b3ec09feb6cbb390a1487042848aa force'] on 192.168.48.17:22: Err[Process exited with: 1. Reason was:  ()]: Stdout []: Stderr [volume stop: vol_8b4b3ec09feb6cbb390a1487042848aa: failed: Volume vol_8b4b3ec09feb6cbb390a1487042848aa does not exist
]
[sshexec] ERROR 2017/04/27 02:05:01 /src/github.com/heketi/heketi/executors/sshexec/volume.go:130: Unable to stop volume vol_8b4b3ec09feb6cbb390a1487042848aa: volume stop: vol_8b4b3ec09feb6cbb390a1487042848aa: failed: Volume vol_8b4b3ec09feb6cbb390a1487042848aa does not exist
[heketi] INFO 2017/04/27 02:05:01 Deleting brick 56eb3c596225319a768b157aa8e9f3ed
[sshexec] ERROR 2017/04/27 02:05:01 /src/github.com/heketi/heketi/pkg/utils/ssh/ssh.go:173: Failed to run command [/bin/bash -c 'gluster --mode=script volume delete vol_8b4b3ec09feb6cbb390a1487042848aa'] on 192.168.48.17:22: Err[Process exited with: 1. Reason was:  ()]: Stdout []: Stderr [volume delete: vol_8b4b3ec09feb6cbb390a1487042848aa: failed: Volume vol_8b4b3ec09feb6cbb390a1487042848aa does not exist
]
[sshexec] ERROR 2017/04/27 02:05:01 /src/github.com/heketi/heketi/executors/sshexec/volume.go:139: Unable to delete volume vol_8b4b3ec09feb6cbb390a1487042848aa: volume delete: vol_8b4b3ec09feb6cbb390a1487042848aa: failed: Volume vol_8b4b3ec09feb6cbb390a1487042848aa does not exist
[heketi] INFO 2017/04/27 02:05:01 Deleting brick 2ac25582200b42656465c45764bbeca8
[heketi] INFO 2017/04/27 02:05:01 Deleting brick b41c675f31730bca8fa4b5255882b0ee
[sshexec] DEBUG 2017/04/27 02:05:01 /src/github.com/heketi/heketi/pkg/utils/ssh/ssh.go:176: Host: 192.168.48.14:22 Command: /bin/bash -c 'umount /var/lib/heketi/mounts/vg_d72d3bd802d4e511a80ce2f16181289d/brick_2ac25582200b42656465c45764bbeca8'
Result: 
[sshexec] DEBUG 2017/04/27 02:05:01 /src/github.com/heketi/heketi/pkg/utils/ssh/ssh.go:176: Host: 192.168.48.17:22 Command: /bin/bash -c 'umount /var/lib/heketi/mounts/vg_6c7ff8b53124baa86b5b789cd93274e1/brick_56eb3c596225319a768b157aa8e9f3ed'
Result: 
[sshexec] DEBUG 2017/04/27 02:05:01 /src/github.com/heketi/heketi/pkg/utils/ssh/ssh.go:176: Host: 192.168.48.12:22 Command: /bin/bash -c 'umount /var/lib/heketi/mounts/vg_403cca7edce115dc1c641acc2f5f11fb/brick_b41c675f31730bca8fa4b5255882b0ee'
Result: 
[negroni] Started GET /queue/71da815bb43da3375efa35af9260e270
[negroni] Completed 200 OK in 95.154µs
[sshexec] DEBUG 2017/04/27 02:05:02 /src/github.com/heketi/heketi/pkg/utils/ssh/ssh.go:176: Host: 192.168.48.17:22 Command: /bin/bash -c 'lvremove -f vg_6c7ff8b53124baa86b5b789cd93274e1/tp_56eb3c596225319a768b157aa8e9f3ed'
Result:   Logical volume "brick_56eb3c596225319a768b157aa8e9f3ed" successfully removed
  Logical volume "tp_56eb3c596225319a768b157aa8e9f3ed" successfully removed
[sshexec] DEBUG 2017/04/27 02:05:02 /src/github.com/heketi/heketi/pkg/utils/ssh/ssh.go:176: Host: 192.168.48.14:22 Command: /bin/bash -c 'lvremove -f vg_d72d3bd802d4e511a80ce2f16181289d/tp_2ac25582200b42656465c45764bbeca8'
Result:   Logical volume "brick_2ac25582200b42656465c45764bbeca8" successfully removed
  Logical volume "tp_2ac25582200b42656465c45764bbeca8" successfully removed
[sshexec] DEBUG 2017/04/27 02:05:02 /src/github.com/heketi/heketi/pkg/utils/ssh/ssh.go:176: Host: 192.168.48.12:22 Command: /bin/bash -c 'lvremove -f vg_403cca7edce115dc1c641acc2f5f11fb/tp_b41c675f31730bca8fa4b5255882b0ee'
Result:   Logical volume "brick_b41c675f31730bca8fa4b5255882b0ee" successfully removed
  Logical volume "tp_b41c675f31730bca8fa4b5255882b0ee" successfully removed
[sshexec] DEBUG 2017/04/27 02:05:02 /src/github.com/heketi/heketi/pkg/utils/ssh/ssh.go:176: Host: 192.168.48.17:22 Command: /bin/bash -c 'rmdir /var/lib/heketi/mounts/vg_6c7ff8b53124baa86b5b789cd93274e1/brick_56eb3c596225319a768b157aa8e9f3ed'
Result: 
[sshexec] DEBUG 2017/04/27 02:05:02 /src/github.com/heketi/heketi/pkg/utils/ssh/ssh.go:176: Host: 192.168.48.14:22 Command: /bin/bash -c 'rmdir /var/lib/heketi/mounts/vg_d72d3bd802d4e511a80ce2f16181289d/brick_2ac25582200b42656465c45764bbeca8'
Result: 
[sshexec] DEBUG 2017/04/27 02:05:02 /src/github.com/heketi/heketi/pkg/utils/ssh/ssh.go:176: Host: 192.168.48.12:22 Command: /bin/bash -c 'rmdir /var/lib/heketi/mounts/vg_403cca7edce115dc1c641acc2f5f11fb/brick_b41c675f31730bca8fa4b5255882b0ee'
Result: 
[sshexec] DEBUG 2017/04/27 02:05:02 /src/github.com/heketi/heketi/pkg/utils/ssh/ssh.go:176: Host: 192.168.48.17:22 Command: /bin/bash -c 'sed -i.save "/brick_56eb3c596225319a768b157aa8e9f3ed/d" /etc/fstab'
Result: 
[sshexec] DEBUG 2017/04/27 02:05:02 /src/github.com/heketi/heketi/pkg/utils/ssh/ssh.go:176: Host: 192.168.48.14:22 Command: /bin/bash -c 'sed -i.save "/brick_2ac25582200b42656465c45764bbeca8/d" /etc/fstab'
Result: 
[sshexec] DEBUG 2017/04/27 02:05:02 /src/github.com/heketi/heketi/pkg/utils/ssh/ssh.go:176: Host: 192.168.48.12:22 Command: /bin/bash -c 'sed -i.save "/brick_b41c675f31730bca8fa4b5255882b0ee/d" /etc/fstab'
Result: 
[heketi] ERROR 2017/04/27 02:05:02 /src/github.com/heketi/heketi/apps/glusterfs/app_volume.go:148: Failed to create volume: volume create: vol_8b4b3ec09feb6cbb390a1487042848aa: failed: Staging failed on 192.168.48.12. Error: Host 192.168.48.14 not connected
[asynchttp] INFO 2017/04/27 02:05:02 Completed job 71da815bb43da3375efa35af9260e270 in 3.985830152s
[negroni] Started GET /queue/71da815bb43da3375efa35af9260e270
[negroni] Completed 500 Internal Server Error in 91.003µs
[negroni] Started POST /volumes
[negroni] Completed 202 Accepted in 23.747523ms
[asynchttp] INFO 2017/04/27 02:05:13 Started job 09bbbedba303e9e5cc1fd6a1f84d033a
[heketi] INFO 2017/04/27 02:05:13 Creating volume 418e86ab5573a2b9e3d154954e590a0e
[heketi] INFO 2017/04/27 02:05:13 brick_num: 0
[negroni] Started GET /queue/09bbbedba303e9e5cc1fd6a1f84d033a
[negroni] Completed 200 OK in 86.473µs
[heketi] INFO 2017/04/27 02:05:13 Creating brick 4a720fd2b9ce9a3cf6d6f2f38a52a077
[heketi] INFO 2017/04/27 02:05:13 Creating brick a8b35e234768e584ecf4cf564a6b3bcf
[heketi] INFO 2017/04/27 02:05:13 Creating brick 1a572619d2ac6981f6a500ce7cb3833f
[sshexec] DEBUG 2017/04/27 02:05:14 /src/github.com/heketi/heketi/pkg/utils/ssh/ssh.go:176: Host: 192.168.48.14:22 Command: /bin/bash -c 'mkdir -p /var/lib/heketi/mounts/vg_d72d3bd802d4e511a80ce2f16181289d/brick_4a720fd2b9ce9a3cf6d6f2f38a52a077'
Result: 
[sshexec] DEBUG 2017/04/27 02:05:14 /src/github.com/heketi/heketi/pkg/utils/ssh/ssh.go:176: Host: 192.168.48.12:22 Command: /bin/bash -c 'mkdir -p /var/lib/heketi/mounts/vg_403cca7edce115dc1c641acc2f5f11fb/brick_a8b35e234768e584ecf4cf564a6b3bcf'
Result: 
[sshexec] DEBUG 2017/04/27 02:05:14 /src/github.com/heketi/heketi/pkg/utils/ssh/ssh.go:176: Host: 192.168.48.17:22 Command: /bin/bash -c 'mkdir -p /var/lib/heketi/mounts/vg_6c7ff8b53124baa86b5b789cd93274e1/brick_1a572619d2ac6981f6a500ce7cb3833f'
Result: 
[sshexec] DEBUG 2017/04/27 02:05:14 /src/github.com/heketi/heketi/pkg/utils/ssh/ssh.go:176: Host: 192.168.48.14:22 Command: /bin/bash -c 'lvcreate --poolmetadatasize 8192K -c 256K -L 1048576K -T vg_d72d3bd802d4e511a80ce2f16181289d/tp_4a720fd2b9ce9a3cf6d6f2f38a52a077 -V 1048576K -n brick_4a720fd2b9ce9a3cf6d6f2f38a52a077'
Result:   Logical volume "brick_4a720fd2b9ce9a3cf6d6f2f38a52a077" created.
[sshexec] DEBUG 2017/04/27 02:05:14 /src/github.com/heketi/heketi/pkg/utils/ssh/ssh.go:176: Host: 192.168.48.17:22 Command: /bin/bash -c 'lvcreate --poolmetadatasize 8192K -c 256K -L 1048576K -T vg_6c7ff8b53124baa86b5b789cd93274e1/tp_1a572619d2ac6981f6a500ce7cb3833f -V 1048576K -n brick_1a572619d2ac6981f6a500ce7cb3833f'
Result:   Logical volume "brick_1a572619d2ac6981f6a500ce7cb3833f" created.
[sshexec] DEBUG 2017/04/27 02:05:14 /src/github.com/heketi/heketi/pkg/utils/ssh/ssh.go:176: Host: 192.168.48.12:22 Command: /bin/bash -c 'lvcreate --poolmetadatasize 8192K -c 256K -L 1048576K -T vg_403cca7edce115dc1c641acc2f5f11fb/tp_a8b35e234768e584ecf4cf564a6b3bcf -V 1048576K -n brick_a8b35e234768e584ecf4cf564a6b3bcf'
Result:   Logical volume "brick_a8b35e234768e584ecf4cf564a6b3bcf" created.
[negroni] Started GET /queue/09bbbedba303e9e5cc1fd6a1f84d033a
[negroni] Completed 200 OK in 46.447µs
[sshexec] DEBUG 2017/04/27 02:05:14 /src/github.com/heketi/heketi/pkg/utils/ssh/ssh.go:176: Host: 192.168.48.14:22 Command: /bin/bash -c 'mkfs.xfs -i size=512 -n size=8192 /dev/mapper/vg_d72d3bd802d4e511a80ce2f16181289d-brick_4a720fd2b9ce9a3cf6d6f2f38a52a077'
Result: meta-data=/dev/mapper/vg_d72d3bd802d4e511a80ce2f16181289d-brick_4a720fd2b9ce9a3cf6d6f2f38a52a077 isize=512    agcount=8, agsize=32704 blks
         =                       sectsz=512   attr=2, projid32bit=1
         =                       crc=1        finobt=1, sparse=0
data     =                       bsize=4096   blocks=261632, imaxpct=25
         =                       sunit=64     swidth=64 blks
naming   =version 2              bsize=8192   ascii-ci=0 ftype=1
log      =internal log           bsize=4096   blocks=1728, version=2
         =                       sectsz=512   sunit=64 blks, lazy-count=1
realtime =none                   extsz=4096   blocks=0, rtextents=0
[sshexec] DEBUG 2017/04/27 02:05:14 /src/github.com/heketi/heketi/pkg/utils/ssh/ssh.go:176: Host: 192.168.48.14:22 Command: /bin/bash -c 'echo "/dev/mapper/vg_d72d3bd802d4e511a80ce2f16181289d-brick_4a720fd2b9ce9a3cf6d6f2f38a52a077 /var/lib/heketi/mounts/vg_d72d3bd802d4e511a80ce2f16181289d/brick_4a720fd2b9ce9a3cf6d6f2f38a52a077 xfs rw,inode64,noatime,nouuid 1 2" | tee -a /etc/fstab > /dev/null '
Result: 
[sshexec] DEBUG 2017/04/27 02:05:14 /src/github.com/heketi/heketi/pkg/utils/ssh/ssh.go:176: Host: 192.168.48.17:22 Command: /bin/bash -c 'mkfs.xfs -i size=512 -n size=8192 /dev/mapper/vg_6c7ff8b53124baa86b5b789cd93274e1-brick_1a572619d2ac6981f6a500ce7cb3833f'
Result: meta-data=/dev/mapper/vg_6c7ff8b53124baa86b5b789cd93274e1-brick_1a572619d2ac6981f6a500ce7cb3833f isize=512    agcount=8, agsize=32704 blks
         =                       sectsz=512   attr=2, projid32bit=1
         =                       crc=1        finobt=1, sparse=0
data     =                       bsize=4096   blocks=261632, imaxpct=25
         =                       sunit=64     swidth=64 blks
naming   =version 2              bsize=8192   ascii-ci=0 ftype=1
log      =internal log           bsize=4096   blocks=1728, version=2
         =                       sectsz=512   sunit=64 blks, lazy-count=1
realtime =none                   extsz=4096   blocks=0, rtextents=0
[sshexec] DEBUG 2017/04/27 02:05:14 /src/github.com/heketi/heketi/pkg/utils/ssh/ssh.go:176: Host: 192.168.48.12:22 Command: /bin/bash -c 'mkfs.xfs -i size=512 -n size=8192 /dev/mapper/vg_403cca7edce115dc1c641acc2f5f11fb-brick_a8b35e234768e584ecf4cf564a6b3bcf'
Result: meta-data=/dev/mapper/vg_403cca7edce115dc1c641acc2f5f11fb-brick_a8b35e234768e584ecf4cf564a6b3bcf isize=512    agcount=8, agsize=32704 blks
         =                       sectsz=4096  attr=2, projid32bit=1
         =                       crc=1        finobt=1, sparse=0
data     =                       bsize=4096   blocks=261632, imaxpct=25
         =                       sunit=64     swidth=64 blks
naming   =version 2              bsize=8192   ascii-ci=0 ftype=1
log      =internal log           bsize=4096   blocks=576, version=2
         =                       sectsz=4096  sunit=1 blks, lazy-count=1
realtime =none                   extsz=4096   blocks=0, rtextents=0
[sshexec] DEBUG 2017/04/27 02:05:14 /src/github.com/heketi/heketi/pkg/utils/ssh/ssh.go:176: Host: 192.168.48.17:22 Command: /bin/bash -c 'echo "/dev/mapper/vg_6c7ff8b53124baa86b5b789cd93274e1-brick_1a572619d2ac6981f6a500ce7cb3833f /var/lib/heketi/mounts/vg_6c7ff8b53124baa86b5b789cd93274e1/brick_1a572619d2ac6981f6a500ce7cb3833f xfs rw,inode64,noatime,nouuid 1 2" | tee -a /etc/fstab > /dev/null '
Result: 
[sshexec] DEBUG 2017/04/27 02:05:14 /src/github.com/heketi/heketi/pkg/utils/ssh/ssh.go:176: Host: 192.168.48.12:22 Command: /bin/bash -c 'echo "/dev/mapper/vg_403cca7edce115dc1c641acc2f5f11fb-brick_a8b35e234768e584ecf4cf564a6b3bcf /var/lib/heketi/mounts/vg_403cca7edce115dc1c641acc2f5f11fb/brick_a8b35e234768e584ecf4cf564a6b3bcf xfs rw,inode64,noatime,nouuid 1 2" | tee -a /etc/fstab > /dev/null '
Result: 
[sshexec] DEBUG 2017/04/27 02:05:14 /src/github.com/heketi/heketi/pkg/utils/ssh/ssh.go:176: Host: 192.168.48.12:22 Command: /bin/bash -c 'mount -o rw,inode64,noatime,nouuid /dev/mapper/vg_403cca7edce115dc1c641acc2f5f11fb-brick_a8b35e234768e584ecf4cf564a6b3bcf /var/lib/heketi/mounts/vg_403cca7edce115dc1c641acc2f5f11fb/brick_a8b35e234768e584ecf4cf564a6b3bcf'
Result: 
[sshexec] DEBUG 2017/04/27 02:05:14 /src/github.com/heketi/heketi/pkg/utils/ssh/ssh.go:176: Host: 192.168.48.12:22 Command: /bin/bash -c 'mkdir /var/lib/heketi/mounts/vg_403cca7edce115dc1c641acc2f5f11fb/brick_a8b35e234768e584ecf4cf564a6b3bcf/brick'
Result: 
[sshexec] DEBUG 2017/04/27 02:05:14 /src/github.com/heketi/heketi/pkg/utils/ssh/ssh.go:176: Host: 192.168.48.12:22 Command: /bin/bash -c 'chown :2000 /var/lib/heketi/mounts/vg_403cca7edce115dc1c641acc2f5f11fb/brick_a8b35e234768e584ecf4cf564a6b3bcf/brick'
Result: 
[sshexec] DEBUG 2017/04/27 02:05:14 /src/github.com/heketi/heketi/pkg/utils/ssh/ssh.go:176: Host: 192.168.48.12:22 Command: /bin/bash -c 'chmod 2775 /var/lib/heketi/mounts/vg_403cca7edce115dc1c641acc2f5f11fb/brick_a8b35e234768e584ecf4cf564a6b3bcf/brick'
Result: 
[sshexec] DEBUG 2017/04/27 02:05:15 /src/github.com/heketi/heketi/pkg/utils/ssh/ssh.go:176: Host: 192.168.48.14:22 Command: /bin/bash -c 'mount -o rw,inode64,noatime,nouuid /dev/mapper/vg_d72d3bd802d4e511a80ce2f16181289d-brick_4a720fd2b9ce9a3cf6d6f2f38a52a077 /var/lib/heketi/mounts/vg_d72d3bd802d4e511a80ce2f16181289d/brick_4a720fd2b9ce9a3cf6d6f2f38a52a077'
Result: 
[sshexec] DEBUG 2017/04/27 02:05:15 /src/github.com/heketi/heketi/pkg/utils/ssh/ssh.go:176: Host: 192.168.48.14:22 Command: /bin/bash -c 'mkdir /var/lib/heketi/mounts/vg_d72d3bd802d4e511a80ce2f16181289d/brick_4a720fd2b9ce9a3cf6d6f2f38a52a077/brick'
Result: 
[sshexec] DEBUG 2017/04/27 02:05:15 /src/github.com/heketi/heketi/pkg/utils/ssh/ssh.go:176: Host: 192.168.48.14:22 Command: /bin/bash -c 'chown :2000 /var/lib/heketi/mounts/vg_d72d3bd802d4e511a80ce2f16181289d/brick_4a720fd2b9ce9a3cf6d6f2f38a52a077/brick'
Result: 
[sshexec] DEBUG 2017/04/27 02:05:15 /src/github.com/heketi/heketi/pkg/utils/ssh/ssh.go:176: Host: 192.168.48.14:22 Command: /bin/bash -c 'chmod 2775 /var/lib/heketi/mounts/vg_d72d3bd802d4e511a80ce2f16181289d/brick_4a720fd2b9ce9a3cf6d6f2f38a52a077/brick'
Result: 
[sshexec] DEBUG 2017/04/27 02:05:15 /src/github.com/heketi/heketi/pkg/utils/ssh/ssh.go:176: Host: 192.168.48.17:22 Command: /bin/bash -c 'mount -o rw,inode64,noatime,nouuid /dev/mapper/vg_6c7ff8b53124baa86b5b789cd93274e1-brick_1a572619d2ac6981f6a500ce7cb3833f /var/lib/heketi/mounts/vg_6c7ff8b53124baa86b5b789cd93274e1/brick_1a572619d2ac6981f6a500ce7cb3833f'
Result: 
[sshexec] DEBUG 2017/04/27 02:05:15 /src/github.com/heketi/heketi/pkg/utils/ssh/ssh.go:176: Host: 192.168.48.17:22 Command: /bin/bash -c 'mkdir /var/lib/heketi/mounts/vg_6c7ff8b53124baa86b5b789cd93274e1/brick_1a572619d2ac6981f6a500ce7cb3833f/brick'
Result: 
[sshexec] DEBUG 2017/04/27 02:05:15 /src/github.com/heketi/heketi/pkg/utils/ssh/ssh.go:176: Host: 192.168.48.17:22 Command: /bin/bash -c 'chown :2000 /var/lib/heketi/mounts/vg_6c7ff8b53124baa86b5b789cd93274e1/brick_1a572619d2ac6981f6a500ce7cb3833f/brick'
Result: 
[sshexec] DEBUG 2017/04/27 02:05:15 /src/github.com/heketi/heketi/pkg/utils/ssh/ssh.go:176: Host: 192.168.48.17:22 Command: /bin/bash -c 'chmod 2775 /var/lib/heketi/mounts/vg_6c7ff8b53124baa86b5b789cd93274e1/brick_1a572619d2ac6981f6a500ce7cb3833f/brick'
Result: 
[sshexec] INFO 2017/04/27 02:05:15 Creating volume vol_418e86ab5573a2b9e3d154954e590a0e replica 3
[sshexec] ERROR 2017/04/27 02:05:15 /src/github.com/heketi/heketi/pkg/utils/ssh/ssh.go:173: Failed to run command [/bin/bash -c 'gluster --mode=script volume create vol_418e86ab5573a2b9e3d154954e590a0e replica 3 192.168.48.14:/var/lib/heketi/mounts/vg_d72d3bd802d4e511a80ce2f16181289d/brick_4a720fd2b9ce9a3cf6d6f2f38a52a077/brick 192.168.48.12:/var/lib/heketi/mounts/vg_403cca7edce115dc1c641acc2f5f11fb/brick_a8b35e234768e584ecf4cf564a6b3bcf/brick 192.168.48.17:/var/lib/heketi/mounts/vg_6c7ff8b53124baa86b5b789cd93274e1/brick_1a572619d2ac6981f6a500ce7cb3833f/brick '] on 192.168.48.14:22: Err[Process exited with: 1. Reason was:  ()]: Stdout []: Stderr [volume create: vol_418e86ab5573a2b9e3d154954e590a0e: failed: Staging failed on 192.168.48.12. Error: Host 192.168.48.14 not connected
]
[negroni] Started GET /queue/09bbbedba303e9e5cc1fd6a1f84d033a
[negroni] Completed 200 OK in 69.506µs
[sshexec] ERROR 2017/04/27 02:05:15 /src/github.com/heketi/heketi/pkg/utils/ssh/ssh.go:173: Failed to run command [/bin/bash -c 'gluster --mode=script volume stop vol_418e86ab5573a2b9e3d154954e590a0e force'] on 192.168.48.14:22: Err[Process exited with: 1. Reason was:  ()]: Stdout []: Stderr [volume stop: vol_418e86ab5573a2b9e3d154954e590a0e: failed: Volume vol_418e86ab5573a2b9e3d154954e590a0e does not exist
]
[sshexec] ERROR 2017/04/27 02:05:15 /src/github.com/heketi/heketi/executors/sshexec/volume.go:130: Unable to stop volume vol_418e86ab5573a2b9e3d154954e590a0e: volume stop: vol_418e86ab5573a2b9e3d154954e590a0e: failed: Volume vol_418e86ab5573a2b9e3d154954e590a0e does not exist
[sshexec] ERROR 2017/04/27 02:05:16 /src/github.com/heketi/heketi/pkg/utils/ssh/ssh.go:173: Failed to run command [/bin/bash -c 'gluster --mode=script volume delete vol_418e86ab5573a2b9e3d154954e590a0e'] on 192.168.48.14:22: Err[Process exited with: 1. Reason was:  ()]: Stdout []: Stderr [volume delete: vol_418e86ab5573a2b9e3d154954e590a0e: failed: Volume vol_418e86ab5573a2b9e3d154954e590a0e does not exist
]
[sshexec] ERROR 2017/04/27 02:05:16 /src/github.com/heketi/heketi/executors/sshexec/volume.go:139: Unable to delete volume vol_418e86ab5573a2b9e3d154954e590a0e: volume delete: vol_418e86ab5573a2b9e3d154954e590a0e: failed: Volume vol_418e86ab5573a2b9e3d154954e590a0e does not exist
[heketi] INFO 2017/04/27 02:05:16 Deleting brick 4a720fd2b9ce9a3cf6d6f2f38a52a077
[heketi] INFO 2017/04/27 02:05:16 Deleting brick 1a572619d2ac6981f6a500ce7cb3833f
[heketi] INFO 2017/04/27 02:05:16 Deleting brick a8b35e234768e584ecf4cf564a6b3bcf
[sshexec] DEBUG 2017/04/27 02:05:16 /src/github.com/heketi/heketi/pkg/utils/ssh/ssh.go:176: Host: 192.168.48.14:22 Command: /bin/bash -c 'umount /var/lib/heketi/mounts/vg_d72d3bd802d4e511a80ce2f16181289d/brick_4a720fd2b9ce9a3cf6d6f2f38a52a077'
Result: 
[sshexec] DEBUG 2017/04/27 02:05:16 /src/github.com/heketi/heketi/pkg/utils/ssh/ssh.go:176: Host: 192.168.48.12:22 Command: /bin/bash -c 'umount /var/lib/heketi/mounts/vg_403cca7edce115dc1c641acc2f5f11fb/brick_a8b35e234768e584ecf4cf564a6b3bcf'
Result: 
[sshexec] DEBUG 2017/04/27 02:05:16 /src/github.com/heketi/heketi/pkg/utils/ssh/ssh.go:176: Host: 192.168.48.17:22 Command: /bin/bash -c 'umount /var/lib/heketi/mounts/vg_6c7ff8b53124baa86b5b789cd93274e1/brick_1a572619d2ac6981f6a500ce7cb3833f'
Result: 
[negroni] Started GET /queue/09bbbedba303e9e5cc1fd6a1f84d033a
[negroni] Completed 200 OK in 81.482µs
[sshexec] DEBUG 2017/04/27 02:05:17 /src/github.com/heketi/heketi/pkg/utils/ssh/ssh.go:176: Host: 192.168.48.14:22 Command: /bin/bash -c 'lvremove -f vg_d72d3bd802d4e511a80ce2f16181289d/tp_4a720fd2b9ce9a3cf6d6f2f38a52a077'
Result:   Logical volume "brick_4a720fd2b9ce9a3cf6d6f2f38a52a077" successfully removed
  Logical volume "tp_4a720fd2b9ce9a3cf6d6f2f38a52a077" successfully removed
[sshexec] DEBUG 2017/04/27 02:05:17 /src/github.com/heketi/heketi/pkg/utils/ssh/ssh.go:176: Host: 192.168.48.17:22 Command: /bin/bash -c 'lvremove -f vg_6c7ff8b53124baa86b5b789cd93274e1/tp_1a572619d2ac6981f6a500ce7cb3833f'
Result:   Logical volume "brick_1a572619d2ac6981f6a500ce7cb3833f" successfully removed
  Logical volume "tp_1a572619d2ac6981f6a500ce7cb3833f" successfully removed
[sshexec] DEBUG 2017/04/27 02:05:17 /src/github.com/heketi/heketi/pkg/utils/ssh/ssh.go:176: Host: 192.168.48.12:22 Command: /bin/bash -c 'lvremove -f vg_403cca7edce115dc1c641acc2f5f11fb/tp_a8b35e234768e584ecf4cf564a6b3bcf'
Result:   Logical volume "brick_a8b35e234768e584ecf4cf564a6b3bcf" successfully removed
  Logical volume "tp_a8b35e234768e584ecf4cf564a6b3bcf" successfully removed
[sshexec] DEBUG 2017/04/27 02:05:17 /src/github.com/heketi/heketi/pkg/utils/ssh/ssh.go:176: Host: 192.168.48.14:22 Command: /bin/bash -c 'rmdir /var/lib/heketi/mounts/vg_d72d3bd802d4e511a80ce2f16181289d/brick_4a720fd2b9ce9a3cf6d6f2f38a52a077'
Result: 
[sshexec] DEBUG 2017/04/27 02:05:17 /src/github.com/heketi/heketi/pkg/utils/ssh/ssh.go:176: Host: 192.168.48.17:22 Command: /bin/bash -c 'rmdir /var/lib/heketi/mounts/vg_6c7ff8b53124baa86b5b789cd93274e1/brick_1a572619d2ac6981f6a500ce7cb3833f'
Result: 
[sshexec] DEBUG 2017/04/27 02:05:17 /src/github.com/heketi/heketi/pkg/utils/ssh/ssh.go:176: Host: 192.168.48.14:22 Command: /bin/bash -c 'sed -i.save "/brick_4a720fd2b9ce9a3cf6d6f2f38a52a077/d" /etc/fstab'
Result: 
[sshexec] DEBUG 2017/04/27 02:05:17 /src/github.com/heketi/heketi/pkg/utils/ssh/ssh.go:176: Host: 192.168.48.12:22 Command: /bin/bash -c 'rmdir /var/lib/heketi/mounts/vg_403cca7edce115dc1c641acc2f5f11fb/brick_a8b35e234768e584ecf4cf564a6b3bcf'
Result: 
[sshexec] DEBUG 2017/04/27 02:05:17 /src/github.com/heketi/heketi/pkg/utils/ssh/ssh.go:176: Host: 192.168.48.17:22 Command: /bin/bash -c 'sed -i.save "/brick_1a572619d2ac6981f6a500ce7cb3833f/d" /etc/fstab'
Result: 
[sshexec] DEBUG 2017/04/27 02:05:17 /src/github.com/heketi/heketi/pkg/utils/ssh/ssh.go:176: Host: 192.168.48.12:22 Command: /bin/bash -c 'sed -i.save "/brick_a8b35e234768e584ecf4cf564a6b3bcf/d" /etc/fstab'
Result: 
[heketi] ERROR 2017/04/27 02:05:17 /src/github.com/heketi/heketi/apps/glusterfs/app_volume.go:148: Failed to create volume: volume create: vol_418e86ab5573a2b9e3d154954e590a0e: failed: Staging failed on 192.168.48.12. Error: Host 192.168.48.14 not connected
[asynchttp] INFO 2017/04/27 02:05:17 Completed job 09bbbedba303e9e5cc1fd6a1f84d033a in 3.920584824s
[negroni] Started GET /queue/09bbbedba303e9e5cc1fd6a1f84d033a
[negroni] Completed 500 Internal Server Error in 99.107µs
[negroni] Started POST /volumes
[negroni] Completed 202 Accepted in 16.827487ms
[asynchttp] INFO 2017/04/27 02:05:28 Started job f538c962b5f4f1fda139a5840d73df8b
[heketi] INFO 2017/04/27 02:05:28 Creating volume 9b07e921dc5d0b2deb0e773f77eec449
[heketi] INFO 2017/04/27 02:05:28 brick_num: 0
[negroni] Started GET /queue/f538c962b5f4f1fda139a5840d73df8b
[negroni] Completed 200 OK in 180.01µs
[heketi] INFO 2017/04/27 02:05:28 Creating brick 9c887e97a600d59ca36be9bb75d8ad23
[heketi] INFO 2017/04/27 02:05:28 Creating brick 79d516f35bc0f4fb62f3d78746e0c55e
[heketi] INFO 2017/04/27 02:05:28 Creating brick b3c2bd107d17643a0b860061f47fd12b
[sshexec] DEBUG 2017/04/27 02:05:29 /src/github.com/heketi/heketi/pkg/utils/ssh/ssh.go:176: Host: 192.168.48.12:22 Command: /bin/bash -c 'mkdir -p /var/lib/heketi/mounts/vg_403cca7edce115dc1c641acc2f5f11fb/brick_9c887e97a600d59ca36be9bb75d8ad23'
Result: 
[sshexec] DEBUG 2017/04/27 02:05:29 /src/github.com/heketi/heketi/pkg/utils/ssh/ssh.go:176: Host: 192.168.48.14:22 Command: /bin/bash -c 'mkdir -p /var/lib/heketi/mounts/vg_d72d3bd802d4e511a80ce2f16181289d/brick_b3c2bd107d17643a0b860061f47fd12b'
Result: 
[sshexec] DEBUG 2017/04/27 02:05:29 /src/github.com/heketi/heketi/pkg/utils/ssh/ssh.go:176: Host: 192.168.48.17:22 Command: /bin/bash -c 'mkdir -p /var/lib/heketi/mounts/vg_6c7ff8b53124baa86b5b789cd93274e1/brick_79d516f35bc0f4fb62f3d78746e0c55e'
Result: 
[sshexec] DEBUG 2017/04/27 02:05:29 /src/github.com/heketi/heketi/pkg/utils/ssh/ssh.go:176: Host: 192.168.48.12:22 Command: /bin/bash -c 'lvcreate --poolmetadatasize 8192K -c 256K -L 1048576K -T vg_403cca7edce115dc1c641acc2f5f11fb/tp_9c887e97a600d59ca36be9bb75d8ad23 -V 1048576K -n brick_9c887e97a600d59ca36be9bb75d8ad23'
Result:   Logical volume "brick_9c887e97a600d59ca36be9bb75d8ad23" created.
[sshexec] DEBUG 2017/04/27 02:05:29 /src/github.com/heketi/heketi/pkg/utils/ssh/ssh.go:176: Host: 192.168.48.14:22 Command: /bin/bash -c 'lvcreate --poolmetadatasize 8192K -c 256K -L 1048576K -T vg_d72d3bd802d4e511a80ce2f16181289d/tp_b3c2bd107d17643a0b860061f47fd12b -V 1048576K -n brick_b3c2bd107d17643a0b860061f47fd12b'
Result:   Logical volume "brick_b3c2bd107d17643a0b860061f47fd12b" created.
[sshexec] DEBUG 2017/04/27 02:05:29 /src/github.com/heketi/heketi/pkg/utils/ssh/ssh.go:176: Host: 192.168.48.17:22 Command: /bin/bash -c 'lvcreate --poolmetadatasize 8192K -c 256K -L 1048576K -T vg_6c7ff8b53124baa86b5b789cd93274e1/tp_79d516f35bc0f4fb62f3d78746e0c55e -V 1048576K -n brick_79d516f35bc0f4fb62f3d78746e0c55e'
Result:   Logical volume "brick_79d516f35bc0f4fb62f3d78746e0c55e" created.
[sshexec] DEBUG 2017/04/27 02:05:29 /src/github.com/heketi/heketi/pkg/utils/ssh/ssh.go:176: Host: 192.168.48.12:22 Command: /bin/bash -c 'mkfs.xfs -i size=512 -n size=8192 /dev/mapper/vg_403cca7edce115dc1c641acc2f5f11fb-brick_9c887e97a600d59ca36be9bb75d8ad23'
Result: meta-data=/dev/mapper/vg_403cca7edce115dc1c641acc2f5f11fb-brick_9c887e97a600d59ca36be9bb75d8ad23 isize=512    agcount=8, agsize=32704 blks
         =                       sectsz=4096  attr=2, projid32bit=1
         =                       crc=1        finobt=1, sparse=0
data     =                       bsize=4096   blocks=261632, imaxpct=25
         =                       sunit=64     swidth=64 blks
naming   =version 2              bsize=8192   ascii-ci=0 ftype=1
log      =internal log           bsize=4096   blocks=576, version=2
         =                       sectsz=4096  sunit=1 blks, lazy-count=1
realtime =none                   extsz=4096   blocks=0, rtextents=0
[sshexec] DEBUG 2017/04/27 02:05:29 /src/github.com/heketi/heketi/pkg/utils/ssh/ssh.go:176: Host: 192.168.48.12:22 Command: /bin/bash -c 'echo "/dev/mapper/vg_403cca7edce115dc1c641acc2f5f11fb-brick_9c887e97a600d59ca36be9bb75d8ad23 /var/lib/heketi/mounts/vg_403cca7edce115dc1c641acc2f5f11fb/brick_9c887e97a600d59ca36be9bb75d8ad23 xfs rw,inode64,noatime,nouuid 1 2" | tee -a /etc/fstab > /dev/null '
Result: 
[negroni] Started GET /queue/f538c962b5f4f1fda139a5840d73df8b
[negroni] Completed 200 OK in 67.771µs
[sshexec] DEBUG 2017/04/27 02:05:29 /src/github.com/heketi/heketi/pkg/utils/ssh/ssh.go:176: Host: 192.168.48.12:22 Command: /bin/bash -c 'mount -o rw,inode64,noatime,nouuid /dev/mapper/vg_403cca7edce115dc1c641acc2f5f11fb-brick_9c887e97a600d59ca36be9bb75d8ad23 /var/lib/heketi/mounts/vg_403cca7edce115dc1c641acc2f5f11fb/brick_9c887e97a600d59ca36be9bb75d8ad23'
Result: 
[sshexec] DEBUG 2017/04/27 02:05:29 /src/github.com/heketi/heketi/pkg/utils/ssh/ssh.go:176: Host: 192.168.48.12:22 Command: /bin/bash -c 'mkdir /var/lib/heketi/mounts/vg_403cca7edce115dc1c641acc2f5f11fb/brick_9c887e97a600d59ca36be9bb75d8ad23/brick'
Result: 
[sshexec] DEBUG 2017/04/27 02:05:29 /src/github.com/heketi/heketi/pkg/utils/ssh/ssh.go:176: Host: 192.168.48.12:22 Command: /bin/bash -c 'chown :2000 /var/lib/heketi/mounts/vg_403cca7edce115dc1c641acc2f5f11fb/brick_9c887e97a600d59ca36be9bb75d8ad23/brick'
Result: 
[sshexec] DEBUG 2017/04/27 02:05:29 /src/github.com/heketi/heketi/pkg/utils/ssh/ssh.go:176: Host: 192.168.48.12:22 Command: /bin/bash -c 'chmod 2775 /var/lib/heketi/mounts/vg_403cca7edce115dc1c641acc2f5f11fb/brick_9c887e97a600d59ca36be9bb75d8ad23/brick'
Result: 
[sshexec] DEBUG 2017/04/27 02:05:29 /src/github.com/heketi/heketi/pkg/utils/ssh/ssh.go:176: Host: 192.168.48.14:22 Command: /bin/bash -c 'mkfs.xfs -i size=512 -n size=8192 /dev/mapper/vg_d72d3bd802d4e511a80ce2f16181289d-brick_b3c2bd107d17643a0b860061f47fd12b'
Result: meta-data=/dev/mapper/vg_d72d3bd802d4e511a80ce2f16181289d-brick_b3c2bd107d17643a0b860061f47fd12b isize=512    agcount=8, agsize=32704 blks
         =                       sectsz=512   attr=2, projid32bit=1
         =                       crc=1        finobt=1, sparse=0
data     =                       bsize=4096   blocks=261632, imaxpct=25
         =                       sunit=64     swidth=64 blks
naming   =version 2              bsize=8192   ascii-ci=0 ftype=1
log      =internal log           bsize=4096   blocks=1728, version=2
         =                       sectsz=512   sunit=64 blks, lazy-count=1
realtime =none                   extsz=4096   blocks=0, rtextents=0
[sshexec] DEBUG 2017/04/27 02:05:29 /src/github.com/heketi/heketi/pkg/utils/ssh/ssh.go:176: Host: 192.168.48.14:22 Command: /bin/bash -c 'echo "/dev/mapper/vg_d72d3bd802d4e511a80ce2f16181289d-brick_b3c2bd107d17643a0b860061f47fd12b /var/lib/heketi/mounts/vg_d72d3bd802d4e511a80ce2f16181289d/brick_b3c2bd107d17643a0b860061f47fd12b xfs rw,inode64,noatime,nouuid 1 2" | tee -a /etc/fstab > /dev/null '
Result: 
[sshexec] DEBUG 2017/04/27 02:05:29 /src/github.com/heketi/heketi/pkg/utils/ssh/ssh.go:176: Host: 192.168.48.17:22 Command: /bin/bash -c 'mkfs.xfs -i size=512 -n size=8192 /dev/mapper/vg_6c7ff8b53124baa86b5b789cd93274e1-brick_79d516f35bc0f4fb62f3d78746e0c55e'
Result: meta-data=/dev/mapper/vg_6c7ff8b53124baa86b5b789cd93274e1-brick_79d516f35bc0f4fb62f3d78746e0c55e isize=512    agcount=8, agsize=32704 blks
         =                       sectsz=512   attr=2, projid32bit=1
         =                       crc=1        finobt=1, sparse=0
data     =                       bsize=4096   blocks=261632, imaxpct=25
         =                       sunit=64     swidth=64 blks
naming   =version 2              bsize=8192   ascii-ci=0 ftype=1
log      =internal log           bsize=4096   blocks=1728, version=2
         =                       sectsz=512   sunit=64 blks, lazy-count=1
realtime =none                   extsz=4096   blocks=0, rtextents=0
[sshexec] DEBUG 2017/04/27 02:05:29 /src/github.com/heketi/heketi/pkg/utils/ssh/ssh.go:176: Host: 192.168.48.17:22 Command: /bin/bash -c 'echo "/dev/mapper/vg_6c7ff8b53124baa86b5b789cd93274e1-brick_79d516f35bc0f4fb62f3d78746e0c55e /var/lib/heketi/mounts/vg_6c7ff8b53124baa86b5b789cd93274e1/brick_79d516f35bc0f4fb62f3d78746e0c55e xfs rw,inode64,noatime,nouuid 1 2" | tee -a /etc/fstab > /dev/null '
Result: 
[sshexec] DEBUG 2017/04/27 02:05:30 /src/github.com/heketi/heketi/pkg/utils/ssh/ssh.go:176: Host: 192.168.48.14:22 Command: /bin/bash -c 'mount -o rw,inode64,noatime,nouuid /dev/mapper/vg_d72d3bd802d4e511a80ce2f16181289d-brick_b3c2bd107d17643a0b860061f47fd12b /var/lib/heketi/mounts/vg_d72d3bd802d4e511a80ce2f16181289d/brick_b3c2bd107d17643a0b860061f47fd12b'
Result: 
[sshexec] DEBUG 2017/04/27 02:05:30 /src/github.com/heketi/heketi/pkg/utils/ssh/ssh.go:176: Host: 192.168.48.14:22 Command: /bin/bash -c 'mkdir /var/lib/heketi/mounts/vg_d72d3bd802d4e511a80ce2f16181289d/brick_b3c2bd107d17643a0b860061f47fd12b/brick'
Result: 
[sshexec] DEBUG 2017/04/27 02:05:30 /src/github.com/heketi/heketi/pkg/utils/ssh/ssh.go:176: Host: 192.168.48.14:22 Command: /bin/bash -c 'chown :2000 /var/lib/heketi/mounts/vg_d72d3bd802d4e511a80ce2f16181289d/brick_b3c2bd107d17643a0b860061f47fd12b/brick'
Result: 
[sshexec] DEBUG 2017/04/27 02:05:30 /src/github.com/heketi/heketi/pkg/utils/ssh/ssh.go:176: Host: 192.168.48.14:22 Command: /bin/bash -c 'chmod 2775 /var/lib/heketi/mounts/vg_d72d3bd802d4e511a80ce2f16181289d/brick_b3c2bd107d17643a0b860061f47fd12b/brick'
Result: 
[sshexec] DEBUG 2017/04/27 02:05:30 /src/github.com/heketi/heketi/pkg/utils/ssh/ssh.go:176: Host: 192.168.48.17:22 Command: /bin/bash -c 'mount -o rw,inode64,noatime,nouuid /dev/mapper/vg_6c7ff8b53124baa86b5b789cd93274e1-brick_79d516f35bc0f4fb62f3d78746e0c55e /var/lib/heketi/mounts/vg_6c7ff8b53124baa86b5b789cd93274e1/brick_79d516f35bc0f4fb62f3d78746e0c55e'
Result: 
[sshexec] DEBUG 2017/04/27 02:05:30 /src/github.com/heketi/heketi/pkg/utils/ssh/ssh.go:176: Host: 192.168.48.17:22 Command: /bin/bash -c 'mkdir /var/lib/heketi/mounts/vg_6c7ff8b53124baa86b5b789cd93274e1/brick_79d516f35bc0f4fb62f3d78746e0c55e/brick'
Result: 
[sshexec] DEBUG 2017/04/27 02:05:30 /src/github.com/heketi/heketi/pkg/utils/ssh/ssh.go:176: Host: 192.168.48.17:22 Command: /bin/bash -c 'chown :2000 /var/lib/heketi/mounts/vg_6c7ff8b53124baa86b5b789cd93274e1/brick_79d516f35bc0f4fb62f3d78746e0c55e/brick'
Result: 
[sshexec] DEBUG 2017/04/27 02:05:30 /src/github.com/heketi/heketi/pkg/utils/ssh/ssh.go:176: Host: 192.168.48.17:22 Command: /bin/bash -c 'chmod 2775 /var/lib/heketi/mounts/vg_6c7ff8b53124baa86b5b789cd93274e1/brick_79d516f35bc0f4fb62f3d78746e0c55e/brick'
Result: 
[sshexec] INFO 2017/04/27 02:05:30 Creating volume vol_9b07e921dc5d0b2deb0e773f77eec449 replica 3
[sshexec] ERROR 2017/04/27 02:05:30 /src/github.com/heketi/heketi/pkg/utils/ssh/ssh.go:173: Failed to run command [/bin/bash -c 'gluster --mode=script volume create vol_9b07e921dc5d0b2deb0e773f77eec449 replica 3 192.168.48.12:/var/lib/heketi/mounts/vg_403cca7edce115dc1c641acc2f5f11fb/brick_9c887e97a600d59ca36be9bb75d8ad23/brick 192.168.48.17:/var/lib/heketi/mounts/vg_6c7ff8b53124baa86b5b789cd93274e1/brick_79d516f35bc0f4fb62f3d78746e0c55e/brick 192.168.48.14:/var/lib/heketi/mounts/vg_d72d3bd802d4e511a80ce2f16181289d/brick_b3c2bd107d17643a0b860061f47fd12b/brick '] on 192.168.48.12:22: Err[Process exited with: 1. Reason was:  ()]: Stdout []: Stderr [volume create: vol_9b07e921dc5d0b2deb0e773f77eec449: failed: Host 192.168.48.14 not connected
]
[sshexec] ERROR 2017/04/27 02:05:30 /src/github.com/heketi/heketi/pkg/utils/ssh/ssh.go:173: Failed to run command [/bin/bash -c 'gluster --mode=script volume stop vol_9b07e921dc5d0b2deb0e773f77eec449 force'] on 192.168.48.12:22: Err[Process exited with: 1. Reason was:  ()]: Stdout []: Stderr [volume stop: vol_9b07e921dc5d0b2deb0e773f77eec449: failed: Volume vol_9b07e921dc5d0b2deb0e773f77eec449 does not exist
]
[sshexec] ERROR 2017/04/27 02:05:30 /src/github.com/heketi/heketi/executors/sshexec/volume.go:130: Unable to stop volume vol_9b07e921dc5d0b2deb0e773f77eec449: volume stop: vol_9b07e921dc5d0b2deb0e773f77eec449: failed: Volume vol_9b07e921dc5d0b2deb0e773f77eec449 does not exist
[negroni] Started GET /queue/f538c962b5f4f1fda139a5840d73df8b
[negroni] Completed 200 OK in 70.128µs
[sshexec] ERROR 2017/04/27 02:05:30 /src/github.com/heketi/heketi/pkg/utils/ssh/ssh.go:173: Failed to run command [/bin/bash -c 'gluster --mode=script volume delete vol_9b07e921dc5d0b2deb0e773f77eec449'] on 192.168.48.12:22: Err[Process exited with: 1. Reason was:  ()]: Stdout []: Stderr [volume delete: vol_9b07e921dc5d0b2deb0e773f77eec449: failed: Volume vol_9b07e921dc5d0b2deb0e773f77eec449 does not exist
]
[sshexec] ERROR 2017/04/27 02:05:30 /src/github.com/heketi/heketi/executors/sshexec/volume.go:139: Unable to delete volume vol_9b07e921dc5d0b2deb0e773f77eec449: volume delete: vol_9b07e921dc5d0b2deb0e773f77eec449: failed: Volume vol_9b07e921dc5d0b2deb0e773f77eec449 does not exist
[heketi] INFO 2017/04/27 02:05:30 Deleting brick 9c887e97a600d59ca36be9bb75d8ad23
[heketi] INFO 2017/04/27 02:05:30 Deleting brick b3c2bd107d17643a0b860061f47fd12b
[heketi] INFO 2017/04/27 02:05:30 Deleting brick 79d516f35bc0f4fb62f3d78746e0c55e
[sshexec] DEBUG 2017/04/27 02:05:31 /src/github.com/heketi/heketi/pkg/utils/ssh/ssh.go:176: Host: 192.168.48.14:22 Command: /bin/bash -c 'umount /var/lib/heketi/mounts/vg_d72d3bd802d4e511a80ce2f16181289d/brick_b3c2bd107d17643a0b860061f47fd12b'
Result: 
[sshexec] DEBUG 2017/04/27 02:05:31 /src/github.com/heketi/heketi/pkg/utils/ssh/ssh.go:176: Host: 192.168.48.17:22 Command: /bin/bash -c 'umount /var/lib/heketi/mounts/vg_6c7ff8b53124baa86b5b789cd93274e1/brick_79d516f35bc0f4fb62f3d78746e0c55e'
Result: 
[sshexec] DEBUG 2017/04/27 02:05:31 /src/github.com/heketi/heketi/pkg/utils/ssh/ssh.go:176: Host: 192.168.48.12:22 Command: /bin/bash -c 'umount /var/lib/heketi/mounts/vg_403cca7edce115dc1c641acc2f5f11fb/brick_9c887e97a600d59ca36be9bb75d8ad23'
Result: 
[sshexec] DEBUG 2017/04/27 02:05:31 /src/github.com/heketi/heketi/pkg/utils/ssh/ssh.go:176: Host: 192.168.48.14:22 Command: /bin/bash -c 'lvremove -f vg_d72d3bd802d4e511a80ce2f16181289d/tp_b3c2bd107d17643a0b860061f47fd12b'
Result:   Logical volume "brick_b3c2bd107d17643a0b860061f47fd12b" successfully removed
  Logical volume "tp_b3c2bd107d17643a0b860061f47fd12b" successfully removed
[sshexec] DEBUG 2017/04/27 02:05:31 /src/github.com/heketi/heketi/pkg/utils/ssh/ssh.go:176: Host: 192.168.48.17:22 Command: /bin/bash -c 'lvremove -f vg_6c7ff8b53124baa86b5b789cd93274e1/tp_79d516f35bc0f4fb62f3d78746e0c55e'
Result:   Logical volume "brick_79d516f35bc0f4fb62f3d78746e0c55e" successfully removed
  Logical volume "tp_79d516f35bc0f4fb62f3d78746e0c55e" successfully removed
[negroni] Started GET /queue/f538c962b5f4f1fda139a5840d73df8b
[negroni] Completed 200 OK in 117.919µs
[sshexec] DEBUG 2017/04/27 02:05:31 /src/github.com/heketi/heketi/pkg/utils/ssh/ssh.go:176: Host: 192.168.48.12:22 Command: /bin/bash -c 'lvremove -f vg_403cca7edce115dc1c641acc2f5f11fb/tp_9c887e97a600d59ca36be9bb75d8ad23'
Result:   Logical volume "brick_9c887e97a600d59ca36be9bb75d8ad23" successfully removed
  Logical volume "tp_9c887e97a600d59ca36be9bb75d8ad23" successfully removed
[sshexec] DEBUG 2017/04/27 02:05:31 /src/github.com/heketi/heketi/pkg/utils/ssh/ssh.go:176: Host: 192.168.48.14:22 Command: /bin/bash -c 'rmdir /var/lib/heketi/mounts/vg_d72d3bd802d4e511a80ce2f16181289d/brick_b3c2bd107d17643a0b860061f47fd12b'
Result: 
[sshexec] DEBUG 2017/04/27 02:05:32 /src/github.com/heketi/heketi/pkg/utils/ssh/ssh.go:176: Host: 192.168.48.17:22 Command: /bin/bash -c 'rmdir /var/lib/heketi/mounts/vg_6c7ff8b53124baa86b5b789cd93274e1/brick_79d516f35bc0f4fb62f3d78746e0c55e'
Result: 
[sshexec] DEBUG 2017/04/27 02:05:32 /src/github.com/heketi/heketi/pkg/utils/ssh/ssh.go:176: Host: 192.168.48.14:22 Command: /bin/bash -c 'sed -i.save "/brick_b3c2bd107d17643a0b860061f47fd12b/d" /etc/fstab'
Result: 
[sshexec] DEBUG 2017/04/27 02:05:32 /src/github.com/heketi/heketi/pkg/utils/ssh/ssh.go:176: Host: 192.168.48.12:22 Command: /bin/bash -c 'rmdir /var/lib/heketi/mounts/vg_403cca7edce115dc1c641acc2f5f11fb/brick_9c887e97a600d59ca36be9bb75d8ad23'
Result: 
[sshexec] DEBUG 2017/04/27 02:05:32 /src/github.com/heketi/heketi/pkg/utils/ssh/ssh.go:176: Host: 192.168.48.17:22 Command: /bin/bash -c 'sed -i.save "/brick_79d516f35bc0f4fb62f3d78746e0c55e/d" /etc/fstab'
Result: 
[sshexec] DEBUG 2017/04/27 02:05:32 /src/github.com/heketi/heketi/pkg/utils/ssh/ssh.go:176: Host: 192.168.48.12:22 Command: /bin/bash -c 'sed -i.save "/brick_9c887e97a600d59ca36be9bb75d8ad23/d" /etc/fstab'
Result: 
[heketi] ERROR 2017/04/27 02:05:32 /src/github.com/heketi/heketi/apps/glusterfs/app_volume.go:148: Failed to create volume: volume create: vol_9b07e921dc5d0b2deb0e773f77eec449: failed: Host 192.168.48.14 not connected
[asynchttp] INFO 2017/04/27 02:05:32 Completed job f538c962b5f4f1fda139a5840d73df8b in 3.628051003s
[negroni] Started GET /queue/f538c962b5f4f1fda139a5840d73df8b
[negroni] Completed 500 Internal Server Error in 67.362µs
[negroni] Started POST /volumes
[negroni] Completed 202 Accepted in 20.362478ms
[asynchttp] INFO 2017/04/27 02:05:43 Started job 5b4933573ed9608be69a86084c05f877
[heketi] INFO 2017/04/27 02:05:43 Creating volume 114a05edb5264a140c2048364e7dac8b
[heketi] INFO 2017/04/27 02:05:43 brick_num: 0
[negroni] Started GET /queue/5b4933573ed9608be69a86084c05f877
[negroni] Completed 200 OK in 331.689µs
[heketi] INFO 2017/04/27 02:05:43 Creating brick 986cc644690d3675bc1d8a8eccf470a0
[heketi] INFO 2017/04/27 02:05:43 Creating brick 6bfae7a3c086e18338b33ee9f7db1a1e
[heketi] INFO 2017/04/27 02:05:43 Creating brick a6414f77e31c1acb9a90c6594f961700
[sshexec] DEBUG 2017/04/27 02:05:44 /src/github.com/heketi/heketi/pkg/utils/ssh/ssh.go:176: Host: 192.168.48.14:22 Command: /bin/bash -c 'mkdir -p /var/lib/heketi/mounts/vg_d72d3bd802d4e511a80ce2f16181289d/brick_986cc644690d3675bc1d8a8eccf470a0'
Result: 
[sshexec] DEBUG 2017/04/27 02:05:44 /src/github.com/heketi/heketi/pkg/utils/ssh/ssh.go:176: Host: 192.168.48.12:22 Command: /bin/bash -c 'mkdir -p /var/lib/heketi/mounts/vg_403cca7edce115dc1c641acc2f5f11fb/brick_6bfae7a3c086e18338b33ee9f7db1a1e'
Result: 
[sshexec] DEBUG 2017/04/27 02:05:44 /src/github.com/heketi/heketi/pkg/utils/ssh/ssh.go:176: Host: 192.168.48.17:22 Command: /bin/bash -c 'mkdir -p /var/lib/heketi/mounts/vg_6c7ff8b53124baa86b5b789cd93274e1/brick_a6414f77e31c1acb9a90c6594f961700'
Result: 
[sshexec] DEBUG 2017/04/27 02:05:44 /src/github.com/heketi/heketi/pkg/utils/ssh/ssh.go:176: Host: 192.168.48.12:22 Command: /bin/bash -c 'lvcreate --poolmetadatasize 8192K -c 256K -L 1048576K -T vg_403cca7edce115dc1c641acc2f5f11fb/tp_6bfae7a3c086e18338b33ee9f7db1a1e -V 1048576K -n brick_6bfae7a3c086e18338b33ee9f7db1a1e'
Result:   Logical volume "brick_6bfae7a3c086e18338b33ee9f7db1a1e" created.
[sshexec] DEBUG 2017/04/27 02:05:44 /src/github.com/heketi/heketi/pkg/utils/ssh/ssh.go:176: Host: 192.168.48.17:22 Command: /bin/bash -c 'lvcreate --poolmetadatasize 8192K -c 256K -L 1048576K -T vg_6c7ff8b53124baa86b5b789cd93274e1/tp_a6414f77e31c1acb9a90c6594f961700 -V 1048576K -n brick_a6414f77e31c1acb9a90c6594f961700'
Result:   Logical volume "brick_a6414f77e31c1acb9a90c6594f961700" created.
[negroni] Started GET /queue/5b4933573ed9608be69a86084c05f877
[negroni] Completed 200 OK in 232.007µs
[sshexec] DEBUG 2017/04/27 02:05:44 /src/github.com/heketi/heketi/pkg/utils/ssh/ssh.go:176: Host: 192.168.48.12:22 Command: /bin/bash -c 'mkfs.xfs -i size=512 -n size=8192 /dev/mapper/vg_403cca7edce115dc1c641acc2f5f11fb-brick_6bfae7a3c086e18338b33ee9f7db1a1e'
Result: meta-data=/dev/mapper/vg_403cca7edce115dc1c641acc2f5f11fb-brick_6bfae7a3c086e18338b33ee9f7db1a1e isize=512    agcount=8, agsize=32704 blks
         =                       sectsz=4096  attr=2, projid32bit=1
         =                       crc=1        finobt=1, sparse=0
data     =                       bsize=4096   blocks=261632, imaxpct=25
         =                       sunit=64     swidth=64 blks
naming   =version 2              bsize=8192   ascii-ci=0 ftype=1
log      =internal log           bsize=4096   blocks=576, version=2
         =                       sectsz=4096  sunit=1 blks, lazy-count=1
realtime =none                   extsz=4096   blocks=0, rtextents=0
[sshexec] DEBUG 2017/04/27 02:05:44 /src/github.com/heketi/heketi/pkg/utils/ssh/ssh.go:176: Host: 192.168.48.14:22 Command: /bin/bash -c 'lvcreate --poolmetadatasize 8192K -c 256K -L 1048576K -T vg_d72d3bd802d4e511a80ce2f16181289d/tp_986cc644690d3675bc1d8a8eccf470a0 -V 1048576K -n brick_986cc644690d3675bc1d8a8eccf470a0'
Result:   Logical volume "brick_986cc644690d3675bc1d8a8eccf470a0" created.
[sshexec] DEBUG 2017/04/27 02:05:44 /src/github.com/heketi/heketi/pkg/utils/ssh/ssh.go:176: Host: 192.168.48.12:22 Command: /bin/bash -c 'echo "/dev/mapper/vg_403cca7edce115dc1c641acc2f5f11fb-brick_6bfae7a3c086e18338b33ee9f7db1a1e /var/lib/heketi/mounts/vg_403cca7edce115dc1c641acc2f5f11fb/brick_6bfae7a3c086e18338b33ee9f7db1a1e xfs rw,inode64,noatime,nouuid 1 2" | tee -a /etc/fstab > /dev/null '
Result: 
[sshexec] DEBUG 2017/04/27 02:05:44 /src/github.com/heketi/heketi/pkg/utils/ssh/ssh.go:176: Host: 192.168.48.17:22 Command: /bin/bash -c 'mkfs.xfs -i size=512 -n size=8192 /dev/mapper/vg_6c7ff8b53124baa86b5b789cd93274e1-brick_a6414f77e31c1acb9a90c6594f961700'
Result: meta-data=/dev/mapper/vg_6c7ff8b53124baa86b5b789cd93274e1-brick_a6414f77e31c1acb9a90c6594f961700 isize=512    agcount=8, agsize=32704 blks
         =                       sectsz=512   attr=2, projid32bit=1
         =                       crc=1        finobt=1, sparse=0
data     =                       bsize=4096   blocks=261632, imaxpct=25
         =                       sunit=64     swidth=64 blks
naming   =version 2              bsize=8192   ascii-ci=0 ftype=1
log      =internal log           bsize=4096   blocks=1728, version=2
         =                       sectsz=512   sunit=64 blks, lazy-count=1
realtime =none                   extsz=4096   blocks=0, rtextents=0
[sshexec] DEBUG 2017/04/27 02:05:44 /src/github.com/heketi/heketi/pkg/utils/ssh/ssh.go:176: Host: 192.168.48.17:22 Command: /bin/bash -c 'echo "/dev/mapper/vg_6c7ff8b53124baa86b5b789cd93274e1-brick_a6414f77e31c1acb9a90c6594f961700 /var/lib/heketi/mounts/vg_6c7ff8b53124baa86b5b789cd93274e1/brick_a6414f77e31c1acb9a90c6594f961700 xfs rw,inode64,noatime,nouuid 1 2" | tee -a /etc/fstab > /dev/null '
Result: 
[sshexec] DEBUG 2017/04/27 02:05:44 /src/github.com/heketi/heketi/pkg/utils/ssh/ssh.go:176: Host: 192.168.48.14:22 Command: /bin/bash -c 'mkfs.xfs -i size=512 -n size=8192 /dev/mapper/vg_d72d3bd802d4e511a80ce2f16181289d-brick_986cc644690d3675bc1d8a8eccf470a0'
Result: meta-data=/dev/mapper/vg_d72d3bd802d4e511a80ce2f16181289d-brick_986cc644690d3675bc1d8a8eccf470a0 isize=512    agcount=8, agsize=32704 blks
         =                       sectsz=512   attr=2, projid32bit=1
         =                       crc=1        finobt=1, sparse=0
data     =                       bsize=4096   blocks=261632, imaxpct=25
         =                       sunit=64     swidth=64 blks
naming   =version 2              bsize=8192   ascii-ci=0 ftype=1
log      =internal log           bsize=4096   blocks=1728, version=2
         =                       sectsz=512   sunit=64 blks, lazy-count=1
realtime =none                   extsz=4096   blocks=0, rtextents=0
[sshexec] DEBUG 2017/04/27 02:05:44 /src/github.com/heketi/heketi/pkg/utils/ssh/ssh.go:176: Host: 192.168.48.12:22 Command: /bin/bash -c 'mount -o rw,inode64,noatime,nouuid /dev/mapper/vg_403cca7edce115dc1c641acc2f5f11fb-brick_6bfae7a3c086e18338b33ee9f7db1a1e /var/lib/heketi/mounts/vg_403cca7edce115dc1c641acc2f5f11fb/brick_6bfae7a3c086e18338b33ee9f7db1a1e'
Result: 
[sshexec] DEBUG 2017/04/27 02:05:44 /src/github.com/heketi/heketi/pkg/utils/ssh/ssh.go:176: Host: 192.168.48.14:22 Command: /bin/bash -c 'echo "/dev/mapper/vg_d72d3bd802d4e511a80ce2f16181289d-brick_986cc644690d3675bc1d8a8eccf470a0 /var/lib/heketi/mounts/vg_d72d3bd802d4e511a80ce2f16181289d/brick_986cc644690d3675bc1d8a8eccf470a0 xfs rw,inode64,noatime,nouuid 1 2" | tee -a /etc/fstab > /dev/null '
Result: 
[sshexec] DEBUG 2017/04/27 02:05:45 /src/github.com/heketi/heketi/pkg/utils/ssh/ssh.go:176: Host: 192.168.48.12:22 Command: /bin/bash -c 'mkdir /var/lib/heketi/mounts/vg_403cca7edce115dc1c641acc2f5f11fb/brick_6bfae7a3c086e18338b33ee9f7db1a1e/brick'
Result: 
[sshexec] DEBUG 2017/04/27 02:05:45 /src/github.com/heketi/heketi/pkg/utils/ssh/ssh.go:176: Host: 192.168.48.12:22 Command: /bin/bash -c 'chown :2000 /var/lib/heketi/mounts/vg_403cca7edce115dc1c641acc2f5f11fb/brick_6bfae7a3c086e18338b33ee9f7db1a1e/brick'
Result: 
[sshexec] DEBUG 2017/04/27 02:05:45 /src/github.com/heketi/heketi/pkg/utils/ssh/ssh.go:176: Host: 192.168.48.12:22 Command: /bin/bash -c 'chmod 2775 /var/lib/heketi/mounts/vg_403cca7edce115dc1c641acc2f5f11fb/brick_6bfae7a3c086e18338b33ee9f7db1a1e/brick'
Result: 
[sshexec] DEBUG 2017/04/27 02:05:45 /src/github.com/heketi/heketi/pkg/utils/ssh/ssh.go:176: Host: 192.168.48.17:22 Command: /bin/bash -c 'mount -o rw,inode64,noatime,nouuid /dev/mapper/vg_6c7ff8b53124baa86b5b789cd93274e1-brick_a6414f77e31c1acb9a90c6594f961700 /var/lib/heketi/mounts/vg_6c7ff8b53124baa86b5b789cd93274e1/brick_a6414f77e31c1acb9a90c6594f961700'
Result: 
[sshexec] DEBUG 2017/04/27 02:05:45 /src/github.com/heketi/heketi/pkg/utils/ssh/ssh.go:176: Host: 192.168.48.17:22 Command: /bin/bash -c 'mkdir /var/lib/heketi/mounts/vg_6c7ff8b53124baa86b5b789cd93274e1/brick_a6414f77e31c1acb9a90c6594f961700/brick'
Result: 
[sshexec] DEBUG 2017/04/27 02:05:45 /src/github.com/heketi/heketi/pkg/utils/ssh/ssh.go:176: Host: 192.168.48.17:22 Command: /bin/bash -c 'chown :2000 /var/lib/heketi/mounts/vg_6c7ff8b53124baa86b5b789cd93274e1/brick_a6414f77e31c1acb9a90c6594f961700/brick'
Result: 
[sshexec] DEBUG 2017/04/27 02:05:45 /src/github.com/heketi/heketi/pkg/utils/ssh/ssh.go:176: Host: 192.168.48.17:22 Command: /bin/bash -c 'chmod 2775 /var/lib/heketi/mounts/vg_6c7ff8b53124baa86b5b789cd93274e1/brick_a6414f77e31c1acb9a90c6594f961700/brick'
Result: 
[sshexec] DEBUG 2017/04/27 02:05:45 /src/github.com/heketi/heketi/pkg/utils/ssh/ssh.go:176: Host: 192.168.48.14:22 Command: /bin/bash -c 'mount -o rw,inode64,noatime,nouuid /dev/mapper/vg_d72d3bd802d4e511a80ce2f16181289d-brick_986cc644690d3675bc1d8a8eccf470a0 /var/lib/heketi/mounts/vg_d72d3bd802d4e511a80ce2f16181289d/brick_986cc644690d3675bc1d8a8eccf470a0'
Result: 
[sshexec] DEBUG 2017/04/27 02:05:45 /src/github.com/heketi/heketi/pkg/utils/ssh/ssh.go:176: Host: 192.168.48.14:22 Command: /bin/bash -c 'mkdir /var/lib/heketi/mounts/vg_d72d3bd802d4e511a80ce2f16181289d/brick_986cc644690d3675bc1d8a8eccf470a0/brick'
Result: 
[sshexec] DEBUG 2017/04/27 02:05:45 /src/github.com/heketi/heketi/pkg/utils/ssh/ssh.go:176: Host: 192.168.48.14:22 Command: /bin/bash -c 'chown :2000 /var/lib/heketi/mounts/vg_d72d3bd802d4e511a80ce2f16181289d/brick_986cc644690d3675bc1d8a8eccf470a0/brick'
Result: 
[sshexec] DEBUG 2017/04/27 02:05:45 /src/github.com/heketi/heketi/pkg/utils/ssh/ssh.go:176: Host: 192.168.48.14:22 Command: /bin/bash -c 'chmod 2775 /var/lib/heketi/mounts/vg_d72d3bd802d4e511a80ce2f16181289d/brick_986cc644690d3675bc1d8a8eccf470a0/brick'
Result: 
[sshexec] INFO 2017/04/27 02:05:45 Creating volume vol_114a05edb5264a140c2048364e7dac8b replica 3
[sshexec] ERROR 2017/04/27 02:05:45 /src/github.com/heketi/heketi/pkg/utils/ssh/ssh.go:173: Failed to run command [/bin/bash -c 'gluster --mode=script volume create vol_114a05edb5264a140c2048364e7dac8b replica 3 192.168.48.17:/var/lib/heketi/mounts/vg_6c7ff8b53124baa86b5b789cd93274e1/brick_a6414f77e31c1acb9a90c6594f961700/brick 192.168.48.14:/var/lib/heketi/mounts/vg_d72d3bd802d4e511a80ce2f16181289d/brick_986cc644690d3675bc1d8a8eccf470a0/brick 192.168.48.12:/var/lib/heketi/mounts/vg_403cca7edce115dc1c641acc2f5f11fb/brick_6bfae7a3c086e18338b33ee9f7db1a1e/brick '] on 192.168.48.17:22: Err[Process exited with: 1. Reason was:  ()]: Stdout []: Stderr [volume create: vol_114a05edb5264a140c2048364e7dac8b: failed: Staging failed on 192.168.48.12. Error: Host 192.168.48.14 not connected
]
[negroni] Started GET /queue/5b4933573ed9608be69a86084c05f877
[negroni] Completed 200 OK in 109.158µs
[sshexec] ERROR 2017/04/27 02:05:46 /src/github.com/heketi/heketi/pkg/utils/ssh/ssh.go:173: Failed to run command [/bin/bash -c 'gluster --mode=script volume stop vol_114a05edb5264a140c2048364e7dac8b force'] on 192.168.48.17:22: Err[Process exited with: 1. Reason was:  ()]: Stdout []: Stderr [volume stop: vol_114a05edb5264a140c2048364e7dac8b: failed: Volume vol_114a05edb5264a140c2048364e7dac8b does not exist
]
[sshexec] ERROR 2017/04/27 02:05:46 /src/github.com/heketi/heketi/executors/sshexec/volume.go:130: Unable to stop volume vol_114a05edb5264a140c2048364e7dac8b: volume stop: vol_114a05edb5264a140c2048364e7dac8b: failed: Volume vol_114a05edb5264a140c2048364e7dac8b does not exist
[sshexec] ERROR 2017/04/27 02:05:46 /src/github.com/heketi/heketi/pkg/utils/ssh/ssh.go:173: Failed to run command [/bin/bash -c 'gluster --mode=script volume delete vol_114a05edb5264a140c2048364e7dac8b'] on 192.168.48.17:22: Err[Process exited with: 1. Reason was:  ()]: Stdout []: Stderr [volume delete: vol_114a05edb5264a140c2048364e7dac8b: failed: Volume vol_114a05edb5264a140c2048364e7dac8b does not exist
]
[sshexec] ERROR 2017/04/27 02:05:46 /src/github.com/heketi/heketi/executors/sshexec/volume.go:139: Unable to delete volume vol_114a05edb5264a140c2048364e7dac8b: volume delete: vol_114a05edb5264a140c2048364e7dac8b: failed: Volume vol_114a05edb5264a140c2048364e7dac8b does not exist
[heketi] INFO 2017/04/27 02:05:46 Deleting brick a6414f77e31c1acb9a90c6594f961700
[heketi] INFO 2017/04/27 02:05:46 Deleting brick 986cc644690d3675bc1d8a8eccf470a0
[heketi] INFO 2017/04/27 02:05:46 Deleting brick 6bfae7a3c086e18338b33ee9f7db1a1e
[sshexec] DEBUG 2017/04/27 02:05:46 /src/github.com/heketi/heketi/pkg/utils/ssh/ssh.go:176: Host: 192.168.48.12:22 Command: /bin/bash -c 'umount /var/lib/heketi/mounts/vg_403cca7edce115dc1c641acc2f5f11fb/brick_6bfae7a3c086e18338b33ee9f7db1a1e'
Result: 
[sshexec] DEBUG 2017/04/27 02:05:46 /src/github.com/heketi/heketi/pkg/utils/ssh/ssh.go:176: Host: 192.168.48.14:22 Command: /bin/bash -c 'umount /var/lib/heketi/mounts/vg_d72d3bd802d4e511a80ce2f16181289d/brick_986cc644690d3675bc1d8a8eccf470a0'
Result: 
[sshexec] DEBUG 2017/04/27 02:05:46 /src/github.com/heketi/heketi/pkg/utils/ssh/ssh.go:176: Host: 192.168.48.17:22 Command: /bin/bash -c 'umount /var/lib/heketi/mounts/vg_6c7ff8b53124baa86b5b789cd93274e1/brick_a6414f77e31c1acb9a90c6594f961700'
Result: 
[negroni] Started GET /queue/5b4933573ed9608be69a86084c05f877
[negroni] Completed 200 OK in 55.117µs
[sshexec] DEBUG 2017/04/27 02:05:47 /src/github.com/heketi/heketi/pkg/utils/ssh/ssh.go:176: Host: 192.168.48.14:22 Command: /bin/bash -c 'lvremove -f vg_d72d3bd802d4e511a80ce2f16181289d/tp_986cc644690d3675bc1d8a8eccf470a0'
Result:   Logical volume "brick_986cc644690d3675bc1d8a8eccf470a0" successfully removed
  Logical volume "tp_986cc644690d3675bc1d8a8eccf470a0" successfully removed
[sshexec] DEBUG 2017/04/27 02:05:47 /src/github.com/heketi/heketi/pkg/utils/ssh/ssh.go:176: Host: 192.168.48.12:22 Command: /bin/bash -c 'lvremove -f vg_403cca7edce115dc1c641acc2f5f11fb/tp_6bfae7a3c086e18338b33ee9f7db1a1e'
Result:   Logical volume "brick_6bfae7a3c086e18338b33ee9f7db1a1e" successfully removed
  Logical volume "tp_6bfae7a3c086e18338b33ee9f7db1a1e" successfully removed
[sshexec] DEBUG 2017/04/27 02:05:47 /src/github.com/heketi/heketi/pkg/utils/ssh/ssh.go:176: Host: 192.168.48.17:22 Command: /bin/bash -c 'lvremove -f vg_6c7ff8b53124baa86b5b789cd93274e1/tp_a6414f77e31c1acb9a90c6594f961700'
Result:   Logical volume "brick_a6414f77e31c1acb9a90c6594f961700" successfully removed
  Logical volume "tp_a6414f77e31c1acb9a90c6594f961700" successfully removed
[sshexec] DEBUG 2017/04/27 02:05:47 /src/github.com/heketi/heketi/pkg/utils/ssh/ssh.go:176: Host: 192.168.48.14:22 Command: /bin/bash -c 'rmdir /var/lib/heketi/mounts/vg_d72d3bd802d4e511a80ce2f16181289d/brick_986cc644690d3675bc1d8a8eccf470a0'
Result: 
[sshexec] DEBUG 2017/04/27 02:05:47 /src/github.com/heketi/heketi/pkg/utils/ssh/ssh.go:176: Host: 192.168.48.12:22 Command: /bin/bash -c 'rmdir /var/lib/heketi/mounts/vg_403cca7edce115dc1c641acc2f5f11fb/brick_6bfae7a3c086e18338b33ee9f7db1a1e'
Result: 
[sshexec] DEBUG 2017/04/27 02:05:47 /src/github.com/heketi/heketi/pkg/utils/ssh/ssh.go:176: Host: 192.168.48.17:22 Command: /bin/bash -c 'rmdir /var/lib/heketi/mounts/vg_6c7ff8b53124baa86b5b789cd93274e1/brick_a6414f77e31c1acb9a90c6594f961700'
Result: 
[sshexec] DEBUG 2017/04/27 02:05:47 /src/github.com/heketi/heketi/pkg/utils/ssh/ssh.go:176: Host: 192.168.48.14:22 Command: /bin/bash -c 'sed -i.save "/brick_986cc644690d3675bc1d8a8eccf470a0/d" /etc/fstab'
Result: 
[sshexec] DEBUG 2017/04/27 02:05:47 /src/github.com/heketi/heketi/pkg/utils/ssh/ssh.go:176: Host: 192.168.48.17:22 Command: /bin/bash -c 'sed -i.save "/brick_a6414f77e31c1acb9a90c6594f961700/d" /etc/fstab'
Result: 
[negroni] Started GET /queue/5b4933573ed9608be69a86084c05f877
[negroni] Completed 200 OK in 64.042µs
[sshexec] DEBUG 2017/04/27 02:05:47 /src/github.com/heketi/heketi/pkg/utils/ssh/ssh.go:176: Host: 192.168.48.12:22 Command: /bin/bash -c 'sed -i.save "/brick_6bfae7a3c086e18338b33ee9f7db1a1e/d" /etc/fstab'
Result: 
[asynchttp] INFO 2017/04/27 02:05:47 Completed job 5b4933573ed9608be69a86084c05f877 in 4.088598059s
[heketi] ERROR 2017/04/27 02:05:47 /src/github.com/heketi/heketi/apps/glusterfs/app_volume.go:148: Failed to create volume: volume create: vol_114a05edb5264a140c2048364e7dac8b: failed: Staging failed on 192.168.48.12. Error: Host 192.168.48.14 not connected
[negroni] Started GET /queue/5b4933573ed9608be69a86084c05f877
[negroni] Completed 500 Internal Server Error in 81.442µs
[negroni] Started POST /volumes
[negroni] Completed 202 Accepted in 17.151258ms
[asynchttp] INFO 2017/04/27 02:05:58 Started job 10acfeb5326d143ae5a9dff475d89802
[heketi] INFO 2017/04/27 02:05:58 Creating volume 9944b44d1c9fde5ddfa895d5ba73af93
[heketi] INFO 2017/04/27 02:05:58 brick_num: 0
[negroni] Started GET /queue/10acfeb5326d143ae5a9dff475d89802
[negroni] Completed 200 OK in 95.484µs
[heketi] INFO 2017/04/27 02:05:58 Creating brick 4c2d95eb6f2d071fd00b2bd5ad4a6cd4
[heketi] INFO 2017/04/27 02:05:58 Creating brick c5b58c5502d5b12f3f2655c1ca579f00
[heketi] INFO 2017/04/27 02:05:58 Creating brick 8735925277be5e2ac6f0fa0246ecf2cf
[sshexec] DEBUG 2017/04/27 02:05:59 /src/github.com/heketi/heketi/pkg/utils/ssh/ssh.go:176: Host: 192.168.48.12:22 Command: /bin/bash -c 'mkdir -p /var/lib/heketi/mounts/vg_403cca7edce115dc1c641acc2f5f11fb/brick_c5b58c5502d5b12f3f2655c1ca579f00'
Result: 
[sshexec] DEBUG 2017/04/27 02:05:59 /src/github.com/heketi/heketi/pkg/utils/ssh/ssh.go:176: Host: 192.168.48.14:22 Command: /bin/bash -c 'mkdir -p /var/lib/heketi/mounts/vg_d72d3bd802d4e511a80ce2f16181289d/brick_8735925277be5e2ac6f0fa0246ecf2cf'
Result: 
[sshexec] DEBUG 2017/04/27 02:05:59 /src/github.com/heketi/heketi/pkg/utils/ssh/ssh.go:176: Host: 192.168.48.17:22 Command: /bin/bash -c 'mkdir -p /var/lib/heketi/mounts/vg_6c7ff8b53124baa86b5b789cd93274e1/brick_4c2d95eb6f2d071fd00b2bd5ad4a6cd4'
Result: 
[sshexec] DEBUG 2017/04/27 02:05:59 /src/github.com/heketi/heketi/pkg/utils/ssh/ssh.go:176: Host: 192.168.48.17:22 Command: /bin/bash -c 'lvcreate --poolmetadatasize 8192K -c 256K -L 1048576K -T vg_6c7ff8b53124baa86b5b789cd93274e1/tp_4c2d95eb6f2d071fd00b2bd5ad4a6cd4 -V 1048576K -n brick_4c2d95eb6f2d071fd00b2bd5ad4a6cd4'
Result:   Logical volume "brick_4c2d95eb6f2d071fd00b2bd5ad4a6cd4" created.
[sshexec] DEBUG 2017/04/27 02:05:59 /src/github.com/heketi/heketi/pkg/utils/ssh/ssh.go:176: Host: 192.168.48.12:22 Command: /bin/bash -c 'lvcreate --poolmetadatasize 8192K -c 256K -L 1048576K -T vg_403cca7edce115dc1c641acc2f5f11fb/tp_c5b58c5502d5b12f3f2655c1ca579f00 -V 1048576K -n brick_c5b58c5502d5b12f3f2655c1ca579f00'
Result:   Logical volume "brick_c5b58c5502d5b12f3f2655c1ca579f00" created.
[sshexec] DEBUG 2017/04/27 02:05:59 /src/github.com/heketi/heketi/pkg/utils/ssh/ssh.go:176: Host: 192.168.48.14:22 Command: /bin/bash -c 'lvcreate --poolmetadatasize 8192K -c 256K -L 1048576K -T vg_d72d3bd802d4e511a80ce2f16181289d/tp_8735925277be5e2ac6f0fa0246ecf2cf -V 1048576K -n brick_8735925277be5e2ac6f0fa0246ecf2cf'
Result:   Logical volume "brick_8735925277be5e2ac6f0fa0246ecf2cf" created.
[negroni] Started GET /queue/10acfeb5326d143ae5a9dff475d89802
[negroni] Completed 200 OK in 119.608µs
[sshexec] DEBUG 2017/04/27 02:05:59 /src/github.com/heketi/heketi/pkg/utils/ssh/ssh.go:176: Host: 192.168.48.12:22 Command: /bin/bash -c 'mkfs.xfs -i size=512 -n size=8192 /dev/mapper/vg_403cca7edce115dc1c641acc2f5f11fb-brick_c5b58c5502d5b12f3f2655c1ca579f00'
Result: meta-data=/dev/mapper/vg_403cca7edce115dc1c641acc2f5f11fb-brick_c5b58c5502d5b12f3f2655c1ca579f00 isize=512    agcount=8, agsize=32704 blks
         =                       sectsz=4096  attr=2, projid32bit=1
         =                       crc=1        finobt=1, sparse=0
data     =                       bsize=4096   blocks=261632, imaxpct=25
         =                       sunit=64     swidth=64 blks
naming   =version 2              bsize=8192   ascii-ci=0 ftype=1
log      =internal log           bsize=4096   blocks=576, version=2
         =                       sectsz=4096  sunit=1 blks, lazy-count=1
realtime =none                   extsz=4096   blocks=0, rtextents=0
[sshexec] DEBUG 2017/04/27 02:05:59 /src/github.com/heketi/heketi/pkg/utils/ssh/ssh.go:176: Host: 192.168.48.17:22 Command: /bin/bash -c 'mkfs.xfs -i size=512 -n size=8192 /dev/mapper/vg_6c7ff8b53124baa86b5b789cd93274e1-brick_4c2d95eb6f2d071fd00b2bd5ad4a6cd4'
Result: meta-data=/dev/mapper/vg_6c7ff8b53124baa86b5b789cd93274e1-brick_4c2d95eb6f2d071fd00b2bd5ad4a6cd4 isize=512    agcount=8, agsize=32704 blks
         =                       sectsz=512   attr=2, projid32bit=1
         =                       crc=1        finobt=1, sparse=0
data     =                       bsize=4096   blocks=261632, imaxpct=25
         =                       sunit=64     swidth=64 blks
naming   =version 2              bsize=8192   ascii-ci=0 ftype=1
log      =internal log           bsize=4096   blocks=1728, version=2
         =                       sectsz=512   sunit=64 blks, lazy-count=1
realtime =none                   extsz=4096   blocks=0, rtextents=0
[sshexec] DEBUG 2017/04/27 02:05:59 /src/github.com/heketi/heketi/pkg/utils/ssh/ssh.go:176: Host: 192.168.48.12:22 Command: /bin/bash -c 'echo "/dev/mapper/vg_403cca7edce115dc1c641acc2f5f11fb-brick_c5b58c5502d5b12f3f2655c1ca579f00 /var/lib/heketi/mounts/vg_403cca7edce115dc1c641acc2f5f11fb/brick_c5b58c5502d5b12f3f2655c1ca579f00 xfs rw,inode64,noatime,nouuid 1 2" | tee -a /etc/fstab > /dev/null '
Result: 
[sshexec] DEBUG 2017/04/27 02:05:59 /src/github.com/heketi/heketi/pkg/utils/ssh/ssh.go:176: Host: 192.168.48.17:22 Command: /bin/bash -c 'echo "/dev/mapper/vg_6c7ff8b53124baa86b5b789cd93274e1-brick_4c2d95eb6f2d071fd00b2bd5ad4a6cd4 /var/lib/heketi/mounts/vg_6c7ff8b53124baa86b5b789cd93274e1/brick_4c2d95eb6f2d071fd00b2bd5ad4a6cd4 xfs rw,inode64,noatime,nouuid 1 2" | tee -a /etc/fstab > /dev/null '
Result: 
[sshexec] DEBUG 2017/04/27 02:05:59 /src/github.com/heketi/heketi/pkg/utils/ssh/ssh.go:176: Host: 192.168.48.14:22 Command: /bin/bash -c 'mkfs.xfs -i size=512 -n size=8192 /dev/mapper/vg_d72d3bd802d4e511a80ce2f16181289d-brick_8735925277be5e2ac6f0fa0246ecf2cf'
Result: meta-data=/dev/mapper/vg_d72d3bd802d4e511a80ce2f16181289d-brick_8735925277be5e2ac6f0fa0246ecf2cf isize=512    agcount=8, agsize=32704 blks
         =                       sectsz=512   attr=2, projid32bit=1
         =                       crc=1        finobt=1, sparse=0
data     =                       bsize=4096   blocks=261632, imaxpct=25
         =                       sunit=64     swidth=64 blks
naming   =version 2              bsize=8192   ascii-ci=0 ftype=1
log      =internal log           bsize=4096   blocks=1728, version=2
         =                       sectsz=512   sunit=64 blks, lazy-count=1
realtime =none                   extsz=4096   blocks=0, rtextents=0
[sshexec] DEBUG 2017/04/27 02:05:59 /src/github.com/heketi/heketi/pkg/utils/ssh/ssh.go:176: Host: 192.168.48.14:22 Command: /bin/bash -c 'echo "/dev/mapper/vg_d72d3bd802d4e511a80ce2f16181289d-brick_8735925277be5e2ac6f0fa0246ecf2cf /var/lib/heketi/mounts/vg_d72d3bd802d4e511a80ce2f16181289d/brick_8735925277be5e2ac6f0fa0246ecf2cf xfs rw,inode64,noatime,nouuid 1 2" | tee -a /etc/fstab > /dev/null '
Result: 
[sshexec] DEBUG 2017/04/27 02:05:59 /src/github.com/heketi/heketi/pkg/utils/ssh/ssh.go:176: Host: 192.168.48.12:22 Command: /bin/bash -c 'mount -o rw,inode64,noatime,nouuid /dev/mapper/vg_403cca7edce115dc1c641acc2f5f11fb-brick_c5b58c5502d5b12f3f2655c1ca579f00 /var/lib/heketi/mounts/vg_403cca7edce115dc1c641acc2f5f11fb/brick_c5b58c5502d5b12f3f2655c1ca579f00'
Result: 
[sshexec] DEBUG 2017/04/27 02:05:59 /src/github.com/heketi/heketi/pkg/utils/ssh/ssh.go:176: Host: 192.168.48.12:22 Command: /bin/bash -c 'mkdir /var/lib/heketi/mounts/vg_403cca7edce115dc1c641acc2f5f11fb/brick_c5b58c5502d5b12f3f2655c1ca579f00/brick'
Result: 
[sshexec] DEBUG 2017/04/27 02:05:59 /src/github.com/heketi/heketi/pkg/utils/ssh/ssh.go:176: Host: 192.168.48.12:22 Command: /bin/bash -c 'chown :2000 /var/lib/heketi/mounts/vg_403cca7edce115dc1c641acc2f5f11fb/brick_c5b58c5502d5b12f3f2655c1ca579f00/brick'
Result: 
[sshexec] DEBUG 2017/04/27 02:05:59 /src/github.com/heketi/heketi/pkg/utils/ssh/ssh.go:176: Host: 192.168.48.12:22 Command: /bin/bash -c 'chmod 2775 /var/lib/heketi/mounts/vg_403cca7edce115dc1c641acc2f5f11fb/brick_c5b58c5502d5b12f3f2655c1ca579f00/brick'
Result: 
[sshexec] DEBUG 2017/04/27 02:06:00 /src/github.com/heketi/heketi/pkg/utils/ssh/ssh.go:176: Host: 192.168.48.17:22 Command: /bin/bash -c 'mount -o rw,inode64,noatime,nouuid /dev/mapper/vg_6c7ff8b53124baa86b5b789cd93274e1-brick_4c2d95eb6f2d071fd00b2bd5ad4a6cd4 /var/lib/heketi/mounts/vg_6c7ff8b53124baa86b5b789cd93274e1/brick_4c2d95eb6f2d071fd00b2bd5ad4a6cd4'
Result: 
[sshexec] DEBUG 2017/04/27 02:06:00 /src/github.com/heketi/heketi/pkg/utils/ssh/ssh.go:176: Host: 192.168.48.17:22 Command: /bin/bash -c 'mkdir /var/lib/heketi/mounts/vg_6c7ff8b53124baa86b5b789cd93274e1/brick_4c2d95eb6f2d071fd00b2bd5ad4a6cd4/brick'
Result: 
[sshexec] DEBUG 2017/04/27 02:06:00 /src/github.com/heketi/heketi/pkg/utils/ssh/ssh.go:176: Host: 192.168.48.14:22 Command: /bin/bash -c 'mount -o rw,inode64,noatime,nouuid /dev/mapper/vg_d72d3bd802d4e511a80ce2f16181289d-brick_8735925277be5e2ac6f0fa0246ecf2cf /var/lib/heketi/mounts/vg_d72d3bd802d4e511a80ce2f16181289d/brick_8735925277be5e2ac6f0fa0246ecf2cf'
Result: 
[sshexec] DEBUG 2017/04/27 02:06:00 /src/github.com/heketi/heketi/pkg/utils/ssh/ssh.go:176: Host: 192.168.48.17:22 Command: /bin/bash -c 'chown :2000 /var/lib/heketi/mounts/vg_6c7ff8b53124baa86b5b789cd93274e1/brick_4c2d95eb6f2d071fd00b2bd5ad4a6cd4/brick'
Result: 
[sshexec] DEBUG 2017/04/27 02:06:00 /src/github.com/heketi/heketi/pkg/utils/ssh/ssh.go:176: Host: 192.168.48.17:22 Command: /bin/bash -c 'chmod 2775 /var/lib/heketi/mounts/vg_6c7ff8b53124baa86b5b789cd93274e1/brick_4c2d95eb6f2d071fd00b2bd5ad4a6cd4/brick'
Result: 
[sshexec] DEBUG 2017/04/27 02:06:00 /src/github.com/heketi/heketi/pkg/utils/ssh/ssh.go:176: Host: 192.168.48.14:22 Command: /bin/bash -c 'mkdir /var/lib/heketi/mounts/vg_d72d3bd802d4e511a80ce2f16181289d/brick_8735925277be5e2ac6f0fa0246ecf2cf/brick'
Result: 
[sshexec] DEBUG 2017/04/27 02:06:00 /src/github.com/heketi/heketi/pkg/utils/ssh/ssh.go:176: Host: 192.168.48.14:22 Command: /bin/bash -c 'chown :2000 /var/lib/heketi/mounts/vg_d72d3bd802d4e511a80ce2f16181289d/brick_8735925277be5e2ac6f0fa0246ecf2cf/brick'
Result: 
[sshexec] DEBUG 2017/04/27 02:06:00 /src/github.com/heketi/heketi/pkg/utils/ssh/ssh.go:176: Host: 192.168.48.14:22 Command: /bin/bash -c 'chmod 2775 /var/lib/heketi/mounts/vg_d72d3bd802d4e511a80ce2f16181289d/brick_8735925277be5e2ac6f0fa0246ecf2cf/brick'
Result: 
[sshexec] INFO 2017/04/27 02:06:00 Creating volume vol_9944b44d1c9fde5ddfa895d5ba73af93 replica 3
[sshexec] ERROR 2017/04/27 02:06:00 /src/github.com/heketi/heketi/pkg/utils/ssh/ssh.go:173: Failed to run command [/bin/bash -c 'gluster --mode=script volume create vol_9944b44d1c9fde5ddfa895d5ba73af93 replica 3 192.168.48.14:/var/lib/heketi/mounts/vg_d72d3bd802d4e511a80ce2f16181289d/brick_8735925277be5e2ac6f0fa0246ecf2cf/brick 192.168.48.12:/var/lib/heketi/mounts/vg_403cca7edce115dc1c641acc2f5f11fb/brick_c5b58c5502d5b12f3f2655c1ca579f00/brick 192.168.48.17:/var/lib/heketi/mounts/vg_6c7ff8b53124baa86b5b789cd93274e1/brick_4c2d95eb6f2d071fd00b2bd5ad4a6cd4/brick '] on 192.168.48.14:22: Err[Process exited with: 1. Reason was:  ()]: Stdout []: Stderr [volume create: vol_9944b44d1c9fde5ddfa895d5ba73af93: failed: Staging failed on 192.168.48.12. Error: Host 192.168.48.14 not connected
]
[negroni] Started GET /queue/10acfeb5326d143ae5a9dff475d89802
[negroni] Completed 200 OK in 136.069µs
[sshexec] ERROR 2017/04/27 02:06:00 /src/github.com/heketi/heketi/pkg/utils/ssh/ssh.go:173: Failed to run command [/bin/bash -c 'gluster --mode=script volume stop vol_9944b44d1c9fde5ddfa895d5ba73af93 force'] on 192.168.48.14:22: Err[Process exited with: 1. Reason was:  ()]: Stdout []: Stderr [volume stop: vol_9944b44d1c9fde5ddfa895d5ba73af93: failed: Volume vol_9944b44d1c9fde5ddfa895d5ba73af93 does not exist
]
[sshexec] ERROR 2017/04/27 02:06:00 /src/github.com/heketi/heketi/executors/sshexec/volume.go:130: Unable to stop volume vol_9944b44d1c9fde5ddfa895d5ba73af93: volume stop: vol_9944b44d1c9fde5ddfa895d5ba73af93: failed: Volume vol_9944b44d1c9fde5ddfa895d5ba73af93 does not exist
[sshexec] ERROR 2017/04/27 02:06:01 /src/github.com/heketi/heketi/pkg/utils/ssh/ssh.go:173: Failed to run command [/bin/bash -c 'gluster --mode=script volume delete vol_9944b44d1c9fde5ddfa895d5ba73af93'] on 192.168.48.14:22: Err[Process exited with: 1. Reason was:  ()]: Stdout []: Stderr [volume delete: vol_9944b44d1c9fde5ddfa895d5ba73af93: failed: Volume vol_9944b44d1c9fde5ddfa895d5ba73af93 does not exist
]
[sshexec] ERROR 2017/04/27 02:06:01 /src/github.com/heketi/heketi/executors/sshexec/volume.go:139: Unable to delete volume vol_9944b44d1c9fde5ddfa895d5ba73af93: volume delete: vol_9944b44d1c9fde5ddfa895d5ba73af93: failed: Volume vol_9944b44d1c9fde5ddfa895d5ba73af93 does not exist
[heketi] INFO 2017/04/27 02:06:01 Deleting brick 8735925277be5e2ac6f0fa0246ecf2cf
[heketi] INFO 2017/04/27 02:06:01 Deleting brick c5b58c5502d5b12f3f2655c1ca579f00
[heketi] INFO 2017/04/27 02:06:01 Deleting brick 4c2d95eb6f2d071fd00b2bd5ad4a6cd4
[sshexec] DEBUG 2017/04/27 02:06:01 /src/github.com/heketi/heketi/pkg/utils/ssh/ssh.go:176: Host: 192.168.48.12:22 Command: /bin/bash -c 'umount /var/lib/heketi/mounts/vg_403cca7edce115dc1c641acc2f5f11fb/brick_c5b58c5502d5b12f3f2655c1ca579f00'
Result: 
[sshexec] DEBUG 2017/04/27 02:06:01 /src/github.com/heketi/heketi/pkg/utils/ssh/ssh.go:176: Host: 192.168.48.14:22 Command: /bin/bash -c 'umount /var/lib/heketi/mounts/vg_d72d3bd802d4e511a80ce2f16181289d/brick_8735925277be5e2ac6f0fa0246ecf2cf'
Result: 
[sshexec] DEBUG 2017/04/27 02:06:01 /src/github.com/heketi/heketi/pkg/utils/ssh/ssh.go:176: Host: 192.168.48.17:22 Command: /bin/bash -c 'umount /var/lib/heketi/mounts/vg_6c7ff8b53124baa86b5b789cd93274e1/brick_4c2d95eb6f2d071fd00b2bd5ad4a6cd4'
Result: 
[negroni] Started GET /queue/10acfeb5326d143ae5a9dff475d89802
[negroni] Completed 200 OK in 60.65µs
[sshexec] DEBUG 2017/04/27 02:06:01 /src/github.com/heketi/heketi/pkg/utils/ssh/ssh.go:176: Host: 192.168.48.12:22 Command: /bin/bash -c 'lvremove -f vg_403cca7edce115dc1c641acc2f5f11fb/tp_c5b58c5502d5b12f3f2655c1ca579f00'
Result:   Logical volume "brick_c5b58c5502d5b12f3f2655c1ca579f00" successfully removed
  Logical volume "tp_c5b58c5502d5b12f3f2655c1ca579f00" successfully removed
[sshexec] DEBUG 2017/04/27 02:06:01 /src/github.com/heketi/heketi/pkg/utils/ssh/ssh.go:176: Host: 192.168.48.14:22 Command: /bin/bash -c 'lvremove -f vg_d72d3bd802d4e511a80ce2f16181289d/tp_8735925277be5e2ac6f0fa0246ecf2cf'
Result:   Logical volume "brick_8735925277be5e2ac6f0fa0246ecf2cf" successfully removed
  Logical volume "tp_8735925277be5e2ac6f0fa0246ecf2cf" successfully removed
[sshexec] DEBUG 2017/04/27 02:06:02 /src/github.com/heketi/heketi/pkg/utils/ssh/ssh.go:176: Host: 192.168.48.17:22 Command: /bin/bash -c 'lvremove -f vg_6c7ff8b53124baa86b5b789cd93274e1/tp_4c2d95eb6f2d071fd00b2bd5ad4a6cd4'
Result:   Logical volume "brick_4c2d95eb6f2d071fd00b2bd5ad4a6cd4" successfully removed
  Logical volume "tp_4c2d95eb6f2d071fd00b2bd5ad4a6cd4" successfully removed
[sshexec] DEBUG 2017/04/27 02:06:02 /src/github.com/heketi/heketi/pkg/utils/ssh/ssh.go:176: Host: 192.168.48.12:22 Command: /bin/bash -c 'rmdir /var/lib/heketi/mounts/vg_403cca7edce115dc1c641acc2f5f11fb/brick_c5b58c5502d5b12f3f2655c1ca579f00'
Result: 
[sshexec] DEBUG 2017/04/27 02:06:02 /src/github.com/heketi/heketi/pkg/utils/ssh/ssh.go:176: Host: 192.168.48.14:22 Command: /bin/bash -c 'rmdir /var/lib/heketi/mounts/vg_d72d3bd802d4e511a80ce2f16181289d/brick_8735925277be5e2ac6f0fa0246ecf2cf'
Result: 
[sshexec] DEBUG 2017/04/27 02:06:02 /src/github.com/heketi/heketi/pkg/utils/ssh/ssh.go:176: Host: 192.168.48.17:22 Command: /bin/bash -c 'rmdir /var/lib/heketi/mounts/vg_6c7ff8b53124baa86b5b789cd93274e1/brick_4c2d95eb6f2d071fd00b2bd5ad4a6cd4'
Result: 
[sshexec] DEBUG 2017/04/27 02:06:02 /src/github.com/heketi/heketi/pkg/utils/ssh/ssh.go:176: Host: 192.168.48.12:22 Command: /bin/bash -c 'sed -i.save "/brick_c5b58c5502d5b12f3f2655c1ca579f00/d" /etc/fstab'
Result: 
[sshexec] DEBUG 2017/04/27 02:06:02 /src/github.com/heketi/heketi/pkg/utils/ssh/ssh.go:176: Host: 192.168.48.14:22 Command: /bin/bash -c 'sed -i.save "/brick_8735925277be5e2ac6f0fa0246ecf2cf/d" /etc/fstab'
Result: 
[sshexec] DEBUG 2017/04/27 02:06:02 /src/github.com/heketi/heketi/pkg/utils/ssh/ssh.go:176: Host: 192.168.48.17:22 Command: /bin/bash -c 'sed -i.save "/brick_4c2d95eb6f2d071fd00b2bd5ad4a6cd4/d" /etc/fstab'
Result: 
[heketi] ERROR 2017/04/27 02:06:02 /src/github.com/heketi/heketi/apps/glusterfs/app_volume.go:148: Failed to create volume: volume create: vol_9944b44d1c9fde5ddfa895d5ba73af93: failed: Staging failed on 192.168.48.12. Error: Host 192.168.48.14 not connected
[asynchttp] INFO 2017/04/27 02:06:02 Completed job 10acfeb5326d143ae5a9dff475d89802 in 3.797081754s
[negroni] Started GET /queue/10acfeb5326d143ae5a9dff475d89802
[negroni] Completed 500 Internal Server Error in 67.397µs
[negroni] Started POST /volumes
[negroni] Completed 202 Accepted in 16.369387ms
[asynchttp] INFO 2017/04/27 02:06:13 Started job 3841df951fce2bc319c3694023acd849
[heketi] INFO 2017/04/27 02:06:13 Creating volume f520a0fac0d662bc5153a30926d7a2dc
[heketi] INFO 2017/04/27 02:06:13 brick_num: 0
[negroni] Started GET /queue/3841df951fce2bc319c3694023acd849
[negroni] Completed 200 OK in 308.266µs
[heketi] INFO 2017/04/27 02:06:13 Creating brick b8a5e482b4a4f2bc3a6a6a88fbbb16c9
[heketi] INFO 2017/04/27 02:06:13 Creating brick 42ec2d5b5f8bee4d173fd098c1833897
[heketi] INFO 2017/04/27 02:06:13 Creating brick 8552714c80e67779bd0aebcf05b825fb
[sshexec] DEBUG 2017/04/27 02:06:14 /src/github.com/heketi/heketi/pkg/utils/ssh/ssh.go:176: Host: 192.168.48.12:22 Command: /bin/bash -c 'mkdir -p /var/lib/heketi/mounts/vg_403cca7edce115dc1c641acc2f5f11fb/brick_8552714c80e67779bd0aebcf05b825fb'
Result: 
[sshexec] DEBUG 2017/04/27 02:06:14 /src/github.com/heketi/heketi/pkg/utils/ssh/ssh.go:176: Host: 192.168.48.14:22 Command: /bin/bash -c 'mkdir -p /var/lib/heketi/mounts/vg_d72d3bd802d4e511a80ce2f16181289d/brick_b8a5e482b4a4f2bc3a6a6a88fbbb16c9'
Result: 
[sshexec] DEBUG 2017/04/27 02:06:14 /src/github.com/heketi/heketi/pkg/utils/ssh/ssh.go:176: Host: 192.168.48.17:22 Command: /bin/bash -c 'mkdir -p /var/lib/heketi/mounts/vg_6c7ff8b53124baa86b5b789cd93274e1/brick_42ec2d5b5f8bee4d173fd098c1833897'
Result: 
[sshexec] DEBUG 2017/04/27 02:06:14 /src/github.com/heketi/heketi/pkg/utils/ssh/ssh.go:176: Host: 192.168.48.17:22 Command: /bin/bash -c 'lvcreate --poolmetadatasize 8192K -c 256K -L 1048576K -T vg_6c7ff8b53124baa86b5b789cd93274e1/tp_42ec2d5b5f8bee4d173fd098c1833897 -V 1048576K -n brick_42ec2d5b5f8bee4d173fd098c1833897'
Result:   Logical volume "brick_42ec2d5b5f8bee4d173fd098c1833897" created.
[sshexec] DEBUG 2017/04/27 02:06:14 /src/github.com/heketi/heketi/pkg/utils/ssh/ssh.go:176: Host: 192.168.48.14:22 Command: /bin/bash -c 'lvcreate --poolmetadatasize 8192K -c 256K -L 1048576K -T vg_d72d3bd802d4e511a80ce2f16181289d/tp_b8a5e482b4a4f2bc3a6a6a88fbbb16c9 -V 1048576K -n brick_b8a5e482b4a4f2bc3a6a6a88fbbb16c9'
Result:   Logical volume "brick_b8a5e482b4a4f2bc3a6a6a88fbbb16c9" created.
[sshexec] DEBUG 2017/04/27 02:06:14 /src/github.com/heketi/heketi/pkg/utils/ssh/ssh.go:176: Host: 192.168.48.12:22 Command: /bin/bash -c 'lvcreate --poolmetadatasize 8192K -c 256K -L 1048576K -T vg_403cca7edce115dc1c641acc2f5f11fb/tp_8552714c80e67779bd0aebcf05b825fb -V 1048576K -n brick_8552714c80e67779bd0aebcf05b825fb'
Result:   Logical volume "brick_8552714c80e67779bd0aebcf05b825fb" created.
[negroni] Started GET /queue/3841df951fce2bc319c3694023acd849
[negroni] Completed 200 OK in 78.856µs
[sshexec] DEBUG 2017/04/27 02:06:14 /src/github.com/heketi/heketi/pkg/utils/ssh/ssh.go:176: Host: 192.168.48.17:22 Command: /bin/bash -c 'mkfs.xfs -i size=512 -n size=8192 /dev/mapper/vg_6c7ff8b53124baa86b5b789cd93274e1-brick_42ec2d5b5f8bee4d173fd098c1833897'
Result: meta-data=/dev/mapper/vg_6c7ff8b53124baa86b5b789cd93274e1-brick_42ec2d5b5f8bee4d173fd098c1833897 isize=512    agcount=8, agsize=32704 blks
         =                       sectsz=512   attr=2, projid32bit=1
         =                       crc=1        finobt=1, sparse=0
data     =                       bsize=4096   blocks=261632, imaxpct=25
         =                       sunit=64     swidth=64 blks
naming   =version 2              bsize=8192   ascii-ci=0 ftype=1
log      =internal log           bsize=4096   blocks=1728, version=2
         =                       sectsz=512   sunit=64 blks, lazy-count=1
realtime =none                   extsz=4096   blocks=0, rtextents=0
[sshexec] DEBUG 2017/04/27 02:06:14 /src/github.com/heketi/heketi/pkg/utils/ssh/ssh.go:176: Host: 192.168.48.17:22 Command: /bin/bash -c 'echo "/dev/mapper/vg_6c7ff8b53124baa86b5b789cd93274e1-brick_42ec2d5b5f8bee4d173fd098c1833897 /var/lib/heketi/mounts/vg_6c7ff8b53124baa86b5b789cd93274e1/brick_42ec2d5b5f8bee4d173fd098c1833897 xfs rw,inode64,noatime,nouuid 1 2" | tee -a /etc/fstab > /dev/null '
Result: 
[sshexec] DEBUG 2017/04/27 02:06:14 /src/github.com/heketi/heketi/pkg/utils/ssh/ssh.go:176: Host: 192.168.48.14:22 Command: /bin/bash -c 'mkfs.xfs -i size=512 -n size=8192 /dev/mapper/vg_d72d3bd802d4e511a80ce2f16181289d-brick_b8a5e482b4a4f2bc3a6a6a88fbbb16c9'
Result: meta-data=/dev/mapper/vg_d72d3bd802d4e511a80ce2f16181289d-brick_b8a5e482b4a4f2bc3a6a6a88fbbb16c9 isize=512    agcount=8, agsize=32704 blks
         =                       sectsz=512   attr=2, projid32bit=1
         =                       crc=1        finobt=1, sparse=0
data     =                       bsize=4096   blocks=261632, imaxpct=25
         =                       sunit=64     swidth=64 blks
naming   =version 2              bsize=8192   ascii-ci=0 ftype=1
log      =internal log           bsize=4096   blocks=1728, version=2
         =                       sectsz=512   sunit=64 blks, lazy-count=1
realtime =none                   extsz=4096   blocks=0, rtextents=0
[sshexec] DEBUG 2017/04/27 02:06:14 /src/github.com/heketi/heketi/pkg/utils/ssh/ssh.go:176: Host: 192.168.48.14:22 Command: /bin/bash -c 'echo "/dev/mapper/vg_d72d3bd802d4e511a80ce2f16181289d-brick_b8a5e482b4a4f2bc3a6a6a88fbbb16c9 /var/lib/heketi/mounts/vg_d72d3bd802d4e511a80ce2f16181289d/brick_b8a5e482b4a4f2bc3a6a6a88fbbb16c9 xfs rw,inode64,noatime,nouuid 1 2" | tee -a /etc/fstab > /dev/null '
Result: 
[sshexec] DEBUG 2017/04/27 02:06:14 /src/github.com/heketi/heketi/pkg/utils/ssh/ssh.go:176: Host: 192.168.48.12:22 Command: /bin/bash -c 'mkfs.xfs -i size=512 -n size=8192 /dev/mapper/vg_403cca7edce115dc1c641acc2f5f11fb-brick_8552714c80e67779bd0aebcf05b825fb'
Result: meta-data=/dev/mapper/vg_403cca7edce115dc1c641acc2f5f11fb-brick_8552714c80e67779bd0aebcf05b825fb isize=512    agcount=8, agsize=32704 blks
         =                       sectsz=4096  attr=2, projid32bit=1
         =                       crc=1        finobt=1, sparse=0
data     =                       bsize=4096   blocks=261632, imaxpct=25
         =                       sunit=64     swidth=64 blks
naming   =version 2              bsize=8192   ascii-ci=0 ftype=1
log      =internal log           bsize=4096   blocks=576, version=2
         =                       sectsz=4096  sunit=1 blks, lazy-count=1
realtime =none                   extsz=4096   blocks=0, rtextents=0
[sshexec] DEBUG 2017/04/27 02:06:14 /src/github.com/heketi/heketi/pkg/utils/ssh/ssh.go:176: Host: 192.168.48.12:22 Command: /bin/bash -c 'echo "/dev/mapper/vg_403cca7edce115dc1c641acc2f5f11fb-brick_8552714c80e67779bd0aebcf05b825fb /var/lib/heketi/mounts/vg_403cca7edce115dc1c641acc2f5f11fb/brick_8552714c80e67779bd0aebcf05b825fb xfs rw,inode64,noatime,nouuid 1 2" | tee -a /etc/fstab > /dev/null '
Result: 
[sshexec] DEBUG 2017/04/27 02:06:14 /src/github.com/heketi/heketi/pkg/utils/ssh/ssh.go:176: Host: 192.168.48.12:22 Command: /bin/bash -c 'mount -o rw,inode64,noatime,nouuid /dev/mapper/vg_403cca7edce115dc1c641acc2f5f11fb-brick_8552714c80e67779bd0aebcf05b825fb /var/lib/heketi/mounts/vg_403cca7edce115dc1c641acc2f5f11fb/brick_8552714c80e67779bd0aebcf05b825fb'
Result: 
[sshexec] DEBUG 2017/04/27 02:06:15 /src/github.com/heketi/heketi/pkg/utils/ssh/ssh.go:176: Host: 192.168.48.12:22 Command: /bin/bash -c 'mkdir /var/lib/heketi/mounts/vg_403cca7edce115dc1c641acc2f5f11fb/brick_8552714c80e67779bd0aebcf05b825fb/brick'
Result: 
[sshexec] DEBUG 2017/04/27 02:06:15 /src/github.com/heketi/heketi/pkg/utils/ssh/ssh.go:176: Host: 192.168.48.12:22 Command: /bin/bash -c 'chown :2000 /var/lib/heketi/mounts/vg_403cca7edce115dc1c641acc2f5f11fb/brick_8552714c80e67779bd0aebcf05b825fb/brick'
Result: 
[sshexec] DEBUG 2017/04/27 02:06:15 /src/github.com/heketi/heketi/pkg/utils/ssh/ssh.go:176: Host: 192.168.48.12:22 Command: /bin/bash -c 'chmod 2775 /var/lib/heketi/mounts/vg_403cca7edce115dc1c641acc2f5f11fb/brick_8552714c80e67779bd0aebcf05b825fb/brick'
Result: 
[sshexec] DEBUG 2017/04/27 02:06:15 /src/github.com/heketi/heketi/pkg/utils/ssh/ssh.go:176: Host: 192.168.48.17:22 Command: /bin/bash -c 'mount -o rw,inode64,noatime,nouuid /dev/mapper/vg_6c7ff8b53124baa86b5b789cd93274e1-brick_42ec2d5b5f8bee4d173fd098c1833897 /var/lib/heketi/mounts/vg_6c7ff8b53124baa86b5b789cd93274e1/brick_42ec2d5b5f8bee4d173fd098c1833897'
Result: 
[sshexec] DEBUG 2017/04/27 02:06:15 /src/github.com/heketi/heketi/pkg/utils/ssh/ssh.go:176: Host: 192.168.48.17:22 Command: /bin/bash -c 'mkdir /var/lib/heketi/mounts/vg_6c7ff8b53124baa86b5b789cd93274e1/brick_42ec2d5b5f8bee4d173fd098c1833897/brick'
Result: 
[sshexec] DEBUG 2017/04/27 02:06:15 /src/github.com/heketi/heketi/pkg/utils/ssh/ssh.go:176: Host: 192.168.48.14:22 Command: /bin/bash -c 'mount -o rw,inode64,noatime,nouuid /dev/mapper/vg_d72d3bd802d4e511a80ce2f16181289d-brick_b8a5e482b4a4f2bc3a6a6a88fbbb16c9 /var/lib/heketi/mounts/vg_d72d3bd802d4e511a80ce2f16181289d/brick_b8a5e482b4a4f2bc3a6a6a88fbbb16c9'
Result: 
[sshexec] DEBUG 2017/04/27 02:06:15 /src/github.com/heketi/heketi/pkg/utils/ssh/ssh.go:176: Host: 192.168.48.17:22 Command: /bin/bash -c 'chown :2000 /var/lib/heketi/mounts/vg_6c7ff8b53124baa86b5b789cd93274e1/brick_42ec2d5b5f8bee4d173fd098c1833897/brick'
Result: 
[sshexec] DEBUG 2017/04/27 02:06:15 /src/github.com/heketi/heketi/pkg/utils/ssh/ssh.go:176: Host: 192.168.48.14:22 Command: /bin/bash -c 'mkdir /var/lib/heketi/mounts/vg_d72d3bd802d4e511a80ce2f16181289d/brick_b8a5e482b4a4f2bc3a6a6a88fbbb16c9/brick'
Result: 
[sshexec] DEBUG 2017/04/27 02:06:15 /src/github.com/heketi/heketi/pkg/utils/ssh/ssh.go:176: Host: 192.168.48.17:22 Command: /bin/bash -c 'chmod 2775 /var/lib/heketi/mounts/vg_6c7ff8b53124baa86b5b789cd93274e1/brick_42ec2d5b5f8bee4d173fd098c1833897/brick'
Result: 
[sshexec] DEBUG 2017/04/27 02:06:15 /src/github.com/heketi/heketi/pkg/utils/ssh/ssh.go:176: Host: 192.168.48.14:22 Command: /bin/bash -c 'chown :2000 /var/lib/heketi/mounts/vg_d72d3bd802d4e511a80ce2f16181289d/brick_b8a5e482b4a4f2bc3a6a6a88fbbb16c9/brick'
Result: 
[sshexec] DEBUG 2017/04/27 02:06:15 /src/github.com/heketi/heketi/pkg/utils/ssh/ssh.go:176: Host: 192.168.48.14:22 Command: /bin/bash -c 'chmod 2775 /var/lib/heketi/mounts/vg_d72d3bd802d4e511a80ce2f16181289d/brick_b8a5e482b4a4f2bc3a6a6a88fbbb16c9/brick'
Result: 
[sshexec] INFO 2017/04/27 02:06:15 Creating volume vol_f520a0fac0d662bc5153a30926d7a2dc replica 3
[sshexec] ERROR 2017/04/27 02:06:15 /src/github.com/heketi/heketi/pkg/utils/ssh/ssh.go:173: Failed to run command [/bin/bash -c 'gluster --mode=script volume create vol_f520a0fac0d662bc5153a30926d7a2dc replica 3 192.168.48.14:/var/lib/heketi/mounts/vg_d72d3bd802d4e511a80ce2f16181289d/brick_b8a5e482b4a4f2bc3a6a6a88fbbb16c9/brick 192.168.48.12:/var/lib/heketi/mounts/vg_403cca7edce115dc1c641acc2f5f11fb/brick_8552714c80e67779bd0aebcf05b825fb/brick 192.168.48.17:/var/lib/heketi/mounts/vg_6c7ff8b53124baa86b5b789cd93274e1/brick_42ec2d5b5f8bee4d173fd098c1833897/brick '] on 192.168.48.14:22: Err[Process exited with: 1. Reason was:  ()]: Stdout []: Stderr [volume create: vol_f520a0fac0d662bc5153a30926d7a2dc: failed: Staging failed on 192.168.48.12. Error: Host 192.168.48.14 not connected
]
[sshexec] ERROR 2017/04/27 02:06:15 /src/github.com/heketi/heketi/pkg/utils/ssh/ssh.go:173: Failed to run command [/bin/bash -c 'gluster --mode=script volume stop vol_f520a0fac0d662bc5153a30926d7a2dc force'] on 192.168.48.14:22: Err[Process exited with: 1. Reason was:  ()]: Stdout []: Stderr [volume stop: vol_f520a0fac0d662bc5153a30926d7a2dc: failed: Volume vol_f520a0fac0d662bc5153a30926d7a2dc does not exist
]
[sshexec] ERROR 2017/04/27 02:06:15 /src/github.com/heketi/heketi/executors/sshexec/volume.go:130: Unable to stop volume vol_f520a0fac0d662bc5153a30926d7a2dc: volume stop: vol_f520a0fac0d662bc5153a30926d7a2dc: failed: Volume vol_f520a0fac0d662bc5153a30926d7a2dc does not exist
[negroni] Started GET /queue/3841df951fce2bc319c3694023acd849
[negroni] Completed 200 OK in 115.694µs
[sshexec] ERROR 2017/04/27 02:06:16 /src/github.com/heketi/heketi/pkg/utils/ssh/ssh.go:173: Failed to run command [/bin/bash -c 'gluster --mode=script volume delete vol_f520a0fac0d662bc5153a30926d7a2dc'] on 192.168.48.14:22: Err[Process exited with: 1. Reason was:  ()]: Stdout []: Stderr [volume delete: vol_f520a0fac0d662bc5153a30926d7a2dc: failed: Volume vol_f520a0fac0d662bc5153a30926d7a2dc does not exist
]
[sshexec] ERROR 2017/04/27 02:06:16 /src/github.com/heketi/heketi/executors/sshexec/volume.go:139: Unable to delete volume vol_f520a0fac0d662bc5153a30926d7a2dc: volume delete: vol_f520a0fac0d662bc5153a30926d7a2dc: failed: Volume vol_f520a0fac0d662bc5153a30926d7a2dc does not exist
[heketi] INFO 2017/04/27 02:06:16 Deleting brick b8a5e482b4a4f2bc3a6a6a88fbbb16c9
[heketi] INFO 2017/04/27 02:06:16 Deleting brick 42ec2d5b5f8bee4d173fd098c1833897
[heketi] INFO 2017/04/27 02:06:16 Deleting brick 8552714c80e67779bd0aebcf05b825fb
[sshexec] DEBUG 2017/04/27 02:06:16 /src/github.com/heketi/heketi/pkg/utils/ssh/ssh.go:176: Host: 192.168.48.12:22 Command: /bin/bash -c 'umount /var/lib/heketi/mounts/vg_403cca7edce115dc1c641acc2f5f11fb/brick_8552714c80e67779bd0aebcf05b825fb'
Result: 
[sshexec] DEBUG 2017/04/27 02:06:16 /src/github.com/heketi/heketi/pkg/utils/ssh/ssh.go:176: Host: 192.168.48.14:22 Command: /bin/bash -c 'umount /var/lib/heketi/mounts/vg_d72d3bd802d4e511a80ce2f16181289d/brick_b8a5e482b4a4f2bc3a6a6a88fbbb16c9'
Result: 
[sshexec] DEBUG 2017/04/27 02:06:16 /src/github.com/heketi/heketi/pkg/utils/ssh/ssh.go:176: Host: 192.168.48.17:22 Command: /bin/bash -c 'umount /var/lib/heketi/mounts/vg_6c7ff8b53124baa86b5b789cd93274e1/brick_42ec2d5b5f8bee4d173fd098c1833897'
Result: 
[negroni] Started GET /queue/3841df951fce2bc319c3694023acd849
[negroni] Completed 200 OK in 246.48µs
[sshexec] DEBUG 2017/04/27 02:06:16 /src/github.com/heketi/heketi/pkg/utils/ssh/ssh.go:176: Host: 192.168.48.12:22 Command: /bin/bash -c 'lvremove -f vg_403cca7edce115dc1c641acc2f5f11fb/tp_8552714c80e67779bd0aebcf05b825fb'
Result:   Logical volume "brick_8552714c80e67779bd0aebcf05b825fb" successfully removed
  Logical volume "tp_8552714c80e67779bd0aebcf05b825fb" successfully removed
[sshexec] DEBUG 2017/04/27 02:06:16 /src/github.com/heketi/heketi/pkg/utils/ssh/ssh.go:176: Host: 192.168.48.14:22 Command: /bin/bash -c 'lvremove -f vg_d72d3bd802d4e511a80ce2f16181289d/tp_b8a5e482b4a4f2bc3a6a6a88fbbb16c9'
Result:   Logical volume "brick_b8a5e482b4a4f2bc3a6a6a88fbbb16c9" successfully removed
  Logical volume "tp_b8a5e482b4a4f2bc3a6a6a88fbbb16c9" successfully removed
[sshexec] DEBUG 2017/04/27 02:06:16 /src/github.com/heketi/heketi/pkg/utils/ssh/ssh.go:176: Host: 192.168.48.17:22 Command: /bin/bash -c 'lvremove -f vg_6c7ff8b53124baa86b5b789cd93274e1/tp_42ec2d5b5f8bee4d173fd098c1833897'
Result:   Logical volume "brick_42ec2d5b5f8bee4d173fd098c1833897" successfully removed
  Logical volume "tp_42ec2d5b5f8bee4d173fd098c1833897" successfully removed
[sshexec] DEBUG 2017/04/27 02:06:17 /src/github.com/heketi/heketi/pkg/utils/ssh/ssh.go:176: Host: 192.168.48.14:22 Command: /bin/bash -c 'rmdir /var/lib/heketi/mounts/vg_d72d3bd802d4e511a80ce2f16181289d/brick_b8a5e482b4a4f2bc3a6a6a88fbbb16c9'
Result: 
[sshexec] DEBUG 2017/04/27 02:06:17 /src/github.com/heketi/heketi/pkg/utils/ssh/ssh.go:176: Host: 192.168.48.12:22 Command: /bin/bash -c 'rmdir /var/lib/heketi/mounts/vg_403cca7edce115dc1c641acc2f5f11fb/brick_8552714c80e67779bd0aebcf05b825fb'
Result: 
[sshexec] DEBUG 2017/04/27 02:06:17 /src/github.com/heketi/heketi/pkg/utils/ssh/ssh.go:176: Host: 192.168.48.17:22 Command: /bin/bash -c 'rmdir /var/lib/heketi/mounts/vg_6c7ff8b53124baa86b5b789cd93274e1/brick_42ec2d5b5f8bee4d173fd098c1833897'
Result: 
[sshexec] DEBUG 2017/04/27 02:06:17 /src/github.com/heketi/heketi/pkg/utils/ssh/ssh.go:176: Host: 192.168.48.14:22 Command: /bin/bash -c 'sed -i.save "/brick_b8a5e482b4a4f2bc3a6a6a88fbbb16c9/d" /etc/fstab'
Result: 
[sshexec] DEBUG 2017/04/27 02:06:17 /src/github.com/heketi/heketi/pkg/utils/ssh/ssh.go:176: Host: 192.168.48.12:22 Command: /bin/bash -c 'sed -i.save "/brick_8552714c80e67779bd0aebcf05b825fb/d" /etc/fstab'
Result: 
[sshexec] DEBUG 2017/04/27 02:06:17 /src/github.com/heketi/heketi/pkg/utils/ssh/ssh.go:176: Host: 192.168.48.17:22 Command: /bin/bash -c 'sed -i.save "/brick_42ec2d5b5f8bee4d173fd098c1833897/d" /etc/fstab'
Result: 
[heketi] ERROR 2017/04/27 02:06:17 /src/github.com/heketi/heketi/apps/glusterfs/app_volume.go:148: Failed to create volume: volume create: vol_f520a0fac0d662bc5153a30926d7a2dc: failed: Staging failed on 192.168.48.12. Error: Host 192.168.48.14 not connected
[asynchttp] INFO 2017/04/27 02:06:17 Completed job 3841df951fce2bc319c3694023acd849 in 3.667984831s
[negroni] Started GET /queue/3841df951fce2bc319c3694023acd849
[negroni] Completed 500 Internal Server Error in 97µs
[negroni] Started POST /volumes
[negroni] Completed 202 Accepted in 18.773641ms
[asynchttp] INFO 2017/04/27 02:06:28 Started job 704b16070846d8aed73caf63f87c7168
[heketi] INFO 2017/04/27 02:06:28 Creating volume b70208f9913d40d206c2a3578a0eee9f
[heketi] INFO 2017/04/27 02:06:28 brick_num: 0
[negroni] Started GET /queue/704b16070846d8aed73caf63f87c7168
[negroni] Completed 200 OK in 79.705µs
[heketi] INFO 2017/04/27 02:06:28 Creating brick 5d6a23eeabfc9e3c47898d522d6f44b8
[heketi] INFO 2017/04/27 02:06:28 Creating brick 6eeeccac4e2c3db80a88a0d95948b4ff
[heketi] INFO 2017/04/27 02:06:28 Creating brick 577f84d109a6fffbb243c1b8b7b22ca7
[sshexec] DEBUG 2017/04/27 02:06:29 /src/github.com/heketi/heketi/pkg/utils/ssh/ssh.go:176: Host: 192.168.48.12:22 Command: /bin/bash -c 'mkdir -p /var/lib/heketi/mounts/vg_403cca7edce115dc1c641acc2f5f11fb/brick_577f84d109a6fffbb243c1b8b7b22ca7'
Result: 
[sshexec] DEBUG 2017/04/27 02:06:29 /src/github.com/heketi/heketi/pkg/utils/ssh/ssh.go:176: Host: 192.168.48.14:22 Command: /bin/bash -c 'mkdir -p /var/lib/heketi/mounts/vg_d72d3bd802d4e511a80ce2f16181289d/brick_6eeeccac4e2c3db80a88a0d95948b4ff'
Result: 
[sshexec] DEBUG 2017/04/27 02:06:29 /src/github.com/heketi/heketi/pkg/utils/ssh/ssh.go:176: Host: 192.168.48.17:22 Command: /bin/bash -c 'mkdir -p /var/lib/heketi/mounts/vg_6c7ff8b53124baa86b5b789cd93274e1/brick_5d6a23eeabfc9e3c47898d522d6f44b8'
Result: 
[sshexec] DEBUG 2017/04/27 02:06:29 /src/github.com/heketi/heketi/pkg/utils/ssh/ssh.go:176: Host: 192.168.48.12:22 Command: /bin/bash -c 'lvcreate --poolmetadatasize 8192K -c 256K -L 1048576K -T vg_403cca7edce115dc1c641acc2f5f11fb/tp_577f84d109a6fffbb243c1b8b7b22ca7 -V 1048576K -n brick_577f84d109a6fffbb243c1b8b7b22ca7'
Result:   Logical volume "brick_577f84d109a6fffbb243c1b8b7b22ca7" created.
[sshexec] DEBUG 2017/04/27 02:06:29 /src/github.com/heketi/heketi/pkg/utils/ssh/ssh.go:176: Host: 192.168.48.14:22 Command: /bin/bash -c 'lvcreate --poolmetadatasize 8192K -c 256K -L 1048576K -T vg_d72d3bd802d4e511a80ce2f16181289d/tp_6eeeccac4e2c3db80a88a0d95948b4ff -V 1048576K -n brick_6eeeccac4e2c3db80a88a0d95948b4ff'
Result:   Logical volume "brick_6eeeccac4e2c3db80a88a0d95948b4ff" created.
[sshexec] DEBUG 2017/04/27 02:06:29 /src/github.com/heketi/heketi/pkg/utils/ssh/ssh.go:176: Host: 192.168.48.17:22 Command: /bin/bash -c 'lvcreate --poolmetadatasize 8192K -c 256K -L 1048576K -T vg_6c7ff8b53124baa86b5b789cd93274e1/tp_5d6a23eeabfc9e3c47898d522d6f44b8 -V 1048576K -n brick_5d6a23eeabfc9e3c47898d522d6f44b8'
Result:   Logical volume "brick_5d6a23eeabfc9e3c47898d522d6f44b8" created.
[sshexec] DEBUG 2017/04/27 02:06:29 /src/github.com/heketi/heketi/pkg/utils/ssh/ssh.go:176: Host: 192.168.48.12:22 Command: /bin/bash -c 'mkfs.xfs -i size=512 -n size=8192 /dev/mapper/vg_403cca7edce115dc1c641acc2f5f11fb-brick_577f84d109a6fffbb243c1b8b7b22ca7'
Result: meta-data=/dev/mapper/vg_403cca7edce115dc1c641acc2f5f11fb-brick_577f84d109a6fffbb243c1b8b7b22ca7 isize=512    agcount=8, agsize=32704 blks
         =                       sectsz=4096  attr=2, projid32bit=1
         =                       crc=1        finobt=1, sparse=0
data     =                       bsize=4096   blocks=261632, imaxpct=25
         =                       sunit=64     swidth=64 blks
naming   =version 2              bsize=8192   ascii-ci=0 ftype=1
log      =internal log           bsize=4096   blocks=576, version=2
         =                       sectsz=4096  sunit=1 blks, lazy-count=1
realtime =none                   extsz=4096   blocks=0, rtextents=0
[sshexec] DEBUG 2017/04/27 02:06:29 /src/github.com/heketi/heketi/pkg/utils/ssh/ssh.go:176: Host: 192.168.48.12:22 Command: /bin/bash -c 'echo "/dev/mapper/vg_403cca7edce115dc1c641acc2f5f11fb-brick_577f84d109a6fffbb243c1b8b7b22ca7 /var/lib/heketi/mounts/vg_403cca7edce115dc1c641acc2f5f11fb/brick_577f84d109a6fffbb243c1b8b7b22ca7 xfs rw,inode64,noatime,nouuid 1 2" | tee -a /etc/fstab > /dev/null '
Result: 
[negroni] Started GET /queue/704b16070846d8aed73caf63f87c7168
[negroni] Completed 200 OK in 107.905µs
[sshexec] DEBUG 2017/04/27 02:06:29 /src/github.com/heketi/heketi/pkg/utils/ssh/ssh.go:176: Host: 192.168.48.14:22 Command: /bin/bash -c 'mkfs.xfs -i size=512 -n size=8192 /dev/mapper/vg_d72d3bd802d4e511a80ce2f16181289d-brick_6eeeccac4e2c3db80a88a0d95948b4ff'
Result: meta-data=/dev/mapper/vg_d72d3bd802d4e511a80ce2f16181289d-brick_6eeeccac4e2c3db80a88a0d95948b4ff isize=512    agcount=8, agsize=32704 blks
         =                       sectsz=512   attr=2, projid32bit=1
         =                       crc=1        finobt=1, sparse=0
data     =                       bsize=4096   blocks=261632, imaxpct=25
         =                       sunit=64     swidth=64 blks
naming   =version 2              bsize=8192   ascii-ci=0 ftype=1
log      =internal log           bsize=4096   blocks=1728, version=2
         =                       sectsz=512   sunit=64 blks, lazy-count=1
realtime =none                   extsz=4096   blocks=0, rtextents=0
[sshexec] DEBUG 2017/04/27 02:06:29 /src/github.com/heketi/heketi/pkg/utils/ssh/ssh.go:176: Host: 192.168.48.17:22 Command: /bin/bash -c 'mkfs.xfs -i size=512 -n size=8192 /dev/mapper/vg_6c7ff8b53124baa86b5b789cd93274e1-brick_5d6a23eeabfc9e3c47898d522d6f44b8'
Result: meta-data=/dev/mapper/vg_6c7ff8b53124baa86b5b789cd93274e1-brick_5d6a23eeabfc9e3c47898d522d6f44b8 isize=512    agcount=8, agsize=32704 blks
         =                       sectsz=512   attr=2, projid32bit=1
         =                       crc=1        finobt=1, sparse=0
data     =                       bsize=4096   blocks=261632, imaxpct=25
         =                       sunit=64     swidth=64 blks
naming   =version 2              bsize=8192   ascii-ci=0 ftype=1
log      =internal log           bsize=4096   blocks=1728, version=2
         =                       sectsz=512   sunit=64 blks, lazy-count=1
realtime =none                   extsz=4096   blocks=0, rtextents=0
[sshexec] DEBUG 2017/04/27 02:06:29 /src/github.com/heketi/heketi/pkg/utils/ssh/ssh.go:176: Host: 192.168.48.14:22 Command: /bin/bash -c 'echo "/dev/mapper/vg_d72d3bd802d4e511a80ce2f16181289d-brick_6eeeccac4e2c3db80a88a0d95948b4ff /var/lib/heketi/mounts/vg_d72d3bd802d4e511a80ce2f16181289d/brick_6eeeccac4e2c3db80a88a0d95948b4ff xfs rw,inode64,noatime,nouuid 1 2" | tee -a /etc/fstab > /dev/null '
Result: 
[sshexec] DEBUG 2017/04/27 02:06:29 /src/github.com/heketi/heketi/pkg/utils/ssh/ssh.go:176: Host: 192.168.48.17:22 Command: /bin/bash -c 'echo "/dev/mapper/vg_6c7ff8b53124baa86b5b789cd93274e1-brick_5d6a23eeabfc9e3c47898d522d6f44b8 /var/lib/heketi/mounts/vg_6c7ff8b53124baa86b5b789cd93274e1/brick_5d6a23eeabfc9e3c47898d522d6f44b8 xfs rw,inode64,noatime,nouuid 1 2" | tee -a /etc/fstab > /dev/null '
Result: 
[sshexec] DEBUG 2017/04/27 02:06:29 /src/github.com/heketi/heketi/pkg/utils/ssh/ssh.go:176: Host: 192.168.48.12:22 Command: /bin/bash -c 'mount -o rw,inode64,noatime,nouuid /dev/mapper/vg_403cca7edce115dc1c641acc2f5f11fb-brick_577f84d109a6fffbb243c1b8b7b22ca7 /var/lib/heketi/mounts/vg_403cca7edce115dc1c641acc2f5f11fb/brick_577f84d109a6fffbb243c1b8b7b22ca7'
Result: 
[sshexec] DEBUG 2017/04/27 02:06:29 /src/github.com/heketi/heketi/pkg/utils/ssh/ssh.go:176: Host: 192.168.48.12:22 Command: /bin/bash -c 'mkdir /var/lib/heketi/mounts/vg_403cca7edce115dc1c641acc2f5f11fb/brick_577f84d109a6fffbb243c1b8b7b22ca7/brick'
Result: 
[sshexec] DEBUG 2017/04/27 02:06:29 /src/github.com/heketi/heketi/pkg/utils/ssh/ssh.go:176: Host: 192.168.48.12:22 Command: /bin/bash -c 'chown :2000 /var/lib/heketi/mounts/vg_403cca7edce115dc1c641acc2f5f11fb/brick_577f84d109a6fffbb243c1b8b7b22ca7/brick'
Result: 
[sshexec] DEBUG 2017/04/27 02:06:29 /src/github.com/heketi/heketi/pkg/utils/ssh/ssh.go:176: Host: 192.168.48.12:22 Command: /bin/bash -c 'chmod 2775 /var/lib/heketi/mounts/vg_403cca7edce115dc1c641acc2f5f11fb/brick_577f84d109a6fffbb243c1b8b7b22ca7/brick'
Result: 
[sshexec] DEBUG 2017/04/27 02:06:30 /src/github.com/heketi/heketi/pkg/utils/ssh/ssh.go:176: Host: 192.168.48.14:22 Command: /bin/bash -c 'mount -o rw,inode64,noatime,nouuid /dev/mapper/vg_d72d3bd802d4e511a80ce2f16181289d-brick_6eeeccac4e2c3db80a88a0d95948b4ff /var/lib/heketi/mounts/vg_d72d3bd802d4e511a80ce2f16181289d/brick_6eeeccac4e2c3db80a88a0d95948b4ff'
Result: 
[sshexec] DEBUG 2017/04/27 02:06:30 /src/github.com/heketi/heketi/pkg/utils/ssh/ssh.go:176: Host: 192.168.48.14:22 Command: /bin/bash -c 'mkdir /var/lib/heketi/mounts/vg_d72d3bd802d4e511a80ce2f16181289d/brick_6eeeccac4e2c3db80a88a0d95948b4ff/brick'
Result: 
[sshexec] DEBUG 2017/04/27 02:06:30 /src/github.com/heketi/heketi/pkg/utils/ssh/ssh.go:176: Host: 192.168.48.14:22 Command: /bin/bash -c 'chown :2000 /var/lib/heketi/mounts/vg_d72d3bd802d4e511a80ce2f16181289d/brick_6eeeccac4e2c3db80a88a0d95948b4ff/brick'
Result: 
[sshexec] DEBUG 2017/04/27 02:06:30 /src/github.com/heketi/heketi/pkg/utils/ssh/ssh.go:176: Host: 192.168.48.14:22 Command: /bin/bash -c 'chmod 2775 /var/lib/heketi/mounts/vg_d72d3bd802d4e511a80ce2f16181289d/brick_6eeeccac4e2c3db80a88a0d95948b4ff/brick'
Result: 
[sshexec] DEBUG 2017/04/27 02:06:30 /src/github.com/heketi/heketi/pkg/utils/ssh/ssh.go:176: Host: 192.168.48.17:22 Command: /bin/bash -c 'mount -o rw,inode64,noatime,nouuid /dev/mapper/vg_6c7ff8b53124baa86b5b789cd93274e1-brick_5d6a23eeabfc9e3c47898d522d6f44b8 /var/lib/heketi/mounts/vg_6c7ff8b53124baa86b5b789cd93274e1/brick_5d6a23eeabfc9e3c47898d522d6f44b8'
Result: 
[sshexec] DEBUG 2017/04/27 02:06:30 /src/github.com/heketi/heketi/pkg/utils/ssh/ssh.go:176: Host: 192.168.48.17:22 Command: /bin/bash -c 'mkdir /var/lib/heketi/mounts/vg_6c7ff8b53124baa86b5b789cd93274e1/brick_5d6a23eeabfc9e3c47898d522d6f44b8/brick'
Result: 
[sshexec] DEBUG 2017/04/27 02:06:30 /src/github.com/heketi/heketi/pkg/utils/ssh/ssh.go:176: Host: 192.168.48.17:22 Command: /bin/bash -c 'chown :2000 /var/lib/heketi/mounts/vg_6c7ff8b53124baa86b5b789cd93274e1/brick_5d6a23eeabfc9e3c47898d522d6f44b8/brick'
Result: 
[sshexec] DEBUG 2017/04/27 02:06:30 /src/github.com/heketi/heketi/pkg/utils/ssh/ssh.go:176: Host: 192.168.48.17:22 Command: /bin/bash -c 'chmod 2775 /var/lib/heketi/mounts/vg_6c7ff8b53124baa86b5b789cd93274e1/brick_5d6a23eeabfc9e3c47898d522d6f44b8/brick'
Result: 
[sshexec] INFO 2017/04/27 02:06:30 Creating volume vol_b70208f9913d40d206c2a3578a0eee9f replica 3
[sshexec] ERROR 2017/04/27 02:06:30 /src/github.com/heketi/heketi/pkg/utils/ssh/ssh.go:173: Failed to run command [/bin/bash -c 'gluster --mode=script volume create vol_b70208f9913d40d206c2a3578a0eee9f replica 3 192.168.48.17:/var/lib/heketi/mounts/vg_6c7ff8b53124baa86b5b789cd93274e1/brick_5d6a23eeabfc9e3c47898d522d6f44b8/brick 192.168.48.14:/var/lib/heketi/mounts/vg_d72d3bd802d4e511a80ce2f16181289d/brick_6eeeccac4e2c3db80a88a0d95948b4ff/brick 192.168.48.12:/var/lib/heketi/mounts/vg_403cca7edce115dc1c641acc2f5f11fb/brick_577f84d109a6fffbb243c1b8b7b22ca7/brick '] on 192.168.48.17:22: Err[Process exited with: 1. Reason was:  ()]: Stdout []: Stderr [volume create: vol_b70208f9913d40d206c2a3578a0eee9f: failed: Staging failed on 192.168.48.12. Error: Host 192.168.48.14 not connected
]
[negroni] Started GET /queue/704b16070846d8aed73caf63f87c7168
[negroni] Completed 200 OK in 116.436µs
[sshexec] ERROR 2017/04/27 02:06:30 /src/github.com/heketi/heketi/pkg/utils/ssh/ssh.go:173: Failed to run command [/bin/bash -c 'gluster --mode=script volume stop vol_b70208f9913d40d206c2a3578a0eee9f force'] on 192.168.48.17:22: Err[Process exited with: 1. Reason was:  ()]: Stdout []: Stderr [volume stop: vol_b70208f9913d40d206c2a3578a0eee9f: failed: Volume vol_b70208f9913d40d206c2a3578a0eee9f does not exist
]
[sshexec] ERROR 2017/04/27 02:06:30 /src/github.com/heketi/heketi/executors/sshexec/volume.go:130: Unable to stop volume vol_b70208f9913d40d206c2a3578a0eee9f: volume stop: vol_b70208f9913d40d206c2a3578a0eee9f: failed: Volume vol_b70208f9913d40d206c2a3578a0eee9f does not exist
[sshexec] ERROR 2017/04/27 02:06:31 /src/github.com/heketi/heketi/pkg/utils/ssh/ssh.go:173: Failed to run command [/bin/bash -c 'gluster --mode=script volume delete vol_b70208f9913d40d206c2a3578a0eee9f'] on 192.168.48.17:22: Err[Process exited with: 1. Reason was:  ()]: Stdout []: Stderr [volume delete: vol_b70208f9913d40d206c2a3578a0eee9f: failed: Volume vol_b70208f9913d40d206c2a3578a0eee9f does not exist
]
[sshexec] ERROR 2017/04/27 02:06:31 /src/github.com/heketi/heketi/executors/sshexec/volume.go:139: Unable to delete volume vol_b70208f9913d40d206c2a3578a0eee9f: volume delete: vol_b70208f9913d40d206c2a3578a0eee9f: failed: Volume vol_b70208f9913d40d206c2a3578a0eee9f does not exist
[heketi] INFO 2017/04/27 02:06:31 Deleting brick 5d6a23eeabfc9e3c47898d522d6f44b8
[heketi] INFO 2017/04/27 02:06:31 Deleting brick 577f84d109a6fffbb243c1b8b7b22ca7
[heketi] INFO 2017/04/27 02:06:31 Deleting brick 6eeeccac4e2c3db80a88a0d95948b4ff
[sshexec] DEBUG 2017/04/27 02:06:31 /src/github.com/heketi/heketi/pkg/utils/ssh/ssh.go:176: Host: 192.168.48.14:22 Command: /bin/bash -c 'umount /var/lib/heketi/mounts/vg_d72d3bd802d4e511a80ce2f16181289d/brick_6eeeccac4e2c3db80a88a0d95948b4ff'
Result: 
[sshexec] DEBUG 2017/04/27 02:06:31 /src/github.com/heketi/heketi/pkg/utils/ssh/ssh.go:176: Host: 192.168.48.12:22 Command: /bin/bash -c 'umount /var/lib/heketi/mounts/vg_403cca7edce115dc1c641acc2f5f11fb/brick_577f84d109a6fffbb243c1b8b7b22ca7'
Result: 
[sshexec] DEBUG 2017/04/27 02:06:31 /src/github.com/heketi/heketi/pkg/utils/ssh/ssh.go:176: Host: 192.168.48.17:22 Command: /bin/bash -c 'umount /var/lib/heketi/mounts/vg_6c7ff8b53124baa86b5b789cd93274e1/brick_5d6a23eeabfc9e3c47898d522d6f44b8'
Result: 
[negroni] Started GET /queue/704b16070846d8aed73caf63f87c7168
[negroni] Completed 200 OK in 117.839µs
[sshexec] DEBUG 2017/04/27 02:06:31 /src/github.com/heketi/heketi/pkg/utils/ssh/ssh.go:176: Host: 192.168.48.14:22 Command: /bin/bash -c 'lvremove -f vg_d72d3bd802d4e511a80ce2f16181289d/tp_6eeeccac4e2c3db80a88a0d95948b4ff'
Result:   Logical volume "brick_6eeeccac4e2c3db80a88a0d95948b4ff" successfully removed
  Logical volume "tp_6eeeccac4e2c3db80a88a0d95948b4ff" successfully removed
[sshexec] DEBUG 2017/04/27 02:06:31 /src/github.com/heketi/heketi/pkg/utils/ssh/ssh.go:176: Host: 192.168.48.17:22 Command: /bin/bash -c 'lvremove -f vg_6c7ff8b53124baa86b5b789cd93274e1/tp_5d6a23eeabfc9e3c47898d522d6f44b8'
Result:   Logical volume "brick_5d6a23eeabfc9e3c47898d522d6f44b8" successfully removed
  Logical volume "tp_5d6a23eeabfc9e3c47898d522d6f44b8" successfully removed
[sshexec] DEBUG 2017/04/27 02:06:32 /src/github.com/heketi/heketi/pkg/utils/ssh/ssh.go:176: Host: 192.168.48.12:22 Command: /bin/bash -c 'lvremove -f vg_403cca7edce115dc1c641acc2f5f11fb/tp_577f84d109a6fffbb243c1b8b7b22ca7'
Result:   Logical volume "brick_577f84d109a6fffbb243c1b8b7b22ca7" successfully removed
  Logical volume "tp_577f84d109a6fffbb243c1b8b7b22ca7" successfully removed
[sshexec] DEBUG 2017/04/27 02:06:32 /src/github.com/heketi/heketi/pkg/utils/ssh/ssh.go:176: Host: 192.168.48.14:22 Command: /bin/bash -c 'rmdir /var/lib/heketi/mounts/vg_d72d3bd802d4e511a80ce2f16181289d/brick_6eeeccac4e2c3db80a88a0d95948b4ff'
Result: 
[sshexec] DEBUG 2017/04/27 02:06:32 /src/github.com/heketi/heketi/pkg/utils/ssh/ssh.go:176: Host: 192.168.48.12:22 Command: /bin/bash -c 'rmdir /var/lib/heketi/mounts/vg_403cca7edce115dc1c641acc2f5f11fb/brick_577f84d109a6fffbb243c1b8b7b22ca7'
Result: 
[sshexec] DEBUG 2017/04/27 02:06:32 /src/github.com/heketi/heketi/pkg/utils/ssh/ssh.go:176: Host: 192.168.48.17:22 Command: /bin/bash -c 'rmdir /var/lib/heketi/mounts/vg_6c7ff8b53124baa86b5b789cd93274e1/brick_5d6a23eeabfc9e3c47898d522d6f44b8'
Result: 
[sshexec] DEBUG 2017/04/27 02:06:32 /src/github.com/heketi/heketi/pkg/utils/ssh/ssh.go:176: Host: 192.168.48.14:22 Command: /bin/bash -c 'sed -i.save "/brick_6eeeccac4e2c3db80a88a0d95948b4ff/d" /etc/fstab'
Result: 
[sshexec] DEBUG 2017/04/27 02:06:32 /src/github.com/heketi/heketi/pkg/utils/ssh/ssh.go:176: Host: 192.168.48.12:22 Command: /bin/bash -c 'sed -i.save "/brick_577f84d109a6fffbb243c1b8b7b22ca7/d" /etc/fstab'
Result: 
[sshexec] DEBUG 2017/04/27 02:06:32 /src/github.com/heketi/heketi/pkg/utils/ssh/ssh.go:176: Host: 192.168.48.17:22 Command: /bin/bash -c 'sed -i.save "/brick_5d6a23eeabfc9e3c47898d522d6f44b8/d" /etc/fstab'
Result: 
[asynchttp] INFO 2017/04/27 02:06:32 Completed job 704b16070846d8aed73caf63f87c7168 in 3.669823197s
[heketi] ERROR 2017/04/27 02:06:32 /src/github.com/heketi/heketi/apps/glusterfs/app_volume.go:148: Failed to create volume: volume create: vol_b70208f9913d40d206c2a3578a0eee9f: failed: Staging failed on 192.168.48.12. Error: Host 192.168.48.14 not connected
[negroni] Started GET /queue/704b16070846d8aed73caf63f87c7168
[negroni] Completed 500 Internal Server Error in 80.695µs
[negroni] Started POST /volumes
[negroni] Completed 202 Accepted in 15.041332ms
[asynchttp] INFO 2017/04/27 02:06:43 Started job ea11e2a2049b51a1af6a48dcc0358740
[heketi] INFO 2017/04/27 02:06:43 Creating volume aac83dc158aa850725e59bb2f6ff51fd
[heketi] INFO 2017/04/27 02:06:43 brick_num: 0
[negroni] Started GET /queue/ea11e2a2049b51a1af6a48dcc0358740
[negroni] Completed 200 OK in 68.975µs
[heketi] INFO 2017/04/27 02:06:43 Creating brick c91a4334222882b39a2c8419f82d2cf9
[heketi] INFO 2017/04/27 02:06:43 Creating brick bd4f22998931a82660f13b70fc30029a
[heketi] INFO 2017/04/27 02:06:43 Creating brick d4d21870461fda730e731fe13c37f60b
[sshexec] DEBUG 2017/04/27 02:06:44 /src/github.com/heketi/heketi/pkg/utils/ssh/ssh.go:176: Host: 192.168.48.12:22 Command: /bin/bash -c 'mkdir -p /var/lib/heketi/mounts/vg_403cca7edce115dc1c641acc2f5f11fb/brick_d4d21870461fda730e731fe13c37f60b'
Result: 
[sshexec] DEBUG 2017/04/27 02:06:44 /src/github.com/heketi/heketi/pkg/utils/ssh/ssh.go:176: Host: 192.168.48.14:22 Command: /bin/bash -c 'mkdir -p /var/lib/heketi/mounts/vg_d72d3bd802d4e511a80ce2f16181289d/brick_c91a4334222882b39a2c8419f82d2cf9'
Result: 
[sshexec] DEBUG 2017/04/27 02:06:44 /src/github.com/heketi/heketi/pkg/utils/ssh/ssh.go:176: Host: 192.168.48.17:22 Command: /bin/bash -c 'mkdir -p /var/lib/heketi/mounts/vg_6c7ff8b53124baa86b5b789cd93274e1/brick_bd4f22998931a82660f13b70fc30029a'
Result: 
[sshexec] DEBUG 2017/04/27 02:06:44 /src/github.com/heketi/heketi/pkg/utils/ssh/ssh.go:176: Host: 192.168.48.12:22 Command: /bin/bash -c 'lvcreate --poolmetadatasize 8192K -c 256K -L 1048576K -T vg_403cca7edce115dc1c641acc2f5f11fb/tp_d4d21870461fda730e731fe13c37f60b -V 1048576K -n brick_d4d21870461fda730e731fe13c37f60b'
Result:   Logical volume "brick_d4d21870461fda730e731fe13c37f60b" created.
[sshexec] DEBUG 2017/04/27 02:06:44 /src/github.com/heketi/heketi/pkg/utils/ssh/ssh.go:176: Host: 192.168.48.14:22 Command: /bin/bash -c 'lvcreate --poolmetadatasize 8192K -c 256K -L 1048576K -T vg_d72d3bd802d4e511a80ce2f16181289d/tp_c91a4334222882b39a2c8419f82d2cf9 -V 1048576K -n brick_c91a4334222882b39a2c8419f82d2cf9'
Result:   Logical volume "brick_c91a4334222882b39a2c8419f82d2cf9" created.
[sshexec] DEBUG 2017/04/27 02:06:44 /src/github.com/heketi/heketi/pkg/utils/ssh/ssh.go:176: Host: 192.168.48.17:22 Command: /bin/bash -c 'lvcreate --poolmetadatasize 8192K -c 256K -L 1048576K -T vg_6c7ff8b53124baa86b5b789cd93274e1/tp_bd4f22998931a82660f13b70fc30029a -V 1048576K -n brick_bd4f22998931a82660f13b70fc30029a'
Result:   Logical volume "brick_bd4f22998931a82660f13b70fc30029a" created.
[sshexec] DEBUG 2017/04/27 02:06:44 /src/github.com/heketi/heketi/pkg/utils/ssh/ssh.go:176: Host: 192.168.48.12:22 Command: /bin/bash -c 'mkfs.xfs -i size=512 -n size=8192 /dev/mapper/vg_403cca7edce115dc1c641acc2f5f11fb-brick_d4d21870461fda730e731fe13c37f60b'
Result: meta-data=/dev/mapper/vg_403cca7edce115dc1c641acc2f5f11fb-brick_d4d21870461fda730e731fe13c37f60b isize=512    agcount=8, agsize=32704 blks
         =                       sectsz=4096  attr=2, projid32bit=1
         =                       crc=1        finobt=1, sparse=0
data     =                       bsize=4096   blocks=261632, imaxpct=25
         =                       sunit=64     swidth=64 blks
naming   =version 2              bsize=8192   ascii-ci=0 ftype=1
log      =internal log           bsize=4096   blocks=576, version=2
         =                       sectsz=4096  sunit=1 blks, lazy-count=1
realtime =none                   extsz=4096   blocks=0, rtextents=0
[sshexec] DEBUG 2017/04/27 02:06:44 /src/github.com/heketi/heketi/pkg/utils/ssh/ssh.go:176: Host: 192.168.48.12:22 Command: /bin/bash -c 'echo "/dev/mapper/vg_403cca7edce115dc1c641acc2f5f11fb-brick_d4d21870461fda730e731fe13c37f60b /var/lib/heketi/mounts/vg_403cca7edce115dc1c641acc2f5f11fb/brick_d4d21870461fda730e731fe13c37f60b xfs rw,inode64,noatime,nouuid 1 2" | tee -a /etc/fstab > /dev/null '
Result: 
[sshexec] DEBUG 2017/04/27 02:06:44 /src/github.com/heketi/heketi/pkg/utils/ssh/ssh.go:176: Host: 192.168.48.14:22 Command: /bin/bash -c 'mkfs.xfs -i size=512 -n size=8192 /dev/mapper/vg_d72d3bd802d4e511a80ce2f16181289d-brick_c91a4334222882b39a2c8419f82d2cf9'
Result: meta-data=/dev/mapper/vg_d72d3bd802d4e511a80ce2f16181289d-brick_c91a4334222882b39a2c8419f82d2cf9 isize=512    agcount=8, agsize=32704 blks
         =                       sectsz=512   attr=2, projid32bit=1
         =                       crc=1        finobt=1, sparse=0
data     =                       bsize=4096   blocks=261632, imaxpct=25
         =                       sunit=64     swidth=64 blks
naming   =version 2              bsize=8192   ascii-ci=0 ftype=1
log      =internal log           bsize=4096   blocks=1728, version=2
         =                       sectsz=512   sunit=64 blks, lazy-count=1
realtime =none                   extsz=4096   blocks=0, rtextents=0
[negroni] Started GET /queue/ea11e2a2049b51a1af6a48dcc0358740
[negroni] Completed 200 OK in 50.503µs
[sshexec] DEBUG 2017/04/27 02:06:44 /src/github.com/heketi/heketi/pkg/utils/ssh/ssh.go:176: Host: 192.168.48.14:22 Command: /bin/bash -c 'echo "/dev/mapper/vg_d72d3bd802d4e511a80ce2f16181289d-brick_c91a4334222882b39a2c8419f82d2cf9 /var/lib/heketi/mounts/vg_d72d3bd802d4e511a80ce2f16181289d/brick_c91a4334222882b39a2c8419f82d2cf9 xfs rw,inode64,noatime,nouuid 1 2" | tee -a /etc/fstab > /dev/null '
Result: 
[sshexec] DEBUG 2017/04/27 02:06:44 /src/github.com/heketi/heketi/pkg/utils/ssh/ssh.go:176: Host: 192.168.48.12:22 Command: /bin/bash -c 'mount -o rw,inode64,noatime,nouuid /dev/mapper/vg_403cca7edce115dc1c641acc2f5f11fb-brick_d4d21870461fda730e731fe13c37f60b /var/lib/heketi/mounts/vg_403cca7edce115dc1c641acc2f5f11fb/brick_d4d21870461fda730e731fe13c37f60b'
Result: 
[sshexec] DEBUG 2017/04/27 02:06:44 /src/github.com/heketi/heketi/pkg/utils/ssh/ssh.go:176: Host: 192.168.48.12:22 Command: /bin/bash -c 'mkdir /var/lib/heketi/mounts/vg_403cca7edce115dc1c641acc2f5f11fb/brick_d4d21870461fda730e731fe13c37f60b/brick'
Result: 
[sshexec] DEBUG 2017/04/27 02:06:44 /src/github.com/heketi/heketi/pkg/utils/ssh/ssh.go:176: Host: 192.168.48.17:22 Command: /bin/bash -c 'mkfs.xfs -i size=512 -n size=8192 /dev/mapper/vg_6c7ff8b53124baa86b5b789cd93274e1-brick_bd4f22998931a82660f13b70fc30029a'
Result: meta-data=/dev/mapper/vg_6c7ff8b53124baa86b5b789cd93274e1-brick_bd4f22998931a82660f13b70fc30029a isize=512    agcount=8, agsize=32704 blks
         =                       sectsz=512   attr=2, projid32bit=1
         =                       crc=1        finobt=1, sparse=0
data     =                       bsize=4096   blocks=261632, imaxpct=25
         =                       sunit=64     swidth=64 blks
naming   =version 2              bsize=8192   ascii-ci=0 ftype=1
log      =internal log           bsize=4096   blocks=1728, version=2
         =                       sectsz=512   sunit=64 blks, lazy-count=1
realtime =none                   extsz=4096   blocks=0, rtextents=0
[sshexec] DEBUG 2017/04/27 02:06:44 /src/github.com/heketi/heketi/pkg/utils/ssh/ssh.go:176: Host: 192.168.48.12:22 Command: /bin/bash -c 'chown :2000 /var/lib/heketi/mounts/vg_403cca7edce115dc1c641acc2f5f11fb/brick_d4d21870461fda730e731fe13c37f60b/brick'
Result: 
[sshexec] DEBUG 2017/04/27 02:06:44 /src/github.com/heketi/heketi/pkg/utils/ssh/ssh.go:176: Host: 192.168.48.12:22 Command: /bin/bash -c 'chmod 2775 /var/lib/heketi/mounts/vg_403cca7edce115dc1c641acc2f5f11fb/brick_d4d21870461fda730e731fe13c37f60b/brick'
Result: 
[sshexec] DEBUG 2017/04/27 02:06:44 /src/github.com/heketi/heketi/pkg/utils/ssh/ssh.go:176: Host: 192.168.48.17:22 Command: /bin/bash -c 'echo "/dev/mapper/vg_6c7ff8b53124baa86b5b789cd93274e1-brick_bd4f22998931a82660f13b70fc30029a /var/lib/heketi/mounts/vg_6c7ff8b53124baa86b5b789cd93274e1/brick_bd4f22998931a82660f13b70fc30029a xfs rw,inode64,noatime,nouuid 1 2" | tee -a /etc/fstab > /dev/null '
Result: 
[sshexec] DEBUG 2017/04/27 02:06:45 /src/github.com/heketi/heketi/pkg/utils/ssh/ssh.go:176: Host: 192.168.48.14:22 Command: /bin/bash -c 'mount -o rw,inode64,noatime,nouuid /dev/mapper/vg_d72d3bd802d4e511a80ce2f16181289d-brick_c91a4334222882b39a2c8419f82d2cf9 /var/lib/heketi/mounts/vg_d72d3bd802d4e511a80ce2f16181289d/brick_c91a4334222882b39a2c8419f82d2cf9'
Result: 
[sshexec] DEBUG 2017/04/27 02:06:45 /src/github.com/heketi/heketi/pkg/utils/ssh/ssh.go:176: Host: 192.168.48.14:22 Command: /bin/bash -c 'mkdir /var/lib/heketi/mounts/vg_d72d3bd802d4e511a80ce2f16181289d/brick_c91a4334222882b39a2c8419f82d2cf9/brick'
Result: 
[sshexec] DEBUG 2017/04/27 02:06:45 /src/github.com/heketi/heketi/pkg/utils/ssh/ssh.go:176: Host: 192.168.48.14:22 Command: /bin/bash -c 'chown :2000 /var/lib/heketi/mounts/vg_d72d3bd802d4e511a80ce2f16181289d/brick_c91a4334222882b39a2c8419f82d2cf9/brick'
Result: 
[sshexec] DEBUG 2017/04/27 02:06:45 /src/github.com/heketi/heketi/pkg/utils/ssh/ssh.go:176: Host: 192.168.48.14:22 Command: /bin/bash -c 'chmod 2775 /var/lib/heketi/mounts/vg_d72d3bd802d4e511a80ce2f16181289d/brick_c91a4334222882b39a2c8419f82d2cf9/brick'
Result: 
[sshexec] DEBUG 2017/04/27 02:06:45 /src/github.com/heketi/heketi/pkg/utils/ssh/ssh.go:176: Host: 192.168.48.17:22 Command: /bin/bash -c 'mount -o rw,inode64,noatime,nouuid /dev/mapper/vg_6c7ff8b53124baa86b5b789cd93274e1-brick_bd4f22998931a82660f13b70fc30029a /var/lib/heketi/mounts/vg_6c7ff8b53124baa86b5b789cd93274e1/brick_bd4f22998931a82660f13b70fc30029a'
Result: 
[sshexec] DEBUG 2017/04/27 02:06:45 /src/github.com/heketi/heketi/pkg/utils/ssh/ssh.go:176: Host: 192.168.48.17:22 Command: /bin/bash -c 'mkdir /var/lib/heketi/mounts/vg_6c7ff8b53124baa86b5b789cd93274e1/brick_bd4f22998931a82660f13b70fc30029a/brick'
Result: 
[sshexec] DEBUG 2017/04/27 02:06:45 /src/github.com/heketi/heketi/pkg/utils/ssh/ssh.go:176: Host: 192.168.48.17:22 Command: /bin/bash -c 'chown :2000 /var/lib/heketi/mounts/vg_6c7ff8b53124baa86b5b789cd93274e1/brick_bd4f22998931a82660f13b70fc30029a/brick'
Result: 
[sshexec] DEBUG 2017/04/27 02:06:45 /src/github.com/heketi/heketi/pkg/utils/ssh/ssh.go:176: Host: 192.168.48.17:22 Command: /bin/bash -c 'chmod 2775 /var/lib/heketi/mounts/vg_6c7ff8b53124baa86b5b789cd93274e1/brick_bd4f22998931a82660f13b70fc30029a/brick'
Result: 
[sshexec] INFO 2017/04/27 02:06:45 Creating volume vol_aac83dc158aa850725e59bb2f6ff51fd replica 3
[sshexec] ERROR 2017/04/27 02:06:45 /src/github.com/heketi/heketi/pkg/utils/ssh/ssh.go:173: Failed to run command [/bin/bash -c 'gluster --mode=script volume create vol_aac83dc158aa850725e59bb2f6ff51fd replica 3 192.168.48.14:/var/lib/heketi/mounts/vg_d72d3bd802d4e511a80ce2f16181289d/brick_c91a4334222882b39a2c8419f82d2cf9/brick 192.168.48.12:/var/lib/heketi/mounts/vg_403cca7edce115dc1c641acc2f5f11fb/brick_d4d21870461fda730e731fe13c37f60b/brick 192.168.48.17:/var/lib/heketi/mounts/vg_6c7ff8b53124baa86b5b789cd93274e1/brick_bd4f22998931a82660f13b70fc30029a/brick '] on 192.168.48.14:22: Err[Process exited with: 1. Reason was:  ()]: Stdout []: Stderr [volume create: vol_aac83dc158aa850725e59bb2f6ff51fd: failed: Staging failed on 192.168.48.12. Error: Host 192.168.48.14 not connected
]
[negroni] Started GET /queue/ea11e2a2049b51a1af6a48dcc0358740
[negroni] Completed 200 OK in 114.622µs
[sshexec] ERROR 2017/04/27 02:06:45 /src/github.com/heketi/heketi/pkg/utils/ssh/ssh.go:173: Failed to run command [/bin/bash -c 'gluster --mode=script volume stop vol_aac83dc158aa850725e59bb2f6ff51fd force'] on 192.168.48.14:22: Err[Process exited with: 1. Reason was:  ()]: Stdout []: Stderr [volume stop: vol_aac83dc158aa850725e59bb2f6ff51fd: failed: Volume vol_aac83dc158aa850725e59bb2f6ff51fd does not exist
]
[sshexec] ERROR 2017/04/27 02:06:45 /src/github.com/heketi/heketi/executors/sshexec/volume.go:130: Unable to stop volume vol_aac83dc158aa850725e59bb2f6ff51fd: volume stop: vol_aac83dc158aa850725e59bb2f6ff51fd: failed: Volume vol_aac83dc158aa850725e59bb2f6ff51fd does not exist
[heketi] INFO 2017/04/27 02:06:46 Deleting brick c91a4334222882b39a2c8419f82d2cf9
[sshexec] ERROR 2017/04/27 02:06:46 /src/github.com/heketi/heketi/pkg/utils/ssh/ssh.go:173: Failed to run command [/bin/bash -c 'gluster --mode=script volume delete vol_aac83dc158aa850725e59bb2f6ff51fd'] on 192.168.48.14:22: Err[Process exited with: 1. Reason was:  ()]: Stdout []: Stderr [volume delete: vol_aac83dc158aa850725e59bb2f6ff51fd: failed: Volume vol_aac83dc158aa850725e59bb2f6ff51fd does not exist
]
[sshexec] ERROR 2017/04/27 02:06:46 /src/github.com/heketi/heketi/executors/sshexec/volume.go:139: Unable to delete volume vol_aac83dc158aa850725e59bb2f6ff51fd: volume delete: vol_aac83dc158aa850725e59bb2f6ff51fd: failed: Volume vol_aac83dc158aa850725e59bb2f6ff51fd does not exist
[heketi] INFO 2017/04/27 02:06:46 Deleting brick d4d21870461fda730e731fe13c37f60b
[heketi] INFO 2017/04/27 02:06:46 Deleting brick bd4f22998931a82660f13b70fc30029a
[sshexec] DEBUG 2017/04/27 02:06:46 /src/github.com/heketi/heketi/pkg/utils/ssh/ssh.go:176: Host: 192.168.48.12:22 Command: /bin/bash -c 'umount /var/lib/heketi/mounts/vg_403cca7edce115dc1c641acc2f5f11fb/brick_d4d21870461fda730e731fe13c37f60b'
Result: 
[sshexec] DEBUG 2017/04/27 02:06:46 /src/github.com/heketi/heketi/pkg/utils/ssh/ssh.go:176: Host: 192.168.48.17:22 Command: /bin/bash -c 'umount /var/lib/heketi/mounts/vg_6c7ff8b53124baa86b5b789cd93274e1/brick_bd4f22998931a82660f13b70fc30029a'
Result: 
[sshexec] DEBUG 2017/04/27 02:06:46 /src/github.com/heketi/heketi/pkg/utils/ssh/ssh.go:176: Host: 192.168.48.14:22 Command: /bin/bash -c 'umount /var/lib/heketi/mounts/vg_d72d3bd802d4e511a80ce2f16181289d/brick_c91a4334222882b39a2c8419f82d2cf9'
Result: 
[negroni] Started GET /queue/ea11e2a2049b51a1af6a48dcc0358740
[negroni] Completed 200 OK in 84.484µs
[sshexec] DEBUG 2017/04/27 02:06:46 /src/github.com/heketi/heketi/pkg/utils/ssh/ssh.go:176: Host: 192.168.48.17:22 Command: /bin/bash -c 'lvremove -f vg_6c7ff8b53124baa86b5b789cd93274e1/tp_bd4f22998931a82660f13b70fc30029a'
Result:   Logical volume "brick_bd4f22998931a82660f13b70fc30029a" successfully removed
  Logical volume "tp_bd4f22998931a82660f13b70fc30029a" successfully removed
[sshexec] DEBUG 2017/04/27 02:06:46 /src/github.com/heketi/heketi/pkg/utils/ssh/ssh.go:176: Host: 192.168.48.14:22 Command: /bin/bash -c 'lvremove -f vg_d72d3bd802d4e511a80ce2f16181289d/tp_c91a4334222882b39a2c8419f82d2cf9'
Result:   Logical volume "brick_c91a4334222882b39a2c8419f82d2cf9" successfully removed
  Logical volume "tp_c91a4334222882b39a2c8419f82d2cf9" successfully removed
[sshexec] DEBUG 2017/04/27 02:06:47 /src/github.com/heketi/heketi/pkg/utils/ssh/ssh.go:176: Host: 192.168.48.12:22 Command: /bin/bash -c 'lvremove -f vg_403cca7edce115dc1c641acc2f5f11fb/tp_d4d21870461fda730e731fe13c37f60b'
Result:   Logical volume "brick_d4d21870461fda730e731fe13c37f60b" successfully removed
  Logical volume "tp_d4d21870461fda730e731fe13c37f60b" successfully removed
[sshexec] DEBUG 2017/04/27 02:06:47 /src/github.com/heketi/heketi/pkg/utils/ssh/ssh.go:176: Host: 192.168.48.14:22 Command: /bin/bash -c 'rmdir /var/lib/heketi/mounts/vg_d72d3bd802d4e511a80ce2f16181289d/brick_c91a4334222882b39a2c8419f82d2cf9'
Result: 
[sshexec] DEBUG 2017/04/27 02:06:47 /src/github.com/heketi/heketi/pkg/utils/ssh/ssh.go:176: Host: 192.168.48.17:22 Command: /bin/bash -c 'rmdir /var/lib/heketi/mounts/vg_6c7ff8b53124baa86b5b789cd93274e1/brick_bd4f22998931a82660f13b70fc30029a'
Result: 
[sshexec] DEBUG 2017/04/27 02:06:47 /src/github.com/heketi/heketi/pkg/utils/ssh/ssh.go:176: Host: 192.168.48.12:22 Command: /bin/bash -c 'rmdir /var/lib/heketi/mounts/vg_403cca7edce115dc1c641acc2f5f11fb/brick_d4d21870461fda730e731fe13c37f60b'
Result: 
[sshexec] DEBUG 2017/04/27 02:06:47 /src/github.com/heketi/heketi/pkg/utils/ssh/ssh.go:176: Host: 192.168.48.14:22 Command: /bin/bash -c 'sed -i.save "/brick_c91a4334222882b39a2c8419f82d2cf9/d" /etc/fstab'
Result: 
[sshexec] DEBUG 2017/04/27 02:06:47 /src/github.com/heketi/heketi/pkg/utils/ssh/ssh.go:176: Host: 192.168.48.12:22 Command: /bin/bash -c 'sed -i.save "/brick_d4d21870461fda730e731fe13c37f60b/d" /etc/fstab'
Result: 
[sshexec] DEBUG 2017/04/27 02:06:47 /src/github.com/heketi/heketi/pkg/utils/ssh/ssh.go:176: Host: 192.168.48.17:22 Command: /bin/bash -c 'sed -i.save "/brick_bd4f22998931a82660f13b70fc30029a/d" /etc/fstab'
Result: 
[asynchttp] INFO 2017/04/27 02:06:47 Completed job ea11e2a2049b51a1af6a48dcc0358740 in 3.66556421s
[heketi] ERROR 2017/04/27 02:06:47 /src/github.com/heketi/heketi/apps/glusterfs/app_volume.go:148: Failed to create volume: volume create: vol_aac83dc158aa850725e59bb2f6ff51fd: failed: Staging failed on 192.168.48.12. Error: Host 192.168.48.14 not connected
[negroni] Started GET /queue/ea11e2a2049b51a1af6a48dcc0358740
[negroni] Completed 500 Internal Server Error in 78.473µs
[negroni] Started POST /volumes
[negroni] Completed 202 Accepted in 18.592889ms
[asynchttp] INFO 2017/04/27 02:06:58 Started job acc84f7e874a239798ecb28b55acdc55
[heketi] INFO 2017/04/27 02:06:58 Creating volume 9a4a17f4a1f941dab3525bcdb37da3ad
[heketi] INFO 2017/04/27 02:06:58 brick_num: 0
[negroni] Started GET /queue/acc84f7e874a239798ecb28b55acdc55
[negroni] Completed 200 OK in 1.861008ms
[heketi] INFO 2017/04/27 02:06:58 Creating brick 037fbcfd93787bd603f54d9ce8eef640
[heketi] INFO 2017/04/27 02:06:58 Creating brick 82aaccedf28614289ac720c7fe39a835
[heketi] INFO 2017/04/27 02:06:58 Creating brick d223de23be7fd25043a8eb4f3b2a1f0e
[sshexec] DEBUG 2017/04/27 02:06:59 /src/github.com/heketi/heketi/pkg/utils/ssh/ssh.go:176: Host: 192.168.48.12:22 Command: /bin/bash -c 'mkdir -p /var/lib/heketi/mounts/vg_403cca7edce115dc1c641acc2f5f11fb/brick_037fbcfd93787bd603f54d9ce8eef640'
Result: 
[sshexec] DEBUG 2017/04/27 02:06:59 /src/github.com/heketi/heketi/pkg/utils/ssh/ssh.go:176: Host: 192.168.48.14:22 Command: /bin/bash -c 'mkdir -p /var/lib/heketi/mounts/vg_d72d3bd802d4e511a80ce2f16181289d/brick_d223de23be7fd25043a8eb4f3b2a1f0e'
Result: 
[sshexec] DEBUG 2017/04/27 02:06:59 /src/github.com/heketi/heketi/pkg/utils/ssh/ssh.go:176: Host: 192.168.48.17:22 Command: /bin/bash -c 'mkdir -p /var/lib/heketi/mounts/vg_6c7ff8b53124baa86b5b789cd93274e1/brick_82aaccedf28614289ac720c7fe39a835'
Result: 
[sshexec] DEBUG 2017/04/27 02:06:59 /src/github.com/heketi/heketi/pkg/utils/ssh/ssh.go:176: Host: 192.168.48.17:22 Command: /bin/bash -c 'lvcreate --poolmetadatasize 8192K -c 256K -L 1048576K -T vg_6c7ff8b53124baa86b5b789cd93274e1/tp_82aaccedf28614289ac720c7fe39a835 -V 1048576K -n brick_82aaccedf28614289ac720c7fe39a835'
Result:   Logical volume "brick_82aaccedf28614289ac720c7fe39a835" created.
[sshexec] DEBUG 2017/04/27 02:06:59 /src/github.com/heketi/heketi/pkg/utils/ssh/ssh.go:176: Host: 192.168.48.12:22 Command: /bin/bash -c 'lvcreate --poolmetadatasize 8192K -c 256K -L 1048576K -T vg_403cca7edce115dc1c641acc2f5f11fb/tp_037fbcfd93787bd603f54d9ce8eef640 -V 1048576K -n brick_037fbcfd93787bd603f54d9ce8eef640'
Result:   Logical volume "brick_037fbcfd93787bd603f54d9ce8eef640" created.
[sshexec] DEBUG 2017/04/27 02:06:59 /src/github.com/heketi/heketi/pkg/utils/ssh/ssh.go:176: Host: 192.168.48.14:22 Command: /bin/bash -c 'lvcreate --poolmetadatasize 8192K -c 256K -L 1048576K -T vg_d72d3bd802d4e511a80ce2f16181289d/tp_d223de23be7fd25043a8eb4f3b2a1f0e -V 1048576K -n brick_d223de23be7fd25043a8eb4f3b2a1f0e'
Result:   Logical volume "brick_d223de23be7fd25043a8eb4f3b2a1f0e" created.
[sshexec] DEBUG 2017/04/27 02:06:59 /src/github.com/heketi/heketi/pkg/utils/ssh/ssh.go:176: Host: 192.168.48.17:22 Command: /bin/bash -c 'mkfs.xfs -i size=512 -n size=8192 /dev/mapper/vg_6c7ff8b53124baa86b5b789cd93274e1-brick_82aaccedf28614289ac720c7fe39a835'
Result: meta-data=/dev/mapper/vg_6c7ff8b53124baa86b5b789cd93274e1-brick_82aaccedf28614289ac720c7fe39a835 isize=512    agcount=8, agsize=32704 blks
         =                       sectsz=512   attr=2, projid32bit=1
         =                       crc=1        finobt=1, sparse=0
data     =                       bsize=4096   blocks=261632, imaxpct=25
         =                       sunit=64     swidth=64 blks
naming   =version 2              bsize=8192   ascii-ci=0 ftype=1
log      =internal log           bsize=4096   blocks=1728, version=2
         =                       sectsz=512   sunit=64 blks, lazy-count=1
realtime =none                   extsz=4096   blocks=0, rtextents=0
[sshexec] DEBUG 2017/04/27 02:06:59 /src/github.com/heketi/heketi/pkg/utils/ssh/ssh.go:176: Host: 192.168.48.17:22 Command: /bin/bash -c 'echo "/dev/mapper/vg_6c7ff8b53124baa86b5b789cd93274e1-brick_82aaccedf28614289ac720c7fe39a835 /var/lib/heketi/mounts/vg_6c7ff8b53124baa86b5b789cd93274e1/brick_82aaccedf28614289ac720c7fe39a835 xfs rw,inode64,noatime,nouuid 1 2" | tee -a /etc/fstab > /dev/null '
Result: 
[negroni] Started GET /queue/acc84f7e874a239798ecb28b55acdc55
[negroni] Completed 200 OK in 102.092µs
[sshexec] DEBUG 2017/04/27 02:06:59 /src/github.com/heketi/heketi/pkg/utils/ssh/ssh.go:176: Host: 192.168.48.12:22 Command: /bin/bash -c 'mkfs.xfs -i size=512 -n size=8192 /dev/mapper/vg_403cca7edce115dc1c641acc2f5f11fb-brick_037fbcfd93787bd603f54d9ce8eef640'
Result: meta-data=/dev/mapper/vg_403cca7edce115dc1c641acc2f5f11fb-brick_037fbcfd93787bd603f54d9ce8eef640 isize=512    agcount=8, agsize=32704 blks
         =                       sectsz=4096  attr=2, projid32bit=1
         =                       crc=1        finobt=1, sparse=0
data     =                       bsize=4096   blocks=261632, imaxpct=25
         =                       sunit=64     swidth=64 blks
naming   =version 2              bsize=8192   ascii-ci=0 ftype=1
log      =internal log           bsize=4096   blocks=576, version=2
         =                       sectsz=4096  sunit=1 blks, lazy-count=1
realtime =none                   extsz=4096   blocks=0, rtextents=0
[sshexec] DEBUG 2017/04/27 02:06:59 /src/github.com/heketi/heketi/pkg/utils/ssh/ssh.go:176: Host: 192.168.48.12:22 Command: /bin/bash -c 'echo "/dev/mapper/vg_403cca7edce115dc1c641acc2f5f11fb-brick_037fbcfd93787bd603f54d9ce8eef640 /var/lib/heketi/mounts/vg_403cca7edce115dc1c641acc2f5f11fb/brick_037fbcfd93787bd603f54d9ce8eef640 xfs rw,inode64,noatime,nouuid 1 2" | tee -a /etc/fstab > /dev/null '
Result: 
[sshexec] DEBUG 2017/04/27 02:06:59 /src/github.com/heketi/heketi/pkg/utils/ssh/ssh.go:176: Host: 192.168.48.14:22 Command: /bin/bash -c 'mkfs.xfs -i size=512 -n size=8192 /dev/mapper/vg_d72d3bd802d4e511a80ce2f16181289d-brick_d223de23be7fd25043a8eb4f3b2a1f0e'
Result: meta-data=/dev/mapper/vg_d72d3bd802d4e511a80ce2f16181289d-brick_d223de23be7fd25043a8eb4f3b2a1f0e isize=512    agcount=8, agsize=32704 blks
         =                       sectsz=512   attr=2, projid32bit=1
         =                       crc=1        finobt=1, sparse=0
data     =                       bsize=4096   blocks=261632, imaxpct=25
         =                       sunit=64     swidth=64 blks
naming   =version 2              bsize=8192   ascii-ci=0 ftype=1
log      =internal log           bsize=4096   blocks=1728, version=2
         =                       sectsz=512   sunit=64 blks, lazy-count=1
realtime =none                   extsz=4096   blocks=0, rtextents=0
[sshexec] DEBUG 2017/04/27 02:06:59 /src/github.com/heketi/heketi/pkg/utils/ssh/ssh.go:176: Host: 192.168.48.14:22 Command: /bin/bash -c 'echo "/dev/mapper/vg_d72d3bd802d4e511a80ce2f16181289d-brick_d223de23be7fd25043a8eb4f3b2a1f0e /var/lib/heketi/mounts/vg_d72d3bd802d4e511a80ce2f16181289d/brick_d223de23be7fd25043a8eb4f3b2a1f0e xfs rw,inode64,noatime,nouuid 1 2" | tee -a /etc/fstab > /dev/null '
Result: 
[sshexec] DEBUG 2017/04/27 02:06:59 /src/github.com/heketi/heketi/pkg/utils/ssh/ssh.go:176: Host: 192.168.48.12:22 Command: /bin/bash -c 'mount -o rw,inode64,noatime,nouuid /dev/mapper/vg_403cca7edce115dc1c641acc2f5f11fb-brick_037fbcfd93787bd603f54d9ce8eef640 /var/lib/heketi/mounts/vg_403cca7edce115dc1c641acc2f5f11fb/brick_037fbcfd93787bd603f54d9ce8eef640'
Result: 
[sshexec] DEBUG 2017/04/27 02:06:59 /src/github.com/heketi/heketi/pkg/utils/ssh/ssh.go:176: Host: 192.168.48.12:22 Command: /bin/bash -c 'mkdir /var/lib/heketi/mounts/vg_403cca7edce115dc1c641acc2f5f11fb/brick_037fbcfd93787bd603f54d9ce8eef640/brick'
Result: 
[sshexec] DEBUG 2017/04/27 02:06:59 /src/github.com/heketi/heketi/pkg/utils/ssh/ssh.go:176: Host: 192.168.48.12:22 Command: /bin/bash -c 'chown :2000 /var/lib/heketi/mounts/vg_403cca7edce115dc1c641acc2f5f11fb/brick_037fbcfd93787bd603f54d9ce8eef640/brick'
Result: 
[sshexec] DEBUG 2017/04/27 02:06:59 /src/github.com/heketi/heketi/pkg/utils/ssh/ssh.go:176: Host: 192.168.48.12:22 Command: /bin/bash -c 'chmod 2775 /var/lib/heketi/mounts/vg_403cca7edce115dc1c641acc2f5f11fb/brick_037fbcfd93787bd603f54d9ce8eef640/brick'
Result: 
[sshexec] DEBUG 2017/04/27 02:07:00 /src/github.com/heketi/heketi/pkg/utils/ssh/ssh.go:176: Host: 192.168.48.17:22 Command: /bin/bash -c 'mount -o rw,inode64,noatime,nouuid /dev/mapper/vg_6c7ff8b53124baa86b5b789cd93274e1-brick_82aaccedf28614289ac720c7fe39a835 /var/lib/heketi/mounts/vg_6c7ff8b53124baa86b5b789cd93274e1/brick_82aaccedf28614289ac720c7fe39a835'
Result: 
[sshexec] DEBUG 2017/04/27 02:07:00 /src/github.com/heketi/heketi/pkg/utils/ssh/ssh.go:176: Host: 192.168.48.17:22 Command: /bin/bash -c 'mkdir /var/lib/heketi/mounts/vg_6c7ff8b53124baa86b5b789cd93274e1/brick_82aaccedf28614289ac720c7fe39a835/brick'
Result: 
[sshexec] DEBUG 2017/04/27 02:07:00 /src/github.com/heketi/heketi/pkg/utils/ssh/ssh.go:176: Host: 192.168.48.17:22 Command: /bin/bash -c 'chown :2000 /var/lib/heketi/mounts/vg_6c7ff8b53124baa86b5b789cd93274e1/brick_82aaccedf28614289ac720c7fe39a835/brick'
Result: 
[sshexec] DEBUG 2017/04/27 02:07:00 /src/github.com/heketi/heketi/pkg/utils/ssh/ssh.go:176: Host: 192.168.48.17:22 Command: /bin/bash -c 'chmod 2775 /var/lib/heketi/mounts/vg_6c7ff8b53124baa86b5b789cd93274e1/brick_82aaccedf28614289ac720c7fe39a835/brick'
Result: 
[sshexec] DEBUG 2017/04/27 02:07:00 /src/github.com/heketi/heketi/pkg/utils/ssh/ssh.go:176: Host: 192.168.48.14:22 Command: /bin/bash -c 'mount -o rw,inode64,noatime,nouuid /dev/mapper/vg_d72d3bd802d4e511a80ce2f16181289d-brick_d223de23be7fd25043a8eb4f3b2a1f0e /var/lib/heketi/mounts/vg_d72d3bd802d4e511a80ce2f16181289d/brick_d223de23be7fd25043a8eb4f3b2a1f0e'
Result: 
[sshexec] DEBUG 2017/04/27 02:07:00 /src/github.com/heketi/heketi/pkg/utils/ssh/ssh.go:176: Host: 192.168.48.14:22 Command: /bin/bash -c 'mkdir /var/lib/heketi/mounts/vg_d72d3bd802d4e511a80ce2f16181289d/brick_d223de23be7fd25043a8eb4f3b2a1f0e/brick'
Result: 
[sshexec] DEBUG 2017/04/27 02:07:00 /src/github.com/heketi/heketi/pkg/utils/ssh/ssh.go:176: Host: 192.168.48.14:22 Command: /bin/bash -c 'chown :2000 /var/lib/heketi/mounts/vg_d72d3bd802d4e511a80ce2f16181289d/brick_d223de23be7fd25043a8eb4f3b2a1f0e/brick'
Result: 
[sshexec] DEBUG 2017/04/27 02:07:00 /src/github.com/heketi/heketi/pkg/utils/ssh/ssh.go:176: Host: 192.168.48.14:22 Command: /bin/bash -c 'chmod 2775 /var/lib/heketi/mounts/vg_d72d3bd802d4e511a80ce2f16181289d/brick_d223de23be7fd25043a8eb4f3b2a1f0e/brick'
Result: 
[sshexec] INFO 2017/04/27 02:07:00 Creating volume vol_9a4a17f4a1f941dab3525bcdb37da3ad replica 3
[sshexec] ERROR 2017/04/27 02:07:00 /src/github.com/heketi/heketi/pkg/utils/ssh/ssh.go:173: Failed to run command [/bin/bash -c 'gluster --mode=script volume create vol_9a4a17f4a1f941dab3525bcdb37da3ad replica 3 192.168.48.17:/var/lib/heketi/mounts/vg_6c7ff8b53124baa86b5b789cd93274e1/brick_82aaccedf28614289ac720c7fe39a835/brick 192.168.48.14:/var/lib/heketi/mounts/vg_d72d3bd802d4e511a80ce2f16181289d/brick_d223de23be7fd25043a8eb4f3b2a1f0e/brick 192.168.48.12:/var/lib/heketi/mounts/vg_403cca7edce115dc1c641acc2f5f11fb/brick_037fbcfd93787bd603f54d9ce8eef640/brick '] on 192.168.48.17:22: Err[Process exited with: 1. Reason was:  ()]: Stdout []: Stderr [volume create: vol_9a4a17f4a1f941dab3525bcdb37da3ad: failed: Staging failed on 192.168.48.12. Error: Host 192.168.48.14 not connected
]
[negroni] Started GET /queue/acc84f7e874a239798ecb28b55acdc55
[negroni] Completed 200 OK in 79.641µs
[sshexec] ERROR 2017/04/27 02:07:00 /src/github.com/heketi/heketi/pkg/utils/ssh/ssh.go:173: Failed to run command [/bin/bash -c 'gluster --mode=script volume stop vol_9a4a17f4a1f941dab3525bcdb37da3ad force'] on 192.168.48.17:22: Err[Process exited with: 1. Reason was:  ()]: Stdout []: Stderr [volume stop: vol_9a4a17f4a1f941dab3525bcdb37da3ad: failed: Volume vol_9a4a17f4a1f941dab3525bcdb37da3ad does not exist
]
[sshexec] ERROR 2017/04/27 02:07:00 /src/github.com/heketi/heketi/executors/sshexec/volume.go:130: Unable to stop volume vol_9a4a17f4a1f941dab3525bcdb37da3ad: volume stop: vol_9a4a17f4a1f941dab3525bcdb37da3ad: failed: Volume vol_9a4a17f4a1f941dab3525bcdb37da3ad does not exist
[sshexec] ERROR 2017/04/27 02:07:01 /src/github.com/heketi/heketi/pkg/utils/ssh/ssh.go:173: Failed to run command [/bin/bash -c 'gluster --mode=script volume delete vol_9a4a17f4a1f941dab3525bcdb37da3ad'] on 192.168.48.17:22: Err[Process exited with: 1. Reason was:  ()]: Stdout []: Stderr [volume delete: vol_9a4a17f4a1f941dab3525bcdb37da3ad: failed: Volume vol_9a4a17f4a1f941dab3525bcdb37da3ad does not exist
[heketi] INFO 2017/04/27 02:07:01 Deleting brick 82aaccedf28614289ac720c7fe39a835
[heketi] INFO 2017/04/27 02:07:01 Deleting brick d223de23be7fd25043a8eb4f3b2a1f0e
[heketi] INFO 2017/04/27 02:07:01 Deleting brick 037fbcfd93787bd603f54d9ce8eef640
]
[sshexec] ERROR 2017/04/27 02:07:01 /src/github.com/heketi/heketi/executors/sshexec/volume.go:139: Unable to delete volume vol_9a4a17f4a1f941dab3525bcdb37da3ad: volume delete: vol_9a4a17f4a1f941dab3525bcdb37da3ad: failed: Volume vol_9a4a17f4a1f941dab3525bcdb37da3ad does not exist
[sshexec] DEBUG 2017/04/27 02:07:01 /src/github.com/heketi/heketi/pkg/utils/ssh/ssh.go:176: Host: 192.168.48.12:22 Command: /bin/bash -c 'umount /var/lib/heketi/mounts/vg_403cca7edce115dc1c641acc2f5f11fb/brick_037fbcfd93787bd603f54d9ce8eef640'
Result: 
[sshexec] DEBUG 2017/04/27 02:07:01 /src/github.com/heketi/heketi/pkg/utils/ssh/ssh.go:176: Host: 192.168.48.14:22 Command: /bin/bash -c 'umount /var/lib/heketi/mounts/vg_d72d3bd802d4e511a80ce2f16181289d/brick_d223de23be7fd25043a8eb4f3b2a1f0e'
Result: 
[sshexec] DEBUG 2017/04/27 02:07:01 /src/github.com/heketi/heketi/pkg/utils/ssh/ssh.go:176: Host: 192.168.48.17:22 Command: /bin/bash -c 'umount /var/lib/heketi/mounts/vg_6c7ff8b53124baa86b5b789cd93274e1/brick_82aaccedf28614289ac720c7fe39a835'
Result: 
[negroni] Started GET /queue/acc84f7e874a239798ecb28b55acdc55
[negroni] Completed 200 OK in 86.688µs
[sshexec] DEBUG 2017/04/27 02:07:02 /src/github.com/heketi/heketi/pkg/utils/ssh/ssh.go:176: Host: 192.168.48.12:22 Command: /bin/bash -c 'lvremove -f vg_403cca7edce115dc1c641acc2f5f11fb/tp_037fbcfd93787bd603f54d9ce8eef640'
Result:   Logical volume "brick_037fbcfd93787bd603f54d9ce8eef640" successfully removed
  Logical volume "tp_037fbcfd93787bd603f54d9ce8eef640" successfully removed
[sshexec] DEBUG 2017/04/27 02:07:02 /src/github.com/heketi/heketi/pkg/utils/ssh/ssh.go:176: Host: 192.168.48.14:22 Command: /bin/bash -c 'lvremove -f vg_d72d3bd802d4e511a80ce2f16181289d/tp_d223de23be7fd25043a8eb4f3b2a1f0e'
Result:   Logical volume "brick_d223de23be7fd25043a8eb4f3b2a1f0e" successfully removed
  Logical volume "tp_d223de23be7fd25043a8eb4f3b2a1f0e" successfully removed
[sshexec] DEBUG 2017/04/27 02:07:02 /src/github.com/heketi/heketi/pkg/utils/ssh/ssh.go:176: Host: 192.168.48.17:22 Command: /bin/bash -c 'lvremove -f vg_6c7ff8b53124baa86b5b789cd93274e1/tp_82aaccedf28614289ac720c7fe39a835'
Result:   Logical volume "brick_82aaccedf28614289ac720c7fe39a835" successfully removed
  Logical volume "tp_82aaccedf28614289ac720c7fe39a835" successfully removed
[sshexec] DEBUG 2017/04/27 02:07:02 /src/github.com/heketi/heketi/pkg/utils/ssh/ssh.go:176: Host: 192.168.48.12:22 Command: /bin/bash -c 'rmdir /var/lib/heketi/mounts/vg_403cca7edce115dc1c641acc2f5f11fb/brick_037fbcfd93787bd603f54d9ce8eef640'
Result: 
[sshexec] DEBUG 2017/04/27 02:07:02 /src/github.com/heketi/heketi/pkg/utils/ssh/ssh.go:176: Host: 192.168.48.14:22 Command: /bin/bash -c 'rmdir /var/lib/heketi/mounts/vg_d72d3bd802d4e511a80ce2f16181289d/brick_d223de23be7fd25043a8eb4f3b2a1f0e'
Result: 
[sshexec] DEBUG 2017/04/27 02:07:02 /src/github.com/heketi/heketi/pkg/utils/ssh/ssh.go:176: Host: 192.168.48.17:22 Command: /bin/bash -c 'rmdir /var/lib/heketi/mounts/vg_6c7ff8b53124baa86b5b789cd93274e1/brick_82aaccedf28614289ac720c7fe39a835'
Result: 
[sshexec] DEBUG 2017/04/27 02:07:02 /src/github.com/heketi/heketi/pkg/utils/ssh/ssh.go:176: Host: 192.168.48.12:22 Command: /bin/bash -c 'sed -i.save "/brick_037fbcfd93787bd603f54d9ce8eef640/d" /etc/fstab'
Result: 
[sshexec] DEBUG 2017/04/27 02:07:02 /src/github.com/heketi/heketi/pkg/utils/ssh/ssh.go:176: Host: 192.168.48.14:22 Command: /bin/bash -c 'sed -i.save "/brick_d223de23be7fd25043a8eb4f3b2a1f0e/d" /etc/fstab'
Result: 
[sshexec] DEBUG 2017/04/27 02:07:02 /src/github.com/heketi/heketi/pkg/utils/ssh/ssh.go:176: Host: 192.168.48.17:22 Command: /bin/bash -c 'sed -i.save "/brick_82aaccedf28614289ac720c7fe39a835/d" /etc/fstab'
Result: 
[asynchttp] INFO 2017/04/27 02:07:02 Completed job acc84f7e874a239798ecb28b55acdc55 in 3.942917109s
[heketi] ERROR 2017/04/27 02:07:02 /src/github.com/heketi/heketi/apps/glusterfs/app_volume.go:148: Failed to create volume: volume create: vol_9a4a17f4a1f941dab3525bcdb37da3ad: failed: Staging failed on 192.168.48.12. Error: Host 192.168.48.14 not connected
[negroni] Started GET /queue/acc84f7e874a239798ecb28b55acdc55
[negroni] Completed 500 Internal Server Error in 170.822µs
[negroni] Started POST /volumes
[negroni] Completed 202 Accepted in 28.515035ms
[asynchttp] INFO 2017/04/27 02:07:13 Started job c7e0a61d0956033e6c3a64e946638833
[heketi] INFO 2017/04/27 02:07:13 Creating volume 0df4597d4bb16f86808fa85fc6730f1a
[heketi] INFO 2017/04/27 02:07:13 brick_num: 0
[negroni] Started GET /queue/c7e0a61d0956033e6c3a64e946638833
[negroni] Completed 200 OK in 626.974µs
[heketi] INFO 2017/04/27 02:07:13 Creating brick bb6887c367ebe0fc385e8ba6edb8bc70
[heketi] INFO 2017/04/27 02:07:13 Creating brick 0f9730a451cceef847ce855464c25f79
[heketi] INFO 2017/04/27 02:07:13 Creating brick 9f16a1180bea86e117cfc02d37f89651
[sshexec] DEBUG 2017/04/27 02:07:14 /src/github.com/heketi/heketi/pkg/utils/ssh/ssh.go:176: Host: 192.168.48.12:22 Command: /bin/bash -c 'mkdir -p /var/lib/heketi/mounts/vg_403cca7edce115dc1c641acc2f5f11fb/brick_9f16a1180bea86e117cfc02d37f89651'
Result: 
[sshexec] DEBUG 2017/04/27 02:07:14 /src/github.com/heketi/heketi/pkg/utils/ssh/ssh.go:176: Host: 192.168.48.14:22 Command: /bin/bash -c 'mkdir -p /var/lib/heketi/mounts/vg_d72d3bd802d4e511a80ce2f16181289d/brick_bb6887c367ebe0fc385e8ba6edb8bc70'
Result: 
[sshexec] DEBUG 2017/04/27 02:07:14 /src/github.com/heketi/heketi/pkg/utils/ssh/ssh.go:176: Host: 192.168.48.17:22 Command: /bin/bash -c 'mkdir -p /var/lib/heketi/mounts/vg_6c7ff8b53124baa86b5b789cd93274e1/brick_0f9730a451cceef847ce855464c25f79'
Result: 
[sshexec] DEBUG 2017/04/27 02:07:14 /src/github.com/heketi/heketi/pkg/utils/ssh/ssh.go:176: Host: 192.168.48.14:22 Command: /bin/bash -c 'lvcreate --poolmetadatasize 8192K -c 256K -L 1048576K -T vg_d72d3bd802d4e511a80ce2f16181289d/tp_bb6887c367ebe0fc385e8ba6edb8bc70 -V 1048576K -n brick_bb6887c367ebe0fc385e8ba6edb8bc70'
Result:   Logical volume "brick_bb6887c367ebe0fc385e8ba6edb8bc70" created.
[sshexec] DEBUG 2017/04/27 02:07:14 /src/github.com/heketi/heketi/pkg/utils/ssh/ssh.go:176: Host: 192.168.48.12:22 Command: /bin/bash -c 'lvcreate --poolmetadatasize 8192K -c 256K -L 1048576K -T vg_403cca7edce115dc1c641acc2f5f11fb/tp_9f16a1180bea86e117cfc02d37f89651 -V 1048576K -n brick_9f16a1180bea86e117cfc02d37f89651'
Result:   Logical volume "brick_9f16a1180bea86e117cfc02d37f89651" created.
[sshexec] DEBUG 2017/04/27 02:07:14 /src/github.com/heketi/heketi/pkg/utils/ssh/ssh.go:176: Host: 192.168.48.17:22 Command: /bin/bash -c 'lvcreate --poolmetadatasize 8192K -c 256K -L 1048576K -T vg_6c7ff8b53124baa86b5b789cd93274e1/tp_0f9730a451cceef847ce855464c25f79 -V 1048576K -n brick_0f9730a451cceef847ce855464c25f79'
Result:   Logical volume "brick_0f9730a451cceef847ce855464c25f79" created.
[sshexec] DEBUG 2017/04/27 02:07:14 /src/github.com/heketi/heketi/pkg/utils/ssh/ssh.go:176: Host: 192.168.48.14:22 Command: /bin/bash -c 'mkfs.xfs -i size=512 -n size=8192 /dev/mapper/vg_d72d3bd802d4e511a80ce2f16181289d-brick_bb6887c367ebe0fc385e8ba6edb8bc70'
Result: meta-data=/dev/mapper/vg_d72d3bd802d4e511a80ce2f16181289d-brick_bb6887c367ebe0fc385e8ba6edb8bc70 isize=512    agcount=8, agsize=32704 blks
         =                       sectsz=512   attr=2, projid32bit=1
         =                       crc=1        finobt=1, sparse=0
data     =                       bsize=4096   blocks=261632, imaxpct=25
         =                       sunit=64     swidth=64 blks
naming   =version 2              bsize=8192   ascii-ci=0 ftype=1
log      =internal log           bsize=4096   blocks=1728, version=2
         =                       sectsz=512   sunit=64 blks, lazy-count=1
realtime =none                   extsz=4096   blocks=0, rtextents=0
[sshexec] DEBUG 2017/04/27 02:07:14 /src/github.com/heketi/heketi/pkg/utils/ssh/ssh.go:176: Host: 192.168.48.14:22 Command: /bin/bash -c 'echo "/dev/mapper/vg_d72d3bd802d4e511a80ce2f16181289d-brick_bb6887c367ebe0fc385e8ba6edb8bc70 /var/lib/heketi/mounts/vg_d72d3bd802d4e511a80ce2f16181289d/brick_bb6887c367ebe0fc385e8ba6edb8bc70 xfs rw,inode64,noatime,nouuid 1 2" | tee -a /etc/fstab > /dev/null '
Result: 
[negroni] Started GET /queue/c7e0a61d0956033e6c3a64e946638833
[negroni] Completed 200 OK in 77.366µs
[sshexec] DEBUG 2017/04/27 02:07:14 /src/github.com/heketi/heketi/pkg/utils/ssh/ssh.go:176: Host: 192.168.48.12:22 Command: /bin/bash -c 'mkfs.xfs -i size=512 -n size=8192 /dev/mapper/vg_403cca7edce115dc1c641acc2f5f11fb-brick_9f16a1180bea86e117cfc02d37f89651'
Result: meta-data=/dev/mapper/vg_403cca7edce115dc1c641acc2f5f11fb-brick_9f16a1180bea86e117cfc02d37f89651 isize=512    agcount=8, agsize=32704 blks
         =                       sectsz=4096  attr=2, projid32bit=1
         =                       crc=1        finobt=1, sparse=0
data     =                       bsize=4096   blocks=261632, imaxpct=25
         =                       sunit=64     swidth=64 blks
naming   =version 2              bsize=8192   ascii-ci=0 ftype=1
log      =internal log           bsize=4096   blocks=576, version=2
         =                       sectsz=4096  sunit=1 blks, lazy-count=1
realtime =none                   extsz=4096   blocks=0, rtextents=0
[sshexec] DEBUG 2017/04/27 02:07:14 /src/github.com/heketi/heketi/pkg/utils/ssh/ssh.go:176: Host: 192.168.48.17:22 Command: /bin/bash -c 'mkfs.xfs -i size=512 -n size=8192 /dev/mapper/vg_6c7ff8b53124baa86b5b789cd93274e1-brick_0f9730a451cceef847ce855464c25f79'
Result: meta-data=/dev/mapper/vg_6c7ff8b53124baa86b5b789cd93274e1-brick_0f9730a451cceef847ce855464c25f79 isize=512    agcount=8, agsize=32704 blks
         =                       sectsz=512   attr=2, projid32bit=1
         =                       crc=1        finobt=1, sparse=0
data     =                       bsize=4096   blocks=261632, imaxpct=25
         =                       sunit=64     swidth=64 blks
naming   =version 2              bsize=8192   ascii-ci=0 ftype=1
log      =internal log           bsize=4096   blocks=1728, version=2
         =                       sectsz=512   sunit=64 blks, lazy-count=1
realtime =none                   extsz=4096   blocks=0, rtextents=0
[sshexec] DEBUG 2017/04/27 02:07:14 /src/github.com/heketi/heketi/pkg/utils/ssh/ssh.go:176: Host: 192.168.48.17:22 Command: /bin/bash -c 'echo "/dev/mapper/vg_6c7ff8b53124baa86b5b789cd93274e1-brick_0f9730a451cceef847ce855464c25f79 /var/lib/heketi/mounts/vg_6c7ff8b53124baa86b5b789cd93274e1/brick_0f9730a451cceef847ce855464c25f79 xfs rw,inode64,noatime,nouuid 1 2" | tee -a /etc/fstab > /dev/null '
Result: 
[sshexec] DEBUG 2017/04/27 02:07:14 /src/github.com/heketi/heketi/pkg/utils/ssh/ssh.go:176: Host: 192.168.48.12:22 Command: /bin/bash -c 'echo "/dev/mapper/vg_403cca7edce115dc1c641acc2f5f11fb-brick_9f16a1180bea86e117cfc02d37f89651 /var/lib/heketi/mounts/vg_403cca7edce115dc1c641acc2f5f11fb/brick_9f16a1180bea86e117cfc02d37f89651 xfs rw,inode64,noatime,nouuid 1 2" | tee -a /etc/fstab > /dev/null '
Result: 
[sshexec] DEBUG 2017/04/27 02:07:15 /src/github.com/heketi/heketi/pkg/utils/ssh/ssh.go:176: Host: 192.168.48.12:22 Command: /bin/bash -c 'mount -o rw,inode64,noatime,nouuid /dev/mapper/vg_403cca7edce115dc1c641acc2f5f11fb-brick_9f16a1180bea86e117cfc02d37f89651 /var/lib/heketi/mounts/vg_403cca7edce115dc1c641acc2f5f11fb/brick_9f16a1180bea86e117cfc02d37f89651'
Result: 
[sshexec] DEBUG 2017/04/27 02:07:15 /src/github.com/heketi/heketi/pkg/utils/ssh/ssh.go:176: Host: 192.168.48.12:22 Command: /bin/bash -c 'mkdir /var/lib/heketi/mounts/vg_403cca7edce115dc1c641acc2f5f11fb/brick_9f16a1180bea86e117cfc02d37f89651/brick'
Result: 
[sshexec] DEBUG 2017/04/27 02:07:15 /src/github.com/heketi/heketi/pkg/utils/ssh/ssh.go:176: Host: 192.168.48.12:22 Command: /bin/bash -c 'chown :2000 /var/lib/heketi/mounts/vg_403cca7edce115dc1c641acc2f5f11fb/brick_9f16a1180bea86e117cfc02d37f89651/brick'
Result: 
[sshexec] DEBUG 2017/04/27 02:07:15 /src/github.com/heketi/heketi/pkg/utils/ssh/ssh.go:176: Host: 192.168.48.12:22 Command: /bin/bash -c 'chmod 2775 /var/lib/heketi/mounts/vg_403cca7edce115dc1c641acc2f5f11fb/brick_9f16a1180bea86e117cfc02d37f89651/brick'
Result: 
[sshexec] DEBUG 2017/04/27 02:07:15 /src/github.com/heketi/heketi/pkg/utils/ssh/ssh.go:176: Host: 192.168.48.14:22 Command: /bin/bash -c 'mount -o rw,inode64,noatime,nouuid /dev/mapper/vg_d72d3bd802d4e511a80ce2f16181289d-brick_bb6887c367ebe0fc385e8ba6edb8bc70 /var/lib/heketi/mounts/vg_d72d3bd802d4e511a80ce2f16181289d/brick_bb6887c367ebe0fc385e8ba6edb8bc70'
Result: 
[sshexec] DEBUG 2017/04/27 02:07:15 /src/github.com/heketi/heketi/pkg/utils/ssh/ssh.go:176: Host: 192.168.48.14:22 Command: /bin/bash -c 'mkdir /var/lib/heketi/mounts/vg_d72d3bd802d4e511a80ce2f16181289d/brick_bb6887c367ebe0fc385e8ba6edb8bc70/brick'
Result: 
[sshexec] DEBUG 2017/04/27 02:07:15 /src/github.com/heketi/heketi/pkg/utils/ssh/ssh.go:176: Host: 192.168.48.14:22 Command: /bin/bash -c 'chown :2000 /var/lib/heketi/mounts/vg_d72d3bd802d4e511a80ce2f16181289d/brick_bb6887c367ebe0fc385e8ba6edb8bc70/brick'
Result: 
[sshexec] DEBUG 2017/04/27 02:07:15 /src/github.com/heketi/heketi/pkg/utils/ssh/ssh.go:176: Host: 192.168.48.14:22 Command: /bin/bash -c 'chmod 2775 /var/lib/heketi/mounts/vg_d72d3bd802d4e511a80ce2f16181289d/brick_bb6887c367ebe0fc385e8ba6edb8bc70/brick'
Result: 
[sshexec] DEBUG 2017/04/27 02:07:15 /src/github.com/heketi/heketi/pkg/utils/ssh/ssh.go:176: Host: 192.168.48.17:22 Command: /bin/bash -c 'mount -o rw,inode64,noatime,nouuid /dev/mapper/vg_6c7ff8b53124baa86b5b789cd93274e1-brick_0f9730a451cceef847ce855464c25f79 /var/lib/heketi/mounts/vg_6c7ff8b53124baa86b5b789cd93274e1/brick_0f9730a451cceef847ce855464c25f79'
Result: 
[sshexec] DEBUG 2017/04/27 02:07:15 /src/github.com/heketi/heketi/pkg/utils/ssh/ssh.go:176: Host: 192.168.48.17:22 Command: /bin/bash -c 'mkdir /var/lib/heketi/mounts/vg_6c7ff8b53124baa86b5b789cd93274e1/brick_0f9730a451cceef847ce855464c25f79/brick'
Result: 
[sshexec] DEBUG 2017/04/27 02:07:15 /src/github.com/heketi/heketi/pkg/utils/ssh/ssh.go:176: Host: 192.168.48.17:22 Command: /bin/bash -c 'chown :2000 /var/lib/heketi/mounts/vg_6c7ff8b53124baa86b5b789cd93274e1/brick_0f9730a451cceef847ce855464c25f79/brick'
Result: 
[sshexec] DEBUG 2017/04/27 02:07:15 /src/github.com/heketi/heketi/pkg/utils/ssh/ssh.go:176: Host: 192.168.48.17:22 Command: /bin/bash -c 'chmod 2775 /var/lib/heketi/mounts/vg_6c7ff8b53124baa86b5b789cd93274e1/brick_0f9730a451cceef847ce855464c25f79/brick'
Result: 
[sshexec] INFO 2017/04/27 02:07:15 Creating volume vol_0df4597d4bb16f86808fa85fc6730f1a replica 3
[negroni] Started GET /queue/c7e0a61d0956033e6c3a64e946638833
[negroni] Completed 200 OK in 61.626µs
[negroni] Started GET /queue/c7e0a61d0956033e6c3a64e946638833
[negroni] Completed 200 OK in 84.455µs
[negroni] Started GET /queue/c7e0a61d0956033e6c3a64e946638833
[negroni] Completed 200 OK in 69.085µs
[negroni] Started GET /queue/c7e0a61d0956033e6c3a64e946638833
[negroni] Completed 200 OK in 127.215µs
[negroni] Started GET /queue/c7e0a61d0956033e6c3a64e946638833
[negroni] Completed 200 OK in 108.764µs
[negroni] Started GET /queue/c7e0a61d0956033e6c3a64e946638833
[negroni] Completed 200 OK in 80.143µs
[negroni] Started GET /queue/c7e0a61d0956033e6c3a64e946638833
[negroni] Completed 200 OK in 208.277µs
[negroni] Started GET /queue/c7e0a61d0956033e6c3a64e946638833
[negroni] Completed 200 OK in 53.536µs
[negroni] Started GET /queue/c7e0a61d0956033e6c3a64e946638833
[negroni] Completed 200 OK in 150.597µs
[negroni] Started GET /queue/c7e0a61d0956033e6c3a64e946638833
[negroni] Completed 200 OK in 65.102µs
[negroni] Started GET /queue/c7e0a61d0956033e6c3a64e946638833
[negroni] Completed 200 OK in 97.81µs
[negroni] Started GET /queue/c7e0a61d0956033e6c3a64e946638833
[negroni] Completed 200 OK in 54.705µs
[negroni] Started GET /queue/c7e0a61d0956033e6c3a64e946638833
[negroni] Completed 200 OK in 93.401µs
[negroni] Started GET /queue/c7e0a61d0956033e6c3a64e946638833
[negroni] Completed 200 OK in 129.565µs
[negroni] Started GET /queue/c7e0a61d0956033e6c3a64e946638833
[negroni] Completed 200 OK in 282.403µs
[negroni] Started GET /queue/c7e0a61d0956033e6c3a64e946638833
[negroni] Completed 200 OK in 103.923µs
[negroni] Started GET /queue/c7e0a61d0956033e6c3a64e946638833
[negroni] Completed 200 OK in 215.924µs
[negroni] Started GET /queue/c7e0a61d0956033e6c3a64e946638833
[negroni] Completed 200 OK in 79.531µs
[negroni] Started GET /queue/c7e0a61d0956033e6c3a64e946638833
[negroni] Completed 200 OK in 192.105µs
[sshexec] ERROR 2017/04/27 02:07:34 /src/github.com/heketi/heketi/pkg/utils/ssh/ssh.go:173: Failed to run command [/bin/bash -c 'gluster --mode=script volume create vol_0df4597d4bb16f86808fa85fc6730f1a replica 3 192.168.48.14:/var/lib/heketi/mounts/vg_d72d3bd802d4e511a80ce2f16181289d/brick_bb6887c367ebe0fc385e8ba6edb8bc70/brick 192.168.48.12:/var/lib/heketi/mounts/vg_403cca7edce115dc1c641acc2f5f11fb/brick_9f16a1180bea86e117cfc02d37f89651/brick 192.168.48.17:/var/lib/heketi/mounts/vg_6c7ff8b53124baa86b5b789cd93274e1/brick_0f9730a451cceef847ce855464c25f79/brick '] on 192.168.48.14:22: Err[Process exited with: 1. Reason was:  ()]: Stdout []: Stderr [volume create: vol_0df4597d4bb16f86808fa85fc6730f1a: failed: Locking failed on 192.168.48.17. Please check log file for details.
]
[sshexec] ERROR 2017/04/27 02:07:34 /src/github.com/heketi/heketi/pkg/utils/ssh/ssh.go:173: Failed to run command [/bin/bash -c 'gluster --mode=script volume stop vol_0df4597d4bb16f86808fa85fc6730f1a force'] on 192.168.48.14:22: Err[Process exited with: 1. Reason was:  ()]: Stdout []: Stderr [volume stop: vol_0df4597d4bb16f86808fa85fc6730f1a: failed: Locking failed on 192.168.48.17. Please check log file for details.
]
[sshexec] ERROR 2017/04/27 02:07:34 /src/github.com/heketi/heketi/executors/sshexec/volume.go:130: Unable to stop volume vol_0df4597d4bb16f86808fa85fc6730f1a: volume stop: vol_0df4597d4bb16f86808fa85fc6730f1a: failed: Locking failed on 192.168.48.17. Please check log file for details.
[sshexec] ERROR 2017/04/27 02:07:34 /src/github.com/heketi/heketi/pkg/utils/ssh/ssh.go:173: Failed to run command [/bin/bash -c 'gluster --mode=script volume delete vol_0df4597d4bb16f86808fa85fc6730f1a'] on 192.168.48.14:22: Err[Process exited with: 1. Reason was:  ()]: Stdout []: Stderr [volume delete: vol_0df4597d4bb16f86808fa85fc6730f1a: failed: Locking failed on 192.168.48.17. Please check log file for details.
]
[sshexec] ERROR 2017/04/27 02:07:34 /src/github.com/heketi/heketi/executors/sshexec/volume.go:139: Unable to delete volume vol_0df4597d4bb16f86808fa85fc6730f1a: volume delete: vol_0df4597d4bb16f86808fa85fc6730f1a: failed: Locking failed on 192.168.48.17. Please check log file for details.
[heketi] INFO 2017/04/27 02:07:34 Deleting brick 0f9730a451cceef847ce855464c25f79
[heketi] INFO 2017/04/27 02:07:34 Deleting brick 9f16a1180bea86e117cfc02d37f89651
[heketi] INFO 2017/04/27 02:07:34 Deleting brick bb6887c367ebe0fc385e8ba6edb8bc70
[negroni] Started GET /queue/c7e0a61d0956033e6c3a64e946638833
[negroni] Completed 200 OK in 76.406µs
[sshexec] DEBUG 2017/04/27 02:07:34 /src/github.com/heketi/heketi/pkg/utils/ssh/ssh.go:176: Host: 192.168.48.12:22 Command: /bin/bash -c 'umount /var/lib/heketi/mounts/vg_403cca7edce115dc1c641acc2f5f11fb/brick_9f16a1180bea86e117cfc02d37f89651'
Result: 
[sshexec] DEBUG 2017/04/27 02:07:35 /src/github.com/heketi/heketi/pkg/utils/ssh/ssh.go:176: Host: 192.168.48.14:22 Command: /bin/bash -c 'umount /var/lib/heketi/mounts/vg_d72d3bd802d4e511a80ce2f16181289d/brick_bb6887c367ebe0fc385e8ba6edb8bc70'
Result: 
[sshexec] DEBUG 2017/04/27 02:07:35 /src/github.com/heketi/heketi/pkg/utils/ssh/ssh.go:176: Host: 192.168.48.17:22 Command: /bin/bash -c 'umount /var/lib/heketi/mounts/vg_6c7ff8b53124baa86b5b789cd93274e1/brick_0f9730a451cceef847ce855464c25f79'
Result: 
[sshexec] ERROR 2017/04/27 02:07:35 /src/github.com/heketi/heketi/pkg/utils/ssh/ssh.go:173: Failed to run command [/bin/bash -c 'lvremove -f vg_403cca7edce115dc1c641acc2f5f11fb/tp_9f16a1180bea86e117cfc02d37f89651'] on 192.168.48.12:22: Err[Process exited with: 5. Reason was:  ()]: Stdout []: Stderr [  Logical volume vg_403cca7edce115dc1c641acc2f5f11fb/brick_9f16a1180bea86e117cfc02d37f89651 contains a filesystem in use.
]
[sshexec] ERROR 2017/04/27 02:07:35 /src/github.com/heketi/heketi/executors/sshexec/brick.go:143:   Logical volume vg_403cca7edce115dc1c641acc2f5f11fb/brick_9f16a1180bea86e117cfc02d37f89651 contains a filesystem in use.
[sshexec] DEBUG 2017/04/27 02:07:35 /src/github.com/heketi/heketi/pkg/utils/ssh/ssh.go:176: Host: 192.168.48.12:22 Command: /bin/bash -c 'rmdir /var/lib/heketi/mounts/vg_403cca7edce115dc1c641acc2f5f11fb/brick_9f16a1180bea86e117cfc02d37f89651'
Result: 
[sshexec] DEBUG 2017/04/27 02:07:35 /src/github.com/heketi/heketi/pkg/utils/ssh/ssh.go:176: Host: 192.168.48.12:22 Command: /bin/bash -c 'sed -i.save "/brick_9f16a1180bea86e117cfc02d37f89651/d" /etc/fstab'
Result: 
[sshexec] DEBUG 2017/04/27 02:07:35 /src/github.com/heketi/heketi/pkg/utils/ssh/ssh.go:176: Host: 192.168.48.14:22 Command: /bin/bash -c 'lvremove -f vg_d72d3bd802d4e511a80ce2f16181289d/tp_bb6887c367ebe0fc385e8ba6edb8bc70'
Result:   Logical volume "brick_bb6887c367ebe0fc385e8ba6edb8bc70" successfully removed
  Logical volume "tp_bb6887c367ebe0fc385e8ba6edb8bc70" successfully removed
[sshexec] DEBUG 2017/04/27 02:07:35 /src/github.com/heketi/heketi/pkg/utils/ssh/ssh.go:176: Host: 192.168.48.17:22 Command: /bin/bash -c 'lvremove -f vg_6c7ff8b53124baa86b5b789cd93274e1/tp_0f9730a451cceef847ce855464c25f79'
Result:   Logical volume "brick_0f9730a451cceef847ce855464c25f79" successfully removed
  Logical volume "tp_0f9730a451cceef847ce855464c25f79" successfully removed
[sshexec] DEBUG 2017/04/27 02:07:35 /src/github.com/heketi/heketi/pkg/utils/ssh/ssh.go:176: Host: 192.168.48.14:22 Command: /bin/bash -c 'rmdir /var/lib/heketi/mounts/vg_d72d3bd802d4e511a80ce2f16181289d/brick_bb6887c367ebe0fc385e8ba6edb8bc70'
Result: 
[sshexec] DEBUG 2017/04/27 02:07:35 /src/github.com/heketi/heketi/pkg/utils/ssh/ssh.go:176: Host: 192.168.48.17:22 Command: /bin/bash -c 'rmdir /var/lib/heketi/mounts/vg_6c7ff8b53124baa86b5b789cd93274e1/brick_0f9730a451cceef847ce855464c25f79'
Result: 
[negroni] Started GET /queue/c7e0a61d0956033e6c3a64e946638833
[negroni] Completed 200 OK in 94.222µs
[sshexec] DEBUG 2017/04/27 02:07:35 /src/github.com/heketi/heketi/pkg/utils/ssh/ssh.go:176: Host: 192.168.48.14:22 Command: /bin/bash -c 'sed -i.save "/brick_bb6887c367ebe0fc385e8ba6edb8bc70/d" /etc/fstab'
Result: 
[sshexec] DEBUG 2017/04/27 02:07:36 /src/github.com/heketi/heketi/pkg/utils/ssh/ssh.go:176: Host: 192.168.48.17:22 Command: /bin/bash -c 'sed -i.save "/brick_0f9730a451cceef847ce855464c25f79/d" /etc/fstab'
Result: 
[heketi] ERROR 2017/04/27 02:07:36 /src/github.com/heketi/heketi/apps/glusterfs/app_volume.go:148: Failed to create volume: volume create: vol_0df4597d4bb16f86808fa85fc6730f1a: failed: Locking failed on 192.168.48.17. Please check log file for details.
[asynchttp] INFO 2017/04/27 02:07:36 Completed job c7e0a61d0956033e6c3a64e946638833 in 22.350814592s
[negroni] Started GET /queue/c7e0a61d0956033e6c3a64e946638833
[negroni] Completed 500 Internal Server Error in 66.556µs
[negroni] Started POST /volumes
[negroni] Completed 202 Accepted in 20.951056ms
[asynchttp] INFO 2017/04/27 02:07:43 Started job 9da3bdbbc9ac6e51eaf8e9b2e547e879
[heketi] INFO 2017/04/27 02:07:43 Creating volume ac0ce9ee83abf837a616e4b6ac2194c1
[heketi] INFO 2017/04/27 02:07:43 brick_num: 0
[negroni] Started GET /queue/9da3bdbbc9ac6e51eaf8e9b2e547e879
[negroni] Completed 200 OK in 52.138µs
[heketi] INFO 2017/04/27 02:07:43 Creating brick 143904f7112052c112806d8ac517292b
[heketi] INFO 2017/04/27 02:07:43 Creating brick c2018e9edcb47d5bbdc0c7628465c823
[heketi] INFO 2017/04/27 02:07:43 Creating brick d4f1c0d69a1ea733a070a257586e2963
[sshexec] DEBUG 2017/04/27 02:07:44 /src/github.com/heketi/heketi/pkg/utils/ssh/ssh.go:176: Host: 192.168.48.14:22 Command: /bin/bash -c 'mkdir -p /var/lib/heketi/mounts/vg_d72d3bd802d4e511a80ce2f16181289d/brick_143904f7112052c112806d8ac517292b'
Result: 
[sshexec] DEBUG 2017/04/27 02:07:44 /src/github.com/heketi/heketi/pkg/utils/ssh/ssh.go:176: Host: 192.168.48.17:22 Command: /bin/bash -c 'mkdir -p /var/lib/heketi/mounts/vg_6c7ff8b53124baa86b5b789cd93274e1/brick_d4f1c0d69a1ea733a070a257586e2963'
Result: 
[sshexec] DEBUG 2017/04/27 02:07:44 /src/github.com/heketi/heketi/pkg/utils/ssh/ssh.go:176: Host: 192.168.48.12:22 Command: /bin/bash -c 'mkdir -p /var/lib/heketi/mounts/vg_403cca7edce115dc1c641acc2f5f11fb/brick_c2018e9edcb47d5bbdc0c7628465c823'
Result: 
[sshexec] DEBUG 2017/04/27 02:07:44 /src/github.com/heketi/heketi/pkg/utils/ssh/ssh.go:176: Host: 192.168.48.17:22 Command: /bin/bash -c 'lvcreate --poolmetadatasize 8192K -c 256K -L 1048576K -T vg_6c7ff8b53124baa86b5b789cd93274e1/tp_d4f1c0d69a1ea733a070a257586e2963 -V 1048576K -n brick_d4f1c0d69a1ea733a070a257586e2963'
Result:   Logical volume "brick_d4f1c0d69a1ea733a070a257586e2963" created.
[sshexec] DEBUG 2017/04/27 02:07:44 /src/github.com/heketi/heketi/pkg/utils/ssh/ssh.go:176: Host: 192.168.48.12:22 Command: /bin/bash -c 'lvcreate --poolmetadatasize 8192K -c 256K -L 1048576K -T vg_403cca7edce115dc1c641acc2f5f11fb/tp_c2018e9edcb47d5bbdc0c7628465c823 -V 1048576K -n brick_c2018e9edcb47d5bbdc0c7628465c823'
Result:   Logical volume "brick_c2018e9edcb47d5bbdc0c7628465c823" created.
[sshexec] DEBUG 2017/04/27 02:07:44 /src/github.com/heketi/heketi/pkg/utils/ssh/ssh.go:176: Host: 192.168.48.14:22 Command: /bin/bash -c 'lvcreate --poolmetadatasize 8192K -c 256K -L 1048576K -T vg_d72d3bd802d4e511a80ce2f16181289d/tp_143904f7112052c112806d8ac517292b -V 1048576K -n brick_143904f7112052c112806d8ac517292b'
Result:   Logical volume "brick_143904f7112052c112806d8ac517292b" created.
[sshexec] DEBUG 2017/04/27 02:07:44 /src/github.com/heketi/heketi/pkg/utils/ssh/ssh.go:176: Host: 192.168.48.17:22 Command: /bin/bash -c 'mkfs.xfs -i size=512 -n size=8192 /dev/mapper/vg_6c7ff8b53124baa86b5b789cd93274e1-brick_d4f1c0d69a1ea733a070a257586e2963'
Result: meta-data=/dev/mapper/vg_6c7ff8b53124baa86b5b789cd93274e1-brick_d4f1c0d69a1ea733a070a257586e2963 isize=512    agcount=8, agsize=32704 blks
         =                       sectsz=512   attr=2, projid32bit=1
         =                       crc=1        finobt=1, sparse=0
data     =                       bsize=4096   blocks=261632, imaxpct=25
         =                       sunit=64     swidth=64 blks
naming   =version 2              bsize=8192   ascii-ci=0 ftype=1
log      =internal log           bsize=4096   blocks=1728, version=2
         =                       sectsz=512   sunit=64 blks, lazy-count=1
realtime =none                   extsz=4096   blocks=0, rtextents=0
[sshexec] DEBUG 2017/04/27 02:07:44 /src/github.com/heketi/heketi/pkg/utils/ssh/ssh.go:176: Host: 192.168.48.17:22 Command: /bin/bash -c 'echo "/dev/mapper/vg_6c7ff8b53124baa86b5b789cd93274e1-brick_d4f1c0d69a1ea733a070a257586e2963 /var/lib/heketi/mounts/vg_6c7ff8b53124baa86b5b789cd93274e1/brick_d4f1c0d69a1ea733a070a257586e2963 xfs rw,inode64,noatime,nouuid 1 2" | tee -a /etc/fstab > /dev/null '
Result: 
[negroni] Started GET /queue/9da3bdbbc9ac6e51eaf8e9b2e547e879
[negroni] Completed 200 OK in 151.22µs
[sshexec] DEBUG 2017/04/27 02:07:44 /src/github.com/heketi/heketi/pkg/utils/ssh/ssh.go:176: Host: 192.168.48.12:22 Command: /bin/bash -c 'mkfs.xfs -i size=512 -n size=8192 /dev/mapper/vg_403cca7edce115dc1c641acc2f5f11fb-brick_c2018e9edcb47d5bbdc0c7628465c823'
Result: meta-data=/dev/mapper/vg_403cca7edce115dc1c641acc2f5f11fb-brick_c2018e9edcb47d5bbdc0c7628465c823 isize=512    agcount=8, agsize=32704 blks
         =                       sectsz=4096  attr=2, projid32bit=1
         =                       crc=1        finobt=1, sparse=0
data     =                       bsize=4096   blocks=261632, imaxpct=25
         =                       sunit=64     swidth=64 blks
naming   =version 2              bsize=8192   ascii-ci=0 ftype=1
log      =internal log           bsize=4096   blocks=576, version=2
         =                       sectsz=4096  sunit=1 blks, lazy-count=1
realtime =none                   extsz=4096   blocks=0, rtextents=0
[sshexec] DEBUG 2017/04/27 02:07:44 /src/github.com/heketi/heketi/pkg/utils/ssh/ssh.go:176: Host: 192.168.48.14:22 Command: /bin/bash -c 'mkfs.xfs -i size=512 -n size=8192 /dev/mapper/vg_d72d3bd802d4e511a80ce2f16181289d-brick_143904f7112052c112806d8ac517292b'
Result: meta-data=/dev/mapper/vg_d72d3bd802d4e511a80ce2f16181289d-brick_143904f7112052c112806d8ac517292b isize=512    agcount=8, agsize=32704 blks
         =                       sectsz=512   attr=2, projid32bit=1
         =                       crc=1        finobt=1, sparse=0
data     =                       bsize=4096   blocks=261632, imaxpct=25
         =                       sunit=64     swidth=64 blks
naming   =version 2              bsize=8192   ascii-ci=0 ftype=1
log      =internal log           bsize=4096   blocks=1728, version=2
         =                       sectsz=512   sunit=64 blks, lazy-count=1
realtime =none                   extsz=4096   blocks=0, rtextents=0
[sshexec] DEBUG 2017/04/27 02:07:44 /src/github.com/heketi/heketi/pkg/utils/ssh/ssh.go:176: Host: 192.168.48.14:22 Command: /bin/bash -c 'echo "/dev/mapper/vg_d72d3bd802d4e511a80ce2f16181289d-brick_143904f7112052c112806d8ac517292b /var/lib/heketi/mounts/vg_d72d3bd802d4e511a80ce2f16181289d/brick_143904f7112052c112806d8ac517292b xfs rw,inode64,noatime,nouuid 1 2" | tee -a /etc/fstab > /dev/null '
Result: 
[sshexec] DEBUG 2017/04/27 02:07:44 /src/github.com/heketi/heketi/pkg/utils/ssh/ssh.go:176: Host: 192.168.48.12:22 Command: /bin/bash -c 'echo "/dev/mapper/vg_403cca7edce115dc1c641acc2f5f11fb-brick_c2018e9edcb47d5bbdc0c7628465c823 /var/lib/heketi/mounts/vg_403cca7edce115dc1c641acc2f5f11fb/brick_c2018e9edcb47d5bbdc0c7628465c823 xfs rw,inode64,noatime,nouuid 1 2" | tee -a /etc/fstab > /dev/null '
Result: 
[sshexec] DEBUG 2017/04/27 02:07:44 /src/github.com/heketi/heketi/pkg/utils/ssh/ssh.go:176: Host: 192.168.48.12:22 Command: /bin/bash -c 'mount -o rw,inode64,noatime,nouuid /dev/mapper/vg_403cca7edce115dc1c641acc2f5f11fb-brick_c2018e9edcb47d5bbdc0c7628465c823 /var/lib/heketi/mounts/vg_403cca7edce115dc1c641acc2f5f11fb/brick_c2018e9edcb47d5bbdc0c7628465c823'
Result: 
[sshexec] DEBUG 2017/04/27 02:07:44 /src/github.com/heketi/heketi/pkg/utils/ssh/ssh.go:176: Host: 192.168.48.12:22 Command: /bin/bash -c 'mkdir /var/lib/heketi/mounts/vg_403cca7edce115dc1c641acc2f5f11fb/brick_c2018e9edcb47d5bbdc0c7628465c823/brick'
Result: 
[sshexec] DEBUG 2017/04/27 02:07:44 /src/github.com/heketi/heketi/pkg/utils/ssh/ssh.go:176: Host: 192.168.48.12:22 Command: /bin/bash -c 'chown :2000 /var/lib/heketi/mounts/vg_403cca7edce115dc1c641acc2f5f11fb/brick_c2018e9edcb47d5bbdc0c7628465c823/brick'
Result: 
[sshexec] DEBUG 2017/04/27 02:07:44 /src/github.com/heketi/heketi/pkg/utils/ssh/ssh.go:176: Host: 192.168.48.12:22 Command: /bin/bash -c 'chmod 2775 /var/lib/heketi/mounts/vg_403cca7edce115dc1c641acc2f5f11fb/brick_c2018e9edcb47d5bbdc0c7628465c823/brick'
Result: 
[sshexec] DEBUG 2017/04/27 02:07:45 /src/github.com/heketi/heketi/pkg/utils/ssh/ssh.go:176: Host: 192.168.48.17:22 Command: /bin/bash -c 'mount -o rw,inode64,noatime,nouuid /dev/mapper/vg_6c7ff8b53124baa86b5b789cd93274e1-brick_d4f1c0d69a1ea733a070a257586e2963 /var/lib/heketi/mounts/vg_6c7ff8b53124baa86b5b789cd93274e1/brick_d4f1c0d69a1ea733a070a257586e2963'
Result: 
[sshexec] DEBUG 2017/04/27 02:07:45 /src/github.com/heketi/heketi/pkg/utils/ssh/ssh.go:176: Host: 192.168.48.17:22 Command: /bin/bash -c 'mkdir /var/lib/heketi/mounts/vg_6c7ff8b53124baa86b5b789cd93274e1/brick_d4f1c0d69a1ea733a070a257586e2963/brick'
Result: 
[sshexec] DEBUG 2017/04/27 02:07:45 /src/github.com/heketi/heketi/pkg/utils/ssh/ssh.go:176: Host: 192.168.48.17:22 Command: /bin/bash -c 'chown :2000 /var/lib/heketi/mounts/vg_6c7ff8b53124baa86b5b789cd93274e1/brick_d4f1c0d69a1ea733a070a257586e2963/brick'
Result: 
[sshexec] DEBUG 2017/04/27 02:07:45 /src/github.com/heketi/heketi/pkg/utils/ssh/ssh.go:176: Host: 192.168.48.17:22 Command: /bin/bash -c 'chmod 2775 /var/lib/heketi/mounts/vg_6c7ff8b53124baa86b5b789cd93274e1/brick_d4f1c0d69a1ea733a070a257586e2963/brick'
Result: 
[sshexec] DEBUG 2017/04/27 02:07:45 /src/github.com/heketi/heketi/pkg/utils/ssh/ssh.go:176: Host: 192.168.48.14:22 Command: /bin/bash -c 'mount -o rw,inode64,noatime,nouuid /dev/mapper/vg_d72d3bd802d4e511a80ce2f16181289d-brick_143904f7112052c112806d8ac517292b /var/lib/heketi/mounts/vg_d72d3bd802d4e511a80ce2f16181289d/brick_143904f7112052c112806d8ac517292b'
Result: 
[sshexec] DEBUG 2017/04/27 02:07:45 /src/github.com/heketi/heketi/pkg/utils/ssh/ssh.go:176: Host: 192.168.48.14:22 Command: /bin/bash -c 'mkdir /var/lib/heketi/mounts/vg_d72d3bd802d4e511a80ce2f16181289d/brick_143904f7112052c112806d8ac517292b/brick'
Result: 
[sshexec] DEBUG 2017/04/27 02:07:45 /src/github.com/heketi/heketi/pkg/utils/ssh/ssh.go:176: Host: 192.168.48.14:22 Command: /bin/bash -c 'chown :2000 /var/lib/heketi/mounts/vg_d72d3bd802d4e511a80ce2f16181289d/brick_143904f7112052c112806d8ac517292b/brick'
Result: 
[sshexec] DEBUG 2017/04/27 02:07:45 /src/github.com/heketi/heketi/pkg/utils/ssh/ssh.go:176: Host: 192.168.48.14:22 Command: /bin/bash -c 'chmod 2775 /var/lib/heketi/mounts/vg_d72d3bd802d4e511a80ce2f16181289d/brick_143904f7112052c112806d8ac517292b/brick'
Result: 
[sshexec] INFO 2017/04/27 02:07:45 Creating volume vol_ac0ce9ee83abf837a616e4b6ac2194c1 replica 3
[sshexec] ERROR 2017/04/27 02:07:45 /src/github.com/heketi/heketi/pkg/utils/ssh/ssh.go:173: Failed to run command [/bin/bash -c 'gluster --mode=script volume create vol_ac0ce9ee83abf837a616e4b6ac2194c1 replica 3 192.168.48.14:/var/lib/heketi/mounts/vg_d72d3bd802d4e511a80ce2f16181289d/brick_143904f7112052c112806d8ac517292b/brick 192.168.48.12:/var/lib/heketi/mounts/vg_403cca7edce115dc1c641acc2f5f11fb/brick_c2018e9edcb47d5bbdc0c7628465c823/brick 192.168.48.17:/var/lib/heketi/mounts/vg_6c7ff8b53124baa86b5b789cd93274e1/brick_d4f1c0d69a1ea733a070a257586e2963/brick '] on 192.168.48.14:22: Err[Process exited with: 1. Reason was:  ()]: Stdout []: Stderr [volume create: vol_ac0ce9ee83abf837a616e4b6ac2194c1: failed: Locking failed on 192.168.48.17. Please check log file for details.
]
[sshexec] ERROR 2017/04/27 02:07:45 /src/github.com/heketi/heketi/pkg/utils/ssh/ssh.go:173: Failed to run command [/bin/bash -c 'gluster --mode=script volume stop vol_ac0ce9ee83abf837a616e4b6ac2194c1 force'] on 192.168.48.14:22: Err[Process exited with: 1. Reason was:  ()]: Stdout []: Stderr [volume stop: vol_ac0ce9ee83abf837a616e4b6ac2194c1: failed: Locking failed on 192.168.48.17. Please check log file for details.
]
[sshexec] ERROR 2017/04/27 02:07:45 /src/github.com/heketi/heketi/executors/sshexec/volume.go:130: Unable to stop volume vol_ac0ce9ee83abf837a616e4b6ac2194c1: volume stop: vol_ac0ce9ee83abf837a616e4b6ac2194c1: failed: Locking failed on 192.168.48.17. Please check log file for details.
[negroni] Started GET /queue/9da3bdbbc9ac6e51eaf8e9b2e547e879
[negroni] Completed 200 OK in 133.062µs
[sshexec] ERROR 2017/04/27 02:07:46 /src/github.com/heketi/heketi/pkg/utils/ssh/ssh.go:173: Failed to run command [/bin/bash -c 'gluster --mode=script volume delete vol_ac0ce9ee83abf837a616e4b6ac2194c1'] on 192.168.48.14:22: Err[Process exited with: 1. Reason was:  ()]: Stdout []: Stderr [volume delete: vol_ac0ce9ee83abf837a616e4b6ac2194c1: failed: Locking failed on 192.168.48.17. Please check log file for details.
]
[sshexec] ERROR 2017/04/27 02:07:46 /src/github.com/heketi/heketi/executors/sshexec/volume.go:139: Unable to delete volume vol_ac0ce9ee83abf837a616e4b6ac2194c1: volume delete: vol_ac0ce9ee83abf837a616e4b6ac2194c1: failed: Locking failed on 192.168.48.17. Please check log file for details.
[heketi] INFO 2017/04/27 02:07:46 Deleting brick 143904f7112052c112806d8ac517292b
[heketi] INFO 2017/04/27 02:07:46 Deleting brick d4f1c0d69a1ea733a070a257586e2963
[heketi] INFO 2017/04/27 02:07:46 Deleting brick c2018e9edcb47d5bbdc0c7628465c823
[sshexec] DEBUG 2017/04/27 02:07:46 /src/github.com/heketi/heketi/pkg/utils/ssh/ssh.go:176: Host: 192.168.48.12:22 Command: /bin/bash -c 'umount /var/lib/heketi/mounts/vg_403cca7edce115dc1c641acc2f5f11fb/brick_c2018e9edcb47d5bbdc0c7628465c823'
Result: 
[sshexec] DEBUG 2017/04/27 02:07:46 /src/github.com/heketi/heketi/pkg/utils/ssh/ssh.go:176: Host: 192.168.48.14:22 Command: /bin/bash -c 'umount /var/lib/heketi/mounts/vg_d72d3bd802d4e511a80ce2f16181289d/brick_143904f7112052c112806d8ac517292b'
Result: 
[sshexec] DEBUG 2017/04/27 02:07:46 /src/github.com/heketi/heketi/pkg/utils/ssh/ssh.go:176: Host: 192.168.48.17:22 Command: /bin/bash -c 'umount /var/lib/heketi/mounts/vg_6c7ff8b53124baa86b5b789cd93274e1/brick_d4f1c0d69a1ea733a070a257586e2963'
Result: 
[negroni] Started GET /queue/9da3bdbbc9ac6e51eaf8e9b2e547e879
[negroni] Completed 200 OK in 83.263µs
[sshexec] DEBUG 2017/04/27 02:07:46 /src/github.com/heketi/heketi/pkg/utils/ssh/ssh.go:176: Host: 192.168.48.14:22 Command: /bin/bash -c 'lvremove -f vg_d72d3bd802d4e511a80ce2f16181289d/tp_143904f7112052c112806d8ac517292b'
Result:   Logical volume "brick_143904f7112052c112806d8ac517292b" successfully removed
  Logical volume "tp_143904f7112052c112806d8ac517292b" successfully removed
[sshexec] DEBUG 2017/04/27 02:07:46 /src/github.com/heketi/heketi/pkg/utils/ssh/ssh.go:176: Host: 192.168.48.12:22 Command: /bin/bash -c 'lvremove -f vg_403cca7edce115dc1c641acc2f5f11fb/tp_c2018e9edcb47d5bbdc0c7628465c823'
Result:   Logical volume "brick_c2018e9edcb47d5bbdc0c7628465c823" successfully removed
  Logical volume "tp_c2018e9edcb47d5bbdc0c7628465c823" successfully removed
[sshexec] DEBUG 2017/04/27 02:07:46 /src/github.com/heketi/heketi/pkg/utils/ssh/ssh.go:176: Host: 192.168.48.17:22 Command: /bin/bash -c 'lvremove -f vg_6c7ff8b53124baa86b5b789cd93274e1/tp_d4f1c0d69a1ea733a070a257586e2963'
Result:   Logical volume "brick_d4f1c0d69a1ea733a070a257586e2963" successfully removed
  Logical volume "tp_d4f1c0d69a1ea733a070a257586e2963" successfully removed
[sshexec] DEBUG 2017/04/27 02:07:47 /src/github.com/heketi/heketi/pkg/utils/ssh/ssh.go:176: Host: 192.168.48.14:22 Command: /bin/bash -c 'rmdir /var/lib/heketi/mounts/vg_d72d3bd802d4e511a80ce2f16181289d/brick_143904f7112052c112806d8ac517292b'
Result: 
[sshexec] DEBUG 2017/04/27 02:07:47 /src/github.com/heketi/heketi/pkg/utils/ssh/ssh.go:176: Host: 192.168.48.12:22 Command: /bin/bash -c 'rmdir /var/lib/heketi/mounts/vg_403cca7edce115dc1c641acc2f5f11fb/brick_c2018e9edcb47d5bbdc0c7628465c823'
Result: 
[sshexec] DEBUG 2017/04/27 02:07:47 /src/github.com/heketi/heketi/pkg/utils/ssh/ssh.go:176: Host: 192.168.48.17:22 Command: /bin/bash -c 'rmdir /var/lib/heketi/mounts/vg_6c7ff8b53124baa86b5b789cd93274e1/brick_d4f1c0d69a1ea733a070a257586e2963'
Result: 
[sshexec] DEBUG 2017/04/27 02:07:47 /src/github.com/heketi/heketi/pkg/utils/ssh/ssh.go:176: Host: 192.168.48.14:22 Command: /bin/bash -c 'sed -i.save "/brick_143904f7112052c112806d8ac517292b/d" /etc/fstab'
Result: 
[sshexec] DEBUG 2017/04/27 02:07:47 /src/github.com/heketi/heketi/pkg/utils/ssh/ssh.go:176: Host: 192.168.48.12:22 Command: /bin/bash -c 'sed -i.save "/brick_c2018e9edcb47d5bbdc0c7628465c823/d" /etc/fstab'
Result: 
[sshexec] DEBUG 2017/04/27 02:07:47 /src/github.com/heketi/heketi/pkg/utils/ssh/ssh.go:176: Host: 192.168.48.17:22 Command: /bin/bash -c 'sed -i.save "/brick_d4f1c0d69a1ea733a070a257586e2963/d" /etc/fstab'
Result: 
[heketi] ERROR 2017/04/27 02:07:47 /src/github.com/heketi/heketi/apps/glusterfs/app_volume.go:148: Failed to create volume: volume create: vol_ac0ce9ee83abf837a616e4b6ac2194c1: failed: Locking failed on 192.168.48.17. Please check log file for details.
[asynchttp] INFO 2017/04/27 02:07:47 Completed job 9da3bdbbc9ac6e51eaf8e9b2e547e879 in 3.594948918s
[negroni] Started GET /queue/9da3bdbbc9ac6e51eaf8e9b2e547e879
[negroni] Completed 500 Internal Server Error in 491.12µs
[negroni] Started POST /volumes
[negroni] Completed 202 Accepted in 16.412437ms
[asynchttp] INFO 2017/04/27 02:07:58 Started job cdb3b6eac54948db35e39e6fb0b815ba
[heketi] INFO 2017/04/27 02:07:58 Creating volume 06b02a492b6d0ac8702bd411bcc77b6d
[heketi] INFO 2017/04/27 02:07:58 brick_num: 0
[negroni] Started GET /queue/cdb3b6eac54948db35e39e6fb0b815ba
[negroni] Completed 200 OK in 142.338µs
[heketi] INFO 2017/04/27 02:07:58 Creating brick 99bd081ae8d2976bbb039017ce84423b
[heketi] INFO 2017/04/27 02:07:58 Creating brick 688606b9df08205d04a808cd097ac67e
[heketi] INFO 2017/04/27 02:07:58 Creating brick 1c5655c1a63cf770892e055343f8aca4
[sshexec] DEBUG 2017/04/27 02:07:59 /src/github.com/heketi/heketi/pkg/utils/ssh/ssh.go:176: Host: 192.168.48.12:22 Command: /bin/bash -c 'mkdir -p /var/lib/heketi/mounts/vg_403cca7edce115dc1c641acc2f5f11fb/brick_1c5655c1a63cf770892e055343f8aca4'
Result: 
[sshexec] DEBUG 2017/04/27 02:07:59 /src/github.com/heketi/heketi/pkg/utils/ssh/ssh.go:176: Host: 192.168.48.14:22 Command: /bin/bash -c 'mkdir -p /var/lib/heketi/mounts/vg_d72d3bd802d4e511a80ce2f16181289d/brick_99bd081ae8d2976bbb039017ce84423b'
Result: 
[sshexec] DEBUG 2017/04/27 02:07:59 /src/github.com/heketi/heketi/pkg/utils/ssh/ssh.go:176: Host: 192.168.48.17:22 Command: /bin/bash -c 'mkdir -p /var/lib/heketi/mounts/vg_6c7ff8b53124baa86b5b789cd93274e1/brick_688606b9df08205d04a808cd097ac67e'
Result: 
[sshexec] DEBUG 2017/04/27 02:07:59 /src/github.com/heketi/heketi/pkg/utils/ssh/ssh.go:176: Host: 192.168.48.14:22 Command: /bin/bash -c 'lvcreate --poolmetadatasize 8192K -c 256K -L 1048576K -T vg_d72d3bd802d4e511a80ce2f16181289d/tp_99bd081ae8d2976bbb039017ce84423b -V 1048576K -n brick_99bd081ae8d2976bbb039017ce84423b'
Result:   Logical volume "brick_99bd081ae8d2976bbb039017ce84423b" created.
[sshexec] DEBUG 2017/04/27 02:07:59 /src/github.com/heketi/heketi/pkg/utils/ssh/ssh.go:176: Host: 192.168.48.17:22 Command: /bin/bash -c 'lvcreate --poolmetadatasize 8192K -c 256K -L 1048576K -T vg_6c7ff8b53124baa86b5b789cd93274e1/tp_688606b9df08205d04a808cd097ac67e -V 1048576K -n brick_688606b9df08205d04a808cd097ac67e'
Result:   Logical volume "brick_688606b9df08205d04a808cd097ac67e" created.
[sshexec] DEBUG 2017/04/27 02:07:59 /src/github.com/heketi/heketi/pkg/utils/ssh/ssh.go:176: Host: 192.168.48.14:22 Command: /bin/bash -c 'mkfs.xfs -i size=512 -n size=8192 /dev/mapper/vg_d72d3bd802d4e511a80ce2f16181289d-brick_99bd081ae8d2976bbb039017ce84423b'
Result: meta-data=/dev/mapper/vg_d72d3bd802d4e511a80ce2f16181289d-brick_99bd081ae8d2976bbb039017ce84423b isize=512    agcount=8, agsize=32704 blks
         =                       sectsz=512   attr=2, projid32bit=1
         =                       crc=1        finobt=1, sparse=0
data     =                       bsize=4096   blocks=261632, imaxpct=25
         =                       sunit=64     swidth=64 blks
naming   =version 2              bsize=8192   ascii-ci=0 ftype=1
log      =internal log           bsize=4096   blocks=1728, version=2
         =                       sectsz=512   sunit=64 blks, lazy-count=1
realtime =none                   extsz=4096   blocks=0, rtextents=0
[sshexec] DEBUG 2017/04/27 02:07:59 /src/github.com/heketi/heketi/pkg/utils/ssh/ssh.go:176: Host: 192.168.48.14:22 Command: /bin/bash -c 'echo "/dev/mapper/vg_d72d3bd802d4e511a80ce2f16181289d-brick_99bd081ae8d2976bbb039017ce84423b /var/lib/heketi/mounts/vg_d72d3bd802d4e511a80ce2f16181289d/brick_99bd081ae8d2976bbb039017ce84423b xfs rw,inode64,noatime,nouuid 1 2" | tee -a /etc/fstab > /dev/null '
Result: 
[negroni] Started GET /queue/cdb3b6eac54948db35e39e6fb0b815ba
[negroni] Completed 200 OK in 63.212µs
[sshexec] DEBUG 2017/04/27 02:07:59 /src/github.com/heketi/heketi/pkg/utils/ssh/ssh.go:176: Host: 192.168.48.17:22 Command: /bin/bash -c 'mkfs.xfs -i size=512 -n size=8192 /dev/mapper/vg_6c7ff8b53124baa86b5b789cd93274e1-brick_688606b9df08205d04a808cd097ac67e'
Result: meta-data=/dev/mapper/vg_6c7ff8b53124baa86b5b789cd93274e1-brick_688606b9df08205d04a808cd097ac67e isize=512    agcount=8, agsize=32704 blks
         =                       sectsz=512   attr=2, projid32bit=1
         =                       crc=1        finobt=1, sparse=0
data     =                       bsize=4096   blocks=261632, imaxpct=25
         =                       sunit=64     swidth=64 blks
naming   =version 2              bsize=8192   ascii-ci=0 ftype=1
log      =internal log           bsize=4096   blocks=1728, version=2
         =                       sectsz=512   sunit=64 blks, lazy-count=1
realtime =none                   extsz=4096   blocks=0, rtextents=0
[sshexec] DEBUG 2017/04/27 02:07:59 /src/github.com/heketi/heketi/pkg/utils/ssh/ssh.go:176: Host: 192.168.48.17:22 Command: /bin/bash -c 'echo "/dev/mapper/vg_6c7ff8b53124baa86b5b789cd93274e1-brick_688606b9df08205d04a808cd097ac67e /var/lib/heketi/mounts/vg_6c7ff8b53124baa86b5b789cd93274e1/brick_688606b9df08205d04a808cd097ac67e xfs rw,inode64,noatime,nouuid 1 2" | tee -a /etc/fstab > /dev/null '
Result: 
[sshexec] DEBUG 2017/04/27 02:07:59 /src/github.com/heketi/heketi/pkg/utils/ssh/ssh.go:176: Host: 192.168.48.12:22 Command: /bin/bash -c 'lvcreate --poolmetadatasize 8192K -c 256K -L 1048576K -T vg_403cca7edce115dc1c641acc2f5f11fb/tp_1c5655c1a63cf770892e055343f8aca4 -V 1048576K -n brick_1c5655c1a63cf770892e055343f8aca4'
Result:   Logical volume "brick_1c5655c1a63cf770892e055343f8aca4" created.
[sshexec] DEBUG 2017/04/27 02:08:00 /src/github.com/heketi/heketi/pkg/utils/ssh/ssh.go:176: Host: 192.168.48.12:22 Command: /bin/bash -c 'mkfs.xfs -i size=512 -n size=8192 /dev/mapper/vg_403cca7edce115dc1c641acc2f5f11fb-brick_1c5655c1a63cf770892e055343f8aca4'
Result: meta-data=/dev/mapper/vg_403cca7edce115dc1c641acc2f5f11fb-brick_1c5655c1a63cf770892e055343f8aca4 isize=512    agcount=8, agsize=32704 blks
         =                       sectsz=4096  attr=2, projid32bit=1
         =                       crc=1        finobt=1, sparse=0
data     =                       bsize=4096   blocks=261632, imaxpct=25
         =                       sunit=64     swidth=64 blks
naming   =version 2              bsize=8192   ascii-ci=0 ftype=1
log      =internal log           bsize=4096   blocks=576, version=2
         =                       sectsz=4096  sunit=1 blks, lazy-count=1
realtime =none                   extsz=4096   blocks=0, rtextents=0
[sshexec] DEBUG 2017/04/27 02:08:00 /src/github.com/heketi/heketi/pkg/utils/ssh/ssh.go:176: Host: 192.168.48.12:22 Command: /bin/bash -c 'echo "/dev/mapper/vg_403cca7edce115dc1c641acc2f5f11fb-brick_1c5655c1a63cf770892e055343f8aca4 /var/lib/heketi/mounts/vg_403cca7edce115dc1c641acc2f5f11fb/brick_1c5655c1a63cf770892e055343f8aca4 xfs rw,inode64,noatime,nouuid 1 2" | tee -a /etc/fstab > /dev/null '
Result: 
[sshexec] DEBUG 2017/04/27 02:08:00 /src/github.com/heketi/heketi/pkg/utils/ssh/ssh.go:176: Host: 192.168.48.14:22 Command: /bin/bash -c 'mount -o rw,inode64,noatime,nouuid /dev/mapper/vg_d72d3bd802d4e511a80ce2f16181289d-brick_99bd081ae8d2976bbb039017ce84423b /var/lib/heketi/mounts/vg_d72d3bd802d4e511a80ce2f16181289d/brick_99bd081ae8d2976bbb039017ce84423b'
Result: 
[sshexec] DEBUG 2017/04/27 02:08:00 /src/github.com/heketi/heketi/pkg/utils/ssh/ssh.go:176: Host: 192.168.48.14:22 Command: /bin/bash -c 'mkdir /var/lib/heketi/mounts/vg_d72d3bd802d4e511a80ce2f16181289d/brick_99bd081ae8d2976bbb039017ce84423b/brick'
Result: 
[sshexec] DEBUG 2017/04/27 02:08:00 /src/github.com/heketi/heketi/pkg/utils/ssh/ssh.go:176: Host: 192.168.48.14:22 Command: /bin/bash -c 'chown :2000 /var/lib/heketi/mounts/vg_d72d3bd802d4e511a80ce2f16181289d/brick_99bd081ae8d2976bbb039017ce84423b/brick'
Result: 
[sshexec] DEBUG 2017/04/27 02:08:00 /src/github.com/heketi/heketi/pkg/utils/ssh/ssh.go:176: Host: 192.168.48.12:22 Command: /bin/bash -c 'mount -o rw,inode64,noatime,nouuid /dev/mapper/vg_403cca7edce115dc1c641acc2f5f11fb-brick_1c5655c1a63cf770892e055343f8aca4 /var/lib/heketi/mounts/vg_403cca7edce115dc1c641acc2f5f11fb/brick_1c5655c1a63cf770892e055343f8aca4'
Result: 
[sshexec] DEBUG 2017/04/27 02:08:00 /src/github.com/heketi/heketi/pkg/utils/ssh/ssh.go:176: Host: 192.168.48.14:22 Command: /bin/bash -c 'chmod 2775 /var/lib/heketi/mounts/vg_d72d3bd802d4e511a80ce2f16181289d/brick_99bd081ae8d2976bbb039017ce84423b/brick'
Result: 
[sshexec] DEBUG 2017/04/27 02:08:00 /src/github.com/heketi/heketi/pkg/utils/ssh/ssh.go:176: Host: 192.168.48.12:22 Command: /bin/bash -c 'mkdir /var/lib/heketi/mounts/vg_403cca7edce115dc1c641acc2f5f11fb/brick_1c5655c1a63cf770892e055343f8aca4/brick'
Result: 
[sshexec] DEBUG 2017/04/27 02:08:00 /src/github.com/heketi/heketi/pkg/utils/ssh/ssh.go:176: Host: 192.168.48.17:22 Command: /bin/bash -c 'mount -o rw,inode64,noatime,nouuid /dev/mapper/vg_6c7ff8b53124baa86b5b789cd93274e1-brick_688606b9df08205d04a808cd097ac67e /var/lib/heketi/mounts/vg_6c7ff8b53124baa86b5b789cd93274e1/brick_688606b9df08205d04a808cd097ac67e'
Result: 
[sshexec] DEBUG 2017/04/27 02:08:00 /src/github.com/heketi/heketi/pkg/utils/ssh/ssh.go:176: Host: 192.168.48.12:22 Command: /bin/bash -c 'chown :2000 /var/lib/heketi/mounts/vg_403cca7edce115dc1c641acc2f5f11fb/brick_1c5655c1a63cf770892e055343f8aca4/brick'
Result: 
[sshexec] DEBUG 2017/04/27 02:08:00 /src/github.com/heketi/heketi/pkg/utils/ssh/ssh.go:176: Host: 192.168.48.17:22 Command: /bin/bash -c 'mkdir /var/lib/heketi/mounts/vg_6c7ff8b53124baa86b5b789cd93274e1/brick_688606b9df08205d04a808cd097ac67e/brick'
Result: 
[sshexec] DEBUG 2017/04/27 02:08:00 /src/github.com/heketi/heketi/pkg/utils/ssh/ssh.go:176: Host: 192.168.48.17:22 Command: /bin/bash -c 'chown :2000 /var/lib/heketi/mounts/vg_6c7ff8b53124baa86b5b789cd93274e1/brick_688606b9df08205d04a808cd097ac67e/brick'
Result: 
[sshexec] DEBUG 2017/04/27 02:08:00 /src/github.com/heketi/heketi/pkg/utils/ssh/ssh.go:176: Host: 192.168.48.12:22 Command: /bin/bash -c 'chmod 2775 /var/lib/heketi/mounts/vg_403cca7edce115dc1c641acc2f5f11fb/brick_1c5655c1a63cf770892e055343f8aca4/brick'
Result: 
[sshexec] DEBUG 2017/04/27 02:08:00 /src/github.com/heketi/heketi/pkg/utils/ssh/ssh.go:176: Host: 192.168.48.17:22 Command: /bin/bash -c 'chmod 2775 /var/lib/heketi/mounts/vg_6c7ff8b53124baa86b5b789cd93274e1/brick_688606b9df08205d04a808cd097ac67e/brick'
Result: 
[sshexec] INFO 2017/04/27 02:08:00 Creating volume vol_06b02a492b6d0ac8702bd411bcc77b6d replica 3
[sshexec] ERROR 2017/04/27 02:08:00 /src/github.com/heketi/heketi/pkg/utils/ssh/ssh.go:173: Failed to run command [/bin/bash -c 'gluster --mode=script volume create vol_06b02a492b6d0ac8702bd411bcc77b6d replica 3 192.168.48.14:/var/lib/heketi/mounts/vg_d72d3bd802d4e511a80ce2f16181289d/brick_99bd081ae8d2976bbb039017ce84423b/brick 192.168.48.12:/var/lib/heketi/mounts/vg_403cca7edce115dc1c641acc2f5f11fb/brick_1c5655c1a63cf770892e055343f8aca4/brick 192.168.48.17:/var/lib/heketi/mounts/vg_6c7ff8b53124baa86b5b789cd93274e1/brick_688606b9df08205d04a808cd097ac67e/brick '] on 192.168.48.14:22: Err[Process exited with: 1. Reason was:  ()]: Stdout []: Stderr [volume create: vol_06b02a492b6d0ac8702bd411bcc77b6d: failed: Locking failed on 192.168.48.17. Please check log file for details.
]
[sshexec] ERROR 2017/04/27 02:08:00 /src/github.com/heketi/heketi/pkg/utils/ssh/ssh.go:173: Failed to run command [/bin/bash -c 'gluster --mode=script volume stop vol_06b02a492b6d0ac8702bd411bcc77b6d force'] on 192.168.48.14:22: Err[Process exited with: 1. Reason was:  ()]: Stdout []: Stderr [volume stop: vol_06b02a492b6d0ac8702bd411bcc77b6d: failed: Locking failed on 192.168.48.17. Please check log file for details.
]
[sshexec] ERROR 2017/04/27 02:08:00 /src/github.com/heketi/heketi/executors/sshexec/volume.go:130: Unable to stop volume vol_06b02a492b6d0ac8702bd411bcc77b6d: volume stop: vol_06b02a492b6d0ac8702bd411bcc77b6d: failed: Locking failed on 192.168.48.17. Please check log file for details.
[negroni] Started GET /queue/cdb3b6eac54948db35e39e6fb0b815ba
[negroni] Completed 200 OK in 95.358µs
[sshexec] ERROR 2017/04/27 02:08:01 /src/github.com/heketi/heketi/pkg/utils/ssh/ssh.go:173: Failed to run command [/bin/bash -c 'gluster --mode=script volume delete vol_06b02a492b6d0ac8702bd411bcc77b6d'] on 192.168.48.14:22: Err[Process exited with: 1. Reason was:  ()]: Stdout []: Stderr [volume delete: vol_06b02a492b6d0ac8702bd411bcc77b6d: failed: Locking failed on 192.168.48.17. Please check log file for details.
]
[sshexec] ERROR 2017/04/27 02:08:01 /src/github.com/heketi/heketi/executors/sshexec/volume.go:139: Unable to delete volume vol_06b02a492b6d0ac8702bd411bcc77b6d: volume delete: vol_06b02a492b6d0ac8702bd411bcc77b6d: failed: Locking failed on 192.168.48.17. Please check log file for details.
[heketi] INFO 2017/04/27 02:08:01 Deleting brick 99bd081ae8d2976bbb039017ce84423b
[heketi] INFO 2017/04/27 02:08:01 Deleting brick 1c5655c1a63cf770892e055343f8aca4
[heketi] INFO 2017/04/27 02:08:01 Deleting brick 688606b9df08205d04a808cd097ac67e
[sshexec] DEBUG 2017/04/27 02:08:01 /src/github.com/heketi/heketi/pkg/utils/ssh/ssh.go:176: Host: 192.168.48.12:22 Command: /bin/bash -c 'umount /var/lib/heketi/mounts/vg_403cca7edce115dc1c641acc2f5f11fb/brick_1c5655c1a63cf770892e055343f8aca4'
Result: 
[sshexec] DEBUG 2017/04/27 02:08:01 /src/github.com/heketi/heketi/pkg/utils/ssh/ssh.go:176: Host: 192.168.48.14:22 Command: /bin/bash -c 'umount /var/lib/heketi/mounts/vg_d72d3bd802d4e511a80ce2f16181289d/brick_99bd081ae8d2976bbb039017ce84423b'
Result: 
[sshexec] DEBUG 2017/04/27 02:08:01 /src/github.com/heketi/heketi/pkg/utils/ssh/ssh.go:176: Host: 192.168.48.17:22 Command: /bin/bash -c 'umount /var/lib/heketi/mounts/vg_6c7ff8b53124baa86b5b789cd93274e1/brick_688606b9df08205d04a808cd097ac67e'
Result: 
[negroni] Started GET /queue/cdb3b6eac54948db35e39e6fb0b815ba
[negroni] Completed 200 OK in 107.272µs
[sshexec] DEBUG 2017/04/27 02:08:01 /src/github.com/heketi/heketi/pkg/utils/ssh/ssh.go:176: Host: 192.168.48.17:22 Command: /bin/bash -c 'lvremove -f vg_6c7ff8b53124baa86b5b789cd93274e1/tp_688606b9df08205d04a808cd097ac67e'
Result:   Logical volume "brick_688606b9df08205d04a808cd097ac67e" successfully removed
  Logical volume "tp_688606b9df08205d04a808cd097ac67e" successfully removed
[sshexec] DEBUG 2017/04/27 02:08:01 /src/github.com/heketi/heketi/pkg/utils/ssh/ssh.go:176: Host: 192.168.48.14:22 Command: /bin/bash -c 'lvremove -f vg_d72d3bd802d4e511a80ce2f16181289d/tp_99bd081ae8d2976bbb039017ce84423b'
Result:   Logical volume "brick_99bd081ae8d2976bbb039017ce84423b" successfully removed
  Logical volume "tp_99bd081ae8d2976bbb039017ce84423b" successfully removed
[sshexec] DEBUG 2017/04/27 02:08:01 /src/github.com/heketi/heketi/pkg/utils/ssh/ssh.go:176: Host: 192.168.48.12:22 Command: /bin/bash -c 'lvremove -f vg_403cca7edce115dc1c641acc2f5f11fb/tp_1c5655c1a63cf770892e055343f8aca4'
Result:   Logical volume "brick_1c5655c1a63cf770892e055343f8aca4" successfully removed
  Logical volume "tp_1c5655c1a63cf770892e055343f8aca4" successfully removed
[sshexec] DEBUG 2017/04/27 02:08:02 /src/github.com/heketi/heketi/pkg/utils/ssh/ssh.go:176: Host: 192.168.48.17:22 Command: /bin/bash -c 'rmdir /var/lib/heketi/mounts/vg_6c7ff8b53124baa86b5b789cd93274e1/brick_688606b9df08205d04a808cd097ac67e'
Result: 
[sshexec] DEBUG 2017/04/27 02:08:02 /src/github.com/heketi/heketi/pkg/utils/ssh/ssh.go:176: Host: 192.168.48.14:22 Command: /bin/bash -c 'rmdir /var/lib/heketi/mounts/vg_d72d3bd802d4e511a80ce2f16181289d/brick_99bd081ae8d2976bbb039017ce84423b'
Result: 
[sshexec] DEBUG 2017/04/27 02:08:02 /src/github.com/heketi/heketi/pkg/utils/ssh/ssh.go:176: Host: 192.168.48.12:22 Command: /bin/bash -c 'rmdir /var/lib/heketi/mounts/vg_403cca7edce115dc1c641acc2f5f11fb/brick_1c5655c1a63cf770892e055343f8aca4'
Result: 
[sshexec] DEBUG 2017/04/27 02:08:02 /src/github.com/heketi/heketi/pkg/utils/ssh/ssh.go:176: Host: 192.168.48.17:22 Command: /bin/bash -c 'sed -i.save "/brick_688606b9df08205d04a808cd097ac67e/d" /etc/fstab'
Result: 
[sshexec] DEBUG 2017/04/27 02:08:02 /src/github.com/heketi/heketi/pkg/utils/ssh/ssh.go:176: Host: 192.168.48.14:22 Command: /bin/bash -c 'sed -i.save "/brick_99bd081ae8d2976bbb039017ce84423b/d" /etc/fstab'
Result: 
[sshexec] DEBUG 2017/04/27 02:08:02 /src/github.com/heketi/heketi/pkg/utils/ssh/ssh.go:176: Host: 192.168.48.12:22 Command: /bin/bash -c 'sed -i.save "/brick_1c5655c1a63cf770892e055343f8aca4/d" /etc/fstab'
Result: 
[asynchttp] INFO 2017/04/27 02:08:02 Completed job cdb3b6eac54948db35e39e6fb0b815ba in 3.662700619s
[heketi] ERROR 2017/04/27 02:08:02 /src/github.com/heketi/heketi/apps/glusterfs/app_volume.go:148: Failed to create volume: volume create: vol_06b02a492b6d0ac8702bd411bcc77b6d: failed: Locking failed on 192.168.48.17. Please check log file for details.
[negroni] Started GET /queue/cdb3b6eac54948db35e39e6fb0b815ba
[negroni] Completed 500 Internal Server Error in 76.332µs
[negroni] Started POST /volumes
[negroni] Completed 202 Accepted in 19.960877ms
[asynchttp] INFO 2017/04/27 02:08:13 Started job ec9b87303c0460d32fd4bc700b7e5bbf
[heketi] INFO 2017/04/27 02:08:13 Creating volume b418ce11abd837bd46ca8881a522bc3e
[heketi] INFO 2017/04/27 02:08:13 brick_num: 0
[negroni] Started GET /queue/ec9b87303c0460d32fd4bc700b7e5bbf
[negroni] Completed 200 OK in 114.568µs
[heketi] INFO 2017/04/27 02:08:13 Creating brick 7df32c1dae7f3bae684318de7a47e66f
[heketi] INFO 2017/04/27 02:08:13 Creating brick 09781d3dd64287b0e11dbe991b0efa7f
[heketi] INFO 2017/04/27 02:08:13 Creating brick 0abdda34b8885ddce71cacfa24c9f632
[sshexec] DEBUG 2017/04/27 02:08:14 /src/github.com/heketi/heketi/pkg/utils/ssh/ssh.go:176: Host: 192.168.48.12:22 Command: /bin/bash -c 'mkdir -p /var/lib/heketi/mounts/vg_403cca7edce115dc1c641acc2f5f11fb/brick_09781d3dd64287b0e11dbe991b0efa7f'
Result: 
[sshexec] DEBUG 2017/04/27 02:08:14 /src/github.com/heketi/heketi/pkg/utils/ssh/ssh.go:176: Host: 192.168.48.17:22 Command: /bin/bash -c 'mkdir -p /var/lib/heketi/mounts/vg_6c7ff8b53124baa86b5b789cd93274e1/brick_7df32c1dae7f3bae684318de7a47e66f'
Result: 
[sshexec] DEBUG 2017/04/27 02:08:14 /src/github.com/heketi/heketi/pkg/utils/ssh/ssh.go:176: Host: 192.168.48.14:22 Command: /bin/bash -c 'mkdir -p /var/lib/heketi/mounts/vg_d72d3bd802d4e511a80ce2f16181289d/brick_0abdda34b8885ddce71cacfa24c9f632'
Result: 
[sshexec] DEBUG 2017/04/27 02:08:14 /src/github.com/heketi/heketi/pkg/utils/ssh/ssh.go:176: Host: 192.168.48.17:22 Command: /bin/bash -c 'lvcreate --poolmetadatasize 8192K -c 256K -L 1048576K -T vg_6c7ff8b53124baa86b5b789cd93274e1/tp_7df32c1dae7f3bae684318de7a47e66f -V 1048576K -n brick_7df32c1dae7f3bae684318de7a47e66f'
Result:   Logical volume "brick_7df32c1dae7f3bae684318de7a47e66f" created.
[sshexec] DEBUG 2017/04/27 02:08:14 /src/github.com/heketi/heketi/pkg/utils/ssh/ssh.go:176: Host: 192.168.48.14:22 Command: /bin/bash -c 'lvcreate --poolmetadatasize 8192K -c 256K -L 1048576K -T vg_d72d3bd802d4e511a80ce2f16181289d/tp_0abdda34b8885ddce71cacfa24c9f632 -V 1048576K -n brick_0abdda34b8885ddce71cacfa24c9f632'
Result:   Logical volume "brick_0abdda34b8885ddce71cacfa24c9f632" created.
[sshexec] DEBUG 2017/04/27 02:08:14 /src/github.com/heketi/heketi/pkg/utils/ssh/ssh.go:176: Host: 192.168.48.12:22 Command: /bin/bash -c 'lvcreate --poolmetadatasize 8192K -c 256K -L 1048576K -T vg_403cca7edce115dc1c641acc2f5f11fb/tp_09781d3dd64287b0e11dbe991b0efa7f -V 1048576K -n brick_09781d3dd64287b0e11dbe991b0efa7f'
Result:   Logical volume "brick_09781d3dd64287b0e11dbe991b0efa7f" created.
[negroni] Started GET /queue/ec9b87303c0460d32fd4bc700b7e5bbf
[negroni] Completed 200 OK in 68.458µs
[sshexec] DEBUG 2017/04/27 02:08:14 /src/github.com/heketi/heketi/pkg/utils/ssh/ssh.go:176: Host: 192.168.48.14:22 Command: /bin/bash -c 'mkfs.xfs -i size=512 -n size=8192 /dev/mapper/vg_d72d3bd802d4e511a80ce2f16181289d-brick_0abdda34b8885ddce71cacfa24c9f632'
Result: meta-data=/dev/mapper/vg_d72d3bd802d4e511a80ce2f16181289d-brick_0abdda34b8885ddce71cacfa24c9f632 isize=512    agcount=8, agsize=32704 blks
         =                       sectsz=512   attr=2, projid32bit=1
         =                       crc=1        finobt=1, sparse=0
data     =                       bsize=4096   blocks=261632, imaxpct=25
         =                       sunit=64     swidth=64 blks
naming   =version 2              bsize=8192   ascii-ci=0 ftype=1
log      =internal log           bsize=4096   blocks=1728, version=2
         =                       sectsz=512   sunit=64 blks, lazy-count=1
realtime =none                   extsz=4096   blocks=0, rtextents=0
[sshexec] DEBUG 2017/04/27 02:08:14 /src/github.com/heketi/heketi/pkg/utils/ssh/ssh.go:176: Host: 192.168.48.17:22 Command: /bin/bash -c 'mkfs.xfs -i size=512 -n size=8192 /dev/mapper/vg_6c7ff8b53124baa86b5b789cd93274e1-brick_7df32c1dae7f3bae684318de7a47e66f'
Result: meta-data=/dev/mapper/vg_6c7ff8b53124baa86b5b789cd93274e1-brick_7df32c1dae7f3bae684318de7a47e66f isize=512    agcount=8, agsize=32704 blks
         =                       sectsz=512   attr=2, projid32bit=1
         =                       crc=1        finobt=1, sparse=0
data     =                       bsize=4096   blocks=261632, imaxpct=25
         =                       sunit=64     swidth=64 blks
naming   =version 2              bsize=8192   ascii-ci=0 ftype=1
log      =internal log           bsize=4096   blocks=1728, version=2
         =                       sectsz=512   sunit=64 blks, lazy-count=1
realtime =none                   extsz=4096   blocks=0, rtextents=0
[sshexec] DEBUG 2017/04/27 02:08:14 /src/github.com/heketi/heketi/pkg/utils/ssh/ssh.go:176: Host: 192.168.48.14:22 Command: /bin/bash -c 'echo "/dev/mapper/vg_d72d3bd802d4e511a80ce2f16181289d-brick_0abdda34b8885ddce71cacfa24c9f632 /var/lib/heketi/mounts/vg_d72d3bd802d4e511a80ce2f16181289d/brick_0abdda34b8885ddce71cacfa24c9f632 xfs rw,inode64,noatime,nouuid 1 2" | tee -a /etc/fstab > /dev/null '
Result: 
[sshexec] DEBUG 2017/04/27 02:08:14 /src/github.com/heketi/heketi/pkg/utils/ssh/ssh.go:176: Host: 192.168.48.17:22 Command: /bin/bash -c 'echo "/dev/mapper/vg_6c7ff8b53124baa86b5b789cd93274e1-brick_7df32c1dae7f3bae684318de7a47e66f /var/lib/heketi/mounts/vg_6c7ff8b53124baa86b5b789cd93274e1/brick_7df32c1dae7f3bae684318de7a47e66f xfs rw,inode64,noatime,nouuid 1 2" | tee -a /etc/fstab > /dev/null '
Result: 
[sshexec] DEBUG 2017/04/27 02:08:14 /src/github.com/heketi/heketi/pkg/utils/ssh/ssh.go:176: Host: 192.168.48.12:22 Command: /bin/bash -c 'mkfs.xfs -i size=512 -n size=8192 /dev/mapper/vg_403cca7edce115dc1c641acc2f5f11fb-brick_09781d3dd64287b0e11dbe991b0efa7f'
Result: meta-data=/dev/mapper/vg_403cca7edce115dc1c641acc2f5f11fb-brick_09781d3dd64287b0e11dbe991b0efa7f isize=512    agcount=8, agsize=32704 blks
         =                       sectsz=4096  attr=2, projid32bit=1
         =                       crc=1        finobt=1, sparse=0
data     =                       bsize=4096   blocks=261632, imaxpct=25
         =                       sunit=64     swidth=64 blks
naming   =version 2              bsize=8192   ascii-ci=0 ftype=1
log      =internal log           bsize=4096   blocks=576, version=2
         =                       sectsz=4096  sunit=1 blks, lazy-count=1
realtime =none                   extsz=4096   blocks=0, rtextents=0
[sshexec] DEBUG 2017/04/27 02:08:14 /src/github.com/heketi/heketi/pkg/utils/ssh/ssh.go:176: Host: 192.168.48.12:22 Command: /bin/bash -c 'echo "/dev/mapper/vg_403cca7edce115dc1c641acc2f5f11fb-brick_09781d3dd64287b0e11dbe991b0efa7f /var/lib/heketi/mounts/vg_403cca7edce115dc1c641acc2f5f11fb/brick_09781d3dd64287b0e11dbe991b0efa7f xfs rw,inode64,noatime,nouuid 1 2" | tee -a /etc/fstab > /dev/null '
Result: 
[sshexec] DEBUG 2017/04/27 02:08:14 /src/github.com/heketi/heketi/pkg/utils/ssh/ssh.go:176: Host: 192.168.48.12:22 Command: /bin/bash -c 'mount -o rw,inode64,noatime,nouuid /dev/mapper/vg_403cca7edce115dc1c641acc2f5f11fb-brick_09781d3dd64287b0e11dbe991b0efa7f /var/lib/heketi/mounts/vg_403cca7edce115dc1c641acc2f5f11fb/brick_09781d3dd64287b0e11dbe991b0efa7f'
Result: 
[sshexec] DEBUG 2017/04/27 02:08:14 /src/github.com/heketi/heketi/pkg/utils/ssh/ssh.go:176: Host: 192.168.48.12:22 Command: /bin/bash -c 'mkdir /var/lib/heketi/mounts/vg_403cca7edce115dc1c641acc2f5f11fb/brick_09781d3dd64287b0e11dbe991b0efa7f/brick'
Result: 
[sshexec] DEBUG 2017/04/27 02:08:14 /src/github.com/heketi/heketi/pkg/utils/ssh/ssh.go:176: Host: 192.168.48.12:22 Command: /bin/bash -c 'chown :2000 /var/lib/heketi/mounts/vg_403cca7edce115dc1c641acc2f5f11fb/brick_09781d3dd64287b0e11dbe991b0efa7f/brick'
Result: 
[sshexec] DEBUG 2017/04/27 02:08:14 /src/github.com/heketi/heketi/pkg/utils/ssh/ssh.go:176: Host: 192.168.48.12:22 Command: /bin/bash -c 'chmod 2775 /var/lib/heketi/mounts/vg_403cca7edce115dc1c641acc2f5f11fb/brick_09781d3dd64287b0e11dbe991b0efa7f/brick'
Result: 
[sshexec] DEBUG 2017/04/27 02:08:15 /src/github.com/heketi/heketi/pkg/utils/ssh/ssh.go:176: Host: 192.168.48.14:22 Command: /bin/bash -c 'mount -o rw,inode64,noatime,nouuid /dev/mapper/vg_d72d3bd802d4e511a80ce2f16181289d-brick_0abdda34b8885ddce71cacfa24c9f632 /var/lib/heketi/mounts/vg_d72d3bd802d4e511a80ce2f16181289d/brick_0abdda34b8885ddce71cacfa24c9f632'
Result: 
[sshexec] DEBUG 2017/04/27 02:08:15 /src/github.com/heketi/heketi/pkg/utils/ssh/ssh.go:176: Host: 192.168.48.14:22 Command: /bin/bash -c 'mkdir /var/lib/heketi/mounts/vg_d72d3bd802d4e511a80ce2f16181289d/brick_0abdda34b8885ddce71cacfa24c9f632/brick'
Result: 
[sshexec] DEBUG 2017/04/27 02:08:15 /src/github.com/heketi/heketi/pkg/utils/ssh/ssh.go:176: Host: 192.168.48.14:22 Command: /bin/bash -c 'chown :2000 /var/lib/heketi/mounts/vg_d72d3bd802d4e511a80ce2f16181289d/brick_0abdda34b8885ddce71cacfa24c9f632/brick'
Result: 
[sshexec] DEBUG 2017/04/27 02:08:15 /src/github.com/heketi/heketi/pkg/utils/ssh/ssh.go:176: Host: 192.168.48.14:22 Command: /bin/bash -c 'chmod 2775 /var/lib/heketi/mounts/vg_d72d3bd802d4e511a80ce2f16181289d/brick_0abdda34b8885ddce71cacfa24c9f632/brick'
Result: 
[sshexec] DEBUG 2017/04/27 02:08:15 /src/github.com/heketi/heketi/pkg/utils/ssh/ssh.go:176: Host: 192.168.48.17:22 Command: /bin/bash -c 'mount -o rw,inode64,noatime,nouuid /dev/mapper/vg_6c7ff8b53124baa86b5b789cd93274e1-brick_7df32c1dae7f3bae684318de7a47e66f /var/lib/heketi/mounts/vg_6c7ff8b53124baa86b5b789cd93274e1/brick_7df32c1dae7f3bae684318de7a47e66f'
Result: 
[sshexec] DEBUG 2017/04/27 02:08:15 /src/github.com/heketi/heketi/pkg/utils/ssh/ssh.go:176: Host: 192.168.48.17:22 Command: /bin/bash -c 'mkdir /var/lib/heketi/mounts/vg_6c7ff8b53124baa86b5b789cd93274e1/brick_7df32c1dae7f3bae684318de7a47e66f/brick'
Result: 
[sshexec] DEBUG 2017/04/27 02:08:15 /src/github.com/heketi/heketi/pkg/utils/ssh/ssh.go:176: Host: 192.168.48.17:22 Command: /bin/bash -c 'chown :2000 /var/lib/heketi/mounts/vg_6c7ff8b53124baa86b5b789cd93274e1/brick_7df32c1dae7f3bae684318de7a47e66f/brick'
Result: 
[sshexec] DEBUG 2017/04/27 02:08:15 /src/github.com/heketi/heketi/pkg/utils/ssh/ssh.go:176: Host: 192.168.48.17:22 Command: /bin/bash -c 'chmod 2775 /var/lib/heketi/mounts/vg_6c7ff8b53124baa86b5b789cd93274e1/brick_7df32c1dae7f3bae684318de7a47e66f/brick'
Result: 
[sshexec] INFO 2017/04/27 02:08:15 Creating volume vol_b418ce11abd837bd46ca8881a522bc3e replica 3
[sshexec] ERROR 2017/04/27 02:08:15 /src/github.com/heketi/heketi/pkg/utils/ssh/ssh.go:173: Failed to run command [/bin/bash -c 'gluster --mode=script volume create vol_b418ce11abd837bd46ca8881a522bc3e replica 3 192.168.48.17:/var/lib/heketi/mounts/vg_6c7ff8b53124baa86b5b789cd93274e1/brick_7df32c1dae7f3bae684318de7a47e66f/brick 192.168.48.14:/var/lib/heketi/mounts/vg_d72d3bd802d4e511a80ce2f16181289d/brick_0abdda34b8885ddce71cacfa24c9f632/brick 192.168.48.12:/var/lib/heketi/mounts/vg_403cca7edce115dc1c641acc2f5f11fb/brick_09781d3dd64287b0e11dbe991b0efa7f/brick '] on 192.168.48.17:22: Err[Process exited with: 1. Reason was:  ()]: Stdout []: Stderr [volume create: vol_b418ce11abd837bd46ca8881a522bc3e: failed: Host 192.168.48.14 is not in ' Peer in Cluster' state
]
[negroni] Started GET /queue/ec9b87303c0460d32fd4bc700b7e5bbf
[negroni] Completed 200 OK in 61.912µs
[sshexec] ERROR 2017/04/27 02:08:15 /src/github.com/heketi/heketi/pkg/utils/ssh/ssh.go:173: Failed to run command [/bin/bash -c 'gluster --mode=script volume stop vol_b418ce11abd837bd46ca8881a522bc3e force'] on 192.168.48.17:22: Err[Process exited with: 1. Reason was:  ()]: Stdout []: Stderr [volume stop: vol_b418ce11abd837bd46ca8881a522bc3e: failed: Volume vol_b418ce11abd837bd46ca8881a522bc3e does not exist
]
[sshexec] ERROR 2017/04/27 02:08:15 /src/github.com/heketi/heketi/executors/sshexec/volume.go:130: Unable to stop volume vol_b418ce11abd837bd46ca8881a522bc3e: volume stop: vol_b418ce11abd837bd46ca8881a522bc3e: failed: Volume vol_b418ce11abd837bd46ca8881a522bc3e does not exist
[sshexec] ERROR 2017/04/27 02:08:16 /src/github.com/heketi/heketi/pkg/utils/ssh/ssh.go:173: Failed to run command [/bin/bash -c 'gluster --mode=script volume delete vol_b418ce11abd837bd46ca8881a522bc3e'] on 192.168.48.17:22: Err[Process exited with: 1. Reason was:  ()]: Stdout []: Stderr [volume delete: vol_b418ce11abd837bd46ca8881a522bc3e: failed: Volume vol_b418ce11abd837bd46ca8881a522bc3e does not exist
]
[sshexec] ERROR 2017/04/27 02:08:16 /src/github.com/heketi/heketi/executors/sshexec/volume.go:139: Unable to delete volume vol_b418ce11abd837bd46ca8881a522bc3e: volume delete: vol_b418ce11abd837bd46ca8881a522bc3e: failed: Volume vol_b418ce11abd837bd46ca8881a522bc3e does not exist
[heketi] INFO 2017/04/27 02:08:16 Deleting brick 7df32c1dae7f3bae684318de7a47e66f
[heketi] INFO 2017/04/27 02:08:16 Deleting brick 09781d3dd64287b0e11dbe991b0efa7f
[heketi] INFO 2017/04/27 02:08:16 Deleting brick 0abdda34b8885ddce71cacfa24c9f632
[sshexec] DEBUG 2017/04/27 02:08:16 /src/github.com/heketi/heketi/pkg/utils/ssh/ssh.go:176: Host: 192.168.48.12:22 Command: /bin/bash -c 'umount /var/lib/heketi/mounts/vg_403cca7edce115dc1c641acc2f5f11fb/brick_09781d3dd64287b0e11dbe991b0efa7f'
Result: 
[sshexec] DEBUG 2017/04/27 02:08:16 /src/github.com/heketi/heketi/pkg/utils/ssh/ssh.go:176: Host: 192.168.48.17:22 Command: /bin/bash -c 'umount /var/lib/heketi/mounts/vg_6c7ff8b53124baa86b5b789cd93274e1/brick_7df32c1dae7f3bae684318de7a47e66f'
Result: 
[sshexec] DEBUG 2017/04/27 02:08:16 /src/github.com/heketi/heketi/pkg/utils/ssh/ssh.go:176: Host: 192.168.48.14:22 Command: /bin/bash -c 'umount /var/lib/heketi/mounts/vg_d72d3bd802d4e511a80ce2f16181289d/brick_0abdda34b8885ddce71cacfa24c9f632'
Result: 
[negroni] Started GET /queue/ec9b87303c0460d32fd4bc700b7e5bbf
[negroni] Completed 200 OK in 93.829µs
[sshexec] DEBUG 2017/04/27 02:08:17 /src/github.com/heketi/heketi/pkg/utils/ssh/ssh.go:176: Host: 192.168.48.17:22 Command: /bin/bash -c 'lvremove -f vg_6c7ff8b53124baa86b5b789cd93274e1/tp_7df32c1dae7f3bae684318de7a47e66f'
Result:   Logical volume "brick_7df32c1dae7f3bae684318de7a47e66f" successfully removed
  Logical volume "tp_7df32c1dae7f3bae684318de7a47e66f" successfully removed
[sshexec] DEBUG 2017/04/27 02:08:17 /src/github.com/heketi/heketi/pkg/utils/ssh/ssh.go:176: Host: 192.168.48.12:22 Command: /bin/bash -c 'lvremove -f vg_403cca7edce115dc1c641acc2f5f11fb/tp_09781d3dd64287b0e11dbe991b0efa7f'
Result:   Logical volume "brick_09781d3dd64287b0e11dbe991b0efa7f" successfully removed
  Logical volume "tp_09781d3dd64287b0e11dbe991b0efa7f" successfully removed
[sshexec] DEBUG 2017/04/27 02:08:17 /src/github.com/heketi/heketi/pkg/utils/ssh/ssh.go:176: Host: 192.168.48.14:22 Command: /bin/bash -c 'lvremove -f vg_d72d3bd802d4e511a80ce2f16181289d/tp_0abdda34b8885ddce71cacfa24c9f632'
Result:   Logical volume "brick_0abdda34b8885ddce71cacfa24c9f632" successfully removed
  Logical volume "tp_0abdda34b8885ddce71cacfa24c9f632" successfully removed
[sshexec] DEBUG 2017/04/27 02:08:17 /src/github.com/heketi/heketi/pkg/utils/ssh/ssh.go:176: Host: 192.168.48.12:22 Command: /bin/bash -c 'rmdir /var/lib/heketi/mounts/vg_403cca7edce115dc1c641acc2f5f11fb/brick_09781d3dd64287b0e11dbe991b0efa7f'
Result: 
[sshexec] DEBUG 2017/04/27 02:08:17 /src/github.com/heketi/heketi/pkg/utils/ssh/ssh.go:176: Host: 192.168.48.17:22 Command: /bin/bash -c 'rmdir /var/lib/heketi/mounts/vg_6c7ff8b53124baa86b5b789cd93274e1/brick_7df32c1dae7f3bae684318de7a47e66f'
Result: 
[sshexec] DEBUG 2017/04/27 02:08:17 /src/github.com/heketi/heketi/pkg/utils/ssh/ssh.go:176: Host: 192.168.48.14:22 Command: /bin/bash -c 'rmdir /var/lib/heketi/mounts/vg_d72d3bd802d4e511a80ce2f16181289d/brick_0abdda34b8885ddce71cacfa24c9f632'
Result: 
[sshexec] DEBUG 2017/04/27 02:08:17 /src/github.com/heketi/heketi/pkg/utils/ssh/ssh.go:176: Host: 192.168.48.17:22 Command: /bin/bash -c 'sed -i.save "/brick_7df32c1dae7f3bae684318de7a47e66f/d" /etc/fstab'
Result: 
[sshexec] DEBUG 2017/04/27 02:08:17 /src/github.com/heketi/heketi/pkg/utils/ssh/ssh.go:176: Host: 192.168.48.12:22 Command: /bin/bash -c 'sed -i.save "/brick_09781d3dd64287b0e11dbe991b0efa7f/d" /etc/fstab'
Result: 
[sshexec] DEBUG 2017/04/27 02:08:17 /src/github.com/heketi/heketi/pkg/utils/ssh/ssh.go:176: Host: 192.168.48.14:22 Command: /bin/bash -c 'sed -i.save "/brick_0abdda34b8885ddce71cacfa24c9f632/d" /etc/fstab'
Result: 
[asynchttp] INFO 2017/04/27 02:08:17 Completed job ec9b87303c0460d32fd4bc700b7e5bbf in 3.819040996s
[heketi] ERROR 2017/04/27 02:08:17 /src/github.com/heketi/heketi/apps/glusterfs/app_volume.go:148: Failed to create volume: volume create: vol_b418ce11abd837bd46ca8881a522bc3e: failed: Host 192.168.48.14 is not in ' Peer in Cluster' state
[negroni] Started GET /queue/ec9b87303c0460d32fd4bc700b7e5bbf
[negroni] Completed 500 Internal Server Error in 83.07µs
[negroni] Started POST /volumes
[negroni] Completed 202 Accepted in 23.114481ms
[asynchttp] INFO 2017/04/27 02:08:28 Started job f4d6879467845f146233f8e17d4c058b
[heketi] INFO 2017/04/27 02:08:28 Creating volume bc1d7e32a0b53d8993bd9d7e0ec20e7e
[heketi] INFO 2017/04/27 02:08:28 brick_num: 0
[negroni] Started GET /queue/f4d6879467845f146233f8e17d4c058b
[negroni] Completed 200 OK in 75.574µs
[heketi] INFO 2017/04/27 02:08:28 Creating brick 1214a8111faca492c70aada0974e6afc
[heketi] INFO 2017/04/27 02:08:28 Creating brick cdea660778b58df4b5bf07777a7f5892
[heketi] INFO 2017/04/27 02:08:28 Creating brick 575748240a87bf8d24c646f1ce0420b2
[sshexec] DEBUG 2017/04/27 02:08:29 /src/github.com/heketi/heketi/pkg/utils/ssh/ssh.go:176: Host: 192.168.48.12:22 Command: /bin/bash -c 'mkdir -p /var/lib/heketi/mounts/vg_403cca7edce115dc1c641acc2f5f11fb/brick_cdea660778b58df4b5bf07777a7f5892'
Result: 
[sshexec] DEBUG 2017/04/27 02:08:29 /src/github.com/heketi/heketi/pkg/utils/ssh/ssh.go:176: Host: 192.168.48.17:22 Command: /bin/bash -c 'mkdir -p /var/lib/heketi/mounts/vg_6c7ff8b53124baa86b5b789cd93274e1/brick_575748240a87bf8d24c646f1ce0420b2'
Result: 
[sshexec] DEBUG 2017/04/27 02:08:29 /src/github.com/heketi/heketi/pkg/utils/ssh/ssh.go:176: Host: 192.168.48.14:22 Command: /bin/bash -c 'mkdir -p /var/lib/heketi/mounts/vg_d72d3bd802d4e511a80ce2f16181289d/brick_1214a8111faca492c70aada0974e6afc'
Result: 
[sshexec] DEBUG 2017/04/27 02:08:29 /src/github.com/heketi/heketi/pkg/utils/ssh/ssh.go:176: Host: 192.168.48.12:22 Command: /bin/bash -c 'lvcreate --poolmetadatasize 8192K -c 256K -L 1048576K -T vg_403cca7edce115dc1c641acc2f5f11fb/tp_cdea660778b58df4b5bf07777a7f5892 -V 1048576K -n brick_cdea660778b58df4b5bf07777a7f5892'
Result:   Logical volume "brick_cdea660778b58df4b5bf07777a7f5892" created.
[sshexec] DEBUG 2017/04/27 02:08:29 /src/github.com/heketi/heketi/pkg/utils/ssh/ssh.go:176: Host: 192.168.48.14:22 Command: /bin/bash -c 'lvcreate --poolmetadatasize 8192K -c 256K -L 1048576K -T vg_d72d3bd802d4e511a80ce2f16181289d/tp_1214a8111faca492c70aada0974e6afc -V 1048576K -n brick_1214a8111faca492c70aada0974e6afc'
Result:   Logical volume "brick_1214a8111faca492c70aada0974e6afc" created.
[sshexec] DEBUG 2017/04/27 02:08:29 /src/github.com/heketi/heketi/pkg/utils/ssh/ssh.go:176: Host: 192.168.48.17:22 Command: /bin/bash -c 'lvcreate --poolmetadatasize 8192K -c 256K -L 1048576K -T vg_6c7ff8b53124baa86b5b789cd93274e1/tp_575748240a87bf8d24c646f1ce0420b2 -V 1048576K -n brick_575748240a87bf8d24c646f1ce0420b2'
Result:   Logical volume "brick_575748240a87bf8d24c646f1ce0420b2" created.
[sshexec] DEBUG 2017/04/27 02:08:29 /src/github.com/heketi/heketi/pkg/utils/ssh/ssh.go:176: Host: 192.168.48.12:22 Command: /bin/bash -c 'mkfs.xfs -i size=512 -n size=8192 /dev/mapper/vg_403cca7edce115dc1c641acc2f5f11fb-brick_cdea660778b58df4b5bf07777a7f5892'
Result: meta-data=/dev/mapper/vg_403cca7edce115dc1c641acc2f5f11fb-brick_cdea660778b58df4b5bf07777a7f5892 isize=512    agcount=8, agsize=32704 blks
         =                       sectsz=4096  attr=2, projid32bit=1
         =                       crc=1        finobt=1, sparse=0
data     =                       bsize=4096   blocks=261632, imaxpct=25
         =                       sunit=64     swidth=64 blks
naming   =version 2              bsize=8192   ascii-ci=0 ftype=1
log      =internal log           bsize=4096   blocks=576, version=2
         =                       sectsz=4096  sunit=1 blks, lazy-count=1
realtime =none                   extsz=4096   blocks=0, rtextents=0
[sshexec] DEBUG 2017/04/27 02:08:29 /src/github.com/heketi/heketi/pkg/utils/ssh/ssh.go:176: Host: 192.168.48.12:22 Command: /bin/bash -c 'echo "/dev/mapper/vg_403cca7edce115dc1c641acc2f5f11fb-brick_cdea660778b58df4b5bf07777a7f5892 /var/lib/heketi/mounts/vg_403cca7edce115dc1c641acc2f5f11fb/brick_cdea660778b58df4b5bf07777a7f5892 xfs rw,inode64,noatime,nouuid 1 2" | tee -a /etc/fstab > /dev/null '
Result: 
[sshexec] DEBUG 2017/04/27 02:08:29 /src/github.com/heketi/heketi/pkg/utils/ssh/ssh.go:176: Host: 192.168.48.12:22 Command: /bin/bash -c 'mount -o rw,inode64,noatime,nouuid /dev/mapper/vg_403cca7edce115dc1c641acc2f5f11fb-brick_cdea660778b58df4b5bf07777a7f5892 /var/lib/heketi/mounts/vg_403cca7edce115dc1c641acc2f5f11fb/brick_cdea660778b58df4b5bf07777a7f5892'
Result: 
[sshexec] DEBUG 2017/04/27 02:08:29 /src/github.com/heketi/heketi/pkg/utils/ssh/ssh.go:176: Host: 192.168.48.12:22 Command: /bin/bash -c 'mkdir /var/lib/heketi/mounts/vg_403cca7edce115dc1c641acc2f5f11fb/brick_cdea660778b58df4b5bf07777a7f5892/brick'
Result: 
[negroni] Started GET /queue/f4d6879467845f146233f8e17d4c058b
[negroni] Completed 200 OK in 55.773µs
[sshexec] DEBUG 2017/04/27 02:08:29 /src/github.com/heketi/heketi/pkg/utils/ssh/ssh.go:176: Host: 192.168.48.12:22 Command: /bin/bash -c 'chown :2000 /var/lib/heketi/mounts/vg_403cca7edce115dc1c641acc2f5f11fb/brick_cdea660778b58df4b5bf07777a7f5892/brick'
Result: 
[sshexec] DEBUG 2017/04/27 02:08:29 /src/github.com/heketi/heketi/pkg/utils/ssh/ssh.go:176: Host: 192.168.48.14:22 Command: /bin/bash -c 'mkfs.xfs -i size=512 -n size=8192 /dev/mapper/vg_d72d3bd802d4e511a80ce2f16181289d-brick_1214a8111faca492c70aada0974e6afc'
Result: meta-data=/dev/mapper/vg_d72d3bd802d4e511a80ce2f16181289d-brick_1214a8111faca492c70aada0974e6afc isize=512    agcount=8, agsize=32704 blks
         =                       sectsz=512   attr=2, projid32bit=1
         =                       crc=1        finobt=1, sparse=0
data     =                       bsize=4096   blocks=261632, imaxpct=25
         =                       sunit=64     swidth=64 blks
naming   =version 2              bsize=8192   ascii-ci=0 ftype=1
log      =internal log           bsize=4096   blocks=1728, version=2
         =                       sectsz=512   sunit=64 blks, lazy-count=1
realtime =none                   extsz=4096   blocks=0, rtextents=0
[sshexec] DEBUG 2017/04/27 02:08:29 /src/github.com/heketi/heketi/pkg/utils/ssh/ssh.go:176: Host: 192.168.48.14:22 Command: /bin/bash -c 'echo "/dev/mapper/vg_d72d3bd802d4e511a80ce2f16181289d-brick_1214a8111faca492c70aada0974e6afc /var/lib/heketi/mounts/vg_d72d3bd802d4e511a80ce2f16181289d/brick_1214a8111faca492c70aada0974e6afc xfs rw,inode64,noatime,nouuid 1 2" | tee -a /etc/fstab > /dev/null '
Result: 
[sshexec] DEBUG 2017/04/27 02:08:29 /src/github.com/heketi/heketi/pkg/utils/ssh/ssh.go:176: Host: 192.168.48.12:22 Command: /bin/bash -c 'chmod 2775 /var/lib/heketi/mounts/vg_403cca7edce115dc1c641acc2f5f11fb/brick_cdea660778b58df4b5bf07777a7f5892/brick'
Result: 
[sshexec] DEBUG 2017/04/27 02:08:29 /src/github.com/heketi/heketi/pkg/utils/ssh/ssh.go:176: Host: 192.168.48.17:22 Command: /bin/bash -c 'mkfs.xfs -i size=512 -n size=8192 /dev/mapper/vg_6c7ff8b53124baa86b5b789cd93274e1-brick_575748240a87bf8d24c646f1ce0420b2'
Result: meta-data=/dev/mapper/vg_6c7ff8b53124baa86b5b789cd93274e1-brick_575748240a87bf8d24c646f1ce0420b2 isize=512    agcount=8, agsize=32704 blks
         =                       sectsz=512   attr=2, projid32bit=1
         =                       crc=1        finobt=1, sparse=0
data     =                       bsize=4096   blocks=261632, imaxpct=25
         =                       sunit=64     swidth=64 blks
naming   =version 2              bsize=8192   ascii-ci=0 ftype=1
log      =internal log           bsize=4096   blocks=1728, version=2
         =                       sectsz=512   sunit=64 blks, lazy-count=1
realtime =none                   extsz=4096   blocks=0, rtextents=0
[sshexec] DEBUG 2017/04/27 02:08:29 /src/github.com/heketi/heketi/pkg/utils/ssh/ssh.go:176: Host: 192.168.48.17:22 Command: /bin/bash -c 'echo "/dev/mapper/vg_6c7ff8b53124baa86b5b789cd93274e1-brick_575748240a87bf8d24c646f1ce0420b2 /var/lib/heketi/mounts/vg_6c7ff8b53124baa86b5b789cd93274e1/brick_575748240a87bf8d24c646f1ce0420b2 xfs rw,inode64,noatime,nouuid 1 2" | tee -a /etc/fstab > /dev/null '
Result: 
[sshexec] DEBUG 2017/04/27 02:08:30 /src/github.com/heketi/heketi/pkg/utils/ssh/ssh.go:176: Host: 192.168.48.14:22 Command: /bin/bash -c 'mount -o rw,inode64,noatime,nouuid /dev/mapper/vg_d72d3bd802d4e511a80ce2f16181289d-brick_1214a8111faca492c70aada0974e6afc /var/lib/heketi/mounts/vg_d72d3bd802d4e511a80ce2f16181289d/brick_1214a8111faca492c70aada0974e6afc'
Result: 
[sshexec] DEBUG 2017/04/27 02:08:30 /src/github.com/heketi/heketi/pkg/utils/ssh/ssh.go:176: Host: 192.168.48.14:22 Command: /bin/bash -c 'mkdir /var/lib/heketi/mounts/vg_d72d3bd802d4e511a80ce2f16181289d/brick_1214a8111faca492c70aada0974e6afc/brick'
Result: 
[sshexec] DEBUG 2017/04/27 02:08:30 /src/github.com/heketi/heketi/pkg/utils/ssh/ssh.go:176: Host: 192.168.48.14:22 Command: /bin/bash -c 'chown :2000 /var/lib/heketi/mounts/vg_d72d3bd802d4e511a80ce2f16181289d/brick_1214a8111faca492c70aada0974e6afc/brick'
Result: 
[sshexec] DEBUG 2017/04/27 02:08:30 /src/github.com/heketi/heketi/pkg/utils/ssh/ssh.go:176: Host: 192.168.48.14:22 Command: /bin/bash -c 'chmod 2775 /var/lib/heketi/mounts/vg_d72d3bd802d4e511a80ce2f16181289d/brick_1214a8111faca492c70aada0974e6afc/brick'
Result: 
[sshexec] DEBUG 2017/04/27 02:08:30 /src/github.com/heketi/heketi/pkg/utils/ssh/ssh.go:176: Host: 192.168.48.17:22 Command: /bin/bash -c 'mount -o rw,inode64,noatime,nouuid /dev/mapper/vg_6c7ff8b53124baa86b5b789cd93274e1-brick_575748240a87bf8d24c646f1ce0420b2 /var/lib/heketi/mounts/vg_6c7ff8b53124baa86b5b789cd93274e1/brick_575748240a87bf8d24c646f1ce0420b2'
Result: 
[sshexec] DEBUG 2017/04/27 02:08:30 /src/github.com/heketi/heketi/pkg/utils/ssh/ssh.go:176: Host: 192.168.48.17:22 Command: /bin/bash -c 'mkdir /var/lib/heketi/mounts/vg_6c7ff8b53124baa86b5b789cd93274e1/brick_575748240a87bf8d24c646f1ce0420b2/brick'
Result: 
[sshexec] DEBUG 2017/04/27 02:08:30 /src/github.com/heketi/heketi/pkg/utils/ssh/ssh.go:176: Host: 192.168.48.17:22 Command: /bin/bash -c 'chown :2000 /var/lib/heketi/mounts/vg_6c7ff8b53124baa86b5b789cd93274e1/brick_575748240a87bf8d24c646f1ce0420b2/brick'
Result: 
[sshexec] DEBUG 2017/04/27 02:08:30 /src/github.com/heketi/heketi/pkg/utils/ssh/ssh.go:176: Host: 192.168.48.17:22 Command: /bin/bash -c 'chmod 2775 /var/lib/heketi/mounts/vg_6c7ff8b53124baa86b5b789cd93274e1/brick_575748240a87bf8d24c646f1ce0420b2/brick'
Result: 
[sshexec] INFO 2017/04/27 02:08:30 Creating volume vol_bc1d7e32a0b53d8993bd9d7e0ec20e7e replica 3
[sshexec] ERROR 2017/04/27 02:08:30 /src/github.com/heketi/heketi/pkg/utils/ssh/ssh.go:173: Failed to run command [/bin/bash -c 'gluster --mode=script volume create vol_bc1d7e32a0b53d8993bd9d7e0ec20e7e replica 3 192.168.48.17:/var/lib/heketi/mounts/vg_6c7ff8b53124baa86b5b789cd93274e1/brick_575748240a87bf8d24c646f1ce0420b2/brick 192.168.48.14:/var/lib/heketi/mounts/vg_d72d3bd802d4e511a80ce2f16181289d/brick_1214a8111faca492c70aada0974e6afc/brick 192.168.48.12:/var/lib/heketi/mounts/vg_403cca7edce115dc1c641acc2f5f11fb/brick_cdea660778b58df4b5bf07777a7f5892/brick '] on 192.168.48.17:22: Err[Process exited with: 1. Reason was:  ()]: Stdout []: Stderr [volume create: vol_bc1d7e32a0b53d8993bd9d7e0ec20e7e: failed: Host 192.168.48.14 is not in 'Peer in Cluster' state
]
[negroni] Started GET /queue/f4d6879467845f146233f8e17d4c058b
[negroni] Completed 200 OK in 58.858µs
[sshexec] ERROR 2017/04/27 02:08:30 /src/github.com/heketi/heketi/pkg/utils/ssh/ssh.go:173: Failed to run command [/bin/bash -c 'gluster --mode=script volume stop vol_bc1d7e32a0b53d8993bd9d7e0ec20e7e force'] on 192.168.48.17:22: Err[Process exited with: 1. Reason was:  ()]: Stdout []: Stderr [volume stop: vol_bc1d7e32a0b53d8993bd9d7e0ec20e7e: failed: Volume vol_bc1d7e32a0b53d8993bd9d7e0ec20e7e does not exist
]
[sshexec] ERROR 2017/04/27 02:08:30 /src/github.com/heketi/heketi/executors/sshexec/volume.go:130: Unable to stop volume vol_bc1d7e32a0b53d8993bd9d7e0ec20e7e: volume stop: vol_bc1d7e32a0b53d8993bd9d7e0ec20e7e: failed: Volume vol_bc1d7e32a0b53d8993bd9d7e0ec20e7e does not exist
[heketi] INFO 2017/04/27 02:08:31 Deleting brick 575748240a87bf8d24c646f1ce0420b2
[heketi] INFO 2017/04/27 02:08:31 Deleting brick 1214a8111faca492c70aada0974e6afc
[sshexec] ERROR 2017/04/27 02:08:31 /src/github.com/heketi/heketi/pkg/utils/ssh/ssh.go:173: Failed to run command [/bin/bash -c 'gluster --mode=script volume delete vol_bc1d7e32a0b53d8993bd9d7e0ec20e7e'] on 192.168.48.17:22: Err[Process exited with: 1. Reason was:  ()]: Stdout []: Stderr [volume delete: vol_bc1d7e32a0b53d8993bd9d7e0ec20e7e: failed: Volume vol_bc1d7e32a0b53d8993bd9d7e0ec20e7e does not exist
]
[sshexec] ERROR 2017/04/27 02:08:31 /src/github.com/heketi/heketi/executors/sshexec/volume.go:139: Unable to delete volume vol_bc1d7e32a0b53d8993bd9d7e0ec20e7e: volume delete: vol_bc1d7e32a0b53d8993bd9d7e0ec20e7e: failed: Volume vol_bc1d7e32a0b53d8993bd9d7e0ec20e7e does not exist
[heketi] INFO 2017/04/27 02:08:31 Deleting brick cdea660778b58df4b5bf07777a7f5892
[sshexec] DEBUG 2017/04/27 02:08:31 /src/github.com/heketi/heketi/pkg/utils/ssh/ssh.go:176: Host: 192.168.48.12:22 Command: /bin/bash -c 'umount /var/lib/heketi/mounts/vg_403cca7edce115dc1c641acc2f5f11fb/brick_cdea660778b58df4b5bf07777a7f5892'
Result: 
[sshexec] DEBUG 2017/04/27 02:08:31 /src/github.com/heketi/heketi/pkg/utils/ssh/ssh.go:176: Host: 192.168.48.17:22 Command: /bin/bash -c 'umount /var/lib/heketi/mounts/vg_6c7ff8b53124baa86b5b789cd93274e1/brick_575748240a87bf8d24c646f1ce0420b2'
Result: 
[sshexec] DEBUG 2017/04/27 02:08:31 /src/github.com/heketi/heketi/pkg/utils/ssh/ssh.go:176: Host: 192.168.48.14:22 Command: /bin/bash -c 'umount /var/lib/heketi/mounts/vg_d72d3bd802d4e511a80ce2f16181289d/brick_1214a8111faca492c70aada0974e6afc'
Result: 
[negroni] Started GET /queue/f4d6879467845f146233f8e17d4c058b
[negroni] Completed 200 OK in 89.568µs
[sshexec] DEBUG 2017/04/27 02:08:32 /src/github.com/heketi/heketi/pkg/utils/ssh/ssh.go:176: Host: 192.168.48.17:22 Command: /bin/bash -c 'lvremove -f vg_6c7ff8b53124baa86b5b789cd93274e1/tp_575748240a87bf8d24c646f1ce0420b2'
Result:   Logical volume "brick_575748240a87bf8d24c646f1ce0420b2" successfully removed
  Logical volume "tp_575748240a87bf8d24c646f1ce0420b2" successfully removed
[sshexec] DEBUG 2017/04/27 02:08:32 /src/github.com/heketi/heketi/pkg/utils/ssh/ssh.go:176: Host: 192.168.48.12:22 Command: /bin/bash -c 'lvremove -f vg_403cca7edce115dc1c641acc2f5f11fb/tp_cdea660778b58df4b5bf07777a7f5892'
Result:   Logical volume "brick_cdea660778b58df4b5bf07777a7f5892" successfully removed
  Logical volume "tp_cdea660778b58df4b5bf07777a7f5892" successfully removed
[sshexec] DEBUG 2017/04/27 02:08:32 /src/github.com/heketi/heketi/pkg/utils/ssh/ssh.go:176: Host: 192.168.48.14:22 Command: /bin/bash -c 'lvremove -f vg_d72d3bd802d4e511a80ce2f16181289d/tp_1214a8111faca492c70aada0974e6afc'
Result:   Logical volume "brick_1214a8111faca492c70aada0974e6afc" successfully removed
  Logical volume "tp_1214a8111faca492c70aada0974e6afc" successfully removed
[sshexec] DEBUG 2017/04/27 02:08:32 /src/github.com/heketi/heketi/pkg/utils/ssh/ssh.go:176: Host: 192.168.48.17:22 Command: /bin/bash -c 'rmdir /var/lib/heketi/mounts/vg_6c7ff8b53124baa86b5b789cd93274e1/brick_575748240a87bf8d24c646f1ce0420b2'
Result: 
[sshexec] DEBUG 2017/04/27 02:08:32 /src/github.com/heketi/heketi/pkg/utils/ssh/ssh.go:176: Host: 192.168.48.12:22 Command: /bin/bash -c 'rmdir /var/lib/heketi/mounts/vg_403cca7edce115dc1c641acc2f5f11fb/brick_cdea660778b58df4b5bf07777a7f5892'
Result: 
[sshexec] DEBUG 2017/04/27 02:08:32 /src/github.com/heketi/heketi/pkg/utils/ssh/ssh.go:176: Host: 192.168.48.14:22 Command: /bin/bash -c 'rmdir /var/lib/heketi/mounts/vg_d72d3bd802d4e511a80ce2f16181289d/brick_1214a8111faca492c70aada0974e6afc'
Result: 
[sshexec] DEBUG 2017/04/27 02:08:32 /src/github.com/heketi/heketi/pkg/utils/ssh/ssh.go:176: Host: 192.168.48.12:22 Command: /bin/bash -c 'sed -i.save "/brick_cdea660778b58df4b5bf07777a7f5892/d" /etc/fstab'
Result: 
[sshexec] DEBUG 2017/04/27 02:08:32 /src/github.com/heketi/heketi/pkg/utils/ssh/ssh.go:176: Host: 192.168.48.17:22 Command: /bin/bash -c 'sed -i.save "/brick_575748240a87bf8d24c646f1ce0420b2/d" /etc/fstab'
Result: 
[sshexec] DEBUG 2017/04/27 02:08:32 /src/github.com/heketi/heketi/pkg/utils/ssh/ssh.go:176: Host: 192.168.48.14:22 Command: /bin/bash -c 'sed -i.save "/brick_1214a8111faca492c70aada0974e6afc/d" /etc/fstab'
Result: 
[heketi] ERROR 2017/04/27 02:08:32 /src/github.com/heketi/heketi/apps/glusterfs/app_volume.go:148: Failed to create volume: volume create: vol_bc1d7e32a0b53d8993bd9d7e0ec20e7e: failed: Host 192.168.48.14 is not in 'Peer in Cluster' state
[asynchttp] INFO 2017/04/27 02:08:32 Completed job f4d6879467845f146233f8e17d4c058b in 3.708772966s
[negroni] Started GET /queue/f4d6879467845f146233f8e17d4c058b
[negroni] Completed 500 Internal Server Error in 150.831µs
[negroni] Started POST /volumes
[negroni] Completed 202 Accepted in 17.579396ms
[asynchttp] INFO 2017/04/27 02:08:43 Started job 3fd8be00f1e9f3482b6d03fdf2835133
[heketi] INFO 2017/04/27 02:08:43 Creating volume ca6aac3854f62ee621e97ab69293c374
[heketi] INFO 2017/04/27 02:08:43 brick_num: 0
[negroni] Started GET /queue/3fd8be00f1e9f3482b6d03fdf2835133
[negroni] Completed 200 OK in 180.995µs
[heketi] INFO 2017/04/27 02:08:43 Creating brick 56f815834a0316e7dbfc8fb7fc37d729
[heketi] INFO 2017/04/27 02:08:43 Creating brick 7861a785deed82dc1fe4f48254b508d2
[heketi] INFO 2017/04/27 02:08:43 Creating brick 2f78a7f238b16ab192e6a9f7b7cdd03e
[sshexec] DEBUG 2017/04/27 02:08:44 /src/github.com/heketi/heketi/pkg/utils/ssh/ssh.go:176: Host: 192.168.48.12:22 Command: /bin/bash -c 'mkdir -p /var/lib/heketi/mounts/vg_403cca7edce115dc1c641acc2f5f11fb/brick_2f78a7f238b16ab192e6a9f7b7cdd03e'
Result: 
[sshexec] DEBUG 2017/04/27 02:08:44 /src/github.com/heketi/heketi/pkg/utils/ssh/ssh.go:176: Host: 192.168.48.17:22 Command: /bin/bash -c 'mkdir -p /var/lib/heketi/mounts/vg_6c7ff8b53124baa86b5b789cd93274e1/brick_7861a785deed82dc1fe4f48254b508d2'
Result: 
[sshexec] DEBUG 2017/04/27 02:08:44 /src/github.com/heketi/heketi/pkg/utils/ssh/ssh.go:176: Host: 192.168.48.14:22 Command: /bin/bash -c 'mkdir -p /var/lib/heketi/mounts/vg_d72d3bd802d4e511a80ce2f16181289d/brick_56f815834a0316e7dbfc8fb7fc37d729'
Result: 
[sshexec] DEBUG 2017/04/27 02:08:44 /src/github.com/heketi/heketi/pkg/utils/ssh/ssh.go:176: Host: 192.168.48.12:22 Command: /bin/bash -c 'lvcreate --poolmetadatasize 8192K -c 256K -L 1048576K -T vg_403cca7edce115dc1c641acc2f5f11fb/tp_2f78a7f238b16ab192e6a9f7b7cdd03e -V 1048576K -n brick_2f78a7f238b16ab192e6a9f7b7cdd03e'
Result:   Logical volume "brick_2f78a7f238b16ab192e6a9f7b7cdd03e" created.
[sshexec] DEBUG 2017/04/27 02:08:44 /src/github.com/heketi/heketi/pkg/utils/ssh/ssh.go:176: Host: 192.168.48.14:22 Command: /bin/bash -c 'lvcreate --poolmetadatasize 8192K -c 256K -L 1048576K -T vg_d72d3bd802d4e511a80ce2f16181289d/tp_56f815834a0316e7dbfc8fb7fc37d729 -V 1048576K -n brick_56f815834a0316e7dbfc8fb7fc37d729'
Result:   Logical volume "brick_56f815834a0316e7dbfc8fb7fc37d729" created.
[sshexec] DEBUG 2017/04/27 02:08:44 /src/github.com/heketi/heketi/pkg/utils/ssh/ssh.go:176: Host: 192.168.48.12:22 Command: /bin/bash -c 'mkfs.xfs -i size=512 -n size=8192 /dev/mapper/vg_403cca7edce115dc1c641acc2f5f11fb-brick_2f78a7f238b16ab192e6a9f7b7cdd03e'
Result: meta-data=/dev/mapper/vg_403cca7edce115dc1c641acc2f5f11fb-brick_2f78a7f238b16ab192e6a9f7b7cdd03e isize=512    agcount=8, agsize=32704 blks
         =                       sectsz=4096  attr=2, projid32bit=1
         =                       crc=1        finobt=1, sparse=0
data     =                       bsize=4096   blocks=261632, imaxpct=25
         =                       sunit=64     swidth=64 blks
naming   =version 2              bsize=8192   ascii-ci=0 ftype=1
log      =internal log           bsize=4096   blocks=576, version=2
         =                       sectsz=4096  sunit=1 blks, lazy-count=1
realtime =none                   extsz=4096   blocks=0, rtextents=0
[sshexec] DEBUG 2017/04/27 02:08:44 /src/github.com/heketi/heketi/pkg/utils/ssh/ssh.go:176: Host: 192.168.48.12:22 Command: /bin/bash -c 'echo "/dev/mapper/vg_403cca7edce115dc1c641acc2f5f11fb-brick_2f78a7f238b16ab192e6a9f7b7cdd03e /var/lib/heketi/mounts/vg_403cca7edce115dc1c641acc2f5f11fb/brick_2f78a7f238b16ab192e6a9f7b7cdd03e xfs rw,inode64,noatime,nouuid 1 2" | tee -a /etc/fstab > /dev/null '
Result: 
[sshexec] DEBUG 2017/04/27 02:08:44 /src/github.com/heketi/heketi/pkg/utils/ssh/ssh.go:176: Host: 192.168.48.17:22 Command: /bin/bash -c 'lvcreate --poolmetadatasize 8192K -c 256K -L 1048576K -T vg_6c7ff8b53124baa86b5b789cd93274e1/tp_7861a785deed82dc1fe4f48254b508d2 -V 1048576K -n brick_7861a785deed82dc1fe4f48254b508d2'
Result:   Logical volume "brick_7861a785deed82dc1fe4f48254b508d2" created.
[negroni] Started GET /queue/3fd8be00f1e9f3482b6d03fdf2835133
[negroni] Completed 200 OK in 55.298µs
[sshexec] DEBUG 2017/04/27 02:08:44 /src/github.com/heketi/heketi/pkg/utils/ssh/ssh.go:176: Host: 192.168.48.12:22 Command: /bin/bash -c 'mount -o rw,inode64,noatime,nouuid /dev/mapper/vg_403cca7edce115dc1c641acc2f5f11fb-brick_2f78a7f238b16ab192e6a9f7b7cdd03e /var/lib/heketi/mounts/vg_403cca7edce115dc1c641acc2f5f11fb/brick_2f78a7f238b16ab192e6a9f7b7cdd03e'
Result: 
[sshexec] DEBUG 2017/04/27 02:08:44 /src/github.com/heketi/heketi/pkg/utils/ssh/ssh.go:176: Host: 192.168.48.14:22 Command: /bin/bash -c 'mkfs.xfs -i size=512 -n size=8192 /dev/mapper/vg_d72d3bd802d4e511a80ce2f16181289d-brick_56f815834a0316e7dbfc8fb7fc37d729'
Result: meta-data=/dev/mapper/vg_d72d3bd802d4e511a80ce2f16181289d-brick_56f815834a0316e7dbfc8fb7fc37d729 isize=512    agcount=8, agsize=32704 blks
         =                       sectsz=512   attr=2, projid32bit=1
         =                       crc=1        finobt=1, sparse=0
data     =                       bsize=4096   blocks=261632, imaxpct=25
         =                       sunit=64     swidth=64 blks
naming   =version 2              bsize=8192   ascii-ci=0 ftype=1
log      =internal log           bsize=4096   blocks=1728, version=2
         =                       sectsz=512   sunit=64 blks, lazy-count=1
realtime =none                   extsz=4096   blocks=0, rtextents=0
[sshexec] DEBUG 2017/04/27 02:08:44 /src/github.com/heketi/heketi/pkg/utils/ssh/ssh.go:176: Host: 192.168.48.14:22 Command: /bin/bash -c 'echo "/dev/mapper/vg_d72d3bd802d4e511a80ce2f16181289d-brick_56f815834a0316e7dbfc8fb7fc37d729 /var/lib/heketi/mounts/vg_d72d3bd802d4e511a80ce2f16181289d/brick_56f815834a0316e7dbfc8fb7fc37d729 xfs rw,inode64,noatime,nouuid 1 2" | tee -a /etc/fstab > /dev/null '
Result: 
[sshexec] DEBUG 2017/04/27 02:08:44 /src/github.com/heketi/heketi/pkg/utils/ssh/ssh.go:176: Host: 192.168.48.12:22 Command: /bin/bash -c 'mkdir /var/lib/heketi/mounts/vg_403cca7edce115dc1c641acc2f5f11fb/brick_2f78a7f238b16ab192e6a9f7b7cdd03e/brick'
Result: 
[sshexec] DEBUG 2017/04/27 02:08:44 /src/github.com/heketi/heketi/pkg/utils/ssh/ssh.go:176: Host: 192.168.48.12:22 Command: /bin/bash -c 'chown :2000 /var/lib/heketi/mounts/vg_403cca7edce115dc1c641acc2f5f11fb/brick_2f78a7f238b16ab192e6a9f7b7cdd03e/brick'
Result: 
[sshexec] DEBUG 2017/04/27 02:08:44 /src/github.com/heketi/heketi/pkg/utils/ssh/ssh.go:176: Host: 192.168.48.12:22 Command: /bin/bash -c 'chmod 2775 /var/lib/heketi/mounts/vg_403cca7edce115dc1c641acc2f5f11fb/brick_2f78a7f238b16ab192e6a9f7b7cdd03e/brick'
Result: 
[sshexec] DEBUG 2017/04/27 02:08:44 /src/github.com/heketi/heketi/pkg/utils/ssh/ssh.go:176: Host: 192.168.48.17:22 Command: /bin/bash -c 'mkfs.xfs -i size=512 -n size=8192 /dev/mapper/vg_6c7ff8b53124baa86b5b789cd93274e1-brick_7861a785deed82dc1fe4f48254b508d2'
Result: meta-data=/dev/mapper/vg_6c7ff8b53124baa86b5b789cd93274e1-brick_7861a785deed82dc1fe4f48254b508d2 isize=512    agcount=8, agsize=32704 blks
         =                       sectsz=512   attr=2, projid32bit=1
         =                       crc=1        finobt=1, sparse=0
data     =                       bsize=4096   blocks=261632, imaxpct=25
         =                       sunit=64     swidth=64 blks
naming   =version 2              bsize=8192   ascii-ci=0 ftype=1
log      =internal log           bsize=4096   blocks=1728, version=2
         =                       sectsz=512   sunit=64 blks, lazy-count=1
realtime =none                   extsz=4096   blocks=0, rtextents=0
[sshexec] DEBUG 2017/04/27 02:08:44 /src/github.com/heketi/heketi/pkg/utils/ssh/ssh.go:176: Host: 192.168.48.17:22 Command: /bin/bash -c 'echo "/dev/mapper/vg_6c7ff8b53124baa86b5b789cd93274e1-brick_7861a785deed82dc1fe4f48254b508d2 /var/lib/heketi/mounts/vg_6c7ff8b53124baa86b5b789cd93274e1/brick_7861a785deed82dc1fe4f48254b508d2 xfs rw,inode64,noatime,nouuid 1 2" | tee -a /etc/fstab > /dev/null '
Result: 
[sshexec] DEBUG 2017/04/27 02:08:45 /src/github.com/heketi/heketi/pkg/utils/ssh/ssh.go:176: Host: 192.168.48.14:22 Command: /bin/bash -c 'mount -o rw,inode64,noatime,nouuid /dev/mapper/vg_d72d3bd802d4e511a80ce2f16181289d-brick_56f815834a0316e7dbfc8fb7fc37d729 /var/lib/heketi/mounts/vg_d72d3bd802d4e511a80ce2f16181289d/brick_56f815834a0316e7dbfc8fb7fc37d729'
Result: 
[sshexec] DEBUG 2017/04/27 02:08:45 /src/github.com/heketi/heketi/pkg/utils/ssh/ssh.go:176: Host: 192.168.48.14:22 Command: /bin/bash -c 'mkdir /var/lib/heketi/mounts/vg_d72d3bd802d4e511a80ce2f16181289d/brick_56f815834a0316e7dbfc8fb7fc37d729/brick'
Result: 
[sshexec] DEBUG 2017/04/27 02:08:45 /src/github.com/heketi/heketi/pkg/utils/ssh/ssh.go:176: Host: 192.168.48.14:22 Command: /bin/bash -c 'chown :2000 /var/lib/heketi/mounts/vg_d72d3bd802d4e511a80ce2f16181289d/brick_56f815834a0316e7dbfc8fb7fc37d729/brick'
Result: 
[sshexec] DEBUG 2017/04/27 02:08:45 /src/github.com/heketi/heketi/pkg/utils/ssh/ssh.go:176: Host: 192.168.48.14:22 Command: /bin/bash -c 'chmod 2775 /var/lib/heketi/mounts/vg_d72d3bd802d4e511a80ce2f16181289d/brick_56f815834a0316e7dbfc8fb7fc37d729/brick'
Result: 
[sshexec] DEBUG 2017/04/27 02:08:45 /src/github.com/heketi/heketi/pkg/utils/ssh/ssh.go:176: Host: 192.168.48.17:22 Command: /bin/bash -c 'mount -o rw,inode64,noatime,nouuid /dev/mapper/vg_6c7ff8b53124baa86b5b789cd93274e1-brick_7861a785deed82dc1fe4f48254b508d2 /var/lib/heketi/mounts/vg_6c7ff8b53124baa86b5b789cd93274e1/brick_7861a785deed82dc1fe4f48254b508d2'
Result: 
[sshexec] DEBUG 2017/04/27 02:08:45 /src/github.com/heketi/heketi/pkg/utils/ssh/ssh.go:176: Host: 192.168.48.17:22 Command: /bin/bash -c 'mkdir /var/lib/heketi/mounts/vg_6c7ff8b53124baa86b5b789cd93274e1/brick_7861a785deed82dc1fe4f48254b508d2/brick'
Result: 
[sshexec] DEBUG 2017/04/27 02:08:45 /src/github.com/heketi/heketi/pkg/utils/ssh/ssh.go:176: Host: 192.168.48.17:22 Command: /bin/bash -c 'chown :2000 /var/lib/heketi/mounts/vg_6c7ff8b53124baa86b5b789cd93274e1/brick_7861a785deed82dc1fe4f48254b508d2/brick'
Result: 
[sshexec] DEBUG 2017/04/27 02:08:45 /src/github.com/heketi/heketi/pkg/utils/ssh/ssh.go:176: Host: 192.168.48.17:22 Command: /bin/bash -c 'chmod 2775 /var/lib/heketi/mounts/vg_6c7ff8b53124baa86b5b789cd93274e1/brick_7861a785deed82dc1fe4f48254b508d2/brick'
Result: 
[sshexec] INFO 2017/04/27 02:08:45 Creating volume vol_ca6aac3854f62ee621e97ab69293c374 replica 3
[sshexec] ERROR 2017/04/27 02:08:45 /src/github.com/heketi/heketi/pkg/utils/ssh/ssh.go:173: Failed to run command [/bin/bash -c 'gluster --mode=script volume create vol_ca6aac3854f62ee621e97ab69293c374 replica 3 192.168.48.12:/var/lib/heketi/mounts/vg_403cca7edce115dc1c641acc2f5f11fb/brick_2f78a7f238b16ab192e6a9f7b7cdd03e/brick 192.168.48.17:/var/lib/heketi/mounts/vg_6c7ff8b53124baa86b5b789cd93274e1/brick_7861a785deed82dc1fe4f48254b508d2/brick 192.168.48.14:/var/lib/heketi/mounts/vg_d72d3bd802d4e511a80ce2f16181289d/brick_56f815834a0316e7dbfc8fb7fc37d729/brick '] on 192.168.48.12:22: Err[Process exited with: 1. Reason was:  ()]: Stdout []: Stderr [volume create: vol_ca6aac3854f62ee621e97ab69293c374: failed: Host 192.168.48.14 is not in 'Peer in Cluster' state
]
[negroni] Started GET /queue/3fd8be00f1e9f3482b6d03fdf2835133
[negroni] Completed 200 OK in 196.436µs
[sshexec] ERROR 2017/04/27 02:08:45 /src/github.com/heketi/heketi/pkg/utils/ssh/ssh.go:173: Failed to run command [/bin/bash -c 'gluster --mode=script volume stop vol_ca6aac3854f62ee621e97ab69293c374 force'] on 192.168.48.12:22: Err[Process exited with: 1. Reason was:  ()]: Stdout []: Stderr [volume stop: vol_ca6aac3854f62ee621e97ab69293c374: failed: Volume vol_ca6aac3854f62ee621e97ab69293c374 does not exist
]
[sshexec] ERROR 2017/04/27 02:08:45 /src/github.com/heketi/heketi/executors/sshexec/volume.go:130: Unable to stop volume vol_ca6aac3854f62ee621e97ab69293c374: volume stop: vol_ca6aac3854f62ee621e97ab69293c374: failed: Volume vol_ca6aac3854f62ee621e97ab69293c374 does not exist
[sshexec] ERROR 2017/04/27 02:08:46 /src/github.com/heketi/heketi/pkg/utils/ssh/ssh.go:173: Failed to run command [/bin/bash -c 'gluster --mode=script volume delete vol_ca6aac3854f62ee621e97ab69293c374'] on 192.168.48.12:22: Err[Process exited with: 1. Reason was:  ()]: Stdout []: Stderr [volume delete: vol_ca6aac3854f62ee621e97ab69293c374: failed: Volume vol_ca6aac3854f62ee621e97ab69293c374 does not exist
]
[sshexec] ERROR 2017/04/27 02:08:46 /src/github.com/heketi/heketi/executors/sshexec/volume.go:139: Unable to delete volume vol_ca6aac3854f62ee621e97ab69293c374: volume delete: vol_ca6aac3854f62ee621e97ab69293c374: failed: Volume vol_ca6aac3854f62ee621e97ab69293c374 does not exist
[heketi] INFO 2017/04/27 02:08:46 Deleting brick 2f78a7f238b16ab192e6a9f7b7cdd03e
[heketi] INFO 2017/04/27 02:08:46 Deleting brick 56f815834a0316e7dbfc8fb7fc37d729
[heketi] INFO 2017/04/27 02:08:46 Deleting brick 7861a785deed82dc1fe4f48254b508d2
[sshexec] DEBUG 2017/04/27 02:08:46 /src/github.com/heketi/heketi/pkg/utils/ssh/ssh.go:176: Host: 192.168.48.12:22 Command: /bin/bash -c 'umount /var/lib/heketi/mounts/vg_403cca7edce115dc1c641acc2f5f11fb/brick_2f78a7f238b16ab192e6a9f7b7cdd03e'
Result: 
[sshexec] DEBUG 2017/04/27 02:08:46 /src/github.com/heketi/heketi/pkg/utils/ssh/ssh.go:176: Host: 192.168.48.17:22 Command: /bin/bash -c 'umount /var/lib/heketi/mounts/vg_6c7ff8b53124baa86b5b789cd93274e1/brick_7861a785deed82dc1fe4f48254b508d2'
Result: 
[sshexec] DEBUG 2017/04/27 02:08:46 /src/github.com/heketi/heketi/pkg/utils/ssh/ssh.go:176: Host: 192.168.48.14:22 Command: /bin/bash -c 'umount /var/lib/heketi/mounts/vg_d72d3bd802d4e511a80ce2f16181289d/brick_56f815834a0316e7dbfc8fb7fc37d729'
Result: 
[negroni] Started GET /queue/3fd8be00f1e9f3482b6d03fdf2835133
[negroni] Completed 200 OK in 196.476µs
[sshexec] DEBUG 2017/04/27 02:08:47 /src/github.com/heketi/heketi/pkg/utils/ssh/ssh.go:176: Host: 192.168.48.17:22 Command: /bin/bash -c 'lvremove -f vg_6c7ff8b53124baa86b5b789cd93274e1/tp_7861a785deed82dc1fe4f48254b508d2'
Result:   Logical volume "brick_7861a785deed82dc1fe4f48254b508d2" successfully removed
  Logical volume "tp_7861a785deed82dc1fe4f48254b508d2" successfully removed
[sshexec] DEBUG 2017/04/27 02:08:47 /src/github.com/heketi/heketi/pkg/utils/ssh/ssh.go:176: Host: 192.168.48.14:22 Command: /bin/bash -c 'lvremove -f vg_d72d3bd802d4e511a80ce2f16181289d/tp_56f815834a0316e7dbfc8fb7fc37d729'
Result:   Logical volume "brick_56f815834a0316e7dbfc8fb7fc37d729" successfully removed
  Logical volume "tp_56f815834a0316e7dbfc8fb7fc37d729" successfully removed
[sshexec] DEBUG 2017/04/27 02:08:47 /src/github.com/heketi/heketi/pkg/utils/ssh/ssh.go:176: Host: 192.168.48.12:22 Command: /bin/bash -c 'lvremove -f vg_403cca7edce115dc1c641acc2f5f11fb/tp_2f78a7f238b16ab192e6a9f7b7cdd03e'
Result:   Logical volume "brick_2f78a7f238b16ab192e6a9f7b7cdd03e" successfully removed
  Logical volume "tp_2f78a7f238b16ab192e6a9f7b7cdd03e" successfully removed
[sshexec] DEBUG 2017/04/27 02:08:47 /src/github.com/heketi/heketi/pkg/utils/ssh/ssh.go:176: Host: 192.168.48.17:22 Command: /bin/bash -c 'rmdir /var/lib/heketi/mounts/vg_6c7ff8b53124baa86b5b789cd93274e1/brick_7861a785deed82dc1fe4f48254b508d2'
Result: 
[sshexec] DEBUG 2017/04/27 02:08:47 /src/github.com/heketi/heketi/pkg/utils/ssh/ssh.go:176: Host: 192.168.48.14:22 Command: /bin/bash -c 'rmdir /var/lib/heketi/mounts/vg_d72d3bd802d4e511a80ce2f16181289d/brick_56f815834a0316e7dbfc8fb7fc37d729'
Result: 
[sshexec] DEBUG 2017/04/27 02:08:47 /src/github.com/heketi/heketi/pkg/utils/ssh/ssh.go:176: Host: 192.168.48.12:22 Command: /bin/bash -c 'rmdir /var/lib/heketi/mounts/vg_403cca7edce115dc1c641acc2f5f11fb/brick_2f78a7f238b16ab192e6a9f7b7cdd03e'
Result: 
[sshexec] DEBUG 2017/04/27 02:08:47 /src/github.com/heketi/heketi/pkg/utils/ssh/ssh.go:176: Host: 192.168.48.12:22 Command: /bin/bash -c 'sed -i.save "/brick_2f78a7f238b16ab192e6a9f7b7cdd03e/d" /etc/fstab'
Result: 
[sshexec] DEBUG 2017/04/27 02:08:47 /src/github.com/heketi/heketi/pkg/utils/ssh/ssh.go:176: Host: 192.168.48.17:22 Command: /bin/bash -c 'sed -i.save "/brick_7861a785deed82dc1fe4f48254b508d2/d" /etc/fstab'
Result: 
[sshexec] DEBUG 2017/04/27 02:08:47 /src/github.com/heketi/heketi/pkg/utils/ssh/ssh.go:176: Host: 192.168.48.14:22 Command: /bin/bash -c 'sed -i.save "/brick_56f815834a0316e7dbfc8fb7fc37d729/d" /etc/fstab'
Result: 
[heketi] ERROR 2017/04/27 02:08:47 /src/github.com/heketi/heketi/apps/glusterfs/app_volume.go:148: Failed to create volume: volume create: vol_ca6aac3854f62ee621e97ab69293c374: failed: Host 192.168.48.14 is not in 'Peer in Cluster' state
[asynchttp] INFO 2017/04/27 02:08:47 Completed job 3fd8be00f1e9f3482b6d03fdf2835133 in 3.78191885s
[negroni] Started GET /queue/3fd8be00f1e9f3482b6d03fdf2835133
[negroni] Completed 500 Internal Server Error in 110.494µs
[negroni] Started POST /volumes
[negroni] Completed 202 Accepted in 20.809208ms
[asynchttp] INFO 2017/04/27 02:08:58 Started job 609c70deac1595959b53847a0af05cdf
[heketi] INFO 2017/04/27 02:08:58 Creating volume 81f45fe8f84b122ca3d9892ebd58d9e0
[heketi] INFO 2017/04/27 02:08:58 brick_num: 0
[negroni] Started GET /queue/609c70deac1595959b53847a0af05cdf
[negroni] Completed 200 OK in 360.177µs
[heketi] INFO 2017/04/27 02:08:58 Creating brick c7a44a274dee596f9342196d6cbfb640
[heketi] INFO 2017/04/27 02:08:58 Creating brick c3c4bef58c40cd92726106f531e7f2c6
[heketi] INFO 2017/04/27 02:08:58 Creating brick 103867ae5671b70d5c8807ccd4813bc5
[sshexec] DEBUG 2017/04/27 02:08:59 /src/github.com/heketi/heketi/pkg/utils/ssh/ssh.go:176: Host: 192.168.48.12:22 Command: /bin/bash -c 'mkdir -p /var/lib/heketi/mounts/vg_403cca7edce115dc1c641acc2f5f11fb/brick_c7a44a274dee596f9342196d6cbfb640'
Result: 
[sshexec] DEBUG 2017/04/27 02:08:59 /src/github.com/heketi/heketi/pkg/utils/ssh/ssh.go:176: Host: 192.168.48.14:22 Command: /bin/bash -c 'mkdir -p /var/lib/heketi/mounts/vg_d72d3bd802d4e511a80ce2f16181289d/brick_c3c4bef58c40cd92726106f531e7f2c6'
Result: 
[sshexec] DEBUG 2017/04/27 02:08:59 /src/github.com/heketi/heketi/pkg/utils/ssh/ssh.go:176: Host: 192.168.48.17:22 Command: /bin/bash -c 'mkdir -p /var/lib/heketi/mounts/vg_6c7ff8b53124baa86b5b789cd93274e1/brick_103867ae5671b70d5c8807ccd4813bc5'
Result: 
[sshexec] DEBUG 2017/04/27 02:08:59 /src/github.com/heketi/heketi/pkg/utils/ssh/ssh.go:176: Host: 192.168.48.17:22 Command: /bin/bash -c 'lvcreate --poolmetadatasize 8192K -c 256K -L 1048576K -T vg_6c7ff8b53124baa86b5b789cd93274e1/tp_103867ae5671b70d5c8807ccd4813bc5 -V 1048576K -n brick_103867ae5671b70d5c8807ccd4813bc5'
Result:   Logical volume "brick_103867ae5671b70d5c8807ccd4813bc5" created.
[sshexec] DEBUG 2017/04/27 02:08:59 /src/github.com/heketi/heketi/pkg/utils/ssh/ssh.go:176: Host: 192.168.48.12:22 Command: /bin/bash -c 'lvcreate --poolmetadatasize 8192K -c 256K -L 1048576K -T vg_403cca7edce115dc1c641acc2f5f11fb/tp_c7a44a274dee596f9342196d6cbfb640 -V 1048576K -n brick_c7a44a274dee596f9342196d6cbfb640'
Result:   Logical volume "brick_c7a44a274dee596f9342196d6cbfb640" created.
[sshexec] DEBUG 2017/04/27 02:08:59 /src/github.com/heketi/heketi/pkg/utils/ssh/ssh.go:176: Host: 192.168.48.14:22 Command: /bin/bash -c 'lvcreate --poolmetadatasize 8192K -c 256K -L 1048576K -T vg_d72d3bd802d4e511a80ce2f16181289d/tp_c3c4bef58c40cd92726106f531e7f2c6 -V 1048576K -n brick_c3c4bef58c40cd92726106f531e7f2c6'
Result:   Logical volume "brick_c3c4bef58c40cd92726106f531e7f2c6" created.
[sshexec] DEBUG 2017/04/27 02:08:59 /src/github.com/heketi/heketi/pkg/utils/ssh/ssh.go:176: Host: 192.168.48.17:22 Command: /bin/bash -c 'mkfs.xfs -i size=512 -n size=8192 /dev/mapper/vg_6c7ff8b53124baa86b5b789cd93274e1-brick_103867ae5671b70d5c8807ccd4813bc5'
Result: meta-data=/dev/mapper/vg_6c7ff8b53124baa86b5b789cd93274e1-brick_103867ae5671b70d5c8807ccd4813bc5 isize=512    agcount=8, agsize=32704 blks
         =                       sectsz=512   attr=2, projid32bit=1
         =                       crc=1        finobt=1, sparse=0
data     =                       bsize=4096   blocks=261632, imaxpct=25
         =                       sunit=64     swidth=64 blks
naming   =version 2              bsize=8192   ascii-ci=0 ftype=1
log      =internal log           bsize=4096   blocks=1728, version=2
         =                       sectsz=512   sunit=64 blks, lazy-count=1
realtime =none                   extsz=4096   blocks=0, rtextents=0
[negroni] Started GET /queue/609c70deac1595959b53847a0af05cdf
[negroni] Completed 200 OK in 85.786µs
[sshexec] DEBUG 2017/04/27 02:08:59 /src/github.com/heketi/heketi/pkg/utils/ssh/ssh.go:176: Host: 192.168.48.17:22 Command: /bin/bash -c 'echo "/dev/mapper/vg_6c7ff8b53124baa86b5b789cd93274e1-brick_103867ae5671b70d5c8807ccd4813bc5 /var/lib/heketi/mounts/vg_6c7ff8b53124baa86b5b789cd93274e1/brick_103867ae5671b70d5c8807ccd4813bc5 xfs rw,inode64,noatime,nouuid 1 2" | tee -a /etc/fstab > /dev/null '
Result: 
[sshexec] DEBUG 2017/04/27 02:08:59 /src/github.com/heketi/heketi/pkg/utils/ssh/ssh.go:176: Host: 192.168.48.14:22 Command: /bin/bash -c 'mkfs.xfs -i size=512 -n size=8192 /dev/mapper/vg_d72d3bd802d4e511a80ce2f16181289d-brick_c3c4bef58c40cd92726106f531e7f2c6'
Result: meta-data=/dev/mapper/vg_d72d3bd802d4e511a80ce2f16181289d-brick_c3c4bef58c40cd92726106f531e7f2c6 isize=512    agcount=8, agsize=32704 blks
         =                       sectsz=512   attr=2, projid32bit=1
         =                       crc=1        finobt=1, sparse=0
data     =                       bsize=4096   blocks=261632, imaxpct=25
         =                       sunit=64     swidth=64 blks
naming   =version 2              bsize=8192   ascii-ci=0 ftype=1
log      =internal log           bsize=4096   blocks=1728, version=2
         =                       sectsz=512   sunit=64 blks, lazy-count=1
realtime =none                   extsz=4096   blocks=0, rtextents=0
[sshexec] DEBUG 2017/04/27 02:08:59 /src/github.com/heketi/heketi/pkg/utils/ssh/ssh.go:176: Host: 192.168.48.12:22 Command: /bin/bash -c 'mkfs.xfs -i size=512 -n size=8192 /dev/mapper/vg_403cca7edce115dc1c641acc2f5f11fb-brick_c7a44a274dee596f9342196d6cbfb640'
Result: meta-data=/dev/mapper/vg_403cca7edce115dc1c641acc2f5f11fb-brick_c7a44a274dee596f9342196d6cbfb640 isize=512    agcount=8, agsize=32704 blks
         =                       sectsz=4096  attr=2, projid32bit=1
         =                       crc=1        finobt=1, sparse=0
data     =                       bsize=4096   blocks=261632, imaxpct=25
         =                       sunit=64     swidth=64 blks
naming   =version 2              bsize=8192   ascii-ci=0 ftype=1
log      =internal log           bsize=4096   blocks=576, version=2
         =                       sectsz=4096  sunit=1 blks, lazy-count=1
realtime =none                   extsz=4096   blocks=0, rtextents=0
[sshexec] DEBUG 2017/04/27 02:08:59 /src/github.com/heketi/heketi/pkg/utils/ssh/ssh.go:176: Host: 192.168.48.14:22 Command: /bin/bash -c 'echo "/dev/mapper/vg_d72d3bd802d4e511a80ce2f16181289d-brick_c3c4bef58c40cd92726106f531e7f2c6 /var/lib/heketi/mounts/vg_d72d3bd802d4e511a80ce2f16181289d/brick_c3c4bef58c40cd92726106f531e7f2c6 xfs rw,inode64,noatime,nouuid 1 2" | tee -a /etc/fstab > /dev/null '
Result: 
[sshexec] DEBUG 2017/04/27 02:08:59 /src/github.com/heketi/heketi/pkg/utils/ssh/ssh.go:176: Host: 192.168.48.12:22 Command: /bin/bash -c 'echo "/dev/mapper/vg_403cca7edce115dc1c641acc2f5f11fb-brick_c7a44a274dee596f9342196d6cbfb640 /var/lib/heketi/mounts/vg_403cca7edce115dc1c641acc2f5f11fb/brick_c7a44a274dee596f9342196d6cbfb640 xfs rw,inode64,noatime,nouuid 1 2" | tee -a /etc/fstab > /dev/null '
Result: 
[sshexec] DEBUG 2017/04/27 02:08:59 /src/github.com/heketi/heketi/pkg/utils/ssh/ssh.go:176: Host: 192.168.48.12:22 Command: /bin/bash -c 'mount -o rw,inode64,noatime,nouuid /dev/mapper/vg_403cca7edce115dc1c641acc2f5f11fb-brick_c7a44a274dee596f9342196d6cbfb640 /var/lib/heketi/mounts/vg_403cca7edce115dc1c641acc2f5f11fb/brick_c7a44a274dee596f9342196d6cbfb640'
Result: 
[sshexec] DEBUG 2017/04/27 02:08:59 /src/github.com/heketi/heketi/pkg/utils/ssh/ssh.go:176: Host: 192.168.48.12:22 Command: /bin/bash -c 'mkdir /var/lib/heketi/mounts/vg_403cca7edce115dc1c641acc2f5f11fb/brick_c7a44a274dee596f9342196d6cbfb640/brick'
Result: 
[sshexec] DEBUG 2017/04/27 02:08:59 /src/github.com/heketi/heketi/pkg/utils/ssh/ssh.go:176: Host: 192.168.48.12:22 Command: /bin/bash -c 'chown :2000 /var/lib/heketi/mounts/vg_403cca7edce115dc1c641acc2f5f11fb/brick_c7a44a274dee596f9342196d6cbfb640/brick'
Result: 
[sshexec] DEBUG 2017/04/27 02:08:59 /src/github.com/heketi/heketi/pkg/utils/ssh/ssh.go:176: Host: 192.168.48.12:22 Command: /bin/bash -c 'chmod 2775 /var/lib/heketi/mounts/vg_403cca7edce115dc1c641acc2f5f11fb/brick_c7a44a274dee596f9342196d6cbfb640/brick'
Result: 
[sshexec] DEBUG 2017/04/27 02:09:00 /src/github.com/heketi/heketi/pkg/utils/ssh/ssh.go:176: Host: 192.168.48.17:22 Command: /bin/bash -c 'mount -o rw,inode64,noatime,nouuid /dev/mapper/vg_6c7ff8b53124baa86b5b789cd93274e1-brick_103867ae5671b70d5c8807ccd4813bc5 /var/lib/heketi/mounts/vg_6c7ff8b53124baa86b5b789cd93274e1/brick_103867ae5671b70d5c8807ccd4813bc5'
Result: 
[sshexec] DEBUG 2017/04/27 02:09:00 /src/github.com/heketi/heketi/pkg/utils/ssh/ssh.go:176: Host: 192.168.48.17:22 Command: /bin/bash -c 'mkdir /var/lib/heketi/mounts/vg_6c7ff8b53124baa86b5b789cd93274e1/brick_103867ae5671b70d5c8807ccd4813bc5/brick'
Result: 
[sshexec] DEBUG 2017/04/27 02:09:00 /src/github.com/heketi/heketi/pkg/utils/ssh/ssh.go:176: Host: 192.168.48.17:22 Command: /bin/bash -c 'chown :2000 /var/lib/heketi/mounts/vg_6c7ff8b53124baa86b5b789cd93274e1/brick_103867ae5671b70d5c8807ccd4813bc5/brick'
Result: 
[sshexec] DEBUG 2017/04/27 02:09:00 /src/github.com/heketi/heketi/pkg/utils/ssh/ssh.go:176: Host: 192.168.48.17:22 Command: /bin/bash -c 'chmod 2775 /var/lib/heketi/mounts/vg_6c7ff8b53124baa86b5b789cd93274e1/brick_103867ae5671b70d5c8807ccd4813bc5/brick'
Result: 
[sshexec] DEBUG 2017/04/27 02:09:00 /src/github.com/heketi/heketi/pkg/utils/ssh/ssh.go:176: Host: 192.168.48.14:22 Command: /bin/bash -c 'mount -o rw,inode64,noatime,nouuid /dev/mapper/vg_d72d3bd802d4e511a80ce2f16181289d-brick_c3c4bef58c40cd92726106f531e7f2c6 /var/lib/heketi/mounts/vg_d72d3bd802d4e511a80ce2f16181289d/brick_c3c4bef58c40cd92726106f531e7f2c6'
Result: 
[sshexec] DEBUG 2017/04/27 02:09:00 /src/github.com/heketi/heketi/pkg/utils/ssh/ssh.go:176: Host: 192.168.48.14:22 Command: /bin/bash -c 'mkdir /var/lib/heketi/mounts/vg_d72d3bd802d4e511a80ce2f16181289d/brick_c3c4bef58c40cd92726106f531e7f2c6/brick'
Result: 
[sshexec] DEBUG 2017/04/27 02:09:00 /src/github.com/heketi/heketi/pkg/utils/ssh/ssh.go:176: Host: 192.168.48.14:22 Command: /bin/bash -c 'chown :2000 /var/lib/heketi/mounts/vg_d72d3bd802d4e511a80ce2f16181289d/brick_c3c4bef58c40cd92726106f531e7f2c6/brick'
Result: 
[sshexec] DEBUG 2017/04/27 02:09:00 /src/github.com/heketi/heketi/pkg/utils/ssh/ssh.go:176: Host: 192.168.48.14:22 Command: /bin/bash -c 'chmod 2775 /var/lib/heketi/mounts/vg_d72d3bd802d4e511a80ce2f16181289d/brick_c3c4bef58c40cd92726106f531e7f2c6/brick'
Result: 
[sshexec] INFO 2017/04/27 02:09:00 Creating volume vol_81f45fe8f84b122ca3d9892ebd58d9e0 replica 3
[sshexec] ERROR 2017/04/27 02:09:00 /src/github.com/heketi/heketi/pkg/utils/ssh/ssh.go:173: Failed to run command [/bin/bash -c 'gluster --mode=script volume create vol_81f45fe8f84b122ca3d9892ebd58d9e0 replica 3 192.168.48.12:/var/lib/heketi/mounts/vg_403cca7edce115dc1c641acc2f5f11fb/brick_c7a44a274dee596f9342196d6cbfb640/brick 192.168.48.17:/var/lib/heketi/mounts/vg_6c7ff8b53124baa86b5b789cd93274e1/brick_103867ae5671b70d5c8807ccd4813bc5/brick 192.168.48.14:/var/lib/heketi/mounts/vg_d72d3bd802d4e511a80ce2f16181289d/brick_c3c4bef58c40cd92726106f531e7f2c6/brick '] on 192.168.48.12:22: Err[Process exited with: 1. Reason was:  ()]: Stdout []: Stderr [volume create: vol_81f45fe8f84b122ca3d9892ebd58d9e0: failed: Host 192.168.48.14 is not in 'Peer in Cluster' state
]
[sshexec] ERROR 2017/04/27 02:09:00 /src/github.com/heketi/heketi/pkg/utils/ssh/ssh.go:173: Failed to run command [/bin/bash -c 'gluster --mode=script volume stop vol_81f45fe8f84b122ca3d9892ebd58d9e0 force'] on 192.168.48.12:22: Err[Process exited with: 1. Reason was:  ()]: Stdout []: Stderr [volume stop: vol_81f45fe8f84b122ca3d9892ebd58d9e0: failed: Volume vol_81f45fe8f84b122ca3d9892ebd58d9e0 does not exist
]
[sshexec] ERROR 2017/04/27 02:09:00 /src/github.com/heketi/heketi/executors/sshexec/volume.go:130: Unable to stop volume vol_81f45fe8f84b122ca3d9892ebd58d9e0: volume stop: vol_81f45fe8f84b122ca3d9892ebd58d9e0: failed: Volume vol_81f45fe8f84b122ca3d9892ebd58d9e0 does not exist
[negroni] Started GET /queue/609c70deac1595959b53847a0af05cdf
[negroni] Completed 200 OK in 47.916µs
[sshexec] ERROR 2017/04/27 02:09:01 /src/github.com/heketi/heketi/pkg/utils/ssh/ssh.go:173: Failed to run command [/bin/bash -c 'gluster --mode=script volume delete vol_81f45fe8f84b122ca3d9892ebd58d9e0'] on 192.168.48.12:22: Err[Process exited with: 1. Reason was:  ()]: Stdout []: Stderr [volume delete: vol_81f45fe8f84b122ca3d9892ebd58d9e0: failed: Volume vol_81f45fe8f84b122ca3d9892ebd58d9e0 does not exist
]
[sshexec] ERROR 2017/04/27 02:09:01 /src/github.com/heketi/heketi/executors/sshexec/volume.go:139: Unable to delete volume vol_81f45fe8f84b122ca3d9892ebd58d9e0: volume delete: vol_81f45fe8f84b122ca3d9892ebd58d9e0: failed: Volume vol_81f45fe8f84b122ca3d9892ebd58d9e0 does not exist
[heketi] INFO 2017/04/27 02:09:01 Deleting brick c7a44a274dee596f9342196d6cbfb640
[heketi] INFO 2017/04/27 02:09:01 Deleting brick c3c4bef58c40cd92726106f531e7f2c6
[heketi] INFO 2017/04/27 02:09:01 Deleting brick 103867ae5671b70d5c8807ccd4813bc5
[sshexec] DEBUG 2017/04/27 02:09:01 /src/github.com/heketi/heketi/pkg/utils/ssh/ssh.go:176: Host: 192.168.48.12:22 Command: /bin/bash -c 'umount /var/lib/heketi/mounts/vg_403cca7edce115dc1c641acc2f5f11fb/brick_c7a44a274dee596f9342196d6cbfb640'
Result: 
[sshexec] DEBUG 2017/04/27 02:09:01 /src/github.com/heketi/heketi/pkg/utils/ssh/ssh.go:176: Host: 192.168.48.17:22 Command: /bin/bash -c 'umount /var/lib/heketi/mounts/vg_6c7ff8b53124baa86b5b789cd93274e1/brick_103867ae5671b70d5c8807ccd4813bc5'
Result: 
[sshexec] DEBUG 2017/04/27 02:09:01 /src/github.com/heketi/heketi/pkg/utils/ssh/ssh.go:176: Host: 192.168.48.14:22 Command: /bin/bash -c 'umount /var/lib/heketi/mounts/vg_d72d3bd802d4e511a80ce2f16181289d/brick_c3c4bef58c40cd92726106f531e7f2c6'
Result: 
[sshexec] DEBUG 2017/04/27 02:09:01 /src/github.com/heketi/heketi/pkg/utils/ssh/ssh.go:176: Host: 192.168.48.17:22 Command: /bin/bash -c 'lvremove -f vg_6c7ff8b53124baa86b5b789cd93274e1/tp_103867ae5671b70d5c8807ccd4813bc5'
Result:   Logical volume "brick_103867ae5671b70d5c8807ccd4813bc5" successfully removed
  Logical volume "tp_103867ae5671b70d5c8807ccd4813bc5" successfully removed
[negroni] Started GET /queue/609c70deac1595959b53847a0af05cdf
[negroni] Completed 200 OK in 94.461µs
[sshexec] DEBUG 2017/04/27 02:09:01 /src/github.com/heketi/heketi/pkg/utils/ssh/ssh.go:176: Host: 192.168.48.14:22 Command: /bin/bash -c 'lvremove -f vg_d72d3bd802d4e511a80ce2f16181289d/tp_c3c4bef58c40cd92726106f531e7f2c6'
Result:   Logical volume "brick_c3c4bef58c40cd92726106f531e7f2c6" successfully removed
  Logical volume "tp_c3c4bef58c40cd92726106f531e7f2c6" successfully removed
[sshexec] DEBUG 2017/04/27 02:09:01 /src/github.com/heketi/heketi/pkg/utils/ssh/ssh.go:176: Host: 192.168.48.12:22 Command: /bin/bash -c 'lvremove -f vg_403cca7edce115dc1c641acc2f5f11fb/tp_c7a44a274dee596f9342196d6cbfb640'
Result:   Logical volume "brick_c7a44a274dee596f9342196d6cbfb640" successfully removed
  Logical volume "tp_c7a44a274dee596f9342196d6cbfb640" successfully removed
[sshexec] DEBUG 2017/04/27 02:09:02 /src/github.com/heketi/heketi/pkg/utils/ssh/ssh.go:176: Host: 192.168.48.17:22 Command: /bin/bash -c 'rmdir /var/lib/heketi/mounts/vg_6c7ff8b53124baa86b5b789cd93274e1/brick_103867ae5671b70d5c8807ccd4813bc5'
Result: 
[sshexec] DEBUG 2017/04/27 02:09:02 /src/github.com/heketi/heketi/pkg/utils/ssh/ssh.go:176: Host: 192.168.48.14:22 Command: /bin/bash -c 'rmdir /var/lib/heketi/mounts/vg_d72d3bd802d4e511a80ce2f16181289d/brick_c3c4bef58c40cd92726106f531e7f2c6'
Result: 
[sshexec] DEBUG 2017/04/27 02:09:02 /src/github.com/heketi/heketi/pkg/utils/ssh/ssh.go:176: Host: 192.168.48.17:22 Command: /bin/bash -c 'sed -i.save "/brick_103867ae5671b70d5c8807ccd4813bc5/d" /etc/fstab'
Result: 
[sshexec] DEBUG 2017/04/27 02:09:02 /src/github.com/heketi/heketi/pkg/utils/ssh/ssh.go:176: Host: 192.168.48.12:22 Command: /bin/bash -c 'rmdir /var/lib/heketi/mounts/vg_403cca7edce115dc1c641acc2f5f11fb/brick_c7a44a274dee596f9342196d6cbfb640'
Result: 
[sshexec] DEBUG 2017/04/27 02:09:02 /src/github.com/heketi/heketi/pkg/utils/ssh/ssh.go:176: Host: 192.168.48.14:22 Command: /bin/bash -c 'sed -i.save "/brick_c3c4bef58c40cd92726106f531e7f2c6/d" /etc/fstab'
Result: 
[sshexec] DEBUG 2017/04/27 02:09:02 /src/github.com/heketi/heketi/pkg/utils/ssh/ssh.go:176: Host: 192.168.48.12:22 Command: /bin/bash -c 'sed -i.save "/brick_c7a44a274dee596f9342196d6cbfb640/d" /etc/fstab'
Result: 
[heketi] ERROR 2017/04/27 02:09:02 /src/github.com/heketi/heketi/apps/glusterfs/app_volume.go:148: Failed to create volume: volume create: vol_81f45fe8f84b122ca3d9892ebd58d9e0: failed: Host 192.168.48.14 is not in 'Peer in Cluster' state
[asynchttp] INFO 2017/04/27 02:09:02 Completed job 609c70deac1595959b53847a0af05cdf in 3.692747133s
[negroni] Started GET /queue/609c70deac1595959b53847a0af05cdf
[negroni] Completed 500 Internal Server Error in 99.115µs
[negroni] Started POST /volumes
[negroni] Completed 202 Accepted in 17.527458ms
[asynchttp] INFO 2017/04/27 02:09:13 Started job 699604fdd73ae942718c88acfa940422
[heketi] INFO 2017/04/27 02:09:13 Creating volume 7af0052c0f09b8ca503f7f6669aee407
[heketi] INFO 2017/04/27 02:09:13 brick_num: 0
[negroni] Started GET /queue/699604fdd73ae942718c88acfa940422
[negroni] Completed 200 OK in 275.24µs
[heketi] INFO 2017/04/27 02:09:13 Creating brick 866961089c644526b7ed050ba815e0c8
[heketi] INFO 2017/04/27 02:09:13 Creating brick 6c9a0a03b79265ab6244bd4606f10bf4
[heketi] INFO 2017/04/27 02:09:13 Creating brick 5b0f6cbc49675f6bc37a7d5630135ad5
[sshexec] DEBUG 2017/04/27 02:09:14 /src/github.com/heketi/heketi/pkg/utils/ssh/ssh.go:176: Host: 192.168.48.14:22 Command: /bin/bash -c 'mkdir -p /var/lib/heketi/mounts/vg_d72d3bd802d4e511a80ce2f16181289d/brick_866961089c644526b7ed050ba815e0c8'
Result: 
[sshexec] DEBUG 2017/04/27 02:09:14 /src/github.com/heketi/heketi/pkg/utils/ssh/ssh.go:176: Host: 192.168.48.12:22 Command: /bin/bash -c 'mkdir -p /var/lib/heketi/mounts/vg_403cca7edce115dc1c641acc2f5f11fb/brick_5b0f6cbc49675f6bc37a7d5630135ad5'
Result: 
[sshexec] DEBUG 2017/04/27 02:09:14 /src/github.com/heketi/heketi/pkg/utils/ssh/ssh.go:176: Host: 192.168.48.17:22 Command: /bin/bash -c 'mkdir -p /var/lib/heketi/mounts/vg_6c7ff8b53124baa86b5b789cd93274e1/brick_6c9a0a03b79265ab6244bd4606f10bf4'
Result: 
[sshexec] DEBUG 2017/04/27 02:09:14 /src/github.com/heketi/heketi/pkg/utils/ssh/ssh.go:176: Host: 192.168.48.14:22 Command: /bin/bash -c 'lvcreate --poolmetadatasize 8192K -c 256K -L 1048576K -T vg_d72d3bd802d4e511a80ce2f16181289d/tp_866961089c644526b7ed050ba815e0c8 -V 1048576K -n brick_866961089c644526b7ed050ba815e0c8'
Result:   Logical volume "brick_866961089c644526b7ed050ba815e0c8" created.
[sshexec] DEBUG 2017/04/27 02:09:14 /src/github.com/heketi/heketi/pkg/utils/ssh/ssh.go:176: Host: 192.168.48.17:22 Command: /bin/bash -c 'lvcreate --poolmetadatasize 8192K -c 256K -L 1048576K -T vg_6c7ff8b53124baa86b5b789cd93274e1/tp_6c9a0a03b79265ab6244bd4606f10bf4 -V 1048576K -n brick_6c9a0a03b79265ab6244bd4606f10bf4'
Result:   Logical volume "brick_6c9a0a03b79265ab6244bd4606f10bf4" created.
[negroni] Started GET /queue/699604fdd73ae942718c88acfa940422
[negroni] Completed 200 OK in 120.464µs
[sshexec] DEBUG 2017/04/27 02:09:14 /src/github.com/heketi/heketi/pkg/utils/ssh/ssh.go:176: Host: 192.168.48.14:22 Command: /bin/bash -c 'mkfs.xfs -i size=512 -n size=8192 /dev/mapper/vg_d72d3bd802d4e511a80ce2f16181289d-brick_866961089c644526b7ed050ba815e0c8'
Result: meta-data=/dev/mapper/vg_d72d3bd802d4e511a80ce2f16181289d-brick_866961089c644526b7ed050ba815e0c8 isize=512    agcount=8, agsize=32704 blks
         =                       sectsz=512   attr=2, projid32bit=1
         =                       crc=1        finobt=1, sparse=0
data     =                       bsize=4096   blocks=261632, imaxpct=25
         =                       sunit=64     swidth=64 blks
naming   =version 2              bsize=8192   ascii-ci=0 ftype=1
log      =internal log           bsize=4096   blocks=1728, version=2
         =                       sectsz=512   sunit=64 blks, lazy-count=1
realtime =none                   extsz=4096   blocks=0, rtextents=0
[sshexec] DEBUG 2017/04/27 02:09:14 /src/github.com/heketi/heketi/pkg/utils/ssh/ssh.go:176: Host: 192.168.48.17:22 Command: /bin/bash -c 'mkfs.xfs -i size=512 -n size=8192 /dev/mapper/vg_6c7ff8b53124baa86b5b789cd93274e1-brick_6c9a0a03b79265ab6244bd4606f10bf4'
Result: meta-data=/dev/mapper/vg_6c7ff8b53124baa86b5b789cd93274e1-brick_6c9a0a03b79265ab6244bd4606f10bf4 isize=512    agcount=8, agsize=32704 blks
         =                       sectsz=512   attr=2, projid32bit=1
         =                       crc=1        finobt=1, sparse=0
data     =                       bsize=4096   blocks=261632, imaxpct=25
         =                       sunit=64     swidth=64 blks
naming   =version 2              bsize=8192   ascii-ci=0 ftype=1
log      =internal log           bsize=4096   blocks=1728, version=2
         =                       sectsz=512   sunit=64 blks, lazy-count=1
realtime =none                   extsz=4096   blocks=0, rtextents=0
[sshexec] DEBUG 2017/04/27 02:09:14 /src/github.com/heketi/heketi/pkg/utils/ssh/ssh.go:176: Host: 192.168.48.14:22 Command: /bin/bash -c 'echo "/dev/mapper/vg_d72d3bd802d4e511a80ce2f16181289d-brick_866961089c644526b7ed050ba815e0c8 /var/lib/heketi/mounts/vg_d72d3bd802d4e511a80ce2f16181289d/brick_866961089c644526b7ed050ba815e0c8 xfs rw,inode64,noatime,nouuid 1 2" | tee -a /etc/fstab > /dev/null '
Result: 
[sshexec] DEBUG 2017/04/27 02:09:14 /src/github.com/heketi/heketi/pkg/utils/ssh/ssh.go:176: Host: 192.168.48.17:22 Command: /bin/bash -c 'echo "/dev/mapper/vg_6c7ff8b53124baa86b5b789cd93274e1-brick_6c9a0a03b79265ab6244bd4606f10bf4 /var/lib/heketi/mounts/vg_6c7ff8b53124baa86b5b789cd93274e1/brick_6c9a0a03b79265ab6244bd4606f10bf4 xfs rw,inode64,noatime,nouuid 1 2" | tee -a /etc/fstab > /dev/null '
Result: 
[sshexec] DEBUG 2017/04/27 02:09:14 /src/github.com/heketi/heketi/pkg/utils/ssh/ssh.go:176: Host: 192.168.48.12:22 Command: /bin/bash -c 'lvcreate --poolmetadatasize 8192K -c 256K -L 1048576K -T vg_403cca7edce115dc1c641acc2f5f11fb/tp_5b0f6cbc49675f6bc37a7d5630135ad5 -V 1048576K -n brick_5b0f6cbc49675f6bc37a7d5630135ad5'
Result:   Logical volume "brick_5b0f6cbc49675f6bc37a7d5630135ad5" created.
[sshexec] DEBUG 2017/04/27 02:09:14 /src/github.com/heketi/heketi/pkg/utils/ssh/ssh.go:176: Host: 192.168.48.12:22 Command: /bin/bash -c 'mkfs.xfs -i size=512 -n size=8192 /dev/mapper/vg_403cca7edce115dc1c641acc2f5f11fb-brick_5b0f6cbc49675f6bc37a7d5630135ad5'
Result: meta-data=/dev/mapper/vg_403cca7edce115dc1c641acc2f5f11fb-brick_5b0f6cbc49675f6bc37a7d5630135ad5 isize=512    agcount=8, agsize=32704 blks
         =                       sectsz=4096  attr=2, projid32bit=1
         =                       crc=1        finobt=1, sparse=0
data     =                       bsize=4096   blocks=261632, imaxpct=25
         =                       sunit=64     swidth=64 blks
naming   =version 2              bsize=8192   ascii-ci=0 ftype=1
log      =internal log           bsize=4096   blocks=576, version=2
         =                       sectsz=4096  sunit=1 blks, lazy-count=1
realtime =none                   extsz=4096   blocks=0, rtextents=0
[sshexec] DEBUG 2017/04/27 02:09:14 /src/github.com/heketi/heketi/pkg/utils/ssh/ssh.go:176: Host: 192.168.48.12:22 Command: /bin/bash -c 'echo "/dev/mapper/vg_403cca7edce115dc1c641acc2f5f11fb-brick_5b0f6cbc49675f6bc37a7d5630135ad5 /var/lib/heketi/mounts/vg_403cca7edce115dc1c641acc2f5f11fb/brick_5b0f6cbc49675f6bc37a7d5630135ad5 xfs rw,inode64,noatime,nouuid 1 2" | tee -a /etc/fstab > /dev/null '
Result: 
[sshexec] DEBUG 2017/04/27 02:09:15 /src/github.com/heketi/heketi/pkg/utils/ssh/ssh.go:176: Host: 192.168.48.12:22 Command: /bin/bash -c 'mount -o rw,inode64,noatime,nouuid /dev/mapper/vg_403cca7edce115dc1c641acc2f5f11fb-brick_5b0f6cbc49675f6bc37a7d5630135ad5 /var/lib/heketi/mounts/vg_403cca7edce115dc1c641acc2f5f11fb/brick_5b0f6cbc49675f6bc37a7d5630135ad5'
Result: 
[sshexec] DEBUG 2017/04/27 02:09:15 /src/github.com/heketi/heketi/pkg/utils/ssh/ssh.go:176: Host: 192.168.48.12:22 Command: /bin/bash -c 'mkdir /var/lib/heketi/mounts/vg_403cca7edce115dc1c641acc2f5f11fb/brick_5b0f6cbc49675f6bc37a7d5630135ad5/brick'
Result: 
[sshexec] DEBUG 2017/04/27 02:09:15 /src/github.com/heketi/heketi/pkg/utils/ssh/ssh.go:176: Host: 192.168.48.12:22 Command: /bin/bash -c 'chown :2000 /var/lib/heketi/mounts/vg_403cca7edce115dc1c641acc2f5f11fb/brick_5b0f6cbc49675f6bc37a7d5630135ad5/brick'
Result: 
[sshexec] DEBUG 2017/04/27 02:09:15 /src/github.com/heketi/heketi/pkg/utils/ssh/ssh.go:176: Host: 192.168.48.12:22 Command: /bin/bash -c 'chmod 2775 /var/lib/heketi/mounts/vg_403cca7edce115dc1c641acc2f5f11fb/brick_5b0f6cbc49675f6bc37a7d5630135ad5/brick'
Result: 
[sshexec] DEBUG 2017/04/27 02:09:15 /src/github.com/heketi/heketi/pkg/utils/ssh/ssh.go:176: Host: 192.168.48.14:22 Command: /bin/bash -c 'mount -o rw,inode64,noatime,nouuid /dev/mapper/vg_d72d3bd802d4e511a80ce2f16181289d-brick_866961089c644526b7ed050ba815e0c8 /var/lib/heketi/mounts/vg_d72d3bd802d4e511a80ce2f16181289d/brick_866961089c644526b7ed050ba815e0c8'
Result: 
[sshexec] DEBUG 2017/04/27 02:09:15 /src/github.com/heketi/heketi/pkg/utils/ssh/ssh.go:176: Host: 192.168.48.14:22 Command: /bin/bash -c 'mkdir /var/lib/heketi/mounts/vg_d72d3bd802d4e511a80ce2f16181289d/brick_866961089c644526b7ed050ba815e0c8/brick'
Result: 
[sshexec] DEBUG 2017/04/27 02:09:15 /src/github.com/heketi/heketi/pkg/utils/ssh/ssh.go:176: Host: 192.168.48.14:22 Command: /bin/bash -c 'chown :2000 /var/lib/heketi/mounts/vg_d72d3bd802d4e511a80ce2f16181289d/brick_866961089c644526b7ed050ba815e0c8/brick'
Result: 
[sshexec] DEBUG 2017/04/27 02:09:15 /src/github.com/heketi/heketi/pkg/utils/ssh/ssh.go:176: Host: 192.168.48.17:22 Command: /bin/bash -c 'mount -o rw,inode64,noatime,nouuid /dev/mapper/vg_6c7ff8b53124baa86b5b789cd93274e1-brick_6c9a0a03b79265ab6244bd4606f10bf4 /var/lib/heketi/mounts/vg_6c7ff8b53124baa86b5b789cd93274e1/brick_6c9a0a03b79265ab6244bd4606f10bf4'
Result: 
[sshexec] DEBUG 2017/04/27 02:09:15 /src/github.com/heketi/heketi/pkg/utils/ssh/ssh.go:176: Host: 192.168.48.14:22 Command: /bin/bash -c 'chmod 2775 /var/lib/heketi/mounts/vg_d72d3bd802d4e511a80ce2f16181289d/brick_866961089c644526b7ed050ba815e0c8/brick'
Result: 
[sshexec] DEBUG 2017/04/27 02:09:15 /src/github.com/heketi/heketi/pkg/utils/ssh/ssh.go:176: Host: 192.168.48.17:22 Command: /bin/bash -c 'mkdir /var/lib/heketi/mounts/vg_6c7ff8b53124baa86b5b789cd93274e1/brick_6c9a0a03b79265ab6244bd4606f10bf4/brick'
Result: 
[sshexec] DEBUG 2017/04/27 02:09:15 /src/github.com/heketi/heketi/pkg/utils/ssh/ssh.go:176: Host: 192.168.48.17:22 Command: /bin/bash -c 'chown :2000 /var/lib/heketi/mounts/vg_6c7ff8b53124baa86b5b789cd93274e1/brick_6c9a0a03b79265ab6244bd4606f10bf4/brick'
Result: 
[sshexec] DEBUG 2017/04/27 02:09:15 /src/github.com/heketi/heketi/pkg/utils/ssh/ssh.go:176: Host: 192.168.48.17:22 Command: /bin/bash -c 'chmod 2775 /var/lib/heketi/mounts/vg_6c7ff8b53124baa86b5b789cd93274e1/brick_6c9a0a03b79265ab6244bd4606f10bf4/brick'
Result: 
[sshexec] INFO 2017/04/27 02:09:15 Creating volume vol_7af0052c0f09b8ca503f7f6669aee407 replica 3
[sshexec] ERROR 2017/04/27 02:09:15 /src/github.com/heketi/heketi/pkg/utils/ssh/ssh.go:173: Failed to run command [/bin/bash -c 'gluster --mode=script volume create vol_7af0052c0f09b8ca503f7f6669aee407 replica 3 192.168.48.14:/var/lib/heketi/mounts/vg_d72d3bd802d4e511a80ce2f16181289d/brick_866961089c644526b7ed050ba815e0c8/brick 192.168.48.12:/var/lib/heketi/mounts/vg_403cca7edce115dc1c641acc2f5f11fb/brick_5b0f6cbc49675f6bc37a7d5630135ad5/brick 192.168.48.17:/var/lib/heketi/mounts/vg_6c7ff8b53124baa86b5b789cd93274e1/brick_6c9a0a03b79265ab6244bd4606f10bf4/brick '] on 192.168.48.14:22: Err[Process exited with: 1. Reason was:  ()]: Stdout []: Stderr [volume create: vol_7af0052c0f09b8ca503f7f6669aee407: failed: Staging failed on 192.168.48.17. Error: Host 192.168.48.14 is not in 'Peer in Cluster' state
Staging failed on 192.168.48.12. Error: Host 192.168.48.14 is not in 'Peer in Cluster' state
]
[sshexec] ERROR 2017/04/27 02:09:15 /src/github.com/heketi/heketi/pkg/utils/ssh/ssh.go:173: Failed to run command [/bin/bash -c 'gluster --mode=script volume stop vol_7af0052c0f09b8ca503f7f6669aee407 force'] on 192.168.48.14:22: Err[Process exited with: 1. Reason was:  ()]: Stdout []: Stderr [volume stop: vol_7af0052c0f09b8ca503f7f6669aee407: failed: Volume vol_7af0052c0f09b8ca503f7f6669aee407 does not exist
]
[sshexec] ERROR 2017/04/27 02:09:15 /src/github.com/heketi/heketi/executors/sshexec/volume.go:130: Unable to stop volume vol_7af0052c0f09b8ca503f7f6669aee407: volume stop: vol_7af0052c0f09b8ca503f7f6669aee407: failed: Volume vol_7af0052c0f09b8ca503f7f6669aee407 does not exist
[negroni] Started GET /queue/699604fdd73ae942718c88acfa940422
[negroni] Completed 200 OK in 101.557µs
[sshexec] ERROR 2017/04/27 02:09:16 /src/github.com/heketi/heketi/pkg/utils/ssh/ssh.go:173: Failed to run command [/bin/bash -c 'gluster --mode=script volume delete vol_7af0052c0f09b8ca503f7f6669aee407'] on 192.168.48.14:22: Err[Process exited with: 1. Reason was:  ()]: Stdout []: Stderr [volume delete: vol_7af0052c0f09b8ca503f7f6669aee407: failed: Volume vol_7af0052c0f09b8ca503f7f6669aee407 does not exist
]
[sshexec] ERROR 2017/04/27 02:09:16 /src/github.com/heketi/heketi/executors/sshexec/volume.go:139: Unable to delete volume vol_7af0052c0f09b8ca503f7f6669aee407: volume delete: vol_7af0052c0f09b8ca503f7f6669aee407: failed: Volume vol_7af0052c0f09b8ca503f7f6669aee407 does not exist
[heketi] INFO 2017/04/27 02:09:16 Deleting brick 866961089c644526b7ed050ba815e0c8
[heketi] INFO 2017/04/27 02:09:16 Deleting brick 6c9a0a03b79265ab6244bd4606f10bf4
[heketi] INFO 2017/04/27 02:09:16 Deleting brick 5b0f6cbc49675f6bc37a7d5630135ad5
[sshexec] DEBUG 2017/04/27 02:09:16 /src/github.com/heketi/heketi/pkg/utils/ssh/ssh.go:176: Host: 192.168.48.14:22 Command: /bin/bash -c 'umount /var/lib/heketi/mounts/vg_d72d3bd802d4e511a80ce2f16181289d/brick_866961089c644526b7ed050ba815e0c8'
Result: 
[sshexec] DEBUG 2017/04/27 02:09:16 /src/github.com/heketi/heketi/pkg/utils/ssh/ssh.go:176: Host: 192.168.48.12:22 Command: /bin/bash -c 'umount /var/lib/heketi/mounts/vg_403cca7edce115dc1c641acc2f5f11fb/brick_5b0f6cbc49675f6bc37a7d5630135ad5'
Result: 
[sshexec] DEBUG 2017/04/27 02:09:16 /src/github.com/heketi/heketi/pkg/utils/ssh/ssh.go:176: Host: 192.168.48.17:22 Command: /bin/bash -c 'umount /var/lib/heketi/mounts/vg_6c7ff8b53124baa86b5b789cd93274e1/brick_6c9a0a03b79265ab6244bd4606f10bf4'
Result: 
[negroni] Started GET /queue/699604fdd73ae942718c88acfa940422
[negroni] Completed 200 OK in 73.728µs
[sshexec] DEBUG 2017/04/27 02:09:16 /src/github.com/heketi/heketi/pkg/utils/ssh/ssh.go:176: Host: 192.168.48.14:22 Command: /bin/bash -c 'lvremove -f vg_d72d3bd802d4e511a80ce2f16181289d/tp_866961089c644526b7ed050ba815e0c8'
Result:   Logical volume "brick_866961089c644526b7ed050ba815e0c8" successfully removed
  Logical volume "tp_866961089c644526b7ed050ba815e0c8" successfully removed
[sshexec] DEBUG 2017/04/27 02:09:16 /src/github.com/heketi/heketi/pkg/utils/ssh/ssh.go:176: Host: 192.168.48.17:22 Command: /bin/bash -c 'lvremove -f vg_6c7ff8b53124baa86b5b789cd93274e1/tp_6c9a0a03b79265ab6244bd4606f10bf4'
Result:   Logical volume "brick_6c9a0a03b79265ab6244bd4606f10bf4" successfully removed
  Logical volume "tp_6c9a0a03b79265ab6244bd4606f10bf4" successfully removed
[sshexec] DEBUG 2017/04/27 02:09:16 /src/github.com/heketi/heketi/pkg/utils/ssh/ssh.go:176: Host: 192.168.48.12:22 Command: /bin/bash -c 'lvremove -f vg_403cca7edce115dc1c641acc2f5f11fb/tp_5b0f6cbc49675f6bc37a7d5630135ad5'
Result:   Logical volume "brick_5b0f6cbc49675f6bc37a7d5630135ad5" successfully removed
  Logical volume "tp_5b0f6cbc49675f6bc37a7d5630135ad5" successfully removed
[sshexec] DEBUG 2017/04/27 02:09:17 /src/github.com/heketi/heketi/pkg/utils/ssh/ssh.go:176: Host: 192.168.48.14:22 Command: /bin/bash -c 'rmdir /var/lib/heketi/mounts/vg_d72d3bd802d4e511a80ce2f16181289d/brick_866961089c644526b7ed050ba815e0c8'
Result: 
[sshexec] DEBUG 2017/04/27 02:09:17 /src/github.com/heketi/heketi/pkg/utils/ssh/ssh.go:176: Host: 192.168.48.12:22 Command: /bin/bash -c 'rmdir /var/lib/heketi/mounts/vg_403cca7edce115dc1c641acc2f5f11fb/brick_5b0f6cbc49675f6bc37a7d5630135ad5'
Result: 
[sshexec] DEBUG 2017/04/27 02:09:17 /src/github.com/heketi/heketi/pkg/utils/ssh/ssh.go:176: Host: 192.168.48.17:22 Command: /bin/bash -c 'rmdir /var/lib/heketi/mounts/vg_6c7ff8b53124baa86b5b789cd93274e1/brick_6c9a0a03b79265ab6244bd4606f10bf4'
Result: 
[sshexec] DEBUG 2017/04/27 02:09:17 /src/github.com/heketi/heketi/pkg/utils/ssh/ssh.go:176: Host: 192.168.48.14:22 Command: /bin/bash -c 'sed -i.save "/brick_866961089c644526b7ed050ba815e0c8/d" /etc/fstab'
Result: 
[sshexec] DEBUG 2017/04/27 02:09:17 /src/github.com/heketi/heketi/pkg/utils/ssh/ssh.go:176: Host: 192.168.48.12:22 Command: /bin/bash -c 'sed -i.save "/brick_5b0f6cbc49675f6bc37a7d5630135ad5/d" /etc/fstab'
Result: 
[sshexec] DEBUG 2017/04/27 02:09:17 /src/github.com/heketi/heketi/pkg/utils/ssh/ssh.go:176: Host: 192.168.48.17:22 Command: /bin/bash -c 'sed -i.save "/brick_6c9a0a03b79265ab6244bd4606f10bf4/d" /etc/fstab'
Result: 
[asynchttp] INFO 2017/04/27 02:09:17 Completed job 699604fdd73ae942718c88acfa940422 in 3.679296916s
[heketi] ERROR 2017/04/27 02:09:17 /src/github.com/heketi/heketi/apps/glusterfs/app_volume.go:148: Failed to create volume: volume create: vol_7af0052c0f09b8ca503f7f6669aee407: failed: Staging failed on 192.168.48.17. Error: Host 192.168.48.14 is not in 'Peer in Cluster' state
Staging failed on 192.168.48.12. Error: Host 192.168.48.14 is not in 'Peer in Cluster' state
[negroni] Started GET /queue/699604fdd73ae942718c88acfa940422
[negroni] Completed 500 Internal Server Error in 62.36µs
[negroni] Started POST /volumes
[negroni] Completed 202 Accepted in 19.971966ms
[asynchttp] INFO 2017/04/27 02:09:28 Started job a08dd71d2552f53fe975d7ebee0a120c
[heketi] INFO 2017/04/27 02:09:28 Creating volume a6905b97ec9e0561387406ce7d0d1cf4
[heketi] INFO 2017/04/27 02:09:28 brick_num: 0
[negroni] Started GET /queue/a08dd71d2552f53fe975d7ebee0a120c
[negroni] Completed 200 OK in 162.946µs
[heketi] INFO 2017/04/27 02:09:28 Creating brick 2d3f24afd16dcd7badb1d3898e1dce81
[heketi] INFO 2017/04/27 02:09:28 Creating brick bc33b15a6c5984a620be9d13118c1a6e
[heketi] INFO 2017/04/27 02:09:28 Creating brick 843349c5c862ca6ef553388979a093c2
[sshexec] DEBUG 2017/04/27 02:09:29 /src/github.com/heketi/heketi/pkg/utils/ssh/ssh.go:176: Host: 192.168.48.12:22 Command: /bin/bash -c 'mkdir -p /var/lib/heketi/mounts/vg_403cca7edce115dc1c641acc2f5f11fb/brick_2d3f24afd16dcd7badb1d3898e1dce81'
Result: 
[sshexec] DEBUG 2017/04/27 02:09:29 /src/github.com/heketi/heketi/pkg/utils/ssh/ssh.go:176: Host: 192.168.48.14:22 Command: /bin/bash -c 'mkdir -p /var/lib/heketi/mounts/vg_d72d3bd802d4e511a80ce2f16181289d/brick_843349c5c862ca6ef553388979a093c2'
Result: 
[sshexec] DEBUG 2017/04/27 02:09:29 /src/github.com/heketi/heketi/pkg/utils/ssh/ssh.go:176: Host: 192.168.48.17:22 Command: /bin/bash -c 'mkdir -p /var/lib/heketi/mounts/vg_6c7ff8b53124baa86b5b789cd93274e1/brick_bc33b15a6c5984a620be9d13118c1a6e'
Result: 
[sshexec] DEBUG 2017/04/27 02:09:29 /src/github.com/heketi/heketi/pkg/utils/ssh/ssh.go:176: Host: 192.168.48.12:22 Command: /bin/bash -c 'lvcreate --poolmetadatasize 8192K -c 256K -L 1048576K -T vg_403cca7edce115dc1c641acc2f5f11fb/tp_2d3f24afd16dcd7badb1d3898e1dce81 -V 1048576K -n brick_2d3f24afd16dcd7badb1d3898e1dce81'
Result:   Logical volume "brick_2d3f24afd16dcd7badb1d3898e1dce81" created.
[sshexec] DEBUG 2017/04/27 02:09:29 /src/github.com/heketi/heketi/pkg/utils/ssh/ssh.go:176: Host: 192.168.48.17:22 Command: /bin/bash -c 'lvcreate --poolmetadatasize 8192K -c 256K -L 1048576K -T vg_6c7ff8b53124baa86b5b789cd93274e1/tp_bc33b15a6c5984a620be9d13118c1a6e -V 1048576K -n brick_bc33b15a6c5984a620be9d13118c1a6e'
Result:   Logical volume "brick_bc33b15a6c5984a620be9d13118c1a6e" created.
[sshexec] DEBUG 2017/04/27 02:09:29 /src/github.com/heketi/heketi/pkg/utils/ssh/ssh.go:176: Host: 192.168.48.14:22 Command: /bin/bash -c 'lvcreate --poolmetadatasize 8192K -c 256K -L 1048576K -T vg_d72d3bd802d4e511a80ce2f16181289d/tp_843349c5c862ca6ef553388979a093c2 -V 1048576K -n brick_843349c5c862ca6ef553388979a093c2'
Result:   Logical volume "brick_843349c5c862ca6ef553388979a093c2" created.
[sshexec] DEBUG 2017/04/27 02:09:29 /src/github.com/heketi/heketi/pkg/utils/ssh/ssh.go:176: Host: 192.168.48.12:22 Command: /bin/bash -c 'mkfs.xfs -i size=512 -n size=8192 /dev/mapper/vg_403cca7edce115dc1c641acc2f5f11fb-brick_2d3f24afd16dcd7badb1d3898e1dce81'
Result: meta-data=/dev/mapper/vg_403cca7edce115dc1c641acc2f5f11fb-brick_2d3f24afd16dcd7badb1d3898e1dce81 isize=512    agcount=8, agsize=32704 blks
         =                       sectsz=4096  attr=2, projid32bit=1
         =                       crc=1        finobt=1, sparse=0
data     =                       bsize=4096   blocks=261632, imaxpct=25
         =                       sunit=64     swidth=64 blks
naming   =version 2              bsize=8192   ascii-ci=0 ftype=1
log      =internal log           bsize=4096   blocks=576, version=2
         =                       sectsz=4096  sunit=1 blks, lazy-count=1
realtime =none                   extsz=4096   blocks=0, rtextents=0
[sshexec] DEBUG 2017/04/27 02:09:29 /src/github.com/heketi/heketi/pkg/utils/ssh/ssh.go:176: Host: 192.168.48.12:22 Command: /bin/bash -c 'echo "/dev/mapper/vg_403cca7edce115dc1c641acc2f5f11fb-brick_2d3f24afd16dcd7badb1d3898e1dce81 /var/lib/heketi/mounts/vg_403cca7edce115dc1c641acc2f5f11fb/brick_2d3f24afd16dcd7badb1d3898e1dce81 xfs rw,inode64,noatime,nouuid 1 2" | tee -a /etc/fstab > /dev/null '
Result: 
[negroni] Started GET /queue/a08dd71d2552f53fe975d7ebee0a120c
[negroni] Completed 200 OK in 118.989µs
[sshexec] DEBUG 2017/04/27 02:09:29 /src/github.com/heketi/heketi/pkg/utils/ssh/ssh.go:176: Host: 192.168.48.17:22 Command: /bin/bash -c 'mkfs.xfs -i size=512 -n size=8192 /dev/mapper/vg_6c7ff8b53124baa86b5b789cd93274e1-brick_bc33b15a6c5984a620be9d13118c1a6e'
Result: meta-data=/dev/mapper/vg_6c7ff8b53124baa86b5b789cd93274e1-brick_bc33b15a6c5984a620be9d13118c1a6e isize=512    agcount=8, agsize=32704 blks
         =                       sectsz=512   attr=2, projid32bit=1
         =                       crc=1        finobt=1, sparse=0
data     =                       bsize=4096   blocks=261632, imaxpct=25
         =                       sunit=64     swidth=64 blks
naming   =version 2              bsize=8192   ascii-ci=0 ftype=1
log      =internal log           bsize=4096   blocks=1728, version=2
         =                       sectsz=512   sunit=64 blks, lazy-count=1
realtime =none                   extsz=4096   blocks=0, rtextents=0
[sshexec] DEBUG 2017/04/27 02:09:29 /src/github.com/heketi/heketi/pkg/utils/ssh/ssh.go:176: Host: 192.168.48.14:22 Command: /bin/bash -c 'mkfs.xfs -i size=512 -n size=8192 /dev/mapper/vg_d72d3bd802d4e511a80ce2f16181289d-brick_843349c5c862ca6ef553388979a093c2'
Result: meta-data=/dev/mapper/vg_d72d3bd802d4e511a80ce2f16181289d-brick_843349c5c862ca6ef553388979a093c2 isize=512    agcount=8, agsize=32704 blks
         =                       sectsz=512   attr=2, projid32bit=1
         =                       crc=1        finobt=1, sparse=0
data     =                       bsize=4096   blocks=261632, imaxpct=25
         =                       sunit=64     swidth=64 blks
naming   =version 2              bsize=8192   ascii-ci=0 ftype=1
log      =internal log           bsize=4096   blocks=1728, version=2
         =                       sectsz=512   sunit=64 blks, lazy-count=1
realtime =none                   extsz=4096   blocks=0, rtextents=0
[sshexec] DEBUG 2017/04/27 02:09:29 /src/github.com/heketi/heketi/pkg/utils/ssh/ssh.go:176: Host: 192.168.48.17:22 Command: /bin/bash -c 'echo "/dev/mapper/vg_6c7ff8b53124baa86b5b789cd93274e1-brick_bc33b15a6c5984a620be9d13118c1a6e /var/lib/heketi/mounts/vg_6c7ff8b53124baa86b5b789cd93274e1/brick_bc33b15a6c5984a620be9d13118c1a6e xfs rw,inode64,noatime,nouuid 1 2" | tee -a /etc/fstab > /dev/null '
Result: 
[sshexec] DEBUG 2017/04/27 02:09:29 /src/github.com/heketi/heketi/pkg/utils/ssh/ssh.go:176: Host: 192.168.48.14:22 Command: /bin/bash -c 'echo "/dev/mapper/vg_d72d3bd802d4e511a80ce2f16181289d-brick_843349c5c862ca6ef553388979a093c2 /var/lib/heketi/mounts/vg_d72d3bd802d4e511a80ce2f16181289d/brick_843349c5c862ca6ef553388979a093c2 xfs rw,inode64,noatime,nouuid 1 2" | tee -a /etc/fstab > /dev/null '
Result: 
[sshexec] DEBUG 2017/04/27 02:09:29 /src/github.com/heketi/heketi/pkg/utils/ssh/ssh.go:176: Host: 192.168.48.12:22 Command: /bin/bash -c 'mount -o rw,inode64,noatime,nouuid /dev/mapper/vg_403cca7edce115dc1c641acc2f5f11fb-brick_2d3f24afd16dcd7badb1d3898e1dce81 /var/lib/heketi/mounts/vg_403cca7edce115dc1c641acc2f5f11fb/brick_2d3f24afd16dcd7badb1d3898e1dce81'
Result: 
[sshexec] DEBUG 2017/04/27 02:09:29 /src/github.com/heketi/heketi/pkg/utils/ssh/ssh.go:176: Host: 192.168.48.12:22 Command: /bin/bash -c 'mkdir /var/lib/heketi/mounts/vg_403cca7edce115dc1c641acc2f5f11fb/brick_2d3f24afd16dcd7badb1d3898e1dce81/brick'
Result: 
[sshexec] DEBUG 2017/04/27 02:09:29 /src/github.com/heketi/heketi/pkg/utils/ssh/ssh.go:176: Host: 192.168.48.12:22 Command: /bin/bash -c 'chown :2000 /var/lib/heketi/mounts/vg_403cca7edce115dc1c641acc2f5f11fb/brick_2d3f24afd16dcd7badb1d3898e1dce81/brick'
Result: 
[sshexec] DEBUG 2017/04/27 02:09:29 /src/github.com/heketi/heketi/pkg/utils/ssh/ssh.go:176: Host: 192.168.48.12:22 Command: /bin/bash -c 'chmod 2775 /var/lib/heketi/mounts/vg_403cca7edce115dc1c641acc2f5f11fb/brick_2d3f24afd16dcd7badb1d3898e1dce81/brick'
Result: 
[sshexec] DEBUG 2017/04/27 02:09:30 /src/github.com/heketi/heketi/pkg/utils/ssh/ssh.go:176: Host: 192.168.48.17:22 Command: /bin/bash -c 'mount -o rw,inode64,noatime,nouuid /dev/mapper/vg_6c7ff8b53124baa86b5b789cd93274e1-brick_bc33b15a6c5984a620be9d13118c1a6e /var/lib/heketi/mounts/vg_6c7ff8b53124baa86b5b789cd93274e1/brick_bc33b15a6c5984a620be9d13118c1a6e'
Result: 
[sshexec] DEBUG 2017/04/27 02:09:30 /src/github.com/heketi/heketi/pkg/utils/ssh/ssh.go:176: Host: 192.168.48.14:22 Command: /bin/bash -c 'mount -o rw,inode64,noatime,nouuid /dev/mapper/vg_d72d3bd802d4e511a80ce2f16181289d-brick_843349c5c862ca6ef553388979a093c2 /var/lib/heketi/mounts/vg_d72d3bd802d4e511a80ce2f16181289d/brick_843349c5c862ca6ef553388979a093c2'
Result: 
[sshexec] DEBUG 2017/04/27 02:09:30 /src/github.com/heketi/heketi/pkg/utils/ssh/ssh.go:176: Host: 192.168.48.17:22 Command: /bin/bash -c 'mkdir /var/lib/heketi/mounts/vg_6c7ff8b53124baa86b5b789cd93274e1/brick_bc33b15a6c5984a620be9d13118c1a6e/brick'
Result: 
[sshexec] DEBUG 2017/04/27 02:09:30 /src/github.com/heketi/heketi/pkg/utils/ssh/ssh.go:176: Host: 192.168.48.14:22 Command: /bin/bash -c 'mkdir /var/lib/heketi/mounts/vg_d72d3bd802d4e511a80ce2f16181289d/brick_843349c5c862ca6ef553388979a093c2/brick'
Result: 
[sshexec] DEBUG 2017/04/27 02:09:30 /src/github.com/heketi/heketi/pkg/utils/ssh/ssh.go:176: Host: 192.168.48.17:22 Command: /bin/bash -c 'chown :2000 /var/lib/heketi/mounts/vg_6c7ff8b53124baa86b5b789cd93274e1/brick_bc33b15a6c5984a620be9d13118c1a6e/brick'
Result: 
[sshexec] DEBUG 2017/04/27 02:09:30 /src/github.com/heketi/heketi/pkg/utils/ssh/ssh.go:176: Host: 192.168.48.14:22 Command: /bin/bash -c 'chown :2000 /var/lib/heketi/mounts/vg_d72d3bd802d4e511a80ce2f16181289d/brick_843349c5c862ca6ef553388979a093c2/brick'
Result: 
[sshexec] DEBUG 2017/04/27 02:09:30 /src/github.com/heketi/heketi/pkg/utils/ssh/ssh.go:176: Host: 192.168.48.14:22 Command: /bin/bash -c 'chmod 2775 /var/lib/heketi/mounts/vg_d72d3bd802d4e511a80ce2f16181289d/brick_843349c5c862ca6ef553388979a093c2/brick'
Result: 
[sshexec] DEBUG 2017/04/27 02:09:30 /src/github.com/heketi/heketi/pkg/utils/ssh/ssh.go:176: Host: 192.168.48.17:22 Command: /bin/bash -c 'chmod 2775 /var/lib/heketi/mounts/vg_6c7ff8b53124baa86b5b789cd93274e1/brick_bc33b15a6c5984a620be9d13118c1a6e/brick'
Result: 
[sshexec] INFO 2017/04/27 02:09:30 Creating volume vol_a6905b97ec9e0561387406ce7d0d1cf4 replica 3
[sshexec] ERROR 2017/04/27 02:09:30 /src/github.com/heketi/heketi/pkg/utils/ssh/ssh.go:173: Failed to run command [/bin/bash -c 'gluster --mode=script volume create vol_a6905b97ec9e0561387406ce7d0d1cf4 replica 3 192.168.48.12:/var/lib/heketi/mounts/vg_403cca7edce115dc1c641acc2f5f11fb/brick_2d3f24afd16dcd7badb1d3898e1dce81/brick 192.168.48.17:/var/lib/heketi/mounts/vg_6c7ff8b53124baa86b5b789cd93274e1/brick_bc33b15a6c5984a620be9d13118c1a6e/brick 192.168.48.14:/var/lib/heketi/mounts/vg_d72d3bd802d4e511a80ce2f16181289d/brick_843349c5c862ca6ef553388979a093c2/brick '] on 192.168.48.12:22: Err[Process exited with: 1. Reason was:  ()]: Stdout []: Stderr [volume create: vol_a6905b97ec9e0561387406ce7d0d1cf4: failed: Host 192.168.48.14 is not in 'Peer in Cluster' state
]
[negroni] Started GET /queue/a08dd71d2552f53fe975d7ebee0a120c
[negroni] Completed 200 OK in 82.272µs
[sshexec] ERROR 2017/04/27 02:09:30 /src/github.com/heketi/heketi/pkg/utils/ssh/ssh.go:173: Failed to run command [/bin/bash -c 'gluster --mode=script volume stop vol_a6905b97ec9e0561387406ce7d0d1cf4 force'] on 192.168.48.12:22: Err[Process exited with: 1. Reason was:  ()]: Stdout []: Stderr [volume stop: vol_a6905b97ec9e0561387406ce7d0d1cf4: failed: Volume vol_a6905b97ec9e0561387406ce7d0d1cf4 does not exist
]
[sshexec] ERROR 2017/04/27 02:09:30 /src/github.com/heketi/heketi/executors/sshexec/volume.go:130: Unable to stop volume vol_a6905b97ec9e0561387406ce7d0d1cf4: volume stop: vol_a6905b97ec9e0561387406ce7d0d1cf4: failed: Volume vol_a6905b97ec9e0561387406ce7d0d1cf4 does not exist
[sshexec] ERROR 2017/04/27 02:09:31 /src/github.com/heketi/heketi/pkg/utils/ssh/ssh.go:173: Failed to run command [/bin/bash -c 'gluster --mode=script volume delete vol_a6905b97ec9e0561387406ce7d0d1cf4'] on 192.168.48.12:22: Err[Process exited with: 1. Reason was:  ()]: Stdout []: Stderr [volume delete: vol_a6905b97ec9e0561387406ce7d0d1cf4: failed: Volume vol_a6905b97ec9e0561387406ce7d0d1cf4 does not exist
]
[sshexec] ERROR 2017/04/27 02:09:31 /src/github.com/heketi/heketi/executors/sshexec/volume.go:139: Unable to delete volume vol_a6905b97ec9e0561387406ce7d0d1cf4: volume delete: vol_a6905b97ec9e0561387406ce7d0d1cf4: failed: Volume vol_a6905b97ec9e0561387406ce7d0d1cf4 does not exist
[heketi] INFO 2017/04/27 02:09:31 Deleting brick 2d3f24afd16dcd7badb1d3898e1dce81
[heketi] INFO 2017/04/27 02:09:31 Deleting brick 843349c5c862ca6ef553388979a093c2
[heketi] INFO 2017/04/27 02:09:31 Deleting brick bc33b15a6c5984a620be9d13118c1a6e
[sshexec] DEBUG 2017/04/27 02:09:31 /src/github.com/heketi/heketi/pkg/utils/ssh/ssh.go:176: Host: 192.168.48.12:22 Command: /bin/bash -c 'umount /var/lib/heketi/mounts/vg_403cca7edce115dc1c641acc2f5f11fb/brick_2d3f24afd16dcd7badb1d3898e1dce81'
Result: 
[sshexec] DEBUG 2017/04/27 02:09:31 /src/github.com/heketi/heketi/pkg/utils/ssh/ssh.go:176: Host: 192.168.48.14:22 Command: /bin/bash -c 'umount /var/lib/heketi/mounts/vg_d72d3bd802d4e511a80ce2f16181289d/brick_843349c5c862ca6ef553388979a093c2'
Result: 
[sshexec] DEBUG 2017/04/27 02:09:31 /src/github.com/heketi/heketi/pkg/utils/ssh/ssh.go:176: Host: 192.168.48.17:22 Command: /bin/bash -c 'umount /var/lib/heketi/mounts/vg_6c7ff8b53124baa86b5b789cd93274e1/brick_bc33b15a6c5984a620be9d13118c1a6e'
Result: 
[negroni] Started GET /queue/a08dd71d2552f53fe975d7ebee0a120c
[negroni] Completed 200 OK in 72.189µs
[sshexec] DEBUG 2017/04/27 02:09:31 /src/github.com/heketi/heketi/pkg/utils/ssh/ssh.go:176: Host: 192.168.48.17:22 Command: /bin/bash -c 'lvremove -f vg_6c7ff8b53124baa86b5b789cd93274e1/tp_bc33b15a6c5984a620be9d13118c1a6e'
Result:   Logical volume "brick_bc33b15a6c5984a620be9d13118c1a6e" successfully removed
  Logical volume "tp_bc33b15a6c5984a620be9d13118c1a6e" successfully removed
[sshexec] DEBUG 2017/04/27 02:09:31 /src/github.com/heketi/heketi/pkg/utils/ssh/ssh.go:176: Host: 192.168.48.14:22 Command: /bin/bash -c 'lvremove -f vg_d72d3bd802d4e511a80ce2f16181289d/tp_843349c5c862ca6ef553388979a093c2'
Result:   Logical volume "brick_843349c5c862ca6ef553388979a093c2" successfully removed
  Logical volume "tp_843349c5c862ca6ef553388979a093c2" successfully removed
[sshexec] DEBUG 2017/04/27 02:09:32 /src/github.com/heketi/heketi/pkg/utils/ssh/ssh.go:176: Host: 192.168.48.12:22 Command: /bin/bash -c 'lvremove -f vg_403cca7edce115dc1c641acc2f5f11fb/tp_2d3f24afd16dcd7badb1d3898e1dce81'
Result:   Logical volume "brick_2d3f24afd16dcd7badb1d3898e1dce81" successfully removed
  Logical volume "tp_2d3f24afd16dcd7badb1d3898e1dce81" successfully removed
[sshexec] DEBUG 2017/04/27 02:09:32 /src/github.com/heketi/heketi/pkg/utils/ssh/ssh.go:176: Host: 192.168.48.17:22 Command: /bin/bash -c 'rmdir /var/lib/heketi/mounts/vg_6c7ff8b53124baa86b5b789cd93274e1/brick_bc33b15a6c5984a620be9d13118c1a6e'
Result: 
[sshexec] DEBUG 2017/04/27 02:09:32 /src/github.com/heketi/heketi/pkg/utils/ssh/ssh.go:176: Host: 192.168.48.14:22 Command: /bin/bash -c 'rmdir /var/lib/heketi/mounts/vg_d72d3bd802d4e511a80ce2f16181289d/brick_843349c5c862ca6ef553388979a093c2'
Result: 
[sshexec] DEBUG 2017/04/27 02:09:32 /src/github.com/heketi/heketi/pkg/utils/ssh/ssh.go:176: Host: 192.168.48.12:22 Command: /bin/bash -c 'rmdir /var/lib/heketi/mounts/vg_403cca7edce115dc1c641acc2f5f11fb/brick_2d3f24afd16dcd7badb1d3898e1dce81'
Result: 
[sshexec] DEBUG 2017/04/27 02:09:32 /src/github.com/heketi/heketi/pkg/utils/ssh/ssh.go:176: Host: 192.168.48.17:22 Command: /bin/bash -c 'sed -i.save "/brick_bc33b15a6c5984a620be9d13118c1a6e/d" /etc/fstab'
Result: 
[sshexec] DEBUG 2017/04/27 02:09:32 /src/github.com/heketi/heketi/pkg/utils/ssh/ssh.go:176: Host: 192.168.48.14:22 Command: /bin/bash -c 'sed -i.save "/brick_843349c5c862ca6ef553388979a093c2/d" /etc/fstab'
Result: 
[sshexec] DEBUG 2017/04/27 02:09:32 /src/github.com/heketi/heketi/pkg/utils/ssh/ssh.go:176: Host: 192.168.48.12:22 Command: /bin/bash -c 'sed -i.save "/brick_2d3f24afd16dcd7badb1d3898e1dce81/d" /etc/fstab'
Result: 
[heketi] ERROR 2017/04/27 02:09:32 /src/github.com/heketi/heketi/apps/glusterfs/app_volume.go:148: Failed to create volume: volume create: vol_a6905b97ec9e0561387406ce7d0d1cf4: failed: Host 192.168.48.14 is not in 'Peer in Cluster' state
[asynchttp] INFO 2017/04/27 02:09:32 Completed job a08dd71d2552f53fe975d7ebee0a120c in 3.733550734s
[negroni] Started GET /queue/a08dd71d2552f53fe975d7ebee0a120c
[negroni] Completed 500 Internal Server Error in 74.36µs
[negroni] Started POST /volumes
[negroni] Completed 202 Accepted in 15.891839ms
[asynchttp] INFO 2017/04/27 02:09:43 Started job 299d79cf493f04018772b0d392f9559c
[heketi] INFO 2017/04/27 02:09:43 Creating volume 6bb05cc3ad36f99754a1eac0e91e281f
[heketi] INFO 2017/04/27 02:09:43 brick_num: 0
[negroni] Started GET /queue/299d79cf493f04018772b0d392f9559c
[negroni] Completed 200 OK in 120.746µs
[heketi] INFO 2017/04/27 02:09:43 Creating brick a34a6caa48b375395bbfc452a4a1e908
[heketi] INFO 2017/04/27 02:09:43 Creating brick 0e23ff1a390c696f33b997a622bb9aba
[heketi] INFO 2017/04/27 02:09:43 Creating brick 926d06cb7c8fd0579865ae54211f871c
[sshexec] DEBUG 2017/04/27 02:09:44 /src/github.com/heketi/heketi/pkg/utils/ssh/ssh.go:176: Host: 192.168.48.12:22 Command: /bin/bash -c 'mkdir -p /var/lib/heketi/mounts/vg_403cca7edce115dc1c641acc2f5f11fb/brick_a34a6caa48b375395bbfc452a4a1e908'
Result: 
[sshexec] DEBUG 2017/04/27 02:09:44 /src/github.com/heketi/heketi/pkg/utils/ssh/ssh.go:176: Host: 192.168.48.14:22 Command: /bin/bash -c 'mkdir -p /var/lib/heketi/mounts/vg_d72d3bd802d4e511a80ce2f16181289d/brick_0e23ff1a390c696f33b997a622bb9aba'
Result: 
[sshexec] DEBUG 2017/04/27 02:09:44 /src/github.com/heketi/heketi/pkg/utils/ssh/ssh.go:176: Host: 192.168.48.17:22 Command: /bin/bash -c 'mkdir -p /var/lib/heketi/mounts/vg_6c7ff8b53124baa86b5b789cd93274e1/brick_926d06cb7c8fd0579865ae54211f871c'
Result: 
[sshexec] DEBUG 2017/04/27 02:09:44 /src/github.com/heketi/heketi/pkg/utils/ssh/ssh.go:176: Host: 192.168.48.12:22 Command: /bin/bash -c 'lvcreate --poolmetadatasize 8192K -c 256K -L 1048576K -T vg_403cca7edce115dc1c641acc2f5f11fb/tp_a34a6caa48b375395bbfc452a4a1e908 -V 1048576K -n brick_a34a6caa48b375395bbfc452a4a1e908'
Result:   Logical volume "brick_a34a6caa48b375395bbfc452a4a1e908" created.
[sshexec] DEBUG 2017/04/27 02:09:44 /src/github.com/heketi/heketi/pkg/utils/ssh/ssh.go:176: Host: 192.168.48.14:22 Command: /bin/bash -c 'lvcreate --poolmetadatasize 8192K -c 256K -L 1048576K -T vg_d72d3bd802d4e511a80ce2f16181289d/tp_0e23ff1a390c696f33b997a622bb9aba -V 1048576K -n brick_0e23ff1a390c696f33b997a622bb9aba'
Result:   Logical volume "brick_0e23ff1a390c696f33b997a622bb9aba" created.
[sshexec] DEBUG 2017/04/27 02:09:44 /src/github.com/heketi/heketi/pkg/utils/ssh/ssh.go:176: Host: 192.168.48.17:22 Command: /bin/bash -c 'lvcreate --poolmetadatasize 8192K -c 256K -L 1048576K -T vg_6c7ff8b53124baa86b5b789cd93274e1/tp_926d06cb7c8fd0579865ae54211f871c -V 1048576K -n brick_926d06cb7c8fd0579865ae54211f871c'
Result:   Logical volume "brick_926d06cb7c8fd0579865ae54211f871c" created.
[sshexec] DEBUG 2017/04/27 02:09:44 /src/github.com/heketi/heketi/pkg/utils/ssh/ssh.go:176: Host: 192.168.48.12:22 Command: /bin/bash -c 'mkfs.xfs -i size=512 -n size=8192 /dev/mapper/vg_403cca7edce115dc1c641acc2f5f11fb-brick_a34a6caa48b375395bbfc452a4a1e908'
Result: meta-data=/dev/mapper/vg_403cca7edce115dc1c641acc2f5f11fb-brick_a34a6caa48b375395bbfc452a4a1e908 isize=512    agcount=8, agsize=32704 blks
         =                       sectsz=4096  attr=2, projid32bit=1
         =                       crc=1        finobt=1, sparse=0
data     =                       bsize=4096   blocks=261632, imaxpct=25
         =                       sunit=64     swidth=64 blks
naming   =version 2              bsize=8192   ascii-ci=0 ftype=1
log      =internal log           bsize=4096   blocks=576, version=2
         =                       sectsz=4096  sunit=1 blks, lazy-count=1
realtime =none                   extsz=4096   blocks=0, rtextents=0
[sshexec] DEBUG 2017/04/27 02:09:44 /src/github.com/heketi/heketi/pkg/utils/ssh/ssh.go:176: Host: 192.168.48.12:22 Command: /bin/bash -c 'echo "/dev/mapper/vg_403cca7edce115dc1c641acc2f5f11fb-brick_a34a6caa48b375395bbfc452a4a1e908 /var/lib/heketi/mounts/vg_403cca7edce115dc1c641acc2f5f11fb/brick_a34a6caa48b375395bbfc452a4a1e908 xfs rw,inode64,noatime,nouuid 1 2" | tee -a /etc/fstab > /dev/null '
Result: 
[negroni] Started GET /queue/299d79cf493f04018772b0d392f9559c
[negroni] Completed 200 OK in 61.646µs
[sshexec] DEBUG 2017/04/27 02:09:44 /src/github.com/heketi/heketi/pkg/utils/ssh/ssh.go:176: Host: 192.168.48.17:22 Command: /bin/bash -c 'mkfs.xfs -i size=512 -n size=8192 /dev/mapper/vg_6c7ff8b53124baa86b5b789cd93274e1-brick_926d06cb7c8fd0579865ae54211f871c'
Result: meta-data=/dev/mapper/vg_6c7ff8b53124baa86b5b789cd93274e1-brick_926d06cb7c8fd0579865ae54211f871c isize=512    agcount=8, agsize=32704 blks
         =                       sectsz=512   attr=2, projid32bit=1
         =                       crc=1        finobt=1, sparse=0
data     =                       bsize=4096   blocks=261632, imaxpct=25
         =                       sunit=64     swidth=64 blks
naming   =version 2              bsize=8192   ascii-ci=0 ftype=1
log      =internal log           bsize=4096   blocks=1728, version=2
         =                       sectsz=512   sunit=64 blks, lazy-count=1
realtime =none                   extsz=4096   blocks=0, rtextents=0
[sshexec] DEBUG 2017/04/27 02:09:44 /src/github.com/heketi/heketi/pkg/utils/ssh/ssh.go:176: Host: 192.168.48.17:22 Command: /bin/bash -c 'echo "/dev/mapper/vg_6c7ff8b53124baa86b5b789cd93274e1-brick_926d06cb7c8fd0579865ae54211f871c /var/lib/heketi/mounts/vg_6c7ff8b53124baa86b5b789cd93274e1/brick_926d06cb7c8fd0579865ae54211f871c xfs rw,inode64,noatime,nouuid 1 2" | tee -a /etc/fstab > /dev/null '
Result: 
[sshexec] DEBUG 2017/04/27 02:09:44 /src/github.com/heketi/heketi/pkg/utils/ssh/ssh.go:176: Host: 192.168.48.14:22 Command: /bin/bash -c 'mkfs.xfs -i size=512 -n size=8192 /dev/mapper/vg_d72d3bd802d4e511a80ce2f16181289d-brick_0e23ff1a390c696f33b997a622bb9aba'
Result: meta-data=/dev/mapper/vg_d72d3bd802d4e511a80ce2f16181289d-brick_0e23ff1a390c696f33b997a622bb9aba isize=512    agcount=8, agsize=32704 blks
         =                       sectsz=512   attr=2, projid32bit=1
         =                       crc=1        finobt=1, sparse=0
data     =                       bsize=4096   blocks=261632, imaxpct=25
         =                       sunit=64     swidth=64 blks
naming   =version 2              bsize=8192   ascii-ci=0 ftype=1
log      =internal log           bsize=4096   blocks=1728, version=2
         =                       sectsz=512   sunit=64 blks, lazy-count=1
realtime =none                   extsz=4096   blocks=0, rtextents=0
[sshexec] DEBUG 2017/04/27 02:09:44 /src/github.com/heketi/heketi/pkg/utils/ssh/ssh.go:176: Host: 192.168.48.14:22 Command: /bin/bash -c 'echo "/dev/mapper/vg_d72d3bd802d4e511a80ce2f16181289d-brick_0e23ff1a390c696f33b997a622bb9aba /var/lib/heketi/mounts/vg_d72d3bd802d4e511a80ce2f16181289d/brick_0e23ff1a390c696f33b997a622bb9aba xfs rw,inode64,noatime,nouuid 1 2" | tee -a /etc/fstab > /dev/null '
Result: 
[sshexec] DEBUG 2017/04/27 02:09:44 /src/github.com/heketi/heketi/pkg/utils/ssh/ssh.go:176: Host: 192.168.48.12:22 Command: /bin/bash -c 'mount -o rw,inode64,noatime,nouuid /dev/mapper/vg_403cca7edce115dc1c641acc2f5f11fb-brick_a34a6caa48b375395bbfc452a4a1e908 /var/lib/heketi/mounts/vg_403cca7edce115dc1c641acc2f5f11fb/brick_a34a6caa48b375395bbfc452a4a1e908'
Result: 
[sshexec] DEBUG 2017/04/27 02:09:44 /src/github.com/heketi/heketi/pkg/utils/ssh/ssh.go:176: Host: 192.168.48.12:22 Command: /bin/bash -c 'mkdir /var/lib/heketi/mounts/vg_403cca7edce115dc1c641acc2f5f11fb/brick_a34a6caa48b375395bbfc452a4a1e908/brick'
Result: 
[sshexec] DEBUG 2017/04/27 02:09:44 /src/github.com/heketi/heketi/pkg/utils/ssh/ssh.go:176: Host: 192.168.48.12:22 Command: /bin/bash -c 'chown :2000 /var/lib/heketi/mounts/vg_403cca7edce115dc1c641acc2f5f11fb/brick_a34a6caa48b375395bbfc452a4a1e908/brick'
Result: 
[sshexec] DEBUG 2017/04/27 02:09:44 /src/github.com/heketi/heketi/pkg/utils/ssh/ssh.go:176: Host: 192.168.48.12:22 Command: /bin/bash -c 'chmod 2775 /var/lib/heketi/mounts/vg_403cca7edce115dc1c641acc2f5f11fb/brick_a34a6caa48b375395bbfc452a4a1e908/brick'
Result: 
[sshexec] DEBUG 2017/04/27 02:09:45 /src/github.com/heketi/heketi/pkg/utils/ssh/ssh.go:176: Host: 192.168.48.17:22 Command: /bin/bash -c 'mount -o rw,inode64,noatime,nouuid /dev/mapper/vg_6c7ff8b53124baa86b5b789cd93274e1-brick_926d06cb7c8fd0579865ae54211f871c /var/lib/heketi/mounts/vg_6c7ff8b53124baa86b5b789cd93274e1/brick_926d06cb7c8fd0579865ae54211f871c'
Result: 
[sshexec] DEBUG 2017/04/27 02:09:45 /src/github.com/heketi/heketi/pkg/utils/ssh/ssh.go:176: Host: 192.168.48.17:22 Command: /bin/bash -c 'mkdir /var/lib/heketi/mounts/vg_6c7ff8b53124baa86b5b789cd93274e1/brick_926d06cb7c8fd0579865ae54211f871c/brick'
Result: 
[sshexec] DEBUG 2017/04/27 02:09:45 /src/github.com/heketi/heketi/pkg/utils/ssh/ssh.go:176: Host: 192.168.48.17:22 Command: /bin/bash -c 'chown :2000 /var/lib/heketi/mounts/vg_6c7ff8b53124baa86b5b789cd93274e1/brick_926d06cb7c8fd0579865ae54211f871c/brick'
Result: 
[sshexec] DEBUG 2017/04/27 02:09:45 /src/github.com/heketi/heketi/pkg/utils/ssh/ssh.go:176: Host: 192.168.48.17:22 Command: /bin/bash -c 'chmod 2775 /var/lib/heketi/mounts/vg_6c7ff8b53124baa86b5b789cd93274e1/brick_926d06cb7c8fd0579865ae54211f871c/brick'
Result: 
[sshexec] DEBUG 2017/04/27 02:09:45 /src/github.com/heketi/heketi/pkg/utils/ssh/ssh.go:176: Host: 192.168.48.14:22 Command: /bin/bash -c 'mount -o rw,inode64,noatime,nouuid /dev/mapper/vg_d72d3bd802d4e511a80ce2f16181289d-brick_0e23ff1a390c696f33b997a622bb9aba /var/lib/heketi/mounts/vg_d72d3bd802d4e511a80ce2f16181289d/brick_0e23ff1a390c696f33b997a622bb9aba'
Result: 
[sshexec] DEBUG 2017/04/27 02:09:45 /src/github.com/heketi/heketi/pkg/utils/ssh/ssh.go:176: Host: 192.168.48.14:22 Command: /bin/bash -c 'mkdir /var/lib/heketi/mounts/vg_d72d3bd802d4e511a80ce2f16181289d/brick_0e23ff1a390c696f33b997a622bb9aba/brick'
Result: 
[sshexec] DEBUG 2017/04/27 02:09:45 /src/github.com/heketi/heketi/pkg/utils/ssh/ssh.go:176: Host: 192.168.48.14:22 Command: /bin/bash -c 'chown :2000 /var/lib/heketi/mounts/vg_d72d3bd802d4e511a80ce2f16181289d/brick_0e23ff1a390c696f33b997a622bb9aba/brick'
Result: 
[sshexec] DEBUG 2017/04/27 02:09:45 /src/github.com/heketi/heketi/pkg/utils/ssh/ssh.go:176: Host: 192.168.48.14:22 Command: /bin/bash -c 'chmod 2775 /var/lib/heketi/mounts/vg_d72d3bd802d4e511a80ce2f16181289d/brick_0e23ff1a390c696f33b997a622bb9aba/brick'
Result: 
[sshexec] INFO 2017/04/27 02:09:45 Creating volume vol_6bb05cc3ad36f99754a1eac0e91e281f replica 3
[sshexec] ERROR 2017/04/27 02:09:45 /src/github.com/heketi/heketi/pkg/utils/ssh/ssh.go:173: Failed to run command [/bin/bash -c 'gluster --mode=script volume create vol_6bb05cc3ad36f99754a1eac0e91e281f replica 3 192.168.48.12:/var/lib/heketi/mounts/vg_403cca7edce115dc1c641acc2f5f11fb/brick_a34a6caa48b375395bbfc452a4a1e908/brick 192.168.48.17:/var/lib/heketi/mounts/vg_6c7ff8b53124baa86b5b789cd93274e1/brick_926d06cb7c8fd0579865ae54211f871c/brick 192.168.48.14:/var/lib/heketi/mounts/vg_d72d3bd802d4e511a80ce2f16181289d/brick_0e23ff1a390c696f33b997a622bb9aba/brick '] on 192.168.48.12:22: Err[Process exited with: 1. Reason was:  ()]: Stdout []: Stderr [volume create: vol_6bb05cc3ad36f99754a1eac0e91e281f: failed: Host 192.168.48.14 is not in 'Peer in Cluster' state
]
[negroni] Started GET /queue/299d79cf493f04018772b0d392f9559c
[negroni] Completed 200 OK in 228.828µs
[sshexec] ERROR 2017/04/27 02:09:45 /src/github.com/heketi/heketi/pkg/utils/ssh/ssh.go:173: Failed to run command [/bin/bash -c 'gluster --mode=script volume stop vol_6bb05cc3ad36f99754a1eac0e91e281f force'] on 192.168.48.12:22: Err[Process exited with: 1. Reason was:  ()]: Stdout []: Stderr [volume stop: vol_6bb05cc3ad36f99754a1eac0e91e281f: failed: Volume vol_6bb05cc3ad36f99754a1eac0e91e281f does not exist
]
[sshexec] ERROR 2017/04/27 02:09:45 /src/github.com/heketi/heketi/executors/sshexec/volume.go:130: Unable to stop volume vol_6bb05cc3ad36f99754a1eac0e91e281f: volume stop: vol_6bb05cc3ad36f99754a1eac0e91e281f: failed: Volume vol_6bb05cc3ad36f99754a1eac0e91e281f does not exist
[sshexec] ERROR 2017/04/27 02:09:46 /src/github.com/heketi/heketi/pkg/utils/ssh/ssh.go:173: Failed to run command [/bin/bash -c 'gluster --mode=script volume delete vol_6bb05cc3ad36f99754a1eac0e91e281f'] on 192.168.48.12:22: Err[Process exited with: 1. Reason was:  ()]: Stdout []: Stderr [volume delete: vol_6bb05cc3ad36f99754a1eac0e91e281f: failed: Volume vol_6bb05cc3ad36f99754a1eac0e91e281f does not exist
]
[sshexec] ERROR 2017/04/27 02:09:46 /src/github.com/heketi/heketi/executors/sshexec/volume.go:139: Unable to delete volume vol_6bb05cc3ad36f99754a1eac0e91e281f: volume delete: vol_6bb05cc3ad36f99754a1eac0e91e281f: failed: Volume vol_6bb05cc3ad36f99754a1eac0e91e281f does not exist
[heketi] INFO 2017/04/27 02:09:46 Deleting brick a34a6caa48b375395bbfc452a4a1e908
[heketi] INFO 2017/04/27 02:09:46 Deleting brick 926d06cb7c8fd0579865ae54211f871c
[heketi] INFO 2017/04/27 02:09:46 Deleting brick 0e23ff1a390c696f33b997a622bb9aba
[sshexec] DEBUG 2017/04/27 02:09:46 /src/github.com/heketi/heketi/pkg/utils/ssh/ssh.go:176: Host: 192.168.48.14:22 Command: /bin/bash -c 'umount /var/lib/heketi/mounts/vg_d72d3bd802d4e511a80ce2f16181289d/brick_0e23ff1a390c696f33b997a622bb9aba'
Result: 
[sshexec] DEBUG 2017/04/27 02:09:46 /src/github.com/heketi/heketi/pkg/utils/ssh/ssh.go:176: Host: 192.168.48.12:22 Command: /bin/bash -c 'umount /var/lib/heketi/mounts/vg_403cca7edce115dc1c641acc2f5f11fb/brick_a34a6caa48b375395bbfc452a4a1e908'
Result: 
[sshexec] DEBUG 2017/04/27 02:09:46 /src/github.com/heketi/heketi/pkg/utils/ssh/ssh.go:176: Host: 192.168.48.17:22 Command: /bin/bash -c 'umount /var/lib/heketi/mounts/vg_6c7ff8b53124baa86b5b789cd93274e1/brick_926d06cb7c8fd0579865ae54211f871c'
Result: 
[negroni] Started GET /queue/299d79cf493f04018772b0d392f9559c
[negroni] Completed 200 OK in 83.677µs
[sshexec] DEBUG 2017/04/27 02:09:46 /src/github.com/heketi/heketi/pkg/utils/ssh/ssh.go:176: Host: 192.168.48.14:22 Command: /bin/bash -c 'lvremove -f vg_d72d3bd802d4e511a80ce2f16181289d/tp_0e23ff1a390c696f33b997a622bb9aba'
Result:   Logical volume "brick_0e23ff1a390c696f33b997a622bb9aba" successfully removed
  Logical volume "tp_0e23ff1a390c696f33b997a622bb9aba" successfully removed
[sshexec] DEBUG 2017/04/27 02:09:47 /src/github.com/heketi/heketi/pkg/utils/ssh/ssh.go:176: Host: 192.168.48.17:22 Command: /bin/bash -c 'lvremove -f vg_6c7ff8b53124baa86b5b789cd93274e1/tp_926d06cb7c8fd0579865ae54211f871c'
Result:   Logical volume "brick_926d06cb7c8fd0579865ae54211f871c" successfully removed
  Logical volume "tp_926d06cb7c8fd0579865ae54211f871c" successfully removed
[sshexec] DEBUG 2017/04/27 02:09:47 /src/github.com/heketi/heketi/pkg/utils/ssh/ssh.go:176: Host: 192.168.48.12:22 Command: /bin/bash -c 'lvremove -f vg_403cca7edce115dc1c641acc2f5f11fb/tp_a34a6caa48b375395bbfc452a4a1e908'
Result:   Logical volume "brick_a34a6caa48b375395bbfc452a4a1e908" successfully removed
  Logical volume "tp_a34a6caa48b375395bbfc452a4a1e908" successfully removed
[sshexec] DEBUG 2017/04/27 02:09:47 /src/github.com/heketi/heketi/pkg/utils/ssh/ssh.go:176: Host: 192.168.48.14:22 Command: /bin/bash -c 'rmdir /var/lib/heketi/mounts/vg_d72d3bd802d4e511a80ce2f16181289d/brick_0e23ff1a390c696f33b997a622bb9aba'
Result: 
[sshexec] DEBUG 2017/04/27 02:09:47 /src/github.com/heketi/heketi/pkg/utils/ssh/ssh.go:176: Host: 192.168.48.17:22 Command: /bin/bash -c 'rmdir /var/lib/heketi/mounts/vg_6c7ff8b53124baa86b5b789cd93274e1/brick_926d06cb7c8fd0579865ae54211f871c'
Result: 
[sshexec] DEBUG 2017/04/27 02:09:47 /src/github.com/heketi/heketi/pkg/utils/ssh/ssh.go:176: Host: 192.168.48.14:22 Command: /bin/bash -c 'sed -i.save "/brick_0e23ff1a390c696f33b997a622bb9aba/d" /etc/fstab'
Result: 
[sshexec] DEBUG 2017/04/27 02:09:47 /src/github.com/heketi/heketi/pkg/utils/ssh/ssh.go:176: Host: 192.168.48.12:22 Command: /bin/bash -c 'rmdir /var/lib/heketi/mounts/vg_403cca7edce115dc1c641acc2f5f11fb/brick_a34a6caa48b375395bbfc452a4a1e908'
Result: 
[sshexec] DEBUG 2017/04/27 02:09:47 /src/github.com/heketi/heketi/pkg/utils/ssh/ssh.go:176: Host: 192.168.48.17:22 Command: /bin/bash -c 'sed -i.save "/brick_926d06cb7c8fd0579865ae54211f871c/d" /etc/fstab'
Result: 
[sshexec] DEBUG 2017/04/27 02:09:47 /src/github.com/heketi/heketi/pkg/utils/ssh/ssh.go:176: Host: 192.168.48.12:22 Command: /bin/bash -c 'sed -i.save "/brick_a34a6caa48b375395bbfc452a4a1e908/d" /etc/fstab'
Result: 
[heketi] ERROR 2017/04/27 02:09:47 /src/github.com/heketi/heketi/apps/glusterfs/app_volume.go:148: Failed to create volume: volume create: vol_6bb05cc3ad36f99754a1eac0e91e281f: failed: Host 192.168.48.14 is not in 'Peer in Cluster' state
[asynchttp] INFO 2017/04/27 02:09:47 Completed job 299d79cf493f04018772b0d392f9559c in 3.795037637s
[negroni] Started GET /queue/299d79cf493f04018772b0d392f9559c
[negroni] Completed 500 Internal Server Error in 116.878µs
[negroni] Started POST /volumes
[negroni] Completed 202 Accepted in 15.85027ms
[asynchttp] INFO 2017/04/27 02:09:58 Started job 9adeaa9b21a57c8f1ae4fe394e467e31
[heketi] INFO 2017/04/27 02:09:58 Creating volume 80536ef05e64860d99cdcd7bac6515ee
[heketi] INFO 2017/04/27 02:09:58 brick_num: 0
[negroni] Started GET /queue/9adeaa9b21a57c8f1ae4fe394e467e31
[negroni] Completed 200 OK in 70.231µs
[heketi] INFO 2017/04/27 02:09:58 Creating brick 04a7e275946e05d7f83ca6e11dc42f5b
[heketi] INFO 2017/04/27 02:09:58 Creating brick 3577579b3aa7c2216d584fa4285afe5d
[heketi] INFO 2017/04/27 02:09:58 Creating brick e56857abf6f814be51bc71db9f08c685
[sshexec] DEBUG 2017/04/27 02:09:59 /src/github.com/heketi/heketi/pkg/utils/ssh/ssh.go:176: Host: 192.168.48.12:22 Command: /bin/bash -c 'mkdir -p /var/lib/heketi/mounts/vg_403cca7edce115dc1c641acc2f5f11fb/brick_e56857abf6f814be51bc71db9f08c685'
Result: 
[sshexec] DEBUG 2017/04/27 02:09:59 /src/github.com/heketi/heketi/pkg/utils/ssh/ssh.go:176: Host: 192.168.48.14:22 Command: /bin/bash -c 'mkdir -p /var/lib/heketi/mounts/vg_d72d3bd802d4e511a80ce2f16181289d/brick_04a7e275946e05d7f83ca6e11dc42f5b'
Result: 
[sshexec] DEBUG 2017/04/27 02:09:59 /src/github.com/heketi/heketi/pkg/utils/ssh/ssh.go:176: Host: 192.168.48.17:22 Command: /bin/bash -c 'mkdir -p /var/lib/heketi/mounts/vg_6c7ff8b53124baa86b5b789cd93274e1/brick_3577579b3aa7c2216d584fa4285afe5d'
Result: 
[sshexec] DEBUG 2017/04/27 02:09:59 /src/github.com/heketi/heketi/pkg/utils/ssh/ssh.go:176: Host: 192.168.48.17:22 Command: /bin/bash -c 'lvcreate --poolmetadatasize 8192K -c 256K -L 1048576K -T vg_6c7ff8b53124baa86b5b789cd93274e1/tp_3577579b3aa7c2216d584fa4285afe5d -V 1048576K -n brick_3577579b3aa7c2216d584fa4285afe5d'
Result:   Logical volume "brick_3577579b3aa7c2216d584fa4285afe5d" created.
[sshexec] DEBUG 2017/04/27 02:09:59 /src/github.com/heketi/heketi/pkg/utils/ssh/ssh.go:176: Host: 192.168.48.12:22 Command: /bin/bash -c 'lvcreate --poolmetadatasize 8192K -c 256K -L 1048576K -T vg_403cca7edce115dc1c641acc2f5f11fb/tp_e56857abf6f814be51bc71db9f08c685 -V 1048576K -n brick_e56857abf6f814be51bc71db9f08c685'
Result:   Logical volume "brick_e56857abf6f814be51bc71db9f08c685" created.
[sshexec] DEBUG 2017/04/27 02:09:59 /src/github.com/heketi/heketi/pkg/utils/ssh/ssh.go:176: Host: 192.168.48.14:22 Command: /bin/bash -c 'lvcreate --poolmetadatasize 8192K -c 256K -L 1048576K -T vg_d72d3bd802d4e511a80ce2f16181289d/tp_04a7e275946e05d7f83ca6e11dc42f5b -V 1048576K -n brick_04a7e275946e05d7f83ca6e11dc42f5b'
Result:   Logical volume "brick_04a7e275946e05d7f83ca6e11dc42f5b" created.
[negroni] Started GET /queue/9adeaa9b21a57c8f1ae4fe394e467e31
[negroni] Completed 200 OK in 123.585µs
[sshexec] DEBUG 2017/04/27 02:09:59 /src/github.com/heketi/heketi/pkg/utils/ssh/ssh.go:176: Host: 192.168.48.14:22 Command: /bin/bash -c 'mkfs.xfs -i size=512 -n size=8192 /dev/mapper/vg_d72d3bd802d4e511a80ce2f16181289d-brick_04a7e275946e05d7f83ca6e11dc42f5b'
Result: meta-data=/dev/mapper/vg_d72d3bd802d4e511a80ce2f16181289d-brick_04a7e275946e05d7f83ca6e11dc42f5b isize=512    agcount=8, agsize=32704 blks
         =                       sectsz=512   attr=2, projid32bit=1
         =                       crc=1        finobt=1, sparse=0
data     =                       bsize=4096   blocks=261632, imaxpct=25
         =                       sunit=64     swidth=64 blks
naming   =version 2              bsize=8192   ascii-ci=0 ftype=1
log      =internal log           bsize=4096   blocks=1728, version=2
         =                       sectsz=512   sunit=64 blks, lazy-count=1
realtime =none                   extsz=4096   blocks=0, rtextents=0
[sshexec] DEBUG 2017/04/27 02:09:59 /src/github.com/heketi/heketi/pkg/utils/ssh/ssh.go:176: Host: 192.168.48.14:22 Command: /bin/bash -c 'echo "/dev/mapper/vg_d72d3bd802d4e511a80ce2f16181289d-brick_04a7e275946e05d7f83ca6e11dc42f5b /var/lib/heketi/mounts/vg_d72d3bd802d4e511a80ce2f16181289d/brick_04a7e275946e05d7f83ca6e11dc42f5b xfs rw,inode64,noatime,nouuid 1 2" | tee -a /etc/fstab > /dev/null '
Result: 
[sshexec] DEBUG 2017/04/27 02:09:59 /src/github.com/heketi/heketi/pkg/utils/ssh/ssh.go:176: Host: 192.168.48.17:22 Command: /bin/bash -c 'mkfs.xfs -i size=512 -n size=8192 /dev/mapper/vg_6c7ff8b53124baa86b5b789cd93274e1-brick_3577579b3aa7c2216d584fa4285afe5d'
Result: meta-data=/dev/mapper/vg_6c7ff8b53124baa86b5b789cd93274e1-brick_3577579b3aa7c2216d584fa4285afe5d isize=512    agcount=8, agsize=32704 blks
         =                       sectsz=512   attr=2, projid32bit=1
         =                       crc=1        finobt=1, sparse=0
data     =                       bsize=4096   blocks=261632, imaxpct=25
         =                       sunit=64     swidth=64 blks
naming   =version 2              bsize=8192   ascii-ci=0 ftype=1
log      =internal log           bsize=4096   blocks=1728, version=2
         =                       sectsz=512   sunit=64 blks, lazy-count=1
realtime =none                   extsz=4096   blocks=0, rtextents=0
[sshexec] DEBUG 2017/04/27 02:09:59 /src/github.com/heketi/heketi/pkg/utils/ssh/ssh.go:176: Host: 192.168.48.12:22 Command: /bin/bash -c 'mkfs.xfs -i size=512 -n size=8192 /dev/mapper/vg_403cca7edce115dc1c641acc2f5f11fb-brick_e56857abf6f814be51bc71db9f08c685'
Result: meta-data=/dev/mapper/vg_403cca7edce115dc1c641acc2f5f11fb-brick_e56857abf6f814be51bc71db9f08c685 isize=512    agcount=8, agsize=32704 blks
         =                       sectsz=4096  attr=2, projid32bit=1
         =                       crc=1        finobt=1, sparse=0
data     =                       bsize=4096   blocks=261632, imaxpct=25
         =                       sunit=64     swidth=64 blks
naming   =version 2              bsize=8192   ascii-ci=0 ftype=1
log      =internal log           bsize=4096   blocks=576, version=2
         =                       sectsz=4096  sunit=1 blks, lazy-count=1
realtime =none                   extsz=4096   blocks=0, rtextents=0
[sshexec] DEBUG 2017/04/27 02:09:59 /src/github.com/heketi/heketi/pkg/utils/ssh/ssh.go:176: Host: 192.168.48.17:22 Command: /bin/bash -c 'echo "/dev/mapper/vg_6c7ff8b53124baa86b5b789cd93274e1-brick_3577579b3aa7c2216d584fa4285afe5d /var/lib/heketi/mounts/vg_6c7ff8b53124baa86b5b789cd93274e1/brick_3577579b3aa7c2216d584fa4285afe5d xfs rw,inode64,noatime,nouuid 1 2" | tee -a /etc/fstab > /dev/null '
Result: 
[sshexec] DEBUG 2017/04/27 02:09:59 /src/github.com/heketi/heketi/pkg/utils/ssh/ssh.go:176: Host: 192.168.48.12:22 Command: /bin/bash -c 'echo "/dev/mapper/vg_403cca7edce115dc1c641acc2f5f11fb-brick_e56857abf6f814be51bc71db9f08c685 /var/lib/heketi/mounts/vg_403cca7edce115dc1c641acc2f5f11fb/brick_e56857abf6f814be51bc71db9f08c685 xfs rw,inode64,noatime,nouuid 1 2" | tee -a /etc/fstab > /dev/null '
Result: 
[sshexec] DEBUG 2017/04/27 02:09:59 /src/github.com/heketi/heketi/pkg/utils/ssh/ssh.go:176: Host: 192.168.48.12:22 Command: /bin/bash -c 'mount -o rw,inode64,noatime,nouuid /dev/mapper/vg_403cca7edce115dc1c641acc2f5f11fb-brick_e56857abf6f814be51bc71db9f08c685 /var/lib/heketi/mounts/vg_403cca7edce115dc1c641acc2f5f11fb/brick_e56857abf6f814be51bc71db9f08c685'
Result: 
[sshexec] DEBUG 2017/04/27 02:09:59 /src/github.com/heketi/heketi/pkg/utils/ssh/ssh.go:176: Host: 192.168.48.12:22 Command: /bin/bash -c 'mkdir /var/lib/heketi/mounts/vg_403cca7edce115dc1c641acc2f5f11fb/brick_e56857abf6f814be51bc71db9f08c685/brick'
Result: 
[sshexec] DEBUG 2017/04/27 02:10:00 /src/github.com/heketi/heketi/pkg/utils/ssh/ssh.go:176: Host: 192.168.48.12:22 Command: /bin/bash -c 'chown :2000 /var/lib/heketi/mounts/vg_403cca7edce115dc1c641acc2f5f11fb/brick_e56857abf6f814be51bc71db9f08c685/brick'
Result: 
[sshexec] DEBUG 2017/04/27 02:10:00 /src/github.com/heketi/heketi/pkg/utils/ssh/ssh.go:176: Host: 192.168.48.12:22 Command: /bin/bash -c 'chmod 2775 /var/lib/heketi/mounts/vg_403cca7edce115dc1c641acc2f5f11fb/brick_e56857abf6f814be51bc71db9f08c685/brick'
Result: 
[sshexec] DEBUG 2017/04/27 02:10:00 /src/github.com/heketi/heketi/pkg/utils/ssh/ssh.go:176: Host: 192.168.48.14:22 Command: /bin/bash -c 'mount -o rw,inode64,noatime,nouuid /dev/mapper/vg_d72d3bd802d4e511a80ce2f16181289d-brick_04a7e275946e05d7f83ca6e11dc42f5b /var/lib/heketi/mounts/vg_d72d3bd802d4e511a80ce2f16181289d/brick_04a7e275946e05d7f83ca6e11dc42f5b'
Result: 
[sshexec] DEBUG 2017/04/27 02:10:00 /src/github.com/heketi/heketi/pkg/utils/ssh/ssh.go:176: Host: 192.168.48.14:22 Command: /bin/bash -c 'mkdir /var/lib/heketi/mounts/vg_d72d3bd802d4e511a80ce2f16181289d/brick_04a7e275946e05d7f83ca6e11dc42f5b/brick'
Result: 
[sshexec] DEBUG 2017/04/27 02:10:00 /src/github.com/heketi/heketi/pkg/utils/ssh/ssh.go:176: Host: 192.168.48.14:22 Command: /bin/bash -c 'chown :2000 /var/lib/heketi/mounts/vg_d72d3bd802d4e511a80ce2f16181289d/brick_04a7e275946e05d7f83ca6e11dc42f5b/brick'
Result: 
[sshexec] DEBUG 2017/04/27 02:10:00 /src/github.com/heketi/heketi/pkg/utils/ssh/ssh.go:176: Host: 192.168.48.14:22 Command: /bin/bash -c 'chmod 2775 /var/lib/heketi/mounts/vg_d72d3bd802d4e511a80ce2f16181289d/brick_04a7e275946e05d7f83ca6e11dc42f5b/brick'
Result: 
[sshexec] DEBUG 2017/04/27 02:10:00 /src/github.com/heketi/heketi/pkg/utils/ssh/ssh.go:176: Host: 192.168.48.17:22 Command: /bin/bash -c 'mount -o rw,inode64,noatime,nouuid /dev/mapper/vg_6c7ff8b53124baa86b5b789cd93274e1-brick_3577579b3aa7c2216d584fa4285afe5d /var/lib/heketi/mounts/vg_6c7ff8b53124baa86b5b789cd93274e1/brick_3577579b3aa7c2216d584fa4285afe5d'
Result: 
[sshexec] DEBUG 2017/04/27 02:10:00 /src/github.com/heketi/heketi/pkg/utils/ssh/ssh.go:176: Host: 192.168.48.17:22 Command: /bin/bash -c 'mkdir /var/lib/heketi/mounts/vg_6c7ff8b53124baa86b5b789cd93274e1/brick_3577579b3aa7c2216d584fa4285afe5d/brick'
Result: 
[sshexec] DEBUG 2017/04/27 02:10:00 /src/github.com/heketi/heketi/pkg/utils/ssh/ssh.go:176: Host: 192.168.48.17:22 Command: /bin/bash -c 'chown :2000 /var/lib/heketi/mounts/vg_6c7ff8b53124baa86b5b789cd93274e1/brick_3577579b3aa7c2216d584fa4285afe5d/brick'
Result: 
[sshexec] DEBUG 2017/04/27 02:10:00 /src/github.com/heketi/heketi/pkg/utils/ssh/ssh.go:176: Host: 192.168.48.17:22 Command: /bin/bash -c 'chmod 2775 /var/lib/heketi/mounts/vg_6c7ff8b53124baa86b5b789cd93274e1/brick_3577579b3aa7c2216d584fa4285afe5d/brick'
Result: 
[sshexec] INFO 2017/04/27 02:10:00 Creating volume vol_80536ef05e64860d99cdcd7bac6515ee replica 3
[sshexec] ERROR 2017/04/27 02:10:00 /src/github.com/heketi/heketi/pkg/utils/ssh/ssh.go:173: Failed to run command [/bin/bash -c 'gluster --mode=script volume create vol_80536ef05e64860d99cdcd7bac6515ee replica 3 192.168.48.12:/var/lib/heketi/mounts/vg_403cca7edce115dc1c641acc2f5f11fb/brick_e56857abf6f814be51bc71db9f08c685/brick 192.168.48.17:/var/lib/heketi/mounts/vg_6c7ff8b53124baa86b5b789cd93274e1/brick_3577579b3aa7c2216d584fa4285afe5d/brick 192.168.48.14:/var/lib/heketi/mounts/vg_d72d3bd802d4e511a80ce2f16181289d/brick_04a7e275946e05d7f83ca6e11dc42f5b/brick '] on 192.168.48.12:22: Err[Process exited with: 1. Reason was:  ()]: Stdout []: Stderr [volume create: vol_80536ef05e64860d99cdcd7bac6515ee: failed: Host 192.168.48.14 is not in 'Peer in Cluster' state
]
[sshexec] ERROR 2017/04/27 02:10:00 /src/github.com/heketi/heketi/pkg/utils/ssh/ssh.go:173: Failed to run command [/bin/bash -c 'gluster --mode=script volume stop vol_80536ef05e64860d99cdcd7bac6515ee force'] on 192.168.48.12:22: Err[Process exited with: 1. Reason was:  ()]: Stdout []: Stderr [volume stop: vol_80536ef05e64860d99cdcd7bac6515ee: failed: Volume vol_80536ef05e64860d99cdcd7bac6515ee does not exist
]
[sshexec] ERROR 2017/04/27 02:10:00 /src/github.com/heketi/heketi/executors/sshexec/volume.go:130: Unable to stop volume vol_80536ef05e64860d99cdcd7bac6515ee: volume stop: vol_80536ef05e64860d99cdcd7bac6515ee: failed: Volume vol_80536ef05e64860d99cdcd7bac6515ee does not exist
[negroni] Started GET /queue/9adeaa9b21a57c8f1ae4fe394e467e31
[negroni] Completed 200 OK in 76.335µs
[sshexec] ERROR 2017/04/27 02:10:00 /src/github.com/heketi/heketi/pkg/utils/ssh/ssh.go:173: Failed to run command [/bin/bash -c 'gluster --mode=script volume delete vol_80536ef05e64860d99cdcd7bac6515ee'] on 192.168.48.12:22: Err[Process exited with: 1. Reason was:  ()]: Stdout []: Stderr [volume delete: vol_80536ef05e64860d99cdcd7bac6515ee: failed: Volume vol_80536ef05e64860d99cdcd7bac6515ee does not exist
]
[sshexec] ERROR 2017/04/27 02:10:00 /src/github.com/heketi/heketi/executors/sshexec/volume.go:139: Unable to delete volume vol_80536ef05e64860d99cdcd7bac6515ee: volume delete: vol_80536ef05e64860d99cdcd7bac6515ee: failed: Volume vol_80536ef05e64860d99cdcd7bac6515ee does not exist
[heketi] INFO 2017/04/27 02:10:00 Deleting brick e56857abf6f814be51bc71db9f08c685
[heketi] INFO 2017/04/27 02:10:00 Deleting brick 04a7e275946e05d7f83ca6e11dc42f5b
[heketi] INFO 2017/04/27 02:10:00 Deleting brick 3577579b3aa7c2216d584fa4285afe5d
[sshexec] DEBUG 2017/04/27 02:10:01 /src/github.com/heketi/heketi/pkg/utils/ssh/ssh.go:176: Host: 192.168.48.12:22 Command: /bin/bash -c 'umount /var/lib/heketi/mounts/vg_403cca7edce115dc1c641acc2f5f11fb/brick_e56857abf6f814be51bc71db9f08c685'
Result: 
[sshexec] DEBUG 2017/04/27 02:10:01 /src/github.com/heketi/heketi/pkg/utils/ssh/ssh.go:176: Host: 192.168.48.14:22 Command: /bin/bash -c 'umount /var/lib/heketi/mounts/vg_d72d3bd802d4e511a80ce2f16181289d/brick_04a7e275946e05d7f83ca6e11dc42f5b'
Result: 
[sshexec] DEBUG 2017/04/27 02:10:01 /src/github.com/heketi/heketi/pkg/utils/ssh/ssh.go:176: Host: 192.168.48.17:22 Command: /bin/bash -c 'umount /var/lib/heketi/mounts/vg_6c7ff8b53124baa86b5b789cd93274e1/brick_3577579b3aa7c2216d584fa4285afe5d'
Result: 
[sshexec] DEBUG 2017/04/27 02:10:01 /src/github.com/heketi/heketi/pkg/utils/ssh/ssh.go:176: Host: 192.168.48.17:22 Command: /bin/bash -c 'lvremove -f vg_6c7ff8b53124baa86b5b789cd93274e1/tp_3577579b3aa7c2216d584fa4285afe5d'
Result:   Logical volume "brick_3577579b3aa7c2216d584fa4285afe5d" successfully removed
  Logical volume "tp_3577579b3aa7c2216d584fa4285afe5d" successfully removed
[sshexec] DEBUG 2017/04/27 02:10:01 /src/github.com/heketi/heketi/pkg/utils/ssh/ssh.go:176: Host: 192.168.48.14:22 Command: /bin/bash -c 'lvremove -f vg_d72d3bd802d4e511a80ce2f16181289d/tp_04a7e275946e05d7f83ca6e11dc42f5b'
Result:   Logical volume "brick_04a7e275946e05d7f83ca6e11dc42f5b" successfully removed
  Logical volume "tp_04a7e275946e05d7f83ca6e11dc42f5b" successfully removed
[sshexec] DEBUG 2017/04/27 02:10:01 /src/github.com/heketi/heketi/pkg/utils/ssh/ssh.go:176: Host: 192.168.48.12:22 Command: /bin/bash -c 'lvremove -f vg_403cca7edce115dc1c641acc2f5f11fb/tp_e56857abf6f814be51bc71db9f08c685'
Result:   Logical volume "brick_e56857abf6f814be51bc71db9f08c685" successfully removed
  Logical volume "tp_e56857abf6f814be51bc71db9f08c685" successfully removed
[negroni] Started GET /queue/9adeaa9b21a57c8f1ae4fe394e467e31
[negroni] Completed 200 OK in 61.937µs
[sshexec] DEBUG 2017/04/27 02:10:01 /src/github.com/heketi/heketi/pkg/utils/ssh/ssh.go:176: Host: 192.168.48.17:22 Command: /bin/bash -c 'rmdir /var/lib/heketi/mounts/vg_6c7ff8b53124baa86b5b789cd93274e1/brick_3577579b3aa7c2216d584fa4285afe5d'
Result: 
[sshexec] DEBUG 2017/04/27 02:10:02 /src/github.com/heketi/heketi/pkg/utils/ssh/ssh.go:176: Host: 192.168.48.14:22 Command: /bin/bash -c 'rmdir /var/lib/heketi/mounts/vg_d72d3bd802d4e511a80ce2f16181289d/brick_04a7e275946e05d7f83ca6e11dc42f5b'
Result: 
[sshexec] DEBUG 2017/04/27 02:10:02 /src/github.com/heketi/heketi/pkg/utils/ssh/ssh.go:176: Host: 192.168.48.12:22 Command: /bin/bash -c 'rmdir /var/lib/heketi/mounts/vg_403cca7edce115dc1c641acc2f5f11fb/brick_e56857abf6f814be51bc71db9f08c685'
Result: 
[sshexec] DEBUG 2017/04/27 02:10:02 /src/github.com/heketi/heketi/pkg/utils/ssh/ssh.go:176: Host: 192.168.48.14:22 Command: /bin/bash -c 'sed -i.save "/brick_04a7e275946e05d7f83ca6e11dc42f5b/d" /etc/fstab'
Result: 
[sshexec] DEBUG 2017/04/27 02:10:02 /src/github.com/heketi/heketi/pkg/utils/ssh/ssh.go:176: Host: 192.168.48.17:22 Command: /bin/bash -c 'sed -i.save "/brick_3577579b3aa7c2216d584fa4285afe5d/d" /etc/fstab'
Result: 
[sshexec] DEBUG 2017/04/27 02:10:02 /src/github.com/heketi/heketi/pkg/utils/ssh/ssh.go:176: Host: 192.168.48.12:22 Command: /bin/bash -c 'sed -i.save "/brick_e56857abf6f814be51bc71db9f08c685/d" /etc/fstab'
Result: 
[heketi] ERROR 2017/04/27 02:10:02 /src/github.com/heketi/heketi/apps/glusterfs/app_volume.go:148: Failed to create volume: volume create: vol_80536ef05e64860d99cdcd7bac6515ee: failed: Host 192.168.48.14 is not in 'Peer in Cluster' state
[asynchttp] INFO 2017/04/27 02:10:02 Completed job 9adeaa9b21a57c8f1ae4fe394e467e31 in 3.501966956s
[negroni] Started GET /queue/9adeaa9b21a57c8f1ae4fe394e467e31
[negroni] Completed 500 Internal Server Error in 131.748µs
[negroni] Started POST /volumes
[negroni] Completed 202 Accepted in 17.460156ms
[asynchttp] INFO 2017/04/27 02:10:13 Started job 71b4f0d2ca56c3e1219453f8d91549da
[heketi] INFO 2017/04/27 02:10:13 Creating volume 94c494c29cbb576864a7b56f9ca7e05c
[heketi] INFO 2017/04/27 02:10:13 brick_num: 0
[negroni] Started GET /queue/71b4f0d2ca56c3e1219453f8d91549da
[negroni] Completed 200 OK in 382.563µs
[heketi] INFO 2017/04/27 02:10:14 Creating brick 94e3f0239d1d5321e78f6743c9ff8219
[heketi] INFO 2017/04/27 02:10:14 Creating brick 00ed66cec228d6b7fe046aca30748aff
[heketi] INFO 2017/04/27 02:10:14 Creating brick 5a7d035482cf635aa0c1f1641b207901
[sshexec] DEBUG 2017/04/27 02:10:14 /src/github.com/heketi/heketi/pkg/utils/ssh/ssh.go:176: Host: 192.168.48.12:22 Command: /bin/bash -c 'mkdir -p /var/lib/heketi/mounts/vg_403cca7edce115dc1c641acc2f5f11fb/brick_5a7d035482cf635aa0c1f1641b207901'
Result: 
[sshexec] DEBUG 2017/04/27 02:10:14 /src/github.com/heketi/heketi/pkg/utils/ssh/ssh.go:176: Host: 192.168.48.14:22 Command: /bin/bash -c 'mkdir -p /var/lib/heketi/mounts/vg_d72d3bd802d4e511a80ce2f16181289d/brick_00ed66cec228d6b7fe046aca30748aff'
Result: 
[sshexec] DEBUG 2017/04/27 02:10:14 /src/github.com/heketi/heketi/pkg/utils/ssh/ssh.go:176: Host: 192.168.48.17:22 Command: /bin/bash -c 'mkdir -p /var/lib/heketi/mounts/vg_6c7ff8b53124baa86b5b789cd93274e1/brick_94e3f0239d1d5321e78f6743c9ff8219'
Result: 
[sshexec] DEBUG 2017/04/27 02:10:14 /src/github.com/heketi/heketi/pkg/utils/ssh/ssh.go:176: Host: 192.168.48.12:22 Command: /bin/bash -c 'lvcreate --poolmetadatasize 8192K -c 256K -L 1048576K -T vg_403cca7edce115dc1c641acc2f5f11fb/tp_5a7d035482cf635aa0c1f1641b207901 -V 1048576K -n brick_5a7d035482cf635aa0c1f1641b207901'
Result:   Logical volume "brick_5a7d035482cf635aa0c1f1641b207901" created.
[sshexec] DEBUG 2017/04/27 02:10:14 /src/github.com/heketi/heketi/pkg/utils/ssh/ssh.go:176: Host: 192.168.48.14:22 Command: /bin/bash -c 'lvcreate --poolmetadatasize 8192K -c 256K -L 1048576K -T vg_d72d3bd802d4e511a80ce2f16181289d/tp_00ed66cec228d6b7fe046aca30748aff -V 1048576K -n brick_00ed66cec228d6b7fe046aca30748aff'
Result:   Logical volume "brick_00ed66cec228d6b7fe046aca30748aff" created.
[sshexec] DEBUG 2017/04/27 02:10:14 /src/github.com/heketi/heketi/pkg/utils/ssh/ssh.go:176: Host: 192.168.48.17:22 Command: /bin/bash -c 'lvcreate --poolmetadatasize 8192K -c 256K -L 1048576K -T vg_6c7ff8b53124baa86b5b789cd93274e1/tp_94e3f0239d1d5321e78f6743c9ff8219 -V 1048576K -n brick_94e3f0239d1d5321e78f6743c9ff8219'
Result:   Logical volume "brick_94e3f0239d1d5321e78f6743c9ff8219" created.
[sshexec] DEBUG 2017/04/27 02:10:14 /src/github.com/heketi/heketi/pkg/utils/ssh/ssh.go:176: Host: 192.168.48.12:22 Command: /bin/bash -c 'mkfs.xfs -i size=512 -n size=8192 /dev/mapper/vg_403cca7edce115dc1c641acc2f5f11fb-brick_5a7d035482cf635aa0c1f1641b207901'
Result: meta-data=/dev/mapper/vg_403cca7edce115dc1c641acc2f5f11fb-brick_5a7d035482cf635aa0c1f1641b207901 isize=512    agcount=8, agsize=32704 blks
         =                       sectsz=4096  attr=2, projid32bit=1
         =                       crc=1        finobt=1, sparse=0
data     =                       bsize=4096   blocks=261632, imaxpct=25
         =                       sunit=64     swidth=64 blks
naming   =version 2              bsize=8192   ascii-ci=0 ftype=1
log      =internal log           bsize=4096   blocks=576, version=2
         =                       sectsz=4096  sunit=1 blks, lazy-count=1
realtime =none                   extsz=4096   blocks=0, rtextents=0
[sshexec] DEBUG 2017/04/27 02:10:14 /src/github.com/heketi/heketi/pkg/utils/ssh/ssh.go:176: Host: 192.168.48.12:22 Command: /bin/bash -c 'echo "/dev/mapper/vg_403cca7edce115dc1c641acc2f5f11fb-brick_5a7d035482cf635aa0c1f1641b207901 /var/lib/heketi/mounts/vg_403cca7edce115dc1c641acc2f5f11fb/brick_5a7d035482cf635aa0c1f1641b207901 xfs rw,inode64,noatime,nouuid 1 2" | tee -a /etc/fstab > /dev/null '
Result: 
[sshexec] DEBUG 2017/04/27 02:10:14 /src/github.com/heketi/heketi/pkg/utils/ssh/ssh.go:176: Host: 192.168.48.12:22 Command: /bin/bash -c 'mount -o rw,inode64,noatime,nouuid /dev/mapper/vg_403cca7edce115dc1c641acc2f5f11fb-brick_5a7d035482cf635aa0c1f1641b207901 /var/lib/heketi/mounts/vg_403cca7edce115dc1c641acc2f5f11fb/brick_5a7d035482cf635aa0c1f1641b207901'
Result: 
[sshexec] DEBUG 2017/04/27 02:10:14 /src/github.com/heketi/heketi/pkg/utils/ssh/ssh.go:176: Host: 192.168.48.12:22 Command: /bin/bash -c 'mkdir /var/lib/heketi/mounts/vg_403cca7edce115dc1c641acc2f5f11fb/brick_5a7d035482cf635aa0c1f1641b207901/brick'
Result: 
[sshexec] DEBUG 2017/04/27 02:10:14 /src/github.com/heketi/heketi/pkg/utils/ssh/ssh.go:176: Host: 192.168.48.12:22 Command: /bin/bash -c 'chown :2000 /var/lib/heketi/mounts/vg_403cca7edce115dc1c641acc2f5f11fb/brick_5a7d035482cf635aa0c1f1641b207901/brick'
Result: 
[sshexec] DEBUG 2017/04/27 02:10:14 /src/github.com/heketi/heketi/pkg/utils/ssh/ssh.go:176: Host: 192.168.48.12:22 Command: /bin/bash -c 'chmod 2775 /var/lib/heketi/mounts/vg_403cca7edce115dc1c641acc2f5f11fb/brick_5a7d035482cf635aa0c1f1641b207901/brick'
Result: 
[negroni] Started GET /queue/71b4f0d2ca56c3e1219453f8d91549da
[negroni] Completed 200 OK in 108.808µs
[sshexec] DEBUG 2017/04/27 02:10:14 /src/github.com/heketi/heketi/pkg/utils/ssh/ssh.go:176: Host: 192.168.48.14:22 Command: /bin/bash -c 'mkfs.xfs -i size=512 -n size=8192 /dev/mapper/vg_d72d3bd802d4e511a80ce2f16181289d-brick_00ed66cec228d6b7fe046aca30748aff'
Result: meta-data=/dev/mapper/vg_d72d3bd802d4e511a80ce2f16181289d-brick_00ed66cec228d6b7fe046aca30748aff isize=512    agcount=8, agsize=32704 blks
         =                       sectsz=512   attr=2, projid32bit=1
         =                       crc=1        finobt=1, sparse=0
data     =                       bsize=4096   blocks=261632, imaxpct=25
         =                       sunit=64     swidth=64 blks
naming   =version 2              bsize=8192   ascii-ci=0 ftype=1
log      =internal log           bsize=4096   blocks=1728, version=2
         =                       sectsz=512   sunit=64 blks, lazy-count=1
realtime =none                   extsz=4096   blocks=0, rtextents=0
[sshexec] DEBUG 2017/04/27 02:10:14 /src/github.com/heketi/heketi/pkg/utils/ssh/ssh.go:176: Host: 192.168.48.14:22 Command: /bin/bash -c 'echo "/dev/mapper/vg_d72d3bd802d4e511a80ce2f16181289d-brick_00ed66cec228d6b7fe046aca30748aff /var/lib/heketi/mounts/vg_d72d3bd802d4e511a80ce2f16181289d/brick_00ed66cec228d6b7fe046aca30748aff xfs rw,inode64,noatime,nouuid 1 2" | tee -a /etc/fstab > /dev/null '
Result: 
[sshexec] DEBUG 2017/04/27 02:10:14 /src/github.com/heketi/heketi/pkg/utils/ssh/ssh.go:176: Host: 192.168.48.17:22 Command: /bin/bash -c 'mkfs.xfs -i size=512 -n size=8192 /dev/mapper/vg_6c7ff8b53124baa86b5b789cd93274e1-brick_94e3f0239d1d5321e78f6743c9ff8219'
Result: meta-data=/dev/mapper/vg_6c7ff8b53124baa86b5b789cd93274e1-brick_94e3f0239d1d5321e78f6743c9ff8219 isize=512    agcount=8, agsize=32704 blks
         =                       sectsz=512   attr=2, projid32bit=1
         =                       crc=1        finobt=1, sparse=0
data     =                       bsize=4096   blocks=261632, imaxpct=25
         =                       sunit=64     swidth=64 blks
naming   =version 2              bsize=8192   ascii-ci=0 ftype=1
log      =internal log           bsize=4096   blocks=1728, version=2
         =                       sectsz=512   sunit=64 blks, lazy-count=1
realtime =none                   extsz=4096   blocks=0, rtextents=0
[sshexec] DEBUG 2017/04/27 02:10:14 /src/github.com/heketi/heketi/pkg/utils/ssh/ssh.go:176: Host: 192.168.48.17:22 Command: /bin/bash -c 'echo "/dev/mapper/vg_6c7ff8b53124baa86b5b789cd93274e1-brick_94e3f0239d1d5321e78f6743c9ff8219 /var/lib/heketi/mounts/vg_6c7ff8b53124baa86b5b789cd93274e1/brick_94e3f0239d1d5321e78f6743c9ff8219 xfs rw,inode64,noatime,nouuid 1 2" | tee -a /etc/fstab > /dev/null '
Result: 
[sshexec] DEBUG 2017/04/27 02:10:15 /src/github.com/heketi/heketi/pkg/utils/ssh/ssh.go:176: Host: 192.168.48.14:22 Command: /bin/bash -c 'mount -o rw,inode64,noatime,nouuid /dev/mapper/vg_d72d3bd802d4e511a80ce2f16181289d-brick_00ed66cec228d6b7fe046aca30748aff /var/lib/heketi/mounts/vg_d72d3bd802d4e511a80ce2f16181289d/brick_00ed66cec228d6b7fe046aca30748aff'
Result: 
[sshexec] DEBUG 2017/04/27 02:10:15 /src/github.com/heketi/heketi/pkg/utils/ssh/ssh.go:176: Host: 192.168.48.14:22 Command: /bin/bash -c 'mkdir /var/lib/heketi/mounts/vg_d72d3bd802d4e511a80ce2f16181289d/brick_00ed66cec228d6b7fe046aca30748aff/brick'
Result: 
[sshexec] DEBUG 2017/04/27 02:10:15 /src/github.com/heketi/heketi/pkg/utils/ssh/ssh.go:176: Host: 192.168.48.14:22 Command: /bin/bash -c 'chown :2000 /var/lib/heketi/mounts/vg_d72d3bd802d4e511a80ce2f16181289d/brick_00ed66cec228d6b7fe046aca30748aff/brick'
Result: 
[sshexec] DEBUG 2017/04/27 02:10:15 /src/github.com/heketi/heketi/pkg/utils/ssh/ssh.go:176: Host: 192.168.48.14:22 Command: /bin/bash -c 'chmod 2775 /var/lib/heketi/mounts/vg_d72d3bd802d4e511a80ce2f16181289d/brick_00ed66cec228d6b7fe046aca30748aff/brick'
Result: 
[sshexec] DEBUG 2017/04/27 02:10:15 /src/github.com/heketi/heketi/pkg/utils/ssh/ssh.go:176: Host: 192.168.48.17:22 Command: /bin/bash -c 'mount -o rw,inode64,noatime,nouuid /dev/mapper/vg_6c7ff8b53124baa86b5b789cd93274e1-brick_94e3f0239d1d5321e78f6743c9ff8219 /var/lib/heketi/mounts/vg_6c7ff8b53124baa86b5b789cd93274e1/brick_94e3f0239d1d5321e78f6743c9ff8219'
Result: 
[sshexec] DEBUG 2017/04/27 02:10:15 /src/github.com/heketi/heketi/pkg/utils/ssh/ssh.go:176: Host: 192.168.48.17:22 Command: /bin/bash -c 'mkdir /var/lib/heketi/mounts/vg_6c7ff8b53124baa86b5b789cd93274e1/brick_94e3f0239d1d5321e78f6743c9ff8219/brick'
Result: 
[sshexec] DEBUG 2017/04/27 02:10:15 /src/github.com/heketi/heketi/pkg/utils/ssh/ssh.go:176: Host: 192.168.48.17:22 Command: /bin/bash -c 'chown :2000 /var/lib/heketi/mounts/vg_6c7ff8b53124baa86b5b789cd93274e1/brick_94e3f0239d1d5321e78f6743c9ff8219/brick'
Result: 
[sshexec] DEBUG 2017/04/27 02:10:15 /src/github.com/heketi/heketi/pkg/utils/ssh/ssh.go:176: Host: 192.168.48.17:22 Command: /bin/bash -c 'chmod 2775 /var/lib/heketi/mounts/vg_6c7ff8b53124baa86b5b789cd93274e1/brick_94e3f0239d1d5321e78f6743c9ff8219/brick'
Result: 
[sshexec] INFO 2017/04/27 02:10:15 Creating volume vol_94c494c29cbb576864a7b56f9ca7e05c replica 3
[sshexec] ERROR 2017/04/27 02:10:15 /src/github.com/heketi/heketi/pkg/utils/ssh/ssh.go:173: Failed to run command [/bin/bash -c 'gluster --mode=script volume create vol_94c494c29cbb576864a7b56f9ca7e05c replica 3 192.168.48.17:/var/lib/heketi/mounts/vg_6c7ff8b53124baa86b5b789cd93274e1/brick_94e3f0239d1d5321e78f6743c9ff8219/brick 192.168.48.14:/var/lib/heketi/mounts/vg_d72d3bd802d4e511a80ce2f16181289d/brick_00ed66cec228d6b7fe046aca30748aff/brick 192.168.48.12:/var/lib/heketi/mounts/vg_403cca7edce115dc1c641acc2f5f11fb/brick_5a7d035482cf635aa0c1f1641b207901/brick '] on 192.168.48.17:22: Err[Process exited with: 1. Reason was:  ()]: Stdout []: Stderr [volume create: vol_94c494c29cbb576864a7b56f9ca7e05c: failed: Host 192.168.48.14 is not in 'Peer in Cluster' state
]
[negroni] Started GET /queue/71b4f0d2ca56c3e1219453f8d91549da
[negroni] Completed 200 OK in 114.589µs
[sshexec] ERROR 2017/04/27 02:10:16 /src/github.com/heketi/heketi/pkg/utils/ssh/ssh.go:173: Failed to run command [/bin/bash -c 'gluster --mode=script volume stop vol_94c494c29cbb576864a7b56f9ca7e05c force'] on 192.168.48.17:22: Err[Process exited with: 1. Reason was:  ()]: Stdout []: Stderr [volume stop: vol_94c494c29cbb576864a7b56f9ca7e05c: failed: Volume vol_94c494c29cbb576864a7b56f9ca7e05c does not exist
]
[sshexec] ERROR 2017/04/27 02:10:16 /src/github.com/heketi/heketi/executors/sshexec/volume.go:130: Unable to stop volume vol_94c494c29cbb576864a7b56f9ca7e05c: volume stop: vol_94c494c29cbb576864a7b56f9ca7e05c: failed: Volume vol_94c494c29cbb576864a7b56f9ca7e05c does not exist
[heketi] INFO 2017/04/27 02:10:16 Deleting brick 94e3f0239d1d5321e78f6743c9ff8219
[heketi] INFO 2017/04/27 02:10:16 Deleting brick 00ed66cec228d6b7fe046aca30748aff
[heketi] INFO 2017/04/27 02:10:16 Deleting brick 5a7d035482cf635aa0c1f1641b207901
[sshexec] ERROR 2017/04/27 02:10:16 /src/github.com/heketi/heketi/pkg/utils/ssh/ssh.go:173: Failed to run command [/bin/bash -c 'gluster --mode=script volume delete vol_94c494c29cbb576864a7b56f9ca7e05c'] on 192.168.48.17:22: Err[Process exited with: 1. Reason was:  ()]: Stdout []: Stderr [volume delete: vol_94c494c29cbb576864a7b56f9ca7e05c: failed: Volume vol_94c494c29cbb576864a7b56f9ca7e05c does not exist
]
[sshexec] ERROR 2017/04/27 02:10:16 /src/github.com/heketi/heketi/executors/sshexec/volume.go:139: Unable to delete volume vol_94c494c29cbb576864a7b56f9ca7e05c: volume delete: vol_94c494c29cbb576864a7b56f9ca7e05c: failed: Volume vol_94c494c29cbb576864a7b56f9ca7e05c does not exist
[sshexec] DEBUG 2017/04/27 02:10:16 /src/github.com/heketi/heketi/pkg/utils/ssh/ssh.go:176: Host: 192.168.48.12:22 Command: /bin/bash -c 'umount /var/lib/heketi/mounts/vg_403cca7edce115dc1c641acc2f5f11fb/brick_5a7d035482cf635aa0c1f1641b207901'
Result: 
[sshexec] DEBUG 2017/04/27 02:10:16 /src/github.com/heketi/heketi/pkg/utils/ssh/ssh.go:176: Host: 192.168.48.14:22 Command: /bin/bash -c 'umount /var/lib/heketi/mounts/vg_d72d3bd802d4e511a80ce2f16181289d/brick_00ed66cec228d6b7fe046aca30748aff'
Result: 
[sshexec] DEBUG 2017/04/27 02:10:16 /src/github.com/heketi/heketi/pkg/utils/ssh/ssh.go:176: Host: 192.168.48.17:22 Command: /bin/bash -c 'umount /var/lib/heketi/mounts/vg_6c7ff8b53124baa86b5b789cd93274e1/brick_94e3f0239d1d5321e78f6743c9ff8219'
Result: 
[negroni] Started GET /queue/71b4f0d2ca56c3e1219453f8d91549da
[negroni] Completed 200 OK in 201.937µs
[sshexec] DEBUG 2017/04/27 02:10:17 /src/github.com/heketi/heketi/pkg/utils/ssh/ssh.go:176: Host: 192.168.48.17:22 Command: /bin/bash -c 'lvremove -f vg_6c7ff8b53124baa86b5b789cd93274e1/tp_94e3f0239d1d5321e78f6743c9ff8219'
Result:   Logical volume "brick_94e3f0239d1d5321e78f6743c9ff8219" successfully removed
  Logical volume "tp_94e3f0239d1d5321e78f6743c9ff8219" successfully removed
[sshexec] DEBUG 2017/04/27 02:10:17 /src/github.com/heketi/heketi/pkg/utils/ssh/ssh.go:176: Host: 192.168.48.14:22 Command: /bin/bash -c 'lvremove -f vg_d72d3bd802d4e511a80ce2f16181289d/tp_00ed66cec228d6b7fe046aca30748aff'
Result:   Logical volume "brick_00ed66cec228d6b7fe046aca30748aff" successfully removed
  Logical volume "tp_00ed66cec228d6b7fe046aca30748aff" successfully removed
[sshexec] DEBUG 2017/04/27 02:10:17 /src/github.com/heketi/heketi/pkg/utils/ssh/ssh.go:176: Host: 192.168.48.12:22 Command: /bin/bash -c 'lvremove -f vg_403cca7edce115dc1c641acc2f5f11fb/tp_5a7d035482cf635aa0c1f1641b207901'
Result:   Logical volume "brick_5a7d035482cf635aa0c1f1641b207901" successfully removed
  Logical volume "tp_5a7d035482cf635aa0c1f1641b207901" successfully removed
[sshexec] DEBUG 2017/04/27 02:10:17 /src/github.com/heketi/heketi/pkg/utils/ssh/ssh.go:176: Host: 192.168.48.17:22 Command: /bin/bash -c 'rmdir /var/lib/heketi/mounts/vg_6c7ff8b53124baa86b5b789cd93274e1/brick_94e3f0239d1d5321e78f6743c9ff8219'
Result: 
[sshexec] DEBUG 2017/04/27 02:10:17 /src/github.com/heketi/heketi/pkg/utils/ssh/ssh.go:176: Host: 192.168.48.14:22 Command: /bin/bash -c 'rmdir /var/lib/heketi/mounts/vg_d72d3bd802d4e511a80ce2f16181289d/brick_00ed66cec228d6b7fe046aca30748aff'
Result: 
[sshexec] DEBUG 2017/04/27 02:10:17 /src/github.com/heketi/heketi/pkg/utils/ssh/ssh.go:176: Host: 192.168.48.17:22 Command: /bin/bash -c 'sed -i.save "/brick_94e3f0239d1d5321e78f6743c9ff8219/d" /etc/fstab'
Result: 
[sshexec] DEBUG 2017/04/27 02:10:17 /src/github.com/heketi/heketi/pkg/utils/ssh/ssh.go:176: Host: 192.168.48.14:22 Command: /bin/bash -c 'sed -i.save "/brick_00ed66cec228d6b7fe046aca30748aff/d" /etc/fstab'
Result: 
[sshexec] DEBUG 2017/04/27 02:10:17 /src/github.com/heketi/heketi/pkg/utils/ssh/ssh.go:176: Host: 192.168.48.12:22 Command: /bin/bash -c 'rmdir /var/lib/heketi/mounts/vg_403cca7edce115dc1c641acc2f5f11fb/brick_5a7d035482cf635aa0c1f1641b207901'
Result: 
[sshexec] DEBUG 2017/04/27 02:10:17 /src/github.com/heketi/heketi/pkg/utils/ssh/ssh.go:176: Host: 192.168.48.12:22 Command: /bin/bash -c 'sed -i.save "/brick_5a7d035482cf635aa0c1f1641b207901/d" /etc/fstab'
Result: 
[heketi] ERROR 2017/04/27 02:10:17 /src/github.com/heketi/heketi/apps/glusterfs/app_volume.go:148: Failed to create volume: volume create: vol_94c494c29cbb576864a7b56f9ca7e05c: failed: Host 192.168.48.14 is not in 'Peer in Cluster' state
[asynchttp] INFO 2017/04/27 02:10:17 Completed job 71b4f0d2ca56c3e1219453f8d91549da in 3.951276605s
[negroni] Started GET /queue/71b4f0d2ca56c3e1219453f8d91549da
[negroni] Completed 500 Internal Server Error in 59.725µs
[negroni] Started POST /volumes
[negroni] Completed 202 Accepted in 20.016178ms
[asynchttp] INFO 2017/04/27 02:10:35 Started job 7502271db29a07918f0ac1ad236257bf
[heketi] INFO 2017/04/27 02:10:35 Creating volume 8c33b30119575735f5a71d3d242f1f74
[heketi] INFO 2017/04/27 02:10:35 brick_num: 0
[negroni] Started GET /queue/7502271db29a07918f0ac1ad236257bf
[negroni] Completed 200 OK in 144.779µs
[heketi] INFO 2017/04/27 02:10:35 Creating brick e804d455b0beecf40375c8246dc92045
[heketi] INFO 2017/04/27 02:10:35 Creating brick d88236a0c8beb91d5e457b2f542d5da1
[heketi] INFO 2017/04/27 02:10:35 Creating brick 6d20b797af0639d06e4fed284b2f39a1
[sshexec] DEBUG 2017/04/27 02:10:36 /src/github.com/heketi/heketi/pkg/utils/ssh/ssh.go:176: Host: 192.168.48.12:22 Command: /bin/bash -c 'mkdir -p /var/lib/heketi/mounts/vg_403cca7edce115dc1c641acc2f5f11fb/brick_d88236a0c8beb91d5e457b2f542d5da1'
Result: 
[sshexec] DEBUG 2017/04/27 02:10:36 /src/github.com/heketi/heketi/pkg/utils/ssh/ssh.go:176: Host: 192.168.48.14:22 Command: /bin/bash -c 'mkdir -p /var/lib/heketi/mounts/vg_d72d3bd802d4e511a80ce2f16181289d/brick_e804d455b0beecf40375c8246dc92045'
Result: 
[sshexec] DEBUG 2017/04/27 02:10:36 /src/github.com/heketi/heketi/pkg/utils/ssh/ssh.go:176: Host: 192.168.48.17:22 Command: /bin/bash -c 'mkdir -p /var/lib/heketi/mounts/vg_6c7ff8b53124baa86b5b789cd93274e1/brick_6d20b797af0639d06e4fed284b2f39a1'
Result: 
[sshexec] DEBUG 2017/04/27 02:10:36 /src/github.com/heketi/heketi/pkg/utils/ssh/ssh.go:176: Host: 192.168.48.12:22 Command: /bin/bash -c 'lvcreate --poolmetadatasize 8192K -c 256K -L 1048576K -T vg_403cca7edce115dc1c641acc2f5f11fb/tp_d88236a0c8beb91d5e457b2f542d5da1 -V 1048576K -n brick_d88236a0c8beb91d5e457b2f542d5da1'
Result:   Logical volume "brick_d88236a0c8beb91d5e457b2f542d5da1" created.
[sshexec] DEBUG 2017/04/27 02:10:36 /src/github.com/heketi/heketi/pkg/utils/ssh/ssh.go:176: Host: 192.168.48.14:22 Command: /bin/bash -c 'lvcreate --poolmetadatasize 8192K -c 256K -L 1048576K -T vg_d72d3bd802d4e511a80ce2f16181289d/tp_e804d455b0beecf40375c8246dc92045 -V 1048576K -n brick_e804d455b0beecf40375c8246dc92045'
Result:   Logical volume "brick_e804d455b0beecf40375c8246dc92045" created.
[sshexec] DEBUG 2017/04/27 02:10:36 /src/github.com/heketi/heketi/pkg/utils/ssh/ssh.go:176: Host: 192.168.48.12:22 Command: /bin/bash -c 'mkfs.xfs -i size=512 -n size=8192 /dev/mapper/vg_403cca7edce115dc1c641acc2f5f11fb-brick_d88236a0c8beb91d5e457b2f542d5da1'
Result: meta-data=/dev/mapper/vg_403cca7edce115dc1c641acc2f5f11fb-brick_d88236a0c8beb91d5e457b2f542d5da1 isize=512    agcount=8, agsize=32704 blks
         =                       sectsz=4096  attr=2, projid32bit=1
         =                       crc=1        finobt=1, sparse=0
data     =                       bsize=4096   blocks=261632, imaxpct=25
         =                       sunit=64     swidth=64 blks
naming   =version 2              bsize=8192   ascii-ci=0 ftype=1
log      =internal log           bsize=4096   blocks=576, version=2
         =                       sectsz=4096  sunit=1 blks, lazy-count=1
realtime =none                   extsz=4096   blocks=0, rtextents=0
[sshexec] DEBUG 2017/04/27 02:10:36 /src/github.com/heketi/heketi/pkg/utils/ssh/ssh.go:176: Host: 192.168.48.17:22 Command: /bin/bash -c 'lvcreate --poolmetadatasize 8192K -c 256K -L 1048576K -T vg_6c7ff8b53124baa86b5b789cd93274e1/tp_6d20b797af0639d06e4fed284b2f39a1 -V 1048576K -n brick_6d20b797af0639d06e4fed284b2f39a1'
Result:   Logical volume "brick_6d20b797af0639d06e4fed284b2f39a1" created.
[sshexec] DEBUG 2017/04/27 02:10:36 /src/github.com/heketi/heketi/pkg/utils/ssh/ssh.go:176: Host: 192.168.48.12:22 Command: /bin/bash -c 'echo "/dev/mapper/vg_403cca7edce115dc1c641acc2f5f11fb-brick_d88236a0c8beb91d5e457b2f542d5da1 /var/lib/heketi/mounts/vg_403cca7edce115dc1c641acc2f5f11fb/brick_d88236a0c8beb91d5e457b2f542d5da1 xfs rw,inode64,noatime,nouuid 1 2" | tee -a /etc/fstab > /dev/null '
Result: 
[sshexec] DEBUG 2017/04/27 02:10:36 /src/github.com/heketi/heketi/pkg/utils/ssh/ssh.go:176: Host: 192.168.48.14:22 Command: /bin/bash -c 'mkfs.xfs -i size=512 -n size=8192 /dev/mapper/vg_d72d3bd802d4e511a80ce2f16181289d-brick_e804d455b0beecf40375c8246dc92045'
Result: meta-data=/dev/mapper/vg_d72d3bd802d4e511a80ce2f16181289d-brick_e804d455b0beecf40375c8246dc92045 isize=512    agcount=8, agsize=32704 blks
         =                       sectsz=512   attr=2, projid32bit=1
         =                       crc=1        finobt=1, sparse=0
data     =                       bsize=4096   blocks=261632, imaxpct=25
         =                       sunit=64     swidth=64 blks
naming   =version 2              bsize=8192   ascii-ci=0 ftype=1
log      =internal log           bsize=4096   blocks=1728, version=2
         =                       sectsz=512   sunit=64 blks, lazy-count=1
realtime =none                   extsz=4096   blocks=0, rtextents=0
[sshexec] DEBUG 2017/04/27 02:10:36 /src/github.com/heketi/heketi/pkg/utils/ssh/ssh.go:176: Host: 192.168.48.14:22 Command: /bin/bash -c 'echo "/dev/mapper/vg_d72d3bd802d4e511a80ce2f16181289d-brick_e804d455b0beecf40375c8246dc92045 /var/lib/heketi/mounts/vg_d72d3bd802d4e511a80ce2f16181289d/brick_e804d455b0beecf40375c8246dc92045 xfs rw,inode64,noatime,nouuid 1 2" | tee -a /etc/fstab > /dev/null '
Result: 
[negroni] Started GET /queue/7502271db29a07918f0ac1ad236257bf
[negroni] Completed 200 OK in 57.086µs
[sshexec] DEBUG 2017/04/27 02:10:36 /src/github.com/heketi/heketi/pkg/utils/ssh/ssh.go:176: Host: 192.168.48.17:22 Command: /bin/bash -c 'mkfs.xfs -i size=512 -n size=8192 /dev/mapper/vg_6c7ff8b53124baa86b5b789cd93274e1-brick_6d20b797af0639d06e4fed284b2f39a1'
Result: meta-data=/dev/mapper/vg_6c7ff8b53124baa86b5b789cd93274e1-brick_6d20b797af0639d06e4fed284b2f39a1 isize=512    agcount=8, agsize=32704 blks
         =                       sectsz=512   attr=2, projid32bit=1
         =                       crc=1        finobt=1, sparse=0
data     =                       bsize=4096   blocks=261632, imaxpct=25
         =                       sunit=64     swidth=64 blks
naming   =version 2              bsize=8192   ascii-ci=0 ftype=1
log      =internal log           bsize=4096   blocks=1728, version=2
         =                       sectsz=512   sunit=64 blks, lazy-count=1
realtime =none                   extsz=4096   blocks=0, rtextents=0
[sshexec] DEBUG 2017/04/27 02:10:36 /src/github.com/heketi/heketi/pkg/utils/ssh/ssh.go:176: Host: 192.168.48.17:22 Command: /bin/bash -c 'echo "/dev/mapper/vg_6c7ff8b53124baa86b5b789cd93274e1-brick_6d20b797af0639d06e4fed284b2f39a1 /var/lib/heketi/mounts/vg_6c7ff8b53124baa86b5b789cd93274e1/brick_6d20b797af0639d06e4fed284b2f39a1 xfs rw,inode64,noatime,nouuid 1 2" | tee -a /etc/fstab > /dev/null '
Result: 
[sshexec] DEBUG 2017/04/27 02:10:36 /src/github.com/heketi/heketi/pkg/utils/ssh/ssh.go:176: Host: 192.168.48.12:22 Command: /bin/bash -c 'mount -o rw,inode64,noatime,nouuid /dev/mapper/vg_403cca7edce115dc1c641acc2f5f11fb-brick_d88236a0c8beb91d5e457b2f542d5da1 /var/lib/heketi/mounts/vg_403cca7edce115dc1c641acc2f5f11fb/brick_d88236a0c8beb91d5e457b2f542d5da1'
Result: 
[sshexec] DEBUG 2017/04/27 02:10:36 /src/github.com/heketi/heketi/pkg/utils/ssh/ssh.go:176: Host: 192.168.48.12:22 Command: /bin/bash -c 'mkdir /var/lib/heketi/mounts/vg_403cca7edce115dc1c641acc2f5f11fb/brick_d88236a0c8beb91d5e457b2f542d5da1/brick'
Result: 
[sshexec] DEBUG 2017/04/27 02:10:36 /src/github.com/heketi/heketi/pkg/utils/ssh/ssh.go:176: Host: 192.168.48.12:22 Command: /bin/bash -c 'chown :2000 /var/lib/heketi/mounts/vg_403cca7edce115dc1c641acc2f5f11fb/brick_d88236a0c8beb91d5e457b2f542d5da1/brick'
Result: 
[sshexec] DEBUG 2017/04/27 02:10:36 /src/github.com/heketi/heketi/pkg/utils/ssh/ssh.go:176: Host: 192.168.48.12:22 Command: /bin/bash -c 'chmod 2775 /var/lib/heketi/mounts/vg_403cca7edce115dc1c641acc2f5f11fb/brick_d88236a0c8beb91d5e457b2f542d5da1/brick'
Result: 
[sshexec] DEBUG 2017/04/27 02:10:37 /src/github.com/heketi/heketi/pkg/utils/ssh/ssh.go:176: Host: 192.168.48.14:22 Command: /bin/bash -c 'mount -o rw,inode64,noatime,nouuid /dev/mapper/vg_d72d3bd802d4e511a80ce2f16181289d-brick_e804d455b0beecf40375c8246dc92045 /var/lib/heketi/mounts/vg_d72d3bd802d4e511a80ce2f16181289d/brick_e804d455b0beecf40375c8246dc92045'
Result: 
[sshexec] DEBUG 2017/04/27 02:10:37 /src/github.com/heketi/heketi/pkg/utils/ssh/ssh.go:176: Host: 192.168.48.14:22 Command: /bin/bash -c 'mkdir /var/lib/heketi/mounts/vg_d72d3bd802d4e511a80ce2f16181289d/brick_e804d455b0beecf40375c8246dc92045/brick'
Result: 
[sshexec] DEBUG 2017/04/27 02:10:37 /src/github.com/heketi/heketi/pkg/utils/ssh/ssh.go:176: Host: 192.168.48.14:22 Command: /bin/bash -c 'chown :2000 /var/lib/heketi/mounts/vg_d72d3bd802d4e511a80ce2f16181289d/brick_e804d455b0beecf40375c8246dc92045/brick'
Result: 
[sshexec] DEBUG 2017/04/27 02:10:37 /src/github.com/heketi/heketi/pkg/utils/ssh/ssh.go:176: Host: 192.168.48.14:22 Command: /bin/bash -c 'chmod 2775 /var/lib/heketi/mounts/vg_d72d3bd802d4e511a80ce2f16181289d/brick_e804d455b0beecf40375c8246dc92045/brick'
Result: 
[sshexec] DEBUG 2017/04/27 02:10:37 /src/github.com/heketi/heketi/pkg/utils/ssh/ssh.go:176: Host: 192.168.48.17:22 Command: /bin/bash -c 'mount -o rw,inode64,noatime,nouuid /dev/mapper/vg_6c7ff8b53124baa86b5b789cd93274e1-brick_6d20b797af0639d06e4fed284b2f39a1 /var/lib/heketi/mounts/vg_6c7ff8b53124baa86b5b789cd93274e1/brick_6d20b797af0639d06e4fed284b2f39a1'
Result: 
[sshexec] DEBUG 2017/04/27 02:10:37 /src/github.com/heketi/heketi/pkg/utils/ssh/ssh.go:176: Host: 192.168.48.17:22 Command: /bin/bash -c 'mkdir /var/lib/heketi/mounts/vg_6c7ff8b53124baa86b5b789cd93274e1/brick_6d20b797af0639d06e4fed284b2f39a1/brick'
Result: 
[sshexec] DEBUG 2017/04/27 02:10:37 /src/github.com/heketi/heketi/pkg/utils/ssh/ssh.go:176: Host: 192.168.48.17:22 Command: /bin/bash -c 'chown :2000 /var/lib/heketi/mounts/vg_6c7ff8b53124baa86b5b789cd93274e1/brick_6d20b797af0639d06e4fed284b2f39a1/brick'
Result: 
[sshexec] DEBUG 2017/04/27 02:10:37 /src/github.com/heketi/heketi/pkg/utils/ssh/ssh.go:176: Host: 192.168.48.17:22 Command: /bin/bash -c 'chmod 2775 /var/lib/heketi/mounts/vg_6c7ff8b53124baa86b5b789cd93274e1/brick_6d20b797af0639d06e4fed284b2f39a1/brick'
Result: 
[sshexec] INFO 2017/04/27 02:10:37 Creating volume vol_8c33b30119575735f5a71d3d242f1f74 replica 3
[sshexec] ERROR 2017/04/27 02:10:37 /src/github.com/heketi/heketi/pkg/utils/ssh/ssh.go:173: Failed to run command [/bin/bash -c 'gluster --mode=script volume create vol_8c33b30119575735f5a71d3d242f1f74 replica 3 192.168.48.14:/var/lib/heketi/mounts/vg_d72d3bd802d4e511a80ce2f16181289d/brick_e804d455b0beecf40375c8246dc92045/brick 192.168.48.12:/var/lib/heketi/mounts/vg_403cca7edce115dc1c641acc2f5f11fb/brick_d88236a0c8beb91d5e457b2f542d5da1/brick 192.168.48.17:/var/lib/heketi/mounts/vg_6c7ff8b53124baa86b5b789cd93274e1/brick_6d20b797af0639d06e4fed284b2f39a1/brick '] on 192.168.48.14:22: Err[Process exited with: 1. Reason was:  ()]: Stdout []: Stderr [volume create: vol_8c33b30119575735f5a71d3d242f1f74: failed: Staging failed on 192.168.48.17. Error: Host 192.168.48.14 is not in 'Peer in Cluster' state
Staging failed on 192.168.48.12. Error: Host 192.168.48.14 is not in 'Peer in Cluster' state
]
[negroni] Started GET /queue/7502271db29a07918f0ac1ad236257bf
[negroni] Completed 200 OK in 539.025µs
[sshexec] ERROR 2017/04/27 02:10:37 /src/github.com/heketi/heketi/pkg/utils/ssh/ssh.go:173: Failed to run command [/bin/bash -c 'gluster --mode=script volume stop vol_8c33b30119575735f5a71d3d242f1f74 force'] on 192.168.48.14:22: Err[Process exited with: 1. Reason was:  ()]: Stdout []: Stderr [volume stop: vol_8c33b30119575735f5a71d3d242f1f74: failed: Volume vol_8c33b30119575735f5a71d3d242f1f74 does not exist
]
[sshexec] ERROR 2017/04/27 02:10:37 /src/github.com/heketi/heketi/executors/sshexec/volume.go:130: Unable to stop volume vol_8c33b30119575735f5a71d3d242f1f74: volume stop: vol_8c33b30119575735f5a71d3d242f1f74: failed: Volume vol_8c33b30119575735f5a71d3d242f1f74 does not exist
[sshexec] ERROR 2017/04/27 02:10:38 /src/github.com/heketi/heketi/pkg/utils/ssh/ssh.go:173: Failed to run command [/bin/bash -c 'gluster --mode=script volume delete vol_8c33b30119575735f5a71d3d242f1f74'] on 192.168.48.14:22: Err[Process exited with: 1. Reason was:  ()]: Stdout []: Stderr [volume delete: vol_8c33b30119575735f5a71d3d242f1f74: failed: Volume vol_8c33b30119575735f5a71d3d242f1f74 does not exist
]
[sshexec] ERROR 2017/04/27 02:10:38 /src/github.com/heketi/heketi/executors/sshexec/volume.go:139: Unable to delete volume vol_8c33b30119575735f5a71d3d242f1f74: volume delete: vol_8c33b30119575735f5a71d3d242f1f74: failed: Volume vol_8c33b30119575735f5a71d3d242f1f74 does not exist
[heketi] INFO 2017/04/27 02:10:38 Deleting brick e804d455b0beecf40375c8246dc92045
[heketi] INFO 2017/04/27 02:10:38 Deleting brick 6d20b797af0639d06e4fed284b2f39a1
[heketi] INFO 2017/04/27 02:10:38 Deleting brick d88236a0c8beb91d5e457b2f542d5da1
[sshexec] DEBUG 2017/04/27 02:10:38 /src/github.com/heketi/heketi/pkg/utils/ssh/ssh.go:176: Host: 192.168.48.12:22 Command: /bin/bash -c 'umount /var/lib/heketi/mounts/vg_403cca7edce115dc1c641acc2f5f11fb/brick_d88236a0c8beb91d5e457b2f542d5da1'
Result: 
[sshexec] DEBUG 2017/04/27 02:10:38 /src/github.com/heketi/heketi/pkg/utils/ssh/ssh.go:176: Host: 192.168.48.14:22 Command: /bin/bash -c 'umount /var/lib/heketi/mounts/vg_d72d3bd802d4e511a80ce2f16181289d/brick_e804d455b0beecf40375c8246dc92045'
Result: 
[sshexec] DEBUG 2017/04/27 02:10:38 /src/github.com/heketi/heketi/pkg/utils/ssh/ssh.go:176: Host: 192.168.48.17:22 Command: /bin/bash -c 'umount /var/lib/heketi/mounts/vg_6c7ff8b53124baa86b5b789cd93274e1/brick_6d20b797af0639d06e4fed284b2f39a1'
Result: 
[negroni] Started GET /queue/7502271db29a07918f0ac1ad236257bf
[negroni] Completed 200 OK in 74.195µs
[sshexec] DEBUG 2017/04/27 02:10:39 /src/github.com/heketi/heketi/pkg/utils/ssh/ssh.go:176: Host: 192.168.48.14:22 Command: /bin/bash -c 'lvremove -f vg_d72d3bd802d4e511a80ce2f16181289d/tp_e804d455b0beecf40375c8246dc92045'
Result:   Logical volume "brick_e804d455b0beecf40375c8246dc92045" successfully removed
  Logical volume "tp_e804d455b0beecf40375c8246dc92045" successfully removed
[sshexec] DEBUG 2017/04/27 02:10:39 /src/github.com/heketi/heketi/pkg/utils/ssh/ssh.go:176: Host: 192.168.48.17:22 Command: /bin/bash -c 'lvremove -f vg_6c7ff8b53124baa86b5b789cd93274e1/tp_6d20b797af0639d06e4fed284b2f39a1'
Result:   Logical volume "brick_6d20b797af0639d06e4fed284b2f39a1" successfully removed
  Logical volume "tp_6d20b797af0639d06e4fed284b2f39a1" successfully removed
[sshexec] DEBUG 2017/04/27 02:10:39 /src/github.com/heketi/heketi/pkg/utils/ssh/ssh.go:176: Host: 192.168.48.12:22 Command: /bin/bash -c 'lvremove -f vg_403cca7edce115dc1c641acc2f5f11fb/tp_d88236a0c8beb91d5e457b2f542d5da1'
Result:   Logical volume "brick_d88236a0c8beb91d5e457b2f542d5da1" successfully removed
  Logical volume "tp_d88236a0c8beb91d5e457b2f542d5da1" successfully removed
[sshexec] DEBUG 2017/04/27 02:10:39 /src/github.com/heketi/heketi/pkg/utils/ssh/ssh.go:176: Host: 192.168.48.14:22 Command: /bin/bash -c 'rmdir /var/lib/heketi/mounts/vg_d72d3bd802d4e511a80ce2f16181289d/brick_e804d455b0beecf40375c8246dc92045'
Result: 
[sshexec] DEBUG 2017/04/27 02:10:39 /src/github.com/heketi/heketi/pkg/utils/ssh/ssh.go:176: Host: 192.168.48.17:22 Command: /bin/bash -c 'rmdir /var/lib/heketi/mounts/vg_6c7ff8b53124baa86b5b789cd93274e1/brick_6d20b797af0639d06e4fed284b2f39a1'
Result: 
[sshexec] DEBUG 2017/04/27 02:10:39 /src/github.com/heketi/heketi/pkg/utils/ssh/ssh.go:176: Host: 192.168.48.12:22 Command: /bin/bash -c 'rmdir /var/lib/heketi/mounts/vg_403cca7edce115dc1c641acc2f5f11fb/brick_d88236a0c8beb91d5e457b2f542d5da1'
Result: 
[sshexec] DEBUG 2017/04/27 02:10:39 /src/github.com/heketi/heketi/pkg/utils/ssh/ssh.go:176: Host: 192.168.48.14:22 Command: /bin/bash -c 'sed -i.save "/brick_e804d455b0beecf40375c8246dc92045/d" /etc/fstab'
Result: 
[sshexec] DEBUG 2017/04/27 02:10:39 /src/github.com/heketi/heketi/pkg/utils/ssh/ssh.go:176: Host: 192.168.48.17:22 Command: /bin/bash -c 'sed -i.save "/brick_6d20b797af0639d06e4fed284b2f39a1/d" /etc/fstab'
Result: 
[sshexec] DEBUG 2017/04/27 02:10:39 /src/github.com/heketi/heketi/pkg/utils/ssh/ssh.go:176: Host: 192.168.48.12:22 Command: /bin/bash -c 'sed -i.save "/brick_d88236a0c8beb91d5e457b2f542d5da1/d" /etc/fstab'
Result: 
[heketi] ERROR 2017/04/27 02:10:39 /src/github.com/heketi/heketi/apps/glusterfs/app_volume.go:148: Failed to create volume: volume create: vol_8c33b30119575735f5a71d3d242f1f74: failed: Staging failed on 192.168.48.17. Error: Host 192.168.48.14 is not in 'Peer in Cluster' state
Staging failed on 192.168.48.12. Error: Host 192.168.48.14 is not in 'Peer in Cluster' state
[asynchttp] INFO 2017/04/27 02:10:39 Completed job 7502271db29a07918f0ac1ad236257bf in 3.859967367s
[negroni] Started GET /queue/7502271db29a07918f0ac1ad236257bf
[negroni] Completed 500 Internal Server Error in 107.256µs
[negroni] Started POST /volumes
[negroni] Completed 202 Accepted in 14.581437ms
[asynchttp] INFO 2017/04/27 02:10:43 Started job f144f6822ceb90b4a6bfae157ebb0d1b
[heketi] INFO 2017/04/27 02:10:43 Creating volume 6758da62e5b455c84cdcf40fd88c172d
[heketi] INFO 2017/04/27 02:10:43 brick_num: 0
[negroni] Started GET /queue/f144f6822ceb90b4a6bfae157ebb0d1b
[negroni] Completed 200 OK in 63.805µs
[heketi] INFO 2017/04/27 02:10:43 Creating brick 0accc827e14fd2110138d7a25b16a1ae
[heketi] INFO 2017/04/27 02:10:43 Creating brick 06fd877bbbbdcad2298c7925ee73aee6
[heketi] INFO 2017/04/27 02:10:43 Creating brick f13d7a0792bde4d06c7dc0ebd9a5c0f9
[sshexec] DEBUG 2017/04/27 02:10:44 /src/github.com/heketi/heketi/pkg/utils/ssh/ssh.go:176: Host: 192.168.48.12:22 Command: /bin/bash -c 'mkdir -p /var/lib/heketi/mounts/vg_403cca7edce115dc1c641acc2f5f11fb/brick_06fd877bbbbdcad2298c7925ee73aee6'
Result: 
[sshexec] DEBUG 2017/04/27 02:10:44 /src/github.com/heketi/heketi/pkg/utils/ssh/ssh.go:176: Host: 192.168.48.14:22 Command: /bin/bash -c 'mkdir -p /var/lib/heketi/mounts/vg_d72d3bd802d4e511a80ce2f16181289d/brick_f13d7a0792bde4d06c7dc0ebd9a5c0f9'
Result: 
[sshexec] DEBUG 2017/04/27 02:10:44 /src/github.com/heketi/heketi/pkg/utils/ssh/ssh.go:176: Host: 192.168.48.17:22 Command: /bin/bash -c 'mkdir -p /var/lib/heketi/mounts/vg_6c7ff8b53124baa86b5b789cd93274e1/brick_0accc827e14fd2110138d7a25b16a1ae'
Result: 
[sshexec] DEBUG 2017/04/27 02:10:44 /src/github.com/heketi/heketi/pkg/utils/ssh/ssh.go:176: Host: 192.168.48.12:22 Command: /bin/bash -c 'lvcreate --poolmetadatasize 8192K -c 256K -L 1048576K -T vg_403cca7edce115dc1c641acc2f5f11fb/tp_06fd877bbbbdcad2298c7925ee73aee6 -V 1048576K -n brick_06fd877bbbbdcad2298c7925ee73aee6'
Result:   Logical volume "brick_06fd877bbbbdcad2298c7925ee73aee6" created.
[sshexec] DEBUG 2017/04/27 02:10:44 /src/github.com/heketi/heketi/pkg/utils/ssh/ssh.go:176: Host: 192.168.48.14:22 Command: /bin/bash -c 'lvcreate --poolmetadatasize 8192K -c 256K -L 1048576K -T vg_d72d3bd802d4e511a80ce2f16181289d/tp_f13d7a0792bde4d06c7dc0ebd9a5c0f9 -V 1048576K -n brick_f13d7a0792bde4d06c7dc0ebd9a5c0f9'
Result:   Logical volume "brick_f13d7a0792bde4d06c7dc0ebd9a5c0f9" created.
[sshexec] DEBUG 2017/04/27 02:10:44 /src/github.com/heketi/heketi/pkg/utils/ssh/ssh.go:176: Host: 192.168.48.17:22 Command: /bin/bash -c 'lvcreate --poolmetadatasize 8192K -c 256K -L 1048576K -T vg_6c7ff8b53124baa86b5b789cd93274e1/tp_0accc827e14fd2110138d7a25b16a1ae -V 1048576K -n brick_0accc827e14fd2110138d7a25b16a1ae'
Result:   Logical volume "brick_0accc827e14fd2110138d7a25b16a1ae" created.
[sshexec] DEBUG 2017/04/27 02:10:44 /src/github.com/heketi/heketi/pkg/utils/ssh/ssh.go:176: Host: 192.168.48.12:22 Command: /bin/bash -c 'mkfs.xfs -i size=512 -n size=8192 /dev/mapper/vg_403cca7edce115dc1c641acc2f5f11fb-brick_06fd877bbbbdcad2298c7925ee73aee6'
Result: meta-data=/dev/mapper/vg_403cca7edce115dc1c641acc2f5f11fb-brick_06fd877bbbbdcad2298c7925ee73aee6 isize=512    agcount=8, agsize=32704 blks
         =                       sectsz=4096  attr=2, projid32bit=1
         =                       crc=1        finobt=1, sparse=0
data     =                       bsize=4096   blocks=261632, imaxpct=25
         =                       sunit=64     swidth=64 blks
naming   =version 2              bsize=8192   ascii-ci=0 ftype=1
log      =internal log           bsize=4096   blocks=576, version=2
         =                       sectsz=4096  sunit=1 blks, lazy-count=1
realtime =none                   extsz=4096   blocks=0, rtextents=0
[sshexec] DEBUG 2017/04/27 02:10:44 /src/github.com/heketi/heketi/pkg/utils/ssh/ssh.go:176: Host: 192.168.48.12:22 Command: /bin/bash -c 'echo "/dev/mapper/vg_403cca7edce115dc1c641acc2f5f11fb-brick_06fd877bbbbdcad2298c7925ee73aee6 /var/lib/heketi/mounts/vg_403cca7edce115dc1c641acc2f5f11fb/brick_06fd877bbbbdcad2298c7925ee73aee6 xfs rw,inode64,noatime,nouuid 1 2" | tee -a /etc/fstab > /dev/null '
Result: 
[sshexec] DEBUG 2017/04/27 02:10:44 /src/github.com/heketi/heketi/pkg/utils/ssh/ssh.go:176: Host: 192.168.48.12:22 Command: /bin/bash -c 'mount -o rw,inode64,noatime,nouuid /dev/mapper/vg_403cca7edce115dc1c641acc2f5f11fb-brick_06fd877bbbbdcad2298c7925ee73aee6 /var/lib/heketi/mounts/vg_403cca7edce115dc1c641acc2f5f11fb/brick_06fd877bbbbdcad2298c7925ee73aee6'
Result: 
[negroni] Started GET /queue/f144f6822ceb90b4a6bfae157ebb0d1b
[negroni] Completed 200 OK in 90.615µs
[sshexec] DEBUG 2017/04/27 02:10:44 /src/github.com/heketi/heketi/pkg/utils/ssh/ssh.go:176: Host: 192.168.48.12:22 Command: /bin/bash -c 'mkdir /var/lib/heketi/mounts/vg_403cca7edce115dc1c641acc2f5f11fb/brick_06fd877bbbbdcad2298c7925ee73aee6/brick'
Result: 
[sshexec] DEBUG 2017/04/27 02:10:44 /src/github.com/heketi/heketi/pkg/utils/ssh/ssh.go:176: Host: 192.168.48.12:22 Command: /bin/bash -c 'chown :2000 /var/lib/heketi/mounts/vg_403cca7edce115dc1c641acc2f5f11fb/brick_06fd877bbbbdcad2298c7925ee73aee6/brick'
Result: 
[sshexec] DEBUG 2017/04/27 02:10:44 /src/github.com/heketi/heketi/pkg/utils/ssh/ssh.go:176: Host: 192.168.48.14:22 Command: /bin/bash -c 'mkfs.xfs -i size=512 -n size=8192 /dev/mapper/vg_d72d3bd802d4e511a80ce2f16181289d-brick_f13d7a0792bde4d06c7dc0ebd9a5c0f9'
Result: meta-data=/dev/mapper/vg_d72d3bd802d4e511a80ce2f16181289d-brick_f13d7a0792bde4d06c7dc0ebd9a5c0f9 isize=512    agcount=8, agsize=32704 blks
         =                       sectsz=512   attr=2, projid32bit=1
         =                       crc=1        finobt=1, sparse=0
data     =                       bsize=4096   blocks=261632, imaxpct=25
         =                       sunit=64     swidth=64 blks
naming   =version 2              bsize=8192   ascii-ci=0 ftype=1
log      =internal log           bsize=4096   blocks=1728, version=2
         =                       sectsz=512   sunit=64 blks, lazy-count=1
realtime =none                   extsz=4096   blocks=0, rtextents=0
[sshexec] DEBUG 2017/04/27 02:10:44 /src/github.com/heketi/heketi/pkg/utils/ssh/ssh.go:176: Host: 192.168.48.12:22 Command: /bin/bash -c 'chmod 2775 /var/lib/heketi/mounts/vg_403cca7edce115dc1c641acc2f5f11fb/brick_06fd877bbbbdcad2298c7925ee73aee6/brick'
Result: 
[sshexec] DEBUG 2017/04/27 02:10:44 /src/github.com/heketi/heketi/pkg/utils/ssh/ssh.go:176: Host: 192.168.48.14:22 Command: /bin/bash -c 'echo "/dev/mapper/vg_d72d3bd802d4e511a80ce2f16181289d-brick_f13d7a0792bde4d06c7dc0ebd9a5c0f9 /var/lib/heketi/mounts/vg_d72d3bd802d4e511a80ce2f16181289d/brick_f13d7a0792bde4d06c7dc0ebd9a5c0f9 xfs rw,inode64,noatime,nouuid 1 2" | tee -a /etc/fstab > /dev/null '
Result: 
[sshexec] DEBUG 2017/04/27 02:10:44 /src/github.com/heketi/heketi/pkg/utils/ssh/ssh.go:176: Host: 192.168.48.17:22 Command: /bin/bash -c 'mkfs.xfs -i size=512 -n size=8192 /dev/mapper/vg_6c7ff8b53124baa86b5b789cd93274e1-brick_0accc827e14fd2110138d7a25b16a1ae'
Result: meta-data=/dev/mapper/vg_6c7ff8b53124baa86b5b789cd93274e1-brick_0accc827e14fd2110138d7a25b16a1ae isize=512    agcount=8, agsize=32704 blks
         =                       sectsz=512   attr=2, projid32bit=1
         =                       crc=1        finobt=1, sparse=0
data     =                       bsize=4096   blocks=261632, imaxpct=25
         =                       sunit=64     swidth=64 blks
naming   =version 2              bsize=8192   ascii-ci=0 ftype=1
log      =internal log           bsize=4096   blocks=1728, version=2
         =                       sectsz=512   sunit=64 blks, lazy-count=1
realtime =none                   extsz=4096   blocks=0, rtextents=0
[sshexec] DEBUG 2017/04/27 02:10:44 /src/github.com/heketi/heketi/pkg/utils/ssh/ssh.go:176: Host: 192.168.48.17:22 Command: /bin/bash -c 'echo "/dev/mapper/vg_6c7ff8b53124baa86b5b789cd93274e1-brick_0accc827e14fd2110138d7a25b16a1ae /var/lib/heketi/mounts/vg_6c7ff8b53124baa86b5b789cd93274e1/brick_0accc827e14fd2110138d7a25b16a1ae xfs rw,inode64,noatime,nouuid 1 2" | tee -a /etc/fstab > /dev/null '
Result: 
[sshexec] DEBUG 2017/04/27 02:10:45 /src/github.com/heketi/heketi/pkg/utils/ssh/ssh.go:176: Host: 192.168.48.14:22 Command: /bin/bash -c 'mount -o rw,inode64,noatime,nouuid /dev/mapper/vg_d72d3bd802d4e511a80ce2f16181289d-brick_f13d7a0792bde4d06c7dc0ebd9a5c0f9 /var/lib/heketi/mounts/vg_d72d3bd802d4e511a80ce2f16181289d/brick_f13d7a0792bde4d06c7dc0ebd9a5c0f9'
Result: 
[sshexec] DEBUG 2017/04/27 02:10:45 /src/github.com/heketi/heketi/pkg/utils/ssh/ssh.go:176: Host: 192.168.48.14:22 Command: /bin/bash -c 'mkdir /var/lib/heketi/mounts/vg_d72d3bd802d4e511a80ce2f16181289d/brick_f13d7a0792bde4d06c7dc0ebd9a5c0f9/brick'
Result: 
[sshexec] DEBUG 2017/04/27 02:10:45 /src/github.com/heketi/heketi/pkg/utils/ssh/ssh.go:176: Host: 192.168.48.14:22 Command: /bin/bash -c 'chown :2000 /var/lib/heketi/mounts/vg_d72d3bd802d4e511a80ce2f16181289d/brick_f13d7a0792bde4d06c7dc0ebd9a5c0f9/brick'
Result: 
[sshexec] DEBUG 2017/04/27 02:10:45 /src/github.com/heketi/heketi/pkg/utils/ssh/ssh.go:176: Host: 192.168.48.14:22 Command: /bin/bash -c 'chmod 2775 /var/lib/heketi/mounts/vg_d72d3bd802d4e511a80ce2f16181289d/brick_f13d7a0792bde4d06c7dc0ebd9a5c0f9/brick'
Result: 
[sshexec] DEBUG 2017/04/27 02:10:45 /src/github.com/heketi/heketi/pkg/utils/ssh/ssh.go:176: Host: 192.168.48.17:22 Command: /bin/bash -c 'mount -o rw,inode64,noatime,nouuid /dev/mapper/vg_6c7ff8b53124baa86b5b789cd93274e1-brick_0accc827e14fd2110138d7a25b16a1ae /var/lib/heketi/mounts/vg_6c7ff8b53124baa86b5b789cd93274e1/brick_0accc827e14fd2110138d7a25b16a1ae'
Result: 
[sshexec] DEBUG 2017/04/27 02:10:45 /src/github.com/heketi/heketi/pkg/utils/ssh/ssh.go:176: Host: 192.168.48.17:22 Command: /bin/bash -c 'mkdir /var/lib/heketi/mounts/vg_6c7ff8b53124baa86b5b789cd93274e1/brick_0accc827e14fd2110138d7a25b16a1ae/brick'
Result: 
[sshexec] DEBUG 2017/04/27 02:10:45 /src/github.com/heketi/heketi/pkg/utils/ssh/ssh.go:176: Host: 192.168.48.17:22 Command: /bin/bash -c 'chown :2000 /var/lib/heketi/mounts/vg_6c7ff8b53124baa86b5b789cd93274e1/brick_0accc827e14fd2110138d7a25b16a1ae/brick'
Result: 
[sshexec] DEBUG 2017/04/27 02:10:45 /src/github.com/heketi/heketi/pkg/utils/ssh/ssh.go:176: Host: 192.168.48.17:22 Command: /bin/bash -c 'chmod 2775 /var/lib/heketi/mounts/vg_6c7ff8b53124baa86b5b789cd93274e1/brick_0accc827e14fd2110138d7a25b16a1ae/brick'
Result: 
[sshexec] INFO 2017/04/27 02:10:45 Creating volume vol_6758da62e5b455c84cdcf40fd88c172d replica 3
[sshexec] ERROR 2017/04/27 02:10:45 /src/github.com/heketi/heketi/pkg/utils/ssh/ssh.go:173: Failed to run command [/bin/bash -c 'gluster --mode=script volume create vol_6758da62e5b455c84cdcf40fd88c172d replica 3 192.168.48.17:/var/lib/heketi/mounts/vg_6c7ff8b53124baa86b5b789cd93274e1/brick_0accc827e14fd2110138d7a25b16a1ae/brick 192.168.48.14:/var/lib/heketi/mounts/vg_d72d3bd802d4e511a80ce2f16181289d/brick_f13d7a0792bde4d06c7dc0ebd9a5c0f9/brick 192.168.48.12:/var/lib/heketi/mounts/vg_403cca7edce115dc1c641acc2f5f11fb/brick_06fd877bbbbdcad2298c7925ee73aee6/brick '] on 192.168.48.17:22: Err[Process exited with: 1. Reason was:  ()]: Stdout []: Stderr [volume create: vol_6758da62e5b455c84cdcf40fd88c172d: failed: Host 192.168.48.14 is not in 'Peer in Cluster' state
]
[negroni] Started GET /queue/f144f6822ceb90b4a6bfae157ebb0d1b
[negroni] Completed 200 OK in 105.078µs
[sshexec] ERROR 2017/04/27 02:10:45 /src/github.com/heketi/heketi/pkg/utils/ssh/ssh.go:173: Failed to run command [/bin/bash -c 'gluster --mode=script volume stop vol_6758da62e5b455c84cdcf40fd88c172d force'] on 192.168.48.17:22: Err[Process exited with: 1. Reason was:  ()]: Stdout []: Stderr [volume stop: vol_6758da62e5b455c84cdcf40fd88c172d: failed: Volume vol_6758da62e5b455c84cdcf40fd88c172d does not exist
]
[sshexec] ERROR 2017/04/27 02:10:45 /src/github.com/heketi/heketi/executors/sshexec/volume.go:130: Unable to stop volume vol_6758da62e5b455c84cdcf40fd88c172d: volume stop: vol_6758da62e5b455c84cdcf40fd88c172d: failed: Volume vol_6758da62e5b455c84cdcf40fd88c172d does not exist
[heketi] INFO 2017/04/27 02:10:46 Deleting brick 0accc827e14fd2110138d7a25b16a1ae
[sshexec] ERROR 2017/04/27 02:10:46 /src/github.com/heketi/heketi/pkg/utils/ssh/ssh.go:173: Failed to run command [/bin/bash -c 'gluster --mode=script volume delete vol_6758da62e5b455c84cdcf40fd88c172d'] on 192.168.48.17:22: Err[Process exited with: 1. Reason was:  ()]: Stdout []: Stderr [volume delete: vol_6758da62e5b455c84cdcf40fd88c172d: failed: Volume vol_6758da62e5b455c84cdcf40fd88c172d does not exist
]
[sshexec] ERROR 2017/04/27 02:10:46 /src/github.com/heketi/heketi/executors/sshexec/volume.go:139: Unable to delete volume vol_6758da62e5b455c84cdcf40fd88c172d: volume delete: vol_6758da62e5b455c84cdcf40fd88c172d: failed: Volume vol_6758da62e5b455c84cdcf40fd88c172d does not exist
[heketi] INFO 2017/04/27 02:10:46 Deleting brick f13d7a0792bde4d06c7dc0ebd9a5c0f9
[heketi] INFO 2017/04/27 02:10:46 Deleting brick 06fd877bbbbdcad2298c7925ee73aee6
[sshexec] DEBUG 2017/04/27 02:10:46 /src/github.com/heketi/heketi/pkg/utils/ssh/ssh.go:176: Host: 192.168.48.12:22 Command: /bin/bash -c 'umount /var/lib/heketi/mounts/vg_403cca7edce115dc1c641acc2f5f11fb/brick_06fd877bbbbdcad2298c7925ee73aee6'
Result: 
[sshexec] DEBUG 2017/04/27 02:10:46 /src/github.com/heketi/heketi/pkg/utils/ssh/ssh.go:176: Host: 192.168.48.14:22 Command: /bin/bash -c 'umount /var/lib/heketi/mounts/vg_d72d3bd802d4e511a80ce2f16181289d/brick_f13d7a0792bde4d06c7dc0ebd9a5c0f9'
Result: 
[sshexec] DEBUG 2017/04/27 02:10:46 /src/github.com/heketi/heketi/pkg/utils/ssh/ssh.go:176: Host: 192.168.48.17:22 Command: /bin/bash -c 'umount /var/lib/heketi/mounts/vg_6c7ff8b53124baa86b5b789cd93274e1/brick_0accc827e14fd2110138d7a25b16a1ae'
Result: 
[negroni] Started GET /queue/f144f6822ceb90b4a6bfae157ebb0d1b
[negroni] Completed 200 OK in 105.665µs
[sshexec] DEBUG 2017/04/27 02:10:47 /src/github.com/heketi/heketi/pkg/utils/ssh/ssh.go:176: Host: 192.168.48.17:22 Command: /bin/bash -c 'lvremove -f vg_6c7ff8b53124baa86b5b789cd93274e1/tp_0accc827e14fd2110138d7a25b16a1ae'
Result:   Logical volume "brick_0accc827e14fd2110138d7a25b16a1ae" successfully removed
  Logical volume "tp_0accc827e14fd2110138d7a25b16a1ae" successfully removed
[sshexec] DEBUG 2017/04/27 02:10:47 /src/github.com/heketi/heketi/pkg/utils/ssh/ssh.go:176: Host: 192.168.48.12:22 Command: /bin/bash -c 'lvremove -f vg_403cca7edce115dc1c641acc2f5f11fb/tp_06fd877bbbbdcad2298c7925ee73aee6'
Result:   Logical volume "brick_06fd877bbbbdcad2298c7925ee73aee6" successfully removed
  Logical volume "tp_06fd877bbbbdcad2298c7925ee73aee6" successfully removed
[sshexec] DEBUG 2017/04/27 02:10:47 /src/github.com/heketi/heketi/pkg/utils/ssh/ssh.go:176: Host: 192.168.48.14:22 Command: /bin/bash -c 'lvremove -f vg_d72d3bd802d4e511a80ce2f16181289d/tp_f13d7a0792bde4d06c7dc0ebd9a5c0f9'
Result:   Logical volume "brick_f13d7a0792bde4d06c7dc0ebd9a5c0f9" successfully removed
  Logical volume "tp_f13d7a0792bde4d06c7dc0ebd9a5c0f9" successfully removed
[sshexec] DEBUG 2017/04/27 02:10:47 /src/github.com/heketi/heketi/pkg/utils/ssh/ssh.go:176: Host: 192.168.48.17:22 Command: /bin/bash -c 'rmdir /var/lib/heketi/mounts/vg_6c7ff8b53124baa86b5b789cd93274e1/brick_0accc827e14fd2110138d7a25b16a1ae'
Result: 
[sshexec] DEBUG 2017/04/27 02:10:47 /src/github.com/heketi/heketi/pkg/utils/ssh/ssh.go:176: Host: 192.168.48.14:22 Command: /bin/bash -c 'rmdir /var/lib/heketi/mounts/vg_d72d3bd802d4e511a80ce2f16181289d/brick_f13d7a0792bde4d06c7dc0ebd9a5c0f9'
Result: 
[sshexec] DEBUG 2017/04/27 02:10:47 /src/github.com/heketi/heketi/pkg/utils/ssh/ssh.go:176: Host: 192.168.48.12:22 Command: /bin/bash -c 'rmdir /var/lib/heketi/mounts/vg_403cca7edce115dc1c641acc2f5f11fb/brick_06fd877bbbbdcad2298c7925ee73aee6'
Result: 
[sshexec] DEBUG 2017/04/27 02:10:47 /src/github.com/heketi/heketi/pkg/utils/ssh/ssh.go:176: Host: 192.168.48.14:22 Command: /bin/bash -c 'sed -i.save "/brick_f13d7a0792bde4d06c7dc0ebd9a5c0f9/d" /etc/fstab'
Result: 
[sshexec] DEBUG 2017/04/27 02:10:47 /src/github.com/heketi/heketi/pkg/utils/ssh/ssh.go:176: Host: 192.168.48.17:22 Command: /bin/bash -c 'sed -i.save "/brick_0accc827e14fd2110138d7a25b16a1ae/d" /etc/fstab'
Result: 
[sshexec] DEBUG 2017/04/27 02:10:47 /src/github.com/heketi/heketi/pkg/utils/ssh/ssh.go:176: Host: 192.168.48.12:22 Command: /bin/bash -c 'sed -i.save "/brick_06fd877bbbbdcad2298c7925ee73aee6/d" /etc/fstab'
Result: 
[asynchttp] INFO 2017/04/27 02:10:47 Completed job f144f6822ceb90b4a6bfae157ebb0d1b in 3.948847046s
[heketi] ERROR 2017/04/27 02:10:47 /src/github.com/heketi/heketi/apps/glusterfs/app_volume.go:148: Failed to create volume: volume create: vol_6758da62e5b455c84cdcf40fd88c172d: failed: Host 192.168.48.14 is not in 'Peer in Cluster' state
[negroni] Started GET /queue/f144f6822ceb90b4a6bfae157ebb0d1b
[negroni] Completed 500 Internal Server Error in 72.631µs
[negroni] Started POST /volumes
[negroni] Completed 202 Accepted in 15.031923ms
[asynchttp] INFO 2017/04/27 02:10:58 Started job a4ee0c5f73316c780e50d9fa68b7ad29
[heketi] INFO 2017/04/27 02:10:58 Creating volume fe2b398500174c03e97d9ca40b99fe0b
[heketi] INFO 2017/04/27 02:10:58 brick_num: 0
[negroni] Started GET /queue/a4ee0c5f73316c780e50d9fa68b7ad29
[negroni] Completed 200 OK in 363.123µs
[heketi] INFO 2017/04/27 02:10:58 Creating brick c5d656f75ed774a8897b8bf178975d6f
[heketi] INFO 2017/04/27 02:10:59 Creating brick d37d18e99a53761a37a08e670a412fa4
[heketi] INFO 2017/04/27 02:10:59 Creating brick 3ab04d691d8068682dc8be2a372bd956
[sshexec] DEBUG 2017/04/27 02:10:59 /src/github.com/heketi/heketi/pkg/utils/ssh/ssh.go:176: Host: 192.168.48.12:22 Command: /bin/bash -c 'mkdir -p /var/lib/heketi/mounts/vg_403cca7edce115dc1c641acc2f5f11fb/brick_d37d18e99a53761a37a08e670a412fa4'
Result: 
[sshexec] DEBUG 2017/04/27 02:10:59 /src/github.com/heketi/heketi/pkg/utils/ssh/ssh.go:176: Host: 192.168.48.14:22 Command: /bin/bash -c 'mkdir -p /var/lib/heketi/mounts/vg_d72d3bd802d4e511a80ce2f16181289d/brick_3ab04d691d8068682dc8be2a372bd956'
Result: 
[sshexec] DEBUG 2017/04/27 02:10:59 /src/github.com/heketi/heketi/pkg/utils/ssh/ssh.go:176: Host: 192.168.48.17:22 Command: /bin/bash -c 'mkdir -p /var/lib/heketi/mounts/vg_6c7ff8b53124baa86b5b789cd93274e1/brick_c5d656f75ed774a8897b8bf178975d6f'
Result: 
[sshexec] DEBUG 2017/04/27 02:10:59 /src/github.com/heketi/heketi/pkg/utils/ssh/ssh.go:176: Host: 192.168.48.12:22 Command: /bin/bash -c 'lvcreate --poolmetadatasize 8192K -c 256K -L 1048576K -T vg_403cca7edce115dc1c641acc2f5f11fb/tp_d37d18e99a53761a37a08e670a412fa4 -V 1048576K -n brick_d37d18e99a53761a37a08e670a412fa4'
Result:   Logical volume "brick_d37d18e99a53761a37a08e670a412fa4" created.
[sshexec] DEBUG 2017/04/27 02:10:59 /src/github.com/heketi/heketi/pkg/utils/ssh/ssh.go:176: Host: 192.168.48.14:22 Command: /bin/bash -c 'lvcreate --poolmetadatasize 8192K -c 256K -L 1048576K -T vg_d72d3bd802d4e511a80ce2f16181289d/tp_3ab04d691d8068682dc8be2a372bd956 -V 1048576K -n brick_3ab04d691d8068682dc8be2a372bd956'
Result:   Logical volume "brick_3ab04d691d8068682dc8be2a372bd956" created.
[negroni] Started GET /queue/a4ee0c5f73316c780e50d9fa68b7ad29
[negroni] Completed 200 OK in 113.071µs
[sshexec] DEBUG 2017/04/27 02:10:59 /src/github.com/heketi/heketi/pkg/utils/ssh/ssh.go:176: Host: 192.168.48.17:22 Command: /bin/bash -c 'lvcreate --poolmetadatasize 8192K -c 256K -L 1048576K -T vg_6c7ff8b53124baa86b5b789cd93274e1/tp_c5d656f75ed774a8897b8bf178975d6f -V 1048576K -n brick_c5d656f75ed774a8897b8bf178975d6f'
Result:   Logical volume "brick_c5d656f75ed774a8897b8bf178975d6f" created.
[sshexec] DEBUG 2017/04/27 02:10:59 /src/github.com/heketi/heketi/pkg/utils/ssh/ssh.go:176: Host: 192.168.48.12:22 Command: /bin/bash -c 'mkfs.xfs -i size=512 -n size=8192 /dev/mapper/vg_403cca7edce115dc1c641acc2f5f11fb-brick_d37d18e99a53761a37a08e670a412fa4'
Result: meta-data=/dev/mapper/vg_403cca7edce115dc1c641acc2f5f11fb-brick_d37d18e99a53761a37a08e670a412fa4 isize=512    agcount=8, agsize=32704 blks
         =                       sectsz=4096  attr=2, projid32bit=1
         =                       crc=1        finobt=1, sparse=0
data     =                       bsize=4096   blocks=261632, imaxpct=25
         =                       sunit=64     swidth=64 blks
naming   =version 2              bsize=8192   ascii-ci=0 ftype=1
log      =internal log           bsize=4096   blocks=576, version=2
         =                       sectsz=4096  sunit=1 blks, lazy-count=1
realtime =none                   extsz=4096   blocks=0, rtextents=0
[sshexec] DEBUG 2017/04/27 02:10:59 /src/github.com/heketi/heketi/pkg/utils/ssh/ssh.go:176: Host: 192.168.48.12:22 Command: /bin/bash -c 'echo "/dev/mapper/vg_403cca7edce115dc1c641acc2f5f11fb-brick_d37d18e99a53761a37a08e670a412fa4 /var/lib/heketi/mounts/vg_403cca7edce115dc1c641acc2f5f11fb/brick_d37d18e99a53761a37a08e670a412fa4 xfs rw,inode64,noatime,nouuid 1 2" | tee -a /etc/fstab > /dev/null '
Result: 
[sshexec] DEBUG 2017/04/27 02:10:59 /src/github.com/heketi/heketi/pkg/utils/ssh/ssh.go:176: Host: 192.168.48.14:22 Command: /bin/bash -c 'mkfs.xfs -i size=512 -n size=8192 /dev/mapper/vg_d72d3bd802d4e511a80ce2f16181289d-brick_3ab04d691d8068682dc8be2a372bd956'
Result: meta-data=/dev/mapper/vg_d72d3bd802d4e511a80ce2f16181289d-brick_3ab04d691d8068682dc8be2a372bd956 isize=512    agcount=8, agsize=32704 blks
         =                       sectsz=512   attr=2, projid32bit=1
         =                       crc=1        finobt=1, sparse=0
data     =                       bsize=4096   blocks=261632, imaxpct=25
         =                       sunit=64     swidth=64 blks
naming   =version 2              bsize=8192   ascii-ci=0 ftype=1
log      =internal log           bsize=4096   blocks=1728, version=2
         =                       sectsz=512   sunit=64 blks, lazy-count=1
realtime =none                   extsz=4096   blocks=0, rtextents=0
[sshexec] DEBUG 2017/04/27 02:10:59 /src/github.com/heketi/heketi/pkg/utils/ssh/ssh.go:176: Host: 192.168.48.14:22 Command: /bin/bash -c 'echo "/dev/mapper/vg_d72d3bd802d4e511a80ce2f16181289d-brick_3ab04d691d8068682dc8be2a372bd956 /var/lib/heketi/mounts/vg_d72d3bd802d4e511a80ce2f16181289d/brick_3ab04d691d8068682dc8be2a372bd956 xfs rw,inode64,noatime,nouuid 1 2" | tee -a /etc/fstab > /dev/null '
Result: 
[sshexec] DEBUG 2017/04/27 02:10:59 /src/github.com/heketi/heketi/pkg/utils/ssh/ssh.go:176: Host: 192.168.48.17:22 Command: /bin/bash -c 'mkfs.xfs -i size=512 -n size=8192 /dev/mapper/vg_6c7ff8b53124baa86b5b789cd93274e1-brick_c5d656f75ed774a8897b8bf178975d6f'
Result: meta-data=/dev/mapper/vg_6c7ff8b53124baa86b5b789cd93274e1-brick_c5d656f75ed774a8897b8bf178975d6f isize=512    agcount=8, agsize=32704 blks
         =                       sectsz=512   attr=2, projid32bit=1
         =                       crc=1        finobt=1, sparse=0
data     =                       bsize=4096   blocks=261632, imaxpct=25
         =                       sunit=64     swidth=64 blks
naming   =version 2              bsize=8192   ascii-ci=0 ftype=1
log      =internal log           bsize=4096   blocks=1728, version=2
         =                       sectsz=512   sunit=64 blks, lazy-count=1
realtime =none                   extsz=4096   blocks=0, rtextents=0
[sshexec] DEBUG 2017/04/27 02:10:59 /src/github.com/heketi/heketi/pkg/utils/ssh/ssh.go:176: Host: 192.168.48.17:22 Command: /bin/bash -c 'echo "/dev/mapper/vg_6c7ff8b53124baa86b5b789cd93274e1-brick_c5d656f75ed774a8897b8bf178975d6f /var/lib/heketi/mounts/vg_6c7ff8b53124baa86b5b789cd93274e1/brick_c5d656f75ed774a8897b8bf178975d6f xfs rw,inode64,noatime,nouuid 1 2" | tee -a /etc/fstab > /dev/null '
Result: 
[sshexec] DEBUG 2017/04/27 02:11:00 /src/github.com/heketi/heketi/pkg/utils/ssh/ssh.go:176: Host: 192.168.48.12:22 Command: /bin/bash -c 'mount -o rw,inode64,noatime,nouuid /dev/mapper/vg_403cca7edce115dc1c641acc2f5f11fb-brick_d37d18e99a53761a37a08e670a412fa4 /var/lib/heketi/mounts/vg_403cca7edce115dc1c641acc2f5f11fb/brick_d37d18e99a53761a37a08e670a412fa4'
Result: 
[sshexec] DEBUG 2017/04/27 02:11:00 /src/github.com/heketi/heketi/pkg/utils/ssh/ssh.go:176: Host: 192.168.48.12:22 Command: /bin/bash -c 'mkdir /var/lib/heketi/mounts/vg_403cca7edce115dc1c641acc2f5f11fb/brick_d37d18e99a53761a37a08e670a412fa4/brick'
Result: 
[sshexec] DEBUG 2017/04/27 02:11:00 /src/github.com/heketi/heketi/pkg/utils/ssh/ssh.go:176: Host: 192.168.48.12:22 Command: /bin/bash -c 'chown :2000 /var/lib/heketi/mounts/vg_403cca7edce115dc1c641acc2f5f11fb/brick_d37d18e99a53761a37a08e670a412fa4/brick'
Result: 
[sshexec] DEBUG 2017/04/27 02:11:00 /src/github.com/heketi/heketi/pkg/utils/ssh/ssh.go:176: Host: 192.168.48.12:22 Command: /bin/bash -c 'chmod 2775 /var/lib/heketi/mounts/vg_403cca7edce115dc1c641acc2f5f11fb/brick_d37d18e99a53761a37a08e670a412fa4/brick'
Result: 
[sshexec] DEBUG 2017/04/27 02:11:00 /src/github.com/heketi/heketi/pkg/utils/ssh/ssh.go:176: Host: 192.168.48.14:22 Command: /bin/bash -c 'mount -o rw,inode64,noatime,nouuid /dev/mapper/vg_d72d3bd802d4e511a80ce2f16181289d-brick_3ab04d691d8068682dc8be2a372bd956 /var/lib/heketi/mounts/vg_d72d3bd802d4e511a80ce2f16181289d/brick_3ab04d691d8068682dc8be2a372bd956'
Result: 
[sshexec] DEBUG 2017/04/27 02:11:00 /src/github.com/heketi/heketi/pkg/utils/ssh/ssh.go:176: Host: 192.168.48.14:22 Command: /bin/bash -c 'mkdir /var/lib/heketi/mounts/vg_d72d3bd802d4e511a80ce2f16181289d/brick_3ab04d691d8068682dc8be2a372bd956/brick'
Result: 
[sshexec] DEBUG 2017/04/27 02:11:00 /src/github.com/heketi/heketi/pkg/utils/ssh/ssh.go:176: Host: 192.168.48.14:22 Command: /bin/bash -c 'chown :2000 /var/lib/heketi/mounts/vg_d72d3bd802d4e511a80ce2f16181289d/brick_3ab04d691d8068682dc8be2a372bd956/brick'
Result: 
[sshexec] DEBUG 2017/04/27 02:11:00 /src/github.com/heketi/heketi/pkg/utils/ssh/ssh.go:176: Host: 192.168.48.14:22 Command: /bin/bash -c 'chmod 2775 /var/lib/heketi/mounts/vg_d72d3bd802d4e511a80ce2f16181289d/brick_3ab04d691d8068682dc8be2a372bd956/brick'
Result: 
[sshexec] DEBUG 2017/04/27 02:11:00 /src/github.com/heketi/heketi/pkg/utils/ssh/ssh.go:176: Host: 192.168.48.17:22 Command: /bin/bash -c 'mount -o rw,inode64,noatime,nouuid /dev/mapper/vg_6c7ff8b53124baa86b5b789cd93274e1-brick_c5d656f75ed774a8897b8bf178975d6f /var/lib/heketi/mounts/vg_6c7ff8b53124baa86b5b789cd93274e1/brick_c5d656f75ed774a8897b8bf178975d6f'
Result: 
[sshexec] DEBUG 2017/04/27 02:11:00 /src/github.com/heketi/heketi/pkg/utils/ssh/ssh.go:176: Host: 192.168.48.17:22 Command: /bin/bash -c 'mkdir /var/lib/heketi/mounts/vg_6c7ff8b53124baa86b5b789cd93274e1/brick_c5d656f75ed774a8897b8bf178975d6f/brick'
Result: 
[sshexec] DEBUG 2017/04/27 02:11:00 /src/github.com/heketi/heketi/pkg/utils/ssh/ssh.go:176: Host: 192.168.48.17:22 Command: /bin/bash -c 'chown :2000 /var/lib/heketi/mounts/vg_6c7ff8b53124baa86b5b789cd93274e1/brick_c5d656f75ed774a8897b8bf178975d6f/brick'
Result: 
[sshexec] DEBUG 2017/04/27 02:11:00 /src/github.com/heketi/heketi/pkg/utils/ssh/ssh.go:176: Host: 192.168.48.17:22 Command: /bin/bash -c 'chmod 2775 /var/lib/heketi/mounts/vg_6c7ff8b53124baa86b5b789cd93274e1/brick_c5d656f75ed774a8897b8bf178975d6f/brick'
Result: 
[sshexec] INFO 2017/04/27 02:11:00 Creating volume vol_fe2b398500174c03e97d9ca40b99fe0b replica 3
[sshexec] ERROR 2017/04/27 02:11:00 /src/github.com/heketi/heketi/pkg/utils/ssh/ssh.go:173: Failed to run command [/bin/bash -c 'gluster --mode=script volume create vol_fe2b398500174c03e97d9ca40b99fe0b replica 3 192.168.48.17:/var/lib/heketi/mounts/vg_6c7ff8b53124baa86b5b789cd93274e1/brick_c5d656f75ed774a8897b8bf178975d6f/brick 192.168.48.14:/var/lib/heketi/mounts/vg_d72d3bd802d4e511a80ce2f16181289d/brick_3ab04d691d8068682dc8be2a372bd956/brick 192.168.48.12:/var/lib/heketi/mounts/vg_403cca7edce115dc1c641acc2f5f11fb/brick_d37d18e99a53761a37a08e670a412fa4/brick '] on 192.168.48.17:22: Err[Process exited with: 1. Reason was:  ()]: Stdout []: Stderr [volume create: vol_fe2b398500174c03e97d9ca40b99fe0b: failed: Host 192.168.48.14 is not in 'Peer in Cluster' state
]
[negroni] Started GET /queue/a4ee0c5f73316c780e50d9fa68b7ad29
[negroni] Completed 200 OK in 106.575µs
[sshexec] ERROR 2017/04/27 02:11:01 /src/github.com/heketi/heketi/pkg/utils/ssh/ssh.go:173: Failed to run command [/bin/bash -c 'gluster --mode=script volume stop vol_fe2b398500174c03e97d9ca40b99fe0b force'] on 192.168.48.17:22: Err[Process exited with: 1. Reason was:  ()]: Stdout []: Stderr [volume stop: vol_fe2b398500174c03e97d9ca40b99fe0b: failed: Volume vol_fe2b398500174c03e97d9ca40b99fe0b does not exist
]
[sshexec] ERROR 2017/04/27 02:11:01 /src/github.com/heketi/heketi/executors/sshexec/volume.go:130: Unable to stop volume vol_fe2b398500174c03e97d9ca40b99fe0b: volume stop: vol_fe2b398500174c03e97d9ca40b99fe0b: failed: Volume vol_fe2b398500174c03e97d9ca40b99fe0b does not exist
[heketi] INFO 2017/04/27 02:11:01 Deleting brick c5d656f75ed774a8897b8bf178975d6f
[heketi] INFO 2017/04/27 02:11:01 Deleting brick 3ab04d691d8068682dc8be2a372bd956
[sshexec] ERROR 2017/04/27 02:11:01 /src/github.com/heketi/heketi/pkg/utils/ssh/ssh.go:173: Failed to run command [/bin/bash -c 'gluster --mode=script volume delete vol_fe2b398500174c03e97d9ca40b99fe0b'] on 192.168.48.17:22: Err[Process exited with: 1. Reason was:  ()]: Stdout []: Stderr [volume delete: vol_fe2b398500174c03e97d9ca40b99fe0b: failed: Volume vol_fe2b398500174c03e97d9ca40b99fe0b does not exist
]
[sshexec] ERROR 2017/04/27 02:11:01 /src/github.com/heketi/heketi/executors/sshexec/volume.go:139: Unable to delete volume vol_fe2b398500174c03e97d9ca40b99fe0b: volume delete: vol_fe2b398500174c03e97d9ca40b99fe0b: failed: Volume vol_fe2b398500174c03e97d9ca40b99fe0b does not exist
[heketi] INFO 2017/04/27 02:11:01 Deleting brick d37d18e99a53761a37a08e670a412fa4
[sshexec] DEBUG 2017/04/27 02:11:01 /src/github.com/heketi/heketi/pkg/utils/ssh/ssh.go:176: Host: 192.168.48.12:22 Command: /bin/bash -c 'umount /var/lib/heketi/mounts/vg_403cca7edce115dc1c641acc2f5f11fb/brick_d37d18e99a53761a37a08e670a412fa4'
Result: 
[sshexec] DEBUG 2017/04/27 02:11:01 /src/github.com/heketi/heketi/pkg/utils/ssh/ssh.go:176: Host: 192.168.48.17:22 Command: /bin/bash -c 'umount /var/lib/heketi/mounts/vg_6c7ff8b53124baa86b5b789cd93274e1/brick_c5d656f75ed774a8897b8bf178975d6f'
Result: 
[sshexec] DEBUG 2017/04/27 02:11:01 /src/github.com/heketi/heketi/pkg/utils/ssh/ssh.go:176: Host: 192.168.48.14:22 Command: /bin/bash -c 'umount /var/lib/heketi/mounts/vg_d72d3bd802d4e511a80ce2f16181289d/brick_3ab04d691d8068682dc8be2a372bd956'
Result: 
[negroni] Started GET /queue/a4ee0c5f73316c780e50d9fa68b7ad29
[negroni] Completed 200 OK in 82.354µs
[sshexec] DEBUG 2017/04/27 02:11:02 /src/github.com/heketi/heketi/pkg/utils/ssh/ssh.go:176: Host: 192.168.48.17:22 Command: /bin/bash -c 'lvremove -f vg_6c7ff8b53124baa86b5b789cd93274e1/tp_c5d656f75ed774a8897b8bf178975d6f'
Result:   Logical volume "brick_c5d656f75ed774a8897b8bf178975d6f" successfully removed
  Logical volume "tp_c5d656f75ed774a8897b8bf178975d6f" successfully removed
[sshexec] DEBUG 2017/04/27 02:11:02 /src/github.com/heketi/heketi/pkg/utils/ssh/ssh.go:176: Host: 192.168.48.12:22 Command: /bin/bash -c 'lvremove -f vg_403cca7edce115dc1c641acc2f5f11fb/tp_d37d18e99a53761a37a08e670a412fa4'
Result:   Logical volume "brick_d37d18e99a53761a37a08e670a412fa4" successfully removed
  Logical volume "tp_d37d18e99a53761a37a08e670a412fa4" successfully removed
[sshexec] DEBUG 2017/04/27 02:11:02 /src/github.com/heketi/heketi/pkg/utils/ssh/ssh.go:176: Host: 192.168.48.14:22 Command: /bin/bash -c 'lvremove -f vg_d72d3bd802d4e511a80ce2f16181289d/tp_3ab04d691d8068682dc8be2a372bd956'
Result:   Logical volume "brick_3ab04d691d8068682dc8be2a372bd956" successfully removed
  Logical volume "tp_3ab04d691d8068682dc8be2a372bd956" successfully removed
[sshexec] DEBUG 2017/04/27 02:11:02 /src/github.com/heketi/heketi/pkg/utils/ssh/ssh.go:176: Host: 192.168.48.17:22 Command: /bin/bash -c 'rmdir /var/lib/heketi/mounts/vg_6c7ff8b53124baa86b5b789cd93274e1/brick_c5d656f75ed774a8897b8bf178975d6f'
Result: 
[sshexec] DEBUG 2017/04/27 02:11:02 /src/github.com/heketi/heketi/pkg/utils/ssh/ssh.go:176: Host: 192.168.48.12:22 Command: /bin/bash -c 'rmdir /var/lib/heketi/mounts/vg_403cca7edce115dc1c641acc2f5f11fb/brick_d37d18e99a53761a37a08e670a412fa4'
Result: 
[sshexec] DEBUG 2017/04/27 02:11:02 /src/github.com/heketi/heketi/pkg/utils/ssh/ssh.go:176: Host: 192.168.48.14:22 Command: /bin/bash -c 'rmdir /var/lib/heketi/mounts/vg_d72d3bd802d4e511a80ce2f16181289d/brick_3ab04d691d8068682dc8be2a372bd956'
Result: 
[sshexec] DEBUG 2017/04/27 02:11:02 /src/github.com/heketi/heketi/pkg/utils/ssh/ssh.go:176: Host: 192.168.48.12:22 Command: /bin/bash -c 'sed -i.save "/brick_d37d18e99a53761a37a08e670a412fa4/d" /etc/fstab'
Result: 
[sshexec] DEBUG 2017/04/27 02:11:02 /src/github.com/heketi/heketi/pkg/utils/ssh/ssh.go:176: Host: 192.168.48.17:22 Command: /bin/bash -c 'sed -i.save "/brick_c5d656f75ed774a8897b8bf178975d6f/d" /etc/fstab'
Result: 
[sshexec] DEBUG 2017/04/27 02:11:02 /src/github.com/heketi/heketi/pkg/utils/ssh/ssh.go:176: Host: 192.168.48.14:22 Command: /bin/bash -c 'sed -i.save "/brick_3ab04d691d8068682dc8be2a372bd956/d" /etc/fstab'
Result: 
[heketi] ERROR 2017/04/27 02:11:02 /src/github.com/heketi/heketi/apps/glusterfs/app_volume.go:148: Failed to create volume: volume create: vol_fe2b398500174c03e97d9ca40b99fe0b: failed: Host 192.168.48.14 is not in 'Peer in Cluster' state
[asynchttp] INFO 2017/04/27 02:11:02 Completed job a4ee0c5f73316c780e50d9fa68b7ad29 in 3.909677395s
[negroni] Started GET /queue/a4ee0c5f73316c780e50d9fa68b7ad29
[negroni] Completed 500 Internal Server Error in 82.653µs
[negroni] Started POST /volumes
[negroni] Completed 202 Accepted in 26.644417ms
[asynchttp] INFO 2017/04/27 02:11:13 Started job 53dc37caad251398a4b0134f25994f90
[heketi] INFO 2017/04/27 02:11:13 Creating volume 1d20c0210ea9ff6b18fd12e4321639d5
[heketi] INFO 2017/04/27 02:11:13 brick_num: 0
[negroni] Started GET /queue/53dc37caad251398a4b0134f25994f90
[negroni] Completed 200 OK in 67.179µs
[heketi] INFO 2017/04/27 02:11:13 Creating brick 5e4507c350c8f9ccce4b91908ba659d7
[heketi] INFO 2017/04/27 02:11:13 Creating brick 7226fbc4e693bfdcf9254928b25b6f43
[heketi] INFO 2017/04/27 02:11:13 Creating brick 02d19e771d906446b6b7419fd486b75c
[sshexec] DEBUG 2017/04/27 02:11:14 /src/github.com/heketi/heketi/pkg/utils/ssh/ssh.go:176: Host: 192.168.48.12:22 Command: /bin/bash -c 'mkdir -p /var/lib/heketi/mounts/vg_403cca7edce115dc1c641acc2f5f11fb/brick_02d19e771d906446b6b7419fd486b75c'
Result: 
[sshexec] DEBUG 2017/04/27 02:11:14 /src/github.com/heketi/heketi/pkg/utils/ssh/ssh.go:176: Host: 192.168.48.14:22 Command: /bin/bash -c 'mkdir -p /var/lib/heketi/mounts/vg_d72d3bd802d4e511a80ce2f16181289d/brick_7226fbc4e693bfdcf9254928b25b6f43'
Result: 
[sshexec] DEBUG 2017/04/27 02:11:14 /src/github.com/heketi/heketi/pkg/utils/ssh/ssh.go:176: Host: 192.168.48.17:22 Command: /bin/bash -c 'mkdir -p /var/lib/heketi/mounts/vg_6c7ff8b53124baa86b5b789cd93274e1/brick_5e4507c350c8f9ccce4b91908ba659d7'
Result: 
[sshexec] DEBUG 2017/04/27 02:11:14 /src/github.com/heketi/heketi/pkg/utils/ssh/ssh.go:176: Host: 192.168.48.14:22 Command: /bin/bash -c 'lvcreate --poolmetadatasize 8192K -c 256K -L 1048576K -T vg_d72d3bd802d4e511a80ce2f16181289d/tp_7226fbc4e693bfdcf9254928b25b6f43 -V 1048576K -n brick_7226fbc4e693bfdcf9254928b25b6f43'
Result:   Logical volume "brick_7226fbc4e693bfdcf9254928b25b6f43" created.
[sshexec] DEBUG 2017/04/27 02:11:14 /src/github.com/heketi/heketi/pkg/utils/ssh/ssh.go:176: Host: 192.168.48.17:22 Command: /bin/bash -c 'lvcreate --poolmetadatasize 8192K -c 256K -L 1048576K -T vg_6c7ff8b53124baa86b5b789cd93274e1/tp_5e4507c350c8f9ccce4b91908ba659d7 -V 1048576K -n brick_5e4507c350c8f9ccce4b91908ba659d7'
Result:   Logical volume "brick_5e4507c350c8f9ccce4b91908ba659d7" created.
[sshexec] DEBUG 2017/04/27 02:11:14 /src/github.com/heketi/heketi/pkg/utils/ssh/ssh.go:176: Host: 192.168.48.12:22 Command: /bin/bash -c 'lvcreate --poolmetadatasize 8192K -c 256K -L 1048576K -T vg_403cca7edce115dc1c641acc2f5f11fb/tp_02d19e771d906446b6b7419fd486b75c -V 1048576K -n brick_02d19e771d906446b6b7419fd486b75c'
Result:   Logical volume "brick_02d19e771d906446b6b7419fd486b75c" created.
[sshexec] DEBUG 2017/04/27 02:11:14 /src/github.com/heketi/heketi/pkg/utils/ssh/ssh.go:176: Host: 192.168.48.14:22 Command: /bin/bash -c 'mkfs.xfs -i size=512 -n size=8192 /dev/mapper/vg_d72d3bd802d4e511a80ce2f16181289d-brick_7226fbc4e693bfdcf9254928b25b6f43'
Result: meta-data=/dev/mapper/vg_d72d3bd802d4e511a80ce2f16181289d-brick_7226fbc4e693bfdcf9254928b25b6f43 isize=512    agcount=8, agsize=32704 blks
         =                       sectsz=512   attr=2, projid32bit=1
         =                       crc=1        finobt=1, sparse=0
data     =                       bsize=4096   blocks=261632, imaxpct=25
         =                       sunit=64     swidth=64 blks
naming   =version 2              bsize=8192   ascii-ci=0 ftype=1
log      =internal log           bsize=4096   blocks=1728, version=2
         =                       sectsz=512   sunit=64 blks, lazy-count=1
realtime =none                   extsz=4096   blocks=0, rtextents=0
[sshexec] DEBUG 2017/04/27 02:11:14 /src/github.com/heketi/heketi/pkg/utils/ssh/ssh.go:176: Host: 192.168.48.14:22 Command: /bin/bash -c 'echo "/dev/mapper/vg_d72d3bd802d4e511a80ce2f16181289d-brick_7226fbc4e693bfdcf9254928b25b6f43 /var/lib/heketi/mounts/vg_d72d3bd802d4e511a80ce2f16181289d/brick_7226fbc4e693bfdcf9254928b25b6f43 xfs rw,inode64,noatime,nouuid 1 2" | tee -a /etc/fstab > /dev/null '
Result: 
[negroni] Started GET /queue/53dc37caad251398a4b0134f25994f90
[negroni] Completed 200 OK in 53.329µs
[sshexec] DEBUG 2017/04/27 02:11:14 /src/github.com/heketi/heketi/pkg/utils/ssh/ssh.go:176: Host: 192.168.48.12:22 Command: /bin/bash -c 'mkfs.xfs -i size=512 -n size=8192 /dev/mapper/vg_403cca7edce115dc1c641acc2f5f11fb-brick_02d19e771d906446b6b7419fd486b75c'
Result: meta-data=/dev/mapper/vg_403cca7edce115dc1c641acc2f5f11fb-brick_02d19e771d906446b6b7419fd486b75c isize=512    agcount=8, agsize=32704 blks
         =                       sectsz=4096  attr=2, projid32bit=1
         =                       crc=1        finobt=1, sparse=0
data     =                       bsize=4096   blocks=261632, imaxpct=25
         =                       sunit=64     swidth=64 blks
naming   =version 2              bsize=8192   ascii-ci=0 ftype=1
log      =internal log           bsize=4096   blocks=576, version=2
         =                       sectsz=4096  sunit=1 blks, lazy-count=1
realtime =none                   extsz=4096   blocks=0, rtextents=0
[sshexec] DEBUG 2017/04/27 02:11:14 /src/github.com/heketi/heketi/pkg/utils/ssh/ssh.go:176: Host: 192.168.48.17:22 Command: /bin/bash -c 'mkfs.xfs -i size=512 -n size=8192 /dev/mapper/vg_6c7ff8b53124baa86b5b789cd93274e1-brick_5e4507c350c8f9ccce4b91908ba659d7'
Result: meta-data=/dev/mapper/vg_6c7ff8b53124baa86b5b789cd93274e1-brick_5e4507c350c8f9ccce4b91908ba659d7 isize=512    agcount=8, agsize=32704 blks
         =                       sectsz=512   attr=2, projid32bit=1
         =                       crc=1        finobt=1, sparse=0
data     =                       bsize=4096   blocks=261632, imaxpct=25
         =                       sunit=64     swidth=64 blks
naming   =version 2              bsize=8192   ascii-ci=0 ftype=1
log      =internal log           bsize=4096   blocks=1728, version=2
         =                       sectsz=512   sunit=64 blks, lazy-count=1
realtime =none                   extsz=4096   blocks=0, rtextents=0
[sshexec] DEBUG 2017/04/27 02:11:14 /src/github.com/heketi/heketi/pkg/utils/ssh/ssh.go:176: Host: 192.168.48.12:22 Command: /bin/bash -c 'echo "/dev/mapper/vg_403cca7edce115dc1c641acc2f5f11fb-brick_02d19e771d906446b6b7419fd486b75c /var/lib/heketi/mounts/vg_403cca7edce115dc1c641acc2f5f11fb/brick_02d19e771d906446b6b7419fd486b75c xfs rw,inode64,noatime,nouuid 1 2" | tee -a /etc/fstab > /dev/null '
Result: 
[sshexec] DEBUG 2017/04/27 02:11:14 /src/github.com/heketi/heketi/pkg/utils/ssh/ssh.go:176: Host: 192.168.48.17:22 Command: /bin/bash -c 'echo "/dev/mapper/vg_6c7ff8b53124baa86b5b789cd93274e1-brick_5e4507c350c8f9ccce4b91908ba659d7 /var/lib/heketi/mounts/vg_6c7ff8b53124baa86b5b789cd93274e1/brick_5e4507c350c8f9ccce4b91908ba659d7 xfs rw,inode64,noatime,nouuid 1 2" | tee -a /etc/fstab > /dev/null '
Result: 
[sshexec] DEBUG 2017/04/27 02:11:14 /src/github.com/heketi/heketi/pkg/utils/ssh/ssh.go:176: Host: 192.168.48.12:22 Command: /bin/bash -c 'mount -o rw,inode64,noatime,nouuid /dev/mapper/vg_403cca7edce115dc1c641acc2f5f11fb-brick_02d19e771d906446b6b7419fd486b75c /var/lib/heketi/mounts/vg_403cca7edce115dc1c641acc2f5f11fb/brick_02d19e771d906446b6b7419fd486b75c'
Result: 
[sshexec] DEBUG 2017/04/27 02:11:14 /src/github.com/heketi/heketi/pkg/utils/ssh/ssh.go:176: Host: 192.168.48.12:22 Command: /bin/bash -c 'mkdir /var/lib/heketi/mounts/vg_403cca7edce115dc1c641acc2f5f11fb/brick_02d19e771d906446b6b7419fd486b75c/brick'
Result: 
[sshexec] DEBUG 2017/04/27 02:11:14 /src/github.com/heketi/heketi/pkg/utils/ssh/ssh.go:176: Host: 192.168.48.12:22 Command: /bin/bash -c 'chown :2000 /var/lib/heketi/mounts/vg_403cca7edce115dc1c641acc2f5f11fb/brick_02d19e771d906446b6b7419fd486b75c/brick'
Result: 
[sshexec] DEBUG 2017/04/27 02:11:14 /src/github.com/heketi/heketi/pkg/utils/ssh/ssh.go:176: Host: 192.168.48.12:22 Command: /bin/bash -c 'chmod 2775 /var/lib/heketi/mounts/vg_403cca7edce115dc1c641acc2f5f11fb/brick_02d19e771d906446b6b7419fd486b75c/brick'
Result: 
[sshexec] DEBUG 2017/04/27 02:11:15 /src/github.com/heketi/heketi/pkg/utils/ssh/ssh.go:176: Host: 192.168.48.14:22 Command: /bin/bash -c 'mount -o rw,inode64,noatime,nouuid /dev/mapper/vg_d72d3bd802d4e511a80ce2f16181289d-brick_7226fbc4e693bfdcf9254928b25b6f43 /var/lib/heketi/mounts/vg_d72d3bd802d4e511a80ce2f16181289d/brick_7226fbc4e693bfdcf9254928b25b6f43'
Result: 
[sshexec] DEBUG 2017/04/27 02:11:15 /src/github.com/heketi/heketi/pkg/utils/ssh/ssh.go:176: Host: 192.168.48.14:22 Command: /bin/bash -c 'mkdir /var/lib/heketi/mounts/vg_d72d3bd802d4e511a80ce2f16181289d/brick_7226fbc4e693bfdcf9254928b25b6f43/brick'
Result: 
[sshexec] DEBUG 2017/04/27 02:11:15 /src/github.com/heketi/heketi/pkg/utils/ssh/ssh.go:176: Host: 192.168.48.14:22 Command: /bin/bash -c 'chown :2000 /var/lib/heketi/mounts/vg_d72d3bd802d4e511a80ce2f16181289d/brick_7226fbc4e693bfdcf9254928b25b6f43/brick'
Result: 
[sshexec] DEBUG 2017/04/27 02:11:15 /src/github.com/heketi/heketi/pkg/utils/ssh/ssh.go:176: Host: 192.168.48.14:22 Command: /bin/bash -c 'chmod 2775 /var/lib/heketi/mounts/vg_d72d3bd802d4e511a80ce2f16181289d/brick_7226fbc4e693bfdcf9254928b25b6f43/brick'
Result: 
[sshexec] DEBUG 2017/04/27 02:11:15 /src/github.com/heketi/heketi/pkg/utils/ssh/ssh.go:176: Host: 192.168.48.17:22 Command: /bin/bash -c 'mount -o rw,inode64,noatime,nouuid /dev/mapper/vg_6c7ff8b53124baa86b5b789cd93274e1-brick_5e4507c350c8f9ccce4b91908ba659d7 /var/lib/heketi/mounts/vg_6c7ff8b53124baa86b5b789cd93274e1/brick_5e4507c350c8f9ccce4b91908ba659d7'
Result: 
[sshexec] DEBUG 2017/04/27 02:11:15 /src/github.com/heketi/heketi/pkg/utils/ssh/ssh.go:176: Host: 192.168.48.17:22 Command: /bin/bash -c 'mkdir /var/lib/heketi/mounts/vg_6c7ff8b53124baa86b5b789cd93274e1/brick_5e4507c350c8f9ccce4b91908ba659d7/brick'
Result: 
[sshexec] DEBUG 2017/04/27 02:11:15 /src/github.com/heketi/heketi/pkg/utils/ssh/ssh.go:176: Host: 192.168.48.17:22 Command: /bin/bash -c 'chown :2000 /var/lib/heketi/mounts/vg_6c7ff8b53124baa86b5b789cd93274e1/brick_5e4507c350c8f9ccce4b91908ba659d7/brick'
Result: 
[sshexec] DEBUG 2017/04/27 02:11:15 /src/github.com/heketi/heketi/pkg/utils/ssh/ssh.go:176: Host: 192.168.48.17:22 Command: /bin/bash -c 'chmod 2775 /var/lib/heketi/mounts/vg_6c7ff8b53124baa86b5b789cd93274e1/brick_5e4507c350c8f9ccce4b91908ba659d7/brick'
Result: 
[sshexec] INFO 2017/04/27 02:11:15 Creating volume vol_1d20c0210ea9ff6b18fd12e4321639d5 replica 3
[sshexec] ERROR 2017/04/27 02:11:15 /src/github.com/heketi/heketi/pkg/utils/ssh/ssh.go:173: Failed to run command [/bin/bash -c 'gluster --mode=script volume create vol_1d20c0210ea9ff6b18fd12e4321639d5 replica 3 192.168.48.17:/var/lib/heketi/mounts/vg_6c7ff8b53124baa86b5b789cd93274e1/brick_5e4507c350c8f9ccce4b91908ba659d7/brick 192.168.48.14:/var/lib/heketi/mounts/vg_d72d3bd802d4e511a80ce2f16181289d/brick_7226fbc4e693bfdcf9254928b25b6f43/brick 192.168.48.12:/var/lib/heketi/mounts/vg_403cca7edce115dc1c641acc2f5f11fb/brick_02d19e771d906446b6b7419fd486b75c/brick '] on 192.168.48.17:22: Err[Process exited with: 1. Reason was:  ()]: Stdout []: Stderr [volume create: vol_1d20c0210ea9ff6b18fd12e4321639d5: failed: Host 192.168.48.14 is not in 'Peer in Cluster' state
]
[negroni] Started GET /queue/53dc37caad251398a4b0134f25994f90
[negroni] Completed 200 OK in 92.849µs
[sshexec] ERROR 2017/04/27 02:11:16 /src/github.com/heketi/heketi/pkg/utils/ssh/ssh.go:173: Failed to run command [/bin/bash -c 'gluster --mode=script volume stop vol_1d20c0210ea9ff6b18fd12e4321639d5 force'] on 192.168.48.17:22: Err[Process exited with: 1. Reason was:  ()]: Stdout []: Stderr [volume stop: vol_1d20c0210ea9ff6b18fd12e4321639d5: failed: Volume vol_1d20c0210ea9ff6b18fd12e4321639d5 does not exist
]
[sshexec] ERROR 2017/04/27 02:11:16 /src/github.com/heketi/heketi/executors/sshexec/volume.go:130: Unable to stop volume vol_1d20c0210ea9ff6b18fd12e4321639d5: volume stop: vol_1d20c0210ea9ff6b18fd12e4321639d5: failed: Volume vol_1d20c0210ea9ff6b18fd12e4321639d5 does not exist
[sshexec] ERROR 2017/04/27 02:11:16 /src/github.com/heketi/heketi/pkg/utils/ssh/ssh.go:173: Failed to run command [/bin/bash -c 'gluster --mode=script volume delete vol_1d20c0210ea9ff6b18fd12e4321639d5'] on 192.168.48.17:22: Err[Process exited with: 1. Reason was:  ()]: Stdout []: Stderr [volume delete: vol_1d20c0210ea9ff6b18fd12e4321639d5: failed: Volume vol_1d20c0210ea9ff6b18fd12e4321639d5 does not exist
]
[sshexec] ERROR 2017/04/27 02:11:16 /src/github.com/heketi/heketi/executors/sshexec/volume.go:139: Unable to delete volume vol_1d20c0210ea9ff6b18fd12e4321639d5: volume delete: vol_1d20c0210ea9ff6b18fd12e4321639d5: failed: Volume vol_1d20c0210ea9ff6b18fd12e4321639d5 does not exist
[heketi] INFO 2017/04/27 02:11:16 Deleting brick 5e4507c350c8f9ccce4b91908ba659d7
[heketi] INFO 2017/04/27 02:11:16 Deleting brick 02d19e771d906446b6b7419fd486b75c
[heketi] INFO 2017/04/27 02:11:16 Deleting brick 7226fbc4e693bfdcf9254928b25b6f43
[sshexec] DEBUG 2017/04/27 02:11:16 /src/github.com/heketi/heketi/pkg/utils/ssh/ssh.go:176: Host: 192.168.48.12:22 Command: /bin/bash -c 'umount /var/lib/heketi/mounts/vg_403cca7edce115dc1c641acc2f5f11fb/brick_02d19e771d906446b6b7419fd486b75c'
Result: 
[sshexec] DEBUG 2017/04/27 02:11:16 /src/github.com/heketi/heketi/pkg/utils/ssh/ssh.go:176: Host: 192.168.48.17:22 Command: /bin/bash -c 'umount /var/lib/heketi/mounts/vg_6c7ff8b53124baa86b5b789cd93274e1/brick_5e4507c350c8f9ccce4b91908ba659d7'
Result: 
[sshexec] DEBUG 2017/04/27 02:11:16 /src/github.com/heketi/heketi/pkg/utils/ssh/ssh.go:176: Host: 192.168.48.14:22 Command: /bin/bash -c 'umount /var/lib/heketi/mounts/vg_d72d3bd802d4e511a80ce2f16181289d/brick_7226fbc4e693bfdcf9254928b25b6f43'
Result: 
[negroni] Started GET /queue/53dc37caad251398a4b0134f25994f90
[negroni] Completed 200 OK in 72.2µs
[sshexec] DEBUG 2017/04/27 02:11:17 /src/github.com/heketi/heketi/pkg/utils/ssh/ssh.go:176: Host: 192.168.48.17:22 Command: /bin/bash -c 'lvremove -f vg_6c7ff8b53124baa86b5b789cd93274e1/tp_5e4507c350c8f9ccce4b91908ba659d7'
Result:   Logical volume "brick_5e4507c350c8f9ccce4b91908ba659d7" successfully removed
  Logical volume "tp_5e4507c350c8f9ccce4b91908ba659d7" successfully removed
[sshexec] DEBUG 2017/04/27 02:11:17 /src/github.com/heketi/heketi/pkg/utils/ssh/ssh.go:176: Host: 192.168.48.12:22 Command: /bin/bash -c 'lvremove -f vg_403cca7edce115dc1c641acc2f5f11fb/tp_02d19e771d906446b6b7419fd486b75c'
Result:   Logical volume "brick_02d19e771d906446b6b7419fd486b75c" successfully removed
  Logical volume "tp_02d19e771d906446b6b7419fd486b75c" successfully removed
[sshexec] DEBUG 2017/04/27 02:11:17 /src/github.com/heketi/heketi/pkg/utils/ssh/ssh.go:176: Host: 192.168.48.14:22 Command: /bin/bash -c 'lvremove -f vg_d72d3bd802d4e511a80ce2f16181289d/tp_7226fbc4e693bfdcf9254928b25b6f43'
Result:   Logical volume "brick_7226fbc4e693bfdcf9254928b25b6f43" successfully removed
  Logical volume "tp_7226fbc4e693bfdcf9254928b25b6f43" successfully removed
[sshexec] DEBUG 2017/04/27 02:11:17 /src/github.com/heketi/heketi/pkg/utils/ssh/ssh.go:176: Host: 192.168.48.17:22 Command: /bin/bash -c 'rmdir /var/lib/heketi/mounts/vg_6c7ff8b53124baa86b5b789cd93274e1/brick_5e4507c350c8f9ccce4b91908ba659d7'
Result: 
[sshexec] DEBUG 2017/04/27 02:11:17 /src/github.com/heketi/heketi/pkg/utils/ssh/ssh.go:176: Host: 192.168.48.12:22 Command: /bin/bash -c 'rmdir /var/lib/heketi/mounts/vg_403cca7edce115dc1c641acc2f5f11fb/brick_02d19e771d906446b6b7419fd486b75c'
Result: 
[sshexec] DEBUG 2017/04/27 02:11:17 /src/github.com/heketi/heketi/pkg/utils/ssh/ssh.go:176: Host: 192.168.48.14:22 Command: /bin/bash -c 'rmdir /var/lib/heketi/mounts/vg_d72d3bd802d4e511a80ce2f16181289d/brick_7226fbc4e693bfdcf9254928b25b6f43'
Result: 
[sshexec] DEBUG 2017/04/27 02:11:17 /src/github.com/heketi/heketi/pkg/utils/ssh/ssh.go:176: Host: 192.168.48.17:22 Command: /bin/bash -c 'sed -i.save "/brick_5e4507c350c8f9ccce4b91908ba659d7/d" /etc/fstab'
Result: 
[sshexec] DEBUG 2017/04/27 02:11:17 /src/github.com/heketi/heketi/pkg/utils/ssh/ssh.go:176: Host: 192.168.48.12:22 Command: /bin/bash -c 'sed -i.save "/brick_02d19e771d906446b6b7419fd486b75c/d" /etc/fstab'
Result: 
[sshexec] DEBUG 2017/04/27 02:11:17 /src/github.com/heketi/heketi/pkg/utils/ssh/ssh.go:176: Host: 192.168.48.14:22 Command: /bin/bash -c 'sed -i.save "/brick_7226fbc4e693bfdcf9254928b25b6f43/d" /etc/fstab'
Result: 
[asynchttp] INFO 2017/04/27 02:11:17 Completed job 53dc37caad251398a4b0134f25994f90 in 3.905056373s
[heketi] ERROR 2017/04/27 02:11:17 /src/github.com/heketi/heketi/apps/glusterfs/app_volume.go:148: Failed to create volume: volume create: vol_1d20c0210ea9ff6b18fd12e4321639d5: failed: Host 192.168.48.14 is not in 'Peer in Cluster' state
[negroni] Started GET /queue/53dc37caad251398a4b0134f25994f90
[negroni] Completed 500 Internal Server Error in 77.788µs
[negroni] Started POST /volumes
[negroni] Completed 202 Accepted in 18.427168ms
[asynchttp] INFO 2017/04/27 02:11:28 Started job 967d06e30461c2d18d17a0fba9e84b52
[heketi] INFO 2017/04/27 02:11:28 Creating volume 3e3975b09b942e1b3f38e03428b9855a
[heketi] INFO 2017/04/27 02:11:28 brick_num: 0
[negroni] Started GET /queue/967d06e30461c2d18d17a0fba9e84b52
[negroni] Completed 200 OK in 73.869µs
[heketi] INFO 2017/04/27 02:11:28 Creating brick 594290c0721bedae5871dc2e98a91518
[heketi] INFO 2017/04/27 02:11:28 Creating brick 24cd3e39d5ecce9c2d9e9030b8a46814
[heketi] INFO 2017/04/27 02:11:28 Creating brick 8b6c0ec8897d9a88dc53aebfbf531225
[sshexec] DEBUG 2017/04/27 02:11:29 /src/github.com/heketi/heketi/pkg/utils/ssh/ssh.go:176: Host: 192.168.48.12:22 Command: /bin/bash -c 'mkdir -p /var/lib/heketi/mounts/vg_403cca7edce115dc1c641acc2f5f11fb/brick_8b6c0ec8897d9a88dc53aebfbf531225'
Result: 
[sshexec] DEBUG 2017/04/27 02:11:29 /src/github.com/heketi/heketi/pkg/utils/ssh/ssh.go:176: Host: 192.168.48.14:22 Command: /bin/bash -c 'mkdir -p /var/lib/heketi/mounts/vg_d72d3bd802d4e511a80ce2f16181289d/brick_24cd3e39d5ecce9c2d9e9030b8a46814'
Result: 
[sshexec] DEBUG 2017/04/27 02:11:29 /src/github.com/heketi/heketi/pkg/utils/ssh/ssh.go:176: Host: 192.168.48.17:22 Command: /bin/bash -c 'mkdir -p /var/lib/heketi/mounts/vg_6c7ff8b53124baa86b5b789cd93274e1/brick_594290c0721bedae5871dc2e98a91518'
Result: 
[sshexec] DEBUG 2017/04/27 02:11:29 /src/github.com/heketi/heketi/pkg/utils/ssh/ssh.go:176: Host: 192.168.48.14:22 Command: /bin/bash -c 'lvcreate --poolmetadatasize 8192K -c 256K -L 1048576K -T vg_d72d3bd802d4e511a80ce2f16181289d/tp_24cd3e39d5ecce9c2d9e9030b8a46814 -V 1048576K -n brick_24cd3e39d5ecce9c2d9e9030b8a46814'
Result:   Logical volume "brick_24cd3e39d5ecce9c2d9e9030b8a46814" created.
[sshexec] DEBUG 2017/04/27 02:11:29 /src/github.com/heketi/heketi/pkg/utils/ssh/ssh.go:176: Host: 192.168.48.17:22 Command: /bin/bash -c 'lvcreate --poolmetadatasize 8192K -c 256K -L 1048576K -T vg_6c7ff8b53124baa86b5b789cd93274e1/tp_594290c0721bedae5871dc2e98a91518 -V 1048576K -n brick_594290c0721bedae5871dc2e98a91518'
Result:   Logical volume "brick_594290c0721bedae5871dc2e98a91518" created.
[sshexec] DEBUG 2017/04/27 02:11:29 /src/github.com/heketi/heketi/pkg/utils/ssh/ssh.go:176: Host: 192.168.48.12:22 Command: /bin/bash -c 'lvcreate --poolmetadatasize 8192K -c 256K -L 1048576K -T vg_403cca7edce115dc1c641acc2f5f11fb/tp_8b6c0ec8897d9a88dc53aebfbf531225 -V 1048576K -n brick_8b6c0ec8897d9a88dc53aebfbf531225'
Result:   Logical volume "brick_8b6c0ec8897d9a88dc53aebfbf531225" created.
[negroni] Started GET /queue/967d06e30461c2d18d17a0fba9e84b52
[negroni] Completed 200 OK in 194.347µs
[sshexec] DEBUG 2017/04/27 02:11:29 /src/github.com/heketi/heketi/pkg/utils/ssh/ssh.go:176: Host: 192.168.48.14:22 Command: /bin/bash -c 'mkfs.xfs -i size=512 -n size=8192 /dev/mapper/vg_d72d3bd802d4e511a80ce2f16181289d-brick_24cd3e39d5ecce9c2d9e9030b8a46814'
Result: meta-data=/dev/mapper/vg_d72d3bd802d4e511a80ce2f16181289d-brick_24cd3e39d5ecce9c2d9e9030b8a46814 isize=512    agcount=8, agsize=32704 blks
         =                       sectsz=512   attr=2, projid32bit=1
         =                       crc=1        finobt=1, sparse=0
data     =                       bsize=4096   blocks=261632, imaxpct=25
         =                       sunit=64     swidth=64 blks
naming   =version 2              bsize=8192   ascii-ci=0 ftype=1
log      =internal log           bsize=4096   blocks=1728, version=2
         =                       sectsz=512   sunit=64 blks, lazy-count=1
realtime =none                   extsz=4096   blocks=0, rtextents=0
[sshexec] DEBUG 2017/04/27 02:11:29 /src/github.com/heketi/heketi/pkg/utils/ssh/ssh.go:176: Host: 192.168.48.14:22 Command: /bin/bash -c 'echo "/dev/mapper/vg_d72d3bd802d4e511a80ce2f16181289d-brick_24cd3e39d5ecce9c2d9e9030b8a46814 /var/lib/heketi/mounts/vg_d72d3bd802d4e511a80ce2f16181289d/brick_24cd3e39d5ecce9c2d9e9030b8a46814 xfs rw,inode64,noatime,nouuid 1 2" | tee -a /etc/fstab > /dev/null '
Result: 
[sshexec] DEBUG 2017/04/27 02:11:29 /src/github.com/heketi/heketi/pkg/utils/ssh/ssh.go:176: Host: 192.168.48.17:22 Command: /bin/bash -c 'mkfs.xfs -i size=512 -n size=8192 /dev/mapper/vg_6c7ff8b53124baa86b5b789cd93274e1-brick_594290c0721bedae5871dc2e98a91518'
Result: meta-data=/dev/mapper/vg_6c7ff8b53124baa86b5b789cd93274e1-brick_594290c0721bedae5871dc2e98a91518 isize=512    agcount=8, agsize=32704 blks
         =                       sectsz=512   attr=2, projid32bit=1
         =                       crc=1        finobt=1, sparse=0
data     =                       bsize=4096   blocks=261632, imaxpct=25
         =                       sunit=64     swidth=64 blks
naming   =version 2              bsize=8192   ascii-ci=0 ftype=1
log      =internal log           bsize=4096   blocks=1728, version=2
         =                       sectsz=512   sunit=64 blks, lazy-count=1
realtime =none                   extsz=4096   blocks=0, rtextents=0
[sshexec] DEBUG 2017/04/27 02:11:29 /src/github.com/heketi/heketi/pkg/utils/ssh/ssh.go:176: Host: 192.168.48.17:22 Command: /bin/bash -c 'echo "/dev/mapper/vg_6c7ff8b53124baa86b5b789cd93274e1-brick_594290c0721bedae5871dc2e98a91518 /var/lib/heketi/mounts/vg_6c7ff8b53124baa86b5b789cd93274e1/brick_594290c0721bedae5871dc2e98a91518 xfs rw,inode64,noatime,nouuid 1 2" | tee -a /etc/fstab > /dev/null '
Result: 
[sshexec] DEBUG 2017/04/27 02:11:29 /src/github.com/heketi/heketi/pkg/utils/ssh/ssh.go:176: Host: 192.168.48.12:22 Command: /bin/bash -c 'mkfs.xfs -i size=512 -n size=8192 /dev/mapper/vg_403cca7edce115dc1c641acc2f5f11fb-brick_8b6c0ec8897d9a88dc53aebfbf531225'
Result: meta-data=/dev/mapper/vg_403cca7edce115dc1c641acc2f5f11fb-brick_8b6c0ec8897d9a88dc53aebfbf531225 isize=512    agcount=8, agsize=32704 blks
         =                       sectsz=4096  attr=2, projid32bit=1
         =                       crc=1        finobt=1, sparse=0
data     =                       bsize=4096   blocks=261632, imaxpct=25
         =                       sunit=64     swidth=64 blks
naming   =version 2              bsize=8192   ascii-ci=0 ftype=1
log      =internal log           bsize=4096   blocks=576, version=2
         =                       sectsz=4096  sunit=1 blks, lazy-count=1
realtime =none                   extsz=4096   blocks=0, rtextents=0
[sshexec] DEBUG 2017/04/27 02:11:29 /src/github.com/heketi/heketi/pkg/utils/ssh/ssh.go:176: Host: 192.168.48.12:22 Command: /bin/bash -c 'echo "/dev/mapper/vg_403cca7edce115dc1c641acc2f5f11fb-brick_8b6c0ec8897d9a88dc53aebfbf531225 /var/lib/heketi/mounts/vg_403cca7edce115dc1c641acc2f5f11fb/brick_8b6c0ec8897d9a88dc53aebfbf531225 xfs rw,inode64,noatime,nouuid 1 2" | tee -a /etc/fstab > /dev/null '
Result: 
[sshexec] DEBUG 2017/04/27 02:11:30 /src/github.com/heketi/heketi/pkg/utils/ssh/ssh.go:176: Host: 192.168.48.12:22 Command: /bin/bash -c 'mount -o rw,inode64,noatime,nouuid /dev/mapper/vg_403cca7edce115dc1c641acc2f5f11fb-brick_8b6c0ec8897d9a88dc53aebfbf531225 /var/lib/heketi/mounts/vg_403cca7edce115dc1c641acc2f5f11fb/brick_8b6c0ec8897d9a88dc53aebfbf531225'
Result: 
[sshexec] DEBUG 2017/04/27 02:11:30 /src/github.com/heketi/heketi/pkg/utils/ssh/ssh.go:176: Host: 192.168.48.12:22 Command: /bin/bash -c 'mkdir /var/lib/heketi/mounts/vg_403cca7edce115dc1c641acc2f5f11fb/brick_8b6c0ec8897d9a88dc53aebfbf531225/brick'
Result: 
[sshexec] DEBUG 2017/04/27 02:11:30 /src/github.com/heketi/heketi/pkg/utils/ssh/ssh.go:176: Host: 192.168.48.12:22 Command: /bin/bash -c 'chown :2000 /var/lib/heketi/mounts/vg_403cca7edce115dc1c641acc2f5f11fb/brick_8b6c0ec8897d9a88dc53aebfbf531225/brick'
Result: 
[sshexec] DEBUG 2017/04/27 02:11:30 /src/github.com/heketi/heketi/pkg/utils/ssh/ssh.go:176: Host: 192.168.48.12:22 Command: /bin/bash -c 'chmod 2775 /var/lib/heketi/mounts/vg_403cca7edce115dc1c641acc2f5f11fb/brick_8b6c0ec8897d9a88dc53aebfbf531225/brick'
Result: 
[sshexec] DEBUG 2017/04/27 02:11:30 /src/github.com/heketi/heketi/pkg/utils/ssh/ssh.go:176: Host: 192.168.48.14:22 Command: /bin/bash -c 'mount -o rw,inode64,noatime,nouuid /dev/mapper/vg_d72d3bd802d4e511a80ce2f16181289d-brick_24cd3e39d5ecce9c2d9e9030b8a46814 /var/lib/heketi/mounts/vg_d72d3bd802d4e511a80ce2f16181289d/brick_24cd3e39d5ecce9c2d9e9030b8a46814'
Result: 
[sshexec] DEBUG 2017/04/27 02:11:30 /src/github.com/heketi/heketi/pkg/utils/ssh/ssh.go:176: Host: 192.168.48.14:22 Command: /bin/bash -c 'mkdir /var/lib/heketi/mounts/vg_d72d3bd802d4e511a80ce2f16181289d/brick_24cd3e39d5ecce9c2d9e9030b8a46814/brick'
Result: 
[sshexec] DEBUG 2017/04/27 02:11:30 /src/github.com/heketi/heketi/pkg/utils/ssh/ssh.go:176: Host: 192.168.48.14:22 Command: /bin/bash -c 'chown :2000 /var/lib/heketi/mounts/vg_d72d3bd802d4e511a80ce2f16181289d/brick_24cd3e39d5ecce9c2d9e9030b8a46814/brick'
Result: 
[sshexec] DEBUG 2017/04/27 02:11:30 /src/github.com/heketi/heketi/pkg/utils/ssh/ssh.go:176: Host: 192.168.48.14:22 Command: /bin/bash -c 'chmod 2775 /var/lib/heketi/mounts/vg_d72d3bd802d4e511a80ce2f16181289d/brick_24cd3e39d5ecce9c2d9e9030b8a46814/brick'
Result: 
[sshexec] DEBUG 2017/04/27 02:11:30 /src/github.com/heketi/heketi/pkg/utils/ssh/ssh.go:176: Host: 192.168.48.17:22 Command: /bin/bash -c 'mount -o rw,inode64,noatime,nouuid /dev/mapper/vg_6c7ff8b53124baa86b5b789cd93274e1-brick_594290c0721bedae5871dc2e98a91518 /var/lib/heketi/mounts/vg_6c7ff8b53124baa86b5b789cd93274e1/brick_594290c0721bedae5871dc2e98a91518'
Result: 
[sshexec] DEBUG 2017/04/27 02:11:30 /src/github.com/heketi/heketi/pkg/utils/ssh/ssh.go:176: Host: 192.168.48.17:22 Command: /bin/bash -c 'mkdir /var/lib/heketi/mounts/vg_6c7ff8b53124baa86b5b789cd93274e1/brick_594290c0721bedae5871dc2e98a91518/brick'
Result: 
[sshexec] DEBUG 2017/04/27 02:11:30 /src/github.com/heketi/heketi/pkg/utils/ssh/ssh.go:176: Host: 192.168.48.17:22 Command: /bin/bash -c 'chown :2000 /var/lib/heketi/mounts/vg_6c7ff8b53124baa86b5b789cd93274e1/brick_594290c0721bedae5871dc2e98a91518/brick'
Result: 
[sshexec] DEBUG 2017/04/27 02:11:30 /src/github.com/heketi/heketi/pkg/utils/ssh/ssh.go:176: Host: 192.168.48.17:22 Command: /bin/bash -c 'chmod 2775 /var/lib/heketi/mounts/vg_6c7ff8b53124baa86b5b789cd93274e1/brick_594290c0721bedae5871dc2e98a91518/brick'
Result: 
[sshexec] INFO 2017/04/27 02:11:30 Creating volume vol_3e3975b09b942e1b3f38e03428b9855a replica 3
[sshexec] ERROR 2017/04/27 02:11:30 /src/github.com/heketi/heketi/pkg/utils/ssh/ssh.go:173: Failed to run command [/bin/bash -c 'gluster --mode=script volume create vol_3e3975b09b942e1b3f38e03428b9855a replica 3 192.168.48.17:/var/lib/heketi/mounts/vg_6c7ff8b53124baa86b5b789cd93274e1/brick_594290c0721bedae5871dc2e98a91518/brick 192.168.48.14:/var/lib/heketi/mounts/vg_d72d3bd802d4e511a80ce2f16181289d/brick_24cd3e39d5ecce9c2d9e9030b8a46814/brick 192.168.48.12:/var/lib/heketi/mounts/vg_403cca7edce115dc1c641acc2f5f11fb/brick_8b6c0ec8897d9a88dc53aebfbf531225/brick '] on 192.168.48.17:22: Err[Process exited with: 1. Reason was:  ()]: Stdout []: Stderr [volume create: vol_3e3975b09b942e1b3f38e03428b9855a: failed: Host 192.168.48.14 is not in 'Peer in Cluster' state
]
[negroni] Started GET /queue/967d06e30461c2d18d17a0fba9e84b52
[negroni] Completed 200 OK in 104.543µs
[sshexec] ERROR 2017/04/27 02:11:30 /src/github.com/heketi/heketi/pkg/utils/ssh/ssh.go:173: Failed to run command [/bin/bash -c 'gluster --mode=script volume stop vol_3e3975b09b942e1b3f38e03428b9855a force'] on 192.168.48.17:22: Err[Process exited with: 1. Reason was:  ()]: Stdout []: Stderr [volume stop: vol_3e3975b09b942e1b3f38e03428b9855a: failed: Volume vol_3e3975b09b942e1b3f38e03428b9855a does not exist
]
[sshexec] ERROR 2017/04/27 02:11:30 /src/github.com/heketi/heketi/executors/sshexec/volume.go:130: Unable to stop volume vol_3e3975b09b942e1b3f38e03428b9855a: volume stop: vol_3e3975b09b942e1b3f38e03428b9855a: failed: Volume vol_3e3975b09b942e1b3f38e03428b9855a does not exist
[heketi] INFO 2017/04/27 02:11:31 Deleting brick 594290c0721bedae5871dc2e98a91518
[sshexec] ERROR 2017/04/27 02:11:31 /src/github.com/heketi/heketi/pkg/utils/ssh/ssh.go:173: Failed to run command [/bin/bash -c 'gluster --mode=script volume delete vol_3e3975b09b942e1b3f38e03428b9855a'] on 192.168.48.17:22: Err[Process exited with: 1. Reason was:  ()]: Stdout []: Stderr [volume delete: vol_3e3975b09b942e1b3f38e03428b9855a: failed: Volume vol_3e3975b09b942e1b3f38e03428b9855a does not exist
]
[sshexec] ERROR 2017/04/27 02:11:31 /src/github.com/heketi/heketi/executors/sshexec/volume.go:139: Unable to delete volume vol_3e3975b09b942e1b3f38e03428b9855a: volume delete: vol_3e3975b09b942e1b3f38e03428b9855a: failed: Volume vol_3e3975b09b942e1b3f38e03428b9855a does not exist
[heketi] INFO 2017/04/27 02:11:31 Deleting brick 8b6c0ec8897d9a88dc53aebfbf531225
[heketi] INFO 2017/04/27 02:11:31 Deleting brick 24cd3e39d5ecce9c2d9e9030b8a46814
[sshexec] DEBUG 2017/04/27 02:11:31 /src/github.com/heketi/heketi/pkg/utils/ssh/ssh.go:176: Host: 192.168.48.12:22 Command: /bin/bash -c 'umount /var/lib/heketi/mounts/vg_403cca7edce115dc1c641acc2f5f11fb/brick_8b6c0ec8897d9a88dc53aebfbf531225'
Result: 
[sshexec] DEBUG 2017/04/27 02:11:31 /src/github.com/heketi/heketi/pkg/utils/ssh/ssh.go:176: Host: 192.168.48.17:22 Command: /bin/bash -c 'umount /var/lib/heketi/mounts/vg_6c7ff8b53124baa86b5b789cd93274e1/brick_594290c0721bedae5871dc2e98a91518'
Result: 
[sshexec] DEBUG 2017/04/27 02:11:31 /src/github.com/heketi/heketi/pkg/utils/ssh/ssh.go:176: Host: 192.168.48.14:22 Command: /bin/bash -c 'umount /var/lib/heketi/mounts/vg_d72d3bd802d4e511a80ce2f16181289d/brick_24cd3e39d5ecce9c2d9e9030b8a46814'
Result: 
[negroni] Started GET /queue/967d06e30461c2d18d17a0fba9e84b52
[negroni] Completed 200 OK in 90.906µs
[sshexec] DEBUG 2017/04/27 02:11:31 /src/github.com/heketi/heketi/pkg/utils/ssh/ssh.go:176: Host: 192.168.48.17:22 Command: /bin/bash -c 'lvremove -f vg_6c7ff8b53124baa86b5b789cd93274e1/tp_594290c0721bedae5871dc2e98a91518'
Result:   Logical volume "brick_594290c0721bedae5871dc2e98a91518" successfully removed
  Logical volume "tp_594290c0721bedae5871dc2e98a91518" successfully removed
[sshexec] DEBUG 2017/04/27 02:11:31 /src/github.com/heketi/heketi/pkg/utils/ssh/ssh.go:176: Host: 192.168.48.12:22 Command: /bin/bash -c 'lvremove -f vg_403cca7edce115dc1c641acc2f5f11fb/tp_8b6c0ec8897d9a88dc53aebfbf531225'
Result:   Logical volume "brick_8b6c0ec8897d9a88dc53aebfbf531225" successfully removed
  Logical volume "tp_8b6c0ec8897d9a88dc53aebfbf531225" successfully removed
[sshexec] DEBUG 2017/04/27 02:11:32 /src/github.com/heketi/heketi/pkg/utils/ssh/ssh.go:176: Host: 192.168.48.14:22 Command: /bin/bash -c 'lvremove -f vg_d72d3bd802d4e511a80ce2f16181289d/tp_24cd3e39d5ecce9c2d9e9030b8a46814'
Result:   Logical volume "brick_24cd3e39d5ecce9c2d9e9030b8a46814" successfully removed
  Logical volume "tp_24cd3e39d5ecce9c2d9e9030b8a46814" successfully removed
[sshexec] DEBUG 2017/04/27 02:11:32 /src/github.com/heketi/heketi/pkg/utils/ssh/ssh.go:176: Host: 192.168.48.17:22 Command: /bin/bash -c 'rmdir /var/lib/heketi/mounts/vg_6c7ff8b53124baa86b5b789cd93274e1/brick_594290c0721bedae5871dc2e98a91518'
Result: 
[sshexec] DEBUG 2017/04/27 02:11:32 /src/github.com/heketi/heketi/pkg/utils/ssh/ssh.go:176: Host: 192.168.48.14:22 Command: /bin/bash -c 'rmdir /var/lib/heketi/mounts/vg_d72d3bd802d4e511a80ce2f16181289d/brick_24cd3e39d5ecce9c2d9e9030b8a46814'
Result: 
[sshexec] DEBUG 2017/04/27 02:11:32 /src/github.com/heketi/heketi/pkg/utils/ssh/ssh.go:176: Host: 192.168.48.12:22 Command: /bin/bash -c 'rmdir /var/lib/heketi/mounts/vg_403cca7edce115dc1c641acc2f5f11fb/brick_8b6c0ec8897d9a88dc53aebfbf531225'
Result: 
[sshexec] DEBUG 2017/04/27 02:11:32 /src/github.com/heketi/heketi/pkg/utils/ssh/ssh.go:176: Host: 192.168.48.17:22 Command: /bin/bash -c 'sed -i.save "/brick_594290c0721bedae5871dc2e98a91518/d" /etc/fstab'
Result: 
[sshexec] DEBUG 2017/04/27 02:11:32 /src/github.com/heketi/heketi/pkg/utils/ssh/ssh.go:176: Host: 192.168.48.14:22 Command: /bin/bash -c 'sed -i.save "/brick_24cd3e39d5ecce9c2d9e9030b8a46814/d" /etc/fstab'
Result: 
[sshexec] DEBUG 2017/04/27 02:11:32 /src/github.com/heketi/heketi/pkg/utils/ssh/ssh.go:176: Host: 192.168.48.12:22 Command: /bin/bash -c 'sed -i.save "/brick_8b6c0ec8897d9a88dc53aebfbf531225/d" /etc/fstab'
Result: 
[heketi] ERROR 2017/04/27 02:11:32 /src/github.com/heketi/heketi/apps/glusterfs/app_volume.go:148: Failed to create volume: volume create: vol_3e3975b09b942e1b3f38e03428b9855a: failed: Host 192.168.48.14 is not in 'Peer in Cluster' state
[asynchttp] INFO 2017/04/27 02:11:32 Completed job 967d06e30461c2d18d17a0fba9e84b52 in 3.718730667s
[negroni] Started GET /queue/967d06e30461c2d18d17a0fba9e84b52
[negroni] Completed 500 Internal Server Error in 167.575µs
[negroni] Started POST /volumes
[negroni] Completed 202 Accepted in 17.173987ms
[asynchttp] INFO 2017/04/27 02:11:43 Started job 5ad7b97c3f88769c8b582e9bb035ed0a
[heketi] INFO 2017/04/27 02:11:43 Creating volume 298a972734534127344181e55db1d3f2
[heketi] INFO 2017/04/27 02:11:43 brick_num: 0
[negroni] Started GET /queue/5ad7b97c3f88769c8b582e9bb035ed0a
[negroni] Completed 200 OK in 107.059µs
[heketi] INFO 2017/04/27 02:11:43 Creating brick 9ee19e21f4d5665438eaef6ac8d6d292
[heketi] INFO 2017/04/27 02:11:43 Creating brick 22fe7745b785b11e310a5c2d8cccf888
[heketi] INFO 2017/04/27 02:11:43 Creating brick 97a6b2c2c7c82911886ff39c87ca63a4
[sshexec] DEBUG 2017/04/27 02:11:44 /src/github.com/heketi/heketi/pkg/utils/ssh/ssh.go:176: Host: 192.168.48.14:22 Command: /bin/bash -c 'mkdir -p /var/lib/heketi/mounts/vg_d72d3bd802d4e511a80ce2f16181289d/brick_9ee19e21f4d5665438eaef6ac8d6d292'
Result: 
[sshexec] DEBUG 2017/04/27 02:11:44 /src/github.com/heketi/heketi/pkg/utils/ssh/ssh.go:176: Host: 192.168.48.12:22 Command: /bin/bash -c 'mkdir -p /var/lib/heketi/mounts/vg_403cca7edce115dc1c641acc2f5f11fb/brick_97a6b2c2c7c82911886ff39c87ca63a4'
Result: 
[sshexec] DEBUG 2017/04/27 02:11:44 /src/github.com/heketi/heketi/pkg/utils/ssh/ssh.go:176: Host: 192.168.48.17:22 Command: /bin/bash -c 'mkdir -p /var/lib/heketi/mounts/vg_6c7ff8b53124baa86b5b789cd93274e1/brick_22fe7745b785b11e310a5c2d8cccf888'
Result: 
[sshexec] DEBUG 2017/04/27 02:11:44 /src/github.com/heketi/heketi/pkg/utils/ssh/ssh.go:176: Host: 192.168.48.14:22 Command: /bin/bash -c 'lvcreate --poolmetadatasize 8192K -c 256K -L 1048576K -T vg_d72d3bd802d4e511a80ce2f16181289d/tp_9ee19e21f4d5665438eaef6ac8d6d292 -V 1048576K -n brick_9ee19e21f4d5665438eaef6ac8d6d292'
Result:   Logical volume "brick_9ee19e21f4d5665438eaef6ac8d6d292" created.
[sshexec] DEBUG 2017/04/27 02:11:44 /src/github.com/heketi/heketi/pkg/utils/ssh/ssh.go:176: Host: 192.168.48.17:22 Command: /bin/bash -c 'lvcreate --poolmetadatasize 8192K -c 256K -L 1048576K -T vg_6c7ff8b53124baa86b5b789cd93274e1/tp_22fe7745b785b11e310a5c2d8cccf888 -V 1048576K -n brick_22fe7745b785b11e310a5c2d8cccf888'
Result:   Logical volume "brick_22fe7745b785b11e310a5c2d8cccf888" created.
[sshexec] DEBUG 2017/04/27 02:11:44 /src/github.com/heketi/heketi/pkg/utils/ssh/ssh.go:176: Host: 192.168.48.12:22 Command: /bin/bash -c 'lvcreate --poolmetadatasize 8192K -c 256K -L 1048576K -T vg_403cca7edce115dc1c641acc2f5f11fb/tp_97a6b2c2c7c82911886ff39c87ca63a4 -V 1048576K -n brick_97a6b2c2c7c82911886ff39c87ca63a4'
Result:   Logical volume "brick_97a6b2c2c7c82911886ff39c87ca63a4" created.
[sshexec] DEBUG 2017/04/27 02:11:44 /src/github.com/heketi/heketi/pkg/utils/ssh/ssh.go:176: Host: 192.168.48.14:22 Command: /bin/bash -c 'mkfs.xfs -i size=512 -n size=8192 /dev/mapper/vg_d72d3bd802d4e511a80ce2f16181289d-brick_9ee19e21f4d5665438eaef6ac8d6d292'
Result: meta-data=/dev/mapper/vg_d72d3bd802d4e511a80ce2f16181289d-brick_9ee19e21f4d5665438eaef6ac8d6d292 isize=512    agcount=8, agsize=32704 blks
         =                       sectsz=512   attr=2, projid32bit=1
         =                       crc=1        finobt=1, sparse=0
data     =                       bsize=4096   blocks=261632, imaxpct=25
         =                       sunit=64     swidth=64 blks
naming   =version 2              bsize=8192   ascii-ci=0 ftype=1
log      =internal log           bsize=4096   blocks=1728, version=2
         =                       sectsz=512   sunit=64 blks, lazy-count=1
realtime =none                   extsz=4096   blocks=0, rtextents=0
[sshexec] DEBUG 2017/04/27 02:11:44 /src/github.com/heketi/heketi/pkg/utils/ssh/ssh.go:176: Host: 192.168.48.14:22 Command: /bin/bash -c 'echo "/dev/mapper/vg_d72d3bd802d4e511a80ce2f16181289d-brick_9ee19e21f4d5665438eaef6ac8d6d292 /var/lib/heketi/mounts/vg_d72d3bd802d4e511a80ce2f16181289d/brick_9ee19e21f4d5665438eaef6ac8d6d292 xfs rw,inode64,noatime,nouuid 1 2" | tee -a /etc/fstab > /dev/null '
Result: 
[sshexec] DEBUG 2017/04/27 02:11:44 /src/github.com/heketi/heketi/pkg/utils/ssh/ssh.go:176: Host: 192.168.48.17:22 Command: /bin/bash -c 'mkfs.xfs -i size=512 -n size=8192 /dev/mapper/vg_6c7ff8b53124baa86b5b789cd93274e1-brick_22fe7745b785b11e310a5c2d8cccf888'
Result: meta-data=/dev/mapper/vg_6c7ff8b53124baa86b5b789cd93274e1-brick_22fe7745b785b11e310a5c2d8cccf888 isize=512    agcount=8, agsize=32704 blks
         =                       sectsz=512   attr=2, projid32bit=1
         =                       crc=1        finobt=1, sparse=0
data     =                       bsize=4096   blocks=261632, imaxpct=25
         =                       sunit=64     swidth=64 blks
naming   =version 2              bsize=8192   ascii-ci=0 ftype=1
log      =internal log           bsize=4096   blocks=1728, version=2
         =                       sectsz=512   sunit=64 blks, lazy-count=1
realtime =none                   extsz=4096   blocks=0, rtextents=0
[sshexec] DEBUG 2017/04/27 02:11:44 /src/github.com/heketi/heketi/pkg/utils/ssh/ssh.go:176: Host: 192.168.48.17:22 Command: /bin/bash -c 'echo "/dev/mapper/vg_6c7ff8b53124baa86b5b789cd93274e1-brick_22fe7745b785b11e310a5c2d8cccf888 /var/lib/heketi/mounts/vg_6c7ff8b53124baa86b5b789cd93274e1/brick_22fe7745b785b11e310a5c2d8cccf888 xfs rw,inode64,noatime,nouuid 1 2" | tee -a /etc/fstab > /dev/null '
Result: 
[negroni] Started GET /queue/5ad7b97c3f88769c8b582e9bb035ed0a
[negroni] Completed 200 OK in 65.282µs
[sshexec] DEBUG 2017/04/27 02:11:44 /src/github.com/heketi/heketi/pkg/utils/ssh/ssh.go:176: Host: 192.168.48.12:22 Command: /bin/bash -c 'mkfs.xfs -i size=512 -n size=8192 /dev/mapper/vg_403cca7edce115dc1c641acc2f5f11fb-brick_97a6b2c2c7c82911886ff39c87ca63a4'
Result: meta-data=/dev/mapper/vg_403cca7edce115dc1c641acc2f5f11fb-brick_97a6b2c2c7c82911886ff39c87ca63a4 isize=512    agcount=8, agsize=32704 blks
         =                       sectsz=4096  attr=2, projid32bit=1
         =                       crc=1        finobt=1, sparse=0
data     =                       bsize=4096   blocks=261632, imaxpct=25
         =                       sunit=64     swidth=64 blks
naming   =version 2              bsize=8192   ascii-ci=0 ftype=1
log      =internal log           bsize=4096   blocks=576, version=2
         =                       sectsz=4096  sunit=1 blks, lazy-count=1
realtime =none                   extsz=4096   blocks=0, rtextents=0
[sshexec] DEBUG 2017/04/27 02:11:44 /src/github.com/heketi/heketi/pkg/utils/ssh/ssh.go:176: Host: 192.168.48.12:22 Command: /bin/bash -c 'echo "/dev/mapper/vg_403cca7edce115dc1c641acc2f5f11fb-brick_97a6b2c2c7c82911886ff39c87ca63a4 /var/lib/heketi/mounts/vg_403cca7edce115dc1c641acc2f5f11fb/brick_97a6b2c2c7c82911886ff39c87ca63a4 xfs rw,inode64,noatime,nouuid 1 2" | tee -a /etc/fstab > /dev/null '
Result: 
[sshexec] DEBUG 2017/04/27 02:11:45 /src/github.com/heketi/heketi/pkg/utils/ssh/ssh.go:176: Host: 192.168.48.12:22 Command: /bin/bash -c 'mount -o rw,inode64,noatime,nouuid /dev/mapper/vg_403cca7edce115dc1c641acc2f5f11fb-brick_97a6b2c2c7c82911886ff39c87ca63a4 /var/lib/heketi/mounts/vg_403cca7edce115dc1c641acc2f5f11fb/brick_97a6b2c2c7c82911886ff39c87ca63a4'
Result: 
[sshexec] DEBUG 2017/04/27 02:11:45 /src/github.com/heketi/heketi/pkg/utils/ssh/ssh.go:176: Host: 192.168.48.12:22 Command: /bin/bash -c 'mkdir /var/lib/heketi/mounts/vg_403cca7edce115dc1c641acc2f5f11fb/brick_97a6b2c2c7c82911886ff39c87ca63a4/brick'
Result: 
[sshexec] DEBUG 2017/04/27 02:11:45 /src/github.com/heketi/heketi/pkg/utils/ssh/ssh.go:176: Host: 192.168.48.12:22 Command: /bin/bash -c 'chown :2000 /var/lib/heketi/mounts/vg_403cca7edce115dc1c641acc2f5f11fb/brick_97a6b2c2c7c82911886ff39c87ca63a4/brick'
Result: 
[sshexec] DEBUG 2017/04/27 02:11:45 /src/github.com/heketi/heketi/pkg/utils/ssh/ssh.go:176: Host: 192.168.48.12:22 Command: /bin/bash -c 'chmod 2775 /var/lib/heketi/mounts/vg_403cca7edce115dc1c641acc2f5f11fb/brick_97a6b2c2c7c82911886ff39c87ca63a4/brick'
Result: 
[sshexec] DEBUG 2017/04/27 02:11:45 /src/github.com/heketi/heketi/pkg/utils/ssh/ssh.go:176: Host: 192.168.48.14:22 Command: /bin/bash -c 'mount -o rw,inode64,noatime,nouuid /dev/mapper/vg_d72d3bd802d4e511a80ce2f16181289d-brick_9ee19e21f4d5665438eaef6ac8d6d292 /var/lib/heketi/mounts/vg_d72d3bd802d4e511a80ce2f16181289d/brick_9ee19e21f4d5665438eaef6ac8d6d292'
Result: 
[sshexec] DEBUG 2017/04/27 02:11:45 /src/github.com/heketi/heketi/pkg/utils/ssh/ssh.go:176: Host: 192.168.48.14:22 Command: /bin/bash -c 'mkdir /var/lib/heketi/mounts/vg_d72d3bd802d4e511a80ce2f16181289d/brick_9ee19e21f4d5665438eaef6ac8d6d292/brick'
Result: 
[sshexec] DEBUG 2017/04/27 02:11:45 /src/github.com/heketi/heketi/pkg/utils/ssh/ssh.go:176: Host: 192.168.48.14:22 Command: /bin/bash -c 'chown :2000 /var/lib/heketi/mounts/vg_d72d3bd802d4e511a80ce2f16181289d/brick_9ee19e21f4d5665438eaef6ac8d6d292/brick'
Result: 
[sshexec] DEBUG 2017/04/27 02:11:45 /src/github.com/heketi/heketi/pkg/utils/ssh/ssh.go:176: Host: 192.168.48.14:22 Command: /bin/bash -c 'chmod 2775 /var/lib/heketi/mounts/vg_d72d3bd802d4e511a80ce2f16181289d/brick_9ee19e21f4d5665438eaef6ac8d6d292/brick'
Result: 
[sshexec] DEBUG 2017/04/27 02:11:45 /src/github.com/heketi/heketi/pkg/utils/ssh/ssh.go:176: Host: 192.168.48.17:22 Command: /bin/bash -c 'mount -o rw,inode64,noatime,nouuid /dev/mapper/vg_6c7ff8b53124baa86b5b789cd93274e1-brick_22fe7745b785b11e310a5c2d8cccf888 /var/lib/heketi/mounts/vg_6c7ff8b53124baa86b5b789cd93274e1/brick_22fe7745b785b11e310a5c2d8cccf888'
Result: 
[sshexec] DEBUG 2017/04/27 02:11:45 /src/github.com/heketi/heketi/pkg/utils/ssh/ssh.go:176: Host: 192.168.48.17:22 Command: /bin/bash -c 'mkdir /var/lib/heketi/mounts/vg_6c7ff8b53124baa86b5b789cd93274e1/brick_22fe7745b785b11e310a5c2d8cccf888/brick'
Result: 
[sshexec] DEBUG 2017/04/27 02:11:45 /src/github.com/heketi/heketi/pkg/utils/ssh/ssh.go:176: Host: 192.168.48.17:22 Command: /bin/bash -c 'chown :2000 /var/lib/heketi/mounts/vg_6c7ff8b53124baa86b5b789cd93274e1/brick_22fe7745b785b11e310a5c2d8cccf888/brick'
Result: 
[sshexec] DEBUG 2017/04/27 02:11:45 /src/github.com/heketi/heketi/pkg/utils/ssh/ssh.go:176: Host: 192.168.48.17:22 Command: /bin/bash -c 'chmod 2775 /var/lib/heketi/mounts/vg_6c7ff8b53124baa86b5b789cd93274e1/brick_22fe7745b785b11e310a5c2d8cccf888/brick'
Result: 
[sshexec] INFO 2017/04/27 02:11:45 Creating volume vol_298a972734534127344181e55db1d3f2 replica 3
[sshexec] ERROR 2017/04/27 02:11:45 /src/github.com/heketi/heketi/pkg/utils/ssh/ssh.go:173: Failed to run command [/bin/bash -c 'gluster --mode=script volume create vol_298a972734534127344181e55db1d3f2 replica 3 192.168.48.14:/var/lib/heketi/mounts/vg_d72d3bd802d4e511a80ce2f16181289d/brick_9ee19e21f4d5665438eaef6ac8d6d292/brick 192.168.48.12:/var/lib/heketi/mounts/vg_403cca7edce115dc1c641acc2f5f11fb/brick_97a6b2c2c7c82911886ff39c87ca63a4/brick 192.168.48.17:/var/lib/heketi/mounts/vg_6c7ff8b53124baa86b5b789cd93274e1/brick_22fe7745b785b11e310a5c2d8cccf888/brick '] on 192.168.48.14:22: Err[Process exited with: 1. Reason was:  ()]: Stdout []: Stderr [volume create: vol_298a972734534127344181e55db1d3f2: failed: Staging failed on 192.168.48.17. Error: Host 192.168.48.14 is not in 'Peer in Cluster' state
Staging failed on 192.168.48.12. Error: Host 192.168.48.14 is not in 'Peer in Cluster' state
]
[sshexec] ERROR 2017/04/27 02:11:45 /src/github.com/heketi/heketi/pkg/utils/ssh/ssh.go:173: Failed to run command [/bin/bash -c 'gluster --mode=script volume stop vol_298a972734534127344181e55db1d3f2 force'] on 192.168.48.14:22: Err[Process exited with: 1. Reason was:  ()]: Stdout []: Stderr [volume stop: vol_298a972734534127344181e55db1d3f2: failed: Volume vol_298a972734534127344181e55db1d3f2 does not exist
]
[sshexec] ERROR 2017/04/27 02:11:45 /src/github.com/heketi/heketi/executors/sshexec/volume.go:130: Unable to stop volume vol_298a972734534127344181e55db1d3f2: volume stop: vol_298a972734534127344181e55db1d3f2: failed: Volume vol_298a972734534127344181e55db1d3f2 does not exist
[negroni] Started GET /queue/5ad7b97c3f88769c8b582e9bb035ed0a
[negroni] Completed 200 OK in 56.594µs
[heketi] INFO 2017/04/27 02:11:46 Deleting brick 22fe7745b785b11e310a5c2d8cccf888
[heketi] INFO 2017/04/27 02:11:46 Deleting brick 9ee19e21f4d5665438eaef6ac8d6d292
[sshexec] ERROR 2017/04/27 02:11:46 /src/github.com/heketi/heketi/pkg/utils/ssh/ssh.go:173: Failed to run command [/bin/bash -c 'gluster --mode=script volume delete vol_298a972734534127344181e55db1d3f2'] on 192.168.48.14:22: Err[Process exited with: 1. Reason was:  ()]: Stdout []: Stderr [volume delete: vol_298a972734534127344181e55db1d3f2: failed: Volume vol_298a972734534127344181e55db1d3f2 does not exist
]
[sshexec] ERROR 2017/04/27 02:11:46 /src/github.com/heketi/heketi/executors/sshexec/volume.go:139: Unable to delete volume vol_298a972734534127344181e55db1d3f2: volume delete: vol_298a972734534127344181e55db1d3f2: failed: Volume vol_298a972734534127344181e55db1d3f2 does not exist
[heketi] INFO 2017/04/27 02:11:46 Deleting brick 97a6b2c2c7c82911886ff39c87ca63a4
[sshexec] DEBUG 2017/04/27 02:11:46 /src/github.com/heketi/heketi/pkg/utils/ssh/ssh.go:176: Host: 192.168.48.12:22 Command: /bin/bash -c 'umount /var/lib/heketi/mounts/vg_403cca7edce115dc1c641acc2f5f11fb/brick_97a6b2c2c7c82911886ff39c87ca63a4'
Result: 
[sshexec] DEBUG 2017/04/27 02:11:46 /src/github.com/heketi/heketi/pkg/utils/ssh/ssh.go:176: Host: 192.168.48.14:22 Command: /bin/bash -c 'umount /var/lib/heketi/mounts/vg_d72d3bd802d4e511a80ce2f16181289d/brick_9ee19e21f4d5665438eaef6ac8d6d292'
Result: 
[sshexec] DEBUG 2017/04/27 02:11:46 /src/github.com/heketi/heketi/pkg/utils/ssh/ssh.go:176: Host: 192.168.48.17:22 Command: /bin/bash -c 'umount /var/lib/heketi/mounts/vg_6c7ff8b53124baa86b5b789cd93274e1/brick_22fe7745b785b11e310a5c2d8cccf888'
Result: 
[sshexec] DEBUG 2017/04/27 02:11:46 /src/github.com/heketi/heketi/pkg/utils/ssh/ssh.go:176: Host: 192.168.48.14:22 Command: /bin/bash -c 'lvremove -f vg_d72d3bd802d4e511a80ce2f16181289d/tp_9ee19e21f4d5665438eaef6ac8d6d292'
Result:   Logical volume "brick_9ee19e21f4d5665438eaef6ac8d6d292" successfully removed
  Logical volume "tp_9ee19e21f4d5665438eaef6ac8d6d292" successfully removed
[sshexec] DEBUG 2017/04/27 02:11:46 /src/github.com/heketi/heketi/pkg/utils/ssh/ssh.go:176: Host: 192.168.48.12:22 Command: /bin/bash -c 'lvremove -f vg_403cca7edce115dc1c641acc2f5f11fb/tp_97a6b2c2c7c82911886ff39c87ca63a4'
Result:   Logical volume "brick_97a6b2c2c7c82911886ff39c87ca63a4" successfully removed
  Logical volume "tp_97a6b2c2c7c82911886ff39c87ca63a4" successfully removed
[negroni] Started GET /queue/5ad7b97c3f88769c8b582e9bb035ed0a
[negroni] Completed 200 OK in 124.177µs
[sshexec] DEBUG 2017/04/27 02:11:47 /src/github.com/heketi/heketi/pkg/utils/ssh/ssh.go:176: Host: 192.168.48.12:22 Command: /bin/bash -c 'rmdir /var/lib/heketi/mounts/vg_403cca7edce115dc1c641acc2f5f11fb/brick_97a6b2c2c7c82911886ff39c87ca63a4'
Result: 
[sshexec] DEBUG 2017/04/27 02:11:47 /src/github.com/heketi/heketi/pkg/utils/ssh/ssh.go:176: Host: 192.168.48.17:22 Command: /bin/bash -c 'lvremove -f vg_6c7ff8b53124baa86b5b789cd93274e1/tp_22fe7745b785b11e310a5c2d8cccf888'
Result:   Logical volume "brick_22fe7745b785b11e310a5c2d8cccf888" successfully removed
  Logical volume "tp_22fe7745b785b11e310a5c2d8cccf888" successfully removed
[sshexec] DEBUG 2017/04/27 02:11:47 /src/github.com/heketi/heketi/pkg/utils/ssh/ssh.go:176: Host: 192.168.48.14:22 Command: /bin/bash -c 'rmdir /var/lib/heketi/mounts/vg_d72d3bd802d4e511a80ce2f16181289d/brick_9ee19e21f4d5665438eaef6ac8d6d292'
Result: 
[sshexec] DEBUG 2017/04/27 02:11:47 /src/github.com/heketi/heketi/pkg/utils/ssh/ssh.go:176: Host: 192.168.48.12:22 Command: /bin/bash -c 'sed -i.save "/brick_97a6b2c2c7c82911886ff39c87ca63a4/d" /etc/fstab'
Result: 
[sshexec] DEBUG 2017/04/27 02:11:47 /src/github.com/heketi/heketi/pkg/utils/ssh/ssh.go:176: Host: 192.168.48.14:22 Command: /bin/bash -c 'sed -i.save "/brick_9ee19e21f4d5665438eaef6ac8d6d292/d" /etc/fstab'
Result: 
[sshexec] DEBUG 2017/04/27 02:11:47 /src/github.com/heketi/heketi/pkg/utils/ssh/ssh.go:176: Host: 192.168.48.17:22 Command: /bin/bash -c 'rmdir /var/lib/heketi/mounts/vg_6c7ff8b53124baa86b5b789cd93274e1/brick_22fe7745b785b11e310a5c2d8cccf888'
Result: 
[sshexec] DEBUG 2017/04/27 02:11:47 /src/github.com/heketi/heketi/pkg/utils/ssh/ssh.go:176: Host: 192.168.48.17:22 Command: /bin/bash -c 'sed -i.save "/brick_22fe7745b785b11e310a5c2d8cccf888/d" /etc/fstab'
Result: 
[heketi] ERROR 2017/04/27 02:11:47 /src/github.com/heketi/heketi/apps/glusterfs/app_volume.go:148: Failed to create volume: volume create: vol_298a972734534127344181e55db1d3f2: failed: Staging failed on 192.168.48.17. Error: Host 192.168.48.14 is not in 'Peer in Cluster' state
Staging failed on 192.168.48.12. Error: Host 192.168.48.14 is not in 'Peer in Cluster' state
[asynchttp] INFO 2017/04/27 02:11:47 Completed job 5ad7b97c3f88769c8b582e9bb035ed0a in 3.736498405s
[negroni] Started GET /queue/5ad7b97c3f88769c8b582e9bb035ed0a
[negroni] Completed 500 Internal Server Error in 129.347µs
[negroni] Started POST /volumes
[negroni] Completed 202 Accepted in 14.148605ms
[asynchttp] INFO 2017/04/27 02:11:58 Started job 32cef97eb3d6560f9cc772b7db68def9
[heketi] INFO 2017/04/27 02:11:58 Creating volume 1657f49a3129babaa6060dec79b6ceea
[heketi] INFO 2017/04/27 02:11:58 brick_num: 0
[negroni] Started GET /queue/32cef97eb3d6560f9cc772b7db68def9
[negroni] Completed 200 OK in 67.233µs
[heketi] INFO 2017/04/27 02:11:58 Creating brick 5ec93f300b35227ea3042bdea7795543
[heketi] INFO 2017/04/27 02:11:58 Creating brick 62cf850302425ee80eb60a1bb64e45bf
[heketi] INFO 2017/04/27 02:11:58 Creating brick 7f91605d4e5e01805216db84087d0920
[sshexec] DEBUG 2017/04/27 02:11:59 /src/github.com/heketi/heketi/pkg/utils/ssh/ssh.go:176: Host: 192.168.48.14:22 Command: /bin/bash -c 'mkdir -p /var/lib/heketi/mounts/vg_d72d3bd802d4e511a80ce2f16181289d/brick_62cf850302425ee80eb60a1bb64e45bf'
Result: 
[sshexec] DEBUG 2017/04/27 02:11:59 /src/github.com/heketi/heketi/pkg/utils/ssh/ssh.go:176: Host: 192.168.48.12:22 Command: /bin/bash -c 'mkdir -p /var/lib/heketi/mounts/vg_403cca7edce115dc1c641acc2f5f11fb/brick_5ec93f300b35227ea3042bdea7795543'
Result: 
[sshexec] DEBUG 2017/04/27 02:11:59 /src/github.com/heketi/heketi/pkg/utils/ssh/ssh.go:176: Host: 192.168.48.17:22 Command: /bin/bash -c 'mkdir -p /var/lib/heketi/mounts/vg_6c7ff8b53124baa86b5b789cd93274e1/brick_7f91605d4e5e01805216db84087d0920'
Result: 
[sshexec] DEBUG 2017/04/27 02:11:59 /src/github.com/heketi/heketi/pkg/utils/ssh/ssh.go:176: Host: 192.168.48.14:22 Command: /bin/bash -c 'lvcreate --poolmetadatasize 8192K -c 256K -L 1048576K -T vg_d72d3bd802d4e511a80ce2f16181289d/tp_62cf850302425ee80eb60a1bb64e45bf -V 1048576K -n brick_62cf850302425ee80eb60a1bb64e45bf'
Result:   Logical volume "brick_62cf850302425ee80eb60a1bb64e45bf" created.
[sshexec] DEBUG 2017/04/27 02:11:59 /src/github.com/heketi/heketi/pkg/utils/ssh/ssh.go:176: Host: 192.168.48.12:22 Command: /bin/bash -c 'lvcreate --poolmetadatasize 8192K -c 256K -L 1048576K -T vg_403cca7edce115dc1c641acc2f5f11fb/tp_5ec93f300b35227ea3042bdea7795543 -V 1048576K -n brick_5ec93f300b35227ea3042bdea7795543'
Result:   Logical volume "brick_5ec93f300b35227ea3042bdea7795543" created.
[sshexec] DEBUG 2017/04/27 02:11:59 /src/github.com/heketi/heketi/pkg/utils/ssh/ssh.go:176: Host: 192.168.48.17:22 Command: /bin/bash -c 'lvcreate --poolmetadatasize 8192K -c 256K -L 1048576K -T vg_6c7ff8b53124baa86b5b789cd93274e1/tp_7f91605d4e5e01805216db84087d0920 -V 1048576K -n brick_7f91605d4e5e01805216db84087d0920'
Result:   Logical volume "brick_7f91605d4e5e01805216db84087d0920" created.
[negroni] Started GET /queue/32cef97eb3d6560f9cc772b7db68def9
[negroni] Completed 200 OK in 89.51µs
[sshexec] DEBUG 2017/04/27 02:11:59 /src/github.com/heketi/heketi/pkg/utils/ssh/ssh.go:176: Host: 192.168.48.12:22 Command: /bin/bash -c 'mkfs.xfs -i size=512 -n size=8192 /dev/mapper/vg_403cca7edce115dc1c641acc2f5f11fb-brick_5ec93f300b35227ea3042bdea7795543'
Result: meta-data=/dev/mapper/vg_403cca7edce115dc1c641acc2f5f11fb-brick_5ec93f300b35227ea3042bdea7795543 isize=512    agcount=8, agsize=32704 blks
         =                       sectsz=4096  attr=2, projid32bit=1
         =                       crc=1        finobt=1, sparse=0
data     =                       bsize=4096   blocks=261632, imaxpct=25
         =                       sunit=64     swidth=64 blks
naming   =version 2              bsize=8192   ascii-ci=0 ftype=1
log      =internal log           bsize=4096   blocks=576, version=2
         =                       sectsz=4096  sunit=1 blks, lazy-count=1
realtime =none                   extsz=4096   blocks=0, rtextents=0
[sshexec] DEBUG 2017/04/27 02:11:59 /src/github.com/heketi/heketi/pkg/utils/ssh/ssh.go:176: Host: 192.168.48.14:22 Command: /bin/bash -c 'mkfs.xfs -i size=512 -n size=8192 /dev/mapper/vg_d72d3bd802d4e511a80ce2f16181289d-brick_62cf850302425ee80eb60a1bb64e45bf'
Result: meta-data=/dev/mapper/vg_d72d3bd802d4e511a80ce2f16181289d-brick_62cf850302425ee80eb60a1bb64e45bf isize=512    agcount=8, agsize=32704 blks
         =                       sectsz=512   attr=2, projid32bit=1
         =                       crc=1        finobt=1, sparse=0
data     =                       bsize=4096   blocks=261632, imaxpct=25
         =                       sunit=64     swidth=64 blks
naming   =version 2              bsize=8192   ascii-ci=0 ftype=1
log      =internal log           bsize=4096   blocks=1728, version=2
         =                       sectsz=512   sunit=64 blks, lazy-count=1
realtime =none                   extsz=4096   blocks=0, rtextents=0
[sshexec] DEBUG 2017/04/27 02:11:59 /src/github.com/heketi/heketi/pkg/utils/ssh/ssh.go:176: Host: 192.168.48.12:22 Command: /bin/bash -c 'echo "/dev/mapper/vg_403cca7edce115dc1c641acc2f5f11fb-brick_5ec93f300b35227ea3042bdea7795543 /var/lib/heketi/mounts/vg_403cca7edce115dc1c641acc2f5f11fb/brick_5ec93f300b35227ea3042bdea7795543 xfs rw,inode64,noatime,nouuid 1 2" | tee -a /etc/fstab > /dev/null '
Result: 
[sshexec] DEBUG 2017/04/27 02:11:59 /src/github.com/heketi/heketi/pkg/utils/ssh/ssh.go:176: Host: 192.168.48.14:22 Command: /bin/bash -c 'echo "/dev/mapper/vg_d72d3bd802d4e511a80ce2f16181289d-brick_62cf850302425ee80eb60a1bb64e45bf /var/lib/heketi/mounts/vg_d72d3bd802d4e511a80ce2f16181289d/brick_62cf850302425ee80eb60a1bb64e45bf xfs rw,inode64,noatime,nouuid 1 2" | tee -a /etc/fstab > /dev/null '
Result: 
[sshexec] DEBUG 2017/04/27 02:11:59 /src/github.com/heketi/heketi/pkg/utils/ssh/ssh.go:176: Host: 192.168.48.17:22 Command: /bin/bash -c 'mkfs.xfs -i size=512 -n size=8192 /dev/mapper/vg_6c7ff8b53124baa86b5b789cd93274e1-brick_7f91605d4e5e01805216db84087d0920'
Result: meta-data=/dev/mapper/vg_6c7ff8b53124baa86b5b789cd93274e1-brick_7f91605d4e5e01805216db84087d0920 isize=512    agcount=8, agsize=32704 blks
         =                       sectsz=512   attr=2, projid32bit=1
         =                       crc=1        finobt=1, sparse=0
data     =                       bsize=4096   blocks=261632, imaxpct=25
         =                       sunit=64     swidth=64 blks
naming   =version 2              bsize=8192   ascii-ci=0 ftype=1
log      =internal log           bsize=4096   blocks=1728, version=2
         =                       sectsz=512   sunit=64 blks, lazy-count=1
realtime =none                   extsz=4096   blocks=0, rtextents=0
[sshexec] DEBUG 2017/04/27 02:11:59 /src/github.com/heketi/heketi/pkg/utils/ssh/ssh.go:176: Host: 192.168.48.17:22 Command: /bin/bash -c 'echo "/dev/mapper/vg_6c7ff8b53124baa86b5b789cd93274e1-brick_7f91605d4e5e01805216db84087d0920 /var/lib/heketi/mounts/vg_6c7ff8b53124baa86b5b789cd93274e1/brick_7f91605d4e5e01805216db84087d0920 xfs rw,inode64,noatime,nouuid 1 2" | tee -a /etc/fstab > /dev/null '
Result: 
[sshexec] DEBUG 2017/04/27 02:11:59 /src/github.com/heketi/heketi/pkg/utils/ssh/ssh.go:176: Host: 192.168.48.12:22 Command: /bin/bash -c 'mount -o rw,inode64,noatime,nouuid /dev/mapper/vg_403cca7edce115dc1c641acc2f5f11fb-brick_5ec93f300b35227ea3042bdea7795543 /var/lib/heketi/mounts/vg_403cca7edce115dc1c641acc2f5f11fb/brick_5ec93f300b35227ea3042bdea7795543'
Result: 
[sshexec] DEBUG 2017/04/27 02:11:59 /src/github.com/heketi/heketi/pkg/utils/ssh/ssh.go:176: Host: 192.168.48.12:22 Command: /bin/bash -c 'mkdir /var/lib/heketi/mounts/vg_403cca7edce115dc1c641acc2f5f11fb/brick_5ec93f300b35227ea3042bdea7795543/brick'
Result: 
[sshexec] DEBUG 2017/04/27 02:11:59 /src/github.com/heketi/heketi/pkg/utils/ssh/ssh.go:176: Host: 192.168.48.12:22 Command: /bin/bash -c 'chown :2000 /var/lib/heketi/mounts/vg_403cca7edce115dc1c641acc2f5f11fb/brick_5ec93f300b35227ea3042bdea7795543/brick'
Result: 
[sshexec] DEBUG 2017/04/27 02:11:59 /src/github.com/heketi/heketi/pkg/utils/ssh/ssh.go:176: Host: 192.168.48.12:22 Command: /bin/bash -c 'chmod 2775 /var/lib/heketi/mounts/vg_403cca7edce115dc1c641acc2f5f11fb/brick_5ec93f300b35227ea3042bdea7795543/brick'
Result: 
[sshexec] DEBUG 2017/04/27 02:12:00 /src/github.com/heketi/heketi/pkg/utils/ssh/ssh.go:176: Host: 192.168.48.14:22 Command: /bin/bash -c 'mount -o rw,inode64,noatime,nouuid /dev/mapper/vg_d72d3bd802d4e511a80ce2f16181289d-brick_62cf850302425ee80eb60a1bb64e45bf /var/lib/heketi/mounts/vg_d72d3bd802d4e511a80ce2f16181289d/brick_62cf850302425ee80eb60a1bb64e45bf'
Result: 
[sshexec] DEBUG 2017/04/27 02:12:00 /src/github.com/heketi/heketi/pkg/utils/ssh/ssh.go:176: Host: 192.168.48.14:22 Command: /bin/bash -c 'mkdir /var/lib/heketi/mounts/vg_d72d3bd802d4e511a80ce2f16181289d/brick_62cf850302425ee80eb60a1bb64e45bf/brick'
Result: 
[sshexec] DEBUG 2017/04/27 02:12:00 /src/github.com/heketi/heketi/pkg/utils/ssh/ssh.go:176: Host: 192.168.48.14:22 Command: /bin/bash -c 'chown :2000 /var/lib/heketi/mounts/vg_d72d3bd802d4e511a80ce2f16181289d/brick_62cf850302425ee80eb60a1bb64e45bf/brick'
Result: 
[sshexec] DEBUG 2017/04/27 02:12:00 /src/github.com/heketi/heketi/pkg/utils/ssh/ssh.go:176: Host: 192.168.48.14:22 Command: /bin/bash -c 'chmod 2775 /var/lib/heketi/mounts/vg_d72d3bd802d4e511a80ce2f16181289d/brick_62cf850302425ee80eb60a1bb64e45bf/brick'
Result: 
[sshexec] DEBUG 2017/04/27 02:12:00 /src/github.com/heketi/heketi/pkg/utils/ssh/ssh.go:176: Host: 192.168.48.17:22 Command: /bin/bash -c 'mount -o rw,inode64,noatime,nouuid /dev/mapper/vg_6c7ff8b53124baa86b5b789cd93274e1-brick_7f91605d4e5e01805216db84087d0920 /var/lib/heketi/mounts/vg_6c7ff8b53124baa86b5b789cd93274e1/brick_7f91605d4e5e01805216db84087d0920'
Result: 
[sshexec] DEBUG 2017/04/27 02:12:00 /src/github.com/heketi/heketi/pkg/utils/ssh/ssh.go:176: Host: 192.168.48.17:22 Command: /bin/bash -c 'mkdir /var/lib/heketi/mounts/vg_6c7ff8b53124baa86b5b789cd93274e1/brick_7f91605d4e5e01805216db84087d0920/brick'
Result: 
[sshexec] DEBUG 2017/04/27 02:12:00 /src/github.com/heketi/heketi/pkg/utils/ssh/ssh.go:176: Host: 192.168.48.17:22 Command: /bin/bash -c 'chown :2000 /var/lib/heketi/mounts/vg_6c7ff8b53124baa86b5b789cd93274e1/brick_7f91605d4e5e01805216db84087d0920/brick'
Result: 
[sshexec] DEBUG 2017/04/27 02:12:00 /src/github.com/heketi/heketi/pkg/utils/ssh/ssh.go:176: Host: 192.168.48.17:22 Command: /bin/bash -c 'chmod 2775 /var/lib/heketi/mounts/vg_6c7ff8b53124baa86b5b789cd93274e1/brick_7f91605d4e5e01805216db84087d0920/brick'
Result: 
[sshexec] INFO 2017/04/27 02:12:00 Creating volume vol_1657f49a3129babaa6060dec79b6ceea replica 3
[sshexec] ERROR 2017/04/27 02:12:00 /src/github.com/heketi/heketi/pkg/utils/ssh/ssh.go:173: Failed to run command [/bin/bash -c 'gluster --mode=script volume create vol_1657f49a3129babaa6060dec79b6ceea replica 3 192.168.48.12:/var/lib/heketi/mounts/vg_403cca7edce115dc1c641acc2f5f11fb/brick_5ec93f300b35227ea3042bdea7795543/brick 192.168.48.17:/var/lib/heketi/mounts/vg_6c7ff8b53124baa86b5b789cd93274e1/brick_7f91605d4e5e01805216db84087d0920/brick 192.168.48.14:/var/lib/heketi/mounts/vg_d72d3bd802d4e511a80ce2f16181289d/brick_62cf850302425ee80eb60a1bb64e45bf/brick '] on 192.168.48.12:22: Err[Process exited with: 1. Reason was:  ()]: Stdout []: Stderr [volume create: vol_1657f49a3129babaa6060dec79b6ceea: failed: Host 192.168.48.14 is not in 'Peer in Cluster' state
]
[negroni] Started GET /queue/32cef97eb3d6560f9cc772b7db68def9
[negroni] Completed 200 OK in 246.886µs
[sshexec] ERROR 2017/04/27 02:12:00 /src/github.com/heketi/heketi/pkg/utils/ssh/ssh.go:173: Failed to run command [/bin/bash -c 'gluster --mode=script volume stop vol_1657f49a3129babaa6060dec79b6ceea force'] on 192.168.48.12:22: Err[Process exited with: 1. Reason was:  ()]: Stdout []: Stderr [volume stop: vol_1657f49a3129babaa6060dec79b6ceea: failed: Volume vol_1657f49a3129babaa6060dec79b6ceea does not exist
]
[sshexec] ERROR 2017/04/27 02:12:00 /src/github.com/heketi/heketi/executors/sshexec/volume.go:130: Unable to stop volume vol_1657f49a3129babaa6060dec79b6ceea: volume stop: vol_1657f49a3129babaa6060dec79b6ceea: failed: Volume vol_1657f49a3129babaa6060dec79b6ceea does not exist
[heketi] INFO 2017/04/27 02:12:01 Deleting brick 5ec93f300b35227ea3042bdea7795543
[heketi] INFO 2017/04/27 02:12:01 Deleting brick 7f91605d4e5e01805216db84087d0920
[heketi] INFO 2017/04/27 02:12:01 Deleting brick 62cf850302425ee80eb60a1bb64e45bf
[sshexec] ERROR 2017/04/27 02:12:01 /src/github.com/heketi/heketi/pkg/utils/ssh/ssh.go:173: Failed to run command [/bin/bash -c 'gluster --mode=script volume delete vol_1657f49a3129babaa6060dec79b6ceea'] on 192.168.48.12:22: Err[Process exited with: 1. Reason was:  ()]: Stdout []: Stderr [volume delete: vol_1657f49a3129babaa6060dec79b6ceea: failed: Volume vol_1657f49a3129babaa6060dec79b6ceea does not exist
]
[sshexec] ERROR 2017/04/27 02:12:01 /src/github.com/heketi/heketi/executors/sshexec/volume.go:139: Unable to delete volume vol_1657f49a3129babaa6060dec79b6ceea: volume delete: vol_1657f49a3129babaa6060dec79b6ceea: failed: Volume vol_1657f49a3129babaa6060dec79b6ceea does not exist
[sshexec] DEBUG 2017/04/27 02:12:01 /src/github.com/heketi/heketi/pkg/utils/ssh/ssh.go:176: Host: 192.168.48.14:22 Command: /bin/bash -c 'umount /var/lib/heketi/mounts/vg_d72d3bd802d4e511a80ce2f16181289d/brick_62cf850302425ee80eb60a1bb64e45bf'
Result: 
[sshexec] DEBUG 2017/04/27 02:12:01 /src/github.com/heketi/heketi/pkg/utils/ssh/ssh.go:176: Host: 192.168.48.12:22 Command: /bin/bash -c 'umount /var/lib/heketi/mounts/vg_403cca7edce115dc1c641acc2f5f11fb/brick_5ec93f300b35227ea3042bdea7795543'
Result: 
[sshexec] DEBUG 2017/04/27 02:12:01 /src/github.com/heketi/heketi/pkg/utils/ssh/ssh.go:176: Host: 192.168.48.17:22 Command: /bin/bash -c 'umount /var/lib/heketi/mounts/vg_6c7ff8b53124baa86b5b789cd93274e1/brick_7f91605d4e5e01805216db84087d0920'
Result: 
[negroni] Started GET /queue/32cef97eb3d6560f9cc772b7db68def9
[negroni] Completed 200 OK in 128.551µs
[sshexec] DEBUG 2017/04/27 02:12:02 /src/github.com/heketi/heketi/pkg/utils/ssh/ssh.go:176: Host: 192.168.48.14:22 Command: /bin/bash -c 'lvremove -f vg_d72d3bd802d4e511a80ce2f16181289d/tp_62cf850302425ee80eb60a1bb64e45bf'
Result:   Logical volume "brick_62cf850302425ee80eb60a1bb64e45bf" successfully removed
  Logical volume "tp_62cf850302425ee80eb60a1bb64e45bf" successfully removed
[sshexec] DEBUG 2017/04/27 02:12:02 /src/github.com/heketi/heketi/pkg/utils/ssh/ssh.go:176: Host: 192.168.48.17:22 Command: /bin/bash -c 'lvremove -f vg_6c7ff8b53124baa86b5b789cd93274e1/tp_7f91605d4e5e01805216db84087d0920'
Result:   Logical volume "brick_7f91605d4e5e01805216db84087d0920" successfully removed
  Logical volume "tp_7f91605d4e5e01805216db84087d0920" successfully removed
[sshexec] DEBUG 2017/04/27 02:12:02 /src/github.com/heketi/heketi/pkg/utils/ssh/ssh.go:176: Host: 192.168.48.12:22 Command: /bin/bash -c 'lvremove -f vg_403cca7edce115dc1c641acc2f5f11fb/tp_5ec93f300b35227ea3042bdea7795543'
Result:   Logical volume "brick_5ec93f300b35227ea3042bdea7795543" successfully removed
  Logical volume "tp_5ec93f300b35227ea3042bdea7795543" successfully removed
[sshexec] DEBUG 2017/04/27 02:12:02 /src/github.com/heketi/heketi/pkg/utils/ssh/ssh.go:176: Host: 192.168.48.14:22 Command: /bin/bash -c 'rmdir /var/lib/heketi/mounts/vg_d72d3bd802d4e511a80ce2f16181289d/brick_62cf850302425ee80eb60a1bb64e45bf'
Result: 
[sshexec] DEBUG 2017/04/27 02:12:02 /src/github.com/heketi/heketi/pkg/utils/ssh/ssh.go:176: Host: 192.168.48.17:22 Command: /bin/bash -c 'rmdir /var/lib/heketi/mounts/vg_6c7ff8b53124baa86b5b789cd93274e1/brick_7f91605d4e5e01805216db84087d0920'
Result: 
[sshexec] DEBUG 2017/04/27 02:12:02 /src/github.com/heketi/heketi/pkg/utils/ssh/ssh.go:176: Host: 192.168.48.12:22 Command: /bin/bash -c 'rmdir /var/lib/heketi/mounts/vg_403cca7edce115dc1c641acc2f5f11fb/brick_5ec93f300b35227ea3042bdea7795543'
Result: 
[sshexec] DEBUG 2017/04/27 02:12:02 /src/github.com/heketi/heketi/pkg/utils/ssh/ssh.go:176: Host: 192.168.48.14:22 Command: /bin/bash -c 'sed -i.save "/brick_62cf850302425ee80eb60a1bb64e45bf/d" /etc/fstab'
Result: 
[sshexec] DEBUG 2017/04/27 02:12:02 /src/github.com/heketi/heketi/pkg/utils/ssh/ssh.go:176: Host: 192.168.48.17:22 Command: /bin/bash -c 'sed -i.save "/brick_7f91605d4e5e01805216db84087d0920/d" /etc/fstab'
Result: 
[sshexec] DEBUG 2017/04/27 02:12:02 /src/github.com/heketi/heketi/pkg/utils/ssh/ssh.go:176: Host: 192.168.48.12:22 Command: /bin/bash -c 'sed -i.save "/brick_5ec93f300b35227ea3042bdea7795543/d" /etc/fstab'
Result: 
[asynchttp] INFO 2017/04/27 02:12:02 Completed job 32cef97eb3d6560f9cc772b7db68def9 in 3.878332761s
[heketi] ERROR 2017/04/27 02:12:02 /src/github.com/heketi/heketi/apps/glusterfs/app_volume.go:148: Failed to create volume: volume create: vol_1657f49a3129babaa6060dec79b6ceea: failed: Host 192.168.48.14 is not in 'Peer in Cluster' state
[negroni] Started GET /queue/32cef97eb3d6560f9cc772b7db68def9
[negroni] Completed 500 Internal Server Error in 65.552µs
[negroni] Started POST /volumes
[negroni] Completed 202 Accepted in 26.414254ms
[asynchttp] INFO 2017/04/27 02:12:13 Started job f573b47038a4b8532766e8c787242c0e
[heketi] INFO 2017/04/27 02:12:13 Creating volume 169f5e3ec46a7324c429413364b98559
[heketi] INFO 2017/04/27 02:12:13 brick_num: 0
[negroni] Started GET /queue/f573b47038a4b8532766e8c787242c0e
[negroni] Completed 200 OK in 63.471µs
[heketi] INFO 2017/04/27 02:12:13 Creating brick 8dcd788e508d528241be76e6199f7fb6
[heketi] INFO 2017/04/27 02:12:13 Creating brick 0e765eae2136bdfcb5afa0fcac281cd8
[heketi] INFO 2017/04/27 02:12:13 Creating brick 65cd4abaffea857ff3d3793f638d21b2
[sshexec] DEBUG 2017/04/27 02:12:14 /src/github.com/heketi/heketi/pkg/utils/ssh/ssh.go:176: Host: 192.168.48.12:22 Command: /bin/bash -c 'mkdir -p /var/lib/heketi/mounts/vg_403cca7edce115dc1c641acc2f5f11fb/brick_0e765eae2136bdfcb5afa0fcac281cd8'
Result: 
[sshexec] DEBUG 2017/04/27 02:12:14 /src/github.com/heketi/heketi/pkg/utils/ssh/ssh.go:176: Host: 192.168.48.14:22 Command: /bin/bash -c 'mkdir -p /var/lib/heketi/mounts/vg_d72d3bd802d4e511a80ce2f16181289d/brick_8dcd788e508d528241be76e6199f7fb6'
Result: 
[sshexec] DEBUG 2017/04/27 02:12:14 /src/github.com/heketi/heketi/pkg/utils/ssh/ssh.go:176: Host: 192.168.48.17:22 Command: /bin/bash -c 'mkdir -p /var/lib/heketi/mounts/vg_6c7ff8b53124baa86b5b789cd93274e1/brick_65cd4abaffea857ff3d3793f638d21b2'
Result: 
[sshexec] DEBUG 2017/04/27 02:12:14 /src/github.com/heketi/heketi/pkg/utils/ssh/ssh.go:176: Host: 192.168.48.14:22 Command: /bin/bash -c 'lvcreate --poolmetadatasize 8192K -c 256K -L 1048576K -T vg_d72d3bd802d4e511a80ce2f16181289d/tp_8dcd788e508d528241be76e6199f7fb6 -V 1048576K -n brick_8dcd788e508d528241be76e6199f7fb6'
Result:   Logical volume "brick_8dcd788e508d528241be76e6199f7fb6" created.
[sshexec] DEBUG 2017/04/27 02:12:14 /src/github.com/heketi/heketi/pkg/utils/ssh/ssh.go:176: Host: 192.168.48.12:22 Command: /bin/bash -c 'lvcreate --poolmetadatasize 8192K -c 256K -L 1048576K -T vg_403cca7edce115dc1c641acc2f5f11fb/tp_0e765eae2136bdfcb5afa0fcac281cd8 -V 1048576K -n brick_0e765eae2136bdfcb5afa0fcac281cd8'
Result:   Logical volume "brick_0e765eae2136bdfcb5afa0fcac281cd8" created.
[sshexec] DEBUG 2017/04/27 02:12:14 /src/github.com/heketi/heketi/pkg/utils/ssh/ssh.go:176: Host: 192.168.48.17:22 Command: /bin/bash -c 'lvcreate --poolmetadatasize 8192K -c 256K -L 1048576K -T vg_6c7ff8b53124baa86b5b789cd93274e1/tp_65cd4abaffea857ff3d3793f638d21b2 -V 1048576K -n brick_65cd4abaffea857ff3d3793f638d21b2'
Result:   Logical volume "brick_65cd4abaffea857ff3d3793f638d21b2" created.
[sshexec] DEBUG 2017/04/27 02:12:14 /src/github.com/heketi/heketi/pkg/utils/ssh/ssh.go:176: Host: 192.168.48.14:22 Command: /bin/bash -c 'mkfs.xfs -i size=512 -n size=8192 /dev/mapper/vg_d72d3bd802d4e511a80ce2f16181289d-brick_8dcd788e508d528241be76e6199f7fb6'
Result: meta-data=/dev/mapper/vg_d72d3bd802d4e511a80ce2f16181289d-brick_8dcd788e508d528241be76e6199f7fb6 isize=512    agcount=8, agsize=32704 blks
         =                       sectsz=512   attr=2, projid32bit=1
         =                       crc=1        finobt=1, sparse=0
data     =                       bsize=4096   blocks=261632, imaxpct=25
         =                       sunit=64     swidth=64 blks
naming   =version 2              bsize=8192   ascii-ci=0 ftype=1
log      =internal log           bsize=4096   blocks=1728, version=2
         =                       sectsz=512   sunit=64 blks, lazy-count=1
realtime =none                   extsz=4096   blocks=0, rtextents=0
[sshexec] DEBUG 2017/04/27 02:12:14 /src/github.com/heketi/heketi/pkg/utils/ssh/ssh.go:176: Host: 192.168.48.14:22 Command: /bin/bash -c 'echo "/dev/mapper/vg_d72d3bd802d4e511a80ce2f16181289d-brick_8dcd788e508d528241be76e6199f7fb6 /var/lib/heketi/mounts/vg_d72d3bd802d4e511a80ce2f16181289d/brick_8dcd788e508d528241be76e6199f7fb6 xfs rw,inode64,noatime,nouuid 1 2" | tee -a /etc/fstab > /dev/null '
Result: 
[sshexec] DEBUG 2017/04/27 02:12:14 /src/github.com/heketi/heketi/pkg/utils/ssh/ssh.go:176: Host: 192.168.48.12:22 Command: /bin/bash -c 'mkfs.xfs -i size=512 -n size=8192 /dev/mapper/vg_403cca7edce115dc1c641acc2f5f11fb-brick_0e765eae2136bdfcb5afa0fcac281cd8'
Result: meta-data=/dev/mapper/vg_403cca7edce115dc1c641acc2f5f11fb-brick_0e765eae2136bdfcb5afa0fcac281cd8 isize=512    agcount=8, agsize=32704 blks
         =                       sectsz=4096  attr=2, projid32bit=1
         =                       crc=1        finobt=1, sparse=0
data     =                       bsize=4096   blocks=261632, imaxpct=25
         =                       sunit=64     swidth=64 blks
naming   =version 2              bsize=8192   ascii-ci=0 ftype=1
log      =internal log           bsize=4096   blocks=576, version=2
         =                       sectsz=4096  sunit=1 blks, lazy-count=1
realtime =none                   extsz=4096   blocks=0, rtextents=0
[negroni] Started GET /queue/f573b47038a4b8532766e8c787242c0e
[negroni] Completed 200 OK in 209.425µs
[sshexec] DEBUG 2017/04/27 02:12:14 /src/github.com/heketi/heketi/pkg/utils/ssh/ssh.go:176: Host: 192.168.48.12:22 Command: /bin/bash -c 'echo "/dev/mapper/vg_403cca7edce115dc1c641acc2f5f11fb-brick_0e765eae2136bdfcb5afa0fcac281cd8 /var/lib/heketi/mounts/vg_403cca7edce115dc1c641acc2f5f11fb/brick_0e765eae2136bdfcb5afa0fcac281cd8 xfs rw,inode64,noatime,nouuid 1 2" | tee -a /etc/fstab > /dev/null '
Result: 
[sshexec] DEBUG 2017/04/27 02:12:14 /src/github.com/heketi/heketi/pkg/utils/ssh/ssh.go:176: Host: 192.168.48.17:22 Command: /bin/bash -c 'mkfs.xfs -i size=512 -n size=8192 /dev/mapper/vg_6c7ff8b53124baa86b5b789cd93274e1-brick_65cd4abaffea857ff3d3793f638d21b2'
Result: meta-data=/dev/mapper/vg_6c7ff8b53124baa86b5b789cd93274e1-brick_65cd4abaffea857ff3d3793f638d21b2 isize=512    agcount=8, agsize=32704 blks
         =                       sectsz=512   attr=2, projid32bit=1
         =                       crc=1        finobt=1, sparse=0
data     =                       bsize=4096   blocks=261632, imaxpct=25
         =                       sunit=64     swidth=64 blks
naming   =version 2              bsize=8192   ascii-ci=0 ftype=1
log      =internal log           bsize=4096   blocks=1728, version=2
         =                       sectsz=512   sunit=64 blks, lazy-count=1
realtime =none                   extsz=4096   blocks=0, rtextents=0
[sshexec] DEBUG 2017/04/27 02:12:14 /src/github.com/heketi/heketi/pkg/utils/ssh/ssh.go:176: Host: 192.168.48.12:22 Command: /bin/bash -c 'mount -o rw,inode64,noatime,nouuid /dev/mapper/vg_403cca7edce115dc1c641acc2f5f11fb-brick_0e765eae2136bdfcb5afa0fcac281cd8 /var/lib/heketi/mounts/vg_403cca7edce115dc1c641acc2f5f11fb/brick_0e765eae2136bdfcb5afa0fcac281cd8'
Result: 
[sshexec] DEBUG 2017/04/27 02:12:14 /src/github.com/heketi/heketi/pkg/utils/ssh/ssh.go:176: Host: 192.168.48.17:22 Command: /bin/bash -c 'echo "/dev/mapper/vg_6c7ff8b53124baa86b5b789cd93274e1-brick_65cd4abaffea857ff3d3793f638d21b2 /var/lib/heketi/mounts/vg_6c7ff8b53124baa86b5b789cd93274e1/brick_65cd4abaffea857ff3d3793f638d21b2 xfs rw,inode64,noatime,nouuid 1 2" | tee -a /etc/fstab > /dev/null '
Result: 
[sshexec] DEBUG 2017/04/27 02:12:14 /src/github.com/heketi/heketi/pkg/utils/ssh/ssh.go:176: Host: 192.168.48.12:22 Command: /bin/bash -c 'mkdir /var/lib/heketi/mounts/vg_403cca7edce115dc1c641acc2f5f11fb/brick_0e765eae2136bdfcb5afa0fcac281cd8/brick'
Result: 
[sshexec] DEBUG 2017/04/27 02:12:14 /src/github.com/heketi/heketi/pkg/utils/ssh/ssh.go:176: Host: 192.168.48.12:22 Command: /bin/bash -c 'chown :2000 /var/lib/heketi/mounts/vg_403cca7edce115dc1c641acc2f5f11fb/brick_0e765eae2136bdfcb5afa0fcac281cd8/brick'
Result: 
[sshexec] DEBUG 2017/04/27 02:12:14 /src/github.com/heketi/heketi/pkg/utils/ssh/ssh.go:176: Host: 192.168.48.12:22 Command: /bin/bash -c 'chmod 2775 /var/lib/heketi/mounts/vg_403cca7edce115dc1c641acc2f5f11fb/brick_0e765eae2136bdfcb5afa0fcac281cd8/brick'
Result: 
[sshexec] DEBUG 2017/04/27 02:12:15 /src/github.com/heketi/heketi/pkg/utils/ssh/ssh.go:176: Host: 192.168.48.14:22 Command: /bin/bash -c 'mount -o rw,inode64,noatime,nouuid /dev/mapper/vg_d72d3bd802d4e511a80ce2f16181289d-brick_8dcd788e508d528241be76e6199f7fb6 /var/lib/heketi/mounts/vg_d72d3bd802d4e511a80ce2f16181289d/brick_8dcd788e508d528241be76e6199f7fb6'
Result: 
[sshexec] DEBUG 2017/04/27 02:12:15 /src/github.com/heketi/heketi/pkg/utils/ssh/ssh.go:176: Host: 192.168.48.14:22 Command: /bin/bash -c 'mkdir /var/lib/heketi/mounts/vg_d72d3bd802d4e511a80ce2f16181289d/brick_8dcd788e508d528241be76e6199f7fb6/brick'
Result: 
[sshexec] DEBUG 2017/04/27 02:12:15 /src/github.com/heketi/heketi/pkg/utils/ssh/ssh.go:176: Host: 192.168.48.14:22 Command: /bin/bash -c 'chown :2000 /var/lib/heketi/mounts/vg_d72d3bd802d4e511a80ce2f16181289d/brick_8dcd788e508d528241be76e6199f7fb6/brick'
Result: 
[sshexec] DEBUG 2017/04/27 02:12:15 /src/github.com/heketi/heketi/pkg/utils/ssh/ssh.go:176: Host: 192.168.48.14:22 Command: /bin/bash -c 'chmod 2775 /var/lib/heketi/mounts/vg_d72d3bd802d4e511a80ce2f16181289d/brick_8dcd788e508d528241be76e6199f7fb6/brick'
Result: 
[sshexec] DEBUG 2017/04/27 02:12:15 /src/github.com/heketi/heketi/pkg/utils/ssh/ssh.go:176: Host: 192.168.48.17:22 Command: /bin/bash -c 'mount -o rw,inode64,noatime,nouuid /dev/mapper/vg_6c7ff8b53124baa86b5b789cd93274e1-brick_65cd4abaffea857ff3d3793f638d21b2 /var/lib/heketi/mounts/vg_6c7ff8b53124baa86b5b789cd93274e1/brick_65cd4abaffea857ff3d3793f638d21b2'
Result: 
[sshexec] DEBUG 2017/04/27 02:12:15 /src/github.com/heketi/heketi/pkg/utils/ssh/ssh.go:176: Host: 192.168.48.17:22 Command: /bin/bash -c 'mkdir /var/lib/heketi/mounts/vg_6c7ff8b53124baa86b5b789cd93274e1/brick_65cd4abaffea857ff3d3793f638d21b2/brick'
Result: 
[sshexec] DEBUG 2017/04/27 02:12:15 /src/github.com/heketi/heketi/pkg/utils/ssh/ssh.go:176: Host: 192.168.48.17:22 Command: /bin/bash -c 'chown :2000 /var/lib/heketi/mounts/vg_6c7ff8b53124baa86b5b789cd93274e1/brick_65cd4abaffea857ff3d3793f638d21b2/brick'
Result: 
[sshexec] DEBUG 2017/04/27 02:12:15 /src/github.com/heketi/heketi/pkg/utils/ssh/ssh.go:176: Host: 192.168.48.17:22 Command: /bin/bash -c 'chmod 2775 /var/lib/heketi/mounts/vg_6c7ff8b53124baa86b5b789cd93274e1/brick_65cd4abaffea857ff3d3793f638d21b2/brick'
Result: 
[sshexec] INFO 2017/04/27 02:12:15 Creating volume vol_169f5e3ec46a7324c429413364b98559 replica 3
[sshexec] ERROR 2017/04/27 02:12:15 /src/github.com/heketi/heketi/pkg/utils/ssh/ssh.go:173: Failed to run command [/bin/bash -c 'gluster --mode=script volume create vol_169f5e3ec46a7324c429413364b98559 replica 3 192.168.48.14:/var/lib/heketi/mounts/vg_d72d3bd802d4e511a80ce2f16181289d/brick_8dcd788e508d528241be76e6199f7fb6/brick 192.168.48.12:/var/lib/heketi/mounts/vg_403cca7edce115dc1c641acc2f5f11fb/brick_0e765eae2136bdfcb5afa0fcac281cd8/brick 192.168.48.17:/var/lib/heketi/mounts/vg_6c7ff8b53124baa86b5b789cd93274e1/brick_65cd4abaffea857ff3d3793f638d21b2/brick '] on 192.168.48.14:22: Err[Process exited with: 1. Reason was:  ()]: Stdout []: Stderr [volume create: vol_169f5e3ec46a7324c429413364b98559: failed: Staging failed on 192.168.48.12. Error: Host 192.168.48.14 is not in 'Peer in Cluster' state
Staging failed on 192.168.48.17. Error: Host 192.168.48.14 is not in 'Peer in Cluster' state
]
[negroni] Started GET /queue/f573b47038a4b8532766e8c787242c0e
[negroni] Completed 200 OK in 135.201µs
[sshexec] ERROR 2017/04/27 02:12:15 /src/github.com/heketi/heketi/pkg/utils/ssh/ssh.go:173: Failed to run command [/bin/bash -c 'gluster --mode=script volume stop vol_169f5e3ec46a7324c429413364b98559 force'] on 192.168.48.14:22: Err[Process exited with: 1. Reason was:  ()]: Stdout []: Stderr [volume stop: vol_169f5e3ec46a7324c429413364b98559: failed: Volume vol_169f5e3ec46a7324c429413364b98559 does not exist
]
[sshexec] ERROR 2017/04/27 02:12:15 /src/github.com/heketi/heketi/executors/sshexec/volume.go:130: Unable to stop volume vol_169f5e3ec46a7324c429413364b98559: volume stop: vol_169f5e3ec46a7324c429413364b98559: failed: Volume vol_169f5e3ec46a7324c429413364b98559 does not exist
[sshexec] ERROR 2017/04/27 02:12:16 /src/github.com/heketi/heketi/pkg/utils/ssh/ssh.go:173: Failed to run command [/bin/bash -c 'gluster --mode=script volume delete vol_169f5e3ec46a7324c429413364b98559'] on 192.168.48.14:22: Err[Process exited with: 1. Reason was:  ()]: Stdout []: Stderr [volume delete: vol_169f5e3ec46a7324c429413364b98559: failed: Volume vol_169f5e3ec46a7324c429413364b98559 does not exist
]
[sshexec] ERROR 2017/04/27 02:12:16 /src/github.com/heketi/heketi/executors/sshexec/volume.go:139: Unable to delete volume vol_169f5e3ec46a7324c429413364b98559: volume delete: vol_169f5e3ec46a7324c429413364b98559: failed: Volume vol_169f5e3ec46a7324c429413364b98559 does not exist
[heketi] INFO 2017/04/27 02:12:16 Deleting brick 8dcd788e508d528241be76e6199f7fb6
[heketi] INFO 2017/04/27 02:12:16 Deleting brick 65cd4abaffea857ff3d3793f638d21b2
[heketi] INFO 2017/04/27 02:12:16 Deleting brick 0e765eae2136bdfcb5afa0fcac281cd8
[sshexec] DEBUG 2017/04/27 02:12:16 /src/github.com/heketi/heketi/pkg/utils/ssh/ssh.go:176: Host: 192.168.48.12:22 Command: /bin/bash -c 'umount /var/lib/heketi/mounts/vg_403cca7edce115dc1c641acc2f5f11fb/brick_0e765eae2136bdfcb5afa0fcac281cd8'
Result: 
[sshexec] DEBUG 2017/04/27 02:12:16 /src/github.com/heketi/heketi/pkg/utils/ssh/ssh.go:176: Host: 192.168.48.14:22 Command: /bin/bash -c 'umount /var/lib/heketi/mounts/vg_d72d3bd802d4e511a80ce2f16181289d/brick_8dcd788e508d528241be76e6199f7fb6'
Result: 
[sshexec] DEBUG 2017/04/27 02:12:16 /src/github.com/heketi/heketi/pkg/utils/ssh/ssh.go:176: Host: 192.168.48.17:22 Command: /bin/bash -c 'umount /var/lib/heketi/mounts/vg_6c7ff8b53124baa86b5b789cd93274e1/brick_65cd4abaffea857ff3d3793f638d21b2'
Result: 
[negroni] Started GET /queue/f573b47038a4b8532766e8c787242c0e
[negroni] Completed 200 OK in 88.123µs
[sshexec] DEBUG 2017/04/27 02:12:17 /src/github.com/heketi/heketi/pkg/utils/ssh/ssh.go:176: Host: 192.168.48.17:22 Command: /bin/bash -c 'lvremove -f vg_6c7ff8b53124baa86b5b789cd93274e1/tp_65cd4abaffea857ff3d3793f638d21b2'
Result:   Logical volume "brick_65cd4abaffea857ff3d3793f638d21b2" successfully removed
  Logical volume "tp_65cd4abaffea857ff3d3793f638d21b2" successfully removed
[sshexec] DEBUG 2017/04/27 02:12:17 /src/github.com/heketi/heketi/pkg/utils/ssh/ssh.go:176: Host: 192.168.48.14:22 Command: /bin/bash -c 'lvremove -f vg_d72d3bd802d4e511a80ce2f16181289d/tp_8dcd788e508d528241be76e6199f7fb6'
Result:   Logical volume "brick_8dcd788e508d528241be76e6199f7fb6" successfully removed
  Logical volume "tp_8dcd788e508d528241be76e6199f7fb6" successfully removed
[sshexec] DEBUG 2017/04/27 02:12:17 /src/github.com/heketi/heketi/pkg/utils/ssh/ssh.go:176: Host: 192.168.48.12:22 Command: /bin/bash -c 'lvremove -f vg_403cca7edce115dc1c641acc2f5f11fb/tp_0e765eae2136bdfcb5afa0fcac281cd8'
Result:   Logical volume "brick_0e765eae2136bdfcb5afa0fcac281cd8" successfully removed
  Logical volume "tp_0e765eae2136bdfcb5afa0fcac281cd8" successfully removed
[sshexec] DEBUG 2017/04/27 02:12:17 /src/github.com/heketi/heketi/pkg/utils/ssh/ssh.go:176: Host: 192.168.48.17:22 Command: /bin/bash -c 'rmdir /var/lib/heketi/mounts/vg_6c7ff8b53124baa86b5b789cd93274e1/brick_65cd4abaffea857ff3d3793f638d21b2'
Result: 
[sshexec] DEBUG 2017/04/27 02:12:17 /src/github.com/heketi/heketi/pkg/utils/ssh/ssh.go:176: Host: 192.168.48.14:22 Command: /bin/bash -c 'rmdir /var/lib/heketi/mounts/vg_d72d3bd802d4e511a80ce2f16181289d/brick_8dcd788e508d528241be76e6199f7fb6'
Result: 
[sshexec] DEBUG 2017/04/27 02:12:17 /src/github.com/heketi/heketi/pkg/utils/ssh/ssh.go:176: Host: 192.168.48.12:22 Command: /bin/bash -c 'rmdir /var/lib/heketi/mounts/vg_403cca7edce115dc1c641acc2f5f11fb/brick_0e765eae2136bdfcb5afa0fcac281cd8'
Result: 
[sshexec] DEBUG 2017/04/27 02:12:17 /src/github.com/heketi/heketi/pkg/utils/ssh/ssh.go:176: Host: 192.168.48.14:22 Command: /bin/bash -c 'sed -i.save "/brick_8dcd788e508d528241be76e6199f7fb6/d" /etc/fstab'
Result: 
[sshexec] DEBUG 2017/04/27 02:12:17 /src/github.com/heketi/heketi/pkg/utils/ssh/ssh.go:176: Host: 192.168.48.17:22 Command: /bin/bash -c 'sed -i.save "/brick_65cd4abaffea857ff3d3793f638d21b2/d" /etc/fstab'
Result: 
[sshexec] DEBUG 2017/04/27 02:12:17 /src/github.com/heketi/heketi/pkg/utils/ssh/ssh.go:176: Host: 192.168.48.12:22 Command: /bin/bash -c 'sed -i.save "/brick_0e765eae2136bdfcb5afa0fcac281cd8/d" /etc/fstab'
Result: 
[asynchttp] INFO 2017/04/27 02:12:17 Completed job f573b47038a4b8532766e8c787242c0e in 3.900897327s
[heketi] ERROR 2017/04/27 02:12:17 /src/github.com/heketi/heketi/apps/glusterfs/app_volume.go:148: Failed to create volume: volume create: vol_169f5e3ec46a7324c429413364b98559: failed: Staging failed on 192.168.48.12. Error: Host 192.168.48.14 is not in 'Peer in Cluster' state
Staging failed on 192.168.48.17. Error: Host 192.168.48.14 is not in 'Peer in Cluster' state
[negroni] Started GET /queue/f573b47038a4b8532766e8c787242c0e
[negroni] Completed 500 Internal Server Error in 117.27µs
[negroni] Started POST /volumes
[negroni] Completed 202 Accepted in 18.573493ms
[asynchttp] INFO 2017/04/27 02:12:28 Started job 69374883e9829193278c304214d610f5
[heketi] INFO 2017/04/27 02:12:28 Creating volume bb89fbeeb7174e1ed3142b9b0fe257c5
[heketi] INFO 2017/04/27 02:12:28 brick_num: 0
[negroni] Started GET /queue/69374883e9829193278c304214d610f5
[negroni] Completed 200 OK in 243.794µs
[heketi] INFO 2017/04/27 02:12:29 Creating brick ea6a8e3753ac93e1b7b867e3d87ad13d
[heketi] INFO 2017/04/27 02:12:29 Creating brick 790f7d47aefff705b7e3eb8461c4330e
[heketi] INFO 2017/04/27 02:12:29 Creating brick f083ef77ddd083799300148bccf6bd36
[sshexec] DEBUG 2017/04/27 02:12:29 /src/github.com/heketi/heketi/pkg/utils/ssh/ssh.go:176: Host: 192.168.48.14:22 Command: /bin/bash -c 'mkdir -p /var/lib/heketi/mounts/vg_d72d3bd802d4e511a80ce2f16181289d/brick_790f7d47aefff705b7e3eb8461c4330e'
Result: 
[sshexec] DEBUG 2017/04/27 02:12:29 /src/github.com/heketi/heketi/pkg/utils/ssh/ssh.go:176: Host: 192.168.48.12:22 Command: /bin/bash -c 'mkdir -p /var/lib/heketi/mounts/vg_403cca7edce115dc1c641acc2f5f11fb/brick_f083ef77ddd083799300148bccf6bd36'
Result: 
[sshexec] DEBUG 2017/04/27 02:12:29 /src/github.com/heketi/heketi/pkg/utils/ssh/ssh.go:176: Host: 192.168.48.17:22 Command: /bin/bash -c 'mkdir -p /var/lib/heketi/mounts/vg_6c7ff8b53124baa86b5b789cd93274e1/brick_ea6a8e3753ac93e1b7b867e3d87ad13d'
Result: 
[sshexec] DEBUG 2017/04/27 02:12:29 /src/github.com/heketi/heketi/pkg/utils/ssh/ssh.go:176: Host: 192.168.48.12:22 Command: /bin/bash -c 'lvcreate --poolmetadatasize 8192K -c 256K -L 1048576K -T vg_403cca7edce115dc1c641acc2f5f11fb/tp_f083ef77ddd083799300148bccf6bd36 -V 1048576K -n brick_f083ef77ddd083799300148bccf6bd36'
Result:   Logical volume "brick_f083ef77ddd083799300148bccf6bd36" created.
[sshexec] DEBUG 2017/04/27 02:12:29 /src/github.com/heketi/heketi/pkg/utils/ssh/ssh.go:176: Host: 192.168.48.14:22 Command: /bin/bash -c 'lvcreate --poolmetadatasize 8192K -c 256K -L 1048576K -T vg_d72d3bd802d4e511a80ce2f16181289d/tp_790f7d47aefff705b7e3eb8461c4330e -V 1048576K -n brick_790f7d47aefff705b7e3eb8461c4330e'
Result:   Logical volume "brick_790f7d47aefff705b7e3eb8461c4330e" created.
[sshexec] DEBUG 2017/04/27 02:12:29 /src/github.com/heketi/heketi/pkg/utils/ssh/ssh.go:176: Host: 192.168.48.17:22 Command: /bin/bash -c 'lvcreate --poolmetadatasize 8192K -c 256K -L 1048576K -T vg_6c7ff8b53124baa86b5b789cd93274e1/tp_ea6a8e3753ac93e1b7b867e3d87ad13d -V 1048576K -n brick_ea6a8e3753ac93e1b7b867e3d87ad13d'
Result:   Logical volume "brick_ea6a8e3753ac93e1b7b867e3d87ad13d" created.
[negroni] Started GET /queue/69374883e9829193278c304214d610f5
[negroni] Completed 200 OK in 194.165µs
[sshexec] DEBUG 2017/04/27 02:12:29 /src/github.com/heketi/heketi/pkg/utils/ssh/ssh.go:176: Host: 192.168.48.12:22 Command: /bin/bash -c 'mkfs.xfs -i size=512 -n size=8192 /dev/mapper/vg_403cca7edce115dc1c641acc2f5f11fb-brick_f083ef77ddd083799300148bccf6bd36'
Result: meta-data=/dev/mapper/vg_403cca7edce115dc1c641acc2f5f11fb-brick_f083ef77ddd083799300148bccf6bd36 isize=512    agcount=8, agsize=32704 blks
         =                       sectsz=4096  attr=2, projid32bit=1
         =                       crc=1        finobt=1, sparse=0
data     =                       bsize=4096   blocks=261632, imaxpct=25
         =                       sunit=64     swidth=64 blks
naming   =version 2              bsize=8192   ascii-ci=0 ftype=1
log      =internal log           bsize=4096   blocks=576, version=2
         =                       sectsz=4096  sunit=1 blks, lazy-count=1
realtime =none                   extsz=4096   blocks=0, rtextents=0
[sshexec] DEBUG 2017/04/27 02:12:29 /src/github.com/heketi/heketi/pkg/utils/ssh/ssh.go:176: Host: 192.168.48.12:22 Command: /bin/bash -c 'echo "/dev/mapper/vg_403cca7edce115dc1c641acc2f5f11fb-brick_f083ef77ddd083799300148bccf6bd36 /var/lib/heketi/mounts/vg_403cca7edce115dc1c641acc2f5f11fb/brick_f083ef77ddd083799300148bccf6bd36 xfs rw,inode64,noatime,nouuid 1 2" | tee -a /etc/fstab > /dev/null '
Result: 
[sshexec] DEBUG 2017/04/27 02:12:29 /src/github.com/heketi/heketi/pkg/utils/ssh/ssh.go:176: Host: 192.168.48.14:22 Command: /bin/bash -c 'mkfs.xfs -i size=512 -n size=8192 /dev/mapper/vg_d72d3bd802d4e511a80ce2f16181289d-brick_790f7d47aefff705b7e3eb8461c4330e'
Result: meta-data=/dev/mapper/vg_d72d3bd802d4e511a80ce2f16181289d-brick_790f7d47aefff705b7e3eb8461c4330e isize=512    agcount=8, agsize=32704 blks
         =                       sectsz=512   attr=2, projid32bit=1
         =                       crc=1        finobt=1, sparse=0
data     =                       bsize=4096   blocks=261632, imaxpct=25
         =                       sunit=64     swidth=64 blks
naming   =version 2              bsize=8192   ascii-ci=0 ftype=1
log      =internal log           bsize=4096   blocks=1728, version=2
         =                       sectsz=512   sunit=64 blks, lazy-count=1
realtime =none                   extsz=4096   blocks=0, rtextents=0
[sshexec] DEBUG 2017/04/27 02:12:29 /src/github.com/heketi/heketi/pkg/utils/ssh/ssh.go:176: Host: 192.168.48.14:22 Command: /bin/bash -c 'echo "/dev/mapper/vg_d72d3bd802d4e511a80ce2f16181289d-brick_790f7d47aefff705b7e3eb8461c4330e /var/lib/heketi/mounts/vg_d72d3bd802d4e511a80ce2f16181289d/brick_790f7d47aefff705b7e3eb8461c4330e xfs rw,inode64,noatime,nouuid 1 2" | tee -a /etc/fstab > /dev/null '
Result: 
[sshexec] DEBUG 2017/04/27 02:12:29 /src/github.com/heketi/heketi/pkg/utils/ssh/ssh.go:176: Host: 192.168.48.17:22 Command: /bin/bash -c 'mkfs.xfs -i size=512 -n size=8192 /dev/mapper/vg_6c7ff8b53124baa86b5b789cd93274e1-brick_ea6a8e3753ac93e1b7b867e3d87ad13d'
Result: meta-data=/dev/mapper/vg_6c7ff8b53124baa86b5b789cd93274e1-brick_ea6a8e3753ac93e1b7b867e3d87ad13d isize=512    agcount=8, agsize=32704 blks
         =                       sectsz=512   attr=2, projid32bit=1
         =                       crc=1        finobt=1, sparse=0
data     =                       bsize=4096   blocks=261632, imaxpct=25
         =                       sunit=64     swidth=64 blks
naming   =version 2              bsize=8192   ascii-ci=0 ftype=1
log      =internal log           bsize=4096   blocks=1728, version=2
         =                       sectsz=512   sunit=64 blks, lazy-count=1
realtime =none                   extsz=4096   blocks=0, rtextents=0
[sshexec] DEBUG 2017/04/27 02:12:30 /src/github.com/heketi/heketi/pkg/utils/ssh/ssh.go:176: Host: 192.168.48.17:22 Command: /bin/bash -c 'echo "/dev/mapper/vg_6c7ff8b53124baa86b5b789cd93274e1-brick_ea6a8e3753ac93e1b7b867e3d87ad13d /var/lib/heketi/mounts/vg_6c7ff8b53124baa86b5b789cd93274e1/brick_ea6a8e3753ac93e1b7b867e3d87ad13d xfs rw,inode64,noatime,nouuid 1 2" | tee -a /etc/fstab > /dev/null '
Result: 
[sshexec] DEBUG 2017/04/27 02:12:30 /src/github.com/heketi/heketi/pkg/utils/ssh/ssh.go:176: Host: 192.168.48.12:22 Command: /bin/bash -c 'mount -o rw,inode64,noatime,nouuid /dev/mapper/vg_403cca7edce115dc1c641acc2f5f11fb-brick_f083ef77ddd083799300148bccf6bd36 /var/lib/heketi/mounts/vg_403cca7edce115dc1c641acc2f5f11fb/brick_f083ef77ddd083799300148bccf6bd36'
Result: 
[sshexec] DEBUG 2017/04/27 02:12:30 /src/github.com/heketi/heketi/pkg/utils/ssh/ssh.go:176: Host: 192.168.48.12:22 Command: /bin/bash -c 'mkdir /var/lib/heketi/mounts/vg_403cca7edce115dc1c641acc2f5f11fb/brick_f083ef77ddd083799300148bccf6bd36/brick'
Result: 
[sshexec] DEBUG 2017/04/27 02:12:30 /src/github.com/heketi/heketi/pkg/utils/ssh/ssh.go:176: Host: 192.168.48.12:22 Command: /bin/bash -c 'chown :2000 /var/lib/heketi/mounts/vg_403cca7edce115dc1c641acc2f5f11fb/brick_f083ef77ddd083799300148bccf6bd36/brick'
Result: 
[sshexec] DEBUG 2017/04/27 02:12:30 /src/github.com/heketi/heketi/pkg/utils/ssh/ssh.go:176: Host: 192.168.48.12:22 Command: /bin/bash -c 'chmod 2775 /var/lib/heketi/mounts/vg_403cca7edce115dc1c641acc2f5f11fb/brick_f083ef77ddd083799300148bccf6bd36/brick'
Result: 
[sshexec] DEBUG 2017/04/27 02:12:30 /src/github.com/heketi/heketi/pkg/utils/ssh/ssh.go:176: Host: 192.168.48.14:22 Command: /bin/bash -c 'mount -o rw,inode64,noatime,nouuid /dev/mapper/vg_d72d3bd802d4e511a80ce2f16181289d-brick_790f7d47aefff705b7e3eb8461c4330e /var/lib/heketi/mounts/vg_d72d3bd802d4e511a80ce2f16181289d/brick_790f7d47aefff705b7e3eb8461c4330e'
Result: 
[sshexec] DEBUG 2017/04/27 02:12:30 /src/github.com/heketi/heketi/pkg/utils/ssh/ssh.go:176: Host: 192.168.48.14:22 Command: /bin/bash -c 'mkdir /var/lib/heketi/mounts/vg_d72d3bd802d4e511a80ce2f16181289d/brick_790f7d47aefff705b7e3eb8461c4330e/brick'
Result: 
[sshexec] DEBUG 2017/04/27 02:12:30 /src/github.com/heketi/heketi/pkg/utils/ssh/ssh.go:176: Host: 192.168.48.14:22 Command: /bin/bash -c 'chown :2000 /var/lib/heketi/mounts/vg_d72d3bd802d4e511a80ce2f16181289d/brick_790f7d47aefff705b7e3eb8461c4330e/brick'
Result: 
[sshexec] DEBUG 2017/04/27 02:12:30 /src/github.com/heketi/heketi/pkg/utils/ssh/ssh.go:176: Host: 192.168.48.14:22 Command: /bin/bash -c 'chmod 2775 /var/lib/heketi/mounts/vg_d72d3bd802d4e511a80ce2f16181289d/brick_790f7d47aefff705b7e3eb8461c4330e/brick'
Result: 
[sshexec] DEBUG 2017/04/27 02:12:30 /src/github.com/heketi/heketi/pkg/utils/ssh/ssh.go:176: Host: 192.168.48.17:22 Command: /bin/bash -c 'mount -o rw,inode64,noatime,nouuid /dev/mapper/vg_6c7ff8b53124baa86b5b789cd93274e1-brick_ea6a8e3753ac93e1b7b867e3d87ad13d /var/lib/heketi/mounts/vg_6c7ff8b53124baa86b5b789cd93274e1/brick_ea6a8e3753ac93e1b7b867e3d87ad13d'
Result: 
[sshexec] DEBUG 2017/04/27 02:12:30 /src/github.com/heketi/heketi/pkg/utils/ssh/ssh.go:176: Host: 192.168.48.17:22 Command: /bin/bash -c 'mkdir /var/lib/heketi/mounts/vg_6c7ff8b53124baa86b5b789cd93274e1/brick_ea6a8e3753ac93e1b7b867e3d87ad13d/brick'
Result: 
[sshexec] DEBUG 2017/04/27 02:12:30 /src/github.com/heketi/heketi/pkg/utils/ssh/ssh.go:176: Host: 192.168.48.17:22 Command: /bin/bash -c 'chown :2000 /var/lib/heketi/mounts/vg_6c7ff8b53124baa86b5b789cd93274e1/brick_ea6a8e3753ac93e1b7b867e3d87ad13d/brick'
Result: 
[sshexec] DEBUG 2017/04/27 02:12:30 /src/github.com/heketi/heketi/pkg/utils/ssh/ssh.go:176: Host: 192.168.48.17:22 Command: /bin/bash -c 'chmod 2775 /var/lib/heketi/mounts/vg_6c7ff8b53124baa86b5b789cd93274e1/brick_ea6a8e3753ac93e1b7b867e3d87ad13d/brick'
Result: 
[sshexec] INFO 2017/04/27 02:12:30 Creating volume vol_bb89fbeeb7174e1ed3142b9b0fe257c5 replica 3
[sshexec] ERROR 2017/04/27 02:12:30 /src/github.com/heketi/heketi/pkg/utils/ssh/ssh.go:173: Failed to run command [/bin/bash -c 'gluster --mode=script volume create vol_bb89fbeeb7174e1ed3142b9b0fe257c5 replica 3 192.168.48.17:/var/lib/heketi/mounts/vg_6c7ff8b53124baa86b5b789cd93274e1/brick_ea6a8e3753ac93e1b7b867e3d87ad13d/brick 192.168.48.14:/var/lib/heketi/mounts/vg_d72d3bd802d4e511a80ce2f16181289d/brick_790f7d47aefff705b7e3eb8461c4330e/brick 192.168.48.12:/var/lib/heketi/mounts/vg_403cca7edce115dc1c641acc2f5f11fb/brick_f083ef77ddd083799300148bccf6bd36/brick '] on 192.168.48.17:22: Err[Process exited with: 1. Reason was:  ()]: Stdout []: Stderr [volume create: vol_bb89fbeeb7174e1ed3142b9b0fe257c5: failed: Host 192.168.48.14 is not in 'Peer in Cluster' state
]
[negroni] Started GET /queue/69374883e9829193278c304214d610f5
[negroni] Completed 200 OK in 69.879µs
[sshexec] ERROR 2017/04/27 02:12:31 /src/github.com/heketi/heketi/pkg/utils/ssh/ssh.go:173: Failed to run command [/bin/bash -c 'gluster --mode=script volume stop vol_bb89fbeeb7174e1ed3142b9b0fe257c5 force'] on 192.168.48.17:22: Err[Process exited with: 1. Reason was:  ()]: Stdout []: Stderr [volume stop: vol_bb89fbeeb7174e1ed3142b9b0fe257c5: failed: Volume vol_bb89fbeeb7174e1ed3142b9b0fe257c5 does not exist
]
[sshexec] ERROR 2017/04/27 02:12:31 /src/github.com/heketi/heketi/executors/sshexec/volume.go:130: Unable to stop volume vol_bb89fbeeb7174e1ed3142b9b0fe257c5: volume stop: vol_bb89fbeeb7174e1ed3142b9b0fe257c5: failed: Volume vol_bb89fbeeb7174e1ed3142b9b0fe257c5 does not exist
[heketi] INFO 2017/04/27 02:12:31 Deleting brick ea6a8e3753ac93e1b7b867e3d87ad13d
[heketi] INFO 2017/04/27 02:12:31 Deleting brick 790f7d47aefff705b7e3eb8461c4330e
[heketi] INFO 2017/04/27 02:12:31 Deleting brick f083ef77ddd083799300148bccf6bd36
[sshexec] ERROR 2017/04/27 02:12:31 /src/github.com/heketi/heketi/pkg/utils/ssh/ssh.go:173: Failed to run command [/bin/bash -c 'gluster --mode=script volume delete vol_bb89fbeeb7174e1ed3142b9b0fe257c5'] on 192.168.48.17:22: Err[Process exited with: 1. Reason was:  ()]: Stdout []: Stderr [volume delete: vol_bb89fbeeb7174e1ed3142b9b0fe257c5: failed: Volume vol_bb89fbeeb7174e1ed3142b9b0fe257c5 does not exist
]
[sshexec] ERROR 2017/04/27 02:12:31 /src/github.com/heketi/heketi/executors/sshexec/volume.go:139: Unable to delete volume vol_bb89fbeeb7174e1ed3142b9b0fe257c5: volume delete: vol_bb89fbeeb7174e1ed3142b9b0fe257c5: failed: Volume vol_bb89fbeeb7174e1ed3142b9b0fe257c5 does not exist
[sshexec] DEBUG 2017/04/27 02:12:31 /src/github.com/heketi/heketi/pkg/utils/ssh/ssh.go:176: Host: 192.168.48.12:22 Command: /bin/bash -c 'umount /var/lib/heketi/mounts/vg_403cca7edce115dc1c641acc2f5f11fb/brick_f083ef77ddd083799300148bccf6bd36'
Result: 
[sshexec] DEBUG 2017/04/27 02:12:31 /src/github.com/heketi/heketi/pkg/utils/ssh/ssh.go:176: Host: 192.168.48.17:22 Command: /bin/bash -c 'umount /var/lib/heketi/mounts/vg_6c7ff8b53124baa86b5b789cd93274e1/brick_ea6a8e3753ac93e1b7b867e3d87ad13d'
Result: 
[sshexec] DEBUG 2017/04/27 02:12:31 /src/github.com/heketi/heketi/pkg/utils/ssh/ssh.go:176: Host: 192.168.48.14:22 Command: /bin/bash -c 'umount /var/lib/heketi/mounts/vg_d72d3bd802d4e511a80ce2f16181289d/brick_790f7d47aefff705b7e3eb8461c4330e'
Result: 
[negroni] Started GET /queue/69374883e9829193278c304214d610f5
[negroni] Completed 200 OK in 54.807µs
[sshexec] DEBUG 2017/04/27 02:12:32 /src/github.com/heketi/heketi/pkg/utils/ssh/ssh.go:176: Host: 192.168.48.17:22 Command: /bin/bash -c 'lvremove -f vg_6c7ff8b53124baa86b5b789cd93274e1/tp_ea6a8e3753ac93e1b7b867e3d87ad13d'
Result:   Logical volume "brick_ea6a8e3753ac93e1b7b867e3d87ad13d" successfully removed
  Logical volume "tp_ea6a8e3753ac93e1b7b867e3d87ad13d" successfully removed
[sshexec] DEBUG 2017/04/27 02:12:32 /src/github.com/heketi/heketi/pkg/utils/ssh/ssh.go:176: Host: 192.168.48.14:22 Command: /bin/bash -c 'lvremove -f vg_d72d3bd802d4e511a80ce2f16181289d/tp_790f7d47aefff705b7e3eb8461c4330e'
Result:   Logical volume "brick_790f7d47aefff705b7e3eb8461c4330e" successfully removed
  Logical volume "tp_790f7d47aefff705b7e3eb8461c4330e" successfully removed
[sshexec] DEBUG 2017/04/27 02:12:32 /src/github.com/heketi/heketi/pkg/utils/ssh/ssh.go:176: Host: 192.168.48.12:22 Command: /bin/bash -c 'lvremove -f vg_403cca7edce115dc1c641acc2f5f11fb/tp_f083ef77ddd083799300148bccf6bd36'
Result:   Logical volume "brick_f083ef77ddd083799300148bccf6bd36" successfully removed
  Logical volume "tp_f083ef77ddd083799300148bccf6bd36" successfully removed
[sshexec] DEBUG 2017/04/27 02:12:32 /src/github.com/heketi/heketi/pkg/utils/ssh/ssh.go:176: Host: 192.168.48.17:22 Command: /bin/bash -c 'rmdir /var/lib/heketi/mounts/vg_6c7ff8b53124baa86b5b789cd93274e1/brick_ea6a8e3753ac93e1b7b867e3d87ad13d'
Result: 
[sshexec] DEBUG 2017/04/27 02:12:32 /src/github.com/heketi/heketi/pkg/utils/ssh/ssh.go:176: Host: 192.168.48.14:22 Command: /bin/bash -c 'rmdir /var/lib/heketi/mounts/vg_d72d3bd802d4e511a80ce2f16181289d/brick_790f7d47aefff705b7e3eb8461c4330e'
Result: 
[sshexec] DEBUG 2017/04/27 02:12:32 /src/github.com/heketi/heketi/pkg/utils/ssh/ssh.go:176: Host: 192.168.48.12:22 Command: /bin/bash -c 'rmdir /var/lib/heketi/mounts/vg_403cca7edce115dc1c641acc2f5f11fb/brick_f083ef77ddd083799300148bccf6bd36'
Result: 
[sshexec] DEBUG 2017/04/27 02:12:32 /src/github.com/heketi/heketi/pkg/utils/ssh/ssh.go:176: Host: 192.168.48.14:22 Command: /bin/bash -c 'sed -i.save "/brick_790f7d47aefff705b7e3eb8461c4330e/d" /etc/fstab'
Result: 
[sshexec] DEBUG 2017/04/27 02:12:32 /src/github.com/heketi/heketi/pkg/utils/ssh/ssh.go:176: Host: 192.168.48.17:22 Command: /bin/bash -c 'sed -i.save "/brick_ea6a8e3753ac93e1b7b867e3d87ad13d/d" /etc/fstab'
Result: 
[negroni] Started GET /queue/69374883e9829193278c304214d610f5
[negroni] Completed 200 OK in 91.28µs
[sshexec] DEBUG 2017/04/27 02:12:32 /src/github.com/heketi/heketi/pkg/utils/ssh/ssh.go:176: Host: 192.168.48.12:22 Command: /bin/bash -c 'sed -i.save "/brick_f083ef77ddd083799300148bccf6bd36/d" /etc/fstab'
Result: 
[heketi] ERROR 2017/04/27 02:12:33 /src/github.com/heketi/heketi/apps/glusterfs/app_volume.go:148: Failed to create volume: volume create: vol_bb89fbeeb7174e1ed3142b9b0fe257c5: failed: Host 192.168.48.14 is not in 'Peer in Cluster' state
[asynchttp] INFO 2017/04/27 02:12:33 Completed job 69374883e9829193278c304214d610f5 in 4.196893844s
[negroni] Started GET /queue/69374883e9829193278c304214d610f5
[negroni] Completed 500 Internal Server Error in 139.383µs
[negroni] Started POST /volumes
[negroni] Completed 202 Accepted in 19.727595ms
[asynchttp] INFO 2017/04/27 02:12:43 Started job d1918074db3132f8e156357d5ff53fb9
[heketi] INFO 2017/04/27 02:12:43 Creating volume 46ee849ed33721723ddb4adc6df0859f
[heketi] INFO 2017/04/27 02:12:43 brick_num: 0
[negroni] Started GET /queue/d1918074db3132f8e156357d5ff53fb9
[negroni] Completed 200 OK in 84.55µs
[heketi] INFO 2017/04/27 02:12:43 Creating brick 945b60a0b5e671da39935b457aa1bdcd
[heketi] INFO 2017/04/27 02:12:43 Creating brick 06c6080efaacea9a7e60d3c6f0d53ffd
[heketi] INFO 2017/04/27 02:12:43 Creating brick 7e049f1a7d33060ba4356cf1ea4e3790
[sshexec] DEBUG 2017/04/27 02:12:44 /src/github.com/heketi/heketi/pkg/utils/ssh/ssh.go:176: Host: 192.168.48.12:22 Command: /bin/bash -c 'mkdir -p /var/lib/heketi/mounts/vg_403cca7edce115dc1c641acc2f5f11fb/brick_945b60a0b5e671da39935b457aa1bdcd'
Result: 
[sshexec] DEBUG 2017/04/27 02:12:44 /src/github.com/heketi/heketi/pkg/utils/ssh/ssh.go:176: Host: 192.168.48.14:22 Command: /bin/bash -c 'mkdir -p /var/lib/heketi/mounts/vg_d72d3bd802d4e511a80ce2f16181289d/brick_7e049f1a7d33060ba4356cf1ea4e3790'
Result: 
[sshexec] DEBUG 2017/04/27 02:12:44 /src/github.com/heketi/heketi/pkg/utils/ssh/ssh.go:176: Host: 192.168.48.17:22 Command: /bin/bash -c 'mkdir -p /var/lib/heketi/mounts/vg_6c7ff8b53124baa86b5b789cd93274e1/brick_06c6080efaacea9a7e60d3c6f0d53ffd'
Result: 
[sshexec] DEBUG 2017/04/27 02:12:44 /src/github.com/heketi/heketi/pkg/utils/ssh/ssh.go:176: Host: 192.168.48.12:22 Command: /bin/bash -c 'lvcreate --poolmetadatasize 8192K -c 256K -L 1048576K -T vg_403cca7edce115dc1c641acc2f5f11fb/tp_945b60a0b5e671da39935b457aa1bdcd -V 1048576K -n brick_945b60a0b5e671da39935b457aa1bdcd'
Result:   Logical volume "brick_945b60a0b5e671da39935b457aa1bdcd" created.
[sshexec] DEBUG 2017/04/27 02:12:44 /src/github.com/heketi/heketi/pkg/utils/ssh/ssh.go:176: Host: 192.168.48.17:22 Command: /bin/bash -c 'lvcreate --poolmetadatasize 8192K -c 256K -L 1048576K -T vg_6c7ff8b53124baa86b5b789cd93274e1/tp_06c6080efaacea9a7e60d3c6f0d53ffd -V 1048576K -n brick_06c6080efaacea9a7e60d3c6f0d53ffd'
Result:   Logical volume "brick_06c6080efaacea9a7e60d3c6f0d53ffd" created.
[negroni] Started GET /queue/d1918074db3132f8e156357d5ff53fb9
[negroni] Completed 200 OK in 88.174µs
[sshexec] DEBUG 2017/04/27 02:12:44 /src/github.com/heketi/heketi/pkg/utils/ssh/ssh.go:176: Host: 192.168.48.12:22 Command: /bin/bash -c 'mkfs.xfs -i size=512 -n size=8192 /dev/mapper/vg_403cca7edce115dc1c641acc2f5f11fb-brick_945b60a0b5e671da39935b457aa1bdcd'
Result: meta-data=/dev/mapper/vg_403cca7edce115dc1c641acc2f5f11fb-brick_945b60a0b5e671da39935b457aa1bdcd isize=512    agcount=8, agsize=32704 blks
         =                       sectsz=4096  attr=2, projid32bit=1
         =                       crc=1        finobt=1, sparse=0
data     =                       bsize=4096   blocks=261632, imaxpct=25
         =                       sunit=64     swidth=64 blks
naming   =version 2              bsize=8192   ascii-ci=0 ftype=1
log      =internal log           bsize=4096   blocks=576, version=2
         =                       sectsz=4096  sunit=1 blks, lazy-count=1
realtime =none                   extsz=4096   blocks=0, rtextents=0
[sshexec] DEBUG 2017/04/27 02:12:44 /src/github.com/heketi/heketi/pkg/utils/ssh/ssh.go:176: Host: 192.168.48.14:22 Command: /bin/bash -c 'lvcreate --poolmetadatasize 8192K -c 256K -L 1048576K -T vg_d72d3bd802d4e511a80ce2f16181289d/tp_7e049f1a7d33060ba4356cf1ea4e3790 -V 1048576K -n brick_7e049f1a7d33060ba4356cf1ea4e3790'
Result:   Logical volume "brick_7e049f1a7d33060ba4356cf1ea4e3790" created.
[sshexec] DEBUG 2017/04/27 02:12:44 /src/github.com/heketi/heketi/pkg/utils/ssh/ssh.go:176: Host: 192.168.48.12:22 Command: /bin/bash -c 'echo "/dev/mapper/vg_403cca7edce115dc1c641acc2f5f11fb-brick_945b60a0b5e671da39935b457aa1bdcd /var/lib/heketi/mounts/vg_403cca7edce115dc1c641acc2f5f11fb/brick_945b60a0b5e671da39935b457aa1bdcd xfs rw,inode64,noatime,nouuid 1 2" | tee -a /etc/fstab > /dev/null '
Result: 
[sshexec] DEBUG 2017/04/27 02:12:44 /src/github.com/heketi/heketi/pkg/utils/ssh/ssh.go:176: Host: 192.168.48.17:22 Command: /bin/bash -c 'mkfs.xfs -i size=512 -n size=8192 /dev/mapper/vg_6c7ff8b53124baa86b5b789cd93274e1-brick_06c6080efaacea9a7e60d3c6f0d53ffd'
Result: meta-data=/dev/mapper/vg_6c7ff8b53124baa86b5b789cd93274e1-brick_06c6080efaacea9a7e60d3c6f0d53ffd isize=512    agcount=8, agsize=32704 blks
         =                       sectsz=512   attr=2, projid32bit=1
         =                       crc=1        finobt=1, sparse=0
data     =                       bsize=4096   blocks=261632, imaxpct=25
         =                       sunit=64     swidth=64 blks
naming   =version 2              bsize=8192   ascii-ci=0 ftype=1
log      =internal log           bsize=4096   blocks=1728, version=2
         =                       sectsz=512   sunit=64 blks, lazy-count=1
realtime =none                   extsz=4096   blocks=0, rtextents=0
[sshexec] DEBUG 2017/04/27 02:12:44 /src/github.com/heketi/heketi/pkg/utils/ssh/ssh.go:176: Host: 192.168.48.17:22 Command: /bin/bash -c 'echo "/dev/mapper/vg_6c7ff8b53124baa86b5b789cd93274e1-brick_06c6080efaacea9a7e60d3c6f0d53ffd /var/lib/heketi/mounts/vg_6c7ff8b53124baa86b5b789cd93274e1/brick_06c6080efaacea9a7e60d3c6f0d53ffd xfs rw,inode64,noatime,nouuid 1 2" | tee -a /etc/fstab > /dev/null '
Result: 
[sshexec] DEBUG 2017/04/27 02:12:44 /src/github.com/heketi/heketi/pkg/utils/ssh/ssh.go:176: Host: 192.168.48.14:22 Command: /bin/bash -c 'mkfs.xfs -i size=512 -n size=8192 /dev/mapper/vg_d72d3bd802d4e511a80ce2f16181289d-brick_7e049f1a7d33060ba4356cf1ea4e3790'
Result: meta-data=/dev/mapper/vg_d72d3bd802d4e511a80ce2f16181289d-brick_7e049f1a7d33060ba4356cf1ea4e3790 isize=512    agcount=8, agsize=32704 blks
         =                       sectsz=512   attr=2, projid32bit=1
         =                       crc=1        finobt=1, sparse=0
data     =                       bsize=4096   blocks=261632, imaxpct=25
         =                       sunit=64     swidth=64 blks
naming   =version 2              bsize=8192   ascii-ci=0 ftype=1
log      =internal log           bsize=4096   blocks=1728, version=2
         =                       sectsz=512   sunit=64 blks, lazy-count=1
realtime =none                   extsz=4096   blocks=0, rtextents=0
[sshexec] DEBUG 2017/04/27 02:12:44 /src/github.com/heketi/heketi/pkg/utils/ssh/ssh.go:176: Host: 192.168.48.14:22 Command: /bin/bash -c 'echo "/dev/mapper/vg_d72d3bd802d4e511a80ce2f16181289d-brick_7e049f1a7d33060ba4356cf1ea4e3790 /var/lib/heketi/mounts/vg_d72d3bd802d4e511a80ce2f16181289d/brick_7e049f1a7d33060ba4356cf1ea4e3790 xfs rw,inode64,noatime,nouuid 1 2" | tee -a /etc/fstab > /dev/null '
Result: 
[sshexec] DEBUG 2017/04/27 02:12:44 /src/github.com/heketi/heketi/pkg/utils/ssh/ssh.go:176: Host: 192.168.48.12:22 Command: /bin/bash -c 'mount -o rw,inode64,noatime,nouuid /dev/mapper/vg_403cca7edce115dc1c641acc2f5f11fb-brick_945b60a0b5e671da39935b457aa1bdcd /var/lib/heketi/mounts/vg_403cca7edce115dc1c641acc2f5f11fb/brick_945b60a0b5e671da39935b457aa1bdcd'
Result: 
[sshexec] DEBUG 2017/04/27 02:12:45 /src/github.com/heketi/heketi/pkg/utils/ssh/ssh.go:176: Host: 192.168.48.12:22 Command: /bin/bash -c 'mkdir /var/lib/heketi/mounts/vg_403cca7edce115dc1c641acc2f5f11fb/brick_945b60a0b5e671da39935b457aa1bdcd/brick'
Result: 
[sshexec] DEBUG 2017/04/27 02:12:45 /src/github.com/heketi/heketi/pkg/utils/ssh/ssh.go:176: Host: 192.168.48.12:22 Command: /bin/bash -c 'chown :2000 /var/lib/heketi/mounts/vg_403cca7edce115dc1c641acc2f5f11fb/brick_945b60a0b5e671da39935b457aa1bdcd/brick'
Result: 
[sshexec] DEBUG 2017/04/27 02:12:45 /src/github.com/heketi/heketi/pkg/utils/ssh/ssh.go:176: Host: 192.168.48.12:22 Command: /bin/bash -c 'chmod 2775 /var/lib/heketi/mounts/vg_403cca7edce115dc1c641acc2f5f11fb/brick_945b60a0b5e671da39935b457aa1bdcd/brick'
Result: 
[sshexec] DEBUG 2017/04/27 02:12:45 /src/github.com/heketi/heketi/pkg/utils/ssh/ssh.go:176: Host: 192.168.48.17:22 Command: /bin/bash -c 'mount -o rw,inode64,noatime,nouuid /dev/mapper/vg_6c7ff8b53124baa86b5b789cd93274e1-brick_06c6080efaacea9a7e60d3c6f0d53ffd /var/lib/heketi/mounts/vg_6c7ff8b53124baa86b5b789cd93274e1/brick_06c6080efaacea9a7e60d3c6f0d53ffd'
Result: 
[sshexec] DEBUG 2017/04/27 02:12:45 /src/github.com/heketi/heketi/pkg/utils/ssh/ssh.go:176: Host: 192.168.48.17:22 Command: /bin/bash -c 'mkdir /var/lib/heketi/mounts/vg_6c7ff8b53124baa86b5b789cd93274e1/brick_06c6080efaacea9a7e60d3c6f0d53ffd/brick'
Result: 
[sshexec] DEBUG 2017/04/27 02:12:45 /src/github.com/heketi/heketi/pkg/utils/ssh/ssh.go:176: Host: 192.168.48.17:22 Command: /bin/bash -c 'chown :2000 /var/lib/heketi/mounts/vg_6c7ff8b53124baa86b5b789cd93274e1/brick_06c6080efaacea9a7e60d3c6f0d53ffd/brick'
Result: 
[sshexec] DEBUG 2017/04/27 02:12:45 /src/github.com/heketi/heketi/pkg/utils/ssh/ssh.go:176: Host: 192.168.48.17:22 Command: /bin/bash -c 'chmod 2775 /var/lib/heketi/mounts/vg_6c7ff8b53124baa86b5b789cd93274e1/brick_06c6080efaacea9a7e60d3c6f0d53ffd/brick'
Result: 
[sshexec] DEBUG 2017/04/27 02:12:45 /src/github.com/heketi/heketi/pkg/utils/ssh/ssh.go:176: Host: 192.168.48.14:22 Command: /bin/bash -c 'mount -o rw,inode64,noatime,nouuid /dev/mapper/vg_d72d3bd802d4e511a80ce2f16181289d-brick_7e049f1a7d33060ba4356cf1ea4e3790 /var/lib/heketi/mounts/vg_d72d3bd802d4e511a80ce2f16181289d/brick_7e049f1a7d33060ba4356cf1ea4e3790'
Result: 
[sshexec] DEBUG 2017/04/27 02:12:45 /src/github.com/heketi/heketi/pkg/utils/ssh/ssh.go:176: Host: 192.168.48.14:22 Command: /bin/bash -c 'mkdir /var/lib/heketi/mounts/vg_d72d3bd802d4e511a80ce2f16181289d/brick_7e049f1a7d33060ba4356cf1ea4e3790/brick'
Result: 
[sshexec] DEBUG 2017/04/27 02:12:45 /src/github.com/heketi/heketi/pkg/utils/ssh/ssh.go:176: Host: 192.168.48.14:22 Command: /bin/bash -c 'chown :2000 /var/lib/heketi/mounts/vg_d72d3bd802d4e511a80ce2f16181289d/brick_7e049f1a7d33060ba4356cf1ea4e3790/brick'
Result: 
[sshexec] DEBUG 2017/04/27 02:12:45 /src/github.com/heketi/heketi/pkg/utils/ssh/ssh.go:176: Host: 192.168.48.14:22 Command: /bin/bash -c 'chmod 2775 /var/lib/heketi/mounts/vg_d72d3bd802d4e511a80ce2f16181289d/brick_7e049f1a7d33060ba4356cf1ea4e3790/brick'
Result: 
[sshexec] INFO 2017/04/27 02:12:45 Creating volume vol_46ee849ed33721723ddb4adc6df0859f replica 3
[sshexec] ERROR 2017/04/27 02:12:45 /src/github.com/heketi/heketi/pkg/utils/ssh/ssh.go:173: Failed to run command [/bin/bash -c 'gluster --mode=script volume create vol_46ee849ed33721723ddb4adc6df0859f replica 3 192.168.48.17:/var/lib/heketi/mounts/vg_6c7ff8b53124baa86b5b789cd93274e1/brick_06c6080efaacea9a7e60d3c6f0d53ffd/brick 192.168.48.14:/var/lib/heketi/mounts/vg_d72d3bd802d4e511a80ce2f16181289d/brick_7e049f1a7d33060ba4356cf1ea4e3790/brick 192.168.48.12:/var/lib/heketi/mounts/vg_403cca7edce115dc1c641acc2f5f11fb/brick_945b60a0b5e671da39935b457aa1bdcd/brick '] on 192.168.48.17:22: Err[Process exited with: 1. Reason was:  ()]: Stdout []: Stderr [volume create: vol_46ee849ed33721723ddb4adc6df0859f: failed: Host 192.168.48.14 is not in 'Peer in Cluster' state
]
[negroni] Started GET /queue/d1918074db3132f8e156357d5ff53fb9
[negroni] Completed 200 OK in 159.519µs
[sshexec] ERROR 2017/04/27 02:12:46 /src/github.com/heketi/heketi/pkg/utils/ssh/ssh.go:173: Failed to run command [/bin/bash -c 'gluster --mode=script volume stop vol_46ee849ed33721723ddb4adc6df0859f force'] on 192.168.48.17:22: Err[Process exited with: 1. Reason was:  ()]: Stdout []: Stderr [volume stop: vol_46ee849ed33721723ddb4adc6df0859f: failed: Volume vol_46ee849ed33721723ddb4adc6df0859f does not exist
]
[sshexec] ERROR 2017/04/27 02:12:46 /src/github.com/heketi/heketi/executors/sshexec/volume.go:130: Unable to stop volume vol_46ee849ed33721723ddb4adc6df0859f: volume stop: vol_46ee849ed33721723ddb4adc6df0859f: failed: Volume vol_46ee849ed33721723ddb4adc6df0859f does not exist
[sshexec] ERROR 2017/04/27 02:12:46 /src/github.com/heketi/heketi/pkg/utils/ssh/ssh.go:173: Failed to run command [/bin/bash -c 'gluster --mode=script volume delete vol_46ee849ed33721723ddb4adc6df0859f'] on 192.168.48.17:22: Err[Process exited with: 1. Reason was:  ()]: Stdout []: Stderr [volume delete: vol_46ee849ed33721723ddb4adc6df0859f: failed: Volume vol_46ee849ed33721723ddb4adc6df0859f does not exist
]
[sshexec] ERROR 2017/04/27 02:12:46 /src/github.com/heketi/heketi/executors/sshexec/volume.go:139: Unable to delete volume vol_46ee849ed33721723ddb4adc6df0859f: volume delete: vol_46ee849ed33721723ddb4adc6df0859f: failed: Volume vol_46ee849ed33721723ddb4adc6df0859f does not exist
[heketi] INFO 2017/04/27 02:12:46 Deleting brick 06c6080efaacea9a7e60d3c6f0d53ffd
[heketi] INFO 2017/04/27 02:12:46 Deleting brick 7e049f1a7d33060ba4356cf1ea4e3790
[heketi] INFO 2017/04/27 02:12:46 Deleting brick 945b60a0b5e671da39935b457aa1bdcd
[sshexec] DEBUG 2017/04/27 02:12:46 /src/github.com/heketi/heketi/pkg/utils/ssh/ssh.go:176: Host: 192.168.48.12:22 Command: /bin/bash -c 'umount /var/lib/heketi/mounts/vg_403cca7edce115dc1c641acc2f5f11fb/brick_945b60a0b5e671da39935b457aa1bdcd'
Result: 
[sshexec] DEBUG 2017/04/27 02:12:46 /src/github.com/heketi/heketi/pkg/utils/ssh/ssh.go:176: Host: 192.168.48.17:22 Command: /bin/bash -c 'umount /var/lib/heketi/mounts/vg_6c7ff8b53124baa86b5b789cd93274e1/brick_06c6080efaacea9a7e60d3c6f0d53ffd'
Result: 
[sshexec] DEBUG 2017/04/27 02:12:46 /src/github.com/heketi/heketi/pkg/utils/ssh/ssh.go:176: Host: 192.168.48.14:22 Command: /bin/bash -c 'umount /var/lib/heketi/mounts/vg_d72d3bd802d4e511a80ce2f16181289d/brick_7e049f1a7d33060ba4356cf1ea4e3790'
Result: 
[negroni] Started GET /queue/d1918074db3132f8e156357d5ff53fb9
[negroni] Completed 200 OK in 58.675µs
[sshexec] DEBUG 2017/04/27 02:12:47 /src/github.com/heketi/heketi/pkg/utils/ssh/ssh.go:176: Host: 192.168.48.17:22 Command: /bin/bash -c 'lvremove -f vg_6c7ff8b53124baa86b5b789cd93274e1/tp_06c6080efaacea9a7e60d3c6f0d53ffd'
Result:   Logical volume "brick_06c6080efaacea9a7e60d3c6f0d53ffd" successfully removed
  Logical volume "tp_06c6080efaacea9a7e60d3c6f0d53ffd" successfully removed
[sshexec] DEBUG 2017/04/27 02:12:47 /src/github.com/heketi/heketi/pkg/utils/ssh/ssh.go:176: Host: 192.168.48.14:22 Command: /bin/bash -c 'lvremove -f vg_d72d3bd802d4e511a80ce2f16181289d/tp_7e049f1a7d33060ba4356cf1ea4e3790'
Result:   Logical volume "brick_7e049f1a7d33060ba4356cf1ea4e3790" successfully removed
  Logical volume "tp_7e049f1a7d33060ba4356cf1ea4e3790" successfully removed
[sshexec] DEBUG 2017/04/27 02:12:47 /src/github.com/heketi/heketi/pkg/utils/ssh/ssh.go:176: Host: 192.168.48.12:22 Command: /bin/bash -c 'lvremove -f vg_403cca7edce115dc1c641acc2f5f11fb/tp_945b60a0b5e671da39935b457aa1bdcd'
Result:   Logical volume "brick_945b60a0b5e671da39935b457aa1bdcd" successfully removed
  Logical volume "tp_945b60a0b5e671da39935b457aa1bdcd" successfully removed
[sshexec] DEBUG 2017/04/27 02:12:47 /src/github.com/heketi/heketi/pkg/utils/ssh/ssh.go:176: Host: 192.168.48.14:22 Command: /bin/bash -c 'rmdir /var/lib/heketi/mounts/vg_d72d3bd802d4e511a80ce2f16181289d/brick_7e049f1a7d33060ba4356cf1ea4e3790'
Result: 
[sshexec] DEBUG 2017/04/27 02:12:47 /src/github.com/heketi/heketi/pkg/utils/ssh/ssh.go:176: Host: 192.168.48.17:22 Command: /bin/bash -c 'rmdir /var/lib/heketi/mounts/vg_6c7ff8b53124baa86b5b789cd93274e1/brick_06c6080efaacea9a7e60d3c6f0d53ffd'
Result: 
[sshexec] DEBUG 2017/04/27 02:12:47 /src/github.com/heketi/heketi/pkg/utils/ssh/ssh.go:176: Host: 192.168.48.12:22 Command: /bin/bash -c 'rmdir /var/lib/heketi/mounts/vg_403cca7edce115dc1c641acc2f5f11fb/brick_945b60a0b5e671da39935b457aa1bdcd'
Result: 
[sshexec] DEBUG 2017/04/27 02:12:47 /src/github.com/heketi/heketi/pkg/utils/ssh/ssh.go:176: Host: 192.168.48.14:22 Command: /bin/bash -c 'sed -i.save "/brick_7e049f1a7d33060ba4356cf1ea4e3790/d" /etc/fstab'
Result: 
[sshexec] DEBUG 2017/04/27 02:12:47 /src/github.com/heketi/heketi/pkg/utils/ssh/ssh.go:176: Host: 192.168.48.17:22 Command: /bin/bash -c 'sed -i.save "/brick_06c6080efaacea9a7e60d3c6f0d53ffd/d" /etc/fstab'
Result: 
[negroni] Started GET /queue/d1918074db3132f8e156357d5ff53fb9
[negroni] Completed 200 OK in 86.699µs
[sshexec] DEBUG 2017/04/27 02:12:47 /src/github.com/heketi/heketi/pkg/utils/ssh/ssh.go:176: Host: 192.168.48.12:22 Command: /bin/bash -c 'sed -i.save "/brick_945b60a0b5e671da39935b457aa1bdcd/d" /etc/fstab'
Result: 
[heketi] ERROR 2017/04/27 02:12:47 /src/github.com/heketi/heketi/apps/glusterfs/app_volume.go:148: Failed to create volume: volume create: vol_46ee849ed33721723ddb4adc6df0859f: failed: Host 192.168.48.14 is not in 'Peer in Cluster' state
[asynchttp] INFO 2017/04/27 02:12:47 Completed job d1918074db3132f8e156357d5ff53fb9 in 4.114139206s
[negroni] Started GET /queue/d1918074db3132f8e156357d5ff53fb9
[negroni] Completed 500 Internal Server Error in 194.919µs
[negroni] Started POST /volumes
[negroni] Completed 202 Accepted in 19.27261ms
[asynchttp] INFO 2017/04/27 02:12:58 Started job cb9323324f60cba985b4b5c263b07bec
[heketi] INFO 2017/04/27 02:12:58 Creating volume 2cf9772a68113a69a62467c167bd9ddf
[heketi] INFO 2017/04/27 02:12:58 brick_num: 0
[negroni] Started GET /queue/cb9323324f60cba985b4b5c263b07bec
[negroni] Completed 200 OK in 543.546µs
[heketi] INFO 2017/04/27 02:12:58 Creating brick 430211816356474c5864d25aeaf3a896
[heketi] INFO 2017/04/27 02:12:58 Creating brick 214bbb4f03275b2f0fa29c5a0635221e
[heketi] INFO 2017/04/27 02:12:58 Creating brick c9343b681f07616c3b841de986711251
[sshexec] DEBUG 2017/04/27 02:12:59 /src/github.com/heketi/heketi/pkg/utils/ssh/ssh.go:176: Host: 192.168.48.12:22 Command: /bin/bash -c 'mkdir -p /var/lib/heketi/mounts/vg_403cca7edce115dc1c641acc2f5f11fb/brick_430211816356474c5864d25aeaf3a896'
Result: 
[sshexec] DEBUG 2017/04/27 02:12:59 /src/github.com/heketi/heketi/pkg/utils/ssh/ssh.go:176: Host: 192.168.48.14:22 Command: /bin/bash -c 'mkdir -p /var/lib/heketi/mounts/vg_d72d3bd802d4e511a80ce2f16181289d/brick_214bbb4f03275b2f0fa29c5a0635221e'
Result: 
[sshexec] DEBUG 2017/04/27 02:12:59 /src/github.com/heketi/heketi/pkg/utils/ssh/ssh.go:176: Host: 192.168.48.17:22 Command: /bin/bash -c 'mkdir -p /var/lib/heketi/mounts/vg_6c7ff8b53124baa86b5b789cd93274e1/brick_c9343b681f07616c3b841de986711251'
Result: 
[sshexec] DEBUG 2017/04/27 02:12:59 /src/github.com/heketi/heketi/pkg/utils/ssh/ssh.go:176: Host: 192.168.48.12:22 Command: /bin/bash -c 'lvcreate --poolmetadatasize 8192K -c 256K -L 1048576K -T vg_403cca7edce115dc1c641acc2f5f11fb/tp_430211816356474c5864d25aeaf3a896 -V 1048576K -n brick_430211816356474c5864d25aeaf3a896'
Result:   Logical volume "brick_430211816356474c5864d25aeaf3a896" created.
[sshexec] DEBUG 2017/04/27 02:12:59 /src/github.com/heketi/heketi/pkg/utils/ssh/ssh.go:176: Host: 192.168.48.14:22 Command: /bin/bash -c 'lvcreate --poolmetadatasize 8192K -c 256K -L 1048576K -T vg_d72d3bd802d4e511a80ce2f16181289d/tp_214bbb4f03275b2f0fa29c5a0635221e -V 1048576K -n brick_214bbb4f03275b2f0fa29c5a0635221e'
Result:   Logical volume "brick_214bbb4f03275b2f0fa29c5a0635221e" created.
[sshexec] DEBUG 2017/04/27 02:12:59 /src/github.com/heketi/heketi/pkg/utils/ssh/ssh.go:176: Host: 192.168.48.17:22 Command: /bin/bash -c 'lvcreate --poolmetadatasize 8192K -c 256K -L 1048576K -T vg_6c7ff8b53124baa86b5b789cd93274e1/tp_c9343b681f07616c3b841de986711251 -V 1048576K -n brick_c9343b681f07616c3b841de986711251'
Result:   Logical volume "brick_c9343b681f07616c3b841de986711251" created.
[sshexec] DEBUG 2017/04/27 02:12:59 /src/github.com/heketi/heketi/pkg/utils/ssh/ssh.go:176: Host: 192.168.48.12:22 Command: /bin/bash -c 'mkfs.xfs -i size=512 -n size=8192 /dev/mapper/vg_403cca7edce115dc1c641acc2f5f11fb-brick_430211816356474c5864d25aeaf3a896'
Result: meta-data=/dev/mapper/vg_403cca7edce115dc1c641acc2f5f11fb-brick_430211816356474c5864d25aeaf3a896 isize=512    agcount=8, agsize=32704 blks
         =                       sectsz=4096  attr=2, projid32bit=1
         =                       crc=1        finobt=1, sparse=0
data     =                       bsize=4096   blocks=261632, imaxpct=25
         =                       sunit=64     swidth=64 blks
naming   =version 2              bsize=8192   ascii-ci=0 ftype=1
log      =internal log           bsize=4096   blocks=576, version=2
         =                       sectsz=4096  sunit=1 blks, lazy-count=1
realtime =none                   extsz=4096   blocks=0, rtextents=0
[sshexec] DEBUG 2017/04/27 02:12:59 /src/github.com/heketi/heketi/pkg/utils/ssh/ssh.go:176: Host: 192.168.48.12:22 Command: /bin/bash -c 'echo "/dev/mapper/vg_403cca7edce115dc1c641acc2f5f11fb-brick_430211816356474c5864d25aeaf3a896 /var/lib/heketi/mounts/vg_403cca7edce115dc1c641acc2f5f11fb/brick_430211816356474c5864d25aeaf3a896 xfs rw,inode64,noatime,nouuid 1 2" | tee -a /etc/fstab > /dev/null '
Result: 
[sshexec] DEBUG 2017/04/27 02:12:59 /src/github.com/heketi/heketi/pkg/utils/ssh/ssh.go:176: Host: 192.168.48.14:22 Command: /bin/bash -c 'mkfs.xfs -i size=512 -n size=8192 /dev/mapper/vg_d72d3bd802d4e511a80ce2f16181289d-brick_214bbb4f03275b2f0fa29c5a0635221e'
Result: meta-data=/dev/mapper/vg_d72d3bd802d4e511a80ce2f16181289d-brick_214bbb4f03275b2f0fa29c5a0635221e isize=512    agcount=8, agsize=32704 blks
         =                       sectsz=512   attr=2, projid32bit=1
         =                       crc=1        finobt=1, sparse=0
data     =                       bsize=4096   blocks=261632, imaxpct=25
         =                       sunit=64     swidth=64 blks
naming   =version 2              bsize=8192   ascii-ci=0 ftype=1
log      =internal log           bsize=4096   blocks=1728, version=2
         =                       sectsz=512   sunit=64 blks, lazy-count=1
realtime =none                   extsz=4096   blocks=0, rtextents=0
[sshexec] DEBUG 2017/04/27 02:12:59 /src/github.com/heketi/heketi/pkg/utils/ssh/ssh.go:176: Host: 192.168.48.14:22 Command: /bin/bash -c 'echo "/dev/mapper/vg_d72d3bd802d4e511a80ce2f16181289d-brick_214bbb4f03275b2f0fa29c5a0635221e /var/lib/heketi/mounts/vg_d72d3bd802d4e511a80ce2f16181289d/brick_214bbb4f03275b2f0fa29c5a0635221e xfs rw,inode64,noatime,nouuid 1 2" | tee -a /etc/fstab > /dev/null '
Result: 
[negroni] Started GET /queue/cb9323324f60cba985b4b5c263b07bec
[negroni] Completed 200 OK in 125.449µs
[sshexec] DEBUG 2017/04/27 02:12:59 /src/github.com/heketi/heketi/pkg/utils/ssh/ssh.go:176: Host: 192.168.48.12:22 Command: /bin/bash -c 'mount -o rw,inode64,noatime,nouuid /dev/mapper/vg_403cca7edce115dc1c641acc2f5f11fb-brick_430211816356474c5864d25aeaf3a896 /var/lib/heketi/mounts/vg_403cca7edce115dc1c641acc2f5f11fb/brick_430211816356474c5864d25aeaf3a896'
Result: 
[sshexec] DEBUG 2017/04/27 02:12:59 /src/github.com/heketi/heketi/pkg/utils/ssh/ssh.go:176: Host: 192.168.48.17:22 Command: /bin/bash -c 'mkfs.xfs -i size=512 -n size=8192 /dev/mapper/vg_6c7ff8b53124baa86b5b789cd93274e1-brick_c9343b681f07616c3b841de986711251'
Result: meta-data=/dev/mapper/vg_6c7ff8b53124baa86b5b789cd93274e1-brick_c9343b681f07616c3b841de986711251 isize=512    agcount=8, agsize=32704 blks
         =                       sectsz=512   attr=2, projid32bit=1
         =                       crc=1        finobt=1, sparse=0
data     =                       bsize=4096   blocks=261632, imaxpct=25
         =                       sunit=64     swidth=64 blks
naming   =version 2              bsize=8192   ascii-ci=0 ftype=1
log      =internal log           bsize=4096   blocks=1728, version=2
         =                       sectsz=512   sunit=64 blks, lazy-count=1
realtime =none                   extsz=4096   blocks=0, rtextents=0
[sshexec] DEBUG 2017/04/27 02:12:59 /src/github.com/heketi/heketi/pkg/utils/ssh/ssh.go:176: Host: 192.168.48.17:22 Command: /bin/bash -c 'echo "/dev/mapper/vg_6c7ff8b53124baa86b5b789cd93274e1-brick_c9343b681f07616c3b841de986711251 /var/lib/heketi/mounts/vg_6c7ff8b53124baa86b5b789cd93274e1/brick_c9343b681f07616c3b841de986711251 xfs rw,inode64,noatime,nouuid 1 2" | tee -a /etc/fstab > /dev/null '
Result: 
[sshexec] DEBUG 2017/04/27 02:12:59 /src/github.com/heketi/heketi/pkg/utils/ssh/ssh.go:176: Host: 192.168.48.12:22 Command: /bin/bash -c 'mkdir /var/lib/heketi/mounts/vg_403cca7edce115dc1c641acc2f5f11fb/brick_430211816356474c5864d25aeaf3a896/brick'
Result: 
[sshexec] DEBUG 2017/04/27 02:12:59 /src/github.com/heketi/heketi/pkg/utils/ssh/ssh.go:176: Host: 192.168.48.12:22 Command: /bin/bash -c 'chown :2000 /var/lib/heketi/mounts/vg_403cca7edce115dc1c641acc2f5f11fb/brick_430211816356474c5864d25aeaf3a896/brick'
Result: 
[sshexec] DEBUG 2017/04/27 02:12:59 /src/github.com/heketi/heketi/pkg/utils/ssh/ssh.go:176: Host: 192.168.48.12:22 Command: /bin/bash -c 'chmod 2775 /var/lib/heketi/mounts/vg_403cca7edce115dc1c641acc2f5f11fb/brick_430211816356474c5864d25aeaf3a896/brick'
Result: 
[sshexec] DEBUG 2017/04/27 02:13:00 /src/github.com/heketi/heketi/pkg/utils/ssh/ssh.go:176: Host: 192.168.48.14:22 Command: /bin/bash -c 'mount -o rw,inode64,noatime,nouuid /dev/mapper/vg_d72d3bd802d4e511a80ce2f16181289d-brick_214bbb4f03275b2f0fa29c5a0635221e /var/lib/heketi/mounts/vg_d72d3bd802d4e511a80ce2f16181289d/brick_214bbb4f03275b2f0fa29c5a0635221e'
Result: 
[sshexec] DEBUG 2017/04/27 02:13:00 /src/github.com/heketi/heketi/pkg/utils/ssh/ssh.go:176: Host: 192.168.48.14:22 Command: /bin/bash -c 'mkdir /var/lib/heketi/mounts/vg_d72d3bd802d4e511a80ce2f16181289d/brick_214bbb4f03275b2f0fa29c5a0635221e/brick'
Result: 
[sshexec] DEBUG 2017/04/27 02:13:00 /src/github.com/heketi/heketi/pkg/utils/ssh/ssh.go:176: Host: 192.168.48.14:22 Command: /bin/bash -c 'chown :2000 /var/lib/heketi/mounts/vg_d72d3bd802d4e511a80ce2f16181289d/brick_214bbb4f03275b2f0fa29c5a0635221e/brick'
Result: 
[sshexec] DEBUG 2017/04/27 02:13:00 /src/github.com/heketi/heketi/pkg/utils/ssh/ssh.go:176: Host: 192.168.48.17:22 Command: /bin/bash -c 'mount -o rw,inode64,noatime,nouuid /dev/mapper/vg_6c7ff8b53124baa86b5b789cd93274e1-brick_c9343b681f07616c3b841de986711251 /var/lib/heketi/mounts/vg_6c7ff8b53124baa86b5b789cd93274e1/brick_c9343b681f07616c3b841de986711251'
Result: 
[sshexec] DEBUG 2017/04/27 02:13:00 /src/github.com/heketi/heketi/pkg/utils/ssh/ssh.go:176: Host: 192.168.48.14:22 Command: /bin/bash -c 'chmod 2775 /var/lib/heketi/mounts/vg_d72d3bd802d4e511a80ce2f16181289d/brick_214bbb4f03275b2f0fa29c5a0635221e/brick'
Result: 
[sshexec] DEBUG 2017/04/27 02:13:00 /src/github.com/heketi/heketi/pkg/utils/ssh/ssh.go:176: Host: 192.168.48.17:22 Command: /bin/bash -c 'mkdir /var/lib/heketi/mounts/vg_6c7ff8b53124baa86b5b789cd93274e1/brick_c9343b681f07616c3b841de986711251/brick'
Result: 
[sshexec] DEBUG 2017/04/27 02:13:00 /src/github.com/heketi/heketi/pkg/utils/ssh/ssh.go:176: Host: 192.168.48.17:22 Command: /bin/bash -c 'chown :2000 /var/lib/heketi/mounts/vg_6c7ff8b53124baa86b5b789cd93274e1/brick_c9343b681f07616c3b841de986711251/brick'
Result: 
[sshexec] DEBUG 2017/04/27 02:13:00 /src/github.com/heketi/heketi/pkg/utils/ssh/ssh.go:176: Host: 192.168.48.17:22 Command: /bin/bash -c 'chmod 2775 /var/lib/heketi/mounts/vg_6c7ff8b53124baa86b5b789cd93274e1/brick_c9343b681f07616c3b841de986711251/brick'
Result: 
[sshexec] INFO 2017/04/27 02:13:00 Creating volume vol_2cf9772a68113a69a62467c167bd9ddf replica 3
[sshexec] ERROR 2017/04/27 02:13:00 /src/github.com/heketi/heketi/pkg/utils/ssh/ssh.go:173: Failed to run command [/bin/bash -c 'gluster --mode=script volume create vol_2cf9772a68113a69a62467c167bd9ddf replica 3 192.168.48.12:/var/lib/heketi/mounts/vg_403cca7edce115dc1c641acc2f5f11fb/brick_430211816356474c5864d25aeaf3a896/brick 192.168.48.17:/var/lib/heketi/mounts/vg_6c7ff8b53124baa86b5b789cd93274e1/brick_c9343b681f07616c3b841de986711251/brick 192.168.48.14:/var/lib/heketi/mounts/vg_d72d3bd802d4e511a80ce2f16181289d/brick_214bbb4f03275b2f0fa29c5a0635221e/brick '] on 192.168.48.12:22: Err[Process exited with: 1. Reason was:  ()]: Stdout []: Stderr [volume create: vol_2cf9772a68113a69a62467c167bd9ddf: failed: Host 192.168.48.14 is not in 'Peer in Cluster' state
]
[sshexec] ERROR 2017/04/27 02:13:00 /src/github.com/heketi/heketi/pkg/utils/ssh/ssh.go:173: Failed to run command [/bin/bash -c 'gluster --mode=script volume stop vol_2cf9772a68113a69a62467c167bd9ddf force'] on 192.168.48.12:22: Err[Process exited with: 1. Reason was:  ()]: Stdout []: Stderr [volume stop: vol_2cf9772a68113a69a62467c167bd9ddf: failed: Volume vol_2cf9772a68113a69a62467c167bd9ddf does not exist
]
[sshexec] ERROR 2017/04/27 02:13:00 /src/github.com/heketi/heketi/executors/sshexec/volume.go:130: Unable to stop volume vol_2cf9772a68113a69a62467c167bd9ddf: volume stop: vol_2cf9772a68113a69a62467c167bd9ddf: failed: Volume vol_2cf9772a68113a69a62467c167bd9ddf does not exist
[negroni] Started GET /queue/cb9323324f60cba985b4b5c263b07bec
[negroni] Completed 200 OK in 145.842µs
[sshexec] ERROR 2017/04/27 02:13:01 /src/github.com/heketi/heketi/pkg/utils/ssh/ssh.go:173: Failed to run command [/bin/bash -c 'gluster --mode=script volume delete vol_2cf9772a68113a69a62467c167bd9ddf'] on 192.168.48.12:22: Err[Process exited with: 1. Reason was:  ()]: Stdout []: Stderr [volume delete: vol_2cf9772a68113a69a62467c167bd9ddf: failed: Volume vol_2cf9772a68113a69a62467c167bd9ddf does not exist
]
[sshexec] ERROR 2017/04/27 02:13:01 /src/github.com/heketi/heketi/executors/sshexec/volume.go:139: Unable to delete volume vol_2cf9772a68113a69a62467c167bd9ddf: volume delete: vol_2cf9772a68113a69a62467c167bd9ddf: failed: Volume vol_2cf9772a68113a69a62467c167bd9ddf does not exist
[heketi] INFO 2017/04/27 02:13:01 Deleting brick 430211816356474c5864d25aeaf3a896
[heketi] INFO 2017/04/27 02:13:01 Deleting brick c9343b681f07616c3b841de986711251
[heketi] INFO 2017/04/27 02:13:01 Deleting brick 214bbb4f03275b2f0fa29c5a0635221e
[sshexec] DEBUG 2017/04/27 02:13:01 /src/github.com/heketi/heketi/pkg/utils/ssh/ssh.go:176: Host: 192.168.48.12:22 Command: /bin/bash -c 'umount /var/lib/heketi/mounts/vg_403cca7edce115dc1c641acc2f5f11fb/brick_430211816356474c5864d25aeaf3a896'
Result: 
[sshexec] DEBUG 2017/04/27 02:13:01 /src/github.com/heketi/heketi/pkg/utils/ssh/ssh.go:176: Host: 192.168.48.14:22 Command: /bin/bash -c 'umount /var/lib/heketi/mounts/vg_d72d3bd802d4e511a80ce2f16181289d/brick_214bbb4f03275b2f0fa29c5a0635221e'
Result: 
[sshexec] DEBUG 2017/04/27 02:13:01 /src/github.com/heketi/heketi/pkg/utils/ssh/ssh.go:176: Host: 192.168.48.17:22 Command: /bin/bash -c 'umount /var/lib/heketi/mounts/vg_6c7ff8b53124baa86b5b789cd93274e1/brick_c9343b681f07616c3b841de986711251'
Result: 
[sshexec] ERROR 2017/04/27 02:13:01 /src/github.com/heketi/heketi/pkg/utils/ssh/ssh.go:173: Failed to run command [/bin/bash -c 'lvremove -f vg_403cca7edce115dc1c641acc2f5f11fb/tp_430211816356474c5864d25aeaf3a896'] on 192.168.48.12:22: Err[Process exited with: 5. Reason was:  ()]: Stdout []: Stderr [  Logical volume vg_403cca7edce115dc1c641acc2f5f11fb/brick_430211816356474c5864d25aeaf3a896 contains a filesystem in use.
]
[sshexec] ERROR 2017/04/27 02:13:01 /src/github.com/heketi/heketi/executors/sshexec/brick.go:143:   Logical volume vg_403cca7edce115dc1c641acc2f5f11fb/brick_430211816356474c5864d25aeaf3a896 contains a filesystem in use.
[sshexec] DEBUG 2017/04/27 02:13:01 /src/github.com/heketi/heketi/pkg/utils/ssh/ssh.go:176: Host: 192.168.48.12:22 Command: /bin/bash -c 'rmdir /var/lib/heketi/mounts/vg_403cca7edce115dc1c641acc2f5f11fb/brick_430211816356474c5864d25aeaf3a896'
Result: 
[sshexec] DEBUG 2017/04/27 02:13:01 /src/github.com/heketi/heketi/pkg/utils/ssh/ssh.go:176: Host: 192.168.48.17:22 Command: /bin/bash -c 'lvremove -f vg_6c7ff8b53124baa86b5b789cd93274e1/tp_c9343b681f07616c3b841de986711251'
Result:   Logical volume "brick_c9343b681f07616c3b841de986711251" successfully removed
  Logical volume "tp_c9343b681f07616c3b841de986711251" successfully removed
[sshexec] DEBUG 2017/04/27 02:13:01 /src/github.com/heketi/heketi/pkg/utils/ssh/ssh.go:176: Host: 192.168.48.14:22 Command: /bin/bash -c 'lvremove -f vg_d72d3bd802d4e511a80ce2f16181289d/tp_214bbb4f03275b2f0fa29c5a0635221e'
Result:   Logical volume "brick_214bbb4f03275b2f0fa29c5a0635221e" successfully removed
  Logical volume "tp_214bbb4f03275b2f0fa29c5a0635221e" successfully removed
[negroni] Started GET /queue/cb9323324f60cba985b4b5c263b07bec
[negroni] Completed 200 OK in 67.219µs
[sshexec] DEBUG 2017/04/27 02:13:02 /src/github.com/heketi/heketi/pkg/utils/ssh/ssh.go:176: Host: 192.168.48.12:22 Command: /bin/bash -c 'sed -i.save "/brick_430211816356474c5864d25aeaf3a896/d" /etc/fstab'
Result: 
[sshexec] DEBUG 2017/04/27 02:13:02 /src/github.com/heketi/heketi/pkg/utils/ssh/ssh.go:176: Host: 192.168.48.14:22 Command: /bin/bash -c 'rmdir /var/lib/heketi/mounts/vg_d72d3bd802d4e511a80ce2f16181289d/brick_214bbb4f03275b2f0fa29c5a0635221e'
Result: 
[sshexec] DEBUG 2017/04/27 02:13:02 /src/github.com/heketi/heketi/pkg/utils/ssh/ssh.go:176: Host: 192.168.48.17:22 Command: /bin/bash -c 'rmdir /var/lib/heketi/mounts/vg_6c7ff8b53124baa86b5b789cd93274e1/brick_c9343b681f07616c3b841de986711251'
Result: 
[sshexec] DEBUG 2017/04/27 02:13:02 /src/github.com/heketi/heketi/pkg/utils/ssh/ssh.go:176: Host: 192.168.48.14:22 Command: /bin/bash -c 'sed -i.save "/brick_214bbb4f03275b2f0fa29c5a0635221e/d" /etc/fstab'
Result: 
[sshexec] DEBUG 2017/04/27 02:13:02 /src/github.com/heketi/heketi/pkg/utils/ssh/ssh.go:176: Host: 192.168.48.17:22 Command: /bin/bash -c 'sed -i.save "/brick_c9343b681f07616c3b841de986711251/d" /etc/fstab'
Result: 
[heketi] ERROR 2017/04/27 02:13:02 /src/github.com/heketi/heketi/apps/glusterfs/app_volume.go:148: Failed to create volume: volume create: vol_2cf9772a68113a69a62467c167bd9ddf: failed: Host 192.168.48.14 is not in 'Peer in Cluster' state
[asynchttp] INFO 2017/04/27 02:13:02 Completed job cb9323324f60cba985b4b5c263b07bec in 3.589630425s
[negroni] Started GET /queue/cb9323324f60cba985b4b5c263b07bec
[negroni] Completed 500 Internal Server Error in 113.697µs
[negroni] Started POST /volumes
[negroni] Completed 202 Accepted in 18.408029ms
[asynchttp] INFO 2017/04/27 02:13:13 Started job 913e2838a944225260f4d74271232d18
[heketi] INFO 2017/04/27 02:13:13 Creating volume ef4790cf6a6f988ab22f7779b54e5170
[heketi] INFO 2017/04/27 02:13:13 brick_num: 0
[negroni] Started GET /queue/913e2838a944225260f4d74271232d18
[negroni] Completed 200 OK in 157.82µs
[heketi] INFO 2017/04/27 02:13:14 Creating brick 26c934076bae943ae06e5846c7bf737a
[heketi] INFO 2017/04/27 02:13:14 Creating brick 37e0cc7456d2b5dac705d37e831b0b87
[heketi] INFO 2017/04/27 02:13:14 Creating brick 0bcf699353e0184521ea4c84ecc36f6c
[sshexec] DEBUG 2017/04/27 02:13:14 /src/github.com/heketi/heketi/pkg/utils/ssh/ssh.go:176: Host: 192.168.48.12:22 Command: /bin/bash -c 'mkdir -p /var/lib/heketi/mounts/vg_403cca7edce115dc1c641acc2f5f11fb/brick_37e0cc7456d2b5dac705d37e831b0b87'
Result: 
[sshexec] DEBUG 2017/04/27 02:13:14 /src/github.com/heketi/heketi/pkg/utils/ssh/ssh.go:176: Host: 192.168.48.14:22 Command: /bin/bash -c 'mkdir -p /var/lib/heketi/mounts/vg_d72d3bd802d4e511a80ce2f16181289d/brick_26c934076bae943ae06e5846c7bf737a'
Result: 
[sshexec] DEBUG 2017/04/27 02:13:14 /src/github.com/heketi/heketi/pkg/utils/ssh/ssh.go:176: Host: 192.168.48.17:22 Command: /bin/bash -c 'mkdir -p /var/lib/heketi/mounts/vg_6c7ff8b53124baa86b5b789cd93274e1/brick_0bcf699353e0184521ea4c84ecc36f6c'
Result: 
[sshexec] DEBUG 2017/04/27 02:13:14 /src/github.com/heketi/heketi/pkg/utils/ssh/ssh.go:176: Host: 192.168.48.14:22 Command: /bin/bash -c 'lvcreate --poolmetadatasize 8192K -c 256K -L 1048576K -T vg_d72d3bd802d4e511a80ce2f16181289d/tp_26c934076bae943ae06e5846c7bf737a -V 1048576K -n brick_26c934076bae943ae06e5846c7bf737a'
Result:   Logical volume "brick_26c934076bae943ae06e5846c7bf737a" created.
[sshexec] DEBUG 2017/04/27 02:13:14 /src/github.com/heketi/heketi/pkg/utils/ssh/ssh.go:176: Host: 192.168.48.17:22 Command: /bin/bash -c 'lvcreate --poolmetadatasize 8192K -c 256K -L 1048576K -T vg_6c7ff8b53124baa86b5b789cd93274e1/tp_0bcf699353e0184521ea4c84ecc36f6c -V 1048576K -n brick_0bcf699353e0184521ea4c84ecc36f6c'
Result:   Logical volume "brick_0bcf699353e0184521ea4c84ecc36f6c" created.
[sshexec] DEBUG 2017/04/27 02:13:14 /src/github.com/heketi/heketi/pkg/utils/ssh/ssh.go:176: Host: 192.168.48.12:22 Command: /bin/bash -c 'lvcreate --poolmetadatasize 8192K -c 256K -L 1048576K -T vg_403cca7edce115dc1c641acc2f5f11fb/tp_37e0cc7456d2b5dac705d37e831b0b87 -V 1048576K -n brick_37e0cc7456d2b5dac705d37e831b0b87'
Result:   Logical volume "brick_37e0cc7456d2b5dac705d37e831b0b87" created.
[sshexec] DEBUG 2017/04/27 02:13:14 /src/github.com/heketi/heketi/pkg/utils/ssh/ssh.go:176: Host: 192.168.48.14:22 Command: /bin/bash -c 'mkfs.xfs -i size=512 -n size=8192 /dev/mapper/vg_d72d3bd802d4e511a80ce2f16181289d-brick_26c934076bae943ae06e5846c7bf737a'
Result: meta-data=/dev/mapper/vg_d72d3bd802d4e511a80ce2f16181289d-brick_26c934076bae943ae06e5846c7bf737a isize=512    agcount=8, agsize=32704 blks
         =                       sectsz=512   attr=2, projid32bit=1
         =                       crc=1        finobt=1, sparse=0
data     =                       bsize=4096   blocks=261632, imaxpct=25
         =                       sunit=64     swidth=64 blks
naming   =version 2              bsize=8192   ascii-ci=0 ftype=1
log      =internal log           bsize=4096   blocks=1728, version=2
         =                       sectsz=512   sunit=64 blks, lazy-count=1
realtime =none                   extsz=4096   blocks=0, rtextents=0
[sshexec] DEBUG 2017/04/27 02:13:14 /src/github.com/heketi/heketi/pkg/utils/ssh/ssh.go:176: Host: 192.168.48.14:22 Command: /bin/bash -c 'echo "/dev/mapper/vg_d72d3bd802d4e511a80ce2f16181289d-brick_26c934076bae943ae06e5846c7bf737a /var/lib/heketi/mounts/vg_d72d3bd802d4e511a80ce2f16181289d/brick_26c934076bae943ae06e5846c7bf737a xfs rw,inode64,noatime,nouuid 1 2" | tee -a /etc/fstab > /dev/null '
Result: 
[negroni] Started GET /queue/913e2838a944225260f4d74271232d18
[negroni] Completed 200 OK in 71.379µs
[sshexec] DEBUG 2017/04/27 02:13:14 /src/github.com/heketi/heketi/pkg/utils/ssh/ssh.go:176: Host: 192.168.48.17:22 Command: /bin/bash -c 'mkfs.xfs -i size=512 -n size=8192 /dev/mapper/vg_6c7ff8b53124baa86b5b789cd93274e1-brick_0bcf699353e0184521ea4c84ecc36f6c'
Result: meta-data=/dev/mapper/vg_6c7ff8b53124baa86b5b789cd93274e1-brick_0bcf699353e0184521ea4c84ecc36f6c isize=512    agcount=8, agsize=32704 blks
         =                       sectsz=512   attr=2, projid32bit=1
         =                       crc=1        finobt=1, sparse=0
data     =                       bsize=4096   blocks=261632, imaxpct=25
         =                       sunit=64     swidth=64 blks
naming   =version 2              bsize=8192   ascii-ci=0 ftype=1
log      =internal log           bsize=4096   blocks=1728, version=2
         =                       sectsz=512   sunit=64 blks, lazy-count=1
realtime =none                   extsz=4096   blocks=0, rtextents=0
[sshexec] DEBUG 2017/04/27 02:13:14 /src/github.com/heketi/heketi/pkg/utils/ssh/ssh.go:176: Host: 192.168.48.17:22 Command: /bin/bash -c 'echo "/dev/mapper/vg_6c7ff8b53124baa86b5b789cd93274e1-brick_0bcf699353e0184521ea4c84ecc36f6c /var/lib/heketi/mounts/vg_6c7ff8b53124baa86b5b789cd93274e1/brick_0bcf699353e0184521ea4c84ecc36f6c xfs rw,inode64,noatime,nouuid 1 2" | tee -a /etc/fstab > /dev/null '
Result: 
[sshexec] DEBUG 2017/04/27 02:13:15 /src/github.com/heketi/heketi/pkg/utils/ssh/ssh.go:176: Host: 192.168.48.12:22 Command: /bin/bash -c 'mkfs.xfs -i size=512 -n size=8192 /dev/mapper/vg_403cca7edce115dc1c641acc2f5f11fb-brick_37e0cc7456d2b5dac705d37e831b0b87'
Result: meta-data=/dev/mapper/vg_403cca7edce115dc1c641acc2f5f11fb-brick_37e0cc7456d2b5dac705d37e831b0b87 isize=512    agcount=8, agsize=32704 blks
         =                       sectsz=4096  attr=2, projid32bit=1
         =                       crc=1        finobt=1, sparse=0
data     =                       bsize=4096   blocks=261632, imaxpct=25
         =                       sunit=64     swidth=64 blks
naming   =version 2              bsize=8192   ascii-ci=0 ftype=1
log      =internal log           bsize=4096   blocks=576, version=2
         =                       sectsz=4096  sunit=1 blks, lazy-count=1
realtime =none                   extsz=4096   blocks=0, rtextents=0
[sshexec] DEBUG 2017/04/27 02:13:15 /src/github.com/heketi/heketi/pkg/utils/ssh/ssh.go:176: Host: 192.168.48.12:22 Command: /bin/bash -c 'echo "/dev/mapper/vg_403cca7edce115dc1c641acc2f5f11fb-brick_37e0cc7456d2b5dac705d37e831b0b87 /var/lib/heketi/mounts/vg_403cca7edce115dc1c641acc2f5f11fb/brick_37e0cc7456d2b5dac705d37e831b0b87 xfs rw,inode64,noatime,nouuid 1 2" | tee -a /etc/fstab > /dev/null '
Result: 
[sshexec] DEBUG 2017/04/27 02:13:15 /src/github.com/heketi/heketi/pkg/utils/ssh/ssh.go:176: Host: 192.168.48.12:22 Command: /bin/bash -c 'mount -o rw,inode64,noatime,nouuid /dev/mapper/vg_403cca7edce115dc1c641acc2f5f11fb-brick_37e0cc7456d2b5dac705d37e831b0b87 /var/lib/heketi/mounts/vg_403cca7edce115dc1c641acc2f5f11fb/brick_37e0cc7456d2b5dac705d37e831b0b87'
Result: 
[sshexec] DEBUG 2017/04/27 02:13:15 /src/github.com/heketi/heketi/pkg/utils/ssh/ssh.go:176: Host: 192.168.48.12:22 Command: /bin/bash -c 'mkdir /var/lib/heketi/mounts/vg_403cca7edce115dc1c641acc2f5f11fb/brick_37e0cc7456d2b5dac705d37e831b0b87/brick'
Result: 
[sshexec] DEBUG 2017/04/27 02:13:15 /src/github.com/heketi/heketi/pkg/utils/ssh/ssh.go:176: Host: 192.168.48.12:22 Command: /bin/bash -c 'chown :2000 /var/lib/heketi/mounts/vg_403cca7edce115dc1c641acc2f5f11fb/brick_37e0cc7456d2b5dac705d37e831b0b87/brick'
Result: 
[sshexec] DEBUG 2017/04/27 02:13:15 /src/github.com/heketi/heketi/pkg/utils/ssh/ssh.go:176: Host: 192.168.48.12:22 Command: /bin/bash -c 'chmod 2775 /var/lib/heketi/mounts/vg_403cca7edce115dc1c641acc2f5f11fb/brick_37e0cc7456d2b5dac705d37e831b0b87/brick'
Result: 
[sshexec] DEBUG 2017/04/27 02:13:15 /src/github.com/heketi/heketi/pkg/utils/ssh/ssh.go:176: Host: 192.168.48.14:22 Command: /bin/bash -c 'mount -o rw,inode64,noatime,nouuid /dev/mapper/vg_d72d3bd802d4e511a80ce2f16181289d-brick_26c934076bae943ae06e5846c7bf737a /var/lib/heketi/mounts/vg_d72d3bd802d4e511a80ce2f16181289d/brick_26c934076bae943ae06e5846c7bf737a'
Result: 
[sshexec] DEBUG 2017/04/27 02:13:15 /src/github.com/heketi/heketi/pkg/utils/ssh/ssh.go:176: Host: 192.168.48.17:22 Command: /bin/bash -c 'mount -o rw,inode64,noatime,nouuid /dev/mapper/vg_6c7ff8b53124baa86b5b789cd93274e1-brick_0bcf699353e0184521ea4c84ecc36f6c /var/lib/heketi/mounts/vg_6c7ff8b53124baa86b5b789cd93274e1/brick_0bcf699353e0184521ea4c84ecc36f6c'
Result: 
[sshexec] DEBUG 2017/04/27 02:13:15 /src/github.com/heketi/heketi/pkg/utils/ssh/ssh.go:176: Host: 192.168.48.14:22 Command: /bin/bash -c 'mkdir /var/lib/heketi/mounts/vg_d72d3bd802d4e511a80ce2f16181289d/brick_26c934076bae943ae06e5846c7bf737a/brick'
Result: 
[sshexec] DEBUG 2017/04/27 02:13:15 /src/github.com/heketi/heketi/pkg/utils/ssh/ssh.go:176: Host: 192.168.48.17:22 Command: /bin/bash -c 'mkdir /var/lib/heketi/mounts/vg_6c7ff8b53124baa86b5b789cd93274e1/brick_0bcf699353e0184521ea4c84ecc36f6c/brick'
Result: 
[sshexec] DEBUG 2017/04/27 02:13:15 /src/github.com/heketi/heketi/pkg/utils/ssh/ssh.go:176: Host: 192.168.48.17:22 Command: /bin/bash -c 'chown :2000 /var/lib/heketi/mounts/vg_6c7ff8b53124baa86b5b789cd93274e1/brick_0bcf699353e0184521ea4c84ecc36f6c/brick'
Result: 
[sshexec] DEBUG 2017/04/27 02:13:15 /src/github.com/heketi/heketi/pkg/utils/ssh/ssh.go:176: Host: 192.168.48.14:22 Command: /bin/bash -c 'chown :2000 /var/lib/heketi/mounts/vg_d72d3bd802d4e511a80ce2f16181289d/brick_26c934076bae943ae06e5846c7bf737a/brick'
Result: 
[sshexec] DEBUG 2017/04/27 02:13:15 /src/github.com/heketi/heketi/pkg/utils/ssh/ssh.go:176: Host: 192.168.48.17:22 Command: /bin/bash -c 'chmod 2775 /var/lib/heketi/mounts/vg_6c7ff8b53124baa86b5b789cd93274e1/brick_0bcf699353e0184521ea4c84ecc36f6c/brick'
Result: 
[sshexec] DEBUG 2017/04/27 02:13:15 /src/github.com/heketi/heketi/pkg/utils/ssh/ssh.go:176: Host: 192.168.48.14:22 Command: /bin/bash -c 'chmod 2775 /var/lib/heketi/mounts/vg_d72d3bd802d4e511a80ce2f16181289d/brick_26c934076bae943ae06e5846c7bf737a/brick'
Result: 
[sshexec] INFO 2017/04/27 02:13:15 Creating volume vol_ef4790cf6a6f988ab22f7779b54e5170 replica 3
[sshexec] ERROR 2017/04/27 02:13:15 /src/github.com/heketi/heketi/pkg/utils/ssh/ssh.go:173: Failed to run command [/bin/bash -c 'gluster --mode=script volume create vol_ef4790cf6a6f988ab22f7779b54e5170 replica 3 192.168.48.14:/var/lib/heketi/mounts/vg_d72d3bd802d4e511a80ce2f16181289d/brick_26c934076bae943ae06e5846c7bf737a/brick 192.168.48.12:/var/lib/heketi/mounts/vg_403cca7edce115dc1c641acc2f5f11fb/brick_37e0cc7456d2b5dac705d37e831b0b87/brick 192.168.48.17:/var/lib/heketi/mounts/vg_6c7ff8b53124baa86b5b789cd93274e1/brick_0bcf699353e0184521ea4c84ecc36f6c/brick '] on 192.168.48.14:22: Err[Process exited with: 1. Reason was:  ()]: Stdout []: Stderr [volume create: vol_ef4790cf6a6f988ab22f7779b54e5170: failed: Staging failed on 192.168.48.17. Error: Host 192.168.48.14 is not in 'Peer in Cluster' state
Staging failed on 192.168.48.12. Error: Host 192.168.48.14 is not in 'Peer in Cluster' state
]
[sshexec] ERROR 2017/04/27 02:13:15 /src/github.com/heketi/heketi/pkg/utils/ssh/ssh.go:173: Failed to run command [/bin/bash -c 'gluster --mode=script volume stop vol_ef4790cf6a6f988ab22f7779b54e5170 force'] on 192.168.48.14:22: Err[Process exited with: 1. Reason was:  ()]: Stdout []: Stderr [volume stop: vol_ef4790cf6a6f988ab22f7779b54e5170: failed: Volume vol_ef4790cf6a6f988ab22f7779b54e5170 does not exist
]
[sshexec] ERROR 2017/04/27 02:13:15 /src/github.com/heketi/heketi/executors/sshexec/volume.go:130: Unable to stop volume vol_ef4790cf6a6f988ab22f7779b54e5170: volume stop: vol_ef4790cf6a6f988ab22f7779b54e5170: failed: Volume vol_ef4790cf6a6f988ab22f7779b54e5170 does not exist
[negroni] Started GET /queue/913e2838a944225260f4d74271232d18
[negroni] Completed 200 OK in 87.109µs
[heketi] INFO 2017/04/27 02:13:16 Deleting brick 26c934076bae943ae06e5846c7bf737a
[heketi] INFO 2017/04/27 02:13:16 Deleting brick 37e0cc7456d2b5dac705d37e831b0b87
[heketi] INFO 2017/04/27 02:13:16 Deleting brick 0bcf699353e0184521ea4c84ecc36f6c
[sshexec] ERROR 2017/04/27 02:13:16 /src/github.com/heketi/heketi/pkg/utils/ssh/ssh.go:173: Failed to run command [/bin/bash -c 'gluster --mode=script volume delete vol_ef4790cf6a6f988ab22f7779b54e5170'] on 192.168.48.14:22: Err[Process exited with: 1. Reason was:  ()]: Stdout []: Stderr [volume delete: vol_ef4790cf6a6f988ab22f7779b54e5170: failed: Volume vol_ef4790cf6a6f988ab22f7779b54e5170 does not exist
]
[sshexec] ERROR 2017/04/27 02:13:16 /src/github.com/heketi/heketi/executors/sshexec/volume.go:139: Unable to delete volume vol_ef4790cf6a6f988ab22f7779b54e5170: volume delete: vol_ef4790cf6a6f988ab22f7779b54e5170: failed: Volume vol_ef4790cf6a6f988ab22f7779b54e5170 does not exist
[sshexec] DEBUG 2017/04/27 02:13:16 /src/github.com/heketi/heketi/pkg/utils/ssh/ssh.go:176: Host: 192.168.48.14:22 Command: /bin/bash -c 'umount /var/lib/heketi/mounts/vg_d72d3bd802d4e511a80ce2f16181289d/brick_26c934076bae943ae06e5846c7bf737a'
Result: 
[sshexec] DEBUG 2017/04/27 02:13:16 /src/github.com/heketi/heketi/pkg/utils/ssh/ssh.go:176: Host: 192.168.48.12:22 Command: /bin/bash -c 'umount /var/lib/heketi/mounts/vg_403cca7edce115dc1c641acc2f5f11fb/brick_37e0cc7456d2b5dac705d37e831b0b87'
Result: 
[sshexec] DEBUG 2017/04/27 02:13:16 /src/github.com/heketi/heketi/pkg/utils/ssh/ssh.go:176: Host: 192.168.48.17:22 Command: /bin/bash -c 'umount /var/lib/heketi/mounts/vg_6c7ff8b53124baa86b5b789cd93274e1/brick_0bcf699353e0184521ea4c84ecc36f6c'
Result: 
[sshexec] DEBUG 2017/04/27 02:13:16 /src/github.com/heketi/heketi/pkg/utils/ssh/ssh.go:176: Host: 192.168.48.14:22 Command: /bin/bash -c 'lvremove -f vg_d72d3bd802d4e511a80ce2f16181289d/tp_26c934076bae943ae06e5846c7bf737a'
Result:   Logical volume "brick_26c934076bae943ae06e5846c7bf737a" successfully removed
  Logical volume "tp_26c934076bae943ae06e5846c7bf737a" successfully removed
[negroni] Started GET /queue/913e2838a944225260f4d74271232d18
[negroni] Completed 200 OK in 65.018µs
[sshexec] DEBUG 2017/04/27 02:13:17 /src/github.com/heketi/heketi/pkg/utils/ssh/ssh.go:176: Host: 192.168.48.17:22 Command: /bin/bash -c 'lvremove -f vg_6c7ff8b53124baa86b5b789cd93274e1/tp_0bcf699353e0184521ea4c84ecc36f6c'
Result:   Logical volume "brick_0bcf699353e0184521ea4c84ecc36f6c" successfully removed
  Logical volume "tp_0bcf699353e0184521ea4c84ecc36f6c" successfully removed
[sshexec] DEBUG 2017/04/27 02:13:17 /src/github.com/heketi/heketi/pkg/utils/ssh/ssh.go:176: Host: 192.168.48.14:22 Command: /bin/bash -c 'rmdir /var/lib/heketi/mounts/vg_d72d3bd802d4e511a80ce2f16181289d/brick_26c934076bae943ae06e5846c7bf737a'
Result: 
[sshexec] DEBUG 2017/04/27 02:13:17 /src/github.com/heketi/heketi/pkg/utils/ssh/ssh.go:176: Host: 192.168.48.12:22 Command: /bin/bash -c 'lvremove -f vg_403cca7edce115dc1c641acc2f5f11fb/tp_37e0cc7456d2b5dac705d37e831b0b87'
Result:   Logical volume "brick_37e0cc7456d2b5dac705d37e831b0b87" successfully removed
  Logical volume "tp_37e0cc7456d2b5dac705d37e831b0b87" successfully removed
[sshexec] DEBUG 2017/04/27 02:13:17 /src/github.com/heketi/heketi/pkg/utils/ssh/ssh.go:176: Host: 192.168.48.17:22 Command: /bin/bash -c 'rmdir /var/lib/heketi/mounts/vg_6c7ff8b53124baa86b5b789cd93274e1/brick_0bcf699353e0184521ea4c84ecc36f6c'
Result: 
[sshexec] DEBUG 2017/04/27 02:13:17 /src/github.com/heketi/heketi/pkg/utils/ssh/ssh.go:176: Host: 192.168.48.14:22 Command: /bin/bash -c 'sed -i.save "/brick_26c934076bae943ae06e5846c7bf737a/d" /etc/fstab'
Result: 
[sshexec] DEBUG 2017/04/27 02:13:17 /src/github.com/heketi/heketi/pkg/utils/ssh/ssh.go:176: Host: 192.168.48.12:22 Command: /bin/bash -c 'rmdir /var/lib/heketi/mounts/vg_403cca7edce115dc1c641acc2f5f11fb/brick_37e0cc7456d2b5dac705d37e831b0b87'
Result: 
[sshexec] DEBUG 2017/04/27 02:13:17 /src/github.com/heketi/heketi/pkg/utils/ssh/ssh.go:176: Host: 192.168.48.17:22 Command: /bin/bash -c 'sed -i.save "/brick_0bcf699353e0184521ea4c84ecc36f6c/d" /etc/fstab'
Result: 
[sshexec] DEBUG 2017/04/27 02:13:17 /src/github.com/heketi/heketi/pkg/utils/ssh/ssh.go:176: Host: 192.168.48.12:22 Command: /bin/bash -c 'sed -i.save "/brick_37e0cc7456d2b5dac705d37e831b0b87/d" /etc/fstab'
Result: 
[asynchttp] INFO 2017/04/27 02:13:17 Completed job 913e2838a944225260f4d74271232d18 in 3.852796025s
[heketi] ERROR 2017/04/27 02:13:17 /src/github.com/heketi/heketi/apps/glusterfs/app_volume.go:148: Failed to create volume: volume create: vol_ef4790cf6a6f988ab22f7779b54e5170: failed: Staging failed on 192.168.48.17. Error: Host 192.168.48.14 is not in 'Peer in Cluster' state
Staging failed on 192.168.48.12. Error: Host 192.168.48.14 is not in 'Peer in Cluster' state
[negroni] Started GET /queue/913e2838a944225260f4d74271232d18
[negroni] Completed 500 Internal Server Error in 87.675µs
[negroni] Started POST /volumes
[negroni] Completed 202 Accepted in 25.002336ms
[asynchttp] INFO 2017/04/27 02:13:28 Started job b7ff4746b8a894be9604c3f9ecb22715
[heketi] INFO 2017/04/27 02:13:28 Creating volume debc3649665cbb593ea46fc7520188ac
[heketi] INFO 2017/04/27 02:13:28 brick_num: 0
[negroni] Started GET /queue/b7ff4746b8a894be9604c3f9ecb22715
[negroni] Completed 200 OK in 75.197µs
[heketi] INFO 2017/04/27 02:13:28 Creating brick f1ceb8cbc4cf247b210bdae6d6c7f0b9
[heketi] INFO 2017/04/27 02:13:28 Creating brick 2e936ba87c439b71acc6a2a8fd30597c
[heketi] INFO 2017/04/27 02:13:28 Creating brick c6c5e03a3057dfcc830de54e1c74e5e7
[sshexec] DEBUG 2017/04/27 02:13:29 /src/github.com/heketi/heketi/pkg/utils/ssh/ssh.go:176: Host: 192.168.48.14:22 Command: /bin/bash -c 'mkdir -p /var/lib/heketi/mounts/vg_d72d3bd802d4e511a80ce2f16181289d/brick_2e936ba87c439b71acc6a2a8fd30597c'
Result: 
[sshexec] DEBUG 2017/04/27 02:13:29 /src/github.com/heketi/heketi/pkg/utils/ssh/ssh.go:176: Host: 192.168.48.12:22 Command: /bin/bash -c 'mkdir -p /var/lib/heketi/mounts/vg_403cca7edce115dc1c641acc2f5f11fb/brick_f1ceb8cbc4cf247b210bdae6d6c7f0b9'
Result: 
[sshexec] DEBUG 2017/04/27 02:13:29 /src/github.com/heketi/heketi/pkg/utils/ssh/ssh.go:176: Host: 192.168.48.17:22 Command: /bin/bash -c 'mkdir -p /var/lib/heketi/mounts/vg_6c7ff8b53124baa86b5b789cd93274e1/brick_c6c5e03a3057dfcc830de54e1c74e5e7'
Result: 
[sshexec] DEBUG 2017/04/27 02:13:29 /src/github.com/heketi/heketi/pkg/utils/ssh/ssh.go:176: Host: 192.168.48.17:22 Command: /bin/bash -c 'lvcreate --poolmetadatasize 8192K -c 256K -L 1048576K -T vg_6c7ff8b53124baa86b5b789cd93274e1/tp_c6c5e03a3057dfcc830de54e1c74e5e7 -V 1048576K -n brick_c6c5e03a3057dfcc830de54e1c74e5e7'
Result:   Logical volume "brick_c6c5e03a3057dfcc830de54e1c74e5e7" created.
[sshexec] DEBUG 2017/04/27 02:13:29 /src/github.com/heketi/heketi/pkg/utils/ssh/ssh.go:176: Host: 192.168.48.12:22 Command: /bin/bash -c 'lvcreate --poolmetadatasize 8192K -c 256K -L 1048576K -T vg_403cca7edce115dc1c641acc2f5f11fb/tp_f1ceb8cbc4cf247b210bdae6d6c7f0b9 -V 1048576K -n brick_f1ceb8cbc4cf247b210bdae6d6c7f0b9'
Result:   Logical volume "brick_f1ceb8cbc4cf247b210bdae6d6c7f0b9" created.
[sshexec] DEBUG 2017/04/27 02:13:29 /src/github.com/heketi/heketi/pkg/utils/ssh/ssh.go:176: Host: 192.168.48.14:22 Command: /bin/bash -c 'lvcreate --poolmetadatasize 8192K -c 256K -L 1048576K -T vg_d72d3bd802d4e511a80ce2f16181289d/tp_2e936ba87c439b71acc6a2a8fd30597c -V 1048576K -n brick_2e936ba87c439b71acc6a2a8fd30597c'
Result:   Logical volume "brick_2e936ba87c439b71acc6a2a8fd30597c" created.
[negroni] Started GET /queue/b7ff4746b8a894be9604c3f9ecb22715
[negroni] Completed 200 OK in 63.168µs
[sshexec] DEBUG 2017/04/27 02:13:29 /src/github.com/heketi/heketi/pkg/utils/ssh/ssh.go:176: Host: 192.168.48.12:22 Command: /bin/bash -c 'mkfs.xfs -i size=512 -n size=8192 /dev/mapper/vg_403cca7edce115dc1c641acc2f5f11fb-brick_f1ceb8cbc4cf247b210bdae6d6c7f0b9'
Result: meta-data=/dev/mapper/vg_403cca7edce115dc1c641acc2f5f11fb-brick_f1ceb8cbc4cf247b210bdae6d6c7f0b9 isize=512    agcount=8, agsize=32704 blks
         =                       sectsz=4096  attr=2, projid32bit=1
         =                       crc=1        finobt=1, sparse=0
data     =                       bsize=4096   blocks=261632, imaxpct=25
         =                       sunit=64     swidth=64 blks
naming   =version 2              bsize=8192   ascii-ci=0 ftype=1
log      =internal log           bsize=4096   blocks=576, version=2
         =                       sectsz=4096  sunit=1 blks, lazy-count=1
realtime =none                   extsz=4096   blocks=0, rtextents=0
[sshexec] DEBUG 2017/04/27 02:13:29 /src/github.com/heketi/heketi/pkg/utils/ssh/ssh.go:176: Host: 192.168.48.14:22 Command: /bin/bash -c 'mkfs.xfs -i size=512 -n size=8192 /dev/mapper/vg_d72d3bd802d4e511a80ce2f16181289d-brick_2e936ba87c439b71acc6a2a8fd30597c'
Result: meta-data=/dev/mapper/vg_d72d3bd802d4e511a80ce2f16181289d-brick_2e936ba87c439b71acc6a2a8fd30597c isize=512    agcount=8, agsize=32704 blks
         =                       sectsz=512   attr=2, projid32bit=1
         =                       crc=1        finobt=1, sparse=0
data     =                       bsize=4096   blocks=261632, imaxpct=25
         =                       sunit=64     swidth=64 blks
naming   =version 2              bsize=8192   ascii-ci=0 ftype=1
log      =internal log           bsize=4096   blocks=1728, version=2
         =                       sectsz=512   sunit=64 blks, lazy-count=1
realtime =none                   extsz=4096   blocks=0, rtextents=0
[sshexec] DEBUG 2017/04/27 02:13:29 /src/github.com/heketi/heketi/pkg/utils/ssh/ssh.go:176: Host: 192.168.48.14:22 Command: /bin/bash -c 'echo "/dev/mapper/vg_d72d3bd802d4e511a80ce2f16181289d-brick_2e936ba87c439b71acc6a2a8fd30597c /var/lib/heketi/mounts/vg_d72d3bd802d4e511a80ce2f16181289d/brick_2e936ba87c439b71acc6a2a8fd30597c xfs rw,inode64,noatime,nouuid 1 2" | tee -a /etc/fstab > /dev/null '
Result: 
[sshexec] DEBUG 2017/04/27 02:13:29 /src/github.com/heketi/heketi/pkg/utils/ssh/ssh.go:176: Host: 192.168.48.17:22 Command: /bin/bash -c 'mkfs.xfs -i size=512 -n size=8192 /dev/mapper/vg_6c7ff8b53124baa86b5b789cd93274e1-brick_c6c5e03a3057dfcc830de54e1c74e5e7'
Result: meta-data=/dev/mapper/vg_6c7ff8b53124baa86b5b789cd93274e1-brick_c6c5e03a3057dfcc830de54e1c74e5e7 isize=512    agcount=8, agsize=32704 blks
         =                       sectsz=512   attr=2, projid32bit=1
         =                       crc=1        finobt=1, sparse=0
data     =                       bsize=4096   blocks=261632, imaxpct=25
         =                       sunit=64     swidth=64 blks
naming   =version 2              bsize=8192   ascii-ci=0 ftype=1
log      =internal log           bsize=4096   blocks=1728, version=2
         =                       sectsz=512   sunit=64 blks, lazy-count=1
realtime =none                   extsz=4096   blocks=0, rtextents=0
[sshexec] DEBUG 2017/04/27 02:13:29 /src/github.com/heketi/heketi/pkg/utils/ssh/ssh.go:176: Host: 192.168.48.12:22 Command: /bin/bash -c 'echo "/dev/mapper/vg_403cca7edce115dc1c641acc2f5f11fb-brick_f1ceb8cbc4cf247b210bdae6d6c7f0b9 /var/lib/heketi/mounts/vg_403cca7edce115dc1c641acc2f5f11fb/brick_f1ceb8cbc4cf247b210bdae6d6c7f0b9 xfs rw,inode64,noatime,nouuid 1 2" | tee -a /etc/fstab > /dev/null '
Result: 
[sshexec] DEBUG 2017/04/27 02:13:29 /src/github.com/heketi/heketi/pkg/utils/ssh/ssh.go:176: Host: 192.168.48.17:22 Command: /bin/bash -c 'echo "/dev/mapper/vg_6c7ff8b53124baa86b5b789cd93274e1-brick_c6c5e03a3057dfcc830de54e1c74e5e7 /var/lib/heketi/mounts/vg_6c7ff8b53124baa86b5b789cd93274e1/brick_c6c5e03a3057dfcc830de54e1c74e5e7 xfs rw,inode64,noatime,nouuid 1 2" | tee -a /etc/fstab > /dev/null '
Result: 
[sshexec] DEBUG 2017/04/27 02:13:30 /src/github.com/heketi/heketi/pkg/utils/ssh/ssh.go:176: Host: 192.168.48.12:22 Command: /bin/bash -c 'mount -o rw,inode64,noatime,nouuid /dev/mapper/vg_403cca7edce115dc1c641acc2f5f11fb-brick_f1ceb8cbc4cf247b210bdae6d6c7f0b9 /var/lib/heketi/mounts/vg_403cca7edce115dc1c641acc2f5f11fb/brick_f1ceb8cbc4cf247b210bdae6d6c7f0b9'
Result: 
[sshexec] DEBUG 2017/04/27 02:13:30 /src/github.com/heketi/heketi/pkg/utils/ssh/ssh.go:176: Host: 192.168.48.12:22 Command: /bin/bash -c 'mkdir /var/lib/heketi/mounts/vg_403cca7edce115dc1c641acc2f5f11fb/brick_f1ceb8cbc4cf247b210bdae6d6c7f0b9/brick'
Result: 
[sshexec] DEBUG 2017/04/27 02:13:30 /src/github.com/heketi/heketi/pkg/utils/ssh/ssh.go:176: Host: 192.168.48.12:22 Command: /bin/bash -c 'chown :2000 /var/lib/heketi/mounts/vg_403cca7edce115dc1c641acc2f5f11fb/brick_f1ceb8cbc4cf247b210bdae6d6c7f0b9/brick'
Result: 
[sshexec] DEBUG 2017/04/27 02:13:30 /src/github.com/heketi/heketi/pkg/utils/ssh/ssh.go:176: Host: 192.168.48.12:22 Command: /bin/bash -c 'chmod 2775 /var/lib/heketi/mounts/vg_403cca7edce115dc1c641acc2f5f11fb/brick_f1ceb8cbc4cf247b210bdae6d6c7f0b9/brick'
Result: 
[sshexec] DEBUG 2017/04/27 02:13:30 /src/github.com/heketi/heketi/pkg/utils/ssh/ssh.go:176: Host: 192.168.48.14:22 Command: /bin/bash -c 'mount -o rw,inode64,noatime,nouuid /dev/mapper/vg_d72d3bd802d4e511a80ce2f16181289d-brick_2e936ba87c439b71acc6a2a8fd30597c /var/lib/heketi/mounts/vg_d72d3bd802d4e511a80ce2f16181289d/brick_2e936ba87c439b71acc6a2a8fd30597c'
Result: 
[sshexec] DEBUG 2017/04/27 02:13:30 /src/github.com/heketi/heketi/pkg/utils/ssh/ssh.go:176: Host: 192.168.48.14:22 Command: /bin/bash -c 'mkdir /var/lib/heketi/mounts/vg_d72d3bd802d4e511a80ce2f16181289d/brick_2e936ba87c439b71acc6a2a8fd30597c/brick'
Result: 
[sshexec] DEBUG 2017/04/27 02:13:30 /src/github.com/heketi/heketi/pkg/utils/ssh/ssh.go:176: Host: 192.168.48.14:22 Command: /bin/bash -c 'chown :2000 /var/lib/heketi/mounts/vg_d72d3bd802d4e511a80ce2f16181289d/brick_2e936ba87c439b71acc6a2a8fd30597c/brick'
Result: 
[sshexec] DEBUG 2017/04/27 02:13:30 /src/github.com/heketi/heketi/pkg/utils/ssh/ssh.go:176: Host: 192.168.48.14:22 Command: /bin/bash -c 'chmod 2775 /var/lib/heketi/mounts/vg_d72d3bd802d4e511a80ce2f16181289d/brick_2e936ba87c439b71acc6a2a8fd30597c/brick'
Result: 
[sshexec] DEBUG 2017/04/27 02:13:30 /src/github.com/heketi/heketi/pkg/utils/ssh/ssh.go:176: Host: 192.168.48.17:22 Command: /bin/bash -c 'mount -o rw,inode64,noatime,nouuid /dev/mapper/vg_6c7ff8b53124baa86b5b789cd93274e1-brick_c6c5e03a3057dfcc830de54e1c74e5e7 /var/lib/heketi/mounts/vg_6c7ff8b53124baa86b5b789cd93274e1/brick_c6c5e03a3057dfcc830de54e1c74e5e7'
Result: 
[sshexec] DEBUG 2017/04/27 02:13:30 /src/github.com/heketi/heketi/pkg/utils/ssh/ssh.go:176: Host: 192.168.48.17:22 Command: /bin/bash -c 'mkdir /var/lib/heketi/mounts/vg_6c7ff8b53124baa86b5b789cd93274e1/brick_c6c5e03a3057dfcc830de54e1c74e5e7/brick'
Result: 
[sshexec] DEBUG 2017/04/27 02:13:30 /src/github.com/heketi/heketi/pkg/utils/ssh/ssh.go:176: Host: 192.168.48.17:22 Command: /bin/bash -c 'chown :2000 /var/lib/heketi/mounts/vg_6c7ff8b53124baa86b5b789cd93274e1/brick_c6c5e03a3057dfcc830de54e1c74e5e7/brick'
Result: 
[sshexec] DEBUG 2017/04/27 02:13:30 /src/github.com/heketi/heketi/pkg/utils/ssh/ssh.go:176: Host: 192.168.48.17:22 Command: /bin/bash -c 'chmod 2775 /var/lib/heketi/mounts/vg_6c7ff8b53124baa86b5b789cd93274e1/brick_c6c5e03a3057dfcc830de54e1c74e5e7/brick'
Result: 
[sshexec] INFO 2017/04/27 02:13:30 Creating volume vol_debc3649665cbb593ea46fc7520188ac replica 3
[sshexec] ERROR 2017/04/27 02:13:30 /src/github.com/heketi/heketi/pkg/utils/ssh/ssh.go:173: Failed to run command [/bin/bash -c 'gluster --mode=script volume create vol_debc3649665cbb593ea46fc7520188ac replica 3 192.168.48.12:/var/lib/heketi/mounts/vg_403cca7edce115dc1c641acc2f5f11fb/brick_f1ceb8cbc4cf247b210bdae6d6c7f0b9/brick 192.168.48.17:/var/lib/heketi/mounts/vg_6c7ff8b53124baa86b5b789cd93274e1/brick_c6c5e03a3057dfcc830de54e1c74e5e7/brick 192.168.48.14:/var/lib/heketi/mounts/vg_d72d3bd802d4e511a80ce2f16181289d/brick_2e936ba87c439b71acc6a2a8fd30597c/brick '] on 192.168.48.12:22: Err[Process exited with: 1. Reason was:  ()]: Stdout []: Stderr [volume create: vol_debc3649665cbb593ea46fc7520188ac: failed: Host 192.168.48.14 is not in 'Peer in Cluster' state
]
[negroni] Started GET /queue/b7ff4746b8a894be9604c3f9ecb22715
[negroni] Completed 200 OK in 138.704µs
[sshexec] ERROR 2017/04/27 02:13:30 /src/github.com/heketi/heketi/pkg/utils/ssh/ssh.go:173: Failed to run command [/bin/bash -c 'gluster --mode=script volume stop vol_debc3649665cbb593ea46fc7520188ac force'] on 192.168.48.12:22: Err[Process exited with: 1. Reason was:  ()]: Stdout []: Stderr [volume stop: vol_debc3649665cbb593ea46fc7520188ac: failed: Volume vol_debc3649665cbb593ea46fc7520188ac does not exist
]
[sshexec] ERROR 2017/04/27 02:13:30 /src/github.com/heketi/heketi/executors/sshexec/volume.go:130: Unable to stop volume vol_debc3649665cbb593ea46fc7520188ac: volume stop: vol_debc3649665cbb593ea46fc7520188ac: failed: Volume vol_debc3649665cbb593ea46fc7520188ac does not exist
[sshexec] ERROR 2017/04/27 02:13:31 /src/github.com/heketi/heketi/pkg/utils/ssh/ssh.go:173: Failed to run command [/bin/bash -c 'gluster --mode=script volume delete vol_debc3649665cbb593ea46fc7520188ac'] on 192.168.48.12:22: Err[Process exited with: 1. Reason was:  ()]: Stdout []: Stderr [volume delete: vol_debc3649665cbb593ea46fc7520188ac: failed: Volume vol_debc3649665cbb593ea46fc7520188ac does not exist
]
[sshexec] ERROR 2017/04/27 02:13:31 /src/github.com/heketi/heketi/executors/sshexec/volume.go:139: Unable to delete volume vol_debc3649665cbb593ea46fc7520188ac: volume delete: vol_debc3649665cbb593ea46fc7520188ac: failed: Volume vol_debc3649665cbb593ea46fc7520188ac does not exist
[heketi] INFO 2017/04/27 02:13:31 Deleting brick f1ceb8cbc4cf247b210bdae6d6c7f0b9
[heketi] INFO 2017/04/27 02:13:31 Deleting brick c6c5e03a3057dfcc830de54e1c74e5e7
[heketi] INFO 2017/04/27 02:13:31 Deleting brick 2e936ba87c439b71acc6a2a8fd30597c
[sshexec] DEBUG 2017/04/27 02:13:31 /src/github.com/heketi/heketi/pkg/utils/ssh/ssh.go:176: Host: 192.168.48.12:22 Command: /bin/bash -c 'umount /var/lib/heketi/mounts/vg_403cca7edce115dc1c641acc2f5f11fb/brick_f1ceb8cbc4cf247b210bdae6d6c7f0b9'
Result: 
[sshexec] DEBUG 2017/04/27 02:13:31 /src/github.com/heketi/heketi/pkg/utils/ssh/ssh.go:176: Host: 192.168.48.14:22 Command: /bin/bash -c 'umount /var/lib/heketi/mounts/vg_d72d3bd802d4e511a80ce2f16181289d/brick_2e936ba87c439b71acc6a2a8fd30597c'
Result: 
[sshexec] DEBUG 2017/04/27 02:13:31 /src/github.com/heketi/heketi/pkg/utils/ssh/ssh.go:176: Host: 192.168.48.17:22 Command: /bin/bash -c 'umount /var/lib/heketi/mounts/vg_6c7ff8b53124baa86b5b789cd93274e1/brick_c6c5e03a3057dfcc830de54e1c74e5e7'
Result: 
[negroni] Started GET /queue/b7ff4746b8a894be9604c3f9ecb22715
[negroni] Completed 200 OK in 59.281µs
[sshexec] DEBUG 2017/04/27 02:13:32 /src/github.com/heketi/heketi/pkg/utils/ssh/ssh.go:176: Host: 192.168.48.14:22 Command: /bin/bash -c 'lvremove -f vg_d72d3bd802d4e511a80ce2f16181289d/tp_2e936ba87c439b71acc6a2a8fd30597c'
Result:   Logical volume "brick_2e936ba87c439b71acc6a2a8fd30597c" successfully removed
  Logical volume "tp_2e936ba87c439b71acc6a2a8fd30597c" successfully removed
[sshexec] DEBUG 2017/04/27 02:13:32 /src/github.com/heketi/heketi/pkg/utils/ssh/ssh.go:176: Host: 192.168.48.17:22 Command: /bin/bash -c 'lvremove -f vg_6c7ff8b53124baa86b5b789cd93274e1/tp_c6c5e03a3057dfcc830de54e1c74e5e7'
Result:   Logical volume "brick_c6c5e03a3057dfcc830de54e1c74e5e7" successfully removed
  Logical volume "tp_c6c5e03a3057dfcc830de54e1c74e5e7" successfully removed
[sshexec] DEBUG 2017/04/27 02:13:32 /src/github.com/heketi/heketi/pkg/utils/ssh/ssh.go:176: Host: 192.168.48.12:22 Command: /bin/bash -c 'lvremove -f vg_403cca7edce115dc1c641acc2f5f11fb/tp_f1ceb8cbc4cf247b210bdae6d6c7f0b9'
Result:   Logical volume "brick_f1ceb8cbc4cf247b210bdae6d6c7f0b9" successfully removed
  Logical volume "tp_f1ceb8cbc4cf247b210bdae6d6c7f0b9" successfully removed
[sshexec] DEBUG 2017/04/27 02:13:32 /src/github.com/heketi/heketi/pkg/utils/ssh/ssh.go:176: Host: 192.168.48.14:22 Command: /bin/bash -c 'rmdir /var/lib/heketi/mounts/vg_d72d3bd802d4e511a80ce2f16181289d/brick_2e936ba87c439b71acc6a2a8fd30597c'
Result: 
[sshexec] DEBUG 2017/04/27 02:13:32 /src/github.com/heketi/heketi/pkg/utils/ssh/ssh.go:176: Host: 192.168.48.17:22 Command: /bin/bash -c 'rmdir /var/lib/heketi/mounts/vg_6c7ff8b53124baa86b5b789cd93274e1/brick_c6c5e03a3057dfcc830de54e1c74e5e7'
Result: 
[sshexec] DEBUG 2017/04/27 02:13:32 /src/github.com/heketi/heketi/pkg/utils/ssh/ssh.go:176: Host: 192.168.48.12:22 Command: /bin/bash -c 'rmdir /var/lib/heketi/mounts/vg_403cca7edce115dc1c641acc2f5f11fb/brick_f1ceb8cbc4cf247b210bdae6d6c7f0b9'
Result: 
[sshexec] DEBUG 2017/04/27 02:13:32 /src/github.com/heketi/heketi/pkg/utils/ssh/ssh.go:176: Host: 192.168.48.14:22 Command: /bin/bash -c 'sed -i.save "/brick_2e936ba87c439b71acc6a2a8fd30597c/d" /etc/fstab'
Result: 
[sshexec] DEBUG 2017/04/27 02:13:32 /src/github.com/heketi/heketi/pkg/utils/ssh/ssh.go:176: Host: 192.168.48.17:22 Command: /bin/bash -c 'sed -i.save "/brick_c6c5e03a3057dfcc830de54e1c74e5e7/d" /etc/fstab'
Result: 
[sshexec] DEBUG 2017/04/27 02:13:32 /src/github.com/heketi/heketi/pkg/utils/ssh/ssh.go:176: Host: 192.168.48.12:22 Command: /bin/bash -c 'sed -i.save "/brick_f1ceb8cbc4cf247b210bdae6d6c7f0b9/d" /etc/fstab'
Result: 
[heketi] ERROR 2017/04/27 02:13:32 /src/github.com/heketi/heketi/apps/glusterfs/app_volume.go:148: Failed to create volume: volume create: vol_debc3649665cbb593ea46fc7520188ac: failed: Host 192.168.48.14 is not in 'Peer in Cluster' state
[asynchttp] INFO 2017/04/27 02:13:32 Completed job b7ff4746b8a894be9604c3f9ecb22715 in 3.875123768s
[negroni] Started GET /queue/b7ff4746b8a894be9604c3f9ecb22715
[negroni] Completed 500 Internal Server Error in 100.937µs
[negroni] Started POST /volumes
[negroni] Completed 202 Accepted in 20.83409ms
[asynchttp] INFO 2017/04/27 02:13:43 Started job bfd18e49a58311314690f9bc8326e601
[heketi] INFO 2017/04/27 02:13:43 Creating volume ba1aee5eaa8450de256f20b6fbb46787
[heketi] INFO 2017/04/27 02:13:43 brick_num: 0
[negroni] Started GET /queue/bfd18e49a58311314690f9bc8326e601
[negroni] Completed 200 OK in 62.293µs
[heketi] INFO 2017/04/27 02:13:43 Creating brick 770bc8b9d758bab7eeced8e849fc5fa3
[heketi] INFO 2017/04/27 02:13:43 Creating brick 374fa82d7e15630ee9706c324001ef91
[heketi] INFO 2017/04/27 02:13:43 Creating brick a69d32d1d58877e4cd31c7d1a8bef3fa
[sshexec] DEBUG 2017/04/27 02:13:44 /src/github.com/heketi/heketi/pkg/utils/ssh/ssh.go:176: Host: 192.168.48.12:22 Command: /bin/bash -c 'mkdir -p /var/lib/heketi/mounts/vg_403cca7edce115dc1c641acc2f5f11fb/brick_374fa82d7e15630ee9706c324001ef91'
Result: 
[sshexec] DEBUG 2017/04/27 02:13:44 /src/github.com/heketi/heketi/pkg/utils/ssh/ssh.go:176: Host: 192.168.48.14:22 Command: /bin/bash -c 'mkdir -p /var/lib/heketi/mounts/vg_d72d3bd802d4e511a80ce2f16181289d/brick_a69d32d1d58877e4cd31c7d1a8bef3fa'
Result: 
[sshexec] DEBUG 2017/04/27 02:13:44 /src/github.com/heketi/heketi/pkg/utils/ssh/ssh.go:176: Host: 192.168.48.17:22 Command: /bin/bash -c 'mkdir -p /var/lib/heketi/mounts/vg_6c7ff8b53124baa86b5b789cd93274e1/brick_770bc8b9d758bab7eeced8e849fc5fa3'
Result: 
[sshexec] DEBUG 2017/04/27 02:13:44 /src/github.com/heketi/heketi/pkg/utils/ssh/ssh.go:176: Host: 192.168.48.12:22 Command: /bin/bash -c 'lvcreate --poolmetadatasize 8192K -c 256K -L 1048576K -T vg_403cca7edce115dc1c641acc2f5f11fb/tp_374fa82d7e15630ee9706c324001ef91 -V 1048576K -n brick_374fa82d7e15630ee9706c324001ef91'
Result:   Logical volume "brick_374fa82d7e15630ee9706c324001ef91" created.
[sshexec] DEBUG 2017/04/27 02:13:44 /src/github.com/heketi/heketi/pkg/utils/ssh/ssh.go:176: Host: 192.168.48.17:22 Command: /bin/bash -c 'lvcreate --poolmetadatasize 8192K -c 256K -L 1048576K -T vg_6c7ff8b53124baa86b5b789cd93274e1/tp_770bc8b9d758bab7eeced8e849fc5fa3 -V 1048576K -n brick_770bc8b9d758bab7eeced8e849fc5fa3'
Result:   Logical volume "brick_770bc8b9d758bab7eeced8e849fc5fa3" created.
[sshexec] DEBUG 2017/04/27 02:13:44 /src/github.com/heketi/heketi/pkg/utils/ssh/ssh.go:176: Host: 192.168.48.14:22 Command: /bin/bash -c 'lvcreate --poolmetadatasize 8192K -c 256K -L 1048576K -T vg_d72d3bd802d4e511a80ce2f16181289d/tp_a69d32d1d58877e4cd31c7d1a8bef3fa -V 1048576K -n brick_a69d32d1d58877e4cd31c7d1a8bef3fa'
Result:   Logical volume "brick_a69d32d1d58877e4cd31c7d1a8bef3fa" created.
[negroni] Started GET /queue/bfd18e49a58311314690f9bc8326e601
[negroni] Completed 200 OK in 87.184µs
[sshexec] DEBUG 2017/04/27 02:13:44 /src/github.com/heketi/heketi/pkg/utils/ssh/ssh.go:176: Host: 192.168.48.12:22 Command: /bin/bash -c 'mkfs.xfs -i size=512 -n size=8192 /dev/mapper/vg_403cca7edce115dc1c641acc2f5f11fb-brick_374fa82d7e15630ee9706c324001ef91'
Result: meta-data=/dev/mapper/vg_403cca7edce115dc1c641acc2f5f11fb-brick_374fa82d7e15630ee9706c324001ef91 isize=512    agcount=8, agsize=32704 blks
         =                       sectsz=4096  attr=2, projid32bit=1
         =                       crc=1        finobt=1, sparse=0
data     =                       bsize=4096   blocks=261632, imaxpct=25
         =                       sunit=64     swidth=64 blks
naming   =version 2              bsize=8192   ascii-ci=0 ftype=1
log      =internal log           bsize=4096   blocks=576, version=2
         =                       sectsz=4096  sunit=1 blks, lazy-count=1
realtime =none                   extsz=4096   blocks=0, rtextents=0
[sshexec] DEBUG 2017/04/27 02:13:44 /src/github.com/heketi/heketi/pkg/utils/ssh/ssh.go:176: Host: 192.168.48.12:22 Command: /bin/bash -c 'echo "/dev/mapper/vg_403cca7edce115dc1c641acc2f5f11fb-brick_374fa82d7e15630ee9706c324001ef91 /var/lib/heketi/mounts/vg_403cca7edce115dc1c641acc2f5f11fb/brick_374fa82d7e15630ee9706c324001ef91 xfs rw,inode64,noatime,nouuid 1 2" | tee -a /etc/fstab > /dev/null '
Result: 
[sshexec] DEBUG 2017/04/27 02:13:44 /src/github.com/heketi/heketi/pkg/utils/ssh/ssh.go:176: Host: 192.168.48.17:22 Command: /bin/bash -c 'mkfs.xfs -i size=512 -n size=8192 /dev/mapper/vg_6c7ff8b53124baa86b5b789cd93274e1-brick_770bc8b9d758bab7eeced8e849fc5fa3'
Result: meta-data=/dev/mapper/vg_6c7ff8b53124baa86b5b789cd93274e1-brick_770bc8b9d758bab7eeced8e849fc5fa3 isize=512    agcount=8, agsize=32704 blks
         =                       sectsz=512   attr=2, projid32bit=1
         =                       crc=1        finobt=1, sparse=0
data     =                       bsize=4096   blocks=261632, imaxpct=25
         =                       sunit=64     swidth=64 blks
naming   =version 2              bsize=8192   ascii-ci=0 ftype=1
log      =internal log           bsize=4096   blocks=1728, version=2
         =                       sectsz=512   sunit=64 blks, lazy-count=1
realtime =none                   extsz=4096   blocks=0, rtextents=0
[sshexec] DEBUG 2017/04/27 02:13:44 /src/github.com/heketi/heketi/pkg/utils/ssh/ssh.go:176: Host: 192.168.48.17:22 Command: /bin/bash -c 'echo "/dev/mapper/vg_6c7ff8b53124baa86b5b789cd93274e1-brick_770bc8b9d758bab7eeced8e849fc5fa3 /var/lib/heketi/mounts/vg_6c7ff8b53124baa86b5b789cd93274e1/brick_770bc8b9d758bab7eeced8e849fc5fa3 xfs rw,inode64,noatime,nouuid 1 2" | tee -a /etc/fstab > /dev/null '
Result: 
[sshexec] DEBUG 2017/04/27 02:13:44 /src/github.com/heketi/heketi/pkg/utils/ssh/ssh.go:176: Host: 192.168.48.14:22 Command: /bin/bash -c 'mkfs.xfs -i size=512 -n size=8192 /dev/mapper/vg_d72d3bd802d4e511a80ce2f16181289d-brick_a69d32d1d58877e4cd31c7d1a8bef3fa'
Result: meta-data=/dev/mapper/vg_d72d3bd802d4e511a80ce2f16181289d-brick_a69d32d1d58877e4cd31c7d1a8bef3fa isize=512    agcount=8, agsize=32704 blks
         =                       sectsz=512   attr=2, projid32bit=1
         =                       crc=1        finobt=1, sparse=0
data     =                       bsize=4096   blocks=261632, imaxpct=25
         =                       sunit=64     swidth=64 blks
naming   =version 2              bsize=8192   ascii-ci=0 ftype=1
log      =internal log           bsize=4096   blocks=1728, version=2
         =                       sectsz=512   sunit=64 blks, lazy-count=1
realtime =none                   extsz=4096   blocks=0, rtextents=0
[sshexec] DEBUG 2017/04/27 02:13:44 /src/github.com/heketi/heketi/pkg/utils/ssh/ssh.go:176: Host: 192.168.48.14:22 Command: /bin/bash -c 'echo "/dev/mapper/vg_d72d3bd802d4e511a80ce2f16181289d-brick_a69d32d1d58877e4cd31c7d1a8bef3fa /var/lib/heketi/mounts/vg_d72d3bd802d4e511a80ce2f16181289d/brick_a69d32d1d58877e4cd31c7d1a8bef3fa xfs rw,inode64,noatime,nouuid 1 2" | tee -a /etc/fstab > /dev/null '
Result: 
[sshexec] DEBUG 2017/04/27 02:13:45 /src/github.com/heketi/heketi/pkg/utils/ssh/ssh.go:176: Host: 192.168.48.12:22 Command: /bin/bash -c 'mount -o rw,inode64,noatime,nouuid /dev/mapper/vg_403cca7edce115dc1c641acc2f5f11fb-brick_374fa82d7e15630ee9706c324001ef91 /var/lib/heketi/mounts/vg_403cca7edce115dc1c641acc2f5f11fb/brick_374fa82d7e15630ee9706c324001ef91'
Result: 
[sshexec] DEBUG 2017/04/27 02:13:45 /src/github.com/heketi/heketi/pkg/utils/ssh/ssh.go:176: Host: 192.168.48.12:22 Command: /bin/bash -c 'mkdir /var/lib/heketi/mounts/vg_403cca7edce115dc1c641acc2f5f11fb/brick_374fa82d7e15630ee9706c324001ef91/brick'
Result: 
[sshexec] DEBUG 2017/04/27 02:13:45 /src/github.com/heketi/heketi/pkg/utils/ssh/ssh.go:176: Host: 192.168.48.12:22 Command: /bin/bash -c 'chown :2000 /var/lib/heketi/mounts/vg_403cca7edce115dc1c641acc2f5f11fb/brick_374fa82d7e15630ee9706c324001ef91/brick'
Result: 
[sshexec] DEBUG 2017/04/27 02:13:45 /src/github.com/heketi/heketi/pkg/utils/ssh/ssh.go:176: Host: 192.168.48.12:22 Command: /bin/bash -c 'chmod 2775 /var/lib/heketi/mounts/vg_403cca7edce115dc1c641acc2f5f11fb/brick_374fa82d7e15630ee9706c324001ef91/brick'
Result: 
[sshexec] DEBUG 2017/04/27 02:13:45 /src/github.com/heketi/heketi/pkg/utils/ssh/ssh.go:176: Host: 192.168.48.17:22 Command: /bin/bash -c 'mount -o rw,inode64,noatime,nouuid /dev/mapper/vg_6c7ff8b53124baa86b5b789cd93274e1-brick_770bc8b9d758bab7eeced8e849fc5fa3 /var/lib/heketi/mounts/vg_6c7ff8b53124baa86b5b789cd93274e1/brick_770bc8b9d758bab7eeced8e849fc5fa3'
Result: 
[sshexec] DEBUG 2017/04/27 02:13:45 /src/github.com/heketi/heketi/pkg/utils/ssh/ssh.go:176: Host: 192.168.48.17:22 Command: /bin/bash -c 'mkdir /var/lib/heketi/mounts/vg_6c7ff8b53124baa86b5b789cd93274e1/brick_770bc8b9d758bab7eeced8e849fc5fa3/brick'
Result: 
[sshexec] DEBUG 2017/04/27 02:13:45 /src/github.com/heketi/heketi/pkg/utils/ssh/ssh.go:176: Host: 192.168.48.17:22 Command: /bin/bash -c 'chown :2000 /var/lib/heketi/mounts/vg_6c7ff8b53124baa86b5b789cd93274e1/brick_770bc8b9d758bab7eeced8e849fc5fa3/brick'
Result: 
[sshexec] DEBUG 2017/04/27 02:13:45 /src/github.com/heketi/heketi/pkg/utils/ssh/ssh.go:176: Host: 192.168.48.17:22 Command: /bin/bash -c 'chmod 2775 /var/lib/heketi/mounts/vg_6c7ff8b53124baa86b5b789cd93274e1/brick_770bc8b9d758bab7eeced8e849fc5fa3/brick'
Result: 
[sshexec] DEBUG 2017/04/27 02:13:45 /src/github.com/heketi/heketi/pkg/utils/ssh/ssh.go:176: Host: 192.168.48.14:22 Command: /bin/bash -c 'mount -o rw,inode64,noatime,nouuid /dev/mapper/vg_d72d3bd802d4e511a80ce2f16181289d-brick_a69d32d1d58877e4cd31c7d1a8bef3fa /var/lib/heketi/mounts/vg_d72d3bd802d4e511a80ce2f16181289d/brick_a69d32d1d58877e4cd31c7d1a8bef3fa'
Result: 
[sshexec] DEBUG 2017/04/27 02:13:45 /src/github.com/heketi/heketi/pkg/utils/ssh/ssh.go:176: Host: 192.168.48.14:22 Command: /bin/bash -c 'mkdir /var/lib/heketi/mounts/vg_d72d3bd802d4e511a80ce2f16181289d/brick_a69d32d1d58877e4cd31c7d1a8bef3fa/brick'
Result: 
[sshexec] DEBUG 2017/04/27 02:13:45 /src/github.com/heketi/heketi/pkg/utils/ssh/ssh.go:176: Host: 192.168.48.14:22 Command: /bin/bash -c 'chown :2000 /var/lib/heketi/mounts/vg_d72d3bd802d4e511a80ce2f16181289d/brick_a69d32d1d58877e4cd31c7d1a8bef3fa/brick'
Result: 
[sshexec] DEBUG 2017/04/27 02:13:45 /src/github.com/heketi/heketi/pkg/utils/ssh/ssh.go:176: Host: 192.168.48.14:22 Command: /bin/bash -c 'chmod 2775 /var/lib/heketi/mounts/vg_d72d3bd802d4e511a80ce2f16181289d/brick_a69d32d1d58877e4cd31c7d1a8bef3fa/brick'
Result: 
[sshexec] INFO 2017/04/27 02:13:45 Creating volume vol_ba1aee5eaa8450de256f20b6fbb46787 replica 3
[sshexec] ERROR 2017/04/27 02:13:45 /src/github.com/heketi/heketi/pkg/utils/ssh/ssh.go:173: Failed to run command [/bin/bash -c 'gluster --mode=script volume create vol_ba1aee5eaa8450de256f20b6fbb46787 replica 3 192.168.48.17:/var/lib/heketi/mounts/vg_6c7ff8b53124baa86b5b789cd93274e1/brick_770bc8b9d758bab7eeced8e849fc5fa3/brick 192.168.48.14:/var/lib/heketi/mounts/vg_d72d3bd802d4e511a80ce2f16181289d/brick_a69d32d1d58877e4cd31c7d1a8bef3fa/brick 192.168.48.12:/var/lib/heketi/mounts/vg_403cca7edce115dc1c641acc2f5f11fb/brick_374fa82d7e15630ee9706c324001ef91/brick '] on 192.168.48.17:22: Err[Process exited with: 1. Reason was:  ()]: Stdout []: Stderr [volume create: vol_ba1aee5eaa8450de256f20b6fbb46787: failed: Host 192.168.48.14 is not in 'Peer in Cluster' state
]
[negroni] Started GET /queue/bfd18e49a58311314690f9bc8326e601
[negroni] Completed 200 OK in 104.432µs
[sshexec] ERROR 2017/04/27 02:13:45 /src/github.com/heketi/heketi/pkg/utils/ssh/ssh.go:173: Failed to run command [/bin/bash -c 'gluster --mode=script volume stop vol_ba1aee5eaa8450de256f20b6fbb46787 force'] on 192.168.48.17:22: Err[Process exited with: 1. Reason was:  ()]: Stdout []: Stderr [volume stop: vol_ba1aee5eaa8450de256f20b6fbb46787: failed: Volume vol_ba1aee5eaa8450de256f20b6fbb46787 does not exist
]
[sshexec] ERROR 2017/04/27 02:13:45 /src/github.com/heketi/heketi/executors/sshexec/volume.go:130: Unable to stop volume vol_ba1aee5eaa8450de256f20b6fbb46787: volume stop: vol_ba1aee5eaa8450de256f20b6fbb46787: failed: Volume vol_ba1aee5eaa8450de256f20b6fbb46787 does not exist
[sshexec] ERROR 2017/04/27 02:13:46 /src/github.com/heketi/heketi/pkg/utils/ssh/ssh.go:173: Failed to run command [/bin/bash -c 'gluster --mode=script volume delete vol_ba1aee5eaa8450de256f20b6fbb46787'] on 192.168.48.17:22: Err[Process exited with: 1. Reason was:  ()]: Stdout []: Stderr [volume delete: vol_ba1aee5eaa8450de256f20b6fbb46787: failed: Volume vol_ba1aee5eaa8450de256f20b6fbb46787 does not exist
]
[sshexec] ERROR 2017/04/27 02:13:46 /src/github.com/heketi/heketi/executors/sshexec/volume.go:139: Unable to delete volume vol_ba1aee5eaa8450de256f20b6fbb46787: volume delete: vol_ba1aee5eaa8450de256f20b6fbb46787: failed: Volume vol_ba1aee5eaa8450de256f20b6fbb46787 does not exist
[heketi] INFO 2017/04/27 02:13:46 Deleting brick 770bc8b9d758bab7eeced8e849fc5fa3
[heketi] INFO 2017/04/27 02:13:46 Deleting brick a69d32d1d58877e4cd31c7d1a8bef3fa
[heketi] INFO 2017/04/27 02:13:46 Deleting brick 374fa82d7e15630ee9706c324001ef91
[sshexec] DEBUG 2017/04/27 02:13:46 /src/github.com/heketi/heketi/pkg/utils/ssh/ssh.go:176: Host: 192.168.48.17:22 Command: /bin/bash -c 'umount /var/lib/heketi/mounts/vg_6c7ff8b53124baa86b5b789cd93274e1/brick_770bc8b9d758bab7eeced8e849fc5fa3'
Result: 
[sshexec] DEBUG 2017/04/27 02:13:46 /src/github.com/heketi/heketi/pkg/utils/ssh/ssh.go:176: Host: 192.168.48.12:22 Command: /bin/bash -c 'umount /var/lib/heketi/mounts/vg_403cca7edce115dc1c641acc2f5f11fb/brick_374fa82d7e15630ee9706c324001ef91'
Result: 
[sshexec] DEBUG 2017/04/27 02:13:46 /src/github.com/heketi/heketi/pkg/utils/ssh/ssh.go:176: Host: 192.168.48.14:22 Command: /bin/bash -c 'umount /var/lib/heketi/mounts/vg_d72d3bd802d4e511a80ce2f16181289d/brick_a69d32d1d58877e4cd31c7d1a8bef3fa'
Result: 
[negroni] Started GET /queue/bfd18e49a58311314690f9bc8326e601
[negroni] Completed 200 OK in 80.26µs
[sshexec] DEBUG 2017/04/27 02:13:46 /src/github.com/heketi/heketi/pkg/utils/ssh/ssh.go:176: Host: 192.168.48.17:22 Command: /bin/bash -c 'lvremove -f vg_6c7ff8b53124baa86b5b789cd93274e1/tp_770bc8b9d758bab7eeced8e849fc5fa3'
Result:   Logical volume "brick_770bc8b9d758bab7eeced8e849fc5fa3" successfully removed
  Logical volume "tp_770bc8b9d758bab7eeced8e849fc5fa3" successfully removed
[sshexec] DEBUG 2017/04/27 02:13:46 /src/github.com/heketi/heketi/pkg/utils/ssh/ssh.go:176: Host: 192.168.48.14:22 Command: /bin/bash -c 'lvremove -f vg_d72d3bd802d4e511a80ce2f16181289d/tp_a69d32d1d58877e4cd31c7d1a8bef3fa'
Result:   Logical volume "brick_a69d32d1d58877e4cd31c7d1a8bef3fa" successfully removed
  Logical volume "tp_a69d32d1d58877e4cd31c7d1a8bef3fa" successfully removed
[sshexec] DEBUG 2017/04/27 02:13:47 /src/github.com/heketi/heketi/pkg/utils/ssh/ssh.go:176: Host: 192.168.48.12:22 Command: /bin/bash -c 'lvremove -f vg_403cca7edce115dc1c641acc2f5f11fb/tp_374fa82d7e15630ee9706c324001ef91'
Result:   Logical volume "brick_374fa82d7e15630ee9706c324001ef91" successfully removed
  Logical volume "tp_374fa82d7e15630ee9706c324001ef91" successfully removed
[sshexec] DEBUG 2017/04/27 02:13:47 /src/github.com/heketi/heketi/pkg/utils/ssh/ssh.go:176: Host: 192.168.48.14:22 Command: /bin/bash -c 'rmdir /var/lib/heketi/mounts/vg_d72d3bd802d4e511a80ce2f16181289d/brick_a69d32d1d58877e4cd31c7d1a8bef3fa'
Result: 
[sshexec] DEBUG 2017/04/27 02:13:47 /src/github.com/heketi/heketi/pkg/utils/ssh/ssh.go:176: Host: 192.168.48.17:22 Command: /bin/bash -c 'rmdir /var/lib/heketi/mounts/vg_6c7ff8b53124baa86b5b789cd93274e1/brick_770bc8b9d758bab7eeced8e849fc5fa3'
Result: 
[sshexec] DEBUG 2017/04/27 02:13:47 /src/github.com/heketi/heketi/pkg/utils/ssh/ssh.go:176: Host: 192.168.48.12:22 Command: /bin/bash -c 'rmdir /var/lib/heketi/mounts/vg_403cca7edce115dc1c641acc2f5f11fb/brick_374fa82d7e15630ee9706c324001ef91'
Result: 
[sshexec] DEBUG 2017/04/27 02:13:47 /src/github.com/heketi/heketi/pkg/utils/ssh/ssh.go:176: Host: 192.168.48.14:22 Command: /bin/bash -c 'sed -i.save "/brick_a69d32d1d58877e4cd31c7d1a8bef3fa/d" /etc/fstab'
Result: 
[sshexec] DEBUG 2017/04/27 02:13:47 /src/github.com/heketi/heketi/pkg/utils/ssh/ssh.go:176: Host: 192.168.48.17:22 Command: /bin/bash -c 'sed -i.save "/brick_770bc8b9d758bab7eeced8e849fc5fa3/d" /etc/fstab'
Result: 
[sshexec] DEBUG 2017/04/27 02:13:47 /src/github.com/heketi/heketi/pkg/utils/ssh/ssh.go:176: Host: 192.168.48.12:22 Command: /bin/bash -c 'sed -i.save "/brick_374fa82d7e15630ee9706c324001ef91/d" /etc/fstab'
Result: 
[asynchttp] INFO 2017/04/27 02:13:47 Completed job bfd18e49a58311314690f9bc8326e601 in 3.844424795s
[heketi] ERROR 2017/04/27 02:13:47 /src/github.com/heketi/heketi/apps/glusterfs/app_volume.go:148: Failed to create volume: volume create: vol_ba1aee5eaa8450de256f20b6fbb46787: failed: Host 192.168.48.14 is not in 'Peer in Cluster' state
[negroni] Started GET /queue/bfd18e49a58311314690f9bc8326e601
[negroni] Completed 500 Internal Server Error in 98.718µs
[negroni] Started POST /volumes
[negroni] Completed 202 Accepted in 28.769872ms
[asynchttp] INFO 2017/04/27 02:13:58 Started job c254378a30085c1481acc34029f52207
[heketi] INFO 2017/04/27 02:13:58 Creating volume 917067f8f1052a77364d9cc56f448791
[heketi] INFO 2017/04/27 02:13:58 brick_num: 0
[negroni] Started GET /queue/c254378a30085c1481acc34029f52207
[negroni] Completed 200 OK in 174.855µs
[heketi] INFO 2017/04/27 02:13:59 Creating brick 2589201d54a25f0ddf0ffacb503acd9e
[heketi] INFO 2017/04/27 02:13:59 Creating brick 8113352b6044511ea0e950ebd86b0baf
[heketi] INFO 2017/04/27 02:13:59 Creating brick 2b48da60e824c4191db9893cca79baf7
[sshexec] DEBUG 2017/04/27 02:13:59 /src/github.com/heketi/heketi/pkg/utils/ssh/ssh.go:176: Host: 192.168.48.12:22 Command: /bin/bash -c 'mkdir -p /var/lib/heketi/mounts/vg_403cca7edce115dc1c641acc2f5f11fb/brick_8113352b6044511ea0e950ebd86b0baf'
Result: 
[sshexec] DEBUG 2017/04/27 02:13:59 /src/github.com/heketi/heketi/pkg/utils/ssh/ssh.go:176: Host: 192.168.48.17:22 Command: /bin/bash -c 'mkdir -p /var/lib/heketi/mounts/vg_6c7ff8b53124baa86b5b789cd93274e1/brick_2b48da60e824c4191db9893cca79baf7'
Result: 
[sshexec] DEBUG 2017/04/27 02:13:59 /src/github.com/heketi/heketi/pkg/utils/ssh/ssh.go:176: Host: 192.168.48.14:22 Command: /bin/bash -c 'mkdir -p /var/lib/heketi/mounts/vg_d72d3bd802d4e511a80ce2f16181289d/brick_2589201d54a25f0ddf0ffacb503acd9e'
Result: 
[sshexec] DEBUG 2017/04/27 02:13:59 /src/github.com/heketi/heketi/pkg/utils/ssh/ssh.go:176: Host: 192.168.48.17:22 Command: /bin/bash -c 'lvcreate --poolmetadatasize 8192K -c 256K -L 1048576K -T vg_6c7ff8b53124baa86b5b789cd93274e1/tp_2b48da60e824c4191db9893cca79baf7 -V 1048576K -n brick_2b48da60e824c4191db9893cca79baf7'
Result:   Logical volume "brick_2b48da60e824c4191db9893cca79baf7" created.
[sshexec] DEBUG 2017/04/27 02:13:59 /src/github.com/heketi/heketi/pkg/utils/ssh/ssh.go:176: Host: 192.168.48.12:22 Command: /bin/bash -c 'lvcreate --poolmetadatasize 8192K -c 256K -L 1048576K -T vg_403cca7edce115dc1c641acc2f5f11fb/tp_8113352b6044511ea0e950ebd86b0baf -V 1048576K -n brick_8113352b6044511ea0e950ebd86b0baf'
Result:   Logical volume "brick_8113352b6044511ea0e950ebd86b0baf" created.
[sshexec] DEBUG 2017/04/27 02:13:59 /src/github.com/heketi/heketi/pkg/utils/ssh/ssh.go:176: Host: 192.168.48.14:22 Command: /bin/bash -c 'lvcreate --poolmetadatasize 8192K -c 256K -L 1048576K -T vg_d72d3bd802d4e511a80ce2f16181289d/tp_2589201d54a25f0ddf0ffacb503acd9e -V 1048576K -n brick_2589201d54a25f0ddf0ffacb503acd9e'
Result:   Logical volume "brick_2589201d54a25f0ddf0ffacb503acd9e" created.
[sshexec] DEBUG 2017/04/27 02:13:59 /src/github.com/heketi/heketi/pkg/utils/ssh/ssh.go:176: Host: 192.168.48.12:22 Command: /bin/bash -c 'mkfs.xfs -i size=512 -n size=8192 /dev/mapper/vg_403cca7edce115dc1c641acc2f5f11fb-brick_8113352b6044511ea0e950ebd86b0baf'
Result: meta-data=/dev/mapper/vg_403cca7edce115dc1c641acc2f5f11fb-brick_8113352b6044511ea0e950ebd86b0baf isize=512    agcount=8, agsize=32704 blks
         =                       sectsz=4096  attr=2, projid32bit=1
         =                       crc=1        finobt=1, sparse=0
data     =                       bsize=4096   blocks=261632, imaxpct=25
         =                       sunit=64     swidth=64 blks
naming   =version 2              bsize=8192   ascii-ci=0 ftype=1
log      =internal log           bsize=4096   blocks=576, version=2
         =                       sectsz=4096  sunit=1 blks, lazy-count=1
realtime =none                   extsz=4096   blocks=0, rtextents=0
[sshexec] DEBUG 2017/04/27 02:13:59 /src/github.com/heketi/heketi/pkg/utils/ssh/ssh.go:176: Host: 192.168.48.17:22 Command: /bin/bash -c 'mkfs.xfs -i size=512 -n size=8192 /dev/mapper/vg_6c7ff8b53124baa86b5b789cd93274e1-brick_2b48da60e824c4191db9893cca79baf7'
Result: meta-data=/dev/mapper/vg_6c7ff8b53124baa86b5b789cd93274e1-brick_2b48da60e824c4191db9893cca79baf7 isize=512    agcount=8, agsize=32704 blks
         =                       sectsz=512   attr=2, projid32bit=1
         =                       crc=1        finobt=1, sparse=0
data     =                       bsize=4096   blocks=261632, imaxpct=25
         =                       sunit=64     swidth=64 blks
naming   =version 2              bsize=8192   ascii-ci=0 ftype=1
log      =internal log           bsize=4096   blocks=1728, version=2
         =                       sectsz=512   sunit=64 blks, lazy-count=1
realtime =none                   extsz=4096   blocks=0, rtextents=0
[sshexec] DEBUG 2017/04/27 02:13:59 /src/github.com/heketi/heketi/pkg/utils/ssh/ssh.go:176: Host: 192.168.48.17:22 Command: /bin/bash -c 'echo "/dev/mapper/vg_6c7ff8b53124baa86b5b789cd93274e1-brick_2b48da60e824c4191db9893cca79baf7 /var/lib/heketi/mounts/vg_6c7ff8b53124baa86b5b789cd93274e1/brick_2b48da60e824c4191db9893cca79baf7 xfs rw,inode64,noatime,nouuid 1 2" | tee -a /etc/fstab > /dev/null '
Result: 
[sshexec] DEBUG 2017/04/27 02:13:59 /src/github.com/heketi/heketi/pkg/utils/ssh/ssh.go:176: Host: 192.168.48.12:22 Command: /bin/bash -c 'echo "/dev/mapper/vg_403cca7edce115dc1c641acc2f5f11fb-brick_8113352b6044511ea0e950ebd86b0baf /var/lib/heketi/mounts/vg_403cca7edce115dc1c641acc2f5f11fb/brick_8113352b6044511ea0e950ebd86b0baf xfs rw,inode64,noatime,nouuid 1 2" | tee -a /etc/fstab > /dev/null '
Result: 
[negroni] Started GET /queue/c254378a30085c1481acc34029f52207
[negroni] Completed 200 OK in 413.876µs
[sshexec] DEBUG 2017/04/27 02:13:59 /src/github.com/heketi/heketi/pkg/utils/ssh/ssh.go:176: Host: 192.168.48.12:22 Command: /bin/bash -c 'mount -o rw,inode64,noatime,nouuid /dev/mapper/vg_403cca7edce115dc1c641acc2f5f11fb-brick_8113352b6044511ea0e950ebd86b0baf /var/lib/heketi/mounts/vg_403cca7edce115dc1c641acc2f5f11fb/brick_8113352b6044511ea0e950ebd86b0baf'
Result: 
[sshexec] DEBUG 2017/04/27 02:13:59 /src/github.com/heketi/heketi/pkg/utils/ssh/ssh.go:176: Host: 192.168.48.14:22 Command: /bin/bash -c 'mkfs.xfs -i size=512 -n size=8192 /dev/mapper/vg_d72d3bd802d4e511a80ce2f16181289d-brick_2589201d54a25f0ddf0ffacb503acd9e'
Result: meta-data=/dev/mapper/vg_d72d3bd802d4e511a80ce2f16181289d-brick_2589201d54a25f0ddf0ffacb503acd9e isize=512    agcount=8, agsize=32704 blks
         =                       sectsz=512   attr=2, projid32bit=1
         =                       crc=1        finobt=1, sparse=0
data     =                       bsize=4096   blocks=261632, imaxpct=25
         =                       sunit=64     swidth=64 blks
naming   =version 2              bsize=8192   ascii-ci=0 ftype=1
log      =internal log           bsize=4096   blocks=1728, version=2
         =                       sectsz=512   sunit=64 blks, lazy-count=1
realtime =none                   extsz=4096   blocks=0, rtextents=0
[sshexec] DEBUG 2017/04/27 02:13:59 /src/github.com/heketi/heketi/pkg/utils/ssh/ssh.go:176: Host: 192.168.48.12:22 Command: /bin/bash -c 'mkdir /var/lib/heketi/mounts/vg_403cca7edce115dc1c641acc2f5f11fb/brick_8113352b6044511ea0e950ebd86b0baf/brick'
Result: 
[sshexec] DEBUG 2017/04/27 02:13:59 /src/github.com/heketi/heketi/pkg/utils/ssh/ssh.go:176: Host: 192.168.48.14:22 Command: /bin/bash -c 'echo "/dev/mapper/vg_d72d3bd802d4e511a80ce2f16181289d-brick_2589201d54a25f0ddf0ffacb503acd9e /var/lib/heketi/mounts/vg_d72d3bd802d4e511a80ce2f16181289d/brick_2589201d54a25f0ddf0ffacb503acd9e xfs rw,inode64,noatime,nouuid 1 2" | tee -a /etc/fstab > /dev/null '
Result: 
[sshexec] DEBUG 2017/04/27 02:13:59 /src/github.com/heketi/heketi/pkg/utils/ssh/ssh.go:176: Host: 192.168.48.12:22 Command: /bin/bash -c 'chown :2000 /var/lib/heketi/mounts/vg_403cca7edce115dc1c641acc2f5f11fb/brick_8113352b6044511ea0e950ebd86b0baf/brick'
Result: 
[sshexec] DEBUG 2017/04/27 02:14:00 /src/github.com/heketi/heketi/pkg/utils/ssh/ssh.go:176: Host: 192.168.48.12:22 Command: /bin/bash -c 'chmod 2775 /var/lib/heketi/mounts/vg_403cca7edce115dc1c641acc2f5f11fb/brick_8113352b6044511ea0e950ebd86b0baf/brick'
Result: 
[sshexec] DEBUG 2017/04/27 02:14:00 /src/github.com/heketi/heketi/pkg/utils/ssh/ssh.go:176: Host: 192.168.48.17:22 Command: /bin/bash -c 'mount -o rw,inode64,noatime,nouuid /dev/mapper/vg_6c7ff8b53124baa86b5b789cd93274e1-brick_2b48da60e824c4191db9893cca79baf7 /var/lib/heketi/mounts/vg_6c7ff8b53124baa86b5b789cd93274e1/brick_2b48da60e824c4191db9893cca79baf7'
Result: 
[sshexec] DEBUG 2017/04/27 02:14:00 /src/github.com/heketi/heketi/pkg/utils/ssh/ssh.go:176: Host: 192.168.48.17:22 Command: /bin/bash -c 'mkdir /var/lib/heketi/mounts/vg_6c7ff8b53124baa86b5b789cd93274e1/brick_2b48da60e824c4191db9893cca79baf7/brick'
Result: 
[sshexec] DEBUG 2017/04/27 02:14:00 /src/github.com/heketi/heketi/pkg/utils/ssh/ssh.go:176: Host: 192.168.48.17:22 Command: /bin/bash -c 'chown :2000 /var/lib/heketi/mounts/vg_6c7ff8b53124baa86b5b789cd93274e1/brick_2b48da60e824c4191db9893cca79baf7/brick'
Result: 
[sshexec] DEBUG 2017/04/27 02:14:00 /src/github.com/heketi/heketi/pkg/utils/ssh/ssh.go:176: Host: 192.168.48.17:22 Command: /bin/bash -c 'chmod 2775 /var/lib/heketi/mounts/vg_6c7ff8b53124baa86b5b789cd93274e1/brick_2b48da60e824c4191db9893cca79baf7/brick'
Result: 
[sshexec] DEBUG 2017/04/27 02:14:00 /src/github.com/heketi/heketi/pkg/utils/ssh/ssh.go:176: Host: 192.168.48.14:22 Command: /bin/bash -c 'mount -o rw,inode64,noatime,nouuid /dev/mapper/vg_d72d3bd802d4e511a80ce2f16181289d-brick_2589201d54a25f0ddf0ffacb503acd9e /var/lib/heketi/mounts/vg_d72d3bd802d4e511a80ce2f16181289d/brick_2589201d54a25f0ddf0ffacb503acd9e'
Result: 
[sshexec] DEBUG 2017/04/27 02:14:00 /src/github.com/heketi/heketi/pkg/utils/ssh/ssh.go:176: Host: 192.168.48.14:22 Command: /bin/bash -c 'mkdir /var/lib/heketi/mounts/vg_d72d3bd802d4e511a80ce2f16181289d/brick_2589201d54a25f0ddf0ffacb503acd9e/brick'
Result: 
[sshexec] DEBUG 2017/04/27 02:14:00 /src/github.com/heketi/heketi/pkg/utils/ssh/ssh.go:176: Host: 192.168.48.14:22 Command: /bin/bash -c 'chown :2000 /var/lib/heketi/mounts/vg_d72d3bd802d4e511a80ce2f16181289d/brick_2589201d54a25f0ddf0ffacb503acd9e/brick'
Result: 
[sshexec] DEBUG 2017/04/27 02:14:00 /src/github.com/heketi/heketi/pkg/utils/ssh/ssh.go:176: Host: 192.168.48.14:22 Command: /bin/bash -c 'chmod 2775 /var/lib/heketi/mounts/vg_d72d3bd802d4e511a80ce2f16181289d/brick_2589201d54a25f0ddf0ffacb503acd9e/brick'
Result: 
[sshexec] INFO 2017/04/27 02:14:00 Creating volume vol_917067f8f1052a77364d9cc56f448791 replica 3
[sshexec] ERROR 2017/04/27 02:14:00 /src/github.com/heketi/heketi/pkg/utils/ssh/ssh.go:173: Failed to run command [/bin/bash -c 'gluster --mode=script volume create vol_917067f8f1052a77364d9cc56f448791 replica 3 192.168.48.14:/var/lib/heketi/mounts/vg_d72d3bd802d4e511a80ce2f16181289d/brick_2589201d54a25f0ddf0ffacb503acd9e/brick 192.168.48.12:/var/lib/heketi/mounts/vg_403cca7edce115dc1c641acc2f5f11fb/brick_8113352b6044511ea0e950ebd86b0baf/brick 192.168.48.17:/var/lib/heketi/mounts/vg_6c7ff8b53124baa86b5b789cd93274e1/brick_2b48da60e824c4191db9893cca79baf7/brick '] on 192.168.48.14:22: Err[Process exited with: 1. Reason was:  ()]: Stdout []: Stderr [volume create: vol_917067f8f1052a77364d9cc56f448791: failed: Staging failed on 192.168.48.17. Error: Host 192.168.48.14 is not in 'Peer in Cluster' state
Staging failed on 192.168.48.12. Error: Host 192.168.48.14 is not in 'Peer in Cluster' state
]
[negroni] Started GET /queue/c254378a30085c1481acc34029f52207
[negroni] Completed 200 OK in 101.004µs
[sshexec] ERROR 2017/04/27 02:14:00 /src/github.com/heketi/heketi/pkg/utils/ssh/ssh.go:173: Failed to run command [/bin/bash -c 'gluster --mode=script volume stop vol_917067f8f1052a77364d9cc56f448791 force'] on 192.168.48.14:22: Err[Process exited with: 1. Reason was:  ()]: Stdout []: Stderr [volume stop: vol_917067f8f1052a77364d9cc56f448791: failed: Volume vol_917067f8f1052a77364d9cc56f448791 does not exist
]
[sshexec] ERROR 2017/04/27 02:14:00 /src/github.com/heketi/heketi/executors/sshexec/volume.go:130: Unable to stop volume vol_917067f8f1052a77364d9cc56f448791: volume stop: vol_917067f8f1052a77364d9cc56f448791: failed: Volume vol_917067f8f1052a77364d9cc56f448791 does not exist
[heketi] INFO 2017/04/27 02:14:01 Deleting brick 2589201d54a25f0ddf0ffacb503acd9e
[sshexec] ERROR 2017/04/27 02:14:01 /src/github.com/heketi/heketi/pkg/utils/ssh/ssh.go:173: Failed to run command [/bin/bash -c 'gluster --mode=script volume delete vol_917067f8f1052a77364d9cc56f448791'] on 192.168.48.14:22: Err[Process exited with: 1. Reason was:  ()]: Stdout []: Stderr [volume delete: vol_917067f8f1052a77364d9cc56f448791: failed: Volume vol_917067f8f1052a77364d9cc56f448791 does not exist
]
[sshexec] ERROR 2017/04/27 02:14:01 /src/github.com/heketi/heketi/executors/sshexec/volume.go:139: Unable to delete volume vol_917067f8f1052a77364d9cc56f448791: volume delete: vol_917067f8f1052a77364d9cc56f448791: failed: Volume vol_917067f8f1052a77364d9cc56f448791 does not exist
[heketi] INFO 2017/04/27 02:14:01 Deleting brick 8113352b6044511ea0e950ebd86b0baf
[heketi] INFO 2017/04/27 02:14:01 Deleting brick 2b48da60e824c4191db9893cca79baf7
[sshexec] DEBUG 2017/04/27 02:14:01 /src/github.com/heketi/heketi/pkg/utils/ssh/ssh.go:176: Host: 192.168.48.14:22 Command: /bin/bash -c 'umount /var/lib/heketi/mounts/vg_d72d3bd802d4e511a80ce2f16181289d/brick_2589201d54a25f0ddf0ffacb503acd9e'
Result: 
[sshexec] DEBUG 2017/04/27 02:14:01 /src/github.com/heketi/heketi/pkg/utils/ssh/ssh.go:176: Host: 192.168.48.12:22 Command: /bin/bash -c 'umount /var/lib/heketi/mounts/vg_403cca7edce115dc1c641acc2f5f11fb/brick_8113352b6044511ea0e950ebd86b0baf'
Result: 
[sshexec] DEBUG 2017/04/27 02:14:01 /src/github.com/heketi/heketi/pkg/utils/ssh/ssh.go:176: Host: 192.168.48.17:22 Command: /bin/bash -c 'umount /var/lib/heketi/mounts/vg_6c7ff8b53124baa86b5b789cd93274e1/brick_2b48da60e824c4191db9893cca79baf7'
Result: 
[negroni] Started GET /queue/c254378a30085c1481acc34029f52207
[negroni] Completed 200 OK in 143.43µs
[sshexec] DEBUG 2017/04/27 02:14:02 /src/github.com/heketi/heketi/pkg/utils/ssh/ssh.go:176: Host: 192.168.48.14:22 Command: /bin/bash -c 'lvremove -f vg_d72d3bd802d4e511a80ce2f16181289d/tp_2589201d54a25f0ddf0ffacb503acd9e'
Result:   Logical volume "brick_2589201d54a25f0ddf0ffacb503acd9e" successfully removed
  Logical volume "tp_2589201d54a25f0ddf0ffacb503acd9e" successfully removed
[sshexec] DEBUG 2017/04/27 02:14:02 /src/github.com/heketi/heketi/pkg/utils/ssh/ssh.go:176: Host: 192.168.48.17:22 Command: /bin/bash -c 'lvremove -f vg_6c7ff8b53124baa86b5b789cd93274e1/tp_2b48da60e824c4191db9893cca79baf7'
Result:   Logical volume "brick_2b48da60e824c4191db9893cca79baf7" successfully removed
  Logical volume "tp_2b48da60e824c4191db9893cca79baf7" successfully removed
[sshexec] DEBUG 2017/04/27 02:14:02 /src/github.com/heketi/heketi/pkg/utils/ssh/ssh.go:176: Host: 192.168.48.12:22 Command: /bin/bash -c 'lvremove -f vg_403cca7edce115dc1c641acc2f5f11fb/tp_8113352b6044511ea0e950ebd86b0baf'
Result:   Logical volume "brick_8113352b6044511ea0e950ebd86b0baf" successfully removed
  Logical volume "tp_8113352b6044511ea0e950ebd86b0baf" successfully removed
[sshexec] DEBUG 2017/04/27 02:14:02 /src/github.com/heketi/heketi/pkg/utils/ssh/ssh.go:176: Host: 192.168.48.14:22 Command: /bin/bash -c 'rmdir /var/lib/heketi/mounts/vg_d72d3bd802d4e511a80ce2f16181289d/brick_2589201d54a25f0ddf0ffacb503acd9e'
Result: 
[sshexec] DEBUG 2017/04/27 02:14:02 /src/github.com/heketi/heketi/pkg/utils/ssh/ssh.go:176: Host: 192.168.48.12:22 Command: /bin/bash -c 'rmdir /var/lib/heketi/mounts/vg_403cca7edce115dc1c641acc2f5f11fb/brick_8113352b6044511ea0e950ebd86b0baf'
Result: 
[sshexec] DEBUG 2017/04/27 02:14:02 /src/github.com/heketi/heketi/pkg/utils/ssh/ssh.go:176: Host: 192.168.48.17:22 Command: /bin/bash -c 'rmdir /var/lib/heketi/mounts/vg_6c7ff8b53124baa86b5b789cd93274e1/brick_2b48da60e824c4191db9893cca79baf7'
Result: 
[sshexec] DEBUG 2017/04/27 02:14:02 /src/github.com/heketi/heketi/pkg/utils/ssh/ssh.go:176: Host: 192.168.48.14:22 Command: /bin/bash -c 'sed -i.save "/brick_2589201d54a25f0ddf0ffacb503acd9e/d" /etc/fstab'
Result: 
[sshexec] DEBUG 2017/04/27 02:14:02 /src/github.com/heketi/heketi/pkg/utils/ssh/ssh.go:176: Host: 192.168.48.17:22 Command: /bin/bash -c 'sed -i.save "/brick_2b48da60e824c4191db9893cca79baf7/d" /etc/fstab'
Result: 
[sshexec] DEBUG 2017/04/27 02:14:02 /src/github.com/heketi/heketi/pkg/utils/ssh/ssh.go:176: Host: 192.168.48.12:22 Command: /bin/bash -c 'sed -i.save "/brick_8113352b6044511ea0e950ebd86b0baf/d" /etc/fstab'
Result: 
[negroni] Started GET /queue/c254378a30085c1481acc34029f52207
[negroni] Completed 200 OK in 130.276µs
[asynchttp] INFO 2017/04/27 02:14:02 Completed job c254378a30085c1481acc34029f52207 in 4.050730902s
[heketi] ERROR 2017/04/27 02:14:02 /src/github.com/heketi/heketi/apps/glusterfs/app_volume.go:148: Failed to create volume: volume create: vol_917067f8f1052a77364d9cc56f448791: failed: Staging failed on 192.168.48.17. Error: Host 192.168.48.14 is not in 'Peer in Cluster' state
Staging failed on 192.168.48.12. Error: Host 192.168.48.14 is not in 'Peer in Cluster' state
[negroni] Started GET /queue/c254378a30085c1481acc34029f52207
[negroni] Completed 500 Internal Server Error in 355.325µs
[negroni] Started POST /volumes
[negroni] Completed 202 Accepted in 24.392298ms
[asynchttp] INFO 2017/04/27 02:14:13 Started job 819c839b6dfb49fd1cdad7c38d698019
[heketi] INFO 2017/04/27 02:14:13 Creating volume bef246c9847c5dcd3a9c97945628ad14
[heketi] INFO 2017/04/27 02:14:13 brick_num: 0
[negroni] Started GET /queue/819c839b6dfb49fd1cdad7c38d698019
[negroni] Completed 200 OK in 331.355µs
[heketi] INFO 2017/04/27 02:14:14 Creating brick efb1c6204f024eb2990c3ef93c4e13c2
[heketi] INFO 2017/04/27 02:14:14 Creating brick cbbcd8d0f6f16da5db9cec5f8b279715
[heketi] INFO 2017/04/27 02:14:14 Creating brick f4fae094d9224c01fa670baf7ebd8a0d
[sshexec] DEBUG 2017/04/27 02:14:14 /src/github.com/heketi/heketi/pkg/utils/ssh/ssh.go:176: Host: 192.168.48.14:22 Command: /bin/bash -c 'mkdir -p /var/lib/heketi/mounts/vg_d72d3bd802d4e511a80ce2f16181289d/brick_efb1c6204f024eb2990c3ef93c4e13c2'
Result: 
[sshexec] DEBUG 2017/04/27 02:14:14 /src/github.com/heketi/heketi/pkg/utils/ssh/ssh.go:176: Host: 192.168.48.12:22 Command: /bin/bash -c 'mkdir -p /var/lib/heketi/mounts/vg_403cca7edce115dc1c641acc2f5f11fb/brick_f4fae094d9224c01fa670baf7ebd8a0d'
Result: 
[sshexec] DEBUG 2017/04/27 02:14:14 /src/github.com/heketi/heketi/pkg/utils/ssh/ssh.go:176: Host: 192.168.48.17:22 Command: /bin/bash -c 'mkdir -p /var/lib/heketi/mounts/vg_6c7ff8b53124baa86b5b789cd93274e1/brick_cbbcd8d0f6f16da5db9cec5f8b279715'
Result: 
[sshexec] DEBUG 2017/04/27 02:14:14 /src/github.com/heketi/heketi/pkg/utils/ssh/ssh.go:176: Host: 192.168.48.14:22 Command: /bin/bash -c 'lvcreate --poolmetadatasize 8192K -c 256K -L 1048576K -T vg_d72d3bd802d4e511a80ce2f16181289d/tp_efb1c6204f024eb2990c3ef93c4e13c2 -V 1048576K -n brick_efb1c6204f024eb2990c3ef93c4e13c2'
Result:   Logical volume "brick_efb1c6204f024eb2990c3ef93c4e13c2" created.
[sshexec] DEBUG 2017/04/27 02:14:14 /src/github.com/heketi/heketi/pkg/utils/ssh/ssh.go:176: Host: 192.168.48.12:22 Command: /bin/bash -c 'lvcreate --poolmetadatasize 8192K -c 256K -L 1048576K -T vg_403cca7edce115dc1c641acc2f5f11fb/tp_f4fae094d9224c01fa670baf7ebd8a0d -V 1048576K -n brick_f4fae094d9224c01fa670baf7ebd8a0d'
Result:   Logical volume "brick_f4fae094d9224c01fa670baf7ebd8a0d" created.
[negroni] Started GET /queue/819c839b6dfb49fd1cdad7c38d698019
[negroni] Completed 200 OK in 72.248µs
[sshexec] DEBUG 2017/04/27 02:14:14 /src/github.com/heketi/heketi/pkg/utils/ssh/ssh.go:176: Host: 192.168.48.17:22 Command: /bin/bash -c 'lvcreate --poolmetadatasize 8192K -c 256K -L 1048576K -T vg_6c7ff8b53124baa86b5b789cd93274e1/tp_cbbcd8d0f6f16da5db9cec5f8b279715 -V 1048576K -n brick_cbbcd8d0f6f16da5db9cec5f8b279715'
Result:   Logical volume "brick_cbbcd8d0f6f16da5db9cec5f8b279715" created.
[sshexec] DEBUG 2017/04/27 02:14:14 /src/github.com/heketi/heketi/pkg/utils/ssh/ssh.go:176: Host: 192.168.48.12:22 Command: /bin/bash -c 'mkfs.xfs -i size=512 -n size=8192 /dev/mapper/vg_403cca7edce115dc1c641acc2f5f11fb-brick_f4fae094d9224c01fa670baf7ebd8a0d'
Result: meta-data=/dev/mapper/vg_403cca7edce115dc1c641acc2f5f11fb-brick_f4fae094d9224c01fa670baf7ebd8a0d isize=512    agcount=8, agsize=32704 blks
         =                       sectsz=4096  attr=2, projid32bit=1
         =                       crc=1        finobt=1, sparse=0
data     =                       bsize=4096   blocks=261632, imaxpct=25
         =                       sunit=64     swidth=64 blks
naming   =version 2              bsize=8192   ascii-ci=0 ftype=1
log      =internal log           bsize=4096   blocks=576, version=2
         =                       sectsz=4096  sunit=1 blks, lazy-count=1
realtime =none                   extsz=4096   blocks=0, rtextents=0
[sshexec] DEBUG 2017/04/27 02:14:14 /src/github.com/heketi/heketi/pkg/utils/ssh/ssh.go:176: Host: 192.168.48.14:22 Command: /bin/bash -c 'mkfs.xfs -i size=512 -n size=8192 /dev/mapper/vg_d72d3bd802d4e511a80ce2f16181289d-brick_efb1c6204f024eb2990c3ef93c4e13c2'
Result: meta-data=/dev/mapper/vg_d72d3bd802d4e511a80ce2f16181289d-brick_efb1c6204f024eb2990c3ef93c4e13c2 isize=512    agcount=8, agsize=32704 blks
         =                       sectsz=512   attr=2, projid32bit=1
         =                       crc=1        finobt=1, sparse=0
data     =                       bsize=4096   blocks=261632, imaxpct=25
         =                       sunit=64     swidth=64 blks
naming   =version 2              bsize=8192   ascii-ci=0 ftype=1
log      =internal log           bsize=4096   blocks=1728, version=2
         =                       sectsz=512   sunit=64 blks, lazy-count=1
realtime =none                   extsz=4096   blocks=0, rtextents=0
[sshexec] DEBUG 2017/04/27 02:14:14 /src/github.com/heketi/heketi/pkg/utils/ssh/ssh.go:176: Host: 192.168.48.12:22 Command: /bin/bash -c 'echo "/dev/mapper/vg_403cca7edce115dc1c641acc2f5f11fb-brick_f4fae094d9224c01fa670baf7ebd8a0d /var/lib/heketi/mounts/vg_403cca7edce115dc1c641acc2f5f11fb/brick_f4fae094d9224c01fa670baf7ebd8a0d xfs rw,inode64,noatime,nouuid 1 2" | tee -a /etc/fstab > /dev/null '
Result: 
[sshexec] DEBUG 2017/04/27 02:14:14 /src/github.com/heketi/heketi/pkg/utils/ssh/ssh.go:176: Host: 192.168.48.14:22 Command: /bin/bash -c 'echo "/dev/mapper/vg_d72d3bd802d4e511a80ce2f16181289d-brick_efb1c6204f024eb2990c3ef93c4e13c2 /var/lib/heketi/mounts/vg_d72d3bd802d4e511a80ce2f16181289d/brick_efb1c6204f024eb2990c3ef93c4e13c2 xfs rw,inode64,noatime,nouuid 1 2" | tee -a /etc/fstab > /dev/null '
Result: 
[sshexec] DEBUG 2017/04/27 02:14:15 /src/github.com/heketi/heketi/pkg/utils/ssh/ssh.go:176: Host: 192.168.48.17:22 Command: /bin/bash -c 'mkfs.xfs -i size=512 -n size=8192 /dev/mapper/vg_6c7ff8b53124baa86b5b789cd93274e1-brick_cbbcd8d0f6f16da5db9cec5f8b279715'
Result: meta-data=/dev/mapper/vg_6c7ff8b53124baa86b5b789cd93274e1-brick_cbbcd8d0f6f16da5db9cec5f8b279715 isize=512    agcount=8, agsize=32704 blks
         =                       sectsz=512   attr=2, projid32bit=1
         =                       crc=1        finobt=1, sparse=0
data     =                       bsize=4096   blocks=261632, imaxpct=25
         =                       sunit=64     swidth=64 blks
naming   =version 2              bsize=8192   ascii-ci=0 ftype=1
log      =internal log           bsize=4096   blocks=1728, version=2
         =                       sectsz=512   sunit=64 blks, lazy-count=1
realtime =none                   extsz=4096   blocks=0, rtextents=0
[sshexec] DEBUG 2017/04/27 02:14:15 /src/github.com/heketi/heketi/pkg/utils/ssh/ssh.go:176: Host: 192.168.48.17:22 Command: /bin/bash -c 'echo "/dev/mapper/vg_6c7ff8b53124baa86b5b789cd93274e1-brick_cbbcd8d0f6f16da5db9cec5f8b279715 /var/lib/heketi/mounts/vg_6c7ff8b53124baa86b5b789cd93274e1/brick_cbbcd8d0f6f16da5db9cec5f8b279715 xfs rw,inode64,noatime,nouuid 1 2" | tee -a /etc/fstab > /dev/null '
Result: 
[sshexec] DEBUG 2017/04/27 02:14:15 /src/github.com/heketi/heketi/pkg/utils/ssh/ssh.go:176: Host: 192.168.48.12:22 Command: /bin/bash -c 'mount -o rw,inode64,noatime,nouuid /dev/mapper/vg_403cca7edce115dc1c641acc2f5f11fb-brick_f4fae094d9224c01fa670baf7ebd8a0d /var/lib/heketi/mounts/vg_403cca7edce115dc1c641acc2f5f11fb/brick_f4fae094d9224c01fa670baf7ebd8a0d'
Result: 
[sshexec] DEBUG 2017/04/27 02:14:15 /src/github.com/heketi/heketi/pkg/utils/ssh/ssh.go:176: Host: 192.168.48.12:22 Command: /bin/bash -c 'mkdir /var/lib/heketi/mounts/vg_403cca7edce115dc1c641acc2f5f11fb/brick_f4fae094d9224c01fa670baf7ebd8a0d/brick'
Result: 
[sshexec] DEBUG 2017/04/27 02:14:15 /src/github.com/heketi/heketi/pkg/utils/ssh/ssh.go:176: Host: 192.168.48.12:22 Command: /bin/bash -c 'chown :2000 /var/lib/heketi/mounts/vg_403cca7edce115dc1c641acc2f5f11fb/brick_f4fae094d9224c01fa670baf7ebd8a0d/brick'
Result: 
[sshexec] DEBUG 2017/04/27 02:14:15 /src/github.com/heketi/heketi/pkg/utils/ssh/ssh.go:176: Host: 192.168.48.12:22 Command: /bin/bash -c 'chmod 2775 /var/lib/heketi/mounts/vg_403cca7edce115dc1c641acc2f5f11fb/brick_f4fae094d9224c01fa670baf7ebd8a0d/brick'
Result: 
[sshexec] DEBUG 2017/04/27 02:14:15 /src/github.com/heketi/heketi/pkg/utils/ssh/ssh.go:176: Host: 192.168.48.14:22 Command: /bin/bash -c 'mount -o rw,inode64,noatime,nouuid /dev/mapper/vg_d72d3bd802d4e511a80ce2f16181289d-brick_efb1c6204f024eb2990c3ef93c4e13c2 /var/lib/heketi/mounts/vg_d72d3bd802d4e511a80ce2f16181289d/brick_efb1c6204f024eb2990c3ef93c4e13c2'
Result: 
[sshexec] DEBUG 2017/04/27 02:14:15 /src/github.com/heketi/heketi/pkg/utils/ssh/ssh.go:176: Host: 192.168.48.14:22 Command: /bin/bash -c 'mkdir /var/lib/heketi/mounts/vg_d72d3bd802d4e511a80ce2f16181289d/brick_efb1c6204f024eb2990c3ef93c4e13c2/brick'
Result: 
[sshexec] DEBUG 2017/04/27 02:14:15 /src/github.com/heketi/heketi/pkg/utils/ssh/ssh.go:176: Host: 192.168.48.14:22 Command: /bin/bash -c 'chown :2000 /var/lib/heketi/mounts/vg_d72d3bd802d4e511a80ce2f16181289d/brick_efb1c6204f024eb2990c3ef93c4e13c2/brick'
Result: 
[sshexec] DEBUG 2017/04/27 02:14:15 /src/github.com/heketi/heketi/pkg/utils/ssh/ssh.go:176: Host: 192.168.48.14:22 Command: /bin/bash -c 'chmod 2775 /var/lib/heketi/mounts/vg_d72d3bd802d4e511a80ce2f16181289d/brick_efb1c6204f024eb2990c3ef93c4e13c2/brick'
Result: 
[sshexec] DEBUG 2017/04/27 02:14:15 /src/github.com/heketi/heketi/pkg/utils/ssh/ssh.go:176: Host: 192.168.48.17:22 Command: /bin/bash -c 'mount -o rw,inode64,noatime,nouuid /dev/mapper/vg_6c7ff8b53124baa86b5b789cd93274e1-brick_cbbcd8d0f6f16da5db9cec5f8b279715 /var/lib/heketi/mounts/vg_6c7ff8b53124baa86b5b789cd93274e1/brick_cbbcd8d0f6f16da5db9cec5f8b279715'
Result: 
[sshexec] DEBUG 2017/04/27 02:14:15 /src/github.com/heketi/heketi/pkg/utils/ssh/ssh.go:176: Host: 192.168.48.17:22 Command: /bin/bash -c 'mkdir /var/lib/heketi/mounts/vg_6c7ff8b53124baa86b5b789cd93274e1/brick_cbbcd8d0f6f16da5db9cec5f8b279715/brick'
Result: 
[sshexec] DEBUG 2017/04/27 02:14:15 /src/github.com/heketi/heketi/pkg/utils/ssh/ssh.go:176: Host: 192.168.48.17:22 Command: /bin/bash -c 'chown :2000 /var/lib/heketi/mounts/vg_6c7ff8b53124baa86b5b789cd93274e1/brick_cbbcd8d0f6f16da5db9cec5f8b279715/brick'
Result: 
[sshexec] DEBUG 2017/04/27 02:14:15 /src/github.com/heketi/heketi/pkg/utils/ssh/ssh.go:176: Host: 192.168.48.17:22 Command: /bin/bash -c 'chmod 2775 /var/lib/heketi/mounts/vg_6c7ff8b53124baa86b5b789cd93274e1/brick_cbbcd8d0f6f16da5db9cec5f8b279715/brick'
Result: 
[sshexec] INFO 2017/04/27 02:14:15 Creating volume vol_bef246c9847c5dcd3a9c97945628ad14 replica 3
[sshexec] ERROR 2017/04/27 02:14:15 /src/github.com/heketi/heketi/pkg/utils/ssh/ssh.go:173: Failed to run command [/bin/bash -c 'gluster --mode=script volume create vol_bef246c9847c5dcd3a9c97945628ad14 replica 3 192.168.48.12:/var/lib/heketi/mounts/vg_403cca7edce115dc1c641acc2f5f11fb/brick_f4fae094d9224c01fa670baf7ebd8a0d/brick 192.168.48.17:/var/lib/heketi/mounts/vg_6c7ff8b53124baa86b5b789cd93274e1/brick_cbbcd8d0f6f16da5db9cec5f8b279715/brick 192.168.48.14:/var/lib/heketi/mounts/vg_d72d3bd802d4e511a80ce2f16181289d/brick_efb1c6204f024eb2990c3ef93c4e13c2/brick '] on 192.168.48.12:22: Err[Process exited with: 1. Reason was:  ()]: Stdout []: Stderr [volume create: vol_bef246c9847c5dcd3a9c97945628ad14: failed: Host 192.168.48.14 is not in 'Peer in Cluster' state
]
[negroni] Started GET /queue/819c839b6dfb49fd1cdad7c38d698019
[negroni] Completed 200 OK in 89.182µs
[sshexec] ERROR 2017/04/27 02:14:15 /src/github.com/heketi/heketi/pkg/utils/ssh/ssh.go:173: Failed to run command [/bin/bash -c 'gluster --mode=script volume stop vol_bef246c9847c5dcd3a9c97945628ad14 force'] on 192.168.48.12:22: Err[Process exited with: 1. Reason was:  ()]: Stdout []: Stderr [volume stop: vol_bef246c9847c5dcd3a9c97945628ad14: failed: Volume vol_bef246c9847c5dcd3a9c97945628ad14 does not exist
]
[sshexec] ERROR 2017/04/27 02:14:15 /src/github.com/heketi/heketi/executors/sshexec/volume.go:130: Unable to stop volume vol_bef246c9847c5dcd3a9c97945628ad14: volume stop: vol_bef246c9847c5dcd3a9c97945628ad14: failed: Volume vol_bef246c9847c5dcd3a9c97945628ad14 does not exist
[sshexec] ERROR 2017/04/27 02:14:16 /src/github.com/heketi/heketi/pkg/utils/ssh/ssh.go:173: Failed to run command [/bin/bash -c 'gluster --mode=script volume delete vol_bef246c9847c5dcd3a9c97945628ad14'] on 192.168.48.12:22: Err[Process exited with: 1. Reason was:  ()]: Stdout []: Stderr [volume delete: vol_bef246c9847c5dcd3a9c97945628ad14: failed: Volume vol_bef246c9847c5dcd3a9c97945628ad14 does not exist
]
[sshexec] ERROR 2017/04/27 02:14:16 /src/github.com/heketi/heketi/executors/sshexec/volume.go:139: Unable to delete volume vol_bef246c9847c5dcd3a9c97945628ad14: volume delete: vol_bef246c9847c5dcd3a9c97945628ad14: failed: Volume vol_bef246c9847c5dcd3a9c97945628ad14 does not exist
[heketi] INFO 2017/04/27 02:14:16 Deleting brick efb1c6204f024eb2990c3ef93c4e13c2
[heketi] INFO 2017/04/27 02:14:16 Deleting brick cbbcd8d0f6f16da5db9cec5f8b279715
[heketi] INFO 2017/04/27 02:14:16 Deleting brick f4fae094d9224c01fa670baf7ebd8a0d
[sshexec] DEBUG 2017/04/27 02:14:16 /src/github.com/heketi/heketi/pkg/utils/ssh/ssh.go:176: Host: 192.168.48.12:22 Command: /bin/bash -c 'umount /var/lib/heketi/mounts/vg_403cca7edce115dc1c641acc2f5f11fb/brick_f4fae094d9224c01fa670baf7ebd8a0d'
Result: 
[sshexec] DEBUG 2017/04/27 02:14:16 /src/github.com/heketi/heketi/pkg/utils/ssh/ssh.go:176: Host: 192.168.48.14:22 Command: /bin/bash -c 'umount /var/lib/heketi/mounts/vg_d72d3bd802d4e511a80ce2f16181289d/brick_efb1c6204f024eb2990c3ef93c4e13c2'
Result: 
[sshexec] DEBUG 2017/04/27 02:14:16 /src/github.com/heketi/heketi/pkg/utils/ssh/ssh.go:176: Host: 192.168.48.17:22 Command: /bin/bash -c 'umount /var/lib/heketi/mounts/vg_6c7ff8b53124baa86b5b789cd93274e1/brick_cbbcd8d0f6f16da5db9cec5f8b279715'
Result: 
[negroni] Started GET /queue/819c839b6dfb49fd1cdad7c38d698019
[negroni] Completed 200 OK in 138.254µs
[sshexec] DEBUG 2017/04/27 02:14:17 /src/github.com/heketi/heketi/pkg/utils/ssh/ssh.go:176: Host: 192.168.48.17:22 Command: /bin/bash -c 'lvremove -f vg_6c7ff8b53124baa86b5b789cd93274e1/tp_cbbcd8d0f6f16da5db9cec5f8b279715'
Result:   Logical volume "brick_cbbcd8d0f6f16da5db9cec5f8b279715" successfully removed
  Logical volume "tp_cbbcd8d0f6f16da5db9cec5f8b279715" successfully removed
[sshexec] DEBUG 2017/04/27 02:14:17 /src/github.com/heketi/heketi/pkg/utils/ssh/ssh.go:176: Host: 192.168.48.14:22 Command: /bin/bash -c 'lvremove -f vg_d72d3bd802d4e511a80ce2f16181289d/tp_efb1c6204f024eb2990c3ef93c4e13c2'
Result:   Logical volume "brick_efb1c6204f024eb2990c3ef93c4e13c2" successfully removed
  Logical volume "tp_efb1c6204f024eb2990c3ef93c4e13c2" successfully removed
[sshexec] DEBUG 2017/04/27 02:14:17 /src/github.com/heketi/heketi/pkg/utils/ssh/ssh.go:176: Host: 192.168.48.12:22 Command: /bin/bash -c 'lvremove -f vg_403cca7edce115dc1c641acc2f5f11fb/tp_f4fae094d9224c01fa670baf7ebd8a0d'
Result:   Logical volume "brick_f4fae094d9224c01fa670baf7ebd8a0d" successfully removed
  Logical volume "tp_f4fae094d9224c01fa670baf7ebd8a0d" successfully removed
[sshexec] DEBUG 2017/04/27 02:14:17 /src/github.com/heketi/heketi/pkg/utils/ssh/ssh.go:176: Host: 192.168.48.17:22 Command: /bin/bash -c 'rmdir /var/lib/heketi/mounts/vg_6c7ff8b53124baa86b5b789cd93274e1/brick_cbbcd8d0f6f16da5db9cec5f8b279715'
Result: 
[sshexec] DEBUG 2017/04/27 02:14:17 /src/github.com/heketi/heketi/pkg/utils/ssh/ssh.go:176: Host: 192.168.48.14:22 Command: /bin/bash -c 'rmdir /var/lib/heketi/mounts/vg_d72d3bd802d4e511a80ce2f16181289d/brick_efb1c6204f024eb2990c3ef93c4e13c2'
Result: 
[sshexec] DEBUG 2017/04/27 02:14:17 /src/github.com/heketi/heketi/pkg/utils/ssh/ssh.go:176: Host: 192.168.48.12:22 Command: /bin/bash -c 'rmdir /var/lib/heketi/mounts/vg_403cca7edce115dc1c641acc2f5f11fb/brick_f4fae094d9224c01fa670baf7ebd8a0d'
Result: 
[sshexec] DEBUG 2017/04/27 02:14:17 /src/github.com/heketi/heketi/pkg/utils/ssh/ssh.go:176: Host: 192.168.48.17:22 Command: /bin/bash -c 'sed -i.save "/brick_cbbcd8d0f6f16da5db9cec5f8b279715/d" /etc/fstab'
Result: 
[sshexec] DEBUG 2017/04/27 02:14:17 /src/github.com/heketi/heketi/pkg/utils/ssh/ssh.go:176: Host: 192.168.48.14:22 Command: /bin/bash -c 'sed -i.save "/brick_efb1c6204f024eb2990c3ef93c4e13c2/d" /etc/fstab'
Result: 
[sshexec] DEBUG 2017/04/27 02:14:17 /src/github.com/heketi/heketi/pkg/utils/ssh/ssh.go:176: Host: 192.168.48.12:22 Command: /bin/bash -c 'sed -i.save "/brick_f4fae094d9224c01fa670baf7ebd8a0d/d" /etc/fstab'
Result: 
[asynchttp] INFO 2017/04/27 02:14:17 Completed job 819c839b6dfb49fd1cdad7c38d698019 in 3.670227796s
[heketi] ERROR 2017/04/27 02:14:17 /src/github.com/heketi/heketi/apps/glusterfs/app_volume.go:148: Failed to create volume: volume create: vol_bef246c9847c5dcd3a9c97945628ad14: failed: Host 192.168.48.14 is not in 'Peer in Cluster' state
[negroni] Started GET /queue/819c839b6dfb49fd1cdad7c38d698019
[negroni] Completed 500 Internal Server Error in 61.905µs
[negroni] Started POST /volumes
[negroni] Completed 202 Accepted in 20.40371ms
[asynchttp] INFO 2017/04/27 02:14:28 Started job f085d3975e7b7dc069c95071cedb2e68
[heketi] INFO 2017/04/27 02:14:28 Creating volume 73600d36167fe7202a60512274926024
[heketi] INFO 2017/04/27 02:14:28 brick_num: 0
[negroni] Started GET /queue/f085d3975e7b7dc069c95071cedb2e68
[negroni] Completed 200 OK in 58.666µs
[heketi] INFO 2017/04/27 02:14:28 Creating brick 5a940e9d215ef776f5878ef20e2056ec
[heketi] INFO 2017/04/27 02:14:28 Creating brick 5cae142d9e867f76117f2bcf61303ea8
[heketi] INFO 2017/04/27 02:14:28 Creating brick 86eb81edb2fff08863c65de121178292
[sshexec] DEBUG 2017/04/27 02:14:29 /src/github.com/heketi/heketi/pkg/utils/ssh/ssh.go:176: Host: 192.168.48.12:22 Command: /bin/bash -c 'mkdir -p /var/lib/heketi/mounts/vg_403cca7edce115dc1c641acc2f5f11fb/brick_86eb81edb2fff08863c65de121178292'
Result: 
[sshexec] DEBUG 2017/04/27 02:14:29 /src/github.com/heketi/heketi/pkg/utils/ssh/ssh.go:176: Host: 192.168.48.14:22 Command: /bin/bash -c 'mkdir -p /var/lib/heketi/mounts/vg_d72d3bd802d4e511a80ce2f16181289d/brick_5a940e9d215ef776f5878ef20e2056ec'
Result: 
[sshexec] DEBUG 2017/04/27 02:14:29 /src/github.com/heketi/heketi/pkg/utils/ssh/ssh.go:176: Host: 192.168.48.17:22 Command: /bin/bash -c 'mkdir -p /var/lib/heketi/mounts/vg_6c7ff8b53124baa86b5b789cd93274e1/brick_5cae142d9e867f76117f2bcf61303ea8'
Result: 
[sshexec] DEBUG 2017/04/27 02:14:29 /src/github.com/heketi/heketi/pkg/utils/ssh/ssh.go:176: Host: 192.168.48.12:22 Command: /bin/bash -c 'lvcreate --poolmetadatasize 8192K -c 256K -L 1048576K -T vg_403cca7edce115dc1c641acc2f5f11fb/tp_86eb81edb2fff08863c65de121178292 -V 1048576K -n brick_86eb81edb2fff08863c65de121178292'
Result:   Logical volume "brick_86eb81edb2fff08863c65de121178292" created.
[sshexec] DEBUG 2017/04/27 02:14:29 /src/github.com/heketi/heketi/pkg/utils/ssh/ssh.go:176: Host: 192.168.48.17:22 Command: /bin/bash -c 'lvcreate --poolmetadatasize 8192K -c 256K -L 1048576K -T vg_6c7ff8b53124baa86b5b789cd93274e1/tp_5cae142d9e867f76117f2bcf61303ea8 -V 1048576K -n brick_5cae142d9e867f76117f2bcf61303ea8'
Result:   Logical volume "brick_5cae142d9e867f76117f2bcf61303ea8" created.
[sshexec] DEBUG 2017/04/27 02:14:29 /src/github.com/heketi/heketi/pkg/utils/ssh/ssh.go:176: Host: 192.168.48.14:22 Command: /bin/bash -c 'lvcreate --poolmetadatasize 8192K -c 256K -L 1048576K -T vg_d72d3bd802d4e511a80ce2f16181289d/tp_5a940e9d215ef776f5878ef20e2056ec -V 1048576K -n brick_5a940e9d215ef776f5878ef20e2056ec'
Result:   Logical volume "brick_5a940e9d215ef776f5878ef20e2056ec" created.
[sshexec] DEBUG 2017/04/27 02:14:29 /src/github.com/heketi/heketi/pkg/utils/ssh/ssh.go:176: Host: 192.168.48.12:22 Command: /bin/bash -c 'mkfs.xfs -i size=512 -n size=8192 /dev/mapper/vg_403cca7edce115dc1c641acc2f5f11fb-brick_86eb81edb2fff08863c65de121178292'
Result: meta-data=/dev/mapper/vg_403cca7edce115dc1c641acc2f5f11fb-brick_86eb81edb2fff08863c65de121178292 isize=512    agcount=8, agsize=32704 blks
         =                       sectsz=4096  attr=2, projid32bit=1
         =                       crc=1        finobt=1, sparse=0
data     =                       bsize=4096   blocks=261632, imaxpct=25
         =                       sunit=64     swidth=64 blks
naming   =version 2              bsize=8192   ascii-ci=0 ftype=1
log      =internal log           bsize=4096   blocks=576, version=2
         =                       sectsz=4096  sunit=1 blks, lazy-count=1
realtime =none                   extsz=4096   blocks=0, rtextents=0
[sshexec] DEBUG 2017/04/27 02:14:29 /src/github.com/heketi/heketi/pkg/utils/ssh/ssh.go:176: Host: 192.168.48.12:22 Command: /bin/bash -c 'echo "/dev/mapper/vg_403cca7edce115dc1c641acc2f5f11fb-brick_86eb81edb2fff08863c65de121178292 /var/lib/heketi/mounts/vg_403cca7edce115dc1c641acc2f5f11fb/brick_86eb81edb2fff08863c65de121178292 xfs rw,inode64,noatime,nouuid 1 2" | tee -a /etc/fstab > /dev/null '
Result: 
[negroni] Started GET /queue/f085d3975e7b7dc069c95071cedb2e68
[negroni] Completed 200 OK in 103.42µs
[sshexec] DEBUG 2017/04/27 02:14:29 /src/github.com/heketi/heketi/pkg/utils/ssh/ssh.go:176: Host: 192.168.48.17:22 Command: /bin/bash -c 'mkfs.xfs -i size=512 -n size=8192 /dev/mapper/vg_6c7ff8b53124baa86b5b789cd93274e1-brick_5cae142d9e867f76117f2bcf61303ea8'
Result: meta-data=/dev/mapper/vg_6c7ff8b53124baa86b5b789cd93274e1-brick_5cae142d9e867f76117f2bcf61303ea8 isize=512    agcount=8, agsize=32704 blks
         =                       sectsz=512   attr=2, projid32bit=1
         =                       crc=1        finobt=1, sparse=0
data     =                       bsize=4096   blocks=261632, imaxpct=25
         =                       sunit=64     swidth=64 blks
naming   =version 2              bsize=8192   ascii-ci=0 ftype=1
log      =internal log           bsize=4096   blocks=1728, version=2
         =                       sectsz=512   sunit=64 blks, lazy-count=1
realtime =none                   extsz=4096   blocks=0, rtextents=0
[sshexec] DEBUG 2017/04/27 02:14:29 /src/github.com/heketi/heketi/pkg/utils/ssh/ssh.go:176: Host: 192.168.48.17:22 Command: /bin/bash -c 'echo "/dev/mapper/vg_6c7ff8b53124baa86b5b789cd93274e1-brick_5cae142d9e867f76117f2bcf61303ea8 /var/lib/heketi/mounts/vg_6c7ff8b53124baa86b5b789cd93274e1/brick_5cae142d9e867f76117f2bcf61303ea8 xfs rw,inode64,noatime,nouuid 1 2" | tee -a /etc/fstab > /dev/null '
Result: 
[sshexec] DEBUG 2017/04/27 02:14:29 /src/github.com/heketi/heketi/pkg/utils/ssh/ssh.go:176: Host: 192.168.48.12:22 Command: /bin/bash -c 'mount -o rw,inode64,noatime,nouuid /dev/mapper/vg_403cca7edce115dc1c641acc2f5f11fb-brick_86eb81edb2fff08863c65de121178292 /var/lib/heketi/mounts/vg_403cca7edce115dc1c641acc2f5f11fb/brick_86eb81edb2fff08863c65de121178292'
Result: 
[sshexec] DEBUG 2017/04/27 02:14:29 /src/github.com/heketi/heketi/pkg/utils/ssh/ssh.go:176: Host: 192.168.48.12:22 Command: /bin/bash -c 'mkdir /var/lib/heketi/mounts/vg_403cca7edce115dc1c641acc2f5f11fb/brick_86eb81edb2fff08863c65de121178292/brick'
Result: 
[sshexec] DEBUG 2017/04/27 02:14:29 /src/github.com/heketi/heketi/pkg/utils/ssh/ssh.go:176: Host: 192.168.48.12:22 Command: /bin/bash -c 'chown :2000 /var/lib/heketi/mounts/vg_403cca7edce115dc1c641acc2f5f11fb/brick_86eb81edb2fff08863c65de121178292/brick'
Result: 
[sshexec] DEBUG 2017/04/27 02:14:29 /src/github.com/heketi/heketi/pkg/utils/ssh/ssh.go:176: Host: 192.168.48.12:22 Command: /bin/bash -c 'chmod 2775 /var/lib/heketi/mounts/vg_403cca7edce115dc1c641acc2f5f11fb/brick_86eb81edb2fff08863c65de121178292/brick'
Result: 
[sshexec] DEBUG 2017/04/27 02:14:29 /src/github.com/heketi/heketi/pkg/utils/ssh/ssh.go:176: Host: 192.168.48.14:22 Command: /bin/bash -c 'mkfs.xfs -i size=512 -n size=8192 /dev/mapper/vg_d72d3bd802d4e511a80ce2f16181289d-brick_5a940e9d215ef776f5878ef20e2056ec'
Result: meta-data=/dev/mapper/vg_d72d3bd802d4e511a80ce2f16181289d-brick_5a940e9d215ef776f5878ef20e2056ec isize=512    agcount=8, agsize=32704 blks
         =                       sectsz=512   attr=2, projid32bit=1
         =                       crc=1        finobt=1, sparse=0
data     =                       bsize=4096   blocks=261632, imaxpct=25
         =                       sunit=64     swidth=64 blks
naming   =version 2              bsize=8192   ascii-ci=0 ftype=1
log      =internal log           bsize=4096   blocks=1728, version=2
         =                       sectsz=512   sunit=64 blks, lazy-count=1
realtime =none                   extsz=4096   blocks=0, rtextents=0
[sshexec] DEBUG 2017/04/27 02:14:29 /src/github.com/heketi/heketi/pkg/utils/ssh/ssh.go:176: Host: 192.168.48.14:22 Command: /bin/bash -c 'echo "/dev/mapper/vg_d72d3bd802d4e511a80ce2f16181289d-brick_5a940e9d215ef776f5878ef20e2056ec /var/lib/heketi/mounts/vg_d72d3bd802d4e511a80ce2f16181289d/brick_5a940e9d215ef776f5878ef20e2056ec xfs rw,inode64,noatime,nouuid 1 2" | tee -a /etc/fstab > /dev/null '
Result: 
[sshexec] DEBUG 2017/04/27 02:14:30 /src/github.com/heketi/heketi/pkg/utils/ssh/ssh.go:176: Host: 192.168.48.17:22 Command: /bin/bash -c 'mount -o rw,inode64,noatime,nouuid /dev/mapper/vg_6c7ff8b53124baa86b5b789cd93274e1-brick_5cae142d9e867f76117f2bcf61303ea8 /var/lib/heketi/mounts/vg_6c7ff8b53124baa86b5b789cd93274e1/brick_5cae142d9e867f76117f2bcf61303ea8'
Result: 
[sshexec] DEBUG 2017/04/27 02:14:30 /src/github.com/heketi/heketi/pkg/utils/ssh/ssh.go:176: Host: 192.168.48.17:22 Command: /bin/bash -c 'mkdir /var/lib/heketi/mounts/vg_6c7ff8b53124baa86b5b789cd93274e1/brick_5cae142d9e867f76117f2bcf61303ea8/brick'
Result: 
[sshexec] DEBUG 2017/04/27 02:14:30 /src/github.com/heketi/heketi/pkg/utils/ssh/ssh.go:176: Host: 192.168.48.17:22 Command: /bin/bash -c 'chown :2000 /var/lib/heketi/mounts/vg_6c7ff8b53124baa86b5b789cd93274e1/brick_5cae142d9e867f76117f2bcf61303ea8/brick'
Result: 
[sshexec] DEBUG 2017/04/27 02:14:30 /src/github.com/heketi/heketi/pkg/utils/ssh/ssh.go:176: Host: 192.168.48.17:22 Command: /bin/bash -c 'chmod 2775 /var/lib/heketi/mounts/vg_6c7ff8b53124baa86b5b789cd93274e1/brick_5cae142d9e867f76117f2bcf61303ea8/brick'
Result: 
[sshexec] DEBUG 2017/04/27 02:14:30 /src/github.com/heketi/heketi/pkg/utils/ssh/ssh.go:176: Host: 192.168.48.14:22 Command: /bin/bash -c 'mount -o rw,inode64,noatime,nouuid /dev/mapper/vg_d72d3bd802d4e511a80ce2f16181289d-brick_5a940e9d215ef776f5878ef20e2056ec /var/lib/heketi/mounts/vg_d72d3bd802d4e511a80ce2f16181289d/brick_5a940e9d215ef776f5878ef20e2056ec'
Result: 
[sshexec] DEBUG 2017/04/27 02:14:30 /src/github.com/heketi/heketi/pkg/utils/ssh/ssh.go:176: Host: 192.168.48.14:22 Command: /bin/bash -c 'mkdir /var/lib/heketi/mounts/vg_d72d3bd802d4e511a80ce2f16181289d/brick_5a940e9d215ef776f5878ef20e2056ec/brick'
Result: 
[sshexec] DEBUG 2017/04/27 02:14:30 /src/github.com/heketi/heketi/pkg/utils/ssh/ssh.go:176: Host: 192.168.48.14:22 Command: /bin/bash -c 'chown :2000 /var/lib/heketi/mounts/vg_d72d3bd802d4e511a80ce2f16181289d/brick_5a940e9d215ef776f5878ef20e2056ec/brick'
Result: 
[sshexec] DEBUG 2017/04/27 02:14:30 /src/github.com/heketi/heketi/pkg/utils/ssh/ssh.go:176: Host: 192.168.48.14:22 Command: /bin/bash -c 'chmod 2775 /var/lib/heketi/mounts/vg_d72d3bd802d4e511a80ce2f16181289d/brick_5a940e9d215ef776f5878ef20e2056ec/brick'
Result: 
[sshexec] INFO 2017/04/27 02:14:30 Creating volume vol_73600d36167fe7202a60512274926024 replica 3
[sshexec] ERROR 2017/04/27 02:14:30 /src/github.com/heketi/heketi/pkg/utils/ssh/ssh.go:173: Failed to run command [/bin/bash -c 'gluster --mode=script volume create vol_73600d36167fe7202a60512274926024 replica 3 192.168.48.14:/var/lib/heketi/mounts/vg_d72d3bd802d4e511a80ce2f16181289d/brick_5a940e9d215ef776f5878ef20e2056ec/brick 192.168.48.12:/var/lib/heketi/mounts/vg_403cca7edce115dc1c641acc2f5f11fb/brick_86eb81edb2fff08863c65de121178292/brick 192.168.48.17:/var/lib/heketi/mounts/vg_6c7ff8b53124baa86b5b789cd93274e1/brick_5cae142d9e867f76117f2bcf61303ea8/brick '] on 192.168.48.14:22: Err[Process exited with: 1. Reason was:  ()]: Stdout []: Stderr [volume create: vol_73600d36167fe7202a60512274926024: failed: Staging failed on 192.168.48.17. Error: Host 192.168.48.14 is not in 'Peer in Cluster' state
Staging failed on 192.168.48.12. Error: Host 192.168.48.14 is not in 'Peer in Cluster' state
]
[negroni] Started GET /queue/f085d3975e7b7dc069c95071cedb2e68
[negroni] Completed 200 OK in 124.346µs
[sshexec] ERROR 2017/04/27 02:14:30 /src/github.com/heketi/heketi/pkg/utils/ssh/ssh.go:173: Failed to run command [/bin/bash -c 'gluster --mode=script volume stop vol_73600d36167fe7202a60512274926024 force'] on 192.168.48.14:22: Err[Process exited with: 1. Reason was:  ()]: Stdout []: Stderr [volume stop: vol_73600d36167fe7202a60512274926024: failed: Volume vol_73600d36167fe7202a60512274926024 does not exist
]
[sshexec] ERROR 2017/04/27 02:14:30 /src/github.com/heketi/heketi/executors/sshexec/volume.go:130: Unable to stop volume vol_73600d36167fe7202a60512274926024: volume stop: vol_73600d36167fe7202a60512274926024: failed: Volume vol_73600d36167fe7202a60512274926024 does not exist
[sshexec] ERROR 2017/04/27 02:14:31 /src/github.com/heketi/heketi/pkg/utils/ssh/ssh.go:173: Failed to run command [/bin/bash -c 'gluster --mode=script volume delete vol_73600d36167fe7202a60512274926024'] on 192.168.48.14:22: Err[Process exited with: 1. Reason was:  ()]: Stdout []: Stderr [volume delete: vol_73600d36167fe7202a60512274926024: failed: Volume vol_73600d36167fe7202a60512274926024 does not exist
]
[sshexec] ERROR 2017/04/27 02:14:31 /src/github.com/heketi/heketi/executors/sshexec/volume.go:139: Unable to delete volume vol_73600d36167fe7202a60512274926024: volume delete: vol_73600d36167fe7202a60512274926024: failed: Volume vol_73600d36167fe7202a60512274926024 does not exist
[heketi] INFO 2017/04/27 02:14:31 Deleting brick 5a940e9d215ef776f5878ef20e2056ec
[heketi] INFO 2017/04/27 02:14:31 Deleting brick 86eb81edb2fff08863c65de121178292
[heketi] INFO 2017/04/27 02:14:31 Deleting brick 5cae142d9e867f76117f2bcf61303ea8
[sshexec] DEBUG 2017/04/27 02:14:31 /src/github.com/heketi/heketi/pkg/utils/ssh/ssh.go:176: Host: 192.168.48.12:22 Command: /bin/bash -c 'umount /var/lib/heketi/mounts/vg_403cca7edce115dc1c641acc2f5f11fb/brick_86eb81edb2fff08863c65de121178292'
Result: 
[sshexec] DEBUG 2017/04/27 02:14:31 /src/github.com/heketi/heketi/pkg/utils/ssh/ssh.go:176: Host: 192.168.48.14:22 Command: /bin/bash -c 'umount /var/lib/heketi/mounts/vg_d72d3bd802d4e511a80ce2f16181289d/brick_5a940e9d215ef776f5878ef20e2056ec'
Result: 
[sshexec] DEBUG 2017/04/27 02:14:31 /src/github.com/heketi/heketi/pkg/utils/ssh/ssh.go:176: Host: 192.168.48.17:22 Command: /bin/bash -c 'umount /var/lib/heketi/mounts/vg_6c7ff8b53124baa86b5b789cd93274e1/brick_5cae142d9e867f76117f2bcf61303ea8'
Result: 
[negroni] Started GET /queue/f085d3975e7b7dc069c95071cedb2e68
[negroni] Completed 200 OK in 124.318µs
[sshexec] DEBUG 2017/04/27 02:14:31 /src/github.com/heketi/heketi/pkg/utils/ssh/ssh.go:176: Host: 192.168.48.17:22 Command: /bin/bash -c 'lvremove -f vg_6c7ff8b53124baa86b5b789cd93274e1/tp_5cae142d9e867f76117f2bcf61303ea8'
Result:   Logical volume "brick_5cae142d9e867f76117f2bcf61303ea8" successfully removed
  Logical volume "tp_5cae142d9e867f76117f2bcf61303ea8" successfully removed
[sshexec] DEBUG 2017/04/27 02:14:32 /src/github.com/heketi/heketi/pkg/utils/ssh/ssh.go:176: Host: 192.168.48.12:22 Command: /bin/bash -c 'lvremove -f vg_403cca7edce115dc1c641acc2f5f11fb/tp_86eb81edb2fff08863c65de121178292'
Result:   Logical volume "brick_86eb81edb2fff08863c65de121178292" successfully removed
  Logical volume "tp_86eb81edb2fff08863c65de121178292" successfully removed
[sshexec] DEBUG 2017/04/27 02:14:32 /src/github.com/heketi/heketi/pkg/utils/ssh/ssh.go:176: Host: 192.168.48.14:22 Command: /bin/bash -c 'lvremove -f vg_d72d3bd802d4e511a80ce2f16181289d/tp_5a940e9d215ef776f5878ef20e2056ec'
Result:   Logical volume "brick_5a940e9d215ef776f5878ef20e2056ec" successfully removed
  Logical volume "tp_5a940e9d215ef776f5878ef20e2056ec" successfully removed
[sshexec] DEBUG 2017/04/27 02:14:32 /src/github.com/heketi/heketi/pkg/utils/ssh/ssh.go:176: Host: 192.168.48.17:22 Command: /bin/bash -c 'rmdir /var/lib/heketi/mounts/vg_6c7ff8b53124baa86b5b789cd93274e1/brick_5cae142d9e867f76117f2bcf61303ea8'
Result: 
[sshexec] DEBUG 2017/04/27 02:14:32 /src/github.com/heketi/heketi/pkg/utils/ssh/ssh.go:176: Host: 192.168.48.14:22 Command: /bin/bash -c 'rmdir /var/lib/heketi/mounts/vg_d72d3bd802d4e511a80ce2f16181289d/brick_5a940e9d215ef776f5878ef20e2056ec'
Result: 
[sshexec] DEBUG 2017/04/27 02:14:32 /src/github.com/heketi/heketi/pkg/utils/ssh/ssh.go:176: Host: 192.168.48.12:22 Command: /bin/bash -c 'rmdir /var/lib/heketi/mounts/vg_403cca7edce115dc1c641acc2f5f11fb/brick_86eb81edb2fff08863c65de121178292'
Result: 
[sshexec] DEBUG 2017/04/27 02:14:32 /src/github.com/heketi/heketi/pkg/utils/ssh/ssh.go:176: Host: 192.168.48.17:22 Command: /bin/bash -c 'sed -i.save "/brick_5cae142d9e867f76117f2bcf61303ea8/d" /etc/fstab'
Result: 
[sshexec] DEBUG 2017/04/27 02:14:32 /src/github.com/heketi/heketi/pkg/utils/ssh/ssh.go:176: Host: 192.168.48.14:22 Command: /bin/bash -c 'sed -i.save "/brick_5a940e9d215ef776f5878ef20e2056ec/d" /etc/fstab'
Result: 
[sshexec] DEBUG 2017/04/27 02:14:32 /src/github.com/heketi/heketi/pkg/utils/ssh/ssh.go:176: Host: 192.168.48.12:22 Command: /bin/bash -c 'sed -i.save "/brick_86eb81edb2fff08863c65de121178292/d" /etc/fstab'
Result: 
[heketi] ERROR 2017/04/27 02:14:32 /src/github.com/heketi/heketi/apps/glusterfs/app_volume.go:148: Failed to create volume: volume create: vol_73600d36167fe7202a60512274926024: failed: Staging failed on 192.168.48.17. Error: Host 192.168.48.14 is not in 'Peer in Cluster' state
Staging failed on 192.168.48.12. Error: Host 192.168.48.14 is not in 'Peer in Cluster' state
[asynchttp] INFO 2017/04/27 02:14:32 Completed job f085d3975e7b7dc069c95071cedb2e68 in 3.758579997s
[negroni] Started GET /queue/f085d3975e7b7dc069c95071cedb2e68
[negroni] Completed 500 Internal Server Error in 101.889µs
[negroni] Started POST /volumes
[negroni] Completed 202 Accepted in 16.293057ms
[asynchttp] INFO 2017/04/27 02:14:43 Started job 26c5f2e98576e39bf2e5de04bf26f125
[heketi] INFO 2017/04/27 02:14:43 Creating volume c80ca18e6c6d7dfe8bfc4e084f85ca86
[heketi] INFO 2017/04/27 02:14:43 brick_num: 0
[negroni] Started GET /queue/26c5f2e98576e39bf2e5de04bf26f125
[negroni] Completed 200 OK in 156.551µs
[heketi] INFO 2017/04/27 02:14:43 Creating brick 8d269bf73de24bb5db2857a2b354167f
[heketi] INFO 2017/04/27 02:14:43 Creating brick a2ada03a2daf304968f7479c4bdd1954
[heketi] INFO 2017/04/27 02:14:43 Creating brick ce6d9c821d3ad3df1d40a5b41faa4f7f
[sshexec] DEBUG 2017/04/27 02:14:44 /src/github.com/heketi/heketi/pkg/utils/ssh/ssh.go:176: Host: 192.168.48.12:22 Command: /bin/bash -c 'mkdir -p /var/lib/heketi/mounts/vg_403cca7edce115dc1c641acc2f5f11fb/brick_a2ada03a2daf304968f7479c4bdd1954'
Result: 
[sshexec] DEBUG 2017/04/27 02:14:44 /src/github.com/heketi/heketi/pkg/utils/ssh/ssh.go:176: Host: 192.168.48.14:22 Command: /bin/bash -c 'mkdir -p /var/lib/heketi/mounts/vg_d72d3bd802d4e511a80ce2f16181289d/brick_8d269bf73de24bb5db2857a2b354167f'
Result: 
[sshexec] DEBUG 2017/04/27 02:14:44 /src/github.com/heketi/heketi/pkg/utils/ssh/ssh.go:176: Host: 192.168.48.17:22 Command: /bin/bash -c 'mkdir -p /var/lib/heketi/mounts/vg_6c7ff8b53124baa86b5b789cd93274e1/brick_ce6d9c821d3ad3df1d40a5b41faa4f7f'
Result: 
[sshexec] DEBUG 2017/04/27 02:14:44 /src/github.com/heketi/heketi/pkg/utils/ssh/ssh.go:176: Host: 192.168.48.17:22 Command: /bin/bash -c 'lvcreate --poolmetadatasize 8192K -c 256K -L 1048576K -T vg_6c7ff8b53124baa86b5b789cd93274e1/tp_ce6d9c821d3ad3df1d40a5b41faa4f7f -V 1048576K -n brick_ce6d9c821d3ad3df1d40a5b41faa4f7f'
Result:   Logical volume "brick_ce6d9c821d3ad3df1d40a5b41faa4f7f" created.
[sshexec] DEBUG 2017/04/27 02:14:44 /src/github.com/heketi/heketi/pkg/utils/ssh/ssh.go:176: Host: 192.168.48.12:22 Command: /bin/bash -c 'lvcreate --poolmetadatasize 8192K -c 256K -L 1048576K -T vg_403cca7edce115dc1c641acc2f5f11fb/tp_a2ada03a2daf304968f7479c4bdd1954 -V 1048576K -n brick_a2ada03a2daf304968f7479c4bdd1954'
Result:   Logical volume "brick_a2ada03a2daf304968f7479c4bdd1954" created.
[sshexec] DEBUG 2017/04/27 02:14:44 /src/github.com/heketi/heketi/pkg/utils/ssh/ssh.go:176: Host: 192.168.48.14:22 Command: /bin/bash -c 'lvcreate --poolmetadatasize 8192K -c 256K -L 1048576K -T vg_d72d3bd802d4e511a80ce2f16181289d/tp_8d269bf73de24bb5db2857a2b354167f -V 1048576K -n brick_8d269bf73de24bb5db2857a2b354167f'
Result:   Logical volume "brick_8d269bf73de24bb5db2857a2b354167f" created.
[sshexec] DEBUG 2017/04/27 02:14:44 /src/github.com/heketi/heketi/pkg/utils/ssh/ssh.go:176: Host: 192.168.48.17:22 Command: /bin/bash -c 'mkfs.xfs -i size=512 -n size=8192 /dev/mapper/vg_6c7ff8b53124baa86b5b789cd93274e1-brick_ce6d9c821d3ad3df1d40a5b41faa4f7f'
Result: meta-data=/dev/mapper/vg_6c7ff8b53124baa86b5b789cd93274e1-brick_ce6d9c821d3ad3df1d40a5b41faa4f7f isize=512    agcount=8, agsize=32704 blks
         =                       sectsz=512   attr=2, projid32bit=1
         =                       crc=1        finobt=1, sparse=0
data     =                       bsize=4096   blocks=261632, imaxpct=25
         =                       sunit=64     swidth=64 blks
naming   =version 2              bsize=8192   ascii-ci=0 ftype=1
log      =internal log           bsize=4096   blocks=1728, version=2
         =                       sectsz=512   sunit=64 blks, lazy-count=1
realtime =none                   extsz=4096   blocks=0, rtextents=0
[negroni] Started GET /queue/26c5f2e98576e39bf2e5de04bf26f125
[negroni] Completed 200 OK in 59.033µs
[sshexec] DEBUG 2017/04/27 02:14:44 /src/github.com/heketi/heketi/pkg/utils/ssh/ssh.go:176: Host: 192.168.48.17:22 Command: /bin/bash -c 'echo "/dev/mapper/vg_6c7ff8b53124baa86b5b789cd93274e1-brick_ce6d9c821d3ad3df1d40a5b41faa4f7f /var/lib/heketi/mounts/vg_6c7ff8b53124baa86b5b789cd93274e1/brick_ce6d9c821d3ad3df1d40a5b41faa4f7f xfs rw,inode64,noatime,nouuid 1 2" | tee -a /etc/fstab > /dev/null '
Result: 
[sshexec] DEBUG 2017/04/27 02:14:44 /src/github.com/heketi/heketi/pkg/utils/ssh/ssh.go:176: Host: 192.168.48.14:22 Command: /bin/bash -c 'mkfs.xfs -i size=512 -n size=8192 /dev/mapper/vg_d72d3bd802d4e511a80ce2f16181289d-brick_8d269bf73de24bb5db2857a2b354167f'
Result: meta-data=/dev/mapper/vg_d72d3bd802d4e511a80ce2f16181289d-brick_8d269bf73de24bb5db2857a2b354167f isize=512    agcount=8, agsize=32704 blks
         =                       sectsz=512   attr=2, projid32bit=1
         =                       crc=1        finobt=1, sparse=0
data     =                       bsize=4096   blocks=261632, imaxpct=25
         =                       sunit=64     swidth=64 blks
naming   =version 2              bsize=8192   ascii-ci=0 ftype=1
log      =internal log           bsize=4096   blocks=1728, version=2
         =                       sectsz=512   sunit=64 blks, lazy-count=1
realtime =none                   extsz=4096   blocks=0, rtextents=0
[sshexec] DEBUG 2017/04/27 02:14:44 /src/github.com/heketi/heketi/pkg/utils/ssh/ssh.go:176: Host: 192.168.48.14:22 Command: /bin/bash -c 'echo "/dev/mapper/vg_d72d3bd802d4e511a80ce2f16181289d-brick_8d269bf73de24bb5db2857a2b354167f /var/lib/heketi/mounts/vg_d72d3bd802d4e511a80ce2f16181289d/brick_8d269bf73de24bb5db2857a2b354167f xfs rw,inode64,noatime,nouuid 1 2" | tee -a /etc/fstab > /dev/null '
Result: 
[sshexec] DEBUG 2017/04/27 02:14:44 /src/github.com/heketi/heketi/pkg/utils/ssh/ssh.go:176: Host: 192.168.48.12:22 Command: /bin/bash -c 'mkfs.xfs -i size=512 -n size=8192 /dev/mapper/vg_403cca7edce115dc1c641acc2f5f11fb-brick_a2ada03a2daf304968f7479c4bdd1954'
Result: meta-data=/dev/mapper/vg_403cca7edce115dc1c641acc2f5f11fb-brick_a2ada03a2daf304968f7479c4bdd1954 isize=512    agcount=8, agsize=32704 blks
         =                       sectsz=4096  attr=2, projid32bit=1
         =                       crc=1        finobt=1, sparse=0
data     =                       bsize=4096   blocks=261632, imaxpct=25
         =                       sunit=64     swidth=64 blks
naming   =version 2              bsize=8192   ascii-ci=0 ftype=1
log      =internal log           bsize=4096   blocks=576, version=2
         =                       sectsz=4096  sunit=1 blks, lazy-count=1
realtime =none                   extsz=4096   blocks=0, rtextents=0
[sshexec] DEBUG 2017/04/27 02:14:44 /src/github.com/heketi/heketi/pkg/utils/ssh/ssh.go:176: Host: 192.168.48.12:22 Command: /bin/bash -c 'echo "/dev/mapper/vg_403cca7edce115dc1c641acc2f5f11fb-brick_a2ada03a2daf304968f7479c4bdd1954 /var/lib/heketi/mounts/vg_403cca7edce115dc1c641acc2f5f11fb/brick_a2ada03a2daf304968f7479c4bdd1954 xfs rw,inode64,noatime,nouuid 1 2" | tee -a /etc/fstab > /dev/null '
Result: 
[sshexec] DEBUG 2017/04/27 02:14:44 /src/github.com/heketi/heketi/pkg/utils/ssh/ssh.go:176: Host: 192.168.48.12:22 Command: /bin/bash -c 'mount -o rw,inode64,noatime,nouuid /dev/mapper/vg_403cca7edce115dc1c641acc2f5f11fb-brick_a2ada03a2daf304968f7479c4bdd1954 /var/lib/heketi/mounts/vg_403cca7edce115dc1c641acc2f5f11fb/brick_a2ada03a2daf304968f7479c4bdd1954'
Result: 
[sshexec] DEBUG 2017/04/27 02:14:44 /src/github.com/heketi/heketi/pkg/utils/ssh/ssh.go:176: Host: 192.168.48.12:22 Command: /bin/bash -c 'mkdir /var/lib/heketi/mounts/vg_403cca7edce115dc1c641acc2f5f11fb/brick_a2ada03a2daf304968f7479c4bdd1954/brick'
Result: 
[sshexec] DEBUG 2017/04/27 02:14:44 /src/github.com/heketi/heketi/pkg/utils/ssh/ssh.go:176: Host: 192.168.48.12:22 Command: /bin/bash -c 'chown :2000 /var/lib/heketi/mounts/vg_403cca7edce115dc1c641acc2f5f11fb/brick_a2ada03a2daf304968f7479c4bdd1954/brick'
Result: 
[sshexec] DEBUG 2017/04/27 02:14:44 /src/github.com/heketi/heketi/pkg/utils/ssh/ssh.go:176: Host: 192.168.48.12:22 Command: /bin/bash -c 'chmod 2775 /var/lib/heketi/mounts/vg_403cca7edce115dc1c641acc2f5f11fb/brick_a2ada03a2daf304968f7479c4bdd1954/brick'
Result: 
[sshexec] DEBUG 2017/04/27 02:14:45 /src/github.com/heketi/heketi/pkg/utils/ssh/ssh.go:176: Host: 192.168.48.17:22 Command: /bin/bash -c 'mount -o rw,inode64,noatime,nouuid /dev/mapper/vg_6c7ff8b53124baa86b5b789cd93274e1-brick_ce6d9c821d3ad3df1d40a5b41faa4f7f /var/lib/heketi/mounts/vg_6c7ff8b53124baa86b5b789cd93274e1/brick_ce6d9c821d3ad3df1d40a5b41faa4f7f'
Result: 
[sshexec] DEBUG 2017/04/27 02:14:45 /src/github.com/heketi/heketi/pkg/utils/ssh/ssh.go:176: Host: 192.168.48.17:22 Command: /bin/bash -c 'mkdir /var/lib/heketi/mounts/vg_6c7ff8b53124baa86b5b789cd93274e1/brick_ce6d9c821d3ad3df1d40a5b41faa4f7f/brick'
Result: 
[sshexec] DEBUG 2017/04/27 02:14:45 /src/github.com/heketi/heketi/pkg/utils/ssh/ssh.go:176: Host: 192.168.48.17:22 Command: /bin/bash -c 'chown :2000 /var/lib/heketi/mounts/vg_6c7ff8b53124baa86b5b789cd93274e1/brick_ce6d9c821d3ad3df1d40a5b41faa4f7f/brick'
Result: 
[sshexec] DEBUG 2017/04/27 02:14:45 /src/github.com/heketi/heketi/pkg/utils/ssh/ssh.go:176: Host: 192.168.48.17:22 Command: /bin/bash -c 'chmod 2775 /var/lib/heketi/mounts/vg_6c7ff8b53124baa86b5b789cd93274e1/brick_ce6d9c821d3ad3df1d40a5b41faa4f7f/brick'
Result: 
[sshexec] DEBUG 2017/04/27 02:14:45 /src/github.com/heketi/heketi/pkg/utils/ssh/ssh.go:176: Host: 192.168.48.14:22 Command: /bin/bash -c 'mount -o rw,inode64,noatime,nouuid /dev/mapper/vg_d72d3bd802d4e511a80ce2f16181289d-brick_8d269bf73de24bb5db2857a2b354167f /var/lib/heketi/mounts/vg_d72d3bd802d4e511a80ce2f16181289d/brick_8d269bf73de24bb5db2857a2b354167f'
Result: 
[sshexec] DEBUG 2017/04/27 02:14:45 /src/github.com/heketi/heketi/pkg/utils/ssh/ssh.go:176: Host: 192.168.48.14:22 Command: /bin/bash -c 'mkdir /var/lib/heketi/mounts/vg_d72d3bd802d4e511a80ce2f16181289d/brick_8d269bf73de24bb5db2857a2b354167f/brick'
Result: 
[sshexec] DEBUG 2017/04/27 02:14:45 /src/github.com/heketi/heketi/pkg/utils/ssh/ssh.go:176: Host: 192.168.48.14:22 Command: /bin/bash -c 'chown :2000 /var/lib/heketi/mounts/vg_d72d3bd802d4e511a80ce2f16181289d/brick_8d269bf73de24bb5db2857a2b354167f/brick'
Result: 
[sshexec] DEBUG 2017/04/27 02:14:45 /src/github.com/heketi/heketi/pkg/utils/ssh/ssh.go:176: Host: 192.168.48.14:22 Command: /bin/bash -c 'chmod 2775 /var/lib/heketi/mounts/vg_d72d3bd802d4e511a80ce2f16181289d/brick_8d269bf73de24bb5db2857a2b354167f/brick'
Result: 
[sshexec] INFO 2017/04/27 02:14:45 Creating volume vol_c80ca18e6c6d7dfe8bfc4e084f85ca86 replica 3
[sshexec] ERROR 2017/04/27 02:14:45 /src/github.com/heketi/heketi/pkg/utils/ssh/ssh.go:173: Failed to run command [/bin/bash -c 'gluster --mode=script volume create vol_c80ca18e6c6d7dfe8bfc4e084f85ca86 replica 3 192.168.48.17:/var/lib/heketi/mounts/vg_6c7ff8b53124baa86b5b789cd93274e1/brick_ce6d9c821d3ad3df1d40a5b41faa4f7f/brick 192.168.48.14:/var/lib/heketi/mounts/vg_d72d3bd802d4e511a80ce2f16181289d/brick_8d269bf73de24bb5db2857a2b354167f/brick 192.168.48.12:/var/lib/heketi/mounts/vg_403cca7edce115dc1c641acc2f5f11fb/brick_a2ada03a2daf304968f7479c4bdd1954/brick '] on 192.168.48.17:22: Err[Process exited with: 1. Reason was:  ()]: Stdout []: Stderr [volume create: vol_c80ca18e6c6d7dfe8bfc4e084f85ca86: failed: Host 192.168.48.14 is not in 'Peer in Cluster' state
]
[negroni] Started GET /queue/26c5f2e98576e39bf2e5de04bf26f125
[negroni] Completed 200 OK in 77.12µs
[sshexec] ERROR 2017/04/27 02:14:45 /src/github.com/heketi/heketi/pkg/utils/ssh/ssh.go:173: Failed to run command [/bin/bash -c 'gluster --mode=script volume stop vol_c80ca18e6c6d7dfe8bfc4e084f85ca86 force'] on 192.168.48.17:22: Err[Process exited with: 1. Reason was:  ()]: Stdout []: Stderr [volume stop: vol_c80ca18e6c6d7dfe8bfc4e084f85ca86: failed: Volume vol_c80ca18e6c6d7dfe8bfc4e084f85ca86 does not exist
]
[sshexec] ERROR 2017/04/27 02:14:45 /src/github.com/heketi/heketi/executors/sshexec/volume.go:130: Unable to stop volume vol_c80ca18e6c6d7dfe8bfc4e084f85ca86: volume stop: vol_c80ca18e6c6d7dfe8bfc4e084f85ca86: failed: Volume vol_c80ca18e6c6d7dfe8bfc4e084f85ca86 does not exist
[sshexec] ERROR 2017/04/27 02:14:46 /src/github.com/heketi/heketi/pkg/utils/ssh/ssh.go:173: Failed to run command [/bin/bash -c 'gluster --mode=script volume delete vol_c80ca18e6c6d7dfe8bfc4e084f85ca86'] on 192.168.48.17:22: Err[Process exited with: 1. Reason was:  ()]: Stdout []: Stderr [volume delete: vol_c80ca18e6c6d7dfe8bfc4e084f85ca86: failed: Volume vol_c80ca18e6c6d7dfe8bfc4e084f85ca86 does not exist
]
[sshexec] ERROR 2017/04/27 02:14:46 /src/github.com/heketi/heketi/executors/sshexec/volume.go:139: Unable to delete volume vol_c80ca18e6c6d7dfe8bfc4e084f85ca86: volume delete: vol_c80ca18e6c6d7dfe8bfc4e084f85ca86: failed: Volume vol_c80ca18e6c6d7dfe8bfc4e084f85ca86 does not exist
[heketi] INFO 2017/04/27 02:14:46 Deleting brick ce6d9c821d3ad3df1d40a5b41faa4f7f
[heketi] INFO 2017/04/27 02:14:46 Deleting brick a2ada03a2daf304968f7479c4bdd1954
[heketi] INFO 2017/04/27 02:14:46 Deleting brick 8d269bf73de24bb5db2857a2b354167f
[sshexec] DEBUG 2017/04/27 02:14:46 /src/github.com/heketi/heketi/pkg/utils/ssh/ssh.go:176: Host: 192.168.48.12:22 Command: /bin/bash -c 'umount /var/lib/heketi/mounts/vg_403cca7edce115dc1c641acc2f5f11fb/brick_a2ada03a2daf304968f7479c4bdd1954'
Result: 
[sshexec] DEBUG 2017/04/27 02:14:46 /src/github.com/heketi/heketi/pkg/utils/ssh/ssh.go:176: Host: 192.168.48.17:22 Command: /bin/bash -c 'umount /var/lib/heketi/mounts/vg_6c7ff8b53124baa86b5b789cd93274e1/brick_ce6d9c821d3ad3df1d40a5b41faa4f7f'
Result: 
[sshexec] DEBUG 2017/04/27 02:14:46 /src/github.com/heketi/heketi/pkg/utils/ssh/ssh.go:176: Host: 192.168.48.14:22 Command: /bin/bash -c 'umount /var/lib/heketi/mounts/vg_d72d3bd802d4e511a80ce2f16181289d/brick_8d269bf73de24bb5db2857a2b354167f'
Result: 
[negroni] Started GET /queue/26c5f2e98576e39bf2e5de04bf26f125
[negroni] Completed 200 OK in 113.293µs
[sshexec] DEBUG 2017/04/27 02:14:47 /src/github.com/heketi/heketi/pkg/utils/ssh/ssh.go:176: Host: 192.168.48.17:22 Command: /bin/bash -c 'lvremove -f vg_6c7ff8b53124baa86b5b789cd93274e1/tp_ce6d9c821d3ad3df1d40a5b41faa4f7f'
Result:   Logical volume "brick_ce6d9c821d3ad3df1d40a5b41faa4f7f" successfully removed
  Logical volume "tp_ce6d9c821d3ad3df1d40a5b41faa4f7f" successfully removed
[sshexec] DEBUG 2017/04/27 02:14:47 /src/github.com/heketi/heketi/pkg/utils/ssh/ssh.go:176: Host: 192.168.48.14:22 Command: /bin/bash -c 'lvremove -f vg_d72d3bd802d4e511a80ce2f16181289d/tp_8d269bf73de24bb5db2857a2b354167f'
Result:   Logical volume "brick_8d269bf73de24bb5db2857a2b354167f" successfully removed
  Logical volume "tp_8d269bf73de24bb5db2857a2b354167f" successfully removed
[sshexec] DEBUG 2017/04/27 02:14:47 /src/github.com/heketi/heketi/pkg/utils/ssh/ssh.go:176: Host: 192.168.48.12:22 Command: /bin/bash -c 'lvremove -f vg_403cca7edce115dc1c641acc2f5f11fb/tp_a2ada03a2daf304968f7479c4bdd1954'
Result:   Logical volume "brick_a2ada03a2daf304968f7479c4bdd1954" successfully removed
  Logical volume "tp_a2ada03a2daf304968f7479c4bdd1954" successfully removed
[sshexec] DEBUG 2017/04/27 02:14:47 /src/github.com/heketi/heketi/pkg/utils/ssh/ssh.go:176: Host: 192.168.48.17:22 Command: /bin/bash -c 'rmdir /var/lib/heketi/mounts/vg_6c7ff8b53124baa86b5b789cd93274e1/brick_ce6d9c821d3ad3df1d40a5b41faa4f7f'
Result: 
[sshexec] DEBUG 2017/04/27 02:14:47 /src/github.com/heketi/heketi/pkg/utils/ssh/ssh.go:176: Host: 192.168.48.14:22 Command: /bin/bash -c 'rmdir /var/lib/heketi/mounts/vg_d72d3bd802d4e511a80ce2f16181289d/brick_8d269bf73de24bb5db2857a2b354167f'
Result: 
[sshexec] DEBUG 2017/04/27 02:14:47 /src/github.com/heketi/heketi/pkg/utils/ssh/ssh.go:176: Host: 192.168.48.12:22 Command: /bin/bash -c 'rmdir /var/lib/heketi/mounts/vg_403cca7edce115dc1c641acc2f5f11fb/brick_a2ada03a2daf304968f7479c4bdd1954'
Result: 
[sshexec] DEBUG 2017/04/27 02:14:47 /src/github.com/heketi/heketi/pkg/utils/ssh/ssh.go:176: Host: 192.168.48.17:22 Command: /bin/bash -c 'sed -i.save "/brick_ce6d9c821d3ad3df1d40a5b41faa4f7f/d" /etc/fstab'
Result: 
[sshexec] DEBUG 2017/04/27 02:14:47 /src/github.com/heketi/heketi/pkg/utils/ssh/ssh.go:176: Host: 192.168.48.14:22 Command: /bin/bash -c 'sed -i.save "/brick_8d269bf73de24bb5db2857a2b354167f/d" /etc/fstab'
Result: 
[sshexec] DEBUG 2017/04/27 02:14:47 /src/github.com/heketi/heketi/pkg/utils/ssh/ssh.go:176: Host: 192.168.48.12:22 Command: /bin/bash -c 'sed -i.save "/brick_a2ada03a2daf304968f7479c4bdd1954/d" /etc/fstab'
Result: 
[heketi] ERROR 2017/04/27 02:14:47 /src/github.com/heketi/heketi/apps/glusterfs/app_volume.go:148: Failed to create volume: volume create: vol_c80ca18e6c6d7dfe8bfc4e084f85ca86: failed: Host 192.168.48.14 is not in 'Peer in Cluster' state
[asynchttp] INFO 2017/04/27 02:14:47 Completed job 26c5f2e98576e39bf2e5de04bf26f125 in 3.950058597s
[negroni] Started GET /queue/26c5f2e98576e39bf2e5de04bf26f125
[negroni] Completed 500 Internal Server Error in 122.628µs
[negroni] Started POST /volumes
[negroni] Completed 202 Accepted in 25.660054ms
[asynchttp] INFO 2017/04/27 02:14:58 Started job 23313715fd85f3540a1dfbd61426e23a
[heketi] INFO 2017/04/27 02:14:58 Creating volume 50c09834dd7350ca1e43d2fbe8007178
[heketi] INFO 2017/04/27 02:14:58 brick_num: 0
[negroni] Started GET /queue/23313715fd85f3540a1dfbd61426e23a
[negroni] Completed 200 OK in 74.606µs
[heketi] INFO 2017/04/27 02:14:58 Creating brick 465d87dc8b9880e44c1f562e2cdc27cc
[heketi] INFO 2017/04/27 02:14:58 Creating brick b48d9d16a6a564310c8b835b5b1cf7ae
[heketi] INFO 2017/04/27 02:14:58 Creating brick 10d8786efb6b8562e6732830fdf497e0
[sshexec] DEBUG 2017/04/27 02:14:59 /src/github.com/heketi/heketi/pkg/utils/ssh/ssh.go:176: Host: 192.168.48.12:22 Command: /bin/bash -c 'mkdir -p /var/lib/heketi/mounts/vg_403cca7edce115dc1c641acc2f5f11fb/brick_10d8786efb6b8562e6732830fdf497e0'
Result: 
[sshexec] DEBUG 2017/04/27 02:14:59 /src/github.com/heketi/heketi/pkg/utils/ssh/ssh.go:176: Host: 192.168.48.14:22 Command: /bin/bash -c 'mkdir -p /var/lib/heketi/mounts/vg_d72d3bd802d4e511a80ce2f16181289d/brick_b48d9d16a6a564310c8b835b5b1cf7ae'
Result: 
[sshexec] DEBUG 2017/04/27 02:14:59 /src/github.com/heketi/heketi/pkg/utils/ssh/ssh.go:176: Host: 192.168.48.17:22 Command: /bin/bash -c 'mkdir -p /var/lib/heketi/mounts/vg_6c7ff8b53124baa86b5b789cd93274e1/brick_465d87dc8b9880e44c1f562e2cdc27cc'
Result: 
[sshexec] DEBUG 2017/04/27 02:14:59 /src/github.com/heketi/heketi/pkg/utils/ssh/ssh.go:176: Host: 192.168.48.12:22 Command: /bin/bash -c 'lvcreate --poolmetadatasize 8192K -c 256K -L 1048576K -T vg_403cca7edce115dc1c641acc2f5f11fb/tp_10d8786efb6b8562e6732830fdf497e0 -V 1048576K -n brick_10d8786efb6b8562e6732830fdf497e0'
Result:   Logical volume "brick_10d8786efb6b8562e6732830fdf497e0" created.
[sshexec] DEBUG 2017/04/27 02:14:59 /src/github.com/heketi/heketi/pkg/utils/ssh/ssh.go:176: Host: 192.168.48.17:22 Command: /bin/bash -c 'lvcreate --poolmetadatasize 8192K -c 256K -L 1048576K -T vg_6c7ff8b53124baa86b5b789cd93274e1/tp_465d87dc8b9880e44c1f562e2cdc27cc -V 1048576K -n brick_465d87dc8b9880e44c1f562e2cdc27cc'
Result:   Logical volume "brick_465d87dc8b9880e44c1f562e2cdc27cc" created.
[sshexec] DEBUG 2017/04/27 02:14:59 /src/github.com/heketi/heketi/pkg/utils/ssh/ssh.go:176: Host: 192.168.48.14:22 Command: /bin/bash -c 'lvcreate --poolmetadatasize 8192K -c 256K -L 1048576K -T vg_d72d3bd802d4e511a80ce2f16181289d/tp_b48d9d16a6a564310c8b835b5b1cf7ae -V 1048576K -n brick_b48d9d16a6a564310c8b835b5b1cf7ae'
Result:   Logical volume "brick_b48d9d16a6a564310c8b835b5b1cf7ae" created.
[sshexec] DEBUG 2017/04/27 02:14:59 /src/github.com/heketi/heketi/pkg/utils/ssh/ssh.go:176: Host: 192.168.48.12:22 Command: /bin/bash -c 'mkfs.xfs -i size=512 -n size=8192 /dev/mapper/vg_403cca7edce115dc1c641acc2f5f11fb-brick_10d8786efb6b8562e6732830fdf497e0'
Result: meta-data=/dev/mapper/vg_403cca7edce115dc1c641acc2f5f11fb-brick_10d8786efb6b8562e6732830fdf497e0 isize=512    agcount=8, agsize=32704 blks
         =                       sectsz=4096  attr=2, projid32bit=1
         =                       crc=1        finobt=1, sparse=0
data     =                       bsize=4096   blocks=261632, imaxpct=25
         =                       sunit=64     swidth=64 blks
naming   =version 2              bsize=8192   ascii-ci=0 ftype=1
log      =internal log           bsize=4096   blocks=576, version=2
         =                       sectsz=4096  sunit=1 blks, lazy-count=1
realtime =none                   extsz=4096   blocks=0, rtextents=0
[sshexec] DEBUG 2017/04/27 02:14:59 /src/github.com/heketi/heketi/pkg/utils/ssh/ssh.go:176: Host: 192.168.48.12:22 Command: /bin/bash -c 'echo "/dev/mapper/vg_403cca7edce115dc1c641acc2f5f11fb-brick_10d8786efb6b8562e6732830fdf497e0 /var/lib/heketi/mounts/vg_403cca7edce115dc1c641acc2f5f11fb/brick_10d8786efb6b8562e6732830fdf497e0 xfs rw,inode64,noatime,nouuid 1 2" | tee -a /etc/fstab > /dev/null '
Result: 
[negroni] Started GET /queue/23313715fd85f3540a1dfbd61426e23a
[negroni] Completed 200 OK in 97.572µs
[sshexec] DEBUG 2017/04/27 02:14:59 /src/github.com/heketi/heketi/pkg/utils/ssh/ssh.go:176: Host: 192.168.48.17:22 Command: /bin/bash -c 'mkfs.xfs -i size=512 -n size=8192 /dev/mapper/vg_6c7ff8b53124baa86b5b789cd93274e1-brick_465d87dc8b9880e44c1f562e2cdc27cc'
Result: meta-data=/dev/mapper/vg_6c7ff8b53124baa86b5b789cd93274e1-brick_465d87dc8b9880e44c1f562e2cdc27cc isize=512    agcount=8, agsize=32704 blks
         =                       sectsz=512   attr=2, projid32bit=1
         =                       crc=1        finobt=1, sparse=0
data     =                       bsize=4096   blocks=261632, imaxpct=25
         =                       sunit=64     swidth=64 blks
naming   =version 2              bsize=8192   ascii-ci=0 ftype=1
log      =internal log           bsize=4096   blocks=1728, version=2
         =                       sectsz=512   sunit=64 blks, lazy-count=1
realtime =none                   extsz=4096   blocks=0, rtextents=0
[sshexec] DEBUG 2017/04/27 02:14:59 /src/github.com/heketi/heketi/pkg/utils/ssh/ssh.go:176: Host: 192.168.48.17:22 Command: /bin/bash -c 'echo "/dev/mapper/vg_6c7ff8b53124baa86b5b789cd93274e1-brick_465d87dc8b9880e44c1f562e2cdc27cc /var/lib/heketi/mounts/vg_6c7ff8b53124baa86b5b789cd93274e1/brick_465d87dc8b9880e44c1f562e2cdc27cc xfs rw,inode64,noatime,nouuid 1 2" | tee -a /etc/fstab > /dev/null '
Result: 
[sshexec] DEBUG 2017/04/27 02:14:59 /src/github.com/heketi/heketi/pkg/utils/ssh/ssh.go:176: Host: 192.168.48.14:22 Command: /bin/bash -c 'mkfs.xfs -i size=512 -n size=8192 /dev/mapper/vg_d72d3bd802d4e511a80ce2f16181289d-brick_b48d9d16a6a564310c8b835b5b1cf7ae'
Result: meta-data=/dev/mapper/vg_d72d3bd802d4e511a80ce2f16181289d-brick_b48d9d16a6a564310c8b835b5b1cf7ae isize=512    agcount=8, agsize=32704 blks
         =                       sectsz=512   attr=2, projid32bit=1
         =                       crc=1        finobt=1, sparse=0
data     =                       bsize=4096   blocks=261632, imaxpct=25
         =                       sunit=64     swidth=64 blks
naming   =version 2              bsize=8192   ascii-ci=0 ftype=1
log      =internal log           bsize=4096   blocks=1728, version=2
         =                       sectsz=512   sunit=64 blks, lazy-count=1
realtime =none                   extsz=4096   blocks=0, rtextents=0
[sshexec] DEBUG 2017/04/27 02:14:59 /src/github.com/heketi/heketi/pkg/utils/ssh/ssh.go:176: Host: 192.168.48.14:22 Command: /bin/bash -c 'echo "/dev/mapper/vg_d72d3bd802d4e511a80ce2f16181289d-brick_b48d9d16a6a564310c8b835b5b1cf7ae /var/lib/heketi/mounts/vg_d72d3bd802d4e511a80ce2f16181289d/brick_b48d9d16a6a564310c8b835b5b1cf7ae xfs rw,inode64,noatime,nouuid 1 2" | tee -a /etc/fstab > /dev/null '
Result: 
[sshexec] DEBUG 2017/04/27 02:14:59 /src/github.com/heketi/heketi/pkg/utils/ssh/ssh.go:176: Host: 192.168.48.12:22 Command: /bin/bash -c 'mount -o rw,inode64,noatime,nouuid /dev/mapper/vg_403cca7edce115dc1c641acc2f5f11fb-brick_10d8786efb6b8562e6732830fdf497e0 /var/lib/heketi/mounts/vg_403cca7edce115dc1c641acc2f5f11fb/brick_10d8786efb6b8562e6732830fdf497e0'
Result: 
[sshexec] DEBUG 2017/04/27 02:15:00 /src/github.com/heketi/heketi/pkg/utils/ssh/ssh.go:176: Host: 192.168.48.12:22 Command: /bin/bash -c 'mkdir /var/lib/heketi/mounts/vg_403cca7edce115dc1c641acc2f5f11fb/brick_10d8786efb6b8562e6732830fdf497e0/brick'
Result: 
[sshexec] DEBUG 2017/04/27 02:15:00 /src/github.com/heketi/heketi/pkg/utils/ssh/ssh.go:176: Host: 192.168.48.12:22 Command: /bin/bash -c 'chown :2000 /var/lib/heketi/mounts/vg_403cca7edce115dc1c641acc2f5f11fb/brick_10d8786efb6b8562e6732830fdf497e0/brick'
Result: 
[sshexec] DEBUG 2017/04/27 02:15:00 /src/github.com/heketi/heketi/pkg/utils/ssh/ssh.go:176: Host: 192.168.48.12:22 Command: /bin/bash -c 'chmod 2775 /var/lib/heketi/mounts/vg_403cca7edce115dc1c641acc2f5f11fb/brick_10d8786efb6b8562e6732830fdf497e0/brick'
Result: 
[sshexec] DEBUG 2017/04/27 02:15:00 /src/github.com/heketi/heketi/pkg/utils/ssh/ssh.go:176: Host: 192.168.48.17:22 Command: /bin/bash -c 'mount -o rw,inode64,noatime,nouuid /dev/mapper/vg_6c7ff8b53124baa86b5b789cd93274e1-brick_465d87dc8b9880e44c1f562e2cdc27cc /var/lib/heketi/mounts/vg_6c7ff8b53124baa86b5b789cd93274e1/brick_465d87dc8b9880e44c1f562e2cdc27cc'
Result: 
[sshexec] DEBUG 2017/04/27 02:15:00 /src/github.com/heketi/heketi/pkg/utils/ssh/ssh.go:176: Host: 192.168.48.17:22 Command: /bin/bash -c 'mkdir /var/lib/heketi/mounts/vg_6c7ff8b53124baa86b5b789cd93274e1/brick_465d87dc8b9880e44c1f562e2cdc27cc/brick'
Result: 
[sshexec] DEBUG 2017/04/27 02:15:00 /src/github.com/heketi/heketi/pkg/utils/ssh/ssh.go:176: Host: 192.168.48.17:22 Command: /bin/bash -c 'chown :2000 /var/lib/heketi/mounts/vg_6c7ff8b53124baa86b5b789cd93274e1/brick_465d87dc8b9880e44c1f562e2cdc27cc/brick'
Result: 
[sshexec] DEBUG 2017/04/27 02:15:00 /src/github.com/heketi/heketi/pkg/utils/ssh/ssh.go:176: Host: 192.168.48.17:22 Command: /bin/bash -c 'chmod 2775 /var/lib/heketi/mounts/vg_6c7ff8b53124baa86b5b789cd93274e1/brick_465d87dc8b9880e44c1f562e2cdc27cc/brick'
Result: 
[sshexec] DEBUG 2017/04/27 02:15:00 /src/github.com/heketi/heketi/pkg/utils/ssh/ssh.go:176: Host: 192.168.48.14:22 Command: /bin/bash -c 'mount -o rw,inode64,noatime,nouuid /dev/mapper/vg_d72d3bd802d4e511a80ce2f16181289d-brick_b48d9d16a6a564310c8b835b5b1cf7ae /var/lib/heketi/mounts/vg_d72d3bd802d4e511a80ce2f16181289d/brick_b48d9d16a6a564310c8b835b5b1cf7ae'
Result: 
[sshexec] DEBUG 2017/04/27 02:15:00 /src/github.com/heketi/heketi/pkg/utils/ssh/ssh.go:176: Host: 192.168.48.14:22 Command: /bin/bash -c 'mkdir /var/lib/heketi/mounts/vg_d72d3bd802d4e511a80ce2f16181289d/brick_b48d9d16a6a564310c8b835b5b1cf7ae/brick'
Result: 
[sshexec] DEBUG 2017/04/27 02:15:00 /src/github.com/heketi/heketi/pkg/utils/ssh/ssh.go:176: Host: 192.168.48.14:22 Command: /bin/bash -c 'chown :2000 /var/lib/heketi/mounts/vg_d72d3bd802d4e511a80ce2f16181289d/brick_b48d9d16a6a564310c8b835b5b1cf7ae/brick'
Result: 
[sshexec] DEBUG 2017/04/27 02:15:00 /src/github.com/heketi/heketi/pkg/utils/ssh/ssh.go:176: Host: 192.168.48.14:22 Command: /bin/bash -c 'chmod 2775 /var/lib/heketi/mounts/vg_d72d3bd802d4e511a80ce2f16181289d/brick_b48d9d16a6a564310c8b835b5b1cf7ae/brick'
Result: 
[sshexec] INFO 2017/04/27 02:15:00 Creating volume vol_50c09834dd7350ca1e43d2fbe8007178 replica 3
[sshexec] ERROR 2017/04/27 02:15:00 /src/github.com/heketi/heketi/pkg/utils/ssh/ssh.go:173: Failed to run command [/bin/bash -c 'gluster --mode=script volume create vol_50c09834dd7350ca1e43d2fbe8007178 replica 3 192.168.48.17:/var/lib/heketi/mounts/vg_6c7ff8b53124baa86b5b789cd93274e1/brick_465d87dc8b9880e44c1f562e2cdc27cc/brick 192.168.48.14:/var/lib/heketi/mounts/vg_d72d3bd802d4e511a80ce2f16181289d/brick_b48d9d16a6a564310c8b835b5b1cf7ae/brick 192.168.48.12:/var/lib/heketi/mounts/vg_403cca7edce115dc1c641acc2f5f11fb/brick_10d8786efb6b8562e6732830fdf497e0/brick '] on 192.168.48.17:22: Err[Process exited with: 1. Reason was:  ()]: Stdout []: Stderr [volume create: vol_50c09834dd7350ca1e43d2fbe8007178: failed: Host 192.168.48.14 is not in 'Peer in Cluster' state
]
[negroni] Started GET /queue/23313715fd85f3540a1dfbd61426e23a
[negroni] Completed 200 OK in 97.441µs
[sshexec] ERROR 2017/04/27 02:15:01 /src/github.com/heketi/heketi/pkg/utils/ssh/ssh.go:173: Failed to run command [/bin/bash -c 'gluster --mode=script volume stop vol_50c09834dd7350ca1e43d2fbe8007178 force'] on 192.168.48.17:22: Err[Process exited with: 1. Reason was:  ()]: Stdout []: Stderr [volume stop: vol_50c09834dd7350ca1e43d2fbe8007178: failed: Volume vol_50c09834dd7350ca1e43d2fbe8007178 does not exist
]
[sshexec] ERROR 2017/04/27 02:15:01 /src/github.com/heketi/heketi/executors/sshexec/volume.go:130: Unable to stop volume vol_50c09834dd7350ca1e43d2fbe8007178: volume stop: vol_50c09834dd7350ca1e43d2fbe8007178: failed: Volume vol_50c09834dd7350ca1e43d2fbe8007178 does not exist
[sshexec] ERROR 2017/04/27 02:15:01 /src/github.com/heketi/heketi/pkg/utils/ssh/ssh.go:173: Failed to run command [/bin/bash -c 'gluster --mode=script volume delete vol_50c09834dd7350ca1e43d2fbe8007178'] on 192.168.48.17:22: Err[Process exited with: 1. Reason was:  ()]: Stdout []: Stderr [volume delete: vol_50c09834dd7350ca1e43d2fbe8007178: failed: Volume vol_50c09834dd7350ca1e43d2fbe8007178 does not exist
]
[sshexec] ERROR 2017/04/27 02:15:01 /src/github.com/heketi/heketi/executors/sshexec/volume.go:139: Unable to delete volume vol_50c09834dd7350ca1e43d2fbe8007178: volume delete: vol_50c09834dd7350ca1e43d2fbe8007178: failed: Volume vol_50c09834dd7350ca1e43d2fbe8007178 does not exist
[heketi] INFO 2017/04/27 02:15:01 Deleting brick b48d9d16a6a564310c8b835b5b1cf7ae
[heketi] INFO 2017/04/27 02:15:01 Deleting brick 465d87dc8b9880e44c1f562e2cdc27cc
[heketi] INFO 2017/04/27 02:15:01 Deleting brick 10d8786efb6b8562e6732830fdf497e0
[sshexec] DEBUG 2017/04/27 02:15:01 /src/github.com/heketi/heketi/pkg/utils/ssh/ssh.go:176: Host: 192.168.48.12:22 Command: /bin/bash -c 'umount /var/lib/heketi/mounts/vg_403cca7edce115dc1c641acc2f5f11fb/brick_10d8786efb6b8562e6732830fdf497e0'
Result: 
[sshexec] DEBUG 2017/04/27 02:15:01 /src/github.com/heketi/heketi/pkg/utils/ssh/ssh.go:176: Host: 192.168.48.14:22 Command: /bin/bash -c 'umount /var/lib/heketi/mounts/vg_d72d3bd802d4e511a80ce2f16181289d/brick_b48d9d16a6a564310c8b835b5b1cf7ae'
Result: 
[sshexec] DEBUG 2017/04/27 02:15:01 /src/github.com/heketi/heketi/pkg/utils/ssh/ssh.go:176: Host: 192.168.48.17:22 Command: /bin/bash -c 'umount /var/lib/heketi/mounts/vg_6c7ff8b53124baa86b5b789cd93274e1/brick_465d87dc8b9880e44c1f562e2cdc27cc'
Result: 
[negroni] Started GET /queue/23313715fd85f3540a1dfbd61426e23a
[negroni] Completed 200 OK in 72.358µs
[sshexec] DEBUG 2017/04/27 02:15:02 /src/github.com/heketi/heketi/pkg/utils/ssh/ssh.go:176: Host: 192.168.48.14:22 Command: /bin/bash -c 'lvremove -f vg_d72d3bd802d4e511a80ce2f16181289d/tp_b48d9d16a6a564310c8b835b5b1cf7ae'
Result:   Logical volume "brick_b48d9d16a6a564310c8b835b5b1cf7ae" successfully removed
  Logical volume "tp_b48d9d16a6a564310c8b835b5b1cf7ae" successfully removed
[sshexec] DEBUG 2017/04/27 02:15:02 /src/github.com/heketi/heketi/pkg/utils/ssh/ssh.go:176: Host: 192.168.48.17:22 Command: /bin/bash -c 'lvremove -f vg_6c7ff8b53124baa86b5b789cd93274e1/tp_465d87dc8b9880e44c1f562e2cdc27cc'
Result:   Logical volume "brick_465d87dc8b9880e44c1f562e2cdc27cc" successfully removed
  Logical volume "tp_465d87dc8b9880e44c1f562e2cdc27cc" successfully removed
[sshexec] DEBUG 2017/04/27 02:15:02 /src/github.com/heketi/heketi/pkg/utils/ssh/ssh.go:176: Host: 192.168.48.12:22 Command: /bin/bash -c 'lvremove -f vg_403cca7edce115dc1c641acc2f5f11fb/tp_10d8786efb6b8562e6732830fdf497e0'
Result:   Logical volume "brick_10d8786efb6b8562e6732830fdf497e0" successfully removed
  Logical volume "tp_10d8786efb6b8562e6732830fdf497e0" successfully removed
[sshexec] DEBUG 2017/04/27 02:15:02 /src/github.com/heketi/heketi/pkg/utils/ssh/ssh.go:176: Host: 192.168.48.14:22 Command: /bin/bash -c 'rmdir /var/lib/heketi/mounts/vg_d72d3bd802d4e511a80ce2f16181289d/brick_b48d9d16a6a564310c8b835b5b1cf7ae'
Result: 
[sshexec] DEBUG 2017/04/27 02:15:02 /src/github.com/heketi/heketi/pkg/utils/ssh/ssh.go:176: Host: 192.168.48.17:22 Command: /bin/bash -c 'rmdir /var/lib/heketi/mounts/vg_6c7ff8b53124baa86b5b789cd93274e1/brick_465d87dc8b9880e44c1f562e2cdc27cc'
Result: 
[sshexec] DEBUG 2017/04/27 02:15:02 /src/github.com/heketi/heketi/pkg/utils/ssh/ssh.go:176: Host: 192.168.48.12:22 Command: /bin/bash -c 'rmdir /var/lib/heketi/mounts/vg_403cca7edce115dc1c641acc2f5f11fb/brick_10d8786efb6b8562e6732830fdf497e0'
Result: 
[sshexec] DEBUG 2017/04/27 02:15:02 /src/github.com/heketi/heketi/pkg/utils/ssh/ssh.go:176: Host: 192.168.48.14:22 Command: /bin/bash -c 'sed -i.save "/brick_b48d9d16a6a564310c8b835b5b1cf7ae/d" /etc/fstab'
Result: 
[sshexec] DEBUG 2017/04/27 02:15:02 /src/github.com/heketi/heketi/pkg/utils/ssh/ssh.go:176: Host: 192.168.48.17:22 Command: /bin/bash -c 'sed -i.save "/brick_465d87dc8b9880e44c1f562e2cdc27cc/d" /etc/fstab'
Result: 
[sshexec] DEBUG 2017/04/27 02:15:02 /src/github.com/heketi/heketi/pkg/utils/ssh/ssh.go:176: Host: 192.168.48.12:22 Command: /bin/bash -c 'sed -i.save "/brick_10d8786efb6b8562e6732830fdf497e0/d" /etc/fstab'
Result: 
[heketi] ERROR 2017/04/27 02:15:02 /src/github.com/heketi/heketi/apps/glusterfs/app_volume.go:148: Failed to create volume: volume create: vol_50c09834dd7350ca1e43d2fbe8007178: failed: Host 192.168.48.14 is not in 'Peer in Cluster' state
[asynchttp] INFO 2017/04/27 02:15:02 Completed job 23313715fd85f3540a1dfbd61426e23a in 3.913826645s
[negroni] Started GET /queue/23313715fd85f3540a1dfbd61426e23a
[negroni] Completed 500 Internal Server Error in 80.882µs
[negroni] Started POST /volumes
[negroni] Completed 202 Accepted in 32.823581ms
[asynchttp] INFO 2017/04/27 02:15:13 Started job 1ca840751fa902a1842b65c292cc5209
[heketi] INFO 2017/04/27 02:15:13 Creating volume bd65415fcc7512a7db2d18d46a8a8204
[heketi] INFO 2017/04/27 02:15:13 brick_num: 0
[negroni] Started GET /queue/1ca840751fa902a1842b65c292cc5209
[negroni] Completed 200 OK in 95.041µs
[heketi] INFO 2017/04/27 02:15:13 Creating brick a3b3858a699b8e7940dcd7b1af98629b
[heketi] INFO 2017/04/27 02:15:13 Creating brick d57967724f2e5ec1f6bc00fd3ea953e9
[heketi] INFO 2017/04/27 02:15:13 Creating brick 735c229e6665b742ff893dea0790d375
[sshexec] DEBUG 2017/04/27 02:15:14 /src/github.com/heketi/heketi/pkg/utils/ssh/ssh.go:176: Host: 192.168.48.12:22 Command: /bin/bash -c 'mkdir -p /var/lib/heketi/mounts/vg_403cca7edce115dc1c641acc2f5f11fb/brick_735c229e6665b742ff893dea0790d375'
Result: 
[sshexec] DEBUG 2017/04/27 02:15:14 /src/github.com/heketi/heketi/pkg/utils/ssh/ssh.go:176: Host: 192.168.48.14:22 Command: /bin/bash -c 'mkdir -p /var/lib/heketi/mounts/vg_d72d3bd802d4e511a80ce2f16181289d/brick_a3b3858a699b8e7940dcd7b1af98629b'
Result: 
[sshexec] DEBUG 2017/04/27 02:15:14 /src/github.com/heketi/heketi/pkg/utils/ssh/ssh.go:176: Host: 192.168.48.17:22 Command: /bin/bash -c 'mkdir -p /var/lib/heketi/mounts/vg_6c7ff8b53124baa86b5b789cd93274e1/brick_d57967724f2e5ec1f6bc00fd3ea953e9'
Result: 
[sshexec] DEBUG 2017/04/27 02:15:14 /src/github.com/heketi/heketi/pkg/utils/ssh/ssh.go:176: Host: 192.168.48.12:22 Command: /bin/bash -c 'lvcreate --poolmetadatasize 8192K -c 256K -L 1048576K -T vg_403cca7edce115dc1c641acc2f5f11fb/tp_735c229e6665b742ff893dea0790d375 -V 1048576K -n brick_735c229e6665b742ff893dea0790d375'
Result:   Logical volume "brick_735c229e6665b742ff893dea0790d375" created.
[sshexec] DEBUG 2017/04/27 02:15:14 /src/github.com/heketi/heketi/pkg/utils/ssh/ssh.go:176: Host: 192.168.48.14:22 Command: /bin/bash -c 'lvcreate --poolmetadatasize 8192K -c 256K -L 1048576K -T vg_d72d3bd802d4e511a80ce2f16181289d/tp_a3b3858a699b8e7940dcd7b1af98629b -V 1048576K -n brick_a3b3858a699b8e7940dcd7b1af98629b'
Result:   Logical volume "brick_a3b3858a699b8e7940dcd7b1af98629b" created.
[sshexec] DEBUG 2017/04/27 02:15:14 /src/github.com/heketi/heketi/pkg/utils/ssh/ssh.go:176: Host: 192.168.48.17:22 Command: /bin/bash -c 'lvcreate --poolmetadatasize 8192K -c 256K -L 1048576K -T vg_6c7ff8b53124baa86b5b789cd93274e1/tp_d57967724f2e5ec1f6bc00fd3ea953e9 -V 1048576K -n brick_d57967724f2e5ec1f6bc00fd3ea953e9'
Result:   Logical volume "brick_d57967724f2e5ec1f6bc00fd3ea953e9" created.
[sshexec] DEBUG 2017/04/27 02:15:14 /src/github.com/heketi/heketi/pkg/utils/ssh/ssh.go:176: Host: 192.168.48.12:22 Command: /bin/bash -c 'mkfs.xfs -i size=512 -n size=8192 /dev/mapper/vg_403cca7edce115dc1c641acc2f5f11fb-brick_735c229e6665b742ff893dea0790d375'
Result: meta-data=/dev/mapper/vg_403cca7edce115dc1c641acc2f5f11fb-brick_735c229e6665b742ff893dea0790d375 isize=512    agcount=8, agsize=32704 blks
         =                       sectsz=4096  attr=2, projid32bit=1
         =                       crc=1        finobt=1, sparse=0
data     =                       bsize=4096   blocks=261632, imaxpct=25
         =                       sunit=64     swidth=64 blks
naming   =version 2              bsize=8192   ascii-ci=0 ftype=1
log      =internal log           bsize=4096   blocks=576, version=2
         =                       sectsz=4096  sunit=1 blks, lazy-count=1
realtime =none                   extsz=4096   blocks=0, rtextents=0
[negroni] Started GET /queue/1ca840751fa902a1842b65c292cc5209
[negroni] Completed 200 OK in 61.154µs
[sshexec] DEBUG 2017/04/27 02:15:14 /src/github.com/heketi/heketi/pkg/utils/ssh/ssh.go:176: Host: 192.168.48.12:22 Command: /bin/bash -c 'echo "/dev/mapper/vg_403cca7edce115dc1c641acc2f5f11fb-brick_735c229e6665b742ff893dea0790d375 /var/lib/heketi/mounts/vg_403cca7edce115dc1c641acc2f5f11fb/brick_735c229e6665b742ff893dea0790d375 xfs rw,inode64,noatime,nouuid 1 2" | tee -a /etc/fstab > /dev/null '
Result: 
[sshexec] DEBUG 2017/04/27 02:15:14 /src/github.com/heketi/heketi/pkg/utils/ssh/ssh.go:176: Host: 192.168.48.14:22 Command: /bin/bash -c 'mkfs.xfs -i size=512 -n size=8192 /dev/mapper/vg_d72d3bd802d4e511a80ce2f16181289d-brick_a3b3858a699b8e7940dcd7b1af98629b'
Result: meta-data=/dev/mapper/vg_d72d3bd802d4e511a80ce2f16181289d-brick_a3b3858a699b8e7940dcd7b1af98629b isize=512    agcount=8, agsize=32704 blks
         =                       sectsz=512   attr=2, projid32bit=1
         =                       crc=1        finobt=1, sparse=0
data     =                       bsize=4096   blocks=261632, imaxpct=25
         =                       sunit=64     swidth=64 blks
naming   =version 2              bsize=8192   ascii-ci=0 ftype=1
log      =internal log           bsize=4096   blocks=1728, version=2
         =                       sectsz=512   sunit=64 blks, lazy-count=1
realtime =none                   extsz=4096   blocks=0, rtextents=0
[sshexec] DEBUG 2017/04/27 02:15:14 /src/github.com/heketi/heketi/pkg/utils/ssh/ssh.go:176: Host: 192.168.48.14:22 Command: /bin/bash -c 'echo "/dev/mapper/vg_d72d3bd802d4e511a80ce2f16181289d-brick_a3b3858a699b8e7940dcd7b1af98629b /var/lib/heketi/mounts/vg_d72d3bd802d4e511a80ce2f16181289d/brick_a3b3858a699b8e7940dcd7b1af98629b xfs rw,inode64,noatime,nouuid 1 2" | tee -a /etc/fstab > /dev/null '
Result: 
[sshexec] DEBUG 2017/04/27 02:15:14 /src/github.com/heketi/heketi/pkg/utils/ssh/ssh.go:176: Host: 192.168.48.17:22 Command: /bin/bash -c 'mkfs.xfs -i size=512 -n size=8192 /dev/mapper/vg_6c7ff8b53124baa86b5b789cd93274e1-brick_d57967724f2e5ec1f6bc00fd3ea953e9'
Result: meta-data=/dev/mapper/vg_6c7ff8b53124baa86b5b789cd93274e1-brick_d57967724f2e5ec1f6bc00fd3ea953e9 isize=512    agcount=8, agsize=32704 blks
         =                       sectsz=512   attr=2, projid32bit=1
         =                       crc=1        finobt=1, sparse=0
data     =                       bsize=4096   blocks=261632, imaxpct=25
         =                       sunit=64     swidth=64 blks
naming   =version 2              bsize=8192   ascii-ci=0 ftype=1
log      =internal log           bsize=4096   blocks=1728, version=2
         =                       sectsz=512   sunit=64 blks, lazy-count=1
realtime =none                   extsz=4096   blocks=0, rtextents=0
[sshexec] DEBUG 2017/04/27 02:15:14 /src/github.com/heketi/heketi/pkg/utils/ssh/ssh.go:176: Host: 192.168.48.17:22 Command: /bin/bash -c 'echo "/dev/mapper/vg_6c7ff8b53124baa86b5b789cd93274e1-brick_d57967724f2e5ec1f6bc00fd3ea953e9 /var/lib/heketi/mounts/vg_6c7ff8b53124baa86b5b789cd93274e1/brick_d57967724f2e5ec1f6bc00fd3ea953e9 xfs rw,inode64,noatime,nouuid 1 2" | tee -a /etc/fstab > /dev/null '
Result: 
[sshexec] DEBUG 2017/04/27 02:15:15 /src/github.com/heketi/heketi/pkg/utils/ssh/ssh.go:176: Host: 192.168.48.12:22 Command: /bin/bash -c 'mount -o rw,inode64,noatime,nouuid /dev/mapper/vg_403cca7edce115dc1c641acc2f5f11fb-brick_735c229e6665b742ff893dea0790d375 /var/lib/heketi/mounts/vg_403cca7edce115dc1c641acc2f5f11fb/brick_735c229e6665b742ff893dea0790d375'
Result: 
[sshexec] DEBUG 2017/04/27 02:15:15 /src/github.com/heketi/heketi/pkg/utils/ssh/ssh.go:176: Host: 192.168.48.12:22 Command: /bin/bash -c 'mkdir /var/lib/heketi/mounts/vg_403cca7edce115dc1c641acc2f5f11fb/brick_735c229e6665b742ff893dea0790d375/brick'
Result: 
[sshexec] DEBUG 2017/04/27 02:15:15 /src/github.com/heketi/heketi/pkg/utils/ssh/ssh.go:176: Host: 192.168.48.12:22 Command: /bin/bash -c 'chown :2000 /var/lib/heketi/mounts/vg_403cca7edce115dc1c641acc2f5f11fb/brick_735c229e6665b742ff893dea0790d375/brick'
Result: 
[sshexec] DEBUG 2017/04/27 02:15:15 /src/github.com/heketi/heketi/pkg/utils/ssh/ssh.go:176: Host: 192.168.48.12:22 Command: /bin/bash -c 'chmod 2775 /var/lib/heketi/mounts/vg_403cca7edce115dc1c641acc2f5f11fb/brick_735c229e6665b742ff893dea0790d375/brick'
Result: 
[sshexec] DEBUG 2017/04/27 02:15:15 /src/github.com/heketi/heketi/pkg/utils/ssh/ssh.go:176: Host: 192.168.48.14:22 Command: /bin/bash -c 'mount -o rw,inode64,noatime,nouuid /dev/mapper/vg_d72d3bd802d4e511a80ce2f16181289d-brick_a3b3858a699b8e7940dcd7b1af98629b /var/lib/heketi/mounts/vg_d72d3bd802d4e511a80ce2f16181289d/brick_a3b3858a699b8e7940dcd7b1af98629b'
Result: 
[sshexec] DEBUG 2017/04/27 02:15:15 /src/github.com/heketi/heketi/pkg/utils/ssh/ssh.go:176: Host: 192.168.48.14:22 Command: /bin/bash -c 'mkdir /var/lib/heketi/mounts/vg_d72d3bd802d4e511a80ce2f16181289d/brick_a3b3858a699b8e7940dcd7b1af98629b/brick'
Result: 
[sshexec] DEBUG 2017/04/27 02:15:15 /src/github.com/heketi/heketi/pkg/utils/ssh/ssh.go:176: Host: 192.168.48.14:22 Command: /bin/bash -c 'chown :2000 /var/lib/heketi/mounts/vg_d72d3bd802d4e511a80ce2f16181289d/brick_a3b3858a699b8e7940dcd7b1af98629b/brick'
Result: 
[sshexec] DEBUG 2017/04/27 02:15:15 /src/github.com/heketi/heketi/pkg/utils/ssh/ssh.go:176: Host: 192.168.48.14:22 Command: /bin/bash -c 'chmod 2775 /var/lib/heketi/mounts/vg_d72d3bd802d4e511a80ce2f16181289d/brick_a3b3858a699b8e7940dcd7b1af98629b/brick'
Result: 
[sshexec] DEBUG 2017/04/27 02:15:15 /src/github.com/heketi/heketi/pkg/utils/ssh/ssh.go:176: Host: 192.168.48.17:22 Command: /bin/bash -c 'mount -o rw,inode64,noatime,nouuid /dev/mapper/vg_6c7ff8b53124baa86b5b789cd93274e1-brick_d57967724f2e5ec1f6bc00fd3ea953e9 /var/lib/heketi/mounts/vg_6c7ff8b53124baa86b5b789cd93274e1/brick_d57967724f2e5ec1f6bc00fd3ea953e9'
Result: 
[sshexec] DEBUG 2017/04/27 02:15:15 /src/github.com/heketi/heketi/pkg/utils/ssh/ssh.go:176: Host: 192.168.48.17:22 Command: /bin/bash -c 'mkdir /var/lib/heketi/mounts/vg_6c7ff8b53124baa86b5b789cd93274e1/brick_d57967724f2e5ec1f6bc00fd3ea953e9/brick'
Result: 
[sshexec] DEBUG 2017/04/27 02:15:15 /src/github.com/heketi/heketi/pkg/utils/ssh/ssh.go:176: Host: 192.168.48.17:22 Command: /bin/bash -c 'chown :2000 /var/lib/heketi/mounts/vg_6c7ff8b53124baa86b5b789cd93274e1/brick_d57967724f2e5ec1f6bc00fd3ea953e9/brick'
Result: 
[sshexec] DEBUG 2017/04/27 02:15:15 /src/github.com/heketi/heketi/pkg/utils/ssh/ssh.go:176: Host: 192.168.48.17:22 Command: /bin/bash -c 'chmod 2775 /var/lib/heketi/mounts/vg_6c7ff8b53124baa86b5b789cd93274e1/brick_d57967724f2e5ec1f6bc00fd3ea953e9/brick'
Result: 
[sshexec] INFO 2017/04/27 02:15:15 Creating volume vol_bd65415fcc7512a7db2d18d46a8a8204 replica 3
[sshexec] ERROR 2017/04/27 02:15:15 /src/github.com/heketi/heketi/pkg/utils/ssh/ssh.go:173: Failed to run command [/bin/bash -c 'gluster --mode=script volume create vol_bd65415fcc7512a7db2d18d46a8a8204 replica 3 192.168.48.14:/var/lib/heketi/mounts/vg_d72d3bd802d4e511a80ce2f16181289d/brick_a3b3858a699b8e7940dcd7b1af98629b/brick 192.168.48.12:/var/lib/heketi/mounts/vg_403cca7edce115dc1c641acc2f5f11fb/brick_735c229e6665b742ff893dea0790d375/brick 192.168.48.17:/var/lib/heketi/mounts/vg_6c7ff8b53124baa86b5b789cd93274e1/brick_d57967724f2e5ec1f6bc00fd3ea953e9/brick '] on 192.168.48.14:22: Err[Process exited with: 1. Reason was:  ()]: Stdout []: Stderr [volume create: vol_bd65415fcc7512a7db2d18d46a8a8204: failed: Staging failed on 192.168.48.17. Error: Host 192.168.48.14 is not in 'Peer in Cluster' state
Staging failed on 192.168.48.12. Error: Host 192.168.48.14 is not in 'Peer in Cluster' state
]
[negroni] Started GET /queue/1ca840751fa902a1842b65c292cc5209
[negroni] Completed 200 OK in 137.83µs
[sshexec] ERROR 2017/04/27 02:15:15 /src/github.com/heketi/heketi/pkg/utils/ssh/ssh.go:173: Failed to run command [/bin/bash -c 'gluster --mode=script volume stop vol_bd65415fcc7512a7db2d18d46a8a8204 force'] on 192.168.48.14:22: Err[Process exited with: 1. Reason was:  ()]: Stdout []: Stderr [volume stop: vol_bd65415fcc7512a7db2d18d46a8a8204: failed: Volume vol_bd65415fcc7512a7db2d18d46a8a8204 does not exist
]
[sshexec] ERROR 2017/04/27 02:15:15 /src/github.com/heketi/heketi/executors/sshexec/volume.go:130: Unable to stop volume vol_bd65415fcc7512a7db2d18d46a8a8204: volume stop: vol_bd65415fcc7512a7db2d18d46a8a8204: failed: Volume vol_bd65415fcc7512a7db2d18d46a8a8204 does not exist
[heketi] INFO 2017/04/27 02:15:16 Deleting brick a3b3858a699b8e7940dcd7b1af98629b
[sshexec] ERROR 2017/04/27 02:15:16 /src/github.com/heketi/heketi/pkg/utils/ssh/ssh.go:173: Failed to run command [/bin/bash -c 'gluster --mode=script volume delete vol_bd65415fcc7512a7db2d18d46a8a8204'] on 192.168.48.14:22: Err[Process exited with: 1. Reason was:  ()]: Stdout []: Stderr [volume delete: vol_bd65415fcc7512a7db2d18d46a8a8204: failed: Volume vol_bd65415fcc7512a7db2d18d46a8a8204 does not exist
[heketi] INFO 2017/04/27 02:15:16 Deleting brick 735c229e6665b742ff893dea0790d375
]
[sshexec] ERROR 2017/04/27 02:15:16 /src/github.com/heketi/heketi/executors/sshexec/volume.go:139: Unable to delete volume vol_bd65415fcc7512a7db2d18d46a8a8204: volume delete: vol_bd65415fcc7512a7db2d18d46a8a8204: failed: Volume vol_bd65415fcc7512a7db2d18d46a8a8204 does not exist
[heketi] INFO 2017/04/27 02:15:16 Deleting brick d57967724f2e5ec1f6bc00fd3ea953e9
[sshexec] DEBUG 2017/04/27 02:15:16 /src/github.com/heketi/heketi/pkg/utils/ssh/ssh.go:176: Host: 192.168.48.12:22 Command: /bin/bash -c 'umount /var/lib/heketi/mounts/vg_403cca7edce115dc1c641acc2f5f11fb/brick_735c229e6665b742ff893dea0790d375'
Result: 
[sshexec] DEBUG 2017/04/27 02:15:16 /src/github.com/heketi/heketi/pkg/utils/ssh/ssh.go:176: Host: 192.168.48.14:22 Command: /bin/bash -c 'umount /var/lib/heketi/mounts/vg_d72d3bd802d4e511a80ce2f16181289d/brick_a3b3858a699b8e7940dcd7b1af98629b'
Result: 
[sshexec] DEBUG 2017/04/27 02:15:16 /src/github.com/heketi/heketi/pkg/utils/ssh/ssh.go:176: Host: 192.168.48.17:22 Command: /bin/bash -c 'umount /var/lib/heketi/mounts/vg_6c7ff8b53124baa86b5b789cd93274e1/brick_d57967724f2e5ec1f6bc00fd3ea953e9'
Result: 
[negroni] Started GET /queue/1ca840751fa902a1842b65c292cc5209
[negroni] Completed 200 OK in 71.511µs
[sshexec] DEBUG 2017/04/27 02:15:17 /src/github.com/heketi/heketi/pkg/utils/ssh/ssh.go:176: Host: 192.168.48.12:22 Command: /bin/bash -c 'lvremove -f vg_403cca7edce115dc1c641acc2f5f11fb/tp_735c229e6665b742ff893dea0790d375'
Result:   Logical volume "brick_735c229e6665b742ff893dea0790d375" successfully removed
  Logical volume "tp_735c229e6665b742ff893dea0790d375" successfully removed
[sshexec] DEBUG 2017/04/27 02:15:17 /src/github.com/heketi/heketi/pkg/utils/ssh/ssh.go:176: Host: 192.168.48.17:22 Command: /bin/bash -c 'lvremove -f vg_6c7ff8b53124baa86b5b789cd93274e1/tp_d57967724f2e5ec1f6bc00fd3ea953e9'
Result:   Logical volume "brick_d57967724f2e5ec1f6bc00fd3ea953e9" successfully removed
  Logical volume "tp_d57967724f2e5ec1f6bc00fd3ea953e9" successfully removed
[sshexec] DEBUG 2017/04/27 02:15:17 /src/github.com/heketi/heketi/pkg/utils/ssh/ssh.go:176: Host: 192.168.48.14:22 Command: /bin/bash -c 'lvremove -f vg_d72d3bd802d4e511a80ce2f16181289d/tp_a3b3858a699b8e7940dcd7b1af98629b'
Result:   Logical volume "brick_a3b3858a699b8e7940dcd7b1af98629b" successfully removed
  Logical volume "tp_a3b3858a699b8e7940dcd7b1af98629b" successfully removed
[sshexec] DEBUG 2017/04/27 02:15:17 /src/github.com/heketi/heketi/pkg/utils/ssh/ssh.go:176: Host: 192.168.48.12:22 Command: /bin/bash -c 'rmdir /var/lib/heketi/mounts/vg_403cca7edce115dc1c641acc2f5f11fb/brick_735c229e6665b742ff893dea0790d375'
Result: 
[sshexec] DEBUG 2017/04/27 02:15:17 /src/github.com/heketi/heketi/pkg/utils/ssh/ssh.go:176: Host: 192.168.48.17:22 Command: /bin/bash -c 'rmdir /var/lib/heketi/mounts/vg_6c7ff8b53124baa86b5b789cd93274e1/brick_d57967724f2e5ec1f6bc00fd3ea953e9'
Result: 
[sshexec] DEBUG 2017/04/27 02:15:17 /src/github.com/heketi/heketi/pkg/utils/ssh/ssh.go:176: Host: 192.168.48.14:22 Command: /bin/bash -c 'rmdir /var/lib/heketi/mounts/vg_d72d3bd802d4e511a80ce2f16181289d/brick_a3b3858a699b8e7940dcd7b1af98629b'
Result: 
[sshexec] DEBUG 2017/04/27 02:15:17 /src/github.com/heketi/heketi/pkg/utils/ssh/ssh.go:176: Host: 192.168.48.12:22 Command: /bin/bash -c 'sed -i.save "/brick_735c229e6665b742ff893dea0790d375/d" /etc/fstab'
Result: 
[sshexec] DEBUG 2017/04/27 02:15:17 /src/github.com/heketi/heketi/pkg/utils/ssh/ssh.go:176: Host: 192.168.48.14:22 Command: /bin/bash -c 'sed -i.save "/brick_a3b3858a699b8e7940dcd7b1af98629b/d" /etc/fstab'
Result: 
[sshexec] DEBUG 2017/04/27 02:15:17 /src/github.com/heketi/heketi/pkg/utils/ssh/ssh.go:176: Host: 192.168.48.17:22 Command: /bin/bash -c 'sed -i.save "/brick_d57967724f2e5ec1f6bc00fd3ea953e9/d" /etc/fstab'
Result: 
[heketi] ERROR 2017/04/27 02:15:17 /src/github.com/heketi/heketi/apps/glusterfs/app_volume.go:148: Failed to create volume: volume create: vol_bd65415fcc7512a7db2d18d46a8a8204: failed: Staging failed on 192.168.48.17. Error: Host 192.168.48.14 is not in 'Peer in Cluster' state
Staging failed on 192.168.48.12. Error: Host 192.168.48.14 is not in 'Peer in Cluster' state
[asynchttp] INFO 2017/04/27 02:15:17 Completed job 1ca840751fa902a1842b65c292cc5209 in 3.755817342s
[negroni] Started GET /queue/1ca840751fa902a1842b65c292cc5209
[negroni] Completed 500 Internal Server Error in 149.827µs
[negroni] Started POST /volumes
[negroni] Completed 202 Accepted in 16.783724ms
[asynchttp] INFO 2017/04/27 02:15:28 Started job 1ad9620c8d167e4331a5d528ae85ad4c
[heketi] INFO 2017/04/27 02:15:28 Creating volume 029e0d3579b84ef48735a9286c9871f1
[heketi] INFO 2017/04/27 02:15:28 brick_num: 0
[negroni] Started GET /queue/1ad9620c8d167e4331a5d528ae85ad4c
[negroni] Completed 200 OK in 170.34µs
[heketi] INFO 2017/04/27 02:15:28 Creating brick 62f925a1c37a20ecb6864546ec6966c2
[heketi] INFO 2017/04/27 02:15:28 Creating brick b8eb2d1f3254c8949e999fbaa489222e
[heketi] INFO 2017/04/27 02:15:28 Creating brick 80c8fab086f434a38259c31bd00871d1
[sshexec] DEBUG 2017/04/27 02:15:29 /src/github.com/heketi/heketi/pkg/utils/ssh/ssh.go:176: Host: 192.168.48.12:22 Command: /bin/bash -c 'mkdir -p /var/lib/heketi/mounts/vg_403cca7edce115dc1c641acc2f5f11fb/brick_62f925a1c37a20ecb6864546ec6966c2'
Result: 
[sshexec] DEBUG 2017/04/27 02:15:29 /src/github.com/heketi/heketi/pkg/utils/ssh/ssh.go:176: Host: 192.168.48.14:22 Command: /bin/bash -c 'mkdir -p /var/lib/heketi/mounts/vg_d72d3bd802d4e511a80ce2f16181289d/brick_b8eb2d1f3254c8949e999fbaa489222e'
Result: 
[sshexec] DEBUG 2017/04/27 02:15:29 /src/github.com/heketi/heketi/pkg/utils/ssh/ssh.go:176: Host: 192.168.48.17:22 Command: /bin/bash -c 'mkdir -p /var/lib/heketi/mounts/vg_6c7ff8b53124baa86b5b789cd93274e1/brick_80c8fab086f434a38259c31bd00871d1'
Result: 
[sshexec] DEBUG 2017/04/27 02:15:29 /src/github.com/heketi/heketi/pkg/utils/ssh/ssh.go:176: Host: 192.168.48.12:22 Command: /bin/bash -c 'lvcreate --poolmetadatasize 8192K -c 256K -L 1048576K -T vg_403cca7edce115dc1c641acc2f5f11fb/tp_62f925a1c37a20ecb6864546ec6966c2 -V 1048576K -n brick_62f925a1c37a20ecb6864546ec6966c2'
Result:   Logical volume "brick_62f925a1c37a20ecb6864546ec6966c2" created.
[sshexec] DEBUG 2017/04/27 02:15:29 /src/github.com/heketi/heketi/pkg/utils/ssh/ssh.go:176: Host: 192.168.48.17:22 Command: /bin/bash -c 'lvcreate --poolmetadatasize 8192K -c 256K -L 1048576K -T vg_6c7ff8b53124baa86b5b789cd93274e1/tp_80c8fab086f434a38259c31bd00871d1 -V 1048576K -n brick_80c8fab086f434a38259c31bd00871d1'
Result:   Logical volume "brick_80c8fab086f434a38259c31bd00871d1" created.
[sshexec] DEBUG 2017/04/27 02:15:29 /src/github.com/heketi/heketi/pkg/utils/ssh/ssh.go:176: Host: 192.168.48.14:22 Command: /bin/bash -c 'lvcreate --poolmetadatasize 8192K -c 256K -L 1048576K -T vg_d72d3bd802d4e511a80ce2f16181289d/tp_b8eb2d1f3254c8949e999fbaa489222e -V 1048576K -n brick_b8eb2d1f3254c8949e999fbaa489222e'
Result:   Logical volume "brick_b8eb2d1f3254c8949e999fbaa489222e" created.
[sshexec] DEBUG 2017/04/27 02:15:29 /src/github.com/heketi/heketi/pkg/utils/ssh/ssh.go:176: Host: 192.168.48.12:22 Command: /bin/bash -c 'mkfs.xfs -i size=512 -n size=8192 /dev/mapper/vg_403cca7edce115dc1c641acc2f5f11fb-brick_62f925a1c37a20ecb6864546ec6966c2'
Result: meta-data=/dev/mapper/vg_403cca7edce115dc1c641acc2f5f11fb-brick_62f925a1c37a20ecb6864546ec6966c2 isize=512    agcount=8, agsize=32704 blks
         =                       sectsz=4096  attr=2, projid32bit=1
         =                       crc=1        finobt=1, sparse=0
data     =                       bsize=4096   blocks=261632, imaxpct=25
         =                       sunit=64     swidth=64 blks
naming   =version 2              bsize=8192   ascii-ci=0 ftype=1
log      =internal log           bsize=4096   blocks=576, version=2
         =                       sectsz=4096  sunit=1 blks, lazy-count=1
realtime =none                   extsz=4096   blocks=0, rtextents=0
[sshexec] DEBUG 2017/04/27 02:15:29 /src/github.com/heketi/heketi/pkg/utils/ssh/ssh.go:176: Host: 192.168.48.12:22 Command: /bin/bash -c 'echo "/dev/mapper/vg_403cca7edce115dc1c641acc2f5f11fb-brick_62f925a1c37a20ecb6864546ec6966c2 /var/lib/heketi/mounts/vg_403cca7edce115dc1c641acc2f5f11fb/brick_62f925a1c37a20ecb6864546ec6966c2 xfs rw,inode64,noatime,nouuid 1 2" | tee -a /etc/fstab > /dev/null '
Result: 
[negroni] Started GET /queue/1ad9620c8d167e4331a5d528ae85ad4c
[negroni] Completed 200 OK in 70.978µs
[sshexec] DEBUG 2017/04/27 02:15:29 /src/github.com/heketi/heketi/pkg/utils/ssh/ssh.go:176: Host: 192.168.48.17:22 Command: /bin/bash -c 'mkfs.xfs -i size=512 -n size=8192 /dev/mapper/vg_6c7ff8b53124baa86b5b789cd93274e1-brick_80c8fab086f434a38259c31bd00871d1'
Result: meta-data=/dev/mapper/vg_6c7ff8b53124baa86b5b789cd93274e1-brick_80c8fab086f434a38259c31bd00871d1 isize=512    agcount=8, agsize=32704 blks
         =                       sectsz=512   attr=2, projid32bit=1
         =                       crc=1        finobt=1, sparse=0
data     =                       bsize=4096   blocks=261632, imaxpct=25
         =                       sunit=64     swidth=64 blks
naming   =version 2              bsize=8192   ascii-ci=0 ftype=1
log      =internal log           bsize=4096   blocks=1728, version=2
         =                       sectsz=512   sunit=64 blks, lazy-count=1
realtime =none                   extsz=4096   blocks=0, rtextents=0
[sshexec] DEBUG 2017/04/27 02:15:29 /src/github.com/heketi/heketi/pkg/utils/ssh/ssh.go:176: Host: 192.168.48.17:22 Command: /bin/bash -c 'echo "/dev/mapper/vg_6c7ff8b53124baa86b5b789cd93274e1-brick_80c8fab086f434a38259c31bd00871d1 /var/lib/heketi/mounts/vg_6c7ff8b53124baa86b5b789cd93274e1/brick_80c8fab086f434a38259c31bd00871d1 xfs rw,inode64,noatime,nouuid 1 2" | tee -a /etc/fstab > /dev/null '
Result: 
[sshexec] DEBUG 2017/04/27 02:15:29 /src/github.com/heketi/heketi/pkg/utils/ssh/ssh.go:176: Host: 192.168.48.14:22 Command: /bin/bash -c 'mkfs.xfs -i size=512 -n size=8192 /dev/mapper/vg_d72d3bd802d4e511a80ce2f16181289d-brick_b8eb2d1f3254c8949e999fbaa489222e'
Result: meta-data=/dev/mapper/vg_d72d3bd802d4e511a80ce2f16181289d-brick_b8eb2d1f3254c8949e999fbaa489222e isize=512    agcount=8, agsize=32704 blks
         =                       sectsz=512   attr=2, projid32bit=1
         =                       crc=1        finobt=1, sparse=0
data     =                       bsize=4096   blocks=261632, imaxpct=25
         =                       sunit=64     swidth=64 blks
naming   =version 2              bsize=8192   ascii-ci=0 ftype=1
log      =internal log           bsize=4096   blocks=1728, version=2
         =                       sectsz=512   sunit=64 blks, lazy-count=1
realtime =none                   extsz=4096   blocks=0, rtextents=0
[sshexec] DEBUG 2017/04/27 02:15:29 /src/github.com/heketi/heketi/pkg/utils/ssh/ssh.go:176: Host: 192.168.48.14:22 Command: /bin/bash -c 'echo "/dev/mapper/vg_d72d3bd802d4e511a80ce2f16181289d-brick_b8eb2d1f3254c8949e999fbaa489222e /var/lib/heketi/mounts/vg_d72d3bd802d4e511a80ce2f16181289d/brick_b8eb2d1f3254c8949e999fbaa489222e xfs rw,inode64,noatime,nouuid 1 2" | tee -a /etc/fstab > /dev/null '
Result: 
[sshexec] DEBUG 2017/04/27 02:15:29 /src/github.com/heketi/heketi/pkg/utils/ssh/ssh.go:176: Host: 192.168.48.12:22 Command: /bin/bash -c 'mount -o rw,inode64,noatime,nouuid /dev/mapper/vg_403cca7edce115dc1c641acc2f5f11fb-brick_62f925a1c37a20ecb6864546ec6966c2 /var/lib/heketi/mounts/vg_403cca7edce115dc1c641acc2f5f11fb/brick_62f925a1c37a20ecb6864546ec6966c2'
Result: 
[sshexec] DEBUG 2017/04/27 02:15:29 /src/github.com/heketi/heketi/pkg/utils/ssh/ssh.go:176: Host: 192.168.48.12:22 Command: /bin/bash -c 'mkdir /var/lib/heketi/mounts/vg_403cca7edce115dc1c641acc2f5f11fb/brick_62f925a1c37a20ecb6864546ec6966c2/brick'
Result: 
[sshexec] DEBUG 2017/04/27 02:15:29 /src/github.com/heketi/heketi/pkg/utils/ssh/ssh.go:176: Host: 192.168.48.12:22 Command: /bin/bash -c 'chown :2000 /var/lib/heketi/mounts/vg_403cca7edce115dc1c641acc2f5f11fb/brick_62f925a1c37a20ecb6864546ec6966c2/brick'
Result: 
[sshexec] DEBUG 2017/04/27 02:15:29 /src/github.com/heketi/heketi/pkg/utils/ssh/ssh.go:176: Host: 192.168.48.12:22 Command: /bin/bash -c 'chmod 2775 /var/lib/heketi/mounts/vg_403cca7edce115dc1c641acc2f5f11fb/brick_62f925a1c37a20ecb6864546ec6966c2/brick'
Result: 
[sshexec] DEBUG 2017/04/27 02:15:30 /src/github.com/heketi/heketi/pkg/utils/ssh/ssh.go:176: Host: 192.168.48.14:22 Command: /bin/bash -c 'mount -o rw,inode64,noatime,nouuid /dev/mapper/vg_d72d3bd802d4e511a80ce2f16181289d-brick_b8eb2d1f3254c8949e999fbaa489222e /var/lib/heketi/mounts/vg_d72d3bd802d4e511a80ce2f16181289d/brick_b8eb2d1f3254c8949e999fbaa489222e'
Result: 
[sshexec] DEBUG 2017/04/27 02:15:30 /src/github.com/heketi/heketi/pkg/utils/ssh/ssh.go:176: Host: 192.168.48.14:22 Command: /bin/bash -c 'mkdir /var/lib/heketi/mounts/vg_d72d3bd802d4e511a80ce2f16181289d/brick_b8eb2d1f3254c8949e999fbaa489222e/brick'
Result: 
[sshexec] DEBUG 2017/04/27 02:15:30 /src/github.com/heketi/heketi/pkg/utils/ssh/ssh.go:176: Host: 192.168.48.14:22 Command: /bin/bash -c 'chown :2000 /var/lib/heketi/mounts/vg_d72d3bd802d4e511a80ce2f16181289d/brick_b8eb2d1f3254c8949e999fbaa489222e/brick'
Result: 
[sshexec] DEBUG 2017/04/27 02:15:30 /src/github.com/heketi/heketi/pkg/utils/ssh/ssh.go:176: Host: 192.168.48.14:22 Command: /bin/bash -c 'chmod 2775 /var/lib/heketi/mounts/vg_d72d3bd802d4e511a80ce2f16181289d/brick_b8eb2d1f3254c8949e999fbaa489222e/brick'
Result: 
[sshexec] DEBUG 2017/04/27 02:15:30 /src/github.com/heketi/heketi/pkg/utils/ssh/ssh.go:176: Host: 192.168.48.17:22 Command: /bin/bash -c 'mount -o rw,inode64,noatime,nouuid /dev/mapper/vg_6c7ff8b53124baa86b5b789cd93274e1-brick_80c8fab086f434a38259c31bd00871d1 /var/lib/heketi/mounts/vg_6c7ff8b53124baa86b5b789cd93274e1/brick_80c8fab086f434a38259c31bd00871d1'
Result: 
[sshexec] DEBUG 2017/04/27 02:15:30 /src/github.com/heketi/heketi/pkg/utils/ssh/ssh.go:176: Host: 192.168.48.17:22 Command: /bin/bash -c 'mkdir /var/lib/heketi/mounts/vg_6c7ff8b53124baa86b5b789cd93274e1/brick_80c8fab086f434a38259c31bd00871d1/brick'
Result: 
[sshexec] DEBUG 2017/04/27 02:15:30 /src/github.com/heketi/heketi/pkg/utils/ssh/ssh.go:176: Host: 192.168.48.17:22 Command: /bin/bash -c 'chown :2000 /var/lib/heketi/mounts/vg_6c7ff8b53124baa86b5b789cd93274e1/brick_80c8fab086f434a38259c31bd00871d1/brick'
Result: 
[sshexec] DEBUG 2017/04/27 02:15:30 /src/github.com/heketi/heketi/pkg/utils/ssh/ssh.go:176: Host: 192.168.48.17:22 Command: /bin/bash -c 'chmod 2775 /var/lib/heketi/mounts/vg_6c7ff8b53124baa86b5b789cd93274e1/brick_80c8fab086f434a38259c31bd00871d1/brick'
Result: 
[sshexec] INFO 2017/04/27 02:15:30 Creating volume vol_029e0d3579b84ef48735a9286c9871f1 replica 3
[sshexec] ERROR 2017/04/27 02:15:30 /src/github.com/heketi/heketi/pkg/utils/ssh/ssh.go:173: Failed to run command [/bin/bash -c 'gluster --mode=script volume create vol_029e0d3579b84ef48735a9286c9871f1 replica 3 192.168.48.12:/var/lib/heketi/mounts/vg_403cca7edce115dc1c641acc2f5f11fb/brick_62f925a1c37a20ecb6864546ec6966c2/brick 192.168.48.17:/var/lib/heketi/mounts/vg_6c7ff8b53124baa86b5b789cd93274e1/brick_80c8fab086f434a38259c31bd00871d1/brick 192.168.48.14:/var/lib/heketi/mounts/vg_d72d3bd802d4e511a80ce2f16181289d/brick_b8eb2d1f3254c8949e999fbaa489222e/brick '] on 192.168.48.12:22: Err[Process exited with: 1. Reason was:  ()]: Stdout []: Stderr [volume create: vol_029e0d3579b84ef48735a9286c9871f1: failed: Host 192.168.48.14 is not in 'Peer in Cluster' state
]
[sshexec] ERROR 2017/04/27 02:15:30 /src/github.com/heketi/heketi/pkg/utils/ssh/ssh.go:173: Failed to run command [/bin/bash -c 'gluster --mode=script volume stop vol_029e0d3579b84ef48735a9286c9871f1 force'] on 192.168.48.12:22: Err[Process exited with: 1. Reason was:  ()]: Stdout []: Stderr [volume stop: vol_029e0d3579b84ef48735a9286c9871f1: failed: Volume vol_029e0d3579b84ef48735a9286c9871f1 does not exist
]
[sshexec] ERROR 2017/04/27 02:15:30 /src/github.com/heketi/heketi/executors/sshexec/volume.go:130: Unable to stop volume vol_029e0d3579b84ef48735a9286c9871f1: volume stop: vol_029e0d3579b84ef48735a9286c9871f1: failed: Volume vol_029e0d3579b84ef48735a9286c9871f1 does not exist
[negroni] Started GET /queue/1ad9620c8d167e4331a5d528ae85ad4c
[negroni] Completed 200 OK in 60.533µs
[heketi] INFO 2017/04/27 02:15:31 Deleting brick 62f925a1c37a20ecb6864546ec6966c2
[heketi] INFO 2017/04/27 02:15:31 Deleting brick 80c8fab086f434a38259c31bd00871d1
[heketi] INFO 2017/04/27 02:15:31 Deleting brick b8eb2d1f3254c8949e999fbaa489222e
[sshexec] ERROR 2017/04/27 02:15:31 /src/github.com/heketi/heketi/pkg/utils/ssh/ssh.go:173: Failed to run command [/bin/bash -c 'gluster --mode=script volume delete vol_029e0d3579b84ef48735a9286c9871f1'] on 192.168.48.12:22: Err[Process exited with: 1. Reason was:  ()]: Stdout []: Stderr [volume delete: vol_029e0d3579b84ef48735a9286c9871f1: failed: Volume vol_029e0d3579b84ef48735a9286c9871f1 does not exist
]
[sshexec] ERROR 2017/04/27 02:15:31 /src/github.com/heketi/heketi/executors/sshexec/volume.go:139: Unable to delete volume vol_029e0d3579b84ef48735a9286c9871f1: volume delete: vol_029e0d3579b84ef48735a9286c9871f1: failed: Volume vol_029e0d3579b84ef48735a9286c9871f1 does not exist
[sshexec] DEBUG 2017/04/27 02:15:31 /src/github.com/heketi/heketi/pkg/utils/ssh/ssh.go:176: Host: 192.168.48.14:22 Command: /bin/bash -c 'umount /var/lib/heketi/mounts/vg_d72d3bd802d4e511a80ce2f16181289d/brick_b8eb2d1f3254c8949e999fbaa489222e'
Result: 
[sshexec] DEBUG 2017/04/27 02:15:31 /src/github.com/heketi/heketi/pkg/utils/ssh/ssh.go:176: Host: 192.168.48.12:22 Command: /bin/bash -c 'umount /var/lib/heketi/mounts/vg_403cca7edce115dc1c641acc2f5f11fb/brick_62f925a1c37a20ecb6864546ec6966c2'
Result: 
[sshexec] DEBUG 2017/04/27 02:15:31 /src/github.com/heketi/heketi/pkg/utils/ssh/ssh.go:176: Host: 192.168.48.17:22 Command: /bin/bash -c 'umount /var/lib/heketi/mounts/vg_6c7ff8b53124baa86b5b789cd93274e1/brick_80c8fab086f434a38259c31bd00871d1'
Result: 
[sshexec] DEBUG 2017/04/27 02:15:31 /src/github.com/heketi/heketi/pkg/utils/ssh/ssh.go:176: Host: 192.168.48.14:22 Command: /bin/bash -c 'lvremove -f vg_d72d3bd802d4e511a80ce2f16181289d/tp_b8eb2d1f3254c8949e999fbaa489222e'
Result:   Logical volume "brick_b8eb2d1f3254c8949e999fbaa489222e" successfully removed
  Logical volume "tp_b8eb2d1f3254c8949e999fbaa489222e" successfully removed
[negroni] Started GET /queue/1ad9620c8d167e4331a5d528ae85ad4c
[negroni] Completed 200 OK in 74.112µs
[sshexec] DEBUG 2017/04/27 02:15:31 /src/github.com/heketi/heketi/pkg/utils/ssh/ssh.go:176: Host: 192.168.48.17:22 Command: /bin/bash -c 'lvremove -f vg_6c7ff8b53124baa86b5b789cd93274e1/tp_80c8fab086f434a38259c31bd00871d1'
Result:   Logical volume "brick_80c8fab086f434a38259c31bd00871d1" successfully removed
  Logical volume "tp_80c8fab086f434a38259c31bd00871d1" successfully removed
[sshexec] DEBUG 2017/04/27 02:15:31 /src/github.com/heketi/heketi/pkg/utils/ssh/ssh.go:176: Host: 192.168.48.12:22 Command: /bin/bash -c 'lvremove -f vg_403cca7edce115dc1c641acc2f5f11fb/tp_62f925a1c37a20ecb6864546ec6966c2'
Result:   Logical volume "brick_62f925a1c37a20ecb6864546ec6966c2" successfully removed
  Logical volume "tp_62f925a1c37a20ecb6864546ec6966c2" successfully removed
[sshexec] DEBUG 2017/04/27 02:15:32 /src/github.com/heketi/heketi/pkg/utils/ssh/ssh.go:176: Host: 192.168.48.14:22 Command: /bin/bash -c 'rmdir /var/lib/heketi/mounts/vg_d72d3bd802d4e511a80ce2f16181289d/brick_b8eb2d1f3254c8949e999fbaa489222e'
Result: 
[sshexec] DEBUG 2017/04/27 02:15:32 /src/github.com/heketi/heketi/pkg/utils/ssh/ssh.go:176: Host: 192.168.48.12:22 Command: /bin/bash -c 'rmdir /var/lib/heketi/mounts/vg_403cca7edce115dc1c641acc2f5f11fb/brick_62f925a1c37a20ecb6864546ec6966c2'
Result: 
[sshexec] DEBUG 2017/04/27 02:15:32 /src/github.com/heketi/heketi/pkg/utils/ssh/ssh.go:176: Host: 192.168.48.17:22 Command: /bin/bash -c 'rmdir /var/lib/heketi/mounts/vg_6c7ff8b53124baa86b5b789cd93274e1/brick_80c8fab086f434a38259c31bd00871d1'
Result: 
[sshexec] DEBUG 2017/04/27 02:15:32 /src/github.com/heketi/heketi/pkg/utils/ssh/ssh.go:176: Host: 192.168.48.14:22 Command: /bin/bash -c 'sed -i.save "/brick_b8eb2d1f3254c8949e999fbaa489222e/d" /etc/fstab'
Result: 
[sshexec] DEBUG 2017/04/27 02:15:32 /src/github.com/heketi/heketi/pkg/utils/ssh/ssh.go:176: Host: 192.168.48.12:22 Command: /bin/bash -c 'sed -i.save "/brick_62f925a1c37a20ecb6864546ec6966c2/d" /etc/fstab'
Result: 
[sshexec] DEBUG 2017/04/27 02:15:32 /src/github.com/heketi/heketi/pkg/utils/ssh/ssh.go:176: Host: 192.168.48.17:22 Command: /bin/bash -c 'sed -i.save "/brick_80c8fab086f434a38259c31bd00871d1/d" /etc/fstab'
Result: 
[heketi] ERROR 2017/04/27 02:15:32 /src/github.com/heketi/heketi/apps/glusterfs/app_volume.go:148: Failed to create volume: volume create: vol_029e0d3579b84ef48735a9286c9871f1: failed: Host 192.168.48.14 is not in 'Peer in Cluster' state
[asynchttp] INFO 2017/04/27 02:15:32 Completed job 1ad9620c8d167e4331a5d528ae85ad4c in 3.539266938s
[negroni] Started GET /queue/1ad9620c8d167e4331a5d528ae85ad4c
[negroni] Completed 500 Internal Server Error in 209.523µs
[negroni] Started POST /volumes
[negroni] Completed 202 Accepted in 15.706441ms
[asynchttp] INFO 2017/04/27 02:15:43 Started job 22e8795bfa05e2b37890e84c99fa0787
[heketi] INFO 2017/04/27 02:15:43 Creating volume c40602a7f4f794b97e6c687817e81760
[heketi] INFO 2017/04/27 02:15:43 brick_num: 0
[negroni] Started GET /queue/22e8795bfa05e2b37890e84c99fa0787
[negroni] Completed 200 OK in 371.587µs
[heketi] INFO 2017/04/27 02:15:43 Creating brick feaf5a12f6a0524ac486e29c4c882e13
[heketi] INFO 2017/04/27 02:15:43 Creating brick 4bdd2f1dcf6e338ac6ce536ba468f163
[heketi] INFO 2017/04/27 02:15:43 Creating brick 04252e1bca0d3b5cd336728635d90038
[sshexec] DEBUG 2017/04/27 02:15:44 /src/github.com/heketi/heketi/pkg/utils/ssh/ssh.go:176: Host: 192.168.48.12:22 Command: /bin/bash -c 'mkdir -p /var/lib/heketi/mounts/vg_403cca7edce115dc1c641acc2f5f11fb/brick_feaf5a12f6a0524ac486e29c4c882e13'
Result: 
[sshexec] DEBUG 2017/04/27 02:15:44 /src/github.com/heketi/heketi/pkg/utils/ssh/ssh.go:176: Host: 192.168.48.14:22 Command: /bin/bash -c 'mkdir -p /var/lib/heketi/mounts/vg_d72d3bd802d4e511a80ce2f16181289d/brick_4bdd2f1dcf6e338ac6ce536ba468f163'
Result: 
[sshexec] DEBUG 2017/04/27 02:15:44 /src/github.com/heketi/heketi/pkg/utils/ssh/ssh.go:176: Host: 192.168.48.17:22 Command: /bin/bash -c 'mkdir -p /var/lib/heketi/mounts/vg_6c7ff8b53124baa86b5b789cd93274e1/brick_04252e1bca0d3b5cd336728635d90038'
Result: 
[sshexec] DEBUG 2017/04/27 02:15:44 /src/github.com/heketi/heketi/pkg/utils/ssh/ssh.go:176: Host: 192.168.48.12:22 Command: /bin/bash -c 'lvcreate --poolmetadatasize 8192K -c 256K -L 1048576K -T vg_403cca7edce115dc1c641acc2f5f11fb/tp_feaf5a12f6a0524ac486e29c4c882e13 -V 1048576K -n brick_feaf5a12f6a0524ac486e29c4c882e13'
Result:   Logical volume "brick_feaf5a12f6a0524ac486e29c4c882e13" created.
[sshexec] DEBUG 2017/04/27 02:15:44 /src/github.com/heketi/heketi/pkg/utils/ssh/ssh.go:176: Host: 192.168.48.17:22 Command: /bin/bash -c 'lvcreate --poolmetadatasize 8192K -c 256K -L 1048576K -T vg_6c7ff8b53124baa86b5b789cd93274e1/tp_04252e1bca0d3b5cd336728635d90038 -V 1048576K -n brick_04252e1bca0d3b5cd336728635d90038'
Result:   Logical volume "brick_04252e1bca0d3b5cd336728635d90038" created.
[negroni] Started GET /queue/22e8795bfa05e2b37890e84c99fa0787
[negroni] Completed 200 OK in 178.708µs
[sshexec] DEBUG 2017/04/27 02:15:44 /src/github.com/heketi/heketi/pkg/utils/ssh/ssh.go:176: Host: 192.168.48.12:22 Command: /bin/bash -c 'mkfs.xfs -i size=512 -n size=8192 /dev/mapper/vg_403cca7edce115dc1c641acc2f5f11fb-brick_feaf5a12f6a0524ac486e29c4c882e13'
Result: meta-data=/dev/mapper/vg_403cca7edce115dc1c641acc2f5f11fb-brick_feaf5a12f6a0524ac486e29c4c882e13 isize=512    agcount=8, agsize=32704 blks
         =                       sectsz=4096  attr=2, projid32bit=1
         =                       crc=1        finobt=1, sparse=0
data     =                       bsize=4096   blocks=261632, imaxpct=25
         =                       sunit=64     swidth=64 blks
naming   =version 2              bsize=8192   ascii-ci=0 ftype=1
log      =internal log           bsize=4096   blocks=576, version=2
         =                       sectsz=4096  sunit=1 blks, lazy-count=1
realtime =none                   extsz=4096   blocks=0, rtextents=0
[sshexec] DEBUG 2017/04/27 02:15:44 /src/github.com/heketi/heketi/pkg/utils/ssh/ssh.go:176: Host: 192.168.48.14:22 Command: /bin/bash -c 'lvcreate --poolmetadatasize 8192K -c 256K -L 1048576K -T vg_d72d3bd802d4e511a80ce2f16181289d/tp_4bdd2f1dcf6e338ac6ce536ba468f163 -V 1048576K -n brick_4bdd2f1dcf6e338ac6ce536ba468f163'
Result:   Logical volume "brick_4bdd2f1dcf6e338ac6ce536ba468f163" created.
[sshexec] DEBUG 2017/04/27 02:15:44 /src/github.com/heketi/heketi/pkg/utils/ssh/ssh.go:176: Host: 192.168.48.12:22 Command: /bin/bash -c 'echo "/dev/mapper/vg_403cca7edce115dc1c641acc2f5f11fb-brick_feaf5a12f6a0524ac486e29c4c882e13 /var/lib/heketi/mounts/vg_403cca7edce115dc1c641acc2f5f11fb/brick_feaf5a12f6a0524ac486e29c4c882e13 xfs rw,inode64,noatime,nouuid 1 2" | tee -a /etc/fstab > /dev/null '
Result: 
[sshexec] DEBUG 2017/04/27 02:15:44 /src/github.com/heketi/heketi/pkg/utils/ssh/ssh.go:176: Host: 192.168.48.17:22 Command: /bin/bash -c 'mkfs.xfs -i size=512 -n size=8192 /dev/mapper/vg_6c7ff8b53124baa86b5b789cd93274e1-brick_04252e1bca0d3b5cd336728635d90038'
Result: meta-data=/dev/mapper/vg_6c7ff8b53124baa86b5b789cd93274e1-brick_04252e1bca0d3b5cd336728635d90038 isize=512    agcount=8, agsize=32704 blks
         =                       sectsz=512   attr=2, projid32bit=1
         =                       crc=1        finobt=1, sparse=0
data     =                       bsize=4096   blocks=261632, imaxpct=25
         =                       sunit=64     swidth=64 blks
naming   =version 2              bsize=8192   ascii-ci=0 ftype=1
log      =internal log           bsize=4096   blocks=1728, version=2
         =                       sectsz=512   sunit=64 blks, lazy-count=1
realtime =none                   extsz=4096   blocks=0, rtextents=0
[sshexec] DEBUG 2017/04/27 02:15:44 /src/github.com/heketi/heketi/pkg/utils/ssh/ssh.go:176: Host: 192.168.48.17:22 Command: /bin/bash -c 'echo "/dev/mapper/vg_6c7ff8b53124baa86b5b789cd93274e1-brick_04252e1bca0d3b5cd336728635d90038 /var/lib/heketi/mounts/vg_6c7ff8b53124baa86b5b789cd93274e1/brick_04252e1bca0d3b5cd336728635d90038 xfs rw,inode64,noatime,nouuid 1 2" | tee -a /etc/fstab > /dev/null '
Result: 
[sshexec] DEBUG 2017/04/27 02:15:44 /src/github.com/heketi/heketi/pkg/utils/ssh/ssh.go:176: Host: 192.168.48.14:22 Command: /bin/bash -c 'mkfs.xfs -i size=512 -n size=8192 /dev/mapper/vg_d72d3bd802d4e511a80ce2f16181289d-brick_4bdd2f1dcf6e338ac6ce536ba468f163'
Result: meta-data=/dev/mapper/vg_d72d3bd802d4e511a80ce2f16181289d-brick_4bdd2f1dcf6e338ac6ce536ba468f163 isize=512    agcount=8, agsize=32704 blks
         =                       sectsz=512   attr=2, projid32bit=1
         =                       crc=1        finobt=1, sparse=0
data     =                       bsize=4096   blocks=261632, imaxpct=25
         =                       sunit=64     swidth=64 blks
naming   =version 2              bsize=8192   ascii-ci=0 ftype=1
log      =internal log           bsize=4096   blocks=1728, version=2
         =                       sectsz=512   sunit=64 blks, lazy-count=1
realtime =none                   extsz=4096   blocks=0, rtextents=0
[sshexec] DEBUG 2017/04/27 02:15:44 /src/github.com/heketi/heketi/pkg/utils/ssh/ssh.go:176: Host: 192.168.48.12:22 Command: /bin/bash -c 'mount -o rw,inode64,noatime,nouuid /dev/mapper/vg_403cca7edce115dc1c641acc2f5f11fb-brick_feaf5a12f6a0524ac486e29c4c882e13 /var/lib/heketi/mounts/vg_403cca7edce115dc1c641acc2f5f11fb/brick_feaf5a12f6a0524ac486e29c4c882e13'
Result: 
[sshexec] DEBUG 2017/04/27 02:15:44 /src/github.com/heketi/heketi/pkg/utils/ssh/ssh.go:176: Host: 192.168.48.14:22 Command: /bin/bash -c 'echo "/dev/mapper/vg_d72d3bd802d4e511a80ce2f16181289d-brick_4bdd2f1dcf6e338ac6ce536ba468f163 /var/lib/heketi/mounts/vg_d72d3bd802d4e511a80ce2f16181289d/brick_4bdd2f1dcf6e338ac6ce536ba468f163 xfs rw,inode64,noatime,nouuid 1 2" | tee -a /etc/fstab > /dev/null '
Result: 
[sshexec] DEBUG 2017/04/27 02:15:45 /src/github.com/heketi/heketi/pkg/utils/ssh/ssh.go:176: Host: 192.168.48.12:22 Command: /bin/bash -c 'mkdir /var/lib/heketi/mounts/vg_403cca7edce115dc1c641acc2f5f11fb/brick_feaf5a12f6a0524ac486e29c4c882e13/brick'
Result: 
[sshexec] DEBUG 2017/04/27 02:15:45 /src/github.com/heketi/heketi/pkg/utils/ssh/ssh.go:176: Host: 192.168.48.12:22 Command: /bin/bash -c 'chown :2000 /var/lib/heketi/mounts/vg_403cca7edce115dc1c641acc2f5f11fb/brick_feaf5a12f6a0524ac486e29c4c882e13/brick'
Result: 
[sshexec] DEBUG 2017/04/27 02:15:45 /src/github.com/heketi/heketi/pkg/utils/ssh/ssh.go:176: Host: 192.168.48.12:22 Command: /bin/bash -c 'chmod 2775 /var/lib/heketi/mounts/vg_403cca7edce115dc1c641acc2f5f11fb/brick_feaf5a12f6a0524ac486e29c4c882e13/brick'
Result: 
[sshexec] DEBUG 2017/04/27 02:15:45 /src/github.com/heketi/heketi/pkg/utils/ssh/ssh.go:176: Host: 192.168.48.17:22 Command: /bin/bash -c 'mount -o rw,inode64,noatime,nouuid /dev/mapper/vg_6c7ff8b53124baa86b5b789cd93274e1-brick_04252e1bca0d3b5cd336728635d90038 /var/lib/heketi/mounts/vg_6c7ff8b53124baa86b5b789cd93274e1/brick_04252e1bca0d3b5cd336728635d90038'
Result: 
[sshexec] DEBUG 2017/04/27 02:15:45 /src/github.com/heketi/heketi/pkg/utils/ssh/ssh.go:176: Host: 192.168.48.17:22 Command: /bin/bash -c 'mkdir /var/lib/heketi/mounts/vg_6c7ff8b53124baa86b5b789cd93274e1/brick_04252e1bca0d3b5cd336728635d90038/brick'
Result: 
[sshexec] DEBUG 2017/04/27 02:15:45 /src/github.com/heketi/heketi/pkg/utils/ssh/ssh.go:176: Host: 192.168.48.17:22 Command: /bin/bash -c 'chown :2000 /var/lib/heketi/mounts/vg_6c7ff8b53124baa86b5b789cd93274e1/brick_04252e1bca0d3b5cd336728635d90038/brick'
Result: 
[sshexec] DEBUG 2017/04/27 02:15:45 /src/github.com/heketi/heketi/pkg/utils/ssh/ssh.go:176: Host: 192.168.48.17:22 Command: /bin/bash -c 'chmod 2775 /var/lib/heketi/mounts/vg_6c7ff8b53124baa86b5b789cd93274e1/brick_04252e1bca0d3b5cd336728635d90038/brick'
Result: 
[sshexec] DEBUG 2017/04/27 02:15:45 /src/github.com/heketi/heketi/pkg/utils/ssh/ssh.go:176: Host: 192.168.48.14:22 Command: /bin/bash -c 'mount -o rw,inode64,noatime,nouuid /dev/mapper/vg_d72d3bd802d4e511a80ce2f16181289d-brick_4bdd2f1dcf6e338ac6ce536ba468f163 /var/lib/heketi/mounts/vg_d72d3bd802d4e511a80ce2f16181289d/brick_4bdd2f1dcf6e338ac6ce536ba468f163'
Result: 
[sshexec] DEBUG 2017/04/27 02:15:45 /src/github.com/heketi/heketi/pkg/utils/ssh/ssh.go:176: Host: 192.168.48.14:22 Command: /bin/bash -c 'mkdir /var/lib/heketi/mounts/vg_d72d3bd802d4e511a80ce2f16181289d/brick_4bdd2f1dcf6e338ac6ce536ba468f163/brick'
Result: 
[sshexec] DEBUG 2017/04/27 02:15:45 /src/github.com/heketi/heketi/pkg/utils/ssh/ssh.go:176: Host: 192.168.48.14:22 Command: /bin/bash -c 'chown :2000 /var/lib/heketi/mounts/vg_d72d3bd802d4e511a80ce2f16181289d/brick_4bdd2f1dcf6e338ac6ce536ba468f163/brick'
Result: 
[sshexec] DEBUG 2017/04/27 02:15:45 /src/github.com/heketi/heketi/pkg/utils/ssh/ssh.go:176: Host: 192.168.48.14:22 Command: /bin/bash -c 'chmod 2775 /var/lib/heketi/mounts/vg_d72d3bd802d4e511a80ce2f16181289d/brick_4bdd2f1dcf6e338ac6ce536ba468f163/brick'
Result: 
[sshexec] INFO 2017/04/27 02:15:45 Creating volume vol_c40602a7f4f794b97e6c687817e81760 replica 3
[sshexec] ERROR 2017/04/27 02:15:45 /src/github.com/heketi/heketi/pkg/utils/ssh/ssh.go:173: Failed to run command [/bin/bash -c 'gluster --mode=script volume create vol_c40602a7f4f794b97e6c687817e81760 replica 3 192.168.48.12:/var/lib/heketi/mounts/vg_403cca7edce115dc1c641acc2f5f11fb/brick_feaf5a12f6a0524ac486e29c4c882e13/brick 192.168.48.17:/var/lib/heketi/mounts/vg_6c7ff8b53124baa86b5b789cd93274e1/brick_04252e1bca0d3b5cd336728635d90038/brick 192.168.48.14:/var/lib/heketi/mounts/vg_d72d3bd802d4e511a80ce2f16181289d/brick_4bdd2f1dcf6e338ac6ce536ba468f163/brick '] on 192.168.48.12:22: Err[Process exited with: 1. Reason was:  ()]: Stdout []: Stderr [volume create: vol_c40602a7f4f794b97e6c687817e81760: failed: Host 192.168.48.14 is not in 'Peer in Cluster' state
]
[sshexec] ERROR 2017/04/27 02:15:45 /src/github.com/heketi/heketi/pkg/utils/ssh/ssh.go:173: Failed to run command [/bin/bash -c 'gluster --mode=script volume stop vol_c40602a7f4f794b97e6c687817e81760 force'] on 192.168.48.12:22: Err[Process exited with: 1. Reason was:  ()]: Stdout []: Stderr [volume stop: vol_c40602a7f4f794b97e6c687817e81760: failed: Volume vol_c40602a7f4f794b97e6c687817e81760 does not exist
]
[sshexec] ERROR 2017/04/27 02:15:45 /src/github.com/heketi/heketi/executors/sshexec/volume.go:130: Unable to stop volume vol_c40602a7f4f794b97e6c687817e81760: volume stop: vol_c40602a7f4f794b97e6c687817e81760: failed: Volume vol_c40602a7f4f794b97e6c687817e81760 does not exist
[negroni] Started GET /queue/22e8795bfa05e2b37890e84c99fa0787
[negroni] Completed 200 OK in 80.66µs
[sshexec] ERROR 2017/04/27 02:15:46 /src/github.com/heketi/heketi/pkg/utils/ssh/ssh.go:173: Failed to run command [/bin/bash -c 'gluster --mode=script volume delete vol_c40602a7f4f794b97e6c687817e81760'] on 192.168.48.12:22: Err[Process exited with: 1. Reason was:  ()]: Stdout []: Stderr [volume delete: vol_c40602a7f4f794b97e6c687817e81760: failed: Volume vol_c40602a7f4f794b97e6c687817e81760 does not exist
]
[sshexec] ERROR 2017/04/27 02:15:46 /src/github.com/heketi/heketi/executors/sshexec/volume.go:139: Unable to delete volume vol_c40602a7f4f794b97e6c687817e81760: volume delete: vol_c40602a7f4f794b97e6c687817e81760: failed: Volume vol_c40602a7f4f794b97e6c687817e81760 does not exist
[heketi] INFO 2017/04/27 02:15:46 Deleting brick feaf5a12f6a0524ac486e29c4c882e13
[heketi] INFO 2017/04/27 02:15:46 Deleting brick 04252e1bca0d3b5cd336728635d90038
[heketi] INFO 2017/04/27 02:15:46 Deleting brick 4bdd2f1dcf6e338ac6ce536ba468f163
[sshexec] DEBUG 2017/04/27 02:15:46 /src/github.com/heketi/heketi/pkg/utils/ssh/ssh.go:176: Host: 192.168.48.12:22 Command: /bin/bash -c 'umount /var/lib/heketi/mounts/vg_403cca7edce115dc1c641acc2f5f11fb/brick_feaf5a12f6a0524ac486e29c4c882e13'
Result: 
[sshexec] DEBUG 2017/04/27 02:15:46 /src/github.com/heketi/heketi/pkg/utils/ssh/ssh.go:176: Host: 192.168.48.14:22 Command: /bin/bash -c 'umount /var/lib/heketi/mounts/vg_d72d3bd802d4e511a80ce2f16181289d/brick_4bdd2f1dcf6e338ac6ce536ba468f163'
Result: 
[sshexec] DEBUG 2017/04/27 02:15:46 /src/github.com/heketi/heketi/pkg/utils/ssh/ssh.go:176: Host: 192.168.48.17:22 Command: /bin/bash -c 'umount /var/lib/heketi/mounts/vg_6c7ff8b53124baa86b5b789cd93274e1/brick_04252e1bca0d3b5cd336728635d90038'
Result: 
[sshexec] DEBUG 2017/04/27 02:15:46 /src/github.com/heketi/heketi/pkg/utils/ssh/ssh.go:176: Host: 192.168.48.14:22 Command: /bin/bash -c 'lvremove -f vg_d72d3bd802d4e511a80ce2f16181289d/tp_4bdd2f1dcf6e338ac6ce536ba468f163'
Result:   Logical volume "brick_4bdd2f1dcf6e338ac6ce536ba468f163" successfully removed
  Logical volume "tp_4bdd2f1dcf6e338ac6ce536ba468f163" successfully removed
[negroni] Started GET /queue/22e8795bfa05e2b37890e84c99fa0787
[negroni] Completed 200 OK in 365.527µs
[sshexec] DEBUG 2017/04/27 02:15:46 /src/github.com/heketi/heketi/pkg/utils/ssh/ssh.go:176: Host: 192.168.48.17:22 Command: /bin/bash -c 'lvremove -f vg_6c7ff8b53124baa86b5b789cd93274e1/tp_04252e1bca0d3b5cd336728635d90038'
Result:   Logical volume "brick_04252e1bca0d3b5cd336728635d90038" successfully removed
  Logical volume "tp_04252e1bca0d3b5cd336728635d90038" successfully removed
[sshexec] DEBUG 2017/04/27 02:15:46 /src/github.com/heketi/heketi/pkg/utils/ssh/ssh.go:176: Host: 192.168.48.12:22 Command: /bin/bash -c 'lvremove -f vg_403cca7edce115dc1c641acc2f5f11fb/tp_feaf5a12f6a0524ac486e29c4c882e13'
Result:   Logical volume "brick_feaf5a12f6a0524ac486e29c4c882e13" successfully removed
  Logical volume "tp_feaf5a12f6a0524ac486e29c4c882e13" successfully removed
[sshexec] DEBUG 2017/04/27 02:15:47 /src/github.com/heketi/heketi/pkg/utils/ssh/ssh.go:176: Host: 192.168.48.14:22 Command: /bin/bash -c 'rmdir /var/lib/heketi/mounts/vg_d72d3bd802d4e511a80ce2f16181289d/brick_4bdd2f1dcf6e338ac6ce536ba468f163'
Result: 
[sshexec] DEBUG 2017/04/27 02:15:47 /src/github.com/heketi/heketi/pkg/utils/ssh/ssh.go:176: Host: 192.168.48.12:22 Command: /bin/bash -c 'rmdir /var/lib/heketi/mounts/vg_403cca7edce115dc1c641acc2f5f11fb/brick_feaf5a12f6a0524ac486e29c4c882e13'
Result: 
[sshexec] DEBUG 2017/04/27 02:15:47 /src/github.com/heketi/heketi/pkg/utils/ssh/ssh.go:176: Host: 192.168.48.17:22 Command: /bin/bash -c 'rmdir /var/lib/heketi/mounts/vg_6c7ff8b53124baa86b5b789cd93274e1/brick_04252e1bca0d3b5cd336728635d90038'
Result: 
[sshexec] DEBUG 2017/04/27 02:15:47 /src/github.com/heketi/heketi/pkg/utils/ssh/ssh.go:176: Host: 192.168.48.14:22 Command: /bin/bash -c 'sed -i.save "/brick_4bdd2f1dcf6e338ac6ce536ba468f163/d" /etc/fstab'
Result: 
[sshexec] DEBUG 2017/04/27 02:15:47 /src/github.com/heketi/heketi/pkg/utils/ssh/ssh.go:176: Host: 192.168.48.12:22 Command: /bin/bash -c 'sed -i.save "/brick_feaf5a12f6a0524ac486e29c4c882e13/d" /etc/fstab'
Result: 
[sshexec] DEBUG 2017/04/27 02:15:47 /src/github.com/heketi/heketi/pkg/utils/ssh/ssh.go:176: Host: 192.168.48.17:22 Command: /bin/bash -c 'sed -i.save "/brick_04252e1bca0d3b5cd336728635d90038/d" /etc/fstab'
Result: 
[asynchttp] INFO 2017/04/27 02:15:47 Completed job 22e8795bfa05e2b37890e84c99fa0787 in 3.611226598s
[heketi] ERROR 2017/04/27 02:15:47 /src/github.com/heketi/heketi/apps/glusterfs/app_volume.go:148: Failed to create volume: volume create: vol_c40602a7f4f794b97e6c687817e81760: failed: Host 192.168.48.14 is not in 'Peer in Cluster' state
[negroni] Started GET /queue/22e8795bfa05e2b37890e84c99fa0787
[negroni] Completed 500 Internal Server Error in 56.02µs
[negroni] Started POST /volumes
[negroni] Completed 202 Accepted in 25.827368ms
[asynchttp] INFO 2017/04/27 02:15:58 Started job d02a6878fc446cc8d0ce323ea2c1539b
[heketi] INFO 2017/04/27 02:15:58 Creating volume 578eb11cf06ad20c23d266cfeea9c5a8
[heketi] INFO 2017/04/27 02:15:58 brick_num: 0
[negroni] Started GET /queue/d02a6878fc446cc8d0ce323ea2c1539b
[negroni] Completed 200 OK in 68.904µs
[heketi] INFO 2017/04/27 02:15:58 Creating brick ac44035c9e8873d8ee2ea23eeff4dad8
[heketi] INFO 2017/04/27 02:15:58 Creating brick 92698aaea16bcf93f6c6b9efe940c731
[heketi] INFO 2017/04/27 02:15:58 Creating brick 888bbea4189dd204efc9c44f717005ce
[sshexec] DEBUG 2017/04/27 02:15:59 /src/github.com/heketi/heketi/pkg/utils/ssh/ssh.go:176: Host: 192.168.48.12:22 Command: /bin/bash -c 'mkdir -p /var/lib/heketi/mounts/vg_403cca7edce115dc1c641acc2f5f11fb/brick_888bbea4189dd204efc9c44f717005ce'
Result: 
[sshexec] DEBUG 2017/04/27 02:15:59 /src/github.com/heketi/heketi/pkg/utils/ssh/ssh.go:176: Host: 192.168.48.14:22 Command: /bin/bash -c 'mkdir -p /var/lib/heketi/mounts/vg_d72d3bd802d4e511a80ce2f16181289d/brick_92698aaea16bcf93f6c6b9efe940c731'
Result: 
[sshexec] DEBUG 2017/04/27 02:15:59 /src/github.com/heketi/heketi/pkg/utils/ssh/ssh.go:176: Host: 192.168.48.17:22 Command: /bin/bash -c 'mkdir -p /var/lib/heketi/mounts/vg_6c7ff8b53124baa86b5b789cd93274e1/brick_ac44035c9e8873d8ee2ea23eeff4dad8'
Result: 
[sshexec] DEBUG 2017/04/27 02:15:59 /src/github.com/heketi/heketi/pkg/utils/ssh/ssh.go:176: Host: 192.168.48.17:22 Command: /bin/bash -c 'lvcreate --poolmetadatasize 8192K -c 256K -L 1048576K -T vg_6c7ff8b53124baa86b5b789cd93274e1/tp_ac44035c9e8873d8ee2ea23eeff4dad8 -V 1048576K -n brick_ac44035c9e8873d8ee2ea23eeff4dad8'
Result:   Logical volume "brick_ac44035c9e8873d8ee2ea23eeff4dad8" created.
[sshexec] DEBUG 2017/04/27 02:15:59 /src/github.com/heketi/heketi/pkg/utils/ssh/ssh.go:176: Host: 192.168.48.14:22 Command: /bin/bash -c 'lvcreate --poolmetadatasize 8192K -c 256K -L 1048576K -T vg_d72d3bd802d4e511a80ce2f16181289d/tp_92698aaea16bcf93f6c6b9efe940c731 -V 1048576K -n brick_92698aaea16bcf93f6c6b9efe940c731'
Result:   Logical volume "brick_92698aaea16bcf93f6c6b9efe940c731" created.
[sshexec] DEBUG 2017/04/27 02:15:59 /src/github.com/heketi/heketi/pkg/utils/ssh/ssh.go:176: Host: 192.168.48.12:22 Command: /bin/bash -c 'lvcreate --poolmetadatasize 8192K -c 256K -L 1048576K -T vg_403cca7edce115dc1c641acc2f5f11fb/tp_888bbea4189dd204efc9c44f717005ce -V 1048576K -n brick_888bbea4189dd204efc9c44f717005ce'
Result:   Logical volume "brick_888bbea4189dd204efc9c44f717005ce" created.
[sshexec] DEBUG 2017/04/27 02:15:59 /src/github.com/heketi/heketi/pkg/utils/ssh/ssh.go:176: Host: 192.168.48.17:22 Command: /bin/bash -c 'mkfs.xfs -i size=512 -n size=8192 /dev/mapper/vg_6c7ff8b53124baa86b5b789cd93274e1-brick_ac44035c9e8873d8ee2ea23eeff4dad8'
Result: meta-data=/dev/mapper/vg_6c7ff8b53124baa86b5b789cd93274e1-brick_ac44035c9e8873d8ee2ea23eeff4dad8 isize=512    agcount=8, agsize=32704 blks
         =                       sectsz=512   attr=2, projid32bit=1
         =                       crc=1        finobt=1, sparse=0
data     =                       bsize=4096   blocks=261632, imaxpct=25
         =                       sunit=64     swidth=64 blks
naming   =version 2              bsize=8192   ascii-ci=0 ftype=1
log      =internal log           bsize=4096   blocks=1728, version=2
         =                       sectsz=512   sunit=64 blks, lazy-count=1
realtime =none                   extsz=4096   blocks=0, rtextents=0
[sshexec] DEBUG 2017/04/27 02:15:59 /src/github.com/heketi/heketi/pkg/utils/ssh/ssh.go:176: Host: 192.168.48.17:22 Command: /bin/bash -c 'echo "/dev/mapper/vg_6c7ff8b53124baa86b5b789cd93274e1-brick_ac44035c9e8873d8ee2ea23eeff4dad8 /var/lib/heketi/mounts/vg_6c7ff8b53124baa86b5b789cd93274e1/brick_ac44035c9e8873d8ee2ea23eeff4dad8 xfs rw,inode64,noatime,nouuid 1 2" | tee -a /etc/fstab > /dev/null '
Result: 
[negroni] Started GET /queue/d02a6878fc446cc8d0ce323ea2c1539b
[negroni] Completed 200 OK in 128.495µs
[sshexec] DEBUG 2017/04/27 02:15:59 /src/github.com/heketi/heketi/pkg/utils/ssh/ssh.go:176: Host: 192.168.48.14:22 Command: /bin/bash -c 'mkfs.xfs -i size=512 -n size=8192 /dev/mapper/vg_d72d3bd802d4e511a80ce2f16181289d-brick_92698aaea16bcf93f6c6b9efe940c731'
Result: meta-data=/dev/mapper/vg_d72d3bd802d4e511a80ce2f16181289d-brick_92698aaea16bcf93f6c6b9efe940c731 isize=512    agcount=8, agsize=32704 blks
         =                       sectsz=512   attr=2, projid32bit=1
         =                       crc=1        finobt=1, sparse=0
data     =                       bsize=4096   blocks=261632, imaxpct=25
         =                       sunit=64     swidth=64 blks
naming   =version 2              bsize=8192   ascii-ci=0 ftype=1
log      =internal log           bsize=4096   blocks=1728, version=2
         =                       sectsz=512   sunit=64 blks, lazy-count=1
realtime =none                   extsz=4096   blocks=0, rtextents=0
[sshexec] DEBUG 2017/04/27 02:15:59 /src/github.com/heketi/heketi/pkg/utils/ssh/ssh.go:176: Host: 192.168.48.14:22 Command: /bin/bash -c 'echo "/dev/mapper/vg_d72d3bd802d4e511a80ce2f16181289d-brick_92698aaea16bcf93f6c6b9efe940c731 /var/lib/heketi/mounts/vg_d72d3bd802d4e511a80ce2f16181289d/brick_92698aaea16bcf93f6c6b9efe940c731 xfs rw,inode64,noatime,nouuid 1 2" | tee -a /etc/fstab > /dev/null '
Result: 
[sshexec] DEBUG 2017/04/27 02:15:59 /src/github.com/heketi/heketi/pkg/utils/ssh/ssh.go:176: Host: 192.168.48.12:22 Command: /bin/bash -c 'mkfs.xfs -i size=512 -n size=8192 /dev/mapper/vg_403cca7edce115dc1c641acc2f5f11fb-brick_888bbea4189dd204efc9c44f717005ce'
Result: meta-data=/dev/mapper/vg_403cca7edce115dc1c641acc2f5f11fb-brick_888bbea4189dd204efc9c44f717005ce isize=512    agcount=8, agsize=32704 blks
         =                       sectsz=4096  attr=2, projid32bit=1
         =                       crc=1        finobt=1, sparse=0
data     =                       bsize=4096   blocks=261632, imaxpct=25
         =                       sunit=64     swidth=64 blks
naming   =version 2              bsize=8192   ascii-ci=0 ftype=1
log      =internal log           bsize=4096   blocks=576, version=2
         =                       sectsz=4096  sunit=1 blks, lazy-count=1
realtime =none                   extsz=4096   blocks=0, rtextents=0
[sshexec] DEBUG 2017/04/27 02:15:59 /src/github.com/heketi/heketi/pkg/utils/ssh/ssh.go:176: Host: 192.168.48.12:22 Command: /bin/bash -c 'echo "/dev/mapper/vg_403cca7edce115dc1c641acc2f5f11fb-brick_888bbea4189dd204efc9c44f717005ce /var/lib/heketi/mounts/vg_403cca7edce115dc1c641acc2f5f11fb/brick_888bbea4189dd204efc9c44f717005ce xfs rw,inode64,noatime,nouuid 1 2" | tee -a /etc/fstab > /dev/null '
Result: 
[sshexec] DEBUG 2017/04/27 02:15:59 /src/github.com/heketi/heketi/pkg/utils/ssh/ssh.go:176: Host: 192.168.48.12:22 Command: /bin/bash -c 'mount -o rw,inode64,noatime,nouuid /dev/mapper/vg_403cca7edce115dc1c641acc2f5f11fb-brick_888bbea4189dd204efc9c44f717005ce /var/lib/heketi/mounts/vg_403cca7edce115dc1c641acc2f5f11fb/brick_888bbea4189dd204efc9c44f717005ce'
Result: 
[sshexec] DEBUG 2017/04/27 02:15:59 /src/github.com/heketi/heketi/pkg/utils/ssh/ssh.go:176: Host: 192.168.48.12:22 Command: /bin/bash -c 'mkdir /var/lib/heketi/mounts/vg_403cca7edce115dc1c641acc2f5f11fb/brick_888bbea4189dd204efc9c44f717005ce/brick'
Result: 
[sshexec] DEBUG 2017/04/27 02:15:59 /src/github.com/heketi/heketi/pkg/utils/ssh/ssh.go:176: Host: 192.168.48.12:22 Command: /bin/bash -c 'chown :2000 /var/lib/heketi/mounts/vg_403cca7edce115dc1c641acc2f5f11fb/brick_888bbea4189dd204efc9c44f717005ce/brick'
Result: 
[sshexec] DEBUG 2017/04/27 02:15:59 /src/github.com/heketi/heketi/pkg/utils/ssh/ssh.go:176: Host: 192.168.48.12:22 Command: /bin/bash -c 'chmod 2775 /var/lib/heketi/mounts/vg_403cca7edce115dc1c641acc2f5f11fb/brick_888bbea4189dd204efc9c44f717005ce/brick'
Result: 
[sshexec] DEBUG 2017/04/27 02:16:00 /src/github.com/heketi/heketi/pkg/utils/ssh/ssh.go:176: Host: 192.168.48.17:22 Command: /bin/bash -c 'mount -o rw,inode64,noatime,nouuid /dev/mapper/vg_6c7ff8b53124baa86b5b789cd93274e1-brick_ac44035c9e8873d8ee2ea23eeff4dad8 /var/lib/heketi/mounts/vg_6c7ff8b53124baa86b5b789cd93274e1/brick_ac44035c9e8873d8ee2ea23eeff4dad8'
Result: 
[sshexec] DEBUG 2017/04/27 02:16:00 /src/github.com/heketi/heketi/pkg/utils/ssh/ssh.go:176: Host: 192.168.48.17:22 Command: /bin/bash -c 'mkdir /var/lib/heketi/mounts/vg_6c7ff8b53124baa86b5b789cd93274e1/brick_ac44035c9e8873d8ee2ea23eeff4dad8/brick'
Result: 
[sshexec] DEBUG 2017/04/27 02:16:00 /src/github.com/heketi/heketi/pkg/utils/ssh/ssh.go:176: Host: 192.168.48.17:22 Command: /bin/bash -c 'chown :2000 /var/lib/heketi/mounts/vg_6c7ff8b53124baa86b5b789cd93274e1/brick_ac44035c9e8873d8ee2ea23eeff4dad8/brick'
Result: 
[sshexec] DEBUG 2017/04/27 02:16:00 /src/github.com/heketi/heketi/pkg/utils/ssh/ssh.go:176: Host: 192.168.48.14:22 Command: /bin/bash -c 'mount -o rw,inode64,noatime,nouuid /dev/mapper/vg_d72d3bd802d4e511a80ce2f16181289d-brick_92698aaea16bcf93f6c6b9efe940c731 /var/lib/heketi/mounts/vg_d72d3bd802d4e511a80ce2f16181289d/brick_92698aaea16bcf93f6c6b9efe940c731'
Result: 
[sshexec] DEBUG 2017/04/27 02:16:00 /src/github.com/heketi/heketi/pkg/utils/ssh/ssh.go:176: Host: 192.168.48.14:22 Command: /bin/bash -c 'mkdir /var/lib/heketi/mounts/vg_d72d3bd802d4e511a80ce2f16181289d/brick_92698aaea16bcf93f6c6b9efe940c731/brick'
Result: 
[sshexec] DEBUG 2017/04/27 02:16:00 /src/github.com/heketi/heketi/pkg/utils/ssh/ssh.go:176: Host: 192.168.48.17:22 Command: /bin/bash -c 'chmod 2775 /var/lib/heketi/mounts/vg_6c7ff8b53124baa86b5b789cd93274e1/brick_ac44035c9e8873d8ee2ea23eeff4dad8/brick'
Result: 
[sshexec] DEBUG 2017/04/27 02:16:00 /src/github.com/heketi/heketi/pkg/utils/ssh/ssh.go:176: Host: 192.168.48.14:22 Command: /bin/bash -c 'chown :2000 /var/lib/heketi/mounts/vg_d72d3bd802d4e511a80ce2f16181289d/brick_92698aaea16bcf93f6c6b9efe940c731/brick'
Result: 
[sshexec] DEBUG 2017/04/27 02:16:00 /src/github.com/heketi/heketi/pkg/utils/ssh/ssh.go:176: Host: 192.168.48.14:22 Command: /bin/bash -c 'chmod 2775 /var/lib/heketi/mounts/vg_d72d3bd802d4e511a80ce2f16181289d/brick_92698aaea16bcf93f6c6b9efe940c731/brick'
Result: 
[sshexec] INFO 2017/04/27 02:16:00 Creating volume vol_578eb11cf06ad20c23d266cfeea9c5a8 replica 3
[sshexec] ERROR 2017/04/27 02:16:00 /src/github.com/heketi/heketi/pkg/utils/ssh/ssh.go:173: Failed to run command [/bin/bash -c 'gluster --mode=script volume create vol_578eb11cf06ad20c23d266cfeea9c5a8 replica 3 192.168.48.17:/var/lib/heketi/mounts/vg_6c7ff8b53124baa86b5b789cd93274e1/brick_ac44035c9e8873d8ee2ea23eeff4dad8/brick 192.168.48.14:/var/lib/heketi/mounts/vg_d72d3bd802d4e511a80ce2f16181289d/brick_92698aaea16bcf93f6c6b9efe940c731/brick 192.168.48.12:/var/lib/heketi/mounts/vg_403cca7edce115dc1c641acc2f5f11fb/brick_888bbea4189dd204efc9c44f717005ce/brick '] on 192.168.48.17:22: Err[Process exited with: 1. Reason was:  ()]: Stdout []: Stderr [volume create: vol_578eb11cf06ad20c23d266cfeea9c5a8: failed: Host 192.168.48.14 is not in 'Peer in Cluster' state
]
[negroni] Started GET /queue/d02a6878fc446cc8d0ce323ea2c1539b
[negroni] Completed 200 OK in 62.835µs
[sshexec] ERROR 2017/04/27 02:16:00 /src/github.com/heketi/heketi/pkg/utils/ssh/ssh.go:173: Failed to run command [/bin/bash -c 'gluster --mode=script volume stop vol_578eb11cf06ad20c23d266cfeea9c5a8 force'] on 192.168.48.17:22: Err[Process exited with: 1. Reason was:  ()]: Stdout []: Stderr [volume stop: vol_578eb11cf06ad20c23d266cfeea9c5a8: failed: Volume vol_578eb11cf06ad20c23d266cfeea9c5a8 does not exist
]
[sshexec] ERROR 2017/04/27 02:16:00 /src/github.com/heketi/heketi/executors/sshexec/volume.go:130: Unable to stop volume vol_578eb11cf06ad20c23d266cfeea9c5a8: volume stop: vol_578eb11cf06ad20c23d266cfeea9c5a8: failed: Volume vol_578eb11cf06ad20c23d266cfeea9c5a8 does not exist
[sshexec] ERROR 2017/04/27 02:16:01 /src/github.com/heketi/heketi/pkg/utils/ssh/ssh.go:173: Failed to run command [/bin/bash -c 'gluster --mode=script volume delete vol_578eb11cf06ad20c23d266cfeea9c5a8'] on 192.168.48.17:22: Err[Process exited with: 1. Reason was:  ()]: Stdout []: Stderr [volume delete: vol_578eb11cf06ad20c23d266cfeea9c5a8: failed: Volume vol_578eb11cf06ad20c23d266cfeea9c5a8 does not exist
]
[sshexec] ERROR 2017/04/27 02:16:01 /src/github.com/heketi/heketi/executors/sshexec/volume.go:139: Unable to delete volume vol_578eb11cf06ad20c23d266cfeea9c5a8: volume delete: vol_578eb11cf06ad20c23d266cfeea9c5a8: failed: Volume vol_578eb11cf06ad20c23d266cfeea9c5a8 does not exist
[heketi] INFO 2017/04/27 02:16:01 Deleting brick 888bbea4189dd204efc9c44f717005ce
[heketi] INFO 2017/04/27 02:16:01 Deleting brick 92698aaea16bcf93f6c6b9efe940c731
[heketi] INFO 2017/04/27 02:16:01 Deleting brick ac44035c9e8873d8ee2ea23eeff4dad8
[sshexec] DEBUG 2017/04/27 02:16:01 /src/github.com/heketi/heketi/pkg/utils/ssh/ssh.go:176: Host: 192.168.48.12:22 Command: /bin/bash -c 'umount /var/lib/heketi/mounts/vg_403cca7edce115dc1c641acc2f5f11fb/brick_888bbea4189dd204efc9c44f717005ce'
Result: 
[sshexec] DEBUG 2017/04/27 02:16:01 /src/github.com/heketi/heketi/pkg/utils/ssh/ssh.go:176: Host: 192.168.48.14:22 Command: /bin/bash -c 'umount /var/lib/heketi/mounts/vg_d72d3bd802d4e511a80ce2f16181289d/brick_92698aaea16bcf93f6c6b9efe940c731'
Result: 
[sshexec] DEBUG 2017/04/27 02:16:01 /src/github.com/heketi/heketi/pkg/utils/ssh/ssh.go:176: Host: 192.168.48.17:22 Command: /bin/bash -c 'umount /var/lib/heketi/mounts/vg_6c7ff8b53124baa86b5b789cd93274e1/brick_ac44035c9e8873d8ee2ea23eeff4dad8'
Result: 
[negroni] Started GET /queue/d02a6878fc446cc8d0ce323ea2c1539b
[negroni] Completed 200 OK in 236.379µs
[sshexec] DEBUG 2017/04/27 02:16:02 /src/github.com/heketi/heketi/pkg/utils/ssh/ssh.go:176: Host: 192.168.48.14:22 Command: /bin/bash -c 'lvremove -f vg_d72d3bd802d4e511a80ce2f16181289d/tp_92698aaea16bcf93f6c6b9efe940c731'
Result:   Logical volume "brick_92698aaea16bcf93f6c6b9efe940c731" successfully removed
  Logical volume "tp_92698aaea16bcf93f6c6b9efe940c731" successfully removed
[sshexec] DEBUG 2017/04/27 02:16:02 /src/github.com/heketi/heketi/pkg/utils/ssh/ssh.go:176: Host: 192.168.48.17:22 Command: /bin/bash -c 'lvremove -f vg_6c7ff8b53124baa86b5b789cd93274e1/tp_ac44035c9e8873d8ee2ea23eeff4dad8'
Result:   Logical volume "brick_ac44035c9e8873d8ee2ea23eeff4dad8" successfully removed
  Logical volume "tp_ac44035c9e8873d8ee2ea23eeff4dad8" successfully removed
[sshexec] DEBUG 2017/04/27 02:16:02 /src/github.com/heketi/heketi/pkg/utils/ssh/ssh.go:176: Host: 192.168.48.12:22 Command: /bin/bash -c 'lvremove -f vg_403cca7edce115dc1c641acc2f5f11fb/tp_888bbea4189dd204efc9c44f717005ce'
Result:   Logical volume "brick_888bbea4189dd204efc9c44f717005ce" successfully removed
  Logical volume "tp_888bbea4189dd204efc9c44f717005ce" successfully removed
[sshexec] DEBUG 2017/04/27 02:16:02 /src/github.com/heketi/heketi/pkg/utils/ssh/ssh.go:176: Host: 192.168.48.14:22 Command: /bin/bash -c 'rmdir /var/lib/heketi/mounts/vg_d72d3bd802d4e511a80ce2f16181289d/brick_92698aaea16bcf93f6c6b9efe940c731'
Result: 
[sshexec] DEBUG 2017/04/27 02:16:02 /src/github.com/heketi/heketi/pkg/utils/ssh/ssh.go:176: Host: 192.168.48.17:22 Command: /bin/bash -c 'rmdir /var/lib/heketi/mounts/vg_6c7ff8b53124baa86b5b789cd93274e1/brick_ac44035c9e8873d8ee2ea23eeff4dad8'
Result: 
[sshexec] DEBUG 2017/04/27 02:16:02 /src/github.com/heketi/heketi/pkg/utils/ssh/ssh.go:176: Host: 192.168.48.12:22 Command: /bin/bash -c 'rmdir /var/lib/heketi/mounts/vg_403cca7edce115dc1c641acc2f5f11fb/brick_888bbea4189dd204efc9c44f717005ce'
Result: 
[sshexec] DEBUG 2017/04/27 02:16:02 /src/github.com/heketi/heketi/pkg/utils/ssh/ssh.go:176: Host: 192.168.48.12:22 Command: /bin/bash -c 'sed -i.save "/brick_888bbea4189dd204efc9c44f717005ce/d" /etc/fstab'
Result: 
[sshexec] DEBUG 2017/04/27 02:16:02 /src/github.com/heketi/heketi/pkg/utils/ssh/ssh.go:176: Host: 192.168.48.14:22 Command: /bin/bash -c 'sed -i.save "/brick_92698aaea16bcf93f6c6b9efe940c731/d" /etc/fstab'
Result: 
[sshexec] DEBUG 2017/04/27 02:16:02 /src/github.com/heketi/heketi/pkg/utils/ssh/ssh.go:176: Host: 192.168.48.17:22 Command: /bin/bash -c 'sed -i.save "/brick_ac44035c9e8873d8ee2ea23eeff4dad8/d" /etc/fstab'
Result: 
[heketi] ERROR 2017/04/27 02:16:02 /src/github.com/heketi/heketi/apps/glusterfs/app_volume.go:148: Failed to create volume: volume create: vol_578eb11cf06ad20c23d266cfeea9c5a8: failed: Host 192.168.48.14 is not in 'Peer in Cluster' state
[asynchttp] INFO 2017/04/27 02:16:02 Completed job d02a6878fc446cc8d0ce323ea2c1539b in 3.858938942s
[negroni] Started GET /queue/d02a6878fc446cc8d0ce323ea2c1539b
[negroni] Completed 500 Internal Server Error in 101.764µs
[negroni] Started POST /volumes
[negroni] Completed 202 Accepted in 19.575411ms
[asynchttp] INFO 2017/04/27 02:16:13 Started job 5b36c9dafb7e176385983f79620121a2
[heketi] INFO 2017/04/27 02:16:13 Creating volume 08e4d14a8c5e00efdcc8d54056e635e1
[heketi] INFO 2017/04/27 02:16:13 brick_num: 0
[negroni] Started GET /queue/5b36c9dafb7e176385983f79620121a2
[negroni] Completed 200 OK in 97.348µs
[heketi] INFO 2017/04/27 02:16:13 Creating brick da27050b493f852c6c850c63a949c62f
[heketi] INFO 2017/04/27 02:16:13 Creating brick 45119136fec67fb88644715554dd7f6f
[heketi] INFO 2017/04/27 02:16:13 Creating brick 0fce25c457ae0960ec6972dc058ab9d4
[sshexec] DEBUG 2017/04/27 02:16:14 /src/github.com/heketi/heketi/pkg/utils/ssh/ssh.go:176: Host: 192.168.48.12:22 Command: /bin/bash -c 'mkdir -p /var/lib/heketi/mounts/vg_403cca7edce115dc1c641acc2f5f11fb/brick_45119136fec67fb88644715554dd7f6f'
Result: 
[sshexec] DEBUG 2017/04/27 02:16:14 /src/github.com/heketi/heketi/pkg/utils/ssh/ssh.go:176: Host: 192.168.48.17:22 Command: /bin/bash -c 'mkdir -p /var/lib/heketi/mounts/vg_6c7ff8b53124baa86b5b789cd93274e1/brick_da27050b493f852c6c850c63a949c62f'
Result: 
[sshexec] DEBUG 2017/04/27 02:16:14 /src/github.com/heketi/heketi/pkg/utils/ssh/ssh.go:176: Host: 192.168.48.14:22 Command: /bin/bash -c 'mkdir -p /var/lib/heketi/mounts/vg_d72d3bd802d4e511a80ce2f16181289d/brick_0fce25c457ae0960ec6972dc058ab9d4'
Result: 
[sshexec] DEBUG 2017/04/27 02:16:14 /src/github.com/heketi/heketi/pkg/utils/ssh/ssh.go:176: Host: 192.168.48.17:22 Command: /bin/bash -c 'lvcreate --poolmetadatasize 8192K -c 256K -L 1048576K -T vg_6c7ff8b53124baa86b5b789cd93274e1/tp_da27050b493f852c6c850c63a949c62f -V 1048576K -n brick_da27050b493f852c6c850c63a949c62f'
Result:   Logical volume "brick_da27050b493f852c6c850c63a949c62f" created.
[sshexec] DEBUG 2017/04/27 02:16:14 /src/github.com/heketi/heketi/pkg/utils/ssh/ssh.go:176: Host: 192.168.48.14:22 Command: /bin/bash -c 'lvcreate --poolmetadatasize 8192K -c 256K -L 1048576K -T vg_d72d3bd802d4e511a80ce2f16181289d/tp_0fce25c457ae0960ec6972dc058ab9d4 -V 1048576K -n brick_0fce25c457ae0960ec6972dc058ab9d4'
Result:   Logical volume "brick_0fce25c457ae0960ec6972dc058ab9d4" created.
[sshexec] DEBUG 2017/04/27 02:16:14 /src/github.com/heketi/heketi/pkg/utils/ssh/ssh.go:176: Host: 192.168.48.12:22 Command: /bin/bash -c 'lvcreate --poolmetadatasize 8192K -c 256K -L 1048576K -T vg_403cca7edce115dc1c641acc2f5f11fb/tp_45119136fec67fb88644715554dd7f6f -V 1048576K -n brick_45119136fec67fb88644715554dd7f6f'
Result:   Logical volume "brick_45119136fec67fb88644715554dd7f6f" created.
[sshexec] DEBUG 2017/04/27 02:16:14 /src/github.com/heketi/heketi/pkg/utils/ssh/ssh.go:176: Host: 192.168.48.17:22 Command: /bin/bash -c 'mkfs.xfs -i size=512 -n size=8192 /dev/mapper/vg_6c7ff8b53124baa86b5b789cd93274e1-brick_da27050b493f852c6c850c63a949c62f'
Result: meta-data=/dev/mapper/vg_6c7ff8b53124baa86b5b789cd93274e1-brick_da27050b493f852c6c850c63a949c62f isize=512    agcount=8, agsize=32704 blks
         =                       sectsz=512   attr=2, projid32bit=1
         =                       crc=1        finobt=1, sparse=0
data     =                       bsize=4096   blocks=261632, imaxpct=25
         =                       sunit=64     swidth=64 blks
naming   =version 2              bsize=8192   ascii-ci=0 ftype=1
log      =internal log           bsize=4096   blocks=1728, version=2
         =                       sectsz=512   sunit=64 blks, lazy-count=1
realtime =none                   extsz=4096   blocks=0, rtextents=0
[sshexec] DEBUG 2017/04/27 02:16:14 /src/github.com/heketi/heketi/pkg/utils/ssh/ssh.go:176: Host: 192.168.48.17:22 Command: /bin/bash -c 'echo "/dev/mapper/vg_6c7ff8b53124baa86b5b789cd93274e1-brick_da27050b493f852c6c850c63a949c62f /var/lib/heketi/mounts/vg_6c7ff8b53124baa86b5b789cd93274e1/brick_da27050b493f852c6c850c63a949c62f xfs rw,inode64,noatime,nouuid 1 2" | tee -a /etc/fstab > /dev/null '
Result: 
[sshexec] DEBUG 2017/04/27 02:16:14 /src/github.com/heketi/heketi/pkg/utils/ssh/ssh.go:176: Host: 192.168.48.14:22 Command: /bin/bash -c 'mkfs.xfs -i size=512 -n size=8192 /dev/mapper/vg_d72d3bd802d4e511a80ce2f16181289d-brick_0fce25c457ae0960ec6972dc058ab9d4'
Result: meta-data=/dev/mapper/vg_d72d3bd802d4e511a80ce2f16181289d-brick_0fce25c457ae0960ec6972dc058ab9d4 isize=512    agcount=8, agsize=32704 blks
         =                       sectsz=512   attr=2, projid32bit=1
         =                       crc=1        finobt=1, sparse=0
data     =                       bsize=4096   blocks=261632, imaxpct=25
         =                       sunit=64     swidth=64 blks
naming   =version 2              bsize=8192   ascii-ci=0 ftype=1
log      =internal log           bsize=4096   blocks=1728, version=2
         =                       sectsz=512   sunit=64 blks, lazy-count=1
realtime =none                   extsz=4096   blocks=0, rtextents=0
[sshexec] DEBUG 2017/04/27 02:16:14 /src/github.com/heketi/heketi/pkg/utils/ssh/ssh.go:176: Host: 192.168.48.14:22 Command: /bin/bash -c 'echo "/dev/mapper/vg_d72d3bd802d4e511a80ce2f16181289d-brick_0fce25c457ae0960ec6972dc058ab9d4 /var/lib/heketi/mounts/vg_d72d3bd802d4e511a80ce2f16181289d/brick_0fce25c457ae0960ec6972dc058ab9d4 xfs rw,inode64,noatime,nouuid 1 2" | tee -a /etc/fstab > /dev/null '
Result: 
[negroni] Started GET /queue/5b36c9dafb7e176385983f79620121a2
[negroni] Completed 200 OK in 66.761µs
[sshexec] DEBUG 2017/04/27 02:16:14 /src/github.com/heketi/heketi/pkg/utils/ssh/ssh.go:176: Host: 192.168.48.12:22 Command: /bin/bash -c 'mkfs.xfs -i size=512 -n size=8192 /dev/mapper/vg_403cca7edce115dc1c641acc2f5f11fb-brick_45119136fec67fb88644715554dd7f6f'
Result: meta-data=/dev/mapper/vg_403cca7edce115dc1c641acc2f5f11fb-brick_45119136fec67fb88644715554dd7f6f isize=512    agcount=8, agsize=32704 blks
         =                       sectsz=4096  attr=2, projid32bit=1
         =                       crc=1        finobt=1, sparse=0
data     =                       bsize=4096   blocks=261632, imaxpct=25
         =                       sunit=64     swidth=64 blks
naming   =version 2              bsize=8192   ascii-ci=0 ftype=1
log      =internal log           bsize=4096   blocks=576, version=2
         =                       sectsz=4096  sunit=1 blks, lazy-count=1
realtime =none                   extsz=4096   blocks=0, rtextents=0
[sshexec] DEBUG 2017/04/27 02:16:14 /src/github.com/heketi/heketi/pkg/utils/ssh/ssh.go:176: Host: 192.168.48.12:22 Command: /bin/bash -c 'echo "/dev/mapper/vg_403cca7edce115dc1c641acc2f5f11fb-brick_45119136fec67fb88644715554dd7f6f /var/lib/heketi/mounts/vg_403cca7edce115dc1c641acc2f5f11fb/brick_45119136fec67fb88644715554dd7f6f xfs rw,inode64,noatime,nouuid 1 2" | tee -a /etc/fstab > /dev/null '
Result: 
[sshexec] DEBUG 2017/04/27 02:16:15 /src/github.com/heketi/heketi/pkg/utils/ssh/ssh.go:176: Host: 192.168.48.12:22 Command: /bin/bash -c 'mount -o rw,inode64,noatime,nouuid /dev/mapper/vg_403cca7edce115dc1c641acc2f5f11fb-brick_45119136fec67fb88644715554dd7f6f /var/lib/heketi/mounts/vg_403cca7edce115dc1c641acc2f5f11fb/brick_45119136fec67fb88644715554dd7f6f'
Result: 
[sshexec] DEBUG 2017/04/27 02:16:15 /src/github.com/heketi/heketi/pkg/utils/ssh/ssh.go:176: Host: 192.168.48.12:22 Command: /bin/bash -c 'mkdir /var/lib/heketi/mounts/vg_403cca7edce115dc1c641acc2f5f11fb/brick_45119136fec67fb88644715554dd7f6f/brick'
Result: 
[sshexec] DEBUG 2017/04/27 02:16:15 /src/github.com/heketi/heketi/pkg/utils/ssh/ssh.go:176: Host: 192.168.48.12:22 Command: /bin/bash -c 'chown :2000 /var/lib/heketi/mounts/vg_403cca7edce115dc1c641acc2f5f11fb/brick_45119136fec67fb88644715554dd7f6f/brick'
Result: 
[sshexec] DEBUG 2017/04/27 02:16:15 /src/github.com/heketi/heketi/pkg/utils/ssh/ssh.go:176: Host: 192.168.48.12:22 Command: /bin/bash -c 'chmod 2775 /var/lib/heketi/mounts/vg_403cca7edce115dc1c641acc2f5f11fb/brick_45119136fec67fb88644715554dd7f6f/brick'
Result: 
[sshexec] DEBUG 2017/04/27 02:16:15 /src/github.com/heketi/heketi/pkg/utils/ssh/ssh.go:176: Host: 192.168.48.17:22 Command: /bin/bash -c 'mount -o rw,inode64,noatime,nouuid /dev/mapper/vg_6c7ff8b53124baa86b5b789cd93274e1-brick_da27050b493f852c6c850c63a949c62f /var/lib/heketi/mounts/vg_6c7ff8b53124baa86b5b789cd93274e1/brick_da27050b493f852c6c850c63a949c62f'
Result: 
[sshexec] DEBUG 2017/04/27 02:16:15 /src/github.com/heketi/heketi/pkg/utils/ssh/ssh.go:176: Host: 192.168.48.17:22 Command: /bin/bash -c 'mkdir /var/lib/heketi/mounts/vg_6c7ff8b53124baa86b5b789cd93274e1/brick_da27050b493f852c6c850c63a949c62f/brick'
Result: 
[sshexec] DEBUG 2017/04/27 02:16:15 /src/github.com/heketi/heketi/pkg/utils/ssh/ssh.go:176: Host: 192.168.48.17:22 Command: /bin/bash -c 'chown :2000 /var/lib/heketi/mounts/vg_6c7ff8b53124baa86b5b789cd93274e1/brick_da27050b493f852c6c850c63a949c62f/brick'
Result: 
[sshexec] DEBUG 2017/04/27 02:16:15 /src/github.com/heketi/heketi/pkg/utils/ssh/ssh.go:176: Host: 192.168.48.14:22 Command: /bin/bash -c 'mount -o rw,inode64,noatime,nouuid /dev/mapper/vg_d72d3bd802d4e511a80ce2f16181289d-brick_0fce25c457ae0960ec6972dc058ab9d4 /var/lib/heketi/mounts/vg_d72d3bd802d4e511a80ce2f16181289d/brick_0fce25c457ae0960ec6972dc058ab9d4'
Result: 
[sshexec] DEBUG 2017/04/27 02:16:15 /src/github.com/heketi/heketi/pkg/utils/ssh/ssh.go:176: Host: 192.168.48.17:22 Command: /bin/bash -c 'chmod 2775 /var/lib/heketi/mounts/vg_6c7ff8b53124baa86b5b789cd93274e1/brick_da27050b493f852c6c850c63a949c62f/brick'
Result: 
[sshexec] DEBUG 2017/04/27 02:16:15 /src/github.com/heketi/heketi/pkg/utils/ssh/ssh.go:176: Host: 192.168.48.14:22 Command: /bin/bash -c 'mkdir /var/lib/heketi/mounts/vg_d72d3bd802d4e511a80ce2f16181289d/brick_0fce25c457ae0960ec6972dc058ab9d4/brick'
Result: 
[sshexec] DEBUG 2017/04/27 02:16:15 /src/github.com/heketi/heketi/pkg/utils/ssh/ssh.go:176: Host: 192.168.48.14:22 Command: /bin/bash -c 'chown :2000 /var/lib/heketi/mounts/vg_d72d3bd802d4e511a80ce2f16181289d/brick_0fce25c457ae0960ec6972dc058ab9d4/brick'
Result: 
[sshexec] DEBUG 2017/04/27 02:16:15 /src/github.com/heketi/heketi/pkg/utils/ssh/ssh.go:176: Host: 192.168.48.14:22 Command: /bin/bash -c 'chmod 2775 /var/lib/heketi/mounts/vg_d72d3bd802d4e511a80ce2f16181289d/brick_0fce25c457ae0960ec6972dc058ab9d4/brick'
Result: 
[sshexec] INFO 2017/04/27 02:16:15 Creating volume vol_08e4d14a8c5e00efdcc8d54056e635e1 replica 3
[sshexec] ERROR 2017/04/27 02:16:15 /src/github.com/heketi/heketi/pkg/utils/ssh/ssh.go:173: Failed to run command [/bin/bash -c 'gluster --mode=script volume create vol_08e4d14a8c5e00efdcc8d54056e635e1 replica 3 192.168.48.14:/var/lib/heketi/mounts/vg_d72d3bd802d4e511a80ce2f16181289d/brick_0fce25c457ae0960ec6972dc058ab9d4/brick 192.168.48.12:/var/lib/heketi/mounts/vg_403cca7edce115dc1c641acc2f5f11fb/brick_45119136fec67fb88644715554dd7f6f/brick 192.168.48.17:/var/lib/heketi/mounts/vg_6c7ff8b53124baa86b5b789cd93274e1/brick_da27050b493f852c6c850c63a949c62f/brick '] on 192.168.48.14:22: Err[Process exited with: 1. Reason was:  ()]: Stdout []: Stderr [volume create: vol_08e4d14a8c5e00efdcc8d54056e635e1: failed: Staging failed on 192.168.48.17. Error: Host 192.168.48.14 is not in 'Peer in Cluster' state
Staging failed on 192.168.48.12. Error: Host 192.168.48.14 is not in 'Peer in Cluster' state
]
[sshexec] ERROR 2017/04/27 02:16:15 /src/github.com/heketi/heketi/pkg/utils/ssh/ssh.go:173: Failed to run command [/bin/bash -c 'gluster --mode=script volume stop vol_08e4d14a8c5e00efdcc8d54056e635e1 force'] on 192.168.48.14:22: Err[Process exited with: 1. Reason was:  ()]: Stdout []: Stderr [volume stop: vol_08e4d14a8c5e00efdcc8d54056e635e1: failed: Volume vol_08e4d14a8c5e00efdcc8d54056e635e1 does not exist
]
[sshexec] ERROR 2017/04/27 02:16:15 /src/github.com/heketi/heketi/executors/sshexec/volume.go:130: Unable to stop volume vol_08e4d14a8c5e00efdcc8d54056e635e1: volume stop: vol_08e4d14a8c5e00efdcc8d54056e635e1: failed: Volume vol_08e4d14a8c5e00efdcc8d54056e635e1 does not exist
[negroni] Started GET /queue/5b36c9dafb7e176385983f79620121a2
[negroni] Completed 200 OK in 88.542µs
[sshexec] ERROR 2017/04/27 02:16:16 /src/github.com/heketi/heketi/pkg/utils/ssh/ssh.go:173: Failed to run command [/bin/bash -c 'gluster --mode=script volume delete vol_08e4d14a8c5e00efdcc8d54056e635e1'] on 192.168.48.14:22: Err[Process exited with: 1. Reason was:  ()]: Stdout []: Stderr [volume delete: vol_08e4d14a8c5e00efdcc8d54056e635e1: failed: Volume vol_08e4d14a8c5e00efdcc8d54056e635e1 does not exist
]
[sshexec] ERROR 2017/04/27 02:16:16 /src/github.com/heketi/heketi/executors/sshexec/volume.go:139: Unable to delete volume vol_08e4d14a8c5e00efdcc8d54056e635e1: volume delete: vol_08e4d14a8c5e00efdcc8d54056e635e1: failed: Volume vol_08e4d14a8c5e00efdcc8d54056e635e1 does not exist
[heketi] INFO 2017/04/27 02:16:16 Deleting brick 0fce25c457ae0960ec6972dc058ab9d4
[heketi] INFO 2017/04/27 02:16:16 Deleting brick 45119136fec67fb88644715554dd7f6f
[heketi] INFO 2017/04/27 02:16:16 Deleting brick da27050b493f852c6c850c63a949c62f
[sshexec] DEBUG 2017/04/27 02:16:16 /src/github.com/heketi/heketi/pkg/utils/ssh/ssh.go:176: Host: 192.168.48.14:22 Command: /bin/bash -c 'umount /var/lib/heketi/mounts/vg_d72d3bd802d4e511a80ce2f16181289d/brick_0fce25c457ae0960ec6972dc058ab9d4'
Result: 
[sshexec] DEBUG 2017/04/27 02:16:16 /src/github.com/heketi/heketi/pkg/utils/ssh/ssh.go:176: Host: 192.168.48.12:22 Command: /bin/bash -c 'umount /var/lib/heketi/mounts/vg_403cca7edce115dc1c641acc2f5f11fb/brick_45119136fec67fb88644715554dd7f6f'
Result: 
[sshexec] DEBUG 2017/04/27 02:16:16 /src/github.com/heketi/heketi/pkg/utils/ssh/ssh.go:176: Host: 192.168.48.17:22 Command: /bin/bash -c 'umount /var/lib/heketi/mounts/vg_6c7ff8b53124baa86b5b789cd93274e1/brick_da27050b493f852c6c850c63a949c62f'
Result: 
[sshexec] DEBUG 2017/04/27 02:16:16 /src/github.com/heketi/heketi/pkg/utils/ssh/ssh.go:176: Host: 192.168.48.14:22 Command: /bin/bash -c 'lvremove -f vg_d72d3bd802d4e511a80ce2f16181289d/tp_0fce25c457ae0960ec6972dc058ab9d4'
Result:   Logical volume "brick_0fce25c457ae0960ec6972dc058ab9d4" successfully removed
  Logical volume "tp_0fce25c457ae0960ec6972dc058ab9d4" successfully removed
[negroni] Started GET /queue/5b36c9dafb7e176385983f79620121a2
[negroni] Completed 200 OK in 104.377µs
[sshexec] DEBUG 2017/04/27 02:16:16 /src/github.com/heketi/heketi/pkg/utils/ssh/ssh.go:176: Host: 192.168.48.17:22 Command: /bin/bash -c 'lvremove -f vg_6c7ff8b53124baa86b5b789cd93274e1/tp_da27050b493f852c6c850c63a949c62f'
Result:   Logical volume "brick_da27050b493f852c6c850c63a949c62f" successfully removed
  Logical volume "tp_da27050b493f852c6c850c63a949c62f" successfully removed
[sshexec] DEBUG 2017/04/27 02:16:16 /src/github.com/heketi/heketi/pkg/utils/ssh/ssh.go:176: Host: 192.168.48.12:22 Command: /bin/bash -c 'lvremove -f vg_403cca7edce115dc1c641acc2f5f11fb/tp_45119136fec67fb88644715554dd7f6f'
Result:   Logical volume "brick_45119136fec67fb88644715554dd7f6f" successfully removed
  Logical volume "tp_45119136fec67fb88644715554dd7f6f" successfully removed
[sshexec] DEBUG 2017/04/27 02:16:17 /src/github.com/heketi/heketi/pkg/utils/ssh/ssh.go:176: Host: 192.168.48.14:22 Command: /bin/bash -c 'rmdir /var/lib/heketi/mounts/vg_d72d3bd802d4e511a80ce2f16181289d/brick_0fce25c457ae0960ec6972dc058ab9d4'
Result: 
[sshexec] DEBUG 2017/04/27 02:16:17 /src/github.com/heketi/heketi/pkg/utils/ssh/ssh.go:176: Host: 192.168.48.12:22 Command: /bin/bash -c 'rmdir /var/lib/heketi/mounts/vg_403cca7edce115dc1c641acc2f5f11fb/brick_45119136fec67fb88644715554dd7f6f'
Result: 
[sshexec] DEBUG 2017/04/27 02:16:17 /src/github.com/heketi/heketi/pkg/utils/ssh/ssh.go:176: Host: 192.168.48.17:22 Command: /bin/bash -c 'rmdir /var/lib/heketi/mounts/vg_6c7ff8b53124baa86b5b789cd93274e1/brick_da27050b493f852c6c850c63a949c62f'
Result: 
[sshexec] DEBUG 2017/04/27 02:16:17 /src/github.com/heketi/heketi/pkg/utils/ssh/ssh.go:176: Host: 192.168.48.14:22 Command: /bin/bash -c 'sed -i.save "/brick_0fce25c457ae0960ec6972dc058ab9d4/d" /etc/fstab'
Result: 
[sshexec] DEBUG 2017/04/27 02:16:17 /src/github.com/heketi/heketi/pkg/utils/ssh/ssh.go:176: Host: 192.168.48.12:22 Command: /bin/bash -c 'sed -i.save "/brick_45119136fec67fb88644715554dd7f6f/d" /etc/fstab'
Result: 
[sshexec] DEBUG 2017/04/27 02:16:17 /src/github.com/heketi/heketi/pkg/utils/ssh/ssh.go:176: Host: 192.168.48.17:22 Command: /bin/bash -c 'sed -i.save "/brick_da27050b493f852c6c850c63a949c62f/d" /etc/fstab'
Result: 
[heketi] ERROR 2017/04/27 02:16:17 /src/github.com/heketi/heketi/apps/glusterfs/app_volume.go:148: Failed to create volume: volume create: vol_08e4d14a8c5e00efdcc8d54056e635e1: failed: Staging failed on 192.168.48.17. Error: Host 192.168.48.14 is not in 'Peer in Cluster' state
Staging failed on 192.168.48.12. Error: Host 192.168.48.14 is not in 'Peer in Cluster' state
[asynchttp] INFO 2017/04/27 02:16:17 Completed job 5b36c9dafb7e176385983f79620121a2 in 3.661786709s
[negroni] Started GET /queue/5b36c9dafb7e176385983f79620121a2
[negroni] Completed 500 Internal Server Error in 348.846µs
[negroni] Started POST /volumes
[negroni] Completed 202 Accepted in 17.307697ms
[asynchttp] INFO 2017/04/27 02:16:28 Started job beca67d58f6eb2432b3f73b6059162c6
[heketi] INFO 2017/04/27 02:16:28 Creating volume 0345cd04ffa26ff5e65ee8a8cb9d80e1
[heketi] INFO 2017/04/27 02:16:28 brick_num: 0
[negroni] Started GET /queue/beca67d58f6eb2432b3f73b6059162c6
[negroni] Completed 200 OK in 149.058µs
[heketi] INFO 2017/04/27 02:16:28 Creating brick 3cfa72e08dee49a4e7f4d67a8571ba01
[heketi] INFO 2017/04/27 02:16:28 Creating brick 0a0bb3820ca8fd90526482dd14212533
[heketi] INFO 2017/04/27 02:16:28 Creating brick d081d6b7f22a9b36f57c3c8476a1bc0b
[sshexec] DEBUG 2017/04/27 02:16:29 /src/github.com/heketi/heketi/pkg/utils/ssh/ssh.go:176: Host: 192.168.48.12:22 Command: /bin/bash -c 'mkdir -p /var/lib/heketi/mounts/vg_403cca7edce115dc1c641acc2f5f11fb/brick_d081d6b7f22a9b36f57c3c8476a1bc0b'
Result: 
[sshexec] DEBUG 2017/04/27 02:16:29 /src/github.com/heketi/heketi/pkg/utils/ssh/ssh.go:176: Host: 192.168.48.14:22 Command: /bin/bash -c 'mkdir -p /var/lib/heketi/mounts/vg_d72d3bd802d4e511a80ce2f16181289d/brick_3cfa72e08dee49a4e7f4d67a8571ba01'
Result: 
[sshexec] DEBUG 2017/04/27 02:16:29 /src/github.com/heketi/heketi/pkg/utils/ssh/ssh.go:176: Host: 192.168.48.17:22 Command: /bin/bash -c 'mkdir -p /var/lib/heketi/mounts/vg_6c7ff8b53124baa86b5b789cd93274e1/brick_0a0bb3820ca8fd90526482dd14212533'
Result: 
[sshexec] DEBUG 2017/04/27 02:16:29 /src/github.com/heketi/heketi/pkg/utils/ssh/ssh.go:176: Host: 192.168.48.14:22 Command: /bin/bash -c 'lvcreate --poolmetadatasize 8192K -c 256K -L 1048576K -T vg_d72d3bd802d4e511a80ce2f16181289d/tp_3cfa72e08dee49a4e7f4d67a8571ba01 -V 1048576K -n brick_3cfa72e08dee49a4e7f4d67a8571ba01'
Result:   Logical volume "brick_3cfa72e08dee49a4e7f4d67a8571ba01" created.
[sshexec] DEBUG 2017/04/27 02:16:29 /src/github.com/heketi/heketi/pkg/utils/ssh/ssh.go:176: Host: 192.168.48.17:22 Command: /bin/bash -c 'lvcreate --poolmetadatasize 8192K -c 256K -L 1048576K -T vg_6c7ff8b53124baa86b5b789cd93274e1/tp_0a0bb3820ca8fd90526482dd14212533 -V 1048576K -n brick_0a0bb3820ca8fd90526482dd14212533'
Result:   Logical volume "brick_0a0bb3820ca8fd90526482dd14212533" created.
[sshexec] DEBUG 2017/04/27 02:16:29 /src/github.com/heketi/heketi/pkg/utils/ssh/ssh.go:176: Host: 192.168.48.12:22 Command: /bin/bash -c 'lvcreate --poolmetadatasize 8192K -c 256K -L 1048576K -T vg_403cca7edce115dc1c641acc2f5f11fb/tp_d081d6b7f22a9b36f57c3c8476a1bc0b -V 1048576K -n brick_d081d6b7f22a9b36f57c3c8476a1bc0b'
Result:   Logical volume "brick_d081d6b7f22a9b36f57c3c8476a1bc0b" created.
[negroni] Started GET /queue/beca67d58f6eb2432b3f73b6059162c6
[negroni] Completed 200 OK in 66.44µs
[sshexec] DEBUG 2017/04/27 02:16:29 /src/github.com/heketi/heketi/pkg/utils/ssh/ssh.go:176: Host: 192.168.48.14:22 Command: /bin/bash -c 'mkfs.xfs -i size=512 -n size=8192 /dev/mapper/vg_d72d3bd802d4e511a80ce2f16181289d-brick_3cfa72e08dee49a4e7f4d67a8571ba01'
Result: meta-data=/dev/mapper/vg_d72d3bd802d4e511a80ce2f16181289d-brick_3cfa72e08dee49a4e7f4d67a8571ba01 isize=512    agcount=8, agsize=32704 blks
         =                       sectsz=512   attr=2, projid32bit=1
         =                       crc=1        finobt=1, sparse=0
data     =                       bsize=4096   blocks=261632, imaxpct=25
         =                       sunit=64     swidth=64 blks
naming   =version 2              bsize=8192   ascii-ci=0 ftype=1
log      =internal log           bsize=4096   blocks=1728, version=2
         =                       sectsz=512   sunit=64 blks, lazy-count=1
realtime =none                   extsz=4096   blocks=0, rtextents=0
[sshexec] DEBUG 2017/04/27 02:16:29 /src/github.com/heketi/heketi/pkg/utils/ssh/ssh.go:176: Host: 192.168.48.17:22 Command: /bin/bash -c 'mkfs.xfs -i size=512 -n size=8192 /dev/mapper/vg_6c7ff8b53124baa86b5b789cd93274e1-brick_0a0bb3820ca8fd90526482dd14212533'
Result: meta-data=/dev/mapper/vg_6c7ff8b53124baa86b5b789cd93274e1-brick_0a0bb3820ca8fd90526482dd14212533 isize=512    agcount=8, agsize=32704 blks
         =                       sectsz=512   attr=2, projid32bit=1
         =                       crc=1        finobt=1, sparse=0
data     =                       bsize=4096   blocks=261632, imaxpct=25
         =                       sunit=64     swidth=64 blks
naming   =version 2              bsize=8192   ascii-ci=0 ftype=1
log      =internal log           bsize=4096   blocks=1728, version=2
         =                       sectsz=512   sunit=64 blks, lazy-count=1
realtime =none                   extsz=4096   blocks=0, rtextents=0
[sshexec] DEBUG 2017/04/27 02:16:29 /src/github.com/heketi/heketi/pkg/utils/ssh/ssh.go:176: Host: 192.168.48.14:22 Command: /bin/bash -c 'echo "/dev/mapper/vg_d72d3bd802d4e511a80ce2f16181289d-brick_3cfa72e08dee49a4e7f4d67a8571ba01 /var/lib/heketi/mounts/vg_d72d3bd802d4e511a80ce2f16181289d/brick_3cfa72e08dee49a4e7f4d67a8571ba01 xfs rw,inode64,noatime,nouuid 1 2" | tee -a /etc/fstab > /dev/null '
Result: 
[sshexec] DEBUG 2017/04/27 02:16:29 /src/github.com/heketi/heketi/pkg/utils/ssh/ssh.go:176: Host: 192.168.48.17:22 Command: /bin/bash -c 'echo "/dev/mapper/vg_6c7ff8b53124baa86b5b789cd93274e1-brick_0a0bb3820ca8fd90526482dd14212533 /var/lib/heketi/mounts/vg_6c7ff8b53124baa86b5b789cd93274e1/brick_0a0bb3820ca8fd90526482dd14212533 xfs rw,inode64,noatime,nouuid 1 2" | tee -a /etc/fstab > /dev/null '
Result: 
[sshexec] DEBUG 2017/04/27 02:16:29 /src/github.com/heketi/heketi/pkg/utils/ssh/ssh.go:176: Host: 192.168.48.12:22 Command: /bin/bash -c 'mkfs.xfs -i size=512 -n size=8192 /dev/mapper/vg_403cca7edce115dc1c641acc2f5f11fb-brick_d081d6b7f22a9b36f57c3c8476a1bc0b'
Result: meta-data=/dev/mapper/vg_403cca7edce115dc1c641acc2f5f11fb-brick_d081d6b7f22a9b36f57c3c8476a1bc0b isize=512    agcount=8, agsize=32704 blks
         =                       sectsz=4096  attr=2, projid32bit=1
         =                       crc=1        finobt=1, sparse=0
data     =                       bsize=4096   blocks=261632, imaxpct=25
         =                       sunit=64     swidth=64 blks
naming   =version 2              bsize=8192   ascii-ci=0 ftype=1
log      =internal log           bsize=4096   blocks=576, version=2
         =                       sectsz=4096  sunit=1 blks, lazy-count=1
realtime =none                   extsz=4096   blocks=0, rtextents=0
[sshexec] DEBUG 2017/04/27 02:16:29 /src/github.com/heketi/heketi/pkg/utils/ssh/ssh.go:176: Host: 192.168.48.12:22 Command: /bin/bash -c 'echo "/dev/mapper/vg_403cca7edce115dc1c641acc2f5f11fb-brick_d081d6b7f22a9b36f57c3c8476a1bc0b /var/lib/heketi/mounts/vg_403cca7edce115dc1c641acc2f5f11fb/brick_d081d6b7f22a9b36f57c3c8476a1bc0b xfs rw,inode64,noatime,nouuid 1 2" | tee -a /etc/fstab > /dev/null '
Result: 
[sshexec] DEBUG 2017/04/27 02:16:30 /src/github.com/heketi/heketi/pkg/utils/ssh/ssh.go:176: Host: 192.168.48.12:22 Command: /bin/bash -c 'mount -o rw,inode64,noatime,nouuid /dev/mapper/vg_403cca7edce115dc1c641acc2f5f11fb-brick_d081d6b7f22a9b36f57c3c8476a1bc0b /var/lib/heketi/mounts/vg_403cca7edce115dc1c641acc2f5f11fb/brick_d081d6b7f22a9b36f57c3c8476a1bc0b'
Result: 
[sshexec] DEBUG 2017/04/27 02:16:30 /src/github.com/heketi/heketi/pkg/utils/ssh/ssh.go:176: Host: 192.168.48.12:22 Command: /bin/bash -c 'mkdir /var/lib/heketi/mounts/vg_403cca7edce115dc1c641acc2f5f11fb/brick_d081d6b7f22a9b36f57c3c8476a1bc0b/brick'
Result: 
[sshexec] DEBUG 2017/04/27 02:16:30 /src/github.com/heketi/heketi/pkg/utils/ssh/ssh.go:176: Host: 192.168.48.12:22 Command: /bin/bash -c 'chown :2000 /var/lib/heketi/mounts/vg_403cca7edce115dc1c641acc2f5f11fb/brick_d081d6b7f22a9b36f57c3c8476a1bc0b/brick'
Result: 
[sshexec] DEBUG 2017/04/27 02:16:30 /src/github.com/heketi/heketi/pkg/utils/ssh/ssh.go:176: Host: 192.168.48.12:22 Command: /bin/bash -c 'chmod 2775 /var/lib/heketi/mounts/vg_403cca7edce115dc1c641acc2f5f11fb/brick_d081d6b7f22a9b36f57c3c8476a1bc0b/brick'
Result: 
[sshexec] DEBUG 2017/04/27 02:16:30 /src/github.com/heketi/heketi/pkg/utils/ssh/ssh.go:176: Host: 192.168.48.14:22 Command: /bin/bash -c 'mount -o rw,inode64,noatime,nouuid /dev/mapper/vg_d72d3bd802d4e511a80ce2f16181289d-brick_3cfa72e08dee49a4e7f4d67a8571ba01 /var/lib/heketi/mounts/vg_d72d3bd802d4e511a80ce2f16181289d/brick_3cfa72e08dee49a4e7f4d67a8571ba01'
Result: 
[sshexec] DEBUG 2017/04/27 02:16:30 /src/github.com/heketi/heketi/pkg/utils/ssh/ssh.go:176: Host: 192.168.48.14:22 Command: /bin/bash -c 'mkdir /var/lib/heketi/mounts/vg_d72d3bd802d4e511a80ce2f16181289d/brick_3cfa72e08dee49a4e7f4d67a8571ba01/brick'
Result: 
[sshexec] DEBUG 2017/04/27 02:16:30 /src/github.com/heketi/heketi/pkg/utils/ssh/ssh.go:176: Host: 192.168.48.14:22 Command: /bin/bash -c 'chown :2000 /var/lib/heketi/mounts/vg_d72d3bd802d4e511a80ce2f16181289d/brick_3cfa72e08dee49a4e7f4d67a8571ba01/brick'
Result: 
[sshexec] DEBUG 2017/04/27 02:16:30 /src/github.com/heketi/heketi/pkg/utils/ssh/ssh.go:176: Host: 192.168.48.14:22 Command: /bin/bash -c 'chmod 2775 /var/lib/heketi/mounts/vg_d72d3bd802d4e511a80ce2f16181289d/brick_3cfa72e08dee49a4e7f4d67a8571ba01/brick'
Result: 
[sshexec] DEBUG 2017/04/27 02:16:30 /src/github.com/heketi/heketi/pkg/utils/ssh/ssh.go:176: Host: 192.168.48.17:22 Command: /bin/bash -c 'mount -o rw,inode64,noatime,nouuid /dev/mapper/vg_6c7ff8b53124baa86b5b789cd93274e1-brick_0a0bb3820ca8fd90526482dd14212533 /var/lib/heketi/mounts/vg_6c7ff8b53124baa86b5b789cd93274e1/brick_0a0bb3820ca8fd90526482dd14212533'
Result: 
[sshexec] DEBUG 2017/04/27 02:16:30 /src/github.com/heketi/heketi/pkg/utils/ssh/ssh.go:176: Host: 192.168.48.17:22 Command: /bin/bash -c 'mkdir /var/lib/heketi/mounts/vg_6c7ff8b53124baa86b5b789cd93274e1/brick_0a0bb3820ca8fd90526482dd14212533/brick'
Result: 
[sshexec] DEBUG 2017/04/27 02:16:30 /src/github.com/heketi/heketi/pkg/utils/ssh/ssh.go:176: Host: 192.168.48.17:22 Command: /bin/bash -c 'chown :2000 /var/lib/heketi/mounts/vg_6c7ff8b53124baa86b5b789cd93274e1/brick_0a0bb3820ca8fd90526482dd14212533/brick'
Result: 
[sshexec] DEBUG 2017/04/27 02:16:30 /src/github.com/heketi/heketi/pkg/utils/ssh/ssh.go:176: Host: 192.168.48.17:22 Command: /bin/bash -c 'chmod 2775 /var/lib/heketi/mounts/vg_6c7ff8b53124baa86b5b789cd93274e1/brick_0a0bb3820ca8fd90526482dd14212533/brick'
Result: 
[sshexec] INFO 2017/04/27 02:16:30 Creating volume vol_0345cd04ffa26ff5e65ee8a8cb9d80e1 replica 3
[sshexec] ERROR 2017/04/27 02:16:30 /src/github.com/heketi/heketi/pkg/utils/ssh/ssh.go:173: Failed to run command [/bin/bash -c 'gluster --mode=script volume create vol_0345cd04ffa26ff5e65ee8a8cb9d80e1 replica 3 192.168.48.14:/var/lib/heketi/mounts/vg_d72d3bd802d4e511a80ce2f16181289d/brick_3cfa72e08dee49a4e7f4d67a8571ba01/brick 192.168.48.12:/var/lib/heketi/mounts/vg_403cca7edce115dc1c641acc2f5f11fb/brick_d081d6b7f22a9b36f57c3c8476a1bc0b/brick 192.168.48.17:/var/lib/heketi/mounts/vg_6c7ff8b53124baa86b5b789cd93274e1/brick_0a0bb3820ca8fd90526482dd14212533/brick '] on 192.168.48.14:22: Err[Process exited with: 1. Reason was:  ()]: Stdout []: Stderr [volume create: vol_0345cd04ffa26ff5e65ee8a8cb9d80e1: failed: Staging failed on 192.168.48.17. Error: Host 192.168.48.14 is not in 'Peer in Cluster' state
Staging failed on 192.168.48.12. Error: Host 192.168.48.14 is not in 'Peer in Cluster' state
]
[sshexec] ERROR 2017/04/27 02:16:30 /src/github.com/heketi/heketi/pkg/utils/ssh/ssh.go:173: Failed to run command [/bin/bash -c 'gluster --mode=script volume stop vol_0345cd04ffa26ff5e65ee8a8cb9d80e1 force'] on 192.168.48.14:22: Err[Process exited with: 1. Reason was:  ()]: Stdout []: Stderr [volume stop: vol_0345cd04ffa26ff5e65ee8a8cb9d80e1: failed: Volume vol_0345cd04ffa26ff5e65ee8a8cb9d80e1 does not exist
]
[sshexec] ERROR 2017/04/27 02:16:30 /src/github.com/heketi/heketi/executors/sshexec/volume.go:130: Unable to stop volume vol_0345cd04ffa26ff5e65ee8a8cb9d80e1: volume stop: vol_0345cd04ffa26ff5e65ee8a8cb9d80e1: failed: Volume vol_0345cd04ffa26ff5e65ee8a8cb9d80e1 does not exist
[negroni] Started GET /queue/beca67d58f6eb2432b3f73b6059162c6
[negroni] Completed 200 OK in 122.256µs
[sshexec] ERROR 2017/04/27 02:16:31 /src/github.com/heketi/heketi/pkg/utils/ssh/ssh.go:173: Failed to run command [/bin/bash -c 'gluster --mode=script volume delete vol_0345cd04ffa26ff5e65ee8a8cb9d80e1'] on 192.168.48.14:22: Err[Process exited with: 1. Reason was:  ()]: Stdout []: Stderr [volume delete: vol_0345cd04ffa26ff5e65ee8a8cb9d80e1: failed: Volume vol_0345cd04ffa26ff5e65ee8a8cb9d80e1 does not exist
]
[sshexec] ERROR 2017/04/27 02:16:31 /src/github.com/heketi/heketi/executors/sshexec/volume.go:139: Unable to delete volume vol_0345cd04ffa26ff5e65ee8a8cb9d80e1: volume delete: vol_0345cd04ffa26ff5e65ee8a8cb9d80e1: failed: Volume vol_0345cd04ffa26ff5e65ee8a8cb9d80e1 does not exist
[heketi] INFO 2017/04/27 02:16:31 Deleting brick d081d6b7f22a9b36f57c3c8476a1bc0b
[heketi] INFO 2017/04/27 02:16:31 Deleting brick 3cfa72e08dee49a4e7f4d67a8571ba01
[heketi] INFO 2017/04/27 02:16:31 Deleting brick 0a0bb3820ca8fd90526482dd14212533
[sshexec] DEBUG 2017/04/27 02:16:31 /src/github.com/heketi/heketi/pkg/utils/ssh/ssh.go:176: Host: 192.168.48.14:22 Command: /bin/bash -c 'umount /var/lib/heketi/mounts/vg_d72d3bd802d4e511a80ce2f16181289d/brick_3cfa72e08dee49a4e7f4d67a8571ba01'
Result: 
[sshexec] DEBUG 2017/04/27 02:16:31 /src/github.com/heketi/heketi/pkg/utils/ssh/ssh.go:176: Host: 192.168.48.12:22 Command: /bin/bash -c 'umount /var/lib/heketi/mounts/vg_403cca7edce115dc1c641acc2f5f11fb/brick_d081d6b7f22a9b36f57c3c8476a1bc0b'
Result: 
[sshexec] DEBUG 2017/04/27 02:16:31 /src/github.com/heketi/heketi/pkg/utils/ssh/ssh.go:176: Host: 192.168.48.17:22 Command: /bin/bash -c 'umount /var/lib/heketi/mounts/vg_6c7ff8b53124baa86b5b789cd93274e1/brick_0a0bb3820ca8fd90526482dd14212533'
Result: 
[sshexec] DEBUG 2017/04/27 02:16:31 /src/github.com/heketi/heketi/pkg/utils/ssh/ssh.go:176: Host: 192.168.48.14:22 Command: /bin/bash -c 'lvremove -f vg_d72d3bd802d4e511a80ce2f16181289d/tp_3cfa72e08dee49a4e7f4d67a8571ba01'
Result:   Logical volume "brick_3cfa72e08dee49a4e7f4d67a8571ba01" successfully removed
  Logical volume "tp_3cfa72e08dee49a4e7f4d67a8571ba01" successfully removed
[negroni] Started GET /queue/beca67d58f6eb2432b3f73b6059162c6
[negroni] Completed 200 OK in 68.169µs
[sshexec] DEBUG 2017/04/27 02:16:31 /src/github.com/heketi/heketi/pkg/utils/ssh/ssh.go:176: Host: 192.168.48.17:22 Command: /bin/bash -c 'lvremove -f vg_6c7ff8b53124baa86b5b789cd93274e1/tp_0a0bb3820ca8fd90526482dd14212533'
Result:   Logical volume "brick_0a0bb3820ca8fd90526482dd14212533" successfully removed
  Logical volume "tp_0a0bb3820ca8fd90526482dd14212533" successfully removed
[sshexec] DEBUG 2017/04/27 02:16:31 /src/github.com/heketi/heketi/pkg/utils/ssh/ssh.go:176: Host: 192.168.48.12:22 Command: /bin/bash -c 'lvremove -f vg_403cca7edce115dc1c641acc2f5f11fb/tp_d081d6b7f22a9b36f57c3c8476a1bc0b'
Result:   Logical volume "brick_d081d6b7f22a9b36f57c3c8476a1bc0b" successfully removed
  Logical volume "tp_d081d6b7f22a9b36f57c3c8476a1bc0b" successfully removed
[sshexec] DEBUG 2017/04/27 02:16:32 /src/github.com/heketi/heketi/pkg/utils/ssh/ssh.go:176: Host: 192.168.48.14:22 Command: /bin/bash -c 'rmdir /var/lib/heketi/mounts/vg_d72d3bd802d4e511a80ce2f16181289d/brick_3cfa72e08dee49a4e7f4d67a8571ba01'
Result: 
[sshexec] DEBUG 2017/04/27 02:16:32 /src/github.com/heketi/heketi/pkg/utils/ssh/ssh.go:176: Host: 192.168.48.17:22 Command: /bin/bash -c 'rmdir /var/lib/heketi/mounts/vg_6c7ff8b53124baa86b5b789cd93274e1/brick_0a0bb3820ca8fd90526482dd14212533'
Result: 
[sshexec] DEBUG 2017/04/27 02:16:32 /src/github.com/heketi/heketi/pkg/utils/ssh/ssh.go:176: Host: 192.168.48.12:22 Command: /bin/bash -c 'rmdir /var/lib/heketi/mounts/vg_403cca7edce115dc1c641acc2f5f11fb/brick_d081d6b7f22a9b36f57c3c8476a1bc0b'
Result: 
[sshexec] DEBUG 2017/04/27 02:16:32 /src/github.com/heketi/heketi/pkg/utils/ssh/ssh.go:176: Host: 192.168.48.14:22 Command: /bin/bash -c 'sed -i.save "/brick_3cfa72e08dee49a4e7f4d67a8571ba01/d" /etc/fstab'
Result: 
[sshexec] DEBUG 2017/04/27 02:16:32 /src/github.com/heketi/heketi/pkg/utils/ssh/ssh.go:176: Host: 192.168.48.12:22 Command: /bin/bash -c 'sed -i.save "/brick_d081d6b7f22a9b36f57c3c8476a1bc0b/d" /etc/fstab'
Result: 
[sshexec] DEBUG 2017/04/27 02:16:32 /src/github.com/heketi/heketi/pkg/utils/ssh/ssh.go:176: Host: 192.168.48.17:22 Command: /bin/bash -c 'sed -i.save "/brick_0a0bb3820ca8fd90526482dd14212533/d" /etc/fstab'
Result: 
[heketi] ERROR 2017/04/27 02:16:32 /src/github.com/heketi/heketi/apps/glusterfs/app_volume.go:148: Failed to create volume: volume create: vol_0345cd04ffa26ff5e65ee8a8cb9d80e1: failed: Staging failed on 192.168.48.17. Error: Host 192.168.48.14 is not in 'Peer in Cluster' state
Staging failed on 192.168.48.12. Error: Host 192.168.48.14 is not in 'Peer in Cluster' state
[asynchttp] INFO 2017/04/27 02:16:32 Completed job beca67d58f6eb2432b3f73b6059162c6 in 3.606520002s
[negroni] Started GET /queue/beca67d58f6eb2432b3f73b6059162c6
[negroni] Completed 500 Internal Server Error in 125.597µs
[negroni] Started POST /volumes
[negroni] Completed 202 Accepted in 21.774016ms
[asynchttp] INFO 2017/04/27 02:16:43 Started job 361a44cf46784fb6a037091bc600c581
[heketi] INFO 2017/04/27 02:16:43 Creating volume def4f0a10947db8a6c70553e9e0cda73
[heketi] INFO 2017/04/27 02:16:43 brick_num: 0
[negroni] Started GET /queue/361a44cf46784fb6a037091bc600c581
[negroni] Completed 200 OK in 130.509µs
[heketi] INFO 2017/04/27 02:16:43 Creating brick 3c21dded289dde7a02bc4e93274d2b57
[heketi] INFO 2017/04/27 02:16:43 Creating brick 8a03cac57d9b168e8a2eb2b243a88ca5
[heketi] INFO 2017/04/27 02:16:43 Creating brick 748e1db5347ddd38507d1809d399beb3
[sshexec] DEBUG 2017/04/27 02:16:44 /src/github.com/heketi/heketi/pkg/utils/ssh/ssh.go:176: Host: 192.168.48.12:22 Command: /bin/bash -c 'mkdir -p /var/lib/heketi/mounts/vg_403cca7edce115dc1c641acc2f5f11fb/brick_3c21dded289dde7a02bc4e93274d2b57'
Result: 
[sshexec] DEBUG 2017/04/27 02:16:44 /src/github.com/heketi/heketi/pkg/utils/ssh/ssh.go:176: Host: 192.168.48.14:22 Command: /bin/bash -c 'mkdir -p /var/lib/heketi/mounts/vg_d72d3bd802d4e511a80ce2f16181289d/brick_8a03cac57d9b168e8a2eb2b243a88ca5'
Result: 
[sshexec] DEBUG 2017/04/27 02:16:44 /src/github.com/heketi/heketi/pkg/utils/ssh/ssh.go:176: Host: 192.168.48.17:22 Command: /bin/bash -c 'mkdir -p /var/lib/heketi/mounts/vg_6c7ff8b53124baa86b5b789cd93274e1/brick_748e1db5347ddd38507d1809d399beb3'
Result: 
[sshexec] DEBUG 2017/04/27 02:16:44 /src/github.com/heketi/heketi/pkg/utils/ssh/ssh.go:176: Host: 192.168.48.17:22 Command: /bin/bash -c 'lvcreate --poolmetadatasize 8192K -c 256K -L 1048576K -T vg_6c7ff8b53124baa86b5b789cd93274e1/tp_748e1db5347ddd38507d1809d399beb3 -V 1048576K -n brick_748e1db5347ddd38507d1809d399beb3'
Result:   Logical volume "brick_748e1db5347ddd38507d1809d399beb3" created.
[sshexec] DEBUG 2017/04/27 02:16:44 /src/github.com/heketi/heketi/pkg/utils/ssh/ssh.go:176: Host: 192.168.48.14:22 Command: /bin/bash -c 'lvcreate --poolmetadatasize 8192K -c 256K -L 1048576K -T vg_d72d3bd802d4e511a80ce2f16181289d/tp_8a03cac57d9b168e8a2eb2b243a88ca5 -V 1048576K -n brick_8a03cac57d9b168e8a2eb2b243a88ca5'
Result:   Logical volume "brick_8a03cac57d9b168e8a2eb2b243a88ca5" created.
[sshexec] DEBUG 2017/04/27 02:16:44 /src/github.com/heketi/heketi/pkg/utils/ssh/ssh.go:176: Host: 192.168.48.12:22 Command: /bin/bash -c 'lvcreate --poolmetadatasize 8192K -c 256K -L 1048576K -T vg_403cca7edce115dc1c641acc2f5f11fb/tp_3c21dded289dde7a02bc4e93274d2b57 -V 1048576K -n brick_3c21dded289dde7a02bc4e93274d2b57'
Result:   Logical volume "brick_3c21dded289dde7a02bc4e93274d2b57" created.
[negroni] Started GET /queue/361a44cf46784fb6a037091bc600c581
[negroni] Completed 200 OK in 66.396µs
[sshexec] DEBUG 2017/04/27 02:16:44 /src/github.com/heketi/heketi/pkg/utils/ssh/ssh.go:176: Host: 192.168.48.17:22 Command: /bin/bash -c 'mkfs.xfs -i size=512 -n size=8192 /dev/mapper/vg_6c7ff8b53124baa86b5b789cd93274e1-brick_748e1db5347ddd38507d1809d399beb3'
Result: meta-data=/dev/mapper/vg_6c7ff8b53124baa86b5b789cd93274e1-brick_748e1db5347ddd38507d1809d399beb3 isize=512    agcount=8, agsize=32704 blks
         =                       sectsz=512   attr=2, projid32bit=1
         =                       crc=1        finobt=1, sparse=0
data     =                       bsize=4096   blocks=261632, imaxpct=25
         =                       sunit=64     swidth=64 blks
naming   =version 2              bsize=8192   ascii-ci=0 ftype=1
log      =internal log           bsize=4096   blocks=1728, version=2
         =                       sectsz=512   sunit=64 blks, lazy-count=1
realtime =none                   extsz=4096   blocks=0, rtextents=0
[sshexec] DEBUG 2017/04/27 02:16:44 /src/github.com/heketi/heketi/pkg/utils/ssh/ssh.go:176: Host: 192.168.48.17:22 Command: /bin/bash -c 'echo "/dev/mapper/vg_6c7ff8b53124baa86b5b789cd93274e1-brick_748e1db5347ddd38507d1809d399beb3 /var/lib/heketi/mounts/vg_6c7ff8b53124baa86b5b789cd93274e1/brick_748e1db5347ddd38507d1809d399beb3 xfs rw,inode64,noatime,nouuid 1 2" | tee -a /etc/fstab > /dev/null '
Result: 
[sshexec] DEBUG 2017/04/27 02:16:44 /src/github.com/heketi/heketi/pkg/utils/ssh/ssh.go:176: Host: 192.168.48.14:22 Command: /bin/bash -c 'mkfs.xfs -i size=512 -n size=8192 /dev/mapper/vg_d72d3bd802d4e511a80ce2f16181289d-brick_8a03cac57d9b168e8a2eb2b243a88ca5'
Result: meta-data=/dev/mapper/vg_d72d3bd802d4e511a80ce2f16181289d-brick_8a03cac57d9b168e8a2eb2b243a88ca5 isize=512    agcount=8, agsize=32704 blks
         =                       sectsz=512   attr=2, projid32bit=1
         =                       crc=1        finobt=1, sparse=0
data     =                       bsize=4096   blocks=261632, imaxpct=25
         =                       sunit=64     swidth=64 blks
naming   =version 2              bsize=8192   ascii-ci=0 ftype=1
log      =internal log           bsize=4096   blocks=1728, version=2
         =                       sectsz=512   sunit=64 blks, lazy-count=1
realtime =none                   extsz=4096   blocks=0, rtextents=0
[sshexec] DEBUG 2017/04/27 02:16:44 /src/github.com/heketi/heketi/pkg/utils/ssh/ssh.go:176: Host: 192.168.48.14:22 Command: /bin/bash -c 'echo "/dev/mapper/vg_d72d3bd802d4e511a80ce2f16181289d-brick_8a03cac57d9b168e8a2eb2b243a88ca5 /var/lib/heketi/mounts/vg_d72d3bd802d4e511a80ce2f16181289d/brick_8a03cac57d9b168e8a2eb2b243a88ca5 xfs rw,inode64,noatime,nouuid 1 2" | tee -a /etc/fstab > /dev/null '
Result: 
[sshexec] DEBUG 2017/04/27 02:16:44 /src/github.com/heketi/heketi/pkg/utils/ssh/ssh.go:176: Host: 192.168.48.12:22 Command: /bin/bash -c 'mkfs.xfs -i size=512 -n size=8192 /dev/mapper/vg_403cca7edce115dc1c641acc2f5f11fb-brick_3c21dded289dde7a02bc4e93274d2b57'
Result: meta-data=/dev/mapper/vg_403cca7edce115dc1c641acc2f5f11fb-brick_3c21dded289dde7a02bc4e93274d2b57 isize=512    agcount=8, agsize=32704 blks
         =                       sectsz=4096  attr=2, projid32bit=1
         =                       crc=1        finobt=1, sparse=0
data     =                       bsize=4096   blocks=261632, imaxpct=25
         =                       sunit=64     swidth=64 blks
naming   =version 2              bsize=8192   ascii-ci=0 ftype=1
log      =internal log           bsize=4096   blocks=576, version=2
         =                       sectsz=4096  sunit=1 blks, lazy-count=1
realtime =none                   extsz=4096   blocks=0, rtextents=0
[sshexec] DEBUG 2017/04/27 02:16:44 /src/github.com/heketi/heketi/pkg/utils/ssh/ssh.go:176: Host: 192.168.48.12:22 Command: /bin/bash -c 'echo "/dev/mapper/vg_403cca7edce115dc1c641acc2f5f11fb-brick_3c21dded289dde7a02bc4e93274d2b57 /var/lib/heketi/mounts/vg_403cca7edce115dc1c641acc2f5f11fb/brick_3c21dded289dde7a02bc4e93274d2b57 xfs rw,inode64,noatime,nouuid 1 2" | tee -a /etc/fstab > /dev/null '
Result: 
[sshexec] DEBUG 2017/04/27 02:16:45 /src/github.com/heketi/heketi/pkg/utils/ssh/ssh.go:176: Host: 192.168.48.12:22 Command: /bin/bash -c 'mount -o rw,inode64,noatime,nouuid /dev/mapper/vg_403cca7edce115dc1c641acc2f5f11fb-brick_3c21dded289dde7a02bc4e93274d2b57 /var/lib/heketi/mounts/vg_403cca7edce115dc1c641acc2f5f11fb/brick_3c21dded289dde7a02bc4e93274d2b57'
Result: 
[sshexec] DEBUG 2017/04/27 02:16:45 /src/github.com/heketi/heketi/pkg/utils/ssh/ssh.go:176: Host: 192.168.48.12:22 Command: /bin/bash -c 'mkdir /var/lib/heketi/mounts/vg_403cca7edce115dc1c641acc2f5f11fb/brick_3c21dded289dde7a02bc4e93274d2b57/brick'
Result: 
[sshexec] DEBUG 2017/04/27 02:16:45 /src/github.com/heketi/heketi/pkg/utils/ssh/ssh.go:176: Host: 192.168.48.12:22 Command: /bin/bash -c 'chown :2000 /var/lib/heketi/mounts/vg_403cca7edce115dc1c641acc2f5f11fb/brick_3c21dded289dde7a02bc4e93274d2b57/brick'
Result: 
[sshexec] DEBUG 2017/04/27 02:16:45 /src/github.com/heketi/heketi/pkg/utils/ssh/ssh.go:176: Host: 192.168.48.12:22 Command: /bin/bash -c 'chmod 2775 /var/lib/heketi/mounts/vg_403cca7edce115dc1c641acc2f5f11fb/brick_3c21dded289dde7a02bc4e93274d2b57/brick'
Result: 
[sshexec] DEBUG 2017/04/27 02:16:45 /src/github.com/heketi/heketi/pkg/utils/ssh/ssh.go:176: Host: 192.168.48.14:22 Command: /bin/bash -c 'mount -o rw,inode64,noatime,nouuid /dev/mapper/vg_d72d3bd802d4e511a80ce2f16181289d-brick_8a03cac57d9b168e8a2eb2b243a88ca5 /var/lib/heketi/mounts/vg_d72d3bd802d4e511a80ce2f16181289d/brick_8a03cac57d9b168e8a2eb2b243a88ca5'
Result: 
[sshexec] DEBUG 2017/04/27 02:16:45 /src/github.com/heketi/heketi/pkg/utils/ssh/ssh.go:176: Host: 192.168.48.14:22 Command: /bin/bash -c 'mkdir /var/lib/heketi/mounts/vg_d72d3bd802d4e511a80ce2f16181289d/brick_8a03cac57d9b168e8a2eb2b243a88ca5/brick'
Result: 
[sshexec] DEBUG 2017/04/27 02:16:45 /src/github.com/heketi/heketi/pkg/utils/ssh/ssh.go:176: Host: 192.168.48.17:22 Command: /bin/bash -c 'mount -o rw,inode64,noatime,nouuid /dev/mapper/vg_6c7ff8b53124baa86b5b789cd93274e1-brick_748e1db5347ddd38507d1809d399beb3 /var/lib/heketi/mounts/vg_6c7ff8b53124baa86b5b789cd93274e1/brick_748e1db5347ddd38507d1809d399beb3'
Result: 
[sshexec] DEBUG 2017/04/27 02:16:45 /src/github.com/heketi/heketi/pkg/utils/ssh/ssh.go:176: Host: 192.168.48.14:22 Command: /bin/bash -c 'chown :2000 /var/lib/heketi/mounts/vg_d72d3bd802d4e511a80ce2f16181289d/brick_8a03cac57d9b168e8a2eb2b243a88ca5/brick'
Result: 
[sshexec] DEBUG 2017/04/27 02:16:45 /src/github.com/heketi/heketi/pkg/utils/ssh/ssh.go:176: Host: 192.168.48.17:22 Command: /bin/bash -c 'mkdir /var/lib/heketi/mounts/vg_6c7ff8b53124baa86b5b789cd93274e1/brick_748e1db5347ddd38507d1809d399beb3/brick'
Result: 
[sshexec] DEBUG 2017/04/27 02:16:45 /src/github.com/heketi/heketi/pkg/utils/ssh/ssh.go:176: Host: 192.168.48.14:22 Command: /bin/bash -c 'chmod 2775 /var/lib/heketi/mounts/vg_d72d3bd802d4e511a80ce2f16181289d/brick_8a03cac57d9b168e8a2eb2b243a88ca5/brick'
Result: 
[sshexec] DEBUG 2017/04/27 02:16:45 /src/github.com/heketi/heketi/pkg/utils/ssh/ssh.go:176: Host: 192.168.48.17:22 Command: /bin/bash -c 'chown :2000 /var/lib/heketi/mounts/vg_6c7ff8b53124baa86b5b789cd93274e1/brick_748e1db5347ddd38507d1809d399beb3/brick'
Result: 
[sshexec] DEBUG 2017/04/27 02:16:45 /src/github.com/heketi/heketi/pkg/utils/ssh/ssh.go:176: Host: 192.168.48.17:22 Command: /bin/bash -c 'chmod 2775 /var/lib/heketi/mounts/vg_6c7ff8b53124baa86b5b789cd93274e1/brick_748e1db5347ddd38507d1809d399beb3/brick'
Result: 
[sshexec] INFO 2017/04/27 02:16:45 Creating volume vol_def4f0a10947db8a6c70553e9e0cda73 replica 3
[sshexec] ERROR 2017/04/27 02:16:45 /src/github.com/heketi/heketi/pkg/utils/ssh/ssh.go:173: Failed to run command [/bin/bash -c 'gluster --mode=script volume create vol_def4f0a10947db8a6c70553e9e0cda73 replica 3 192.168.48.12:/var/lib/heketi/mounts/vg_403cca7edce115dc1c641acc2f5f11fb/brick_3c21dded289dde7a02bc4e93274d2b57/brick 192.168.48.17:/var/lib/heketi/mounts/vg_6c7ff8b53124baa86b5b789cd93274e1/brick_748e1db5347ddd38507d1809d399beb3/brick 192.168.48.14:/var/lib/heketi/mounts/vg_d72d3bd802d4e511a80ce2f16181289d/brick_8a03cac57d9b168e8a2eb2b243a88ca5/brick '] on 192.168.48.12:22: Err[Process exited with: 1. Reason was:  ()]: Stdout []: Stderr [volume create: vol_def4f0a10947db8a6c70553e9e0cda73: failed: Host 192.168.48.14 is not in 'Peer in Cluster' state
]
[negroni] Started GET /queue/361a44cf46784fb6a037091bc600c581
[negroni] Completed 200 OK in 56.006µs
[sshexec] ERROR 2017/04/27 02:16:45 /src/github.com/heketi/heketi/pkg/utils/ssh/ssh.go:173: Failed to run command [/bin/bash -c 'gluster --mode=script volume stop vol_def4f0a10947db8a6c70553e9e0cda73 force'] on 192.168.48.12:22: Err[Process exited with: 1. Reason was:  ()]: Stdout []: Stderr [volume stop: vol_def4f0a10947db8a6c70553e9e0cda73: failed: Volume vol_def4f0a10947db8a6c70553e9e0cda73 does not exist
]
[sshexec] ERROR 2017/04/27 02:16:45 /src/github.com/heketi/heketi/executors/sshexec/volume.go:130: Unable to stop volume vol_def4f0a10947db8a6c70553e9e0cda73: volume stop: vol_def4f0a10947db8a6c70553e9e0cda73: failed: Volume vol_def4f0a10947db8a6c70553e9e0cda73 does not exist
[sshexec] ERROR 2017/04/27 02:16:46 /src/github.com/heketi/heketi/pkg/utils/ssh/ssh.go:173: Failed to run command [/bin/bash -c 'gluster --mode=script volume delete vol_def4f0a10947db8a6c70553e9e0cda73'] on 192.168.48.12:22: Err[Process exited with: 1. Reason was:  ()]: Stdout []: Stderr [volume delete: vol_def4f0a10947db8a6c70553e9e0cda73: failed: Volume vol_def4f0a10947db8a6c70553e9e0cda73 does not exist
]
[sshexec] ERROR 2017/04/27 02:16:46 /src/github.com/heketi/heketi/executors/sshexec/volume.go:139: Unable to delete volume vol_def4f0a10947db8a6c70553e9e0cda73: volume delete: vol_def4f0a10947db8a6c70553e9e0cda73: failed: Volume vol_def4f0a10947db8a6c70553e9e0cda73 does not exist
[heketi] INFO 2017/04/27 02:16:46 Deleting brick 3c21dded289dde7a02bc4e93274d2b57
[heketi] INFO 2017/04/27 02:16:46 Deleting brick 8a03cac57d9b168e8a2eb2b243a88ca5
[heketi] INFO 2017/04/27 02:16:46 Deleting brick 748e1db5347ddd38507d1809d399beb3
[sshexec] DEBUG 2017/04/27 02:16:46 /src/github.com/heketi/heketi/pkg/utils/ssh/ssh.go:176: Host: 192.168.48.12:22 Command: /bin/bash -c 'umount /var/lib/heketi/mounts/vg_403cca7edce115dc1c641acc2f5f11fb/brick_3c21dded289dde7a02bc4e93274d2b57'
Result: 
[sshexec] DEBUG 2017/04/27 02:16:46 /src/github.com/heketi/heketi/pkg/utils/ssh/ssh.go:176: Host: 192.168.48.14:22 Command: /bin/bash -c 'umount /var/lib/heketi/mounts/vg_d72d3bd802d4e511a80ce2f16181289d/brick_8a03cac57d9b168e8a2eb2b243a88ca5'
Result: 
[sshexec] DEBUG 2017/04/27 02:16:46 /src/github.com/heketi/heketi/pkg/utils/ssh/ssh.go:176: Host: 192.168.48.17:22 Command: /bin/bash -c 'umount /var/lib/heketi/mounts/vg_6c7ff8b53124baa86b5b789cd93274e1/brick_748e1db5347ddd38507d1809d399beb3'
Result: 
[sshexec] DEBUG 2017/04/27 02:16:46 /src/github.com/heketi/heketi/pkg/utils/ssh/ssh.go:176: Host: 192.168.48.14:22 Command: /bin/bash -c 'lvremove -f vg_d72d3bd802d4e511a80ce2f16181289d/tp_8a03cac57d9b168e8a2eb2b243a88ca5'
Result:   Logical volume "brick_8a03cac57d9b168e8a2eb2b243a88ca5" successfully removed
  Logical volume "tp_8a03cac57d9b168e8a2eb2b243a88ca5" successfully removed
[negroni] Started GET /queue/361a44cf46784fb6a037091bc600c581
[negroni] Completed 200 OK in 194.193µs
[sshexec] DEBUG 2017/04/27 02:16:46 /src/github.com/heketi/heketi/pkg/utils/ssh/ssh.go:176: Host: 192.168.48.12:22 Command: /bin/bash -c 'lvremove -f vg_403cca7edce115dc1c641acc2f5f11fb/tp_3c21dded289dde7a02bc4e93274d2b57'
Result:   Logical volume "brick_3c21dded289dde7a02bc4e93274d2b57" successfully removed
  Logical volume "tp_3c21dded289dde7a02bc4e93274d2b57" successfully removed
[sshexec] DEBUG 2017/04/27 02:16:46 /src/github.com/heketi/heketi/pkg/utils/ssh/ssh.go:176: Host: 192.168.48.17:22 Command: /bin/bash -c 'lvremove -f vg_6c7ff8b53124baa86b5b789cd93274e1/tp_748e1db5347ddd38507d1809d399beb3'
Result:   Logical volume "brick_748e1db5347ddd38507d1809d399beb3" successfully removed
  Logical volume "tp_748e1db5347ddd38507d1809d399beb3" successfully removed
[sshexec] DEBUG 2017/04/27 02:16:47 /src/github.com/heketi/heketi/pkg/utils/ssh/ssh.go:176: Host: 192.168.48.14:22 Command: /bin/bash -c 'rmdir /var/lib/heketi/mounts/vg_d72d3bd802d4e511a80ce2f16181289d/brick_8a03cac57d9b168e8a2eb2b243a88ca5'
Result: 
[sshexec] DEBUG 2017/04/27 02:16:47 /src/github.com/heketi/heketi/pkg/utils/ssh/ssh.go:176: Host: 192.168.48.12:22 Command: /bin/bash -c 'rmdir /var/lib/heketi/mounts/vg_403cca7edce115dc1c641acc2f5f11fb/brick_3c21dded289dde7a02bc4e93274d2b57'
Result: 
[sshexec] DEBUG 2017/04/27 02:16:47 /src/github.com/heketi/heketi/pkg/utils/ssh/ssh.go:176: Host: 192.168.48.17:22 Command: /bin/bash -c 'rmdir /var/lib/heketi/mounts/vg_6c7ff8b53124baa86b5b789cd93274e1/brick_748e1db5347ddd38507d1809d399beb3'
Result: 
[sshexec] DEBUG 2017/04/27 02:16:47 /src/github.com/heketi/heketi/pkg/utils/ssh/ssh.go:176: Host: 192.168.48.14:22 Command: /bin/bash -c 'sed -i.save "/brick_8a03cac57d9b168e8a2eb2b243a88ca5/d" /etc/fstab'
Result: 
[sshexec] DEBUG 2017/04/27 02:16:47 /src/github.com/heketi/heketi/pkg/utils/ssh/ssh.go:176: Host: 192.168.48.12:22 Command: /bin/bash -c 'sed -i.save "/brick_3c21dded289dde7a02bc4e93274d2b57/d" /etc/fstab'
Result: 
[sshexec] DEBUG 2017/04/27 02:16:47 /src/github.com/heketi/heketi/pkg/utils/ssh/ssh.go:176: Host: 192.168.48.17:22 Command: /bin/bash -c 'sed -i.save "/brick_748e1db5347ddd38507d1809d399beb3/d" /etc/fstab'
Result: 
[heketi] ERROR 2017/04/27 02:16:47 /src/github.com/heketi/heketi/apps/glusterfs/app_volume.go:148: Failed to create volume: volume create: vol_def4f0a10947db8a6c70553e9e0cda73: failed: Host 192.168.48.14 is not in 'Peer in Cluster' state
[asynchttp] INFO 2017/04/27 02:16:47 Completed job 361a44cf46784fb6a037091bc600c581 in 3.549087063s
[negroni] Started GET /queue/361a44cf46784fb6a037091bc600c581
[negroni] Completed 500 Internal Server Error in 85.221µs
[negroni] Started POST /volumes
[negroni] Completed 202 Accepted in 17.118523ms
[asynchttp] INFO 2017/04/27 02:16:58 Started job 1d9a4df7687a696c5931c6370ad46be6
[heketi] INFO 2017/04/27 02:16:58 Creating volume db35178987a7ca4805c110479d5b9e5f
[heketi] INFO 2017/04/27 02:16:58 brick_num: 0
[negroni] Started GET /queue/1d9a4df7687a696c5931c6370ad46be6
[negroni] Completed 200 OK in 224.695µs
[heketi] INFO 2017/04/27 02:16:58 Creating brick 828b4d2ced8ddb0458dd8920bd50fbda
[heketi] INFO 2017/04/27 02:16:58 Creating brick fa555cd1ba4a90920fd24cd6416ef548
[heketi] INFO 2017/04/27 02:16:58 Creating brick c93c5da755df0224718a0d04ba0171d4
[sshexec] DEBUG 2017/04/27 02:16:59 /src/github.com/heketi/heketi/pkg/utils/ssh/ssh.go:176: Host: 192.168.48.12:22 Command: /bin/bash -c 'mkdir -p /var/lib/heketi/mounts/vg_403cca7edce115dc1c641acc2f5f11fb/brick_c93c5da755df0224718a0d04ba0171d4'
Result: 
[sshexec] DEBUG 2017/04/27 02:16:59 /src/github.com/heketi/heketi/pkg/utils/ssh/ssh.go:176: Host: 192.168.48.14:22 Command: /bin/bash -c 'mkdir -p /var/lib/heketi/mounts/vg_d72d3bd802d4e511a80ce2f16181289d/brick_828b4d2ced8ddb0458dd8920bd50fbda'
Result: 
[sshexec] DEBUG 2017/04/27 02:16:59 /src/github.com/heketi/heketi/pkg/utils/ssh/ssh.go:176: Host: 192.168.48.17:22 Command: /bin/bash -c 'mkdir -p /var/lib/heketi/mounts/vg_6c7ff8b53124baa86b5b789cd93274e1/brick_fa555cd1ba4a90920fd24cd6416ef548'
Result: 
[sshexec] DEBUG 2017/04/27 02:16:59 /src/github.com/heketi/heketi/pkg/utils/ssh/ssh.go:176: Host: 192.168.48.14:22 Command: /bin/bash -c 'lvcreate --poolmetadatasize 8192K -c 256K -L 1048576K -T vg_d72d3bd802d4e511a80ce2f16181289d/tp_828b4d2ced8ddb0458dd8920bd50fbda -V 1048576K -n brick_828b4d2ced8ddb0458dd8920bd50fbda'
Result:   Logical volume "brick_828b4d2ced8ddb0458dd8920bd50fbda" created.
[sshexec] DEBUG 2017/04/27 02:16:59 /src/github.com/heketi/heketi/pkg/utils/ssh/ssh.go:176: Host: 192.168.48.12:22 Command: /bin/bash -c 'lvcreate --poolmetadatasize 8192K -c 256K -L 1048576K -T vg_403cca7edce115dc1c641acc2f5f11fb/tp_c93c5da755df0224718a0d04ba0171d4 -V 1048576K -n brick_c93c5da755df0224718a0d04ba0171d4'
Result:   Logical volume "brick_c93c5da755df0224718a0d04ba0171d4" created.
[sshexec] DEBUG 2017/04/27 02:16:59 /src/github.com/heketi/heketi/pkg/utils/ssh/ssh.go:176: Host: 192.168.48.17:22 Command: /bin/bash -c 'lvcreate --poolmetadatasize 8192K -c 256K -L 1048576K -T vg_6c7ff8b53124baa86b5b789cd93274e1/tp_fa555cd1ba4a90920fd24cd6416ef548 -V 1048576K -n brick_fa555cd1ba4a90920fd24cd6416ef548'
Result:   Logical volume "brick_fa555cd1ba4a90920fd24cd6416ef548" created.
[sshexec] DEBUG 2017/04/27 02:16:59 /src/github.com/heketi/heketi/pkg/utils/ssh/ssh.go:176: Host: 192.168.48.12:22 Command: /bin/bash -c 'mkfs.xfs -i size=512 -n size=8192 /dev/mapper/vg_403cca7edce115dc1c641acc2f5f11fb-brick_c93c5da755df0224718a0d04ba0171d4'
Result: meta-data=/dev/mapper/vg_403cca7edce115dc1c641acc2f5f11fb-brick_c93c5da755df0224718a0d04ba0171d4 isize=512    agcount=8, agsize=32704 blks
         =                       sectsz=4096  attr=2, projid32bit=1
         =                       crc=1        finobt=1, sparse=0
data     =                       bsize=4096   blocks=261632, imaxpct=25
         =                       sunit=64     swidth=64 blks
naming   =version 2              bsize=8192   ascii-ci=0 ftype=1
log      =internal log           bsize=4096   blocks=576, version=2
         =                       sectsz=4096  sunit=1 blks, lazy-count=1
realtime =none                   extsz=4096   blocks=0, rtextents=0
[sshexec] DEBUG 2017/04/27 02:16:59 /src/github.com/heketi/heketi/pkg/utils/ssh/ssh.go:176: Host: 192.168.48.14:22 Command: /bin/bash -c 'mkfs.xfs -i size=512 -n size=8192 /dev/mapper/vg_d72d3bd802d4e511a80ce2f16181289d-brick_828b4d2ced8ddb0458dd8920bd50fbda'
Result: meta-data=/dev/mapper/vg_d72d3bd802d4e511a80ce2f16181289d-brick_828b4d2ced8ddb0458dd8920bd50fbda isize=512    agcount=8, agsize=32704 blks
         =                       sectsz=512   attr=2, projid32bit=1
         =                       crc=1        finobt=1, sparse=0
data     =                       bsize=4096   blocks=261632, imaxpct=25
         =                       sunit=64     swidth=64 blks
naming   =version 2              bsize=8192   ascii-ci=0 ftype=1
log      =internal log           bsize=4096   blocks=1728, version=2
         =                       sectsz=512   sunit=64 blks, lazy-count=1
realtime =none                   extsz=4096   blocks=0, rtextents=0
[sshexec] DEBUG 2017/04/27 02:16:59 /src/github.com/heketi/heketi/pkg/utils/ssh/ssh.go:176: Host: 192.168.48.12:22 Command: /bin/bash -c 'echo "/dev/mapper/vg_403cca7edce115dc1c641acc2f5f11fb-brick_c93c5da755df0224718a0d04ba0171d4 /var/lib/heketi/mounts/vg_403cca7edce115dc1c641acc2f5f11fb/brick_c93c5da755df0224718a0d04ba0171d4 xfs rw,inode64,noatime,nouuid 1 2" | tee -a /etc/fstab > /dev/null '
Result: 
[sshexec] DEBUG 2017/04/27 02:16:59 /src/github.com/heketi/heketi/pkg/utils/ssh/ssh.go:176: Host: 192.168.48.14:22 Command: /bin/bash -c 'echo "/dev/mapper/vg_d72d3bd802d4e511a80ce2f16181289d-brick_828b4d2ced8ddb0458dd8920bd50fbda /var/lib/heketi/mounts/vg_d72d3bd802d4e511a80ce2f16181289d/brick_828b4d2ced8ddb0458dd8920bd50fbda xfs rw,inode64,noatime,nouuid 1 2" | tee -a /etc/fstab > /dev/null '
Result: 
[negroni] Started GET /queue/1d9a4df7687a696c5931c6370ad46be6
[negroni] Completed 200 OK in 76.757µs
[sshexec] DEBUG 2017/04/27 02:16:59 /src/github.com/heketi/heketi/pkg/utils/ssh/ssh.go:176: Host: 192.168.48.17:22 Command: /bin/bash -c 'mkfs.xfs -i size=512 -n size=8192 /dev/mapper/vg_6c7ff8b53124baa86b5b789cd93274e1-brick_fa555cd1ba4a90920fd24cd6416ef548'
Result: meta-data=/dev/mapper/vg_6c7ff8b53124baa86b5b789cd93274e1-brick_fa555cd1ba4a90920fd24cd6416ef548 isize=512    agcount=8, agsize=32704 blks
         =                       sectsz=512   attr=2, projid32bit=1
         =                       crc=1        finobt=1, sparse=0
data     =                       bsize=4096   blocks=261632, imaxpct=25
         =                       sunit=64     swidth=64 blks
naming   =version 2              bsize=8192   ascii-ci=0 ftype=1
log      =internal log           bsize=4096   blocks=1728, version=2
         =                       sectsz=512   sunit=64 blks, lazy-count=1
realtime =none                   extsz=4096   blocks=0, rtextents=0
[sshexec] DEBUG 2017/04/27 02:16:59 /src/github.com/heketi/heketi/pkg/utils/ssh/ssh.go:176: Host: 192.168.48.17:22 Command: /bin/bash -c 'echo "/dev/mapper/vg_6c7ff8b53124baa86b5b789cd93274e1-brick_fa555cd1ba4a90920fd24cd6416ef548 /var/lib/heketi/mounts/vg_6c7ff8b53124baa86b5b789cd93274e1/brick_fa555cd1ba4a90920fd24cd6416ef548 xfs rw,inode64,noatime,nouuid 1 2" | tee -a /etc/fstab > /dev/null '
Result: 
[sshexec] DEBUG 2017/04/27 02:16:59 /src/github.com/heketi/heketi/pkg/utils/ssh/ssh.go:176: Host: 192.168.48.12:22 Command: /bin/bash -c 'mount -o rw,inode64,noatime,nouuid /dev/mapper/vg_403cca7edce115dc1c641acc2f5f11fb-brick_c93c5da755df0224718a0d04ba0171d4 /var/lib/heketi/mounts/vg_403cca7edce115dc1c641acc2f5f11fb/brick_c93c5da755df0224718a0d04ba0171d4'
Result: 
[sshexec] DEBUG 2017/04/27 02:16:59 /src/github.com/heketi/heketi/pkg/utils/ssh/ssh.go:176: Host: 192.168.48.12:22 Command: /bin/bash -c 'mkdir /var/lib/heketi/mounts/vg_403cca7edce115dc1c641acc2f5f11fb/brick_c93c5da755df0224718a0d04ba0171d4/brick'
Result: 
[sshexec] DEBUG 2017/04/27 02:16:59 /src/github.com/heketi/heketi/pkg/utils/ssh/ssh.go:176: Host: 192.168.48.12:22 Command: /bin/bash -c 'chown :2000 /var/lib/heketi/mounts/vg_403cca7edce115dc1c641acc2f5f11fb/brick_c93c5da755df0224718a0d04ba0171d4/brick'
Result: 
[sshexec] DEBUG 2017/04/27 02:16:59 /src/github.com/heketi/heketi/pkg/utils/ssh/ssh.go:176: Host: 192.168.48.12:22 Command: /bin/bash -c 'chmod 2775 /var/lib/heketi/mounts/vg_403cca7edce115dc1c641acc2f5f11fb/brick_c93c5da755df0224718a0d04ba0171d4/brick'
Result: 
[sshexec] DEBUG 2017/04/27 02:17:00 /src/github.com/heketi/heketi/pkg/utils/ssh/ssh.go:176: Host: 192.168.48.14:22 Command: /bin/bash -c 'mount -o rw,inode64,noatime,nouuid /dev/mapper/vg_d72d3bd802d4e511a80ce2f16181289d-brick_828b4d2ced8ddb0458dd8920bd50fbda /var/lib/heketi/mounts/vg_d72d3bd802d4e511a80ce2f16181289d/brick_828b4d2ced8ddb0458dd8920bd50fbda'
Result: 
[sshexec] DEBUG 2017/04/27 02:17:00 /src/github.com/heketi/heketi/pkg/utils/ssh/ssh.go:176: Host: 192.168.48.14:22 Command: /bin/bash -c 'mkdir /var/lib/heketi/mounts/vg_d72d3bd802d4e511a80ce2f16181289d/brick_828b4d2ced8ddb0458dd8920bd50fbda/brick'
Result: 
[sshexec] DEBUG 2017/04/27 02:17:00 /src/github.com/heketi/heketi/pkg/utils/ssh/ssh.go:176: Host: 192.168.48.14:22 Command: /bin/bash -c 'chown :2000 /var/lib/heketi/mounts/vg_d72d3bd802d4e511a80ce2f16181289d/brick_828b4d2ced8ddb0458dd8920bd50fbda/brick'
Result: 
[sshexec] DEBUG 2017/04/27 02:17:00 /src/github.com/heketi/heketi/pkg/utils/ssh/ssh.go:176: Host: 192.168.48.14:22 Command: /bin/bash -c 'chmod 2775 /var/lib/heketi/mounts/vg_d72d3bd802d4e511a80ce2f16181289d/brick_828b4d2ced8ddb0458dd8920bd50fbda/brick'
Result: 
[sshexec] DEBUG 2017/04/27 02:17:00 /src/github.com/heketi/heketi/pkg/utils/ssh/ssh.go:176: Host: 192.168.48.17:22 Command: /bin/bash -c 'mount -o rw,inode64,noatime,nouuid /dev/mapper/vg_6c7ff8b53124baa86b5b789cd93274e1-brick_fa555cd1ba4a90920fd24cd6416ef548 /var/lib/heketi/mounts/vg_6c7ff8b53124baa86b5b789cd93274e1/brick_fa555cd1ba4a90920fd24cd6416ef548'
Result: 
[sshexec] DEBUG 2017/04/27 02:17:00 /src/github.com/heketi/heketi/pkg/utils/ssh/ssh.go:176: Host: 192.168.48.17:22 Command: /bin/bash -c 'mkdir /var/lib/heketi/mounts/vg_6c7ff8b53124baa86b5b789cd93274e1/brick_fa555cd1ba4a90920fd24cd6416ef548/brick'
Result: 
[sshexec] DEBUG 2017/04/27 02:17:00 /src/github.com/heketi/heketi/pkg/utils/ssh/ssh.go:176: Host: 192.168.48.17:22 Command: /bin/bash -c 'chown :2000 /var/lib/heketi/mounts/vg_6c7ff8b53124baa86b5b789cd93274e1/brick_fa555cd1ba4a90920fd24cd6416ef548/brick'
Result: 
[sshexec] DEBUG 2017/04/27 02:17:00 /src/github.com/heketi/heketi/pkg/utils/ssh/ssh.go:176: Host: 192.168.48.17:22 Command: /bin/bash -c 'chmod 2775 /var/lib/heketi/mounts/vg_6c7ff8b53124baa86b5b789cd93274e1/brick_fa555cd1ba4a90920fd24cd6416ef548/brick'
Result: 
[sshexec] INFO 2017/04/27 02:17:00 Creating volume vol_db35178987a7ca4805c110479d5b9e5f replica 3
[sshexec] ERROR 2017/04/27 02:17:00 /src/github.com/heketi/heketi/pkg/utils/ssh/ssh.go:173: Failed to run command [/bin/bash -c 'gluster --mode=script volume create vol_db35178987a7ca4805c110479d5b9e5f replica 3 192.168.48.14:/var/lib/heketi/mounts/vg_d72d3bd802d4e511a80ce2f16181289d/brick_828b4d2ced8ddb0458dd8920bd50fbda/brick 192.168.48.12:/var/lib/heketi/mounts/vg_403cca7edce115dc1c641acc2f5f11fb/brick_c93c5da755df0224718a0d04ba0171d4/brick 192.168.48.17:/var/lib/heketi/mounts/vg_6c7ff8b53124baa86b5b789cd93274e1/brick_fa555cd1ba4a90920fd24cd6416ef548/brick '] on 192.168.48.14:22: Err[Process exited with: 1. Reason was:  ()]: Stdout []: Stderr [volume create: vol_db35178987a7ca4805c110479d5b9e5f: failed: Staging failed on 192.168.48.17. Error: Host 192.168.48.14 is not in 'Peer in Cluster' state
Staging failed on 192.168.48.12. Error: Host 192.168.48.14 is not in 'Peer in Cluster' state
]
[sshexec] ERROR 2017/04/27 02:17:00 /src/github.com/heketi/heketi/pkg/utils/ssh/ssh.go:173: Failed to run command [/bin/bash -c 'gluster --mode=script volume stop vol_db35178987a7ca4805c110479d5b9e5f force'] on 192.168.48.14:22: Err[Process exited with: 1. Reason was:  ()]: Stdout []: Stderr [volume stop: vol_db35178987a7ca4805c110479d5b9e5f: failed: Volume vol_db35178987a7ca4805c110479d5b9e5f does not exist
]
[sshexec] ERROR 2017/04/27 02:17:00 /src/github.com/heketi/heketi/executors/sshexec/volume.go:130: Unable to stop volume vol_db35178987a7ca4805c110479d5b9e5f: volume stop: vol_db35178987a7ca4805c110479d5b9e5f: failed: Volume vol_db35178987a7ca4805c110479d5b9e5f does not exist
[negroni] Started GET /queue/1d9a4df7687a696c5931c6370ad46be6
[negroni] Completed 200 OK in 100.467µs
[sshexec] ERROR 2017/04/27 02:17:01 /src/github.com/heketi/heketi/pkg/utils/ssh/ssh.go:173: Failed to run command [/bin/bash -c 'gluster --mode=script volume delete vol_db35178987a7ca4805c110479d5b9e5f'] on 192.168.48.14:22: Err[Process exited with: 1. Reason was:  ()]: Stdout []: Stderr [volume delete: vol_db35178987a7ca4805c110479d5b9e5f: failed: Volume vol_db35178987a7ca4805c110479d5b9e5f does not exist
]
[sshexec] ERROR 2017/04/27 02:17:01 /src/github.com/heketi/heketi/executors/sshexec/volume.go:139: Unable to delete volume vol_db35178987a7ca4805c110479d5b9e5f: volume delete: vol_db35178987a7ca4805c110479d5b9e5f: failed: Volume vol_db35178987a7ca4805c110479d5b9e5f does not exist
[heketi] INFO 2017/04/27 02:17:01 Deleting brick 828b4d2ced8ddb0458dd8920bd50fbda
[heketi] INFO 2017/04/27 02:17:01 Deleting brick c93c5da755df0224718a0d04ba0171d4
[heketi] INFO 2017/04/27 02:17:01 Deleting brick fa555cd1ba4a90920fd24cd6416ef548
[sshexec] DEBUG 2017/04/27 02:17:01 /src/github.com/heketi/heketi/pkg/utils/ssh/ssh.go:176: Host: 192.168.48.14:22 Command: /bin/bash -c 'umount /var/lib/heketi/mounts/vg_d72d3bd802d4e511a80ce2f16181289d/brick_828b4d2ced8ddb0458dd8920bd50fbda'
Result: 
[sshexec] DEBUG 2017/04/27 02:17:01 /src/github.com/heketi/heketi/pkg/utils/ssh/ssh.go:176: Host: 192.168.48.12:22 Command: /bin/bash -c 'umount /var/lib/heketi/mounts/vg_403cca7edce115dc1c641acc2f5f11fb/brick_c93c5da755df0224718a0d04ba0171d4'
Result: 
[sshexec] DEBUG 2017/04/27 02:17:01 /src/github.com/heketi/heketi/pkg/utils/ssh/ssh.go:176: Host: 192.168.48.17:22 Command: /bin/bash -c 'umount /var/lib/heketi/mounts/vg_6c7ff8b53124baa86b5b789cd93274e1/brick_fa555cd1ba4a90920fd24cd6416ef548'
Result: 
[negroni] Started GET /queue/1d9a4df7687a696c5931c6370ad46be6
[negroni] Completed 200 OK in 124.582µs
[sshexec] DEBUG 2017/04/27 02:17:01 /src/github.com/heketi/heketi/pkg/utils/ssh/ssh.go:176: Host: 192.168.48.14:22 Command: /bin/bash -c 'lvremove -f vg_d72d3bd802d4e511a80ce2f16181289d/tp_828b4d2ced8ddb0458dd8920bd50fbda'
Result:   Logical volume "brick_828b4d2ced8ddb0458dd8920bd50fbda" successfully removed
  Logical volume "tp_828b4d2ced8ddb0458dd8920bd50fbda" successfully removed
[sshexec] DEBUG 2017/04/27 02:17:01 /src/github.com/heketi/heketi/pkg/utils/ssh/ssh.go:176: Host: 192.168.48.17:22 Command: /bin/bash -c 'lvremove -f vg_6c7ff8b53124baa86b5b789cd93274e1/tp_fa555cd1ba4a90920fd24cd6416ef548'
Result:   Logical volume "brick_fa555cd1ba4a90920fd24cd6416ef548" successfully removed
  Logical volume "tp_fa555cd1ba4a90920fd24cd6416ef548" successfully removed
[sshexec] DEBUG 2017/04/27 02:17:01 /src/github.com/heketi/heketi/pkg/utils/ssh/ssh.go:176: Host: 192.168.48.12:22 Command: /bin/bash -c 'lvremove -f vg_403cca7edce115dc1c641acc2f5f11fb/tp_c93c5da755df0224718a0d04ba0171d4'
Result:   Logical volume "brick_c93c5da755df0224718a0d04ba0171d4" successfully removed
  Logical volume "tp_c93c5da755df0224718a0d04ba0171d4" successfully removed
[sshexec] DEBUG 2017/04/27 02:17:02 /src/github.com/heketi/heketi/pkg/utils/ssh/ssh.go:176: Host: 192.168.48.14:22 Command: /bin/bash -c 'rmdir /var/lib/heketi/mounts/vg_d72d3bd802d4e511a80ce2f16181289d/brick_828b4d2ced8ddb0458dd8920bd50fbda'
Result: 
[sshexec] DEBUG 2017/04/27 02:17:02 /src/github.com/heketi/heketi/pkg/utils/ssh/ssh.go:176: Host: 192.168.48.17:22 Command: /bin/bash -c 'rmdir /var/lib/heketi/mounts/vg_6c7ff8b53124baa86b5b789cd93274e1/brick_fa555cd1ba4a90920fd24cd6416ef548'
Result: 
[sshexec] DEBUG 2017/04/27 02:17:02 /src/github.com/heketi/heketi/pkg/utils/ssh/ssh.go:176: Host: 192.168.48.12:22 Command: /bin/bash -c 'rmdir /var/lib/heketi/mounts/vg_403cca7edce115dc1c641acc2f5f11fb/brick_c93c5da755df0224718a0d04ba0171d4'
Result: 
[sshexec] DEBUG 2017/04/27 02:17:02 /src/github.com/heketi/heketi/pkg/utils/ssh/ssh.go:176: Host: 192.168.48.14:22 Command: /bin/bash -c 'sed -i.save "/brick_828b4d2ced8ddb0458dd8920bd50fbda/d" /etc/fstab'
Result: 
[sshexec] DEBUG 2017/04/27 02:17:02 /src/github.com/heketi/heketi/pkg/utils/ssh/ssh.go:176: Host: 192.168.48.12:22 Command: /bin/bash -c 'sed -i.save "/brick_c93c5da755df0224718a0d04ba0171d4/d" /etc/fstab'
Result: 
[sshexec] DEBUG 2017/04/27 02:17:02 /src/github.com/heketi/heketi/pkg/utils/ssh/ssh.go:176: Host: 192.168.48.17:22 Command: /bin/bash -c 'sed -i.save "/brick_fa555cd1ba4a90920fd24cd6416ef548/d" /etc/fstab'
Result: 
[asynchttp] INFO 2017/04/27 02:17:02 Completed job 1d9a4df7687a696c5931c6370ad46be6 in 3.647342106s
[heketi] ERROR 2017/04/27 02:17:02 /src/github.com/heketi/heketi/apps/glusterfs/app_volume.go:148: Failed to create volume: volume create: vol_db35178987a7ca4805c110479d5b9e5f: failed: Staging failed on 192.168.48.17. Error: Host 192.168.48.14 is not in 'Peer in Cluster' state
Staging failed on 192.168.48.12. Error: Host 192.168.48.14 is not in 'Peer in Cluster' state
[negroni] Started GET /queue/1d9a4df7687a696c5931c6370ad46be6
[negroni] Completed 500 Internal Server Error in 154.521µs
[negroni] Started POST /volumes
[negroni] Completed 202 Accepted in 16.787761ms
[asynchttp] INFO 2017/04/27 02:17:13 Started job 20d09a530b2dbd19507d82e11c892708
[heketi] INFO 2017/04/27 02:17:13 Creating volume 5834500bff3a2ed597bb22dcef7b03aa
[heketi] INFO 2017/04/27 02:17:13 brick_num: 0
[negroni] Started GET /queue/20d09a530b2dbd19507d82e11c892708
[negroni] Completed 200 OK in 166.162µs
[heketi] INFO 2017/04/27 02:17:13 Creating brick e0c35d36dbba38320423df936ec22947
[heketi] INFO 2017/04/27 02:17:13 Creating brick 81b242ef4cc2b14d346cc0e459cfc13b
[heketi] INFO 2017/04/27 02:17:13 Creating brick 5965b64245c276e23252e6fb1fc6595e
[sshexec] DEBUG 2017/04/27 02:17:14 /src/github.com/heketi/heketi/pkg/utils/ssh/ssh.go:176: Host: 192.168.48.12:22 Command: /bin/bash -c 'mkdir -p /var/lib/heketi/mounts/vg_403cca7edce115dc1c641acc2f5f11fb/brick_e0c35d36dbba38320423df936ec22947'
Result: 
[sshexec] DEBUG 2017/04/27 02:17:14 /src/github.com/heketi/heketi/pkg/utils/ssh/ssh.go:176: Host: 192.168.48.14:22 Command: /bin/bash -c 'mkdir -p /var/lib/heketi/mounts/vg_d72d3bd802d4e511a80ce2f16181289d/brick_81b242ef4cc2b14d346cc0e459cfc13b'
Result: 
[sshexec] DEBUG 2017/04/27 02:17:14 /src/github.com/heketi/heketi/pkg/utils/ssh/ssh.go:176: Host: 192.168.48.17:22 Command: /bin/bash -c 'mkdir -p /var/lib/heketi/mounts/vg_6c7ff8b53124baa86b5b789cd93274e1/brick_5965b64245c276e23252e6fb1fc6595e'
Result: 
[sshexec] DEBUG 2017/04/27 02:17:14 /src/github.com/heketi/heketi/pkg/utils/ssh/ssh.go:176: Host: 192.168.48.14:22 Command: /bin/bash -c 'lvcreate --poolmetadatasize 8192K -c 256K -L 1048576K -T vg_d72d3bd802d4e511a80ce2f16181289d/tp_81b242ef4cc2b14d346cc0e459cfc13b -V 1048576K -n brick_81b242ef4cc2b14d346cc0e459cfc13b'
Result:   Logical volume "brick_81b242ef4cc2b14d346cc0e459cfc13b" created.
[sshexec] DEBUG 2017/04/27 02:17:14 /src/github.com/heketi/heketi/pkg/utils/ssh/ssh.go:176: Host: 192.168.48.12:22 Command: /bin/bash -c 'lvcreate --poolmetadatasize 8192K -c 256K -L 1048576K -T vg_403cca7edce115dc1c641acc2f5f11fb/tp_e0c35d36dbba38320423df936ec22947 -V 1048576K -n brick_e0c35d36dbba38320423df936ec22947'
Result:   Logical volume "brick_e0c35d36dbba38320423df936ec22947" created.
[sshexec] DEBUG 2017/04/27 02:17:14 /src/github.com/heketi/heketi/pkg/utils/ssh/ssh.go:176: Host: 192.168.48.17:22 Command: /bin/bash -c 'lvcreate --poolmetadatasize 8192K -c 256K -L 1048576K -T vg_6c7ff8b53124baa86b5b789cd93274e1/tp_5965b64245c276e23252e6fb1fc6595e -V 1048576K -n brick_5965b64245c276e23252e6fb1fc6595e'
Result:   Logical volume "brick_5965b64245c276e23252e6fb1fc6595e" created.
[sshexec] DEBUG 2017/04/27 02:17:14 /src/github.com/heketi/heketi/pkg/utils/ssh/ssh.go:176: Host: 192.168.48.12:22 Command: /bin/bash -c 'mkfs.xfs -i size=512 -n size=8192 /dev/mapper/vg_403cca7edce115dc1c641acc2f5f11fb-brick_e0c35d36dbba38320423df936ec22947'
Result: meta-data=/dev/mapper/vg_403cca7edce115dc1c641acc2f5f11fb-brick_e0c35d36dbba38320423df936ec22947 isize=512    agcount=8, agsize=32704 blks
         =                       sectsz=4096  attr=2, projid32bit=1
         =                       crc=1        finobt=1, sparse=0
data     =                       bsize=4096   blocks=261632, imaxpct=25
         =                       sunit=64     swidth=64 blks
naming   =version 2              bsize=8192   ascii-ci=0 ftype=1
log      =internal log           bsize=4096   blocks=576, version=2
         =                       sectsz=4096  sunit=1 blks, lazy-count=1
realtime =none                   extsz=4096   blocks=0, rtextents=0
[sshexec] DEBUG 2017/04/27 02:17:14 /src/github.com/heketi/heketi/pkg/utils/ssh/ssh.go:176: Host: 192.168.48.12:22 Command: /bin/bash -c 'echo "/dev/mapper/vg_403cca7edce115dc1c641acc2f5f11fb-brick_e0c35d36dbba38320423df936ec22947 /var/lib/heketi/mounts/vg_403cca7edce115dc1c641acc2f5f11fb/brick_e0c35d36dbba38320423df936ec22947 xfs rw,inode64,noatime,nouuid 1 2" | tee -a /etc/fstab > /dev/null '
Result: 
[sshexec] DEBUG 2017/04/27 02:17:14 /src/github.com/heketi/heketi/pkg/utils/ssh/ssh.go:176: Host: 192.168.48.14:22 Command: /bin/bash -c 'mkfs.xfs -i size=512 -n size=8192 /dev/mapper/vg_d72d3bd802d4e511a80ce2f16181289d-brick_81b242ef4cc2b14d346cc0e459cfc13b'
Result: meta-data=/dev/mapper/vg_d72d3bd802d4e511a80ce2f16181289d-brick_81b242ef4cc2b14d346cc0e459cfc13b isize=512    agcount=8, agsize=32704 blks
         =                       sectsz=512   attr=2, projid32bit=1
         =                       crc=1        finobt=1, sparse=0
data     =                       bsize=4096   blocks=261632, imaxpct=25
         =                       sunit=64     swidth=64 blks
naming   =version 2              bsize=8192   ascii-ci=0 ftype=1
log      =internal log           bsize=4096   blocks=1728, version=2
         =                       sectsz=512   sunit=64 blks, lazy-count=1
realtime =none                   extsz=4096   blocks=0, rtextents=0
[sshexec] DEBUG 2017/04/27 02:17:14 /src/github.com/heketi/heketi/pkg/utils/ssh/ssh.go:176: Host: 192.168.48.14:22 Command: /bin/bash -c 'echo "/dev/mapper/vg_d72d3bd802d4e511a80ce2f16181289d-brick_81b242ef4cc2b14d346cc0e459cfc13b /var/lib/heketi/mounts/vg_d72d3bd802d4e511a80ce2f16181289d/brick_81b242ef4cc2b14d346cc0e459cfc13b xfs rw,inode64,noatime,nouuid 1 2" | tee -a /etc/fstab > /dev/null '
Result: 
[negroni] Started GET /queue/20d09a530b2dbd19507d82e11c892708
[negroni] Completed 200 OK in 60.306µs
[sshexec] DEBUG 2017/04/27 02:17:14 /src/github.com/heketi/heketi/pkg/utils/ssh/ssh.go:176: Host: 192.168.48.17:22 Command: /bin/bash -c 'mkfs.xfs -i size=512 -n size=8192 /dev/mapper/vg_6c7ff8b53124baa86b5b789cd93274e1-brick_5965b64245c276e23252e6fb1fc6595e'
Result: meta-data=/dev/mapper/vg_6c7ff8b53124baa86b5b789cd93274e1-brick_5965b64245c276e23252e6fb1fc6595e isize=512    agcount=8, agsize=32704 blks
         =                       sectsz=512   attr=2, projid32bit=1
         =                       crc=1        finobt=1, sparse=0
data     =                       bsize=4096   blocks=261632, imaxpct=25
         =                       sunit=64     swidth=64 blks
naming   =version 2              bsize=8192   ascii-ci=0 ftype=1
log      =internal log           bsize=4096   blocks=1728, version=2
         =                       sectsz=512   sunit=64 blks, lazy-count=1
realtime =none                   extsz=4096   blocks=0, rtextents=0
[sshexec] DEBUG 2017/04/27 02:17:14 /src/github.com/heketi/heketi/pkg/utils/ssh/ssh.go:176: Host: 192.168.48.17:22 Command: /bin/bash -c 'echo "/dev/mapper/vg_6c7ff8b53124baa86b5b789cd93274e1-brick_5965b64245c276e23252e6fb1fc6595e /var/lib/heketi/mounts/vg_6c7ff8b53124baa86b5b789cd93274e1/brick_5965b64245c276e23252e6fb1fc6595e xfs rw,inode64,noatime,nouuid 1 2" | tee -a /etc/fstab > /dev/null '
Result: 
[sshexec] DEBUG 2017/04/27 02:17:14 /src/github.com/heketi/heketi/pkg/utils/ssh/ssh.go:176: Host: 192.168.48.12:22 Command: /bin/bash -c 'mount -o rw,inode64,noatime,nouuid /dev/mapper/vg_403cca7edce115dc1c641acc2f5f11fb-brick_e0c35d36dbba38320423df936ec22947 /var/lib/heketi/mounts/vg_403cca7edce115dc1c641acc2f5f11fb/brick_e0c35d36dbba38320423df936ec22947'
Result: 
[sshexec] DEBUG 2017/04/27 02:17:14 /src/github.com/heketi/heketi/pkg/utils/ssh/ssh.go:176: Host: 192.168.48.12:22 Command: /bin/bash -c 'mkdir /var/lib/heketi/mounts/vg_403cca7edce115dc1c641acc2f5f11fb/brick_e0c35d36dbba38320423df936ec22947/brick'
Result: 
[sshexec] DEBUG 2017/04/27 02:17:14 /src/github.com/heketi/heketi/pkg/utils/ssh/ssh.go:176: Host: 192.168.48.12:22 Command: /bin/bash -c 'chown :2000 /var/lib/heketi/mounts/vg_403cca7edce115dc1c641acc2f5f11fb/brick_e0c35d36dbba38320423df936ec22947/brick'
Result: 
[sshexec] DEBUG 2017/04/27 02:17:14 /src/github.com/heketi/heketi/pkg/utils/ssh/ssh.go:176: Host: 192.168.48.12:22 Command: /bin/bash -c 'chmod 2775 /var/lib/heketi/mounts/vg_403cca7edce115dc1c641acc2f5f11fb/brick_e0c35d36dbba38320423df936ec22947/brick'
Result: 
[sshexec] DEBUG 2017/04/27 02:17:15 /src/github.com/heketi/heketi/pkg/utils/ssh/ssh.go:176: Host: 192.168.48.14:22 Command: /bin/bash -c 'mount -o rw,inode64,noatime,nouuid /dev/mapper/vg_d72d3bd802d4e511a80ce2f16181289d-brick_81b242ef4cc2b14d346cc0e459cfc13b /var/lib/heketi/mounts/vg_d72d3bd802d4e511a80ce2f16181289d/brick_81b242ef4cc2b14d346cc0e459cfc13b'
Result: 
[sshexec] DEBUG 2017/04/27 02:17:15 /src/github.com/heketi/heketi/pkg/utils/ssh/ssh.go:176: Host: 192.168.48.14:22 Command: /bin/bash -c 'mkdir /var/lib/heketi/mounts/vg_d72d3bd802d4e511a80ce2f16181289d/brick_81b242ef4cc2b14d346cc0e459cfc13b/brick'
Result: 
[sshexec] DEBUG 2017/04/27 02:17:15 /src/github.com/heketi/heketi/pkg/utils/ssh/ssh.go:176: Host: 192.168.48.14:22 Command: /bin/bash -c 'chown :2000 /var/lib/heketi/mounts/vg_d72d3bd802d4e511a80ce2f16181289d/brick_81b242ef4cc2b14d346cc0e459cfc13b/brick'
Result: 
[sshexec] DEBUG 2017/04/27 02:17:15 /src/github.com/heketi/heketi/pkg/utils/ssh/ssh.go:176: Host: 192.168.48.14:22 Command: /bin/bash -c 'chmod 2775 /var/lib/heketi/mounts/vg_d72d3bd802d4e511a80ce2f16181289d/brick_81b242ef4cc2b14d346cc0e459cfc13b/brick'
Result: 
[sshexec] DEBUG 2017/04/27 02:17:15 /src/github.com/heketi/heketi/pkg/utils/ssh/ssh.go:176: Host: 192.168.48.17:22 Command: /bin/bash -c 'mount -o rw,inode64,noatime,nouuid /dev/mapper/vg_6c7ff8b53124baa86b5b789cd93274e1-brick_5965b64245c276e23252e6fb1fc6595e /var/lib/heketi/mounts/vg_6c7ff8b53124baa86b5b789cd93274e1/brick_5965b64245c276e23252e6fb1fc6595e'
Result: 
[sshexec] DEBUG 2017/04/27 02:17:15 /src/github.com/heketi/heketi/pkg/utils/ssh/ssh.go:176: Host: 192.168.48.17:22 Command: /bin/bash -c 'mkdir /var/lib/heketi/mounts/vg_6c7ff8b53124baa86b5b789cd93274e1/brick_5965b64245c276e23252e6fb1fc6595e/brick'
Result: 
[sshexec] DEBUG 2017/04/27 02:17:15 /src/github.com/heketi/heketi/pkg/utils/ssh/ssh.go:176: Host: 192.168.48.17:22 Command: /bin/bash -c 'chown :2000 /var/lib/heketi/mounts/vg_6c7ff8b53124baa86b5b789cd93274e1/brick_5965b64245c276e23252e6fb1fc6595e/brick'
Result: 
[sshexec] DEBUG 2017/04/27 02:17:15 /src/github.com/heketi/heketi/pkg/utils/ssh/ssh.go:176: Host: 192.168.48.17:22 Command: /bin/bash -c 'chmod 2775 /var/lib/heketi/mounts/vg_6c7ff8b53124baa86b5b789cd93274e1/brick_5965b64245c276e23252e6fb1fc6595e/brick'
Result: 
[sshexec] INFO 2017/04/27 02:17:15 Creating volume vol_5834500bff3a2ed597bb22dcef7b03aa replica 3
[sshexec] ERROR 2017/04/27 02:17:15 /src/github.com/heketi/heketi/pkg/utils/ssh/ssh.go:173: Failed to run command [/bin/bash -c 'gluster --mode=script volume create vol_5834500bff3a2ed597bb22dcef7b03aa replica 3 192.168.48.14:/var/lib/heketi/mounts/vg_d72d3bd802d4e511a80ce2f16181289d/brick_81b242ef4cc2b14d346cc0e459cfc13b/brick 192.168.48.12:/var/lib/heketi/mounts/vg_403cca7edce115dc1c641acc2f5f11fb/brick_e0c35d36dbba38320423df936ec22947/brick 192.168.48.17:/var/lib/heketi/mounts/vg_6c7ff8b53124baa86b5b789cd93274e1/brick_5965b64245c276e23252e6fb1fc6595e/brick '] on 192.168.48.14:22: Err[Process exited with: 1. Reason was:  ()]: Stdout []: Stderr [volume create: vol_5834500bff3a2ed597bb22dcef7b03aa: failed: Staging failed on 192.168.48.17. Error: Host 192.168.48.14 is not in 'Peer in Cluster' state
Staging failed on 192.168.48.12. Error: Host 192.168.48.14 is not in 'Peer in Cluster' state
]
[sshexec] ERROR 2017/04/27 02:17:15 /src/github.com/heketi/heketi/pkg/utils/ssh/ssh.go:173: Failed to run command [/bin/bash -c 'gluster --mode=script volume stop vol_5834500bff3a2ed597bb22dcef7b03aa force'] on 192.168.48.14:22: Err[Process exited with: 1. Reason was:  ()]: Stdout []: Stderr [volume stop: vol_5834500bff3a2ed597bb22dcef7b03aa: failed: Volume vol_5834500bff3a2ed597bb22dcef7b03aa does not exist
]
[sshexec] ERROR 2017/04/27 02:17:15 /src/github.com/heketi/heketi/executors/sshexec/volume.go:130: Unable to stop volume vol_5834500bff3a2ed597bb22dcef7b03aa: volume stop: vol_5834500bff3a2ed597bb22dcef7b03aa: failed: Volume vol_5834500bff3a2ed597bb22dcef7b03aa does not exist
[negroni] Started GET /queue/20d09a530b2dbd19507d82e11c892708
[negroni] Completed 200 OK in 76.52µs
[heketi] INFO 2017/04/27 02:17:16 Deleting brick 81b242ef4cc2b14d346cc0e459cfc13b
[heketi] INFO 2017/04/27 02:17:16 Deleting brick e0c35d36dbba38320423df936ec22947
[sshexec] ERROR 2017/04/27 02:17:16 /src/github.com/heketi/heketi/pkg/utils/ssh/ssh.go:173: Failed to run command [/bin/bash -c 'gluster --mode=script volume delete vol_5834500bff3a2ed597bb22dcef7b03aa'] on 192.168.48.14:22: Err[Process exited with: 1. Reason was:  ()]: Stdout []: Stderr [volume delete: vol_5834500bff3a2ed597bb22dcef7b03aa: failed: Volume vol_5834500bff3a2ed597bb22dcef7b03aa does not exist
]
[sshexec] ERROR 2017/04/27 02:17:16 /src/github.com/heketi/heketi/executors/sshexec/volume.go:139: Unable to delete volume vol_5834500bff3a2ed597bb22dcef7b03aa: volume delete: vol_5834500bff3a2ed597bb22dcef7b03aa: failed: Volume vol_5834500bff3a2ed597bb22dcef7b03aa does not exist
[heketi] INFO 2017/04/27 02:17:16 Deleting brick 5965b64245c276e23252e6fb1fc6595e
[sshexec] DEBUG 2017/04/27 02:17:16 /src/github.com/heketi/heketi/pkg/utils/ssh/ssh.go:176: Host: 192.168.48.14:22 Command: /bin/bash -c 'umount /var/lib/heketi/mounts/vg_d72d3bd802d4e511a80ce2f16181289d/brick_81b242ef4cc2b14d346cc0e459cfc13b'
Result: 
[sshexec] DEBUG 2017/04/27 02:17:16 /src/github.com/heketi/heketi/pkg/utils/ssh/ssh.go:176: Host: 192.168.48.12:22 Command: /bin/bash -c 'umount /var/lib/heketi/mounts/vg_403cca7edce115dc1c641acc2f5f11fb/brick_e0c35d36dbba38320423df936ec22947'
Result: 
[sshexec] DEBUG 2017/04/27 02:17:16 /src/github.com/heketi/heketi/pkg/utils/ssh/ssh.go:176: Host: 192.168.48.17:22 Command: /bin/bash -c 'umount /var/lib/heketi/mounts/vg_6c7ff8b53124baa86b5b789cd93274e1/brick_5965b64245c276e23252e6fb1fc6595e'
Result: 
[negroni] Started GET /queue/20d09a530b2dbd19507d82e11c892708
[negroni] Completed 200 OK in 70.869µs
[sshexec] DEBUG 2017/04/27 02:17:16 /src/github.com/heketi/heketi/pkg/utils/ssh/ssh.go:176: Host: 192.168.48.14:22 Command: /bin/bash -c 'lvremove -f vg_d72d3bd802d4e511a80ce2f16181289d/tp_81b242ef4cc2b14d346cc0e459cfc13b'
Result:   Logical volume "brick_81b242ef4cc2b14d346cc0e459cfc13b" successfully removed
  Logical volume "tp_81b242ef4cc2b14d346cc0e459cfc13b" successfully removed
[sshexec] DEBUG 2017/04/27 02:17:17 /src/github.com/heketi/heketi/pkg/utils/ssh/ssh.go:176: Host: 192.168.48.17:22 Command: /bin/bash -c 'lvremove -f vg_6c7ff8b53124baa86b5b789cd93274e1/tp_5965b64245c276e23252e6fb1fc6595e'
Result:   Logical volume "brick_5965b64245c276e23252e6fb1fc6595e" successfully removed
  Logical volume "tp_5965b64245c276e23252e6fb1fc6595e" successfully removed
[sshexec] DEBUG 2017/04/27 02:17:17 /src/github.com/heketi/heketi/pkg/utils/ssh/ssh.go:176: Host: 192.168.48.12:22 Command: /bin/bash -c 'lvremove -f vg_403cca7edce115dc1c641acc2f5f11fb/tp_e0c35d36dbba38320423df936ec22947'
Result:   Logical volume "brick_e0c35d36dbba38320423df936ec22947" successfully removed
  Logical volume "tp_e0c35d36dbba38320423df936ec22947" successfully removed
[sshexec] DEBUG 2017/04/27 02:17:17 /src/github.com/heketi/heketi/pkg/utils/ssh/ssh.go:176: Host: 192.168.48.14:22 Command: /bin/bash -c 'rmdir /var/lib/heketi/mounts/vg_d72d3bd802d4e511a80ce2f16181289d/brick_81b242ef4cc2b14d346cc0e459cfc13b'
Result: 
[sshexec] DEBUG 2017/04/27 02:17:17 /src/github.com/heketi/heketi/pkg/utils/ssh/ssh.go:176: Host: 192.168.48.12:22 Command: /bin/bash -c 'rmdir /var/lib/heketi/mounts/vg_403cca7edce115dc1c641acc2f5f11fb/brick_e0c35d36dbba38320423df936ec22947'
Result: 
[sshexec] DEBUG 2017/04/27 02:17:17 /src/github.com/heketi/heketi/pkg/utils/ssh/ssh.go:176: Host: 192.168.48.17:22 Command: /bin/bash -c 'rmdir /var/lib/heketi/mounts/vg_6c7ff8b53124baa86b5b789cd93274e1/brick_5965b64245c276e23252e6fb1fc6595e'
Result: 
[sshexec] DEBUG 2017/04/27 02:17:17 /src/github.com/heketi/heketi/pkg/utils/ssh/ssh.go:176: Host: 192.168.48.14:22 Command: /bin/bash -c 'sed -i.save "/brick_81b242ef4cc2b14d346cc0e459cfc13b/d" /etc/fstab'
Result: 
[sshexec] DEBUG 2017/04/27 02:17:17 /src/github.com/heketi/heketi/pkg/utils/ssh/ssh.go:176: Host: 192.168.48.12:22 Command: /bin/bash -c 'sed -i.save "/brick_e0c35d36dbba38320423df936ec22947/d" /etc/fstab'
Result: 
[sshexec] DEBUG 2017/04/27 02:17:17 /src/github.com/heketi/heketi/pkg/utils/ssh/ssh.go:176: Host: 192.168.48.17:22 Command: /bin/bash -c 'sed -i.save "/brick_5965b64245c276e23252e6fb1fc6595e/d" /etc/fstab'
Result: 
[asynchttp] INFO 2017/04/27 02:17:17 Completed job 20d09a530b2dbd19507d82e11c892708 in 3.808930165s
[heketi] ERROR 2017/04/27 02:17:17 /src/github.com/heketi/heketi/apps/glusterfs/app_volume.go:148: Failed to create volume: volume create: vol_5834500bff3a2ed597bb22dcef7b03aa: failed: Staging failed on 192.168.48.17. Error: Host 192.168.48.14 is not in 'Peer in Cluster' state
Staging failed on 192.168.48.12. Error: Host 192.168.48.14 is not in 'Peer in Cluster' state
[negroni] Started GET /queue/20d09a530b2dbd19507d82e11c892708
[negroni] Completed 500 Internal Server Error in 223.336µs
[negroni] Started POST /volumes
[negroni] Completed 202 Accepted in 18.289158ms
[asynchttp] INFO 2017/04/27 02:17:28 Started job fb9c6889c53baee02871d05ba6b2b60e
[heketi] INFO 2017/04/27 02:17:28 Creating volume 522215391fa4eb6514e4376392b9d99e
[heketi] INFO 2017/04/27 02:17:28 brick_num: 0
[negroni] Started GET /queue/fb9c6889c53baee02871d05ba6b2b60e
[negroni] Completed 200 OK in 46.543µs
[heketi] INFO 2017/04/27 02:17:28 Creating brick b98ce09c2f900ef993defe1354e1f558
[heketi] INFO 2017/04/27 02:17:28 Creating brick 39f3c7bd4db6cdc531f27c7dc439ee38
[heketi] INFO 2017/04/27 02:17:28 Creating brick d3138f141e9e492078d37dd132d5f3a7
[sshexec] DEBUG 2017/04/27 02:17:29 /src/github.com/heketi/heketi/pkg/utils/ssh/ssh.go:176: Host: 192.168.48.12:22 Command: /bin/bash -c 'mkdir -p /var/lib/heketi/mounts/vg_403cca7edce115dc1c641acc2f5f11fb/brick_d3138f141e9e492078d37dd132d5f3a7'
Result: 
[sshexec] DEBUG 2017/04/27 02:17:29 /src/github.com/heketi/heketi/pkg/utils/ssh/ssh.go:176: Host: 192.168.48.14:22 Command: /bin/bash -c 'mkdir -p /var/lib/heketi/mounts/vg_d72d3bd802d4e511a80ce2f16181289d/brick_b98ce09c2f900ef993defe1354e1f558'
Result: 
[sshexec] DEBUG 2017/04/27 02:17:29 /src/github.com/heketi/heketi/pkg/utils/ssh/ssh.go:176: Host: 192.168.48.17:22 Command: /bin/bash -c 'mkdir -p /var/lib/heketi/mounts/vg_6c7ff8b53124baa86b5b789cd93274e1/brick_39f3c7bd4db6cdc531f27c7dc439ee38'
Result: 
[sshexec] DEBUG 2017/04/27 02:17:29 /src/github.com/heketi/heketi/pkg/utils/ssh/ssh.go:176: Host: 192.168.48.14:22 Command: /bin/bash -c 'lvcreate --poolmetadatasize 8192K -c 256K -L 1048576K -T vg_d72d3bd802d4e511a80ce2f16181289d/tp_b98ce09c2f900ef993defe1354e1f558 -V 1048576K -n brick_b98ce09c2f900ef993defe1354e1f558'
Result:   Logical volume "brick_b98ce09c2f900ef993defe1354e1f558" created.
[sshexec] DEBUG 2017/04/27 02:17:29 /src/github.com/heketi/heketi/pkg/utils/ssh/ssh.go:176: Host: 192.168.48.12:22 Command: /bin/bash -c 'lvcreate --poolmetadatasize 8192K -c 256K -L 1048576K -T vg_403cca7edce115dc1c641acc2f5f11fb/tp_d3138f141e9e492078d37dd132d5f3a7 -V 1048576K -n brick_d3138f141e9e492078d37dd132d5f3a7'
Result:   Logical volume "brick_d3138f141e9e492078d37dd132d5f3a7" created.
[sshexec] DEBUG 2017/04/27 02:17:29 /src/github.com/heketi/heketi/pkg/utils/ssh/ssh.go:176: Host: 192.168.48.17:22 Command: /bin/bash -c 'lvcreate --poolmetadatasize 8192K -c 256K -L 1048576K -T vg_6c7ff8b53124baa86b5b789cd93274e1/tp_39f3c7bd4db6cdc531f27c7dc439ee38 -V 1048576K -n brick_39f3c7bd4db6cdc531f27c7dc439ee38'
Result:   Logical volume "brick_39f3c7bd4db6cdc531f27c7dc439ee38" created.
[sshexec] DEBUG 2017/04/27 02:17:29 /src/github.com/heketi/heketi/pkg/utils/ssh/ssh.go:176: Host: 192.168.48.12:22 Command: /bin/bash -c 'mkfs.xfs -i size=512 -n size=8192 /dev/mapper/vg_403cca7edce115dc1c641acc2f5f11fb-brick_d3138f141e9e492078d37dd132d5f3a7'
Result: meta-data=/dev/mapper/vg_403cca7edce115dc1c641acc2f5f11fb-brick_d3138f141e9e492078d37dd132d5f3a7 isize=512    agcount=8, agsize=32704 blks
         =                       sectsz=4096  attr=2, projid32bit=1
         =                       crc=1        finobt=1, sparse=0
data     =                       bsize=4096   blocks=261632, imaxpct=25
         =                       sunit=64     swidth=64 blks
naming   =version 2              bsize=8192   ascii-ci=0 ftype=1
log      =internal log           bsize=4096   blocks=576, version=2
         =                       sectsz=4096  sunit=1 blks, lazy-count=1
realtime =none                   extsz=4096   blocks=0, rtextents=0
[sshexec] DEBUG 2017/04/27 02:17:29 /src/github.com/heketi/heketi/pkg/utils/ssh/ssh.go:176: Host: 192.168.48.14:22 Command: /bin/bash -c 'mkfs.xfs -i size=512 -n size=8192 /dev/mapper/vg_d72d3bd802d4e511a80ce2f16181289d-brick_b98ce09c2f900ef993defe1354e1f558'
Result: meta-data=/dev/mapper/vg_d72d3bd802d4e511a80ce2f16181289d-brick_b98ce09c2f900ef993defe1354e1f558 isize=512    agcount=8, agsize=32704 blks
         =                       sectsz=512   attr=2, projid32bit=1
         =                       crc=1        finobt=1, sparse=0
data     =                       bsize=4096   blocks=261632, imaxpct=25
         =                       sunit=64     swidth=64 blks
naming   =version 2              bsize=8192   ascii-ci=0 ftype=1
log      =internal log           bsize=4096   blocks=1728, version=2
         =                       sectsz=512   sunit=64 blks, lazy-count=1
realtime =none                   extsz=4096   blocks=0, rtextents=0
[sshexec] DEBUG 2017/04/27 02:17:29 /src/github.com/heketi/heketi/pkg/utils/ssh/ssh.go:176: Host: 192.168.48.14:22 Command: /bin/bash -c 'echo "/dev/mapper/vg_d72d3bd802d4e511a80ce2f16181289d-brick_b98ce09c2f900ef993defe1354e1f558 /var/lib/heketi/mounts/vg_d72d3bd802d4e511a80ce2f16181289d/brick_b98ce09c2f900ef993defe1354e1f558 xfs rw,inode64,noatime,nouuid 1 2" | tee -a /etc/fstab > /dev/null '
Result: 
[sshexec] DEBUG 2017/04/27 02:17:29 /src/github.com/heketi/heketi/pkg/utils/ssh/ssh.go:176: Host: 192.168.48.12:22 Command: /bin/bash -c 'echo "/dev/mapper/vg_403cca7edce115dc1c641acc2f5f11fb-brick_d3138f141e9e492078d37dd132d5f3a7 /var/lib/heketi/mounts/vg_403cca7edce115dc1c641acc2f5f11fb/brick_d3138f141e9e492078d37dd132d5f3a7 xfs rw,inode64,noatime,nouuid 1 2" | tee -a /etc/fstab > /dev/null '
Result: 
[negroni] Started GET /queue/fb9c6889c53baee02871d05ba6b2b60e
[negroni] Completed 200 OK in 88.508µs
[sshexec] DEBUG 2017/04/27 02:17:29 /src/github.com/heketi/heketi/pkg/utils/ssh/ssh.go:176: Host: 192.168.48.17:22 Command: /bin/bash -c 'mkfs.xfs -i size=512 -n size=8192 /dev/mapper/vg_6c7ff8b53124baa86b5b789cd93274e1-brick_39f3c7bd4db6cdc531f27c7dc439ee38'
Result: meta-data=/dev/mapper/vg_6c7ff8b53124baa86b5b789cd93274e1-brick_39f3c7bd4db6cdc531f27c7dc439ee38 isize=512    agcount=8, agsize=32704 blks
         =                       sectsz=512   attr=2, projid32bit=1
         =                       crc=1        finobt=1, sparse=0
data     =                       bsize=4096   blocks=261632, imaxpct=25
         =                       sunit=64     swidth=64 blks
naming   =version 2              bsize=8192   ascii-ci=0 ftype=1
log      =internal log           bsize=4096   blocks=1728, version=2
         =                       sectsz=512   sunit=64 blks, lazy-count=1
realtime =none                   extsz=4096   blocks=0, rtextents=0
[sshexec] DEBUG 2017/04/27 02:17:29 /src/github.com/heketi/heketi/pkg/utils/ssh/ssh.go:176: Host: 192.168.48.17:22 Command: /bin/bash -c 'echo "/dev/mapper/vg_6c7ff8b53124baa86b5b789cd93274e1-brick_39f3c7bd4db6cdc531f27c7dc439ee38 /var/lib/heketi/mounts/vg_6c7ff8b53124baa86b5b789cd93274e1/brick_39f3c7bd4db6cdc531f27c7dc439ee38 xfs rw,inode64,noatime,nouuid 1 2" | tee -a /etc/fstab > /dev/null '
Result: 
[sshexec] DEBUG 2017/04/27 02:17:29 /src/github.com/heketi/heketi/pkg/utils/ssh/ssh.go:176: Host: 192.168.48.12:22 Command: /bin/bash -c 'mount -o rw,inode64,noatime,nouuid /dev/mapper/vg_403cca7edce115dc1c641acc2f5f11fb-brick_d3138f141e9e492078d37dd132d5f3a7 /var/lib/heketi/mounts/vg_403cca7edce115dc1c641acc2f5f11fb/brick_d3138f141e9e492078d37dd132d5f3a7'
Result: 
[sshexec] DEBUG 2017/04/27 02:17:29 /src/github.com/heketi/heketi/pkg/utils/ssh/ssh.go:176: Host: 192.168.48.12:22 Command: /bin/bash -c 'mkdir /var/lib/heketi/mounts/vg_403cca7edce115dc1c641acc2f5f11fb/brick_d3138f141e9e492078d37dd132d5f3a7/brick'
Result: 
[sshexec] DEBUG 2017/04/27 02:17:29 /src/github.com/heketi/heketi/pkg/utils/ssh/ssh.go:176: Host: 192.168.48.12:22 Command: /bin/bash -c 'chown :2000 /var/lib/heketi/mounts/vg_403cca7edce115dc1c641acc2f5f11fb/brick_d3138f141e9e492078d37dd132d5f3a7/brick'
Result: 
[sshexec] DEBUG 2017/04/27 02:17:29 /src/github.com/heketi/heketi/pkg/utils/ssh/ssh.go:176: Host: 192.168.48.12:22 Command: /bin/bash -c 'chmod 2775 /var/lib/heketi/mounts/vg_403cca7edce115dc1c641acc2f5f11fb/brick_d3138f141e9e492078d37dd132d5f3a7/brick'
Result: 
[sshexec] DEBUG 2017/04/27 02:17:30 /src/github.com/heketi/heketi/pkg/utils/ssh/ssh.go:176: Host: 192.168.48.14:22 Command: /bin/bash -c 'mount -o rw,inode64,noatime,nouuid /dev/mapper/vg_d72d3bd802d4e511a80ce2f16181289d-brick_b98ce09c2f900ef993defe1354e1f558 /var/lib/heketi/mounts/vg_d72d3bd802d4e511a80ce2f16181289d/brick_b98ce09c2f900ef993defe1354e1f558'
Result: 
[sshexec] DEBUG 2017/04/27 02:17:30 /src/github.com/heketi/heketi/pkg/utils/ssh/ssh.go:176: Host: 192.168.48.14:22 Command: /bin/bash -c 'mkdir /var/lib/heketi/mounts/vg_d72d3bd802d4e511a80ce2f16181289d/brick_b98ce09c2f900ef993defe1354e1f558/brick'
Result: 
[sshexec] DEBUG 2017/04/27 02:17:30 /src/github.com/heketi/heketi/pkg/utils/ssh/ssh.go:176: Host: 192.168.48.14:22 Command: /bin/bash -c 'chown :2000 /var/lib/heketi/mounts/vg_d72d3bd802d4e511a80ce2f16181289d/brick_b98ce09c2f900ef993defe1354e1f558/brick'
Result: 
[sshexec] DEBUG 2017/04/27 02:17:30 /src/github.com/heketi/heketi/pkg/utils/ssh/ssh.go:176: Host: 192.168.48.14:22 Command: /bin/bash -c 'chmod 2775 /var/lib/heketi/mounts/vg_d72d3bd802d4e511a80ce2f16181289d/brick_b98ce09c2f900ef993defe1354e1f558/brick'
Result: 
[sshexec] DEBUG 2017/04/27 02:17:30 /src/github.com/heketi/heketi/pkg/utils/ssh/ssh.go:176: Host: 192.168.48.17:22 Command: /bin/bash -c 'mount -o rw,inode64,noatime,nouuid /dev/mapper/vg_6c7ff8b53124baa86b5b789cd93274e1-brick_39f3c7bd4db6cdc531f27c7dc439ee38 /var/lib/heketi/mounts/vg_6c7ff8b53124baa86b5b789cd93274e1/brick_39f3c7bd4db6cdc531f27c7dc439ee38'
Result: 
[sshexec] DEBUG 2017/04/27 02:17:30 /src/github.com/heketi/heketi/pkg/utils/ssh/ssh.go:176: Host: 192.168.48.17:22 Command: /bin/bash -c 'mkdir /var/lib/heketi/mounts/vg_6c7ff8b53124baa86b5b789cd93274e1/brick_39f3c7bd4db6cdc531f27c7dc439ee38/brick'
Result: 
[sshexec] DEBUG 2017/04/27 02:17:30 /src/github.com/heketi/heketi/pkg/utils/ssh/ssh.go:176: Host: 192.168.48.17:22 Command: /bin/bash -c 'chown :2000 /var/lib/heketi/mounts/vg_6c7ff8b53124baa86b5b789cd93274e1/brick_39f3c7bd4db6cdc531f27c7dc439ee38/brick'
Result: 
[sshexec] DEBUG 2017/04/27 02:17:30 /src/github.com/heketi/heketi/pkg/utils/ssh/ssh.go:176: Host: 192.168.48.17:22 Command: /bin/bash -c 'chmod 2775 /var/lib/heketi/mounts/vg_6c7ff8b53124baa86b5b789cd93274e1/brick_39f3c7bd4db6cdc531f27c7dc439ee38/brick'
Result: 
[sshexec] INFO 2017/04/27 02:17:30 Creating volume vol_522215391fa4eb6514e4376392b9d99e replica 3
[sshexec] ERROR 2017/04/27 02:17:30 /src/github.com/heketi/heketi/pkg/utils/ssh/ssh.go:173: Failed to run command [/bin/bash -c 'gluster --mode=script volume create vol_522215391fa4eb6514e4376392b9d99e replica 3 192.168.48.14:/var/lib/heketi/mounts/vg_d72d3bd802d4e511a80ce2f16181289d/brick_b98ce09c2f900ef993defe1354e1f558/brick 192.168.48.12:/var/lib/heketi/mounts/vg_403cca7edce115dc1c641acc2f5f11fb/brick_d3138f141e9e492078d37dd132d5f3a7/brick 192.168.48.17:/var/lib/heketi/mounts/vg_6c7ff8b53124baa86b5b789cd93274e1/brick_39f3c7bd4db6cdc531f27c7dc439ee38/brick '] on 192.168.48.14:22: Err[Process exited with: 1. Reason was:  ()]: Stdout []: Stderr [volume create: vol_522215391fa4eb6514e4376392b9d99e: failed: Staging failed on 192.168.48.17. Error: Host 192.168.48.14 is not in 'Peer in Cluster' state
Staging failed on 192.168.48.12. Error: Host 192.168.48.14 is not in 'Peer in Cluster' state
]
[negroni] Started GET /queue/fb9c6889c53baee02871d05ba6b2b60e
[negroni] Completed 200 OK in 93.022µs
[sshexec] ERROR 2017/04/27 02:17:30 /src/github.com/heketi/heketi/pkg/utils/ssh/ssh.go:173: Failed to run command [/bin/bash -c 'gluster --mode=script volume stop vol_522215391fa4eb6514e4376392b9d99e force'] on 192.168.48.14:22: Err[Process exited with: 1. Reason was:  ()]: Stdout []: Stderr [volume stop: vol_522215391fa4eb6514e4376392b9d99e: failed: Volume vol_522215391fa4eb6514e4376392b9d99e does not exist
]
[sshexec] ERROR 2017/04/27 02:17:30 /src/github.com/heketi/heketi/executors/sshexec/volume.go:130: Unable to stop volume vol_522215391fa4eb6514e4376392b9d99e: volume stop: vol_522215391fa4eb6514e4376392b9d99e: failed: Volume vol_522215391fa4eb6514e4376392b9d99e does not exist
[sshexec] ERROR 2017/04/27 02:17:31 /src/github.com/heketi/heketi/pkg/utils/ssh/ssh.go:173: Failed to run command [/bin/bash -c 'gluster --mode=script volume delete vol_522215391fa4eb6514e4376392b9d99e'] on 192.168.48.14:22: Err[Process exited with: 1. Reason was:  ()]: Stdout []: Stderr [volume delete: vol_522215391fa4eb6514e4376392b9d99e: failed: Volume vol_522215391fa4eb6514e4376392b9d99e does not exist
]
[sshexec] ERROR 2017/04/27 02:17:31 /src/github.com/heketi/heketi/executors/sshexec/volume.go:139: Unable to delete volume vol_522215391fa4eb6514e4376392b9d99e: volume delete: vol_522215391fa4eb6514e4376392b9d99e: failed: Volume vol_522215391fa4eb6514e4376392b9d99e does not exist
[heketi] INFO 2017/04/27 02:17:31 Deleting brick d3138f141e9e492078d37dd132d5f3a7
[heketi] INFO 2017/04/27 02:17:31 Deleting brick b98ce09c2f900ef993defe1354e1f558
[heketi] INFO 2017/04/27 02:17:31 Deleting brick 39f3c7bd4db6cdc531f27c7dc439ee38
[sshexec] DEBUG 2017/04/27 02:17:31 /src/github.com/heketi/heketi/pkg/utils/ssh/ssh.go:176: Host: 192.168.48.14:22 Command: /bin/bash -c 'umount /var/lib/heketi/mounts/vg_d72d3bd802d4e511a80ce2f16181289d/brick_b98ce09c2f900ef993defe1354e1f558'
Result: 
[sshexec] DEBUG 2017/04/27 02:17:31 /src/github.com/heketi/heketi/pkg/utils/ssh/ssh.go:176: Host: 192.168.48.12:22 Command: /bin/bash -c 'umount /var/lib/heketi/mounts/vg_403cca7edce115dc1c641acc2f5f11fb/brick_d3138f141e9e492078d37dd132d5f3a7'
Result: 
[sshexec] DEBUG 2017/04/27 02:17:31 /src/github.com/heketi/heketi/pkg/utils/ssh/ssh.go:176: Host: 192.168.48.17:22 Command: /bin/bash -c 'umount /var/lib/heketi/mounts/vg_6c7ff8b53124baa86b5b789cd93274e1/brick_39f3c7bd4db6cdc531f27c7dc439ee38'
Result: 
[negroni] Started GET /queue/fb9c6889c53baee02871d05ba6b2b60e
[negroni] Completed 200 OK in 134.702µs
[sshexec] DEBUG 2017/04/27 02:17:31 /src/github.com/heketi/heketi/pkg/utils/ssh/ssh.go:176: Host: 192.168.48.14:22 Command: /bin/bash -c 'lvremove -f vg_d72d3bd802d4e511a80ce2f16181289d/tp_b98ce09c2f900ef993defe1354e1f558'
Result:   Logical volume "brick_b98ce09c2f900ef993defe1354e1f558" successfully removed
  Logical volume "tp_b98ce09c2f900ef993defe1354e1f558" successfully removed
[sshexec] DEBUG 2017/04/27 02:17:31 /src/github.com/heketi/heketi/pkg/utils/ssh/ssh.go:176: Host: 192.168.48.17:22 Command: /bin/bash -c 'lvremove -f vg_6c7ff8b53124baa86b5b789cd93274e1/tp_39f3c7bd4db6cdc531f27c7dc439ee38'
Result:   Logical volume "brick_39f3c7bd4db6cdc531f27c7dc439ee38" successfully removed
  Logical volume "tp_39f3c7bd4db6cdc531f27c7dc439ee38" successfully removed
[sshexec] DEBUG 2017/04/27 02:17:31 /src/github.com/heketi/heketi/pkg/utils/ssh/ssh.go:176: Host: 192.168.48.12:22 Command: /bin/bash -c 'lvremove -f vg_403cca7edce115dc1c641acc2f5f11fb/tp_d3138f141e9e492078d37dd132d5f3a7'
Result:   Logical volume "brick_d3138f141e9e492078d37dd132d5f3a7" successfully removed
  Logical volume "tp_d3138f141e9e492078d37dd132d5f3a7" successfully removed
[sshexec] DEBUG 2017/04/27 02:17:32 /src/github.com/heketi/heketi/pkg/utils/ssh/ssh.go:176: Host: 192.168.48.14:22 Command: /bin/bash -c 'rmdir /var/lib/heketi/mounts/vg_d72d3bd802d4e511a80ce2f16181289d/brick_b98ce09c2f900ef993defe1354e1f558'
Result: 
[sshexec] DEBUG 2017/04/27 02:17:32 /src/github.com/heketi/heketi/pkg/utils/ssh/ssh.go:176: Host: 192.168.48.17:22 Command: /bin/bash -c 'rmdir /var/lib/heketi/mounts/vg_6c7ff8b53124baa86b5b789cd93274e1/brick_39f3c7bd4db6cdc531f27c7dc439ee38'
Result: 
[sshexec] DEBUG 2017/04/27 02:17:32 /src/github.com/heketi/heketi/pkg/utils/ssh/ssh.go:176: Host: 192.168.48.12:22 Command: /bin/bash -c 'rmdir /var/lib/heketi/mounts/vg_403cca7edce115dc1c641acc2f5f11fb/brick_d3138f141e9e492078d37dd132d5f3a7'
Result: 
[sshexec] DEBUG 2017/04/27 02:17:32 /src/github.com/heketi/heketi/pkg/utils/ssh/ssh.go:176: Host: 192.168.48.14:22 Command: /bin/bash -c 'sed -i.save "/brick_b98ce09c2f900ef993defe1354e1f558/d" /etc/fstab'
Result: 
[sshexec] DEBUG 2017/04/27 02:17:32 /src/github.com/heketi/heketi/pkg/utils/ssh/ssh.go:176: Host: 192.168.48.17:22 Command: /bin/bash -c 'sed -i.save "/brick_39f3c7bd4db6cdc531f27c7dc439ee38/d" /etc/fstab'
Result: 
[sshexec] DEBUG 2017/04/27 02:17:32 /src/github.com/heketi/heketi/pkg/utils/ssh/ssh.go:176: Host: 192.168.48.12:22 Command: /bin/bash -c 'sed -i.save "/brick_d3138f141e9e492078d37dd132d5f3a7/d" /etc/fstab'
Result: 
[heketi] ERROR 2017/04/27 02:17:32 /src/github.com/heketi/heketi/apps/glusterfs/app_volume.go:148: Failed to create volume: volume create: vol_522215391fa4eb6514e4376392b9d99e: failed: Staging failed on 192.168.48.17. Error: Host 192.168.48.14 is not in 'Peer in Cluster' state
Staging failed on 192.168.48.12. Error: Host 192.168.48.14 is not in 'Peer in Cluster' state
[asynchttp] INFO 2017/04/27 02:17:32 Completed job fb9c6889c53baee02871d05ba6b2b60e in 3.609276353s
[negroni] Started GET /queue/fb9c6889c53baee02871d05ba6b2b60e
[negroni] Completed 500 Internal Server Error in 56.623µs
[negroni] Started POST /volumes
[negroni] Completed 202 Accepted in 15.58276ms
[asynchttp] INFO 2017/04/27 02:17:43 Started job 8ce6343ad8053a235730c843dee5076a
[heketi] INFO 2017/04/27 02:17:43 Creating volume 46953300efe7ff3feab637a10d0eed49
[heketi] INFO 2017/04/27 02:17:43 brick_num: 0
[negroni] Started GET /queue/8ce6343ad8053a235730c843dee5076a
[negroni] Completed 200 OK in 94.762µs
[heketi] INFO 2017/04/27 02:17:43 Creating brick 804d6c974d202411fcd2be03b3a1acf4
[heketi] INFO 2017/04/27 02:17:43 Creating brick 78e470e8251fff09f9794843421ec056
[heketi] INFO 2017/04/27 02:17:43 Creating brick f5bf0896155f431eef2328fb1c11c3a7
[sshexec] DEBUG 2017/04/27 02:17:44 /src/github.com/heketi/heketi/pkg/utils/ssh/ssh.go:176: Host: 192.168.48.12:22 Command: /bin/bash -c 'mkdir -p /var/lib/heketi/mounts/vg_403cca7edce115dc1c641acc2f5f11fb/brick_804d6c974d202411fcd2be03b3a1acf4'
Result: 
[sshexec] DEBUG 2017/04/27 02:17:44 /src/github.com/heketi/heketi/pkg/utils/ssh/ssh.go:176: Host: 192.168.48.14:22 Command: /bin/bash -c 'mkdir -p /var/lib/heketi/mounts/vg_d72d3bd802d4e511a80ce2f16181289d/brick_f5bf0896155f431eef2328fb1c11c3a7'
Result: 
[sshexec] DEBUG 2017/04/27 02:17:44 /src/github.com/heketi/heketi/pkg/utils/ssh/ssh.go:176: Host: 192.168.48.17:22 Command: /bin/bash -c 'mkdir -p /var/lib/heketi/mounts/vg_6c7ff8b53124baa86b5b789cd93274e1/brick_78e470e8251fff09f9794843421ec056'
Result: 
[sshexec] DEBUG 2017/04/27 02:17:44 /src/github.com/heketi/heketi/pkg/utils/ssh/ssh.go:176: Host: 192.168.48.12:22 Command: /bin/bash -c 'lvcreate --poolmetadatasize 8192K -c 256K -L 1048576K -T vg_403cca7edce115dc1c641acc2f5f11fb/tp_804d6c974d202411fcd2be03b3a1acf4 -V 1048576K -n brick_804d6c974d202411fcd2be03b3a1acf4'
Result:   Logical volume "brick_804d6c974d202411fcd2be03b3a1acf4" created.
[sshexec] DEBUG 2017/04/27 02:17:44 /src/github.com/heketi/heketi/pkg/utils/ssh/ssh.go:176: Host: 192.168.48.14:22 Command: /bin/bash -c 'lvcreate --poolmetadatasize 8192K -c 256K -L 1048576K -T vg_d72d3bd802d4e511a80ce2f16181289d/tp_f5bf0896155f431eef2328fb1c11c3a7 -V 1048576K -n brick_f5bf0896155f431eef2328fb1c11c3a7'
Result:   Logical volume "brick_f5bf0896155f431eef2328fb1c11c3a7" created.
[sshexec] DEBUG 2017/04/27 02:17:44 /src/github.com/heketi/heketi/pkg/utils/ssh/ssh.go:176: Host: 192.168.48.17:22 Command: /bin/bash -c 'lvcreate --poolmetadatasize 8192K -c 256K -L 1048576K -T vg_6c7ff8b53124baa86b5b789cd93274e1/tp_78e470e8251fff09f9794843421ec056 -V 1048576K -n brick_78e470e8251fff09f9794843421ec056'
Result:   Logical volume "brick_78e470e8251fff09f9794843421ec056" created.
[sshexec] DEBUG 2017/04/27 02:17:44 /src/github.com/heketi/heketi/pkg/utils/ssh/ssh.go:176: Host: 192.168.48.12:22 Command: /bin/bash -c 'mkfs.xfs -i size=512 -n size=8192 /dev/mapper/vg_403cca7edce115dc1c641acc2f5f11fb-brick_804d6c974d202411fcd2be03b3a1acf4'
Result: meta-data=/dev/mapper/vg_403cca7edce115dc1c641acc2f5f11fb-brick_804d6c974d202411fcd2be03b3a1acf4 isize=512    agcount=8, agsize=32704 blks
         =                       sectsz=4096  attr=2, projid32bit=1
         =                       crc=1        finobt=1, sparse=0
data     =                       bsize=4096   blocks=261632, imaxpct=25
         =                       sunit=64     swidth=64 blks
naming   =version 2              bsize=8192   ascii-ci=0 ftype=1
log      =internal log           bsize=4096   blocks=576, version=2
         =                       sectsz=4096  sunit=1 blks, lazy-count=1
realtime =none                   extsz=4096   blocks=0, rtextents=0
[sshexec] DEBUG 2017/04/27 02:17:44 /src/github.com/heketi/heketi/pkg/utils/ssh/ssh.go:176: Host: 192.168.48.12:22 Command: /bin/bash -c 'echo "/dev/mapper/vg_403cca7edce115dc1c641acc2f5f11fb-brick_804d6c974d202411fcd2be03b3a1acf4 /var/lib/heketi/mounts/vg_403cca7edce115dc1c641acc2f5f11fb/brick_804d6c974d202411fcd2be03b3a1acf4 xfs rw,inode64,noatime,nouuid 1 2" | tee -a /etc/fstab > /dev/null '
Result: 
[negroni] Started GET /queue/8ce6343ad8053a235730c843dee5076a
[negroni] Completed 200 OK in 132.571µs
[sshexec] DEBUG 2017/04/27 02:17:44 /src/github.com/heketi/heketi/pkg/utils/ssh/ssh.go:176: Host: 192.168.48.14:22 Command: /bin/bash -c 'mkfs.xfs -i size=512 -n size=8192 /dev/mapper/vg_d72d3bd802d4e511a80ce2f16181289d-brick_f5bf0896155f431eef2328fb1c11c3a7'
Result: meta-data=/dev/mapper/vg_d72d3bd802d4e511a80ce2f16181289d-brick_f5bf0896155f431eef2328fb1c11c3a7 isize=512    agcount=8, agsize=32704 blks
         =                       sectsz=512   attr=2, projid32bit=1
         =                       crc=1        finobt=1, sparse=0
data     =                       bsize=4096   blocks=261632, imaxpct=25
         =                       sunit=64     swidth=64 blks
naming   =version 2              bsize=8192   ascii-ci=0 ftype=1
log      =internal log           bsize=4096   blocks=1728, version=2
         =                       sectsz=512   sunit=64 blks, lazy-count=1
realtime =none                   extsz=4096   blocks=0, rtextents=0
[sshexec] DEBUG 2017/04/27 02:17:44 /src/github.com/heketi/heketi/pkg/utils/ssh/ssh.go:176: Host: 192.168.48.14:22 Command: /bin/bash -c 'echo "/dev/mapper/vg_d72d3bd802d4e511a80ce2f16181289d-brick_f5bf0896155f431eef2328fb1c11c3a7 /var/lib/heketi/mounts/vg_d72d3bd802d4e511a80ce2f16181289d/brick_f5bf0896155f431eef2328fb1c11c3a7 xfs rw,inode64,noatime,nouuid 1 2" | tee -a /etc/fstab > /dev/null '
Result: 
[sshexec] DEBUG 2017/04/27 02:17:44 /src/github.com/heketi/heketi/pkg/utils/ssh/ssh.go:176: Host: 192.168.48.12:22 Command: /bin/bash -c 'mount -o rw,inode64,noatime,nouuid /dev/mapper/vg_403cca7edce115dc1c641acc2f5f11fb-brick_804d6c974d202411fcd2be03b3a1acf4 /var/lib/heketi/mounts/vg_403cca7edce115dc1c641acc2f5f11fb/brick_804d6c974d202411fcd2be03b3a1acf4'
Result: 
[sshexec] DEBUG 2017/04/27 02:17:44 /src/github.com/heketi/heketi/pkg/utils/ssh/ssh.go:176: Host: 192.168.48.12:22 Command: /bin/bash -c 'mkdir /var/lib/heketi/mounts/vg_403cca7edce115dc1c641acc2f5f11fb/brick_804d6c974d202411fcd2be03b3a1acf4/brick'
Result: 
[sshexec] DEBUG 2017/04/27 02:17:44 /src/github.com/heketi/heketi/pkg/utils/ssh/ssh.go:176: Host: 192.168.48.17:22 Command: /bin/bash -c 'mkfs.xfs -i size=512 -n size=8192 /dev/mapper/vg_6c7ff8b53124baa86b5b789cd93274e1-brick_78e470e8251fff09f9794843421ec056'
Result: meta-data=/dev/mapper/vg_6c7ff8b53124baa86b5b789cd93274e1-brick_78e470e8251fff09f9794843421ec056 isize=512    agcount=8, agsize=32704 blks
         =                       sectsz=512   attr=2, projid32bit=1
         =                       crc=1        finobt=1, sparse=0
data     =                       bsize=4096   blocks=261632, imaxpct=25
         =                       sunit=64     swidth=64 blks
naming   =version 2              bsize=8192   ascii-ci=0 ftype=1
log      =internal log           bsize=4096   blocks=1728, version=2
         =                       sectsz=512   sunit=64 blks, lazy-count=1
realtime =none                   extsz=4096   blocks=0, rtextents=0
[sshexec] DEBUG 2017/04/27 02:17:44 /src/github.com/heketi/heketi/pkg/utils/ssh/ssh.go:176: Host: 192.168.48.12:22 Command: /bin/bash -c 'chown :2000 /var/lib/heketi/mounts/vg_403cca7edce115dc1c641acc2f5f11fb/brick_804d6c974d202411fcd2be03b3a1acf4/brick'
Result: 
[sshexec] DEBUG 2017/04/27 02:17:44 /src/github.com/heketi/heketi/pkg/utils/ssh/ssh.go:176: Host: 192.168.48.17:22 Command: /bin/bash -c 'echo "/dev/mapper/vg_6c7ff8b53124baa86b5b789cd93274e1-brick_78e470e8251fff09f9794843421ec056 /var/lib/heketi/mounts/vg_6c7ff8b53124baa86b5b789cd93274e1/brick_78e470e8251fff09f9794843421ec056 xfs rw,inode64,noatime,nouuid 1 2" | tee -a /etc/fstab > /dev/null '
Result: 
[sshexec] DEBUG 2017/04/27 02:17:44 /src/github.com/heketi/heketi/pkg/utils/ssh/ssh.go:176: Host: 192.168.48.12:22 Command: /bin/bash -c 'chmod 2775 /var/lib/heketi/mounts/vg_403cca7edce115dc1c641acc2f5f11fb/brick_804d6c974d202411fcd2be03b3a1acf4/brick'
Result: 
[sshexec] DEBUG 2017/04/27 02:17:45 /src/github.com/heketi/heketi/pkg/utils/ssh/ssh.go:176: Host: 192.168.48.14:22 Command: /bin/bash -c 'mount -o rw,inode64,noatime,nouuid /dev/mapper/vg_d72d3bd802d4e511a80ce2f16181289d-brick_f5bf0896155f431eef2328fb1c11c3a7 /var/lib/heketi/mounts/vg_d72d3bd802d4e511a80ce2f16181289d/brick_f5bf0896155f431eef2328fb1c11c3a7'
Result: 
[sshexec] DEBUG 2017/04/27 02:17:45 /src/github.com/heketi/heketi/pkg/utils/ssh/ssh.go:176: Host: 192.168.48.14:22 Command: /bin/bash -c 'mkdir /var/lib/heketi/mounts/vg_d72d3bd802d4e511a80ce2f16181289d/brick_f5bf0896155f431eef2328fb1c11c3a7/brick'
Result: 
[sshexec] DEBUG 2017/04/27 02:17:45 /src/github.com/heketi/heketi/pkg/utils/ssh/ssh.go:176: Host: 192.168.48.14:22 Command: /bin/bash -c 'chown :2000 /var/lib/heketi/mounts/vg_d72d3bd802d4e511a80ce2f16181289d/brick_f5bf0896155f431eef2328fb1c11c3a7/brick'
Result: 
[sshexec] DEBUG 2017/04/27 02:17:45 /src/github.com/heketi/heketi/pkg/utils/ssh/ssh.go:176: Host: 192.168.48.14:22 Command: /bin/bash -c 'chmod 2775 /var/lib/heketi/mounts/vg_d72d3bd802d4e511a80ce2f16181289d/brick_f5bf0896155f431eef2328fb1c11c3a7/brick'
Result: 
[sshexec] DEBUG 2017/04/27 02:17:45 /src/github.com/heketi/heketi/pkg/utils/ssh/ssh.go:176: Host: 192.168.48.17:22 Command: /bin/bash -c 'mount -o rw,inode64,noatime,nouuid /dev/mapper/vg_6c7ff8b53124baa86b5b789cd93274e1-brick_78e470e8251fff09f9794843421ec056 /var/lib/heketi/mounts/vg_6c7ff8b53124baa86b5b789cd93274e1/brick_78e470e8251fff09f9794843421ec056'
Result: 
[sshexec] DEBUG 2017/04/27 02:17:45 /src/github.com/heketi/heketi/pkg/utils/ssh/ssh.go:176: Host: 192.168.48.17:22 Command: /bin/bash -c 'mkdir /var/lib/heketi/mounts/vg_6c7ff8b53124baa86b5b789cd93274e1/brick_78e470e8251fff09f9794843421ec056/brick'
Result: 
[sshexec] DEBUG 2017/04/27 02:17:45 /src/github.com/heketi/heketi/pkg/utils/ssh/ssh.go:176: Host: 192.168.48.17:22 Command: /bin/bash -c 'chown :2000 /var/lib/heketi/mounts/vg_6c7ff8b53124baa86b5b789cd93274e1/brick_78e470e8251fff09f9794843421ec056/brick'
Result: 
[sshexec] DEBUG 2017/04/27 02:17:45 /src/github.com/heketi/heketi/pkg/utils/ssh/ssh.go:176: Host: 192.168.48.17:22 Command: /bin/bash -c 'chmod 2775 /var/lib/heketi/mounts/vg_6c7ff8b53124baa86b5b789cd93274e1/brick_78e470e8251fff09f9794843421ec056/brick'
Result: 
[sshexec] INFO 2017/04/27 02:17:45 Creating volume vol_46953300efe7ff3feab637a10d0eed49 replica 3
[sshexec] ERROR 2017/04/27 02:17:45 /src/github.com/heketi/heketi/pkg/utils/ssh/ssh.go:173: Failed to run command [/bin/bash -c 'gluster --mode=script volume create vol_46953300efe7ff3feab637a10d0eed49 replica 3 192.168.48.12:/var/lib/heketi/mounts/vg_403cca7edce115dc1c641acc2f5f11fb/brick_804d6c974d202411fcd2be03b3a1acf4/brick 192.168.48.17:/var/lib/heketi/mounts/vg_6c7ff8b53124baa86b5b789cd93274e1/brick_78e470e8251fff09f9794843421ec056/brick 192.168.48.14:/var/lib/heketi/mounts/vg_d72d3bd802d4e511a80ce2f16181289d/brick_f5bf0896155f431eef2328fb1c11c3a7/brick '] on 192.168.48.12:22: Err[Process exited with: 1. Reason was:  ()]: Stdout []: Stderr [volume create: vol_46953300efe7ff3feab637a10d0eed49: failed: Host 192.168.48.14 is not in 'Peer in Cluster' state
]
[sshexec] ERROR 2017/04/27 02:17:45 /src/github.com/heketi/heketi/pkg/utils/ssh/ssh.go:173: Failed to run command [/bin/bash -c 'gluster --mode=script volume stop vol_46953300efe7ff3feab637a10d0eed49 force'] on 192.168.48.12:22: Err[Process exited with: 1. Reason was:  ()]: Stdout []: Stderr [volume stop: vol_46953300efe7ff3feab637a10d0eed49: failed: Volume vol_46953300efe7ff3feab637a10d0eed49 does not exist
]
[sshexec] ERROR 2017/04/27 02:17:45 /src/github.com/heketi/heketi/executors/sshexec/volume.go:130: Unable to stop volume vol_46953300efe7ff3feab637a10d0eed49: volume stop: vol_46953300efe7ff3feab637a10d0eed49: failed: Volume vol_46953300efe7ff3feab637a10d0eed49 does not exist
[negroni] Started GET /queue/8ce6343ad8053a235730c843dee5076a
[negroni] Completed 200 OK in 224.937µs
[heketi] INFO 2017/04/27 02:17:46 Deleting brick 804d6c974d202411fcd2be03b3a1acf4
[sshexec] ERROR 2017/04/27 02:17:46 /src/github.com/heketi/heketi/pkg/utils/ssh/ssh.go:173: Failed to run command [/bin/bash -c 'gluster --mode=script volume delete vol_46953300efe7ff3feab637a10d0eed49'] on 192.168.48.12:22: Err[Process exited with: 1. Reason was:  ()]: Stdout []: Stderr [volume delete: vol_46953300efe7ff3feab637a10d0eed49: failed: Volume vol_46953300efe7ff3feab637a10d0eed49 does not exist
]
[sshexec] ERROR 2017/04/27 02:17:46 /src/github.com/heketi/heketi/executors/sshexec/volume.go:139: Unable to delete volume vol_46953300efe7ff3feab637a10d0eed49: volume delete: vol_46953300efe7ff3feab637a10d0eed49: failed: Volume vol_46953300efe7ff3feab637a10d0eed49 does not exist
[heketi] INFO 2017/04/27 02:17:46 Deleting brick 78e470e8251fff09f9794843421ec056
[heketi] INFO 2017/04/27 02:17:46 Deleting brick f5bf0896155f431eef2328fb1c11c3a7
[sshexec] DEBUG 2017/04/27 02:17:46 /src/github.com/heketi/heketi/pkg/utils/ssh/ssh.go:176: Host: 192.168.48.14:22 Command: /bin/bash -c 'umount /var/lib/heketi/mounts/vg_d72d3bd802d4e511a80ce2f16181289d/brick_f5bf0896155f431eef2328fb1c11c3a7'
Result: 
[sshexec] DEBUG 2017/04/27 02:17:46 /src/github.com/heketi/heketi/pkg/utils/ssh/ssh.go:176: Host: 192.168.48.12:22 Command: /bin/bash -c 'umount /var/lib/heketi/mounts/vg_403cca7edce115dc1c641acc2f5f11fb/brick_804d6c974d202411fcd2be03b3a1acf4'
Result: 
[sshexec] DEBUG 2017/04/27 02:17:46 /src/github.com/heketi/heketi/pkg/utils/ssh/ssh.go:176: Host: 192.168.48.17:22 Command: /bin/bash -c 'umount /var/lib/heketi/mounts/vg_6c7ff8b53124baa86b5b789cd93274e1/brick_78e470e8251fff09f9794843421ec056'
Result: 
[sshexec] DEBUG 2017/04/27 02:17:46 /src/github.com/heketi/heketi/pkg/utils/ssh/ssh.go:176: Host: 192.168.48.14:22 Command: /bin/bash -c 'lvremove -f vg_d72d3bd802d4e511a80ce2f16181289d/tp_f5bf0896155f431eef2328fb1c11c3a7'
Result:   Logical volume "brick_f5bf0896155f431eef2328fb1c11c3a7" successfully removed
  Logical volume "tp_f5bf0896155f431eef2328fb1c11c3a7" successfully removed
[negroni] Started GET /queue/8ce6343ad8053a235730c843dee5076a
[negroni] Completed 200 OK in 75.311µs
[sshexec] DEBUG 2017/04/27 02:17:46 /src/github.com/heketi/heketi/pkg/utils/ssh/ssh.go:176: Host: 192.168.48.17:22 Command: /bin/bash -c 'lvremove -f vg_6c7ff8b53124baa86b5b789cd93274e1/tp_78e470e8251fff09f9794843421ec056'
Result:   Logical volume "brick_78e470e8251fff09f9794843421ec056" successfully removed
  Logical volume "tp_78e470e8251fff09f9794843421ec056" successfully removed
[sshexec] DEBUG 2017/04/27 02:17:46 /src/github.com/heketi/heketi/pkg/utils/ssh/ssh.go:176: Host: 192.168.48.12:22 Command: /bin/bash -c 'lvremove -f vg_403cca7edce115dc1c641acc2f5f11fb/tp_804d6c974d202411fcd2be03b3a1acf4'
Result:   Logical volume "brick_804d6c974d202411fcd2be03b3a1acf4" successfully removed
  Logical volume "tp_804d6c974d202411fcd2be03b3a1acf4" successfully removed
[sshexec] DEBUG 2017/04/27 02:17:47 /src/github.com/heketi/heketi/pkg/utils/ssh/ssh.go:176: Host: 192.168.48.14:22 Command: /bin/bash -c 'rmdir /var/lib/heketi/mounts/vg_d72d3bd802d4e511a80ce2f16181289d/brick_f5bf0896155f431eef2328fb1c11c3a7'
Result: 
[sshexec] DEBUG 2017/04/27 02:17:47 /src/github.com/heketi/heketi/pkg/utils/ssh/ssh.go:176: Host: 192.168.48.17:22 Command: /bin/bash -c 'rmdir /var/lib/heketi/mounts/vg_6c7ff8b53124baa86b5b789cd93274e1/brick_78e470e8251fff09f9794843421ec056'
Result: 
[sshexec] DEBUG 2017/04/27 02:17:47 /src/github.com/heketi/heketi/pkg/utils/ssh/ssh.go:176: Host: 192.168.48.12:22 Command: /bin/bash -c 'rmdir /var/lib/heketi/mounts/vg_403cca7edce115dc1c641acc2f5f11fb/brick_804d6c974d202411fcd2be03b3a1acf4'
Result: 
[sshexec] DEBUG 2017/04/27 02:17:47 /src/github.com/heketi/heketi/pkg/utils/ssh/ssh.go:176: Host: 192.168.48.14:22 Command: /bin/bash -c 'sed -i.save "/brick_f5bf0896155f431eef2328fb1c11c3a7/d" /etc/fstab'
Result: 
[sshexec] DEBUG 2017/04/27 02:17:47 /src/github.com/heketi/heketi/pkg/utils/ssh/ssh.go:176: Host: 192.168.48.17:22 Command: /bin/bash -c 'sed -i.save "/brick_78e470e8251fff09f9794843421ec056/d" /etc/fstab'
Result: 
[sshexec] DEBUG 2017/04/27 02:17:47 /src/github.com/heketi/heketi/pkg/utils/ssh/ssh.go:176: Host: 192.168.48.12:22 Command: /bin/bash -c 'sed -i.save "/brick_804d6c974d202411fcd2be03b3a1acf4/d" /etc/fstab'
Result: 
[heketi] ERROR 2017/04/27 02:17:47 /src/github.com/heketi/heketi/apps/glusterfs/app_volume.go:148: Failed to create volume: volume create: vol_46953300efe7ff3feab637a10d0eed49: failed: Host 192.168.48.14 is not in 'Peer in Cluster' state
[asynchttp] INFO 2017/04/27 02:17:47 Completed job 8ce6343ad8053a235730c843dee5076a in 3.558195101s
[negroni] Started GET /queue/8ce6343ad8053a235730c843dee5076a
[negroni] Completed 500 Internal Server Error in 79.714µs
[negroni] Started POST /volumes
[negroni] Completed 202 Accepted in 15.019431ms
[asynchttp] INFO 2017/04/27 02:17:58 Started job 755c054dd99a7a0440a60b59dc95debc
[heketi] INFO 2017/04/27 02:17:58 Creating volume d8d70ab024e7ec01692e26c00abf1900
[heketi] INFO 2017/04/27 02:17:58 brick_num: 0
[negroni] Started GET /queue/755c054dd99a7a0440a60b59dc95debc
[negroni] Completed 200 OK in 59.024µs
[heketi] INFO 2017/04/27 02:17:58 Creating brick 045bc3adc4858d7d35f1cc2965fd3c14
[heketi] INFO 2017/04/27 02:17:58 Creating brick 1cd2fda82025596281eb575c3f59f565
[heketi] INFO 2017/04/27 02:17:58 Creating brick fcba21932d25aba101497df87ed35181
[sshexec] DEBUG 2017/04/27 02:17:59 /src/github.com/heketi/heketi/pkg/utils/ssh/ssh.go:176: Host: 192.168.48.12:22 Command: /bin/bash -c 'mkdir -p /var/lib/heketi/mounts/vg_403cca7edce115dc1c641acc2f5f11fb/brick_1cd2fda82025596281eb575c3f59f565'
Result: 
[sshexec] DEBUG 2017/04/27 02:17:59 /src/github.com/heketi/heketi/pkg/utils/ssh/ssh.go:176: Host: 192.168.48.14:22 Command: /bin/bash -c 'mkdir -p /var/lib/heketi/mounts/vg_d72d3bd802d4e511a80ce2f16181289d/brick_045bc3adc4858d7d35f1cc2965fd3c14'
Result: 
[sshexec] DEBUG 2017/04/27 02:17:59 /src/github.com/heketi/heketi/pkg/utils/ssh/ssh.go:176: Host: 192.168.48.17:22 Command: /bin/bash -c 'mkdir -p /var/lib/heketi/mounts/vg_6c7ff8b53124baa86b5b789cd93274e1/brick_fcba21932d25aba101497df87ed35181'
Result: 
[sshexec] DEBUG 2017/04/27 02:17:59 /src/github.com/heketi/heketi/pkg/utils/ssh/ssh.go:176: Host: 192.168.48.12:22 Command: /bin/bash -c 'lvcreate --poolmetadatasize 8192K -c 256K -L 1048576K -T vg_403cca7edce115dc1c641acc2f5f11fb/tp_1cd2fda82025596281eb575c3f59f565 -V 1048576K -n brick_1cd2fda82025596281eb575c3f59f565'
Result:   Logical volume "brick_1cd2fda82025596281eb575c3f59f565" created.
[sshexec] DEBUG 2017/04/27 02:17:59 /src/github.com/heketi/heketi/pkg/utils/ssh/ssh.go:176: Host: 192.168.48.17:22 Command: /bin/bash -c 'lvcreate --poolmetadatasize 8192K -c 256K -L 1048576K -T vg_6c7ff8b53124baa86b5b789cd93274e1/tp_fcba21932d25aba101497df87ed35181 -V 1048576K -n brick_fcba21932d25aba101497df87ed35181'
Result:   Logical volume "brick_fcba21932d25aba101497df87ed35181" created.
[sshexec] DEBUG 2017/04/27 02:17:59 /src/github.com/heketi/heketi/pkg/utils/ssh/ssh.go:176: Host: 192.168.48.14:22 Command: /bin/bash -c 'lvcreate --poolmetadatasize 8192K -c 256K -L 1048576K -T vg_d72d3bd802d4e511a80ce2f16181289d/tp_045bc3adc4858d7d35f1cc2965fd3c14 -V 1048576K -n brick_045bc3adc4858d7d35f1cc2965fd3c14'
Result:   Logical volume "brick_045bc3adc4858d7d35f1cc2965fd3c14" created.
[sshexec] DEBUG 2017/04/27 02:17:59 /src/github.com/heketi/heketi/pkg/utils/ssh/ssh.go:176: Host: 192.168.48.12:22 Command: /bin/bash -c 'mkfs.xfs -i size=512 -n size=8192 /dev/mapper/vg_403cca7edce115dc1c641acc2f5f11fb-brick_1cd2fda82025596281eb575c3f59f565'
Result: meta-data=/dev/mapper/vg_403cca7edce115dc1c641acc2f5f11fb-brick_1cd2fda82025596281eb575c3f59f565 isize=512    agcount=8, agsize=32704 blks
         =                       sectsz=4096  attr=2, projid32bit=1
         =                       crc=1        finobt=1, sparse=0
data     =                       bsize=4096   blocks=261632, imaxpct=25
         =                       sunit=64     swidth=64 blks
naming   =version 2              bsize=8192   ascii-ci=0 ftype=1
log      =internal log           bsize=4096   blocks=576, version=2
         =                       sectsz=4096  sunit=1 blks, lazy-count=1
realtime =none                   extsz=4096   blocks=0, rtextents=0
[sshexec] DEBUG 2017/04/27 02:17:59 /src/github.com/heketi/heketi/pkg/utils/ssh/ssh.go:176: Host: 192.168.48.12:22 Command: /bin/bash -c 'echo "/dev/mapper/vg_403cca7edce115dc1c641acc2f5f11fb-brick_1cd2fda82025596281eb575c3f59f565 /var/lib/heketi/mounts/vg_403cca7edce115dc1c641acc2f5f11fb/brick_1cd2fda82025596281eb575c3f59f565 xfs rw,inode64,noatime,nouuid 1 2" | tee -a /etc/fstab > /dev/null '
Result: 
[sshexec] DEBUG 2017/04/27 02:17:59 /src/github.com/heketi/heketi/pkg/utils/ssh/ssh.go:176: Host: 192.168.48.14:22 Command: /bin/bash -c 'mkfs.xfs -i size=512 -n size=8192 /dev/mapper/vg_d72d3bd802d4e511a80ce2f16181289d-brick_045bc3adc4858d7d35f1cc2965fd3c14'
Result: meta-data=/dev/mapper/vg_d72d3bd802d4e511a80ce2f16181289d-brick_045bc3adc4858d7d35f1cc2965fd3c14 isize=512    agcount=8, agsize=32704 blks
         =                       sectsz=512   attr=2, projid32bit=1
         =                       crc=1        finobt=1, sparse=0
data     =                       bsize=4096   blocks=261632, imaxpct=25
         =                       sunit=64     swidth=64 blks
naming   =version 2              bsize=8192   ascii-ci=0 ftype=1
log      =internal log           bsize=4096   blocks=1728, version=2
         =                       sectsz=512   sunit=64 blks, lazy-count=1
realtime =none                   extsz=4096   blocks=0, rtextents=0
[sshexec] DEBUG 2017/04/27 02:17:59 /src/github.com/heketi/heketi/pkg/utils/ssh/ssh.go:176: Host: 192.168.48.17:22 Command: /bin/bash -c 'mkfs.xfs -i size=512 -n size=8192 /dev/mapper/vg_6c7ff8b53124baa86b5b789cd93274e1-brick_fcba21932d25aba101497df87ed35181'
Result: meta-data=/dev/mapper/vg_6c7ff8b53124baa86b5b789cd93274e1-brick_fcba21932d25aba101497df87ed35181 isize=512    agcount=8, agsize=32704 blks
         =                       sectsz=512   attr=2, projid32bit=1
         =                       crc=1        finobt=1, sparse=0
data     =                       bsize=4096   blocks=261632, imaxpct=25
         =                       sunit=64     swidth=64 blks
naming   =version 2              bsize=8192   ascii-ci=0 ftype=1
log      =internal log           bsize=4096   blocks=1728, version=2
         =                       sectsz=512   sunit=64 blks, lazy-count=1
realtime =none                   extsz=4096   blocks=0, rtextents=0
[sshexec] DEBUG 2017/04/27 02:17:59 /src/github.com/heketi/heketi/pkg/utils/ssh/ssh.go:176: Host: 192.168.48.14:22 Command: /bin/bash -c 'echo "/dev/mapper/vg_d72d3bd802d4e511a80ce2f16181289d-brick_045bc3adc4858d7d35f1cc2965fd3c14 /var/lib/heketi/mounts/vg_d72d3bd802d4e511a80ce2f16181289d/brick_045bc3adc4858d7d35f1cc2965fd3c14 xfs rw,inode64,noatime,nouuid 1 2" | tee -a /etc/fstab > /dev/null '
Result: 
[sshexec] DEBUG 2017/04/27 02:17:59 /src/github.com/heketi/heketi/pkg/utils/ssh/ssh.go:176: Host: 192.168.48.12:22 Command: /bin/bash -c 'mount -o rw,inode64,noatime,nouuid /dev/mapper/vg_403cca7edce115dc1c641acc2f5f11fb-brick_1cd2fda82025596281eb575c3f59f565 /var/lib/heketi/mounts/vg_403cca7edce115dc1c641acc2f5f11fb/brick_1cd2fda82025596281eb575c3f59f565'
Result: 
[sshexec] DEBUG 2017/04/27 02:17:59 /src/github.com/heketi/heketi/pkg/utils/ssh/ssh.go:176: Host: 192.168.48.17:22 Command: /bin/bash -c 'echo "/dev/mapper/vg_6c7ff8b53124baa86b5b789cd93274e1-brick_fcba21932d25aba101497df87ed35181 /var/lib/heketi/mounts/vg_6c7ff8b53124baa86b5b789cd93274e1/brick_fcba21932d25aba101497df87ed35181 xfs rw,inode64,noatime,nouuid 1 2" | tee -a /etc/fstab > /dev/null '
Result: 
[sshexec] DEBUG 2017/04/27 02:17:59 /src/github.com/heketi/heketi/pkg/utils/ssh/ssh.go:176: Host: 192.168.48.12:22 Command: /bin/bash -c 'mkdir /var/lib/heketi/mounts/vg_403cca7edce115dc1c641acc2f5f11fb/brick_1cd2fda82025596281eb575c3f59f565/brick'
Result: 
[negroni] Started GET /queue/755c054dd99a7a0440a60b59dc95debc
[negroni] Completed 200 OK in 82.819µs
[sshexec] DEBUG 2017/04/27 02:17:59 /src/github.com/heketi/heketi/pkg/utils/ssh/ssh.go:176: Host: 192.168.48.12:22 Command: /bin/bash -c 'chown :2000 /var/lib/heketi/mounts/vg_403cca7edce115dc1c641acc2f5f11fb/brick_1cd2fda82025596281eb575c3f59f565/brick'
Result: 
[sshexec] DEBUG 2017/04/27 02:17:59 /src/github.com/heketi/heketi/pkg/utils/ssh/ssh.go:176: Host: 192.168.48.12:22 Command: /bin/bash -c 'chmod 2775 /var/lib/heketi/mounts/vg_403cca7edce115dc1c641acc2f5f11fb/brick_1cd2fda82025596281eb575c3f59f565/brick'
Result: 
[sshexec] DEBUG 2017/04/27 02:18:00 /src/github.com/heketi/heketi/pkg/utils/ssh/ssh.go:176: Host: 192.168.48.14:22 Command: /bin/bash -c 'mount -o rw,inode64,noatime,nouuid /dev/mapper/vg_d72d3bd802d4e511a80ce2f16181289d-brick_045bc3adc4858d7d35f1cc2965fd3c14 /var/lib/heketi/mounts/vg_d72d3bd802d4e511a80ce2f16181289d/brick_045bc3adc4858d7d35f1cc2965fd3c14'
Result: 
[sshexec] DEBUG 2017/04/27 02:18:00 /src/github.com/heketi/heketi/pkg/utils/ssh/ssh.go:176: Host: 192.168.48.17:22 Command: /bin/bash -c 'mount -o rw,inode64,noatime,nouuid /dev/mapper/vg_6c7ff8b53124baa86b5b789cd93274e1-brick_fcba21932d25aba101497df87ed35181 /var/lib/heketi/mounts/vg_6c7ff8b53124baa86b5b789cd93274e1/brick_fcba21932d25aba101497df87ed35181'
Result: 
[sshexec] DEBUG 2017/04/27 02:18:00 /src/github.com/heketi/heketi/pkg/utils/ssh/ssh.go:176: Host: 192.168.48.14:22 Command: /bin/bash -c 'mkdir /var/lib/heketi/mounts/vg_d72d3bd802d4e511a80ce2f16181289d/brick_045bc3adc4858d7d35f1cc2965fd3c14/brick'
Result: 
[sshexec] DEBUG 2017/04/27 02:18:00 /src/github.com/heketi/heketi/pkg/utils/ssh/ssh.go:176: Host: 192.168.48.17:22 Command: /bin/bash -c 'mkdir /var/lib/heketi/mounts/vg_6c7ff8b53124baa86b5b789cd93274e1/brick_fcba21932d25aba101497df87ed35181/brick'
Result: 
[sshexec] DEBUG 2017/04/27 02:18:00 /src/github.com/heketi/heketi/pkg/utils/ssh/ssh.go:176: Host: 192.168.48.14:22 Command: /bin/bash -c 'chown :2000 /var/lib/heketi/mounts/vg_d72d3bd802d4e511a80ce2f16181289d/brick_045bc3adc4858d7d35f1cc2965fd3c14/brick'
Result: 
[sshexec] DEBUG 2017/04/27 02:18:00 /src/github.com/heketi/heketi/pkg/utils/ssh/ssh.go:176: Host: 192.168.48.17:22 Command: /bin/bash -c 'chown :2000 /var/lib/heketi/mounts/vg_6c7ff8b53124baa86b5b789cd93274e1/brick_fcba21932d25aba101497df87ed35181/brick'
Result: 
[sshexec] DEBUG 2017/04/27 02:18:00 /src/github.com/heketi/heketi/pkg/utils/ssh/ssh.go:176: Host: 192.168.48.14:22 Command: /bin/bash -c 'chmod 2775 /var/lib/heketi/mounts/vg_d72d3bd802d4e511a80ce2f16181289d/brick_045bc3adc4858d7d35f1cc2965fd3c14/brick'
Result: 
[sshexec] DEBUG 2017/04/27 02:18:00 /src/github.com/heketi/heketi/pkg/utils/ssh/ssh.go:176: Host: 192.168.48.17:22 Command: /bin/bash -c 'chmod 2775 /var/lib/heketi/mounts/vg_6c7ff8b53124baa86b5b789cd93274e1/brick_fcba21932d25aba101497df87ed35181/brick'
Result: 
[sshexec] INFO 2017/04/27 02:18:00 Creating volume vol_d8d70ab024e7ec01692e26c00abf1900 replica 3
[sshexec] ERROR 2017/04/27 02:18:00 /src/github.com/heketi/heketi/pkg/utils/ssh/ssh.go:173: Failed to run command [/bin/bash -c 'gluster --mode=script volume create vol_d8d70ab024e7ec01692e26c00abf1900 replica 3 192.168.48.14:/var/lib/heketi/mounts/vg_d72d3bd802d4e511a80ce2f16181289d/brick_045bc3adc4858d7d35f1cc2965fd3c14/brick 192.168.48.12:/var/lib/heketi/mounts/vg_403cca7edce115dc1c641acc2f5f11fb/brick_1cd2fda82025596281eb575c3f59f565/brick 192.168.48.17:/var/lib/heketi/mounts/vg_6c7ff8b53124baa86b5b789cd93274e1/brick_fcba21932d25aba101497df87ed35181/brick '] on 192.168.48.14:22: Err[Process exited with: 1. Reason was:  ()]: Stdout []: Stderr [volume create: vol_d8d70ab024e7ec01692e26c00abf1900: failed: Staging failed on 192.168.48.17. Error: Host 192.168.48.14 is not in 'Peer in Cluster' state
Staging failed on 192.168.48.12. Error: Host 192.168.48.14 is not in 'Peer in Cluster' state
]
[sshexec] ERROR 2017/04/27 02:18:00 /src/github.com/heketi/heketi/pkg/utils/ssh/ssh.go:173: Failed to run command [/bin/bash -c 'gluster --mode=script volume stop vol_d8d70ab024e7ec01692e26c00abf1900 force'] on 192.168.48.14:22: Err[Process exited with: 1. Reason was:  ()]: Stdout []: Stderr [volume stop: vol_d8d70ab024e7ec01692e26c00abf1900: failed: Volume vol_d8d70ab024e7ec01692e26c00abf1900 does not exist
]
[sshexec] ERROR 2017/04/27 02:18:00 /src/github.com/heketi/heketi/executors/sshexec/volume.go:130: Unable to stop volume vol_d8d70ab024e7ec01692e26c00abf1900: volume stop: vol_d8d70ab024e7ec01692e26c00abf1900: failed: Volume vol_d8d70ab024e7ec01692e26c00abf1900 does not exist
[negroni] Started GET /queue/755c054dd99a7a0440a60b59dc95debc
[negroni] Completed 200 OK in 215.514µs
[sshexec] ERROR 2017/04/27 02:18:01 /src/github.com/heketi/heketi/pkg/utils/ssh/ssh.go:173: Failed to run command [/bin/bash -c 'gluster --mode=script volume delete vol_d8d70ab024e7ec01692e26c00abf1900'] on 192.168.48.14:22: Err[Process exited with: 1. Reason was:  ()]: Stdout []: Stderr [volume delete: vol_d8d70ab024e7ec01692e26c00abf1900: failed: Volume vol_d8d70ab024e7ec01692e26c00abf1900 does not exist
]
[sshexec] ERROR 2017/04/27 02:18:01 /src/github.com/heketi/heketi/executors/sshexec/volume.go:139: Unable to delete volume vol_d8d70ab024e7ec01692e26c00abf1900: volume delete: vol_d8d70ab024e7ec01692e26c00abf1900: failed: Volume vol_d8d70ab024e7ec01692e26c00abf1900 does not exist
[heketi] INFO 2017/04/27 02:18:01 Deleting brick 045bc3adc4858d7d35f1cc2965fd3c14
[heketi] INFO 2017/04/27 02:18:01 Deleting brick 1cd2fda82025596281eb575c3f59f565
[heketi] INFO 2017/04/27 02:18:01 Deleting brick fcba21932d25aba101497df87ed35181
[sshexec] DEBUG 2017/04/27 02:18:01 /src/github.com/heketi/heketi/pkg/utils/ssh/ssh.go:176: Host: 192.168.48.12:22 Command: /bin/bash -c 'umount /var/lib/heketi/mounts/vg_403cca7edce115dc1c641acc2f5f11fb/brick_1cd2fda82025596281eb575c3f59f565'
Result: 
[sshexec] DEBUG 2017/04/27 02:18:01 /src/github.com/heketi/heketi/pkg/utils/ssh/ssh.go:176: Host: 192.168.48.14:22 Command: /bin/bash -c 'umount /var/lib/heketi/mounts/vg_d72d3bd802d4e511a80ce2f16181289d/brick_045bc3adc4858d7d35f1cc2965fd3c14'
Result: 
[sshexec] DEBUG 2017/04/27 02:18:01 /src/github.com/heketi/heketi/pkg/utils/ssh/ssh.go:176: Host: 192.168.48.17:22 Command: /bin/bash -c 'umount /var/lib/heketi/mounts/vg_6c7ff8b53124baa86b5b789cd93274e1/brick_fcba21932d25aba101497df87ed35181'
Result: 
[sshexec] DEBUG 2017/04/27 02:18:01 /src/github.com/heketi/heketi/pkg/utils/ssh/ssh.go:176: Host: 192.168.48.14:22 Command: /bin/bash -c 'lvremove -f vg_d72d3bd802d4e511a80ce2f16181289d/tp_045bc3adc4858d7d35f1cc2965fd3c14'
Result:   Logical volume "brick_045bc3adc4858d7d35f1cc2965fd3c14" successfully removed
  Logical volume "tp_045bc3adc4858d7d35f1cc2965fd3c14" successfully removed
[sshexec] DEBUG 2017/04/27 02:18:01 /src/github.com/heketi/heketi/pkg/utils/ssh/ssh.go:176: Host: 192.168.48.17:22 Command: /bin/bash -c 'lvremove -f vg_6c7ff8b53124baa86b5b789cd93274e1/tp_fcba21932d25aba101497df87ed35181'
Result:   Logical volume "brick_fcba21932d25aba101497df87ed35181" successfully removed
  Logical volume "tp_fcba21932d25aba101497df87ed35181" successfully removed
[negroni] Started GET /queue/755c054dd99a7a0440a60b59dc95debc
[negroni] Completed 200 OK in 226.696µs
[sshexec] DEBUG 2017/04/27 02:18:01 /src/github.com/heketi/heketi/pkg/utils/ssh/ssh.go:176: Host: 192.168.48.12:22 Command: /bin/bash -c 'lvremove -f vg_403cca7edce115dc1c641acc2f5f11fb/tp_1cd2fda82025596281eb575c3f59f565'
Result:   Logical volume "brick_1cd2fda82025596281eb575c3f59f565" successfully removed
  Logical volume "tp_1cd2fda82025596281eb575c3f59f565" successfully removed
[sshexec] DEBUG 2017/04/27 02:18:01 /src/github.com/heketi/heketi/pkg/utils/ssh/ssh.go:176: Host: 192.168.48.14:22 Command: /bin/bash -c 'rmdir /var/lib/heketi/mounts/vg_d72d3bd802d4e511a80ce2f16181289d/brick_045bc3adc4858d7d35f1cc2965fd3c14'
Result: 
[sshexec] DEBUG 2017/04/27 02:18:02 /src/github.com/heketi/heketi/pkg/utils/ssh/ssh.go:176: Host: 192.168.48.12:22 Command: /bin/bash -c 'rmdir /var/lib/heketi/mounts/vg_403cca7edce115dc1c641acc2f5f11fb/brick_1cd2fda82025596281eb575c3f59f565'
Result: 
[sshexec] DEBUG 2017/04/27 02:18:02 /src/github.com/heketi/heketi/pkg/utils/ssh/ssh.go:176: Host: 192.168.48.17:22 Command: /bin/bash -c 'rmdir /var/lib/heketi/mounts/vg_6c7ff8b53124baa86b5b789cd93274e1/brick_fcba21932d25aba101497df87ed35181'
Result: 
[sshexec] DEBUG 2017/04/27 02:18:02 /src/github.com/heketi/heketi/pkg/utils/ssh/ssh.go:176: Host: 192.168.48.14:22 Command: /bin/bash -c 'sed -i.save "/brick_045bc3adc4858d7d35f1cc2965fd3c14/d" /etc/fstab'
Result: 
[sshexec] DEBUG 2017/04/27 02:18:02 /src/github.com/heketi/heketi/pkg/utils/ssh/ssh.go:176: Host: 192.168.48.12:22 Command: /bin/bash -c 'sed -i.save "/brick_1cd2fda82025596281eb575c3f59f565/d" /etc/fstab'
Result: 
[sshexec] DEBUG 2017/04/27 02:18:02 /src/github.com/heketi/heketi/pkg/utils/ssh/ssh.go:176: Host: 192.168.48.17:22 Command: /bin/bash -c 'sed -i.save "/brick_fcba21932d25aba101497df87ed35181/d" /etc/fstab'
Result: 
[heketi] ERROR 2017/04/27 02:18:02 /src/github.com/heketi/heketi/apps/glusterfs/app_volume.go:148: Failed to create volume: volume create: vol_d8d70ab024e7ec01692e26c00abf1900: failed: Staging failed on 192.168.48.17. Error: Host 192.168.48.14 is not in 'Peer in Cluster' state
Staging failed on 192.168.48.12. Error: Host 192.168.48.14 is not in 'Peer in Cluster' state
[asynchttp] INFO 2017/04/27 02:18:02 Completed job 755c054dd99a7a0440a60b59dc95debc in 3.539955461s
[negroni] Started GET /queue/755c054dd99a7a0440a60b59dc95debc
[negroni] Completed 500 Internal Server Error in 84.067µs
[negroni] Started POST /volumes
[negroni] Completed 202 Accepted in 18.095476ms
[asynchttp] INFO 2017/04/27 02:18:13 Started job 155be0df671c2a31f01e644fd57e4f96
[heketi] INFO 2017/04/27 02:18:13 Creating volume 84977cfbf281a29b0c2c8b9eb7c0919e
[heketi] INFO 2017/04/27 02:18:13 brick_num: 0
[negroni] Started GET /queue/155be0df671c2a31f01e644fd57e4f96
[negroni] Completed 200 OK in 192.728µs
[heketi] INFO 2017/04/27 02:18:13 Creating brick df30521dd0f8afc746d9664dced903f3
[heketi] INFO 2017/04/27 02:18:13 Creating brick 7749b7d5e8811efae484849be6ca2cf3
[heketi] INFO 2017/04/27 02:18:13 Creating brick 745c210780c54ae283a47cbb1dafe507
[sshexec] DEBUG 2017/04/27 02:18:14 /src/github.com/heketi/heketi/pkg/utils/ssh/ssh.go:176: Host: 192.168.48.12:22 Command: /bin/bash -c 'mkdir -p /var/lib/heketi/mounts/vg_403cca7edce115dc1c641acc2f5f11fb/brick_745c210780c54ae283a47cbb1dafe507'
Result: 
[sshexec] DEBUG 2017/04/27 02:18:14 /src/github.com/heketi/heketi/pkg/utils/ssh/ssh.go:176: Host: 192.168.48.14:22 Command: /bin/bash -c 'mkdir -p /var/lib/heketi/mounts/vg_d72d3bd802d4e511a80ce2f16181289d/brick_df30521dd0f8afc746d9664dced903f3'
Result: 
[sshexec] DEBUG 2017/04/27 02:18:14 /src/github.com/heketi/heketi/pkg/utils/ssh/ssh.go:176: Host: 192.168.48.17:22 Command: /bin/bash -c 'mkdir -p /var/lib/heketi/mounts/vg_6c7ff8b53124baa86b5b789cd93274e1/brick_7749b7d5e8811efae484849be6ca2cf3'
Result: 
[sshexec] DEBUG 2017/04/27 02:18:14 /src/github.com/heketi/heketi/pkg/utils/ssh/ssh.go:176: Host: 192.168.48.14:22 Command: /bin/bash -c 'lvcreate --poolmetadatasize 8192K -c 256K -L 1048576K -T vg_d72d3bd802d4e511a80ce2f16181289d/tp_df30521dd0f8afc746d9664dced903f3 -V 1048576K -n brick_df30521dd0f8afc746d9664dced903f3'
Result:   Logical volume "brick_df30521dd0f8afc746d9664dced903f3" created.
[sshexec] DEBUG 2017/04/27 02:18:14 /src/github.com/heketi/heketi/pkg/utils/ssh/ssh.go:176: Host: 192.168.48.12:22 Command: /bin/bash -c 'lvcreate --poolmetadatasize 8192K -c 256K -L 1048576K -T vg_403cca7edce115dc1c641acc2f5f11fb/tp_745c210780c54ae283a47cbb1dafe507 -V 1048576K -n brick_745c210780c54ae283a47cbb1dafe507'
Result:   Logical volume "brick_745c210780c54ae283a47cbb1dafe507" created.
[sshexec] DEBUG 2017/04/27 02:18:14 /src/github.com/heketi/heketi/pkg/utils/ssh/ssh.go:176: Host: 192.168.48.17:22 Command: /bin/bash -c 'lvcreate --poolmetadatasize 8192K -c 256K -L 1048576K -T vg_6c7ff8b53124baa86b5b789cd93274e1/tp_7749b7d5e8811efae484849be6ca2cf3 -V 1048576K -n brick_7749b7d5e8811efae484849be6ca2cf3'
Result:   Logical volume "brick_7749b7d5e8811efae484849be6ca2cf3" created.
[sshexec] DEBUG 2017/04/27 02:18:14 /src/github.com/heketi/heketi/pkg/utils/ssh/ssh.go:176: Host: 192.168.48.14:22 Command: /bin/bash -c 'mkfs.xfs -i size=512 -n size=8192 /dev/mapper/vg_d72d3bd802d4e511a80ce2f16181289d-brick_df30521dd0f8afc746d9664dced903f3'
Result: meta-data=/dev/mapper/vg_d72d3bd802d4e511a80ce2f16181289d-brick_df30521dd0f8afc746d9664dced903f3 isize=512    agcount=8, agsize=32704 blks
         =                       sectsz=512   attr=2, projid32bit=1
         =                       crc=1        finobt=1, sparse=0
data     =                       bsize=4096   blocks=261632, imaxpct=25
         =                       sunit=64     swidth=64 blks
naming   =version 2              bsize=8192   ascii-ci=0 ftype=1
log      =internal log           bsize=4096   blocks=1728, version=2
         =                       sectsz=512   sunit=64 blks, lazy-count=1
realtime =none                   extsz=4096   blocks=0, rtextents=0
[sshexec] DEBUG 2017/04/27 02:18:14 /src/github.com/heketi/heketi/pkg/utils/ssh/ssh.go:176: Host: 192.168.48.14:22 Command: /bin/bash -c 'echo "/dev/mapper/vg_d72d3bd802d4e511a80ce2f16181289d-brick_df30521dd0f8afc746d9664dced903f3 /var/lib/heketi/mounts/vg_d72d3bd802d4e511a80ce2f16181289d/brick_df30521dd0f8afc746d9664dced903f3 xfs rw,inode64,noatime,nouuid 1 2" | tee -a /etc/fstab > /dev/null '
Result: 
[negroni] Started GET /queue/155be0df671c2a31f01e644fd57e4f96
[negroni] Completed 200 OK in 235.75µs
[sshexec] DEBUG 2017/04/27 02:18:14 /src/github.com/heketi/heketi/pkg/utils/ssh/ssh.go:176: Host: 192.168.48.12:22 Command: /bin/bash -c 'mkfs.xfs -i size=512 -n size=8192 /dev/mapper/vg_403cca7edce115dc1c641acc2f5f11fb-brick_745c210780c54ae283a47cbb1dafe507'
Result: meta-data=/dev/mapper/vg_403cca7edce115dc1c641acc2f5f11fb-brick_745c210780c54ae283a47cbb1dafe507 isize=512    agcount=8, agsize=32704 blks
         =                       sectsz=4096  attr=2, projid32bit=1
         =                       crc=1        finobt=1, sparse=0
data     =                       bsize=4096   blocks=261632, imaxpct=25
         =                       sunit=64     swidth=64 blks
naming   =version 2              bsize=8192   ascii-ci=0 ftype=1
log      =internal log           bsize=4096   blocks=576, version=2
         =                       sectsz=4096  sunit=1 blks, lazy-count=1
realtime =none                   extsz=4096   blocks=0, rtextents=0
[sshexec] DEBUG 2017/04/27 02:18:14 /src/github.com/heketi/heketi/pkg/utils/ssh/ssh.go:176: Host: 192.168.48.12:22 Command: /bin/bash -c 'echo "/dev/mapper/vg_403cca7edce115dc1c641acc2f5f11fb-brick_745c210780c54ae283a47cbb1dafe507 /var/lib/heketi/mounts/vg_403cca7edce115dc1c641acc2f5f11fb/brick_745c210780c54ae283a47cbb1dafe507 xfs rw,inode64,noatime,nouuid 1 2" | tee -a /etc/fstab > /dev/null '
Result: 
[sshexec] DEBUG 2017/04/27 02:18:14 /src/github.com/heketi/heketi/pkg/utils/ssh/ssh.go:176: Host: 192.168.48.17:22 Command: /bin/bash -c 'mkfs.xfs -i size=512 -n size=8192 /dev/mapper/vg_6c7ff8b53124baa86b5b789cd93274e1-brick_7749b7d5e8811efae484849be6ca2cf3'
Result: meta-data=/dev/mapper/vg_6c7ff8b53124baa86b5b789cd93274e1-brick_7749b7d5e8811efae484849be6ca2cf3 isize=512    agcount=8, agsize=32704 blks
         =                       sectsz=512   attr=2, projid32bit=1
         =                       crc=1        finobt=1, sparse=0
data     =                       bsize=4096   blocks=261632, imaxpct=25
         =                       sunit=64     swidth=64 blks
naming   =version 2              bsize=8192   ascii-ci=0 ftype=1
log      =internal log           bsize=4096   blocks=1728, version=2
         =                       sectsz=512   sunit=64 blks, lazy-count=1
realtime =none                   extsz=4096   blocks=0, rtextents=0
[sshexec] DEBUG 2017/04/27 02:18:14 /src/github.com/heketi/heketi/pkg/utils/ssh/ssh.go:176: Host: 192.168.48.17:22 Command: /bin/bash -c 'echo "/dev/mapper/vg_6c7ff8b53124baa86b5b789cd93274e1-brick_7749b7d5e8811efae484849be6ca2cf3 /var/lib/heketi/mounts/vg_6c7ff8b53124baa86b5b789cd93274e1/brick_7749b7d5e8811efae484849be6ca2cf3 xfs rw,inode64,noatime,nouuid 1 2" | tee -a /etc/fstab > /dev/null '
Result: 
[sshexec] DEBUG 2017/04/27 02:18:14 /src/github.com/heketi/heketi/pkg/utils/ssh/ssh.go:176: Host: 192.168.48.12:22 Command: /bin/bash -c 'mount -o rw,inode64,noatime,nouuid /dev/mapper/vg_403cca7edce115dc1c641acc2f5f11fb-brick_745c210780c54ae283a47cbb1dafe507 /var/lib/heketi/mounts/vg_403cca7edce115dc1c641acc2f5f11fb/brick_745c210780c54ae283a47cbb1dafe507'
Result: 
[sshexec] DEBUG 2017/04/27 02:18:14 /src/github.com/heketi/heketi/pkg/utils/ssh/ssh.go:176: Host: 192.168.48.12:22 Command: /bin/bash -c 'mkdir /var/lib/heketi/mounts/vg_403cca7edce115dc1c641acc2f5f11fb/brick_745c210780c54ae283a47cbb1dafe507/brick'
Result: 
[sshexec] DEBUG 2017/04/27 02:18:14 /src/github.com/heketi/heketi/pkg/utils/ssh/ssh.go:176: Host: 192.168.48.12:22 Command: /bin/bash -c 'chown :2000 /var/lib/heketi/mounts/vg_403cca7edce115dc1c641acc2f5f11fb/brick_745c210780c54ae283a47cbb1dafe507/brick'
Result: 
[sshexec] DEBUG 2017/04/27 02:18:14 /src/github.com/heketi/heketi/pkg/utils/ssh/ssh.go:176: Host: 192.168.48.12:22 Command: /bin/bash -c 'chmod 2775 /var/lib/heketi/mounts/vg_403cca7edce115dc1c641acc2f5f11fb/brick_745c210780c54ae283a47cbb1dafe507/brick'
Result: 
[sshexec] DEBUG 2017/04/27 02:18:15 /src/github.com/heketi/heketi/pkg/utils/ssh/ssh.go:176: Host: 192.168.48.14:22 Command: /bin/bash -c 'mount -o rw,inode64,noatime,nouuid /dev/mapper/vg_d72d3bd802d4e511a80ce2f16181289d-brick_df30521dd0f8afc746d9664dced903f3 /var/lib/heketi/mounts/vg_d72d3bd802d4e511a80ce2f16181289d/brick_df30521dd0f8afc746d9664dced903f3'
Result: 
[sshexec] DEBUG 2017/04/27 02:18:15 /src/github.com/heketi/heketi/pkg/utils/ssh/ssh.go:176: Host: 192.168.48.14:22 Command: /bin/bash -c 'mkdir /var/lib/heketi/mounts/vg_d72d3bd802d4e511a80ce2f16181289d/brick_df30521dd0f8afc746d9664dced903f3/brick'
Result: 
[sshexec] DEBUG 2017/04/27 02:18:15 /src/github.com/heketi/heketi/pkg/utils/ssh/ssh.go:176: Host: 192.168.48.14:22 Command: /bin/bash -c 'chown :2000 /var/lib/heketi/mounts/vg_d72d3bd802d4e511a80ce2f16181289d/brick_df30521dd0f8afc746d9664dced903f3/brick'
Result: 
[sshexec] DEBUG 2017/04/27 02:18:15 /src/github.com/heketi/heketi/pkg/utils/ssh/ssh.go:176: Host: 192.168.48.14:22 Command: /bin/bash -c 'chmod 2775 /var/lib/heketi/mounts/vg_d72d3bd802d4e511a80ce2f16181289d/brick_df30521dd0f8afc746d9664dced903f3/brick'
Result: 
[sshexec] DEBUG 2017/04/27 02:18:15 /src/github.com/heketi/heketi/pkg/utils/ssh/ssh.go:176: Host: 192.168.48.17:22 Command: /bin/bash -c 'mount -o rw,inode64,noatime,nouuid /dev/mapper/vg_6c7ff8b53124baa86b5b789cd93274e1-brick_7749b7d5e8811efae484849be6ca2cf3 /var/lib/heketi/mounts/vg_6c7ff8b53124baa86b5b789cd93274e1/brick_7749b7d5e8811efae484849be6ca2cf3'
Result: 
[sshexec] DEBUG 2017/04/27 02:18:15 /src/github.com/heketi/heketi/pkg/utils/ssh/ssh.go:176: Host: 192.168.48.17:22 Command: /bin/bash -c 'mkdir /var/lib/heketi/mounts/vg_6c7ff8b53124baa86b5b789cd93274e1/brick_7749b7d5e8811efae484849be6ca2cf3/brick'
Result: 
[sshexec] DEBUG 2017/04/27 02:18:15 /src/github.com/heketi/heketi/pkg/utils/ssh/ssh.go:176: Host: 192.168.48.17:22 Command: /bin/bash -c 'chown :2000 /var/lib/heketi/mounts/vg_6c7ff8b53124baa86b5b789cd93274e1/brick_7749b7d5e8811efae484849be6ca2cf3/brick'
Result: 
[sshexec] DEBUG 2017/04/27 02:18:15 /src/github.com/heketi/heketi/pkg/utils/ssh/ssh.go:176: Host: 192.168.48.17:22 Command: /bin/bash -c 'chmod 2775 /var/lib/heketi/mounts/vg_6c7ff8b53124baa86b5b789cd93274e1/brick_7749b7d5e8811efae484849be6ca2cf3/brick'
Result: 
[sshexec] INFO 2017/04/27 02:18:15 Creating volume vol_84977cfbf281a29b0c2c8b9eb7c0919e replica 3
[sshexec] ERROR 2017/04/27 02:18:15 /src/github.com/heketi/heketi/pkg/utils/ssh/ssh.go:173: Failed to run command [/bin/bash -c 'gluster --mode=script volume create vol_84977cfbf281a29b0c2c8b9eb7c0919e replica 3 192.168.48.14:/var/lib/heketi/mounts/vg_d72d3bd802d4e511a80ce2f16181289d/brick_df30521dd0f8afc746d9664dced903f3/brick 192.168.48.12:/var/lib/heketi/mounts/vg_403cca7edce115dc1c641acc2f5f11fb/brick_745c210780c54ae283a47cbb1dafe507/brick 192.168.48.17:/var/lib/heketi/mounts/vg_6c7ff8b53124baa86b5b789cd93274e1/brick_7749b7d5e8811efae484849be6ca2cf3/brick '] on 192.168.48.14:22: Err[Process exited with: 1. Reason was:  ()]: Stdout []: Stderr [volume create: vol_84977cfbf281a29b0c2c8b9eb7c0919e: failed: Staging failed on 192.168.48.17. Error: Host 192.168.48.14 is not in 'Peer in Cluster' state
Staging failed on 192.168.48.12. Error: Host 192.168.48.14 is not in 'Peer in Cluster' state
]
[negroni] Started GET /queue/155be0df671c2a31f01e644fd57e4f96
[negroni] Completed 200 OK in 83.722µs
[sshexec] ERROR 2017/04/27 02:18:15 /src/github.com/heketi/heketi/pkg/utils/ssh/ssh.go:173: Failed to run command [/bin/bash -c 'gluster --mode=script volume stop vol_84977cfbf281a29b0c2c8b9eb7c0919e force'] on 192.168.48.14:22: Err[Process exited with: 1. Reason was:  ()]: Stdout []: Stderr [volume stop: vol_84977cfbf281a29b0c2c8b9eb7c0919e: failed: Volume vol_84977cfbf281a29b0c2c8b9eb7c0919e does not exist
]
[sshexec] ERROR 2017/04/27 02:18:15 /src/github.com/heketi/heketi/executors/sshexec/volume.go:130: Unable to stop volume vol_84977cfbf281a29b0c2c8b9eb7c0919e: volume stop: vol_84977cfbf281a29b0c2c8b9eb7c0919e: failed: Volume vol_84977cfbf281a29b0c2c8b9eb7c0919e does not exist
[sshexec] ERROR 2017/04/27 02:18:16 /src/github.com/heketi/heketi/pkg/utils/ssh/ssh.go:173: Failed to run command [/bin/bash -c 'gluster --mode=script volume delete vol_84977cfbf281a29b0c2c8b9eb7c0919e'] on 192.168.48.14:22: Err[Process exited with: 1. Reason was:  ()]: Stdout []: Stderr [volume delete: vol_84977cfbf281a29b0c2c8b9eb7c0919e: failed: Volume vol_84977cfbf281a29b0c2c8b9eb7c0919e does not exist
]
[sshexec] ERROR 2017/04/27 02:18:16 /src/github.com/heketi/heketi/executors/sshexec/volume.go:139: Unable to delete volume vol_84977cfbf281a29b0c2c8b9eb7c0919e: volume delete: vol_84977cfbf281a29b0c2c8b9eb7c0919e: failed: Volume vol_84977cfbf281a29b0c2c8b9eb7c0919e does not exist
[heketi] INFO 2017/04/27 02:18:16 Deleting brick 7749b7d5e8811efae484849be6ca2cf3
[heketi] INFO 2017/04/27 02:18:16 Deleting brick df30521dd0f8afc746d9664dced903f3
[heketi] INFO 2017/04/27 02:18:16 Deleting brick 745c210780c54ae283a47cbb1dafe507
[sshexec] DEBUG 2017/04/27 02:18:16 /src/github.com/heketi/heketi/pkg/utils/ssh/ssh.go:176: Host: 192.168.48.12:22 Command: /bin/bash -c 'umount /var/lib/heketi/mounts/vg_403cca7edce115dc1c641acc2f5f11fb/brick_745c210780c54ae283a47cbb1dafe507'
Result: 
[sshexec] DEBUG 2017/04/27 02:18:16 /src/github.com/heketi/heketi/pkg/utils/ssh/ssh.go:176: Host: 192.168.48.14:22 Command: /bin/bash -c 'umount /var/lib/heketi/mounts/vg_d72d3bd802d4e511a80ce2f16181289d/brick_df30521dd0f8afc746d9664dced903f3'
Result: 
[sshexec] DEBUG 2017/04/27 02:18:16 /src/github.com/heketi/heketi/pkg/utils/ssh/ssh.go:176: Host: 192.168.48.17:22 Command: /bin/bash -c 'umount /var/lib/heketi/mounts/vg_6c7ff8b53124baa86b5b789cd93274e1/brick_7749b7d5e8811efae484849be6ca2cf3'
Result: 
[negroni] Started GET /queue/155be0df671c2a31f01e644fd57e4f96
[negroni] Completed 200 OK in 51.808µs
[sshexec] DEBUG 2017/04/27 02:18:16 /src/github.com/heketi/heketi/pkg/utils/ssh/ssh.go:176: Host: 192.168.48.14:22 Command: /bin/bash -c 'lvremove -f vg_d72d3bd802d4e511a80ce2f16181289d/tp_df30521dd0f8afc746d9664dced903f3'
Result:   Logical volume "brick_df30521dd0f8afc746d9664dced903f3" successfully removed
  Logical volume "tp_df30521dd0f8afc746d9664dced903f3" successfully removed
[sshexec] DEBUG 2017/04/27 02:18:16 /src/github.com/heketi/heketi/pkg/utils/ssh/ssh.go:176: Host: 192.168.48.17:22 Command: /bin/bash -c 'lvremove -f vg_6c7ff8b53124baa86b5b789cd93274e1/tp_7749b7d5e8811efae484849be6ca2cf3'
Result:   Logical volume "brick_7749b7d5e8811efae484849be6ca2cf3" successfully removed
  Logical volume "tp_7749b7d5e8811efae484849be6ca2cf3" successfully removed
[sshexec] DEBUG 2017/04/27 02:18:16 /src/github.com/heketi/heketi/pkg/utils/ssh/ssh.go:176: Host: 192.168.48.12:22 Command: /bin/bash -c 'lvremove -f vg_403cca7edce115dc1c641acc2f5f11fb/tp_745c210780c54ae283a47cbb1dafe507'
Result:   Logical volume "brick_745c210780c54ae283a47cbb1dafe507" successfully removed
  Logical volume "tp_745c210780c54ae283a47cbb1dafe507" successfully removed
[sshexec] DEBUG 2017/04/27 02:18:17 /src/github.com/heketi/heketi/pkg/utils/ssh/ssh.go:176: Host: 192.168.48.14:22 Command: /bin/bash -c 'rmdir /var/lib/heketi/mounts/vg_d72d3bd802d4e511a80ce2f16181289d/brick_df30521dd0f8afc746d9664dced903f3'
Result: 
[sshexec] DEBUG 2017/04/27 02:18:17 /src/github.com/heketi/heketi/pkg/utils/ssh/ssh.go:176: Host: 192.168.48.17:22 Command: /bin/bash -c 'rmdir /var/lib/heketi/mounts/vg_6c7ff8b53124baa86b5b789cd93274e1/brick_7749b7d5e8811efae484849be6ca2cf3'
Result: 
[sshexec] DEBUG 2017/04/27 02:18:17 /src/github.com/heketi/heketi/pkg/utils/ssh/ssh.go:176: Host: 192.168.48.12:22 Command: /bin/bash -c 'rmdir /var/lib/heketi/mounts/vg_403cca7edce115dc1c641acc2f5f11fb/brick_745c210780c54ae283a47cbb1dafe507'
Result: 
[sshexec] DEBUG 2017/04/27 02:18:17 /src/github.com/heketi/heketi/pkg/utils/ssh/ssh.go:176: Host: 192.168.48.14:22 Command: /bin/bash -c 'sed -i.save "/brick_df30521dd0f8afc746d9664dced903f3/d" /etc/fstab'
Result: 
[sshexec] DEBUG 2017/04/27 02:18:17 /src/github.com/heketi/heketi/pkg/utils/ssh/ssh.go:176: Host: 192.168.48.17:22 Command: /bin/bash -c 'sed -i.save "/brick_7749b7d5e8811efae484849be6ca2cf3/d" /etc/fstab'
Result: 
[sshexec] DEBUG 2017/04/27 02:18:17 /src/github.com/heketi/heketi/pkg/utils/ssh/ssh.go:176: Host: 192.168.48.12:22 Command: /bin/bash -c 'sed -i.save "/brick_745c210780c54ae283a47cbb1dafe507/d" /etc/fstab'
Result: 
[asynchttp] INFO 2017/04/27 02:18:17 Completed job 155be0df671c2a31f01e644fd57e4f96 in 3.627057295s
[heketi] ERROR 2017/04/27 02:18:17 /src/github.com/heketi/heketi/apps/glusterfs/app_volume.go:148: Failed to create volume: volume create: vol_84977cfbf281a29b0c2c8b9eb7c0919e: failed: Staging failed on 192.168.48.17. Error: Host 192.168.48.14 is not in 'Peer in Cluster' state
Staging failed on 192.168.48.12. Error: Host 192.168.48.14 is not in 'Peer in Cluster' state
[negroni] Started GET /queue/155be0df671c2a31f01e644fd57e4f96
[negroni] Completed 500 Internal Server Error in 57.725µs
[negroni] Started POST /volumes
[negroni] Completed 202 Accepted in 18.368993ms
[asynchttp] INFO 2017/04/27 02:18:28 Started job ce606640f7e264a11cff4b64698a649c
[heketi] INFO 2017/04/27 02:18:28 Creating volume 92d5ece1f851894b4794bd8c94e4d66b
[heketi] INFO 2017/04/27 02:18:28 brick_num: 0
[negroni] Started GET /queue/ce606640f7e264a11cff4b64698a649c
[negroni] Completed 200 OK in 157.694µs
[heketi] INFO 2017/04/27 02:18:28 Creating brick a45359a702c7ee4247432c204326b91e
[heketi] INFO 2017/04/27 02:18:28 Creating brick 5791c4762f2ba2bf4325ec6c18edc58d
[heketi] INFO 2017/04/27 02:18:28 Creating brick 338ee4b41f98c6eea37d9372c72df51d
[sshexec] DEBUG 2017/04/27 02:18:29 /src/github.com/heketi/heketi/pkg/utils/ssh/ssh.go:176: Host: 192.168.48.12:22 Command: /bin/bash -c 'mkdir -p /var/lib/heketi/mounts/vg_403cca7edce115dc1c641acc2f5f11fb/brick_a45359a702c7ee4247432c204326b91e'
Result: 
[sshexec] DEBUG 2017/04/27 02:18:29 /src/github.com/heketi/heketi/pkg/utils/ssh/ssh.go:176: Host: 192.168.48.14:22 Command: /bin/bash -c 'mkdir -p /var/lib/heketi/mounts/vg_d72d3bd802d4e511a80ce2f16181289d/brick_338ee4b41f98c6eea37d9372c72df51d'
Result: 
[sshexec] DEBUG 2017/04/27 02:18:29 /src/github.com/heketi/heketi/pkg/utils/ssh/ssh.go:176: Host: 192.168.48.17:22 Command: /bin/bash -c 'mkdir -p /var/lib/heketi/mounts/vg_6c7ff8b53124baa86b5b789cd93274e1/brick_5791c4762f2ba2bf4325ec6c18edc58d'
Result: 
[sshexec] DEBUG 2017/04/27 02:18:29 /src/github.com/heketi/heketi/pkg/utils/ssh/ssh.go:176: Host: 192.168.48.14:22 Command: /bin/bash -c 'lvcreate --poolmetadatasize 8192K -c 256K -L 1048576K -T vg_d72d3bd802d4e511a80ce2f16181289d/tp_338ee4b41f98c6eea37d9372c72df51d -V 1048576K -n brick_338ee4b41f98c6eea37d9372c72df51d'
Result:   Logical volume "brick_338ee4b41f98c6eea37d9372c72df51d" created.
[sshexec] DEBUG 2017/04/27 02:18:29 /src/github.com/heketi/heketi/pkg/utils/ssh/ssh.go:176: Host: 192.168.48.17:22 Command: /bin/bash -c 'lvcreate --poolmetadatasize 8192K -c 256K -L 1048576K -T vg_6c7ff8b53124baa86b5b789cd93274e1/tp_5791c4762f2ba2bf4325ec6c18edc58d -V 1048576K -n brick_5791c4762f2ba2bf4325ec6c18edc58d'
Result:   Logical volume "brick_5791c4762f2ba2bf4325ec6c18edc58d" created.
[sshexec] DEBUG 2017/04/27 02:18:29 /src/github.com/heketi/heketi/pkg/utils/ssh/ssh.go:176: Host: 192.168.48.12:22 Command: /bin/bash -c 'lvcreate --poolmetadatasize 8192K -c 256K -L 1048576K -T vg_403cca7edce115dc1c641acc2f5f11fb/tp_a45359a702c7ee4247432c204326b91e -V 1048576K -n brick_a45359a702c7ee4247432c204326b91e'
Result:   Logical volume "brick_a45359a702c7ee4247432c204326b91e" created.
[sshexec] DEBUG 2017/04/27 02:18:29 /src/github.com/heketi/heketi/pkg/utils/ssh/ssh.go:176: Host: 192.168.48.14:22 Command: /bin/bash -c 'mkfs.xfs -i size=512 -n size=8192 /dev/mapper/vg_d72d3bd802d4e511a80ce2f16181289d-brick_338ee4b41f98c6eea37d9372c72df51d'
Result: meta-data=/dev/mapper/vg_d72d3bd802d4e511a80ce2f16181289d-brick_338ee4b41f98c6eea37d9372c72df51d isize=512    agcount=8, agsize=32704 blks
         =                       sectsz=512   attr=2, projid32bit=1
         =                       crc=1        finobt=1, sparse=0
data     =                       bsize=4096   blocks=261632, imaxpct=25
         =                       sunit=64     swidth=64 blks
naming   =version 2              bsize=8192   ascii-ci=0 ftype=1
log      =internal log           bsize=4096   blocks=1728, version=2
         =                       sectsz=512   sunit=64 blks, lazy-count=1
realtime =none                   extsz=4096   blocks=0, rtextents=0
[sshexec] DEBUG 2017/04/27 02:18:29 /src/github.com/heketi/heketi/pkg/utils/ssh/ssh.go:176: Host: 192.168.48.14:22 Command: /bin/bash -c 'echo "/dev/mapper/vg_d72d3bd802d4e511a80ce2f16181289d-brick_338ee4b41f98c6eea37d9372c72df51d /var/lib/heketi/mounts/vg_d72d3bd802d4e511a80ce2f16181289d/brick_338ee4b41f98c6eea37d9372c72df51d xfs rw,inode64,noatime,nouuid 1 2" | tee -a /etc/fstab > /dev/null '
Result: 
[negroni] Started GET /queue/ce606640f7e264a11cff4b64698a649c
[negroni] Completed 200 OK in 76.515µs
[sshexec] DEBUG 2017/04/27 02:18:29 /src/github.com/heketi/heketi/pkg/utils/ssh/ssh.go:176: Host: 192.168.48.17:22 Command: /bin/bash -c 'mkfs.xfs -i size=512 -n size=8192 /dev/mapper/vg_6c7ff8b53124baa86b5b789cd93274e1-brick_5791c4762f2ba2bf4325ec6c18edc58d'
Result: meta-data=/dev/mapper/vg_6c7ff8b53124baa86b5b789cd93274e1-brick_5791c4762f2ba2bf4325ec6c18edc58d isize=512    agcount=8, agsize=32704 blks
         =                       sectsz=512   attr=2, projid32bit=1
         =                       crc=1        finobt=1, sparse=0
data     =                       bsize=4096   blocks=261632, imaxpct=25
         =                       sunit=64     swidth=64 blks
naming   =version 2              bsize=8192   ascii-ci=0 ftype=1
log      =internal log           bsize=4096   blocks=1728, version=2
         =                       sectsz=512   sunit=64 blks, lazy-count=1
realtime =none                   extsz=4096   blocks=0, rtextents=0
[sshexec] DEBUG 2017/04/27 02:18:29 /src/github.com/heketi/heketi/pkg/utils/ssh/ssh.go:176: Host: 192.168.48.17:22 Command: /bin/bash -c 'echo "/dev/mapper/vg_6c7ff8b53124baa86b5b789cd93274e1-brick_5791c4762f2ba2bf4325ec6c18edc58d /var/lib/heketi/mounts/vg_6c7ff8b53124baa86b5b789cd93274e1/brick_5791c4762f2ba2bf4325ec6c18edc58d xfs rw,inode64,noatime,nouuid 1 2" | tee -a /etc/fstab > /dev/null '
Result: 
[sshexec] DEBUG 2017/04/27 02:18:29 /src/github.com/heketi/heketi/pkg/utils/ssh/ssh.go:176: Host: 192.168.48.12:22 Command: /bin/bash -c 'mkfs.xfs -i size=512 -n size=8192 /dev/mapper/vg_403cca7edce115dc1c641acc2f5f11fb-brick_a45359a702c7ee4247432c204326b91e'
Result: meta-data=/dev/mapper/vg_403cca7edce115dc1c641acc2f5f11fb-brick_a45359a702c7ee4247432c204326b91e isize=512    agcount=8, agsize=32704 blks
         =                       sectsz=4096  attr=2, projid32bit=1
         =                       crc=1        finobt=1, sparse=0
data     =                       bsize=4096   blocks=261632, imaxpct=25
         =                       sunit=64     swidth=64 blks
naming   =version 2              bsize=8192   ascii-ci=0 ftype=1
log      =internal log           bsize=4096   blocks=576, version=2
         =                       sectsz=4096  sunit=1 blks, lazy-count=1
realtime =none                   extsz=4096   blocks=0, rtextents=0
[sshexec] DEBUG 2017/04/27 02:18:29 /src/github.com/heketi/heketi/pkg/utils/ssh/ssh.go:176: Host: 192.168.48.12:22 Command: /bin/bash -c 'echo "/dev/mapper/vg_403cca7edce115dc1c641acc2f5f11fb-brick_a45359a702c7ee4247432c204326b91e /var/lib/heketi/mounts/vg_403cca7edce115dc1c641acc2f5f11fb/brick_a45359a702c7ee4247432c204326b91e xfs rw,inode64,noatime,nouuid 1 2" | tee -a /etc/fstab > /dev/null '
Result: 
[sshexec] DEBUG 2017/04/27 02:18:29 /src/github.com/heketi/heketi/pkg/utils/ssh/ssh.go:176: Host: 192.168.48.12:22 Command: /bin/bash -c 'mount -o rw,inode64,noatime,nouuid /dev/mapper/vg_403cca7edce115dc1c641acc2f5f11fb-brick_a45359a702c7ee4247432c204326b91e /var/lib/heketi/mounts/vg_403cca7edce115dc1c641acc2f5f11fb/brick_a45359a702c7ee4247432c204326b91e'
Result: 
[sshexec] DEBUG 2017/04/27 02:18:30 /src/github.com/heketi/heketi/pkg/utils/ssh/ssh.go:176: Host: 192.168.48.12:22 Command: /bin/bash -c 'mkdir /var/lib/heketi/mounts/vg_403cca7edce115dc1c641acc2f5f11fb/brick_a45359a702c7ee4247432c204326b91e/brick'
Result: 
[sshexec] DEBUG 2017/04/27 02:18:30 /src/github.com/heketi/heketi/pkg/utils/ssh/ssh.go:176: Host: 192.168.48.12:22 Command: /bin/bash -c 'chown :2000 /var/lib/heketi/mounts/vg_403cca7edce115dc1c641acc2f5f11fb/brick_a45359a702c7ee4247432c204326b91e/brick'
Result: 
[sshexec] DEBUG 2017/04/27 02:18:30 /src/github.com/heketi/heketi/pkg/utils/ssh/ssh.go:176: Host: 192.168.48.12:22 Command: /bin/bash -c 'chmod 2775 /var/lib/heketi/mounts/vg_403cca7edce115dc1c641acc2f5f11fb/brick_a45359a702c7ee4247432c204326b91e/brick'
Result: 
[sshexec] DEBUG 2017/04/27 02:18:30 /src/github.com/heketi/heketi/pkg/utils/ssh/ssh.go:176: Host: 192.168.48.14:22 Command: /bin/bash -c 'mount -o rw,inode64,noatime,nouuid /dev/mapper/vg_d72d3bd802d4e511a80ce2f16181289d-brick_338ee4b41f98c6eea37d9372c72df51d /var/lib/heketi/mounts/vg_d72d3bd802d4e511a80ce2f16181289d/brick_338ee4b41f98c6eea37d9372c72df51d'
Result: 
[sshexec] DEBUG 2017/04/27 02:18:30 /src/github.com/heketi/heketi/pkg/utils/ssh/ssh.go:176: Host: 192.168.48.14:22 Command: /bin/bash -c 'mkdir /var/lib/heketi/mounts/vg_d72d3bd802d4e511a80ce2f16181289d/brick_338ee4b41f98c6eea37d9372c72df51d/brick'
Result: 
[sshexec] DEBUG 2017/04/27 02:18:30 /src/github.com/heketi/heketi/pkg/utils/ssh/ssh.go:176: Host: 192.168.48.17:22 Command: /bin/bash -c 'mount -o rw,inode64,noatime,nouuid /dev/mapper/vg_6c7ff8b53124baa86b5b789cd93274e1-brick_5791c4762f2ba2bf4325ec6c18edc58d /var/lib/heketi/mounts/vg_6c7ff8b53124baa86b5b789cd93274e1/brick_5791c4762f2ba2bf4325ec6c18edc58d'
Result: 
[sshexec] DEBUG 2017/04/27 02:18:30 /src/github.com/heketi/heketi/pkg/utils/ssh/ssh.go:176: Host: 192.168.48.14:22 Command: /bin/bash -c 'chown :2000 /var/lib/heketi/mounts/vg_d72d3bd802d4e511a80ce2f16181289d/brick_338ee4b41f98c6eea37d9372c72df51d/brick'
Result: 
[sshexec] DEBUG 2017/04/27 02:18:30 /src/github.com/heketi/heketi/pkg/utils/ssh/ssh.go:176: Host: 192.168.48.17:22 Command: /bin/bash -c 'mkdir /var/lib/heketi/mounts/vg_6c7ff8b53124baa86b5b789cd93274e1/brick_5791c4762f2ba2bf4325ec6c18edc58d/brick'
Result: 
[sshexec] DEBUG 2017/04/27 02:18:30 /src/github.com/heketi/heketi/pkg/utils/ssh/ssh.go:176: Host: 192.168.48.14:22 Command: /bin/bash -c 'chmod 2775 /var/lib/heketi/mounts/vg_d72d3bd802d4e511a80ce2f16181289d/brick_338ee4b41f98c6eea37d9372c72df51d/brick'
Result: 
[sshexec] DEBUG 2017/04/27 02:18:30 /src/github.com/heketi/heketi/pkg/utils/ssh/ssh.go:176: Host: 192.168.48.17:22 Command: /bin/bash -c 'chown :2000 /var/lib/heketi/mounts/vg_6c7ff8b53124baa86b5b789cd93274e1/brick_5791c4762f2ba2bf4325ec6c18edc58d/brick'
Result: 
[sshexec] DEBUG 2017/04/27 02:18:30 /src/github.com/heketi/heketi/pkg/utils/ssh/ssh.go:176: Host: 192.168.48.17:22 Command: /bin/bash -c 'chmod 2775 /var/lib/heketi/mounts/vg_6c7ff8b53124baa86b5b789cd93274e1/brick_5791c4762f2ba2bf4325ec6c18edc58d/brick'
Result: 
[sshexec] INFO 2017/04/27 02:18:30 Creating volume vol_92d5ece1f851894b4794bd8c94e4d66b replica 3
[sshexec] ERROR 2017/04/27 02:18:30 /src/github.com/heketi/heketi/pkg/utils/ssh/ssh.go:173: Failed to run command [/bin/bash -c 'gluster --mode=script volume create vol_92d5ece1f851894b4794bd8c94e4d66b replica 3 192.168.48.12:/var/lib/heketi/mounts/vg_403cca7edce115dc1c641acc2f5f11fb/brick_a45359a702c7ee4247432c204326b91e/brick 192.168.48.17:/var/lib/heketi/mounts/vg_6c7ff8b53124baa86b5b789cd93274e1/brick_5791c4762f2ba2bf4325ec6c18edc58d/brick 192.168.48.14:/var/lib/heketi/mounts/vg_d72d3bd802d4e511a80ce2f16181289d/brick_338ee4b41f98c6eea37d9372c72df51d/brick '] on 192.168.48.12:22: Err[Process exited with: 1. Reason was:  ()]: Stdout []: Stderr [volume create: vol_92d5ece1f851894b4794bd8c94e4d66b: failed: Host 192.168.48.14 is not in 'Peer in Cluster' state
]
[sshexec] ERROR 2017/04/27 02:18:30 /src/github.com/heketi/heketi/pkg/utils/ssh/ssh.go:173: Failed to run command [/bin/bash -c 'gluster --mode=script volume stop vol_92d5ece1f851894b4794bd8c94e4d66b force'] on 192.168.48.12:22: Err[Process exited with: 1. Reason was:  ()]: Stdout []: Stderr [volume stop: vol_92d5ece1f851894b4794bd8c94e4d66b: failed: Volume vol_92d5ece1f851894b4794bd8c94e4d66b does not exist
]
[sshexec] ERROR 2017/04/27 02:18:30 /src/github.com/heketi/heketi/executors/sshexec/volume.go:130: Unable to stop volume vol_92d5ece1f851894b4794bd8c94e4d66b: volume stop: vol_92d5ece1f851894b4794bd8c94e4d66b: failed: Volume vol_92d5ece1f851894b4794bd8c94e4d66b does not exist
[negroni] Started GET /queue/ce606640f7e264a11cff4b64698a649c
[negroni] Completed 200 OK in 64.48µs
[sshexec] ERROR 2017/04/27 02:18:30 /src/github.com/heketi/heketi/pkg/utils/ssh/ssh.go:173: Failed to run command [/bin/bash -c 'gluster --mode=script volume delete vol_92d5ece1f851894b4794bd8c94e4d66b'] on 192.168.48.12:22: Err[Process exited with: 1. Reason was:  ()]: Stdout []: Stderr [volume delete: vol_92d5ece1f851894b4794bd8c94e4d66b: failed: Volume vol_92d5ece1f851894b4794bd8c94e4d66b does not exist
]
[sshexec] ERROR 2017/04/27 02:18:30 /src/github.com/heketi/heketi/executors/sshexec/volume.go:139: Unable to delete volume vol_92d5ece1f851894b4794bd8c94e4d66b: volume delete: vol_92d5ece1f851894b4794bd8c94e4d66b: failed: Volume vol_92d5ece1f851894b4794bd8c94e4d66b does not exist
[heketi] INFO 2017/04/27 02:18:30 Deleting brick 5791c4762f2ba2bf4325ec6c18edc58d
[heketi] INFO 2017/04/27 02:18:30 Deleting brick 338ee4b41f98c6eea37d9372c72df51d
[heketi] INFO 2017/04/27 02:18:30 Deleting brick a45359a702c7ee4247432c204326b91e
[sshexec] DEBUG 2017/04/27 02:18:31 /src/github.com/heketi/heketi/pkg/utils/ssh/ssh.go:176: Host: 192.168.48.12:22 Command: /bin/bash -c 'umount /var/lib/heketi/mounts/vg_403cca7edce115dc1c641acc2f5f11fb/brick_a45359a702c7ee4247432c204326b91e'
Result: 
[sshexec] DEBUG 2017/04/27 02:18:31 /src/github.com/heketi/heketi/pkg/utils/ssh/ssh.go:176: Host: 192.168.48.14:22 Command: /bin/bash -c 'umount /var/lib/heketi/mounts/vg_d72d3bd802d4e511a80ce2f16181289d/brick_338ee4b41f98c6eea37d9372c72df51d'
Result: 
[sshexec] DEBUG 2017/04/27 02:18:31 /src/github.com/heketi/heketi/pkg/utils/ssh/ssh.go:176: Host: 192.168.48.17:22 Command: /bin/bash -c 'umount /var/lib/heketi/mounts/vg_6c7ff8b53124baa86b5b789cd93274e1/brick_5791c4762f2ba2bf4325ec6c18edc58d'
Result: 
[sshexec] DEBUG 2017/04/27 02:18:31 /src/github.com/heketi/heketi/pkg/utils/ssh/ssh.go:176: Host: 192.168.48.14:22 Command: /bin/bash -c 'lvremove -f vg_d72d3bd802d4e511a80ce2f16181289d/tp_338ee4b41f98c6eea37d9372c72df51d'
Result:   Logical volume "brick_338ee4b41f98c6eea37d9372c72df51d" successfully removed
  Logical volume "tp_338ee4b41f98c6eea37d9372c72df51d" successfully removed
[sshexec] DEBUG 2017/04/27 02:18:31 /src/github.com/heketi/heketi/pkg/utils/ssh/ssh.go:176: Host: 192.168.48.12:22 Command: /bin/bash -c 'lvremove -f vg_403cca7edce115dc1c641acc2f5f11fb/tp_a45359a702c7ee4247432c204326b91e'
Result:   Logical volume "brick_a45359a702c7ee4247432c204326b91e" successfully removed
  Logical volume "tp_a45359a702c7ee4247432c204326b91e" successfully removed
[sshexec] DEBUG 2017/04/27 02:18:31 /src/github.com/heketi/heketi/pkg/utils/ssh/ssh.go:176: Host: 192.168.48.17:22 Command: /bin/bash -c 'lvremove -f vg_6c7ff8b53124baa86b5b789cd93274e1/tp_5791c4762f2ba2bf4325ec6c18edc58d'
Result:   Logical volume "brick_5791c4762f2ba2bf4325ec6c18edc58d" successfully removed
  Logical volume "tp_5791c4762f2ba2bf4325ec6c18edc58d" successfully removed
[negroni] Started GET /queue/ce606640f7e264a11cff4b64698a649c
[negroni] Completed 200 OK in 65.592µs
[sshexec] DEBUG 2017/04/27 02:18:31 /src/github.com/heketi/heketi/pkg/utils/ssh/ssh.go:176: Host: 192.168.48.14:22 Command: /bin/bash -c 'rmdir /var/lib/heketi/mounts/vg_d72d3bd802d4e511a80ce2f16181289d/brick_338ee4b41f98c6eea37d9372c72df51d'
Result: 
[sshexec] DEBUG 2017/04/27 02:18:31 /src/github.com/heketi/heketi/pkg/utils/ssh/ssh.go:176: Host: 192.168.48.12:22 Command: /bin/bash -c 'rmdir /var/lib/heketi/mounts/vg_403cca7edce115dc1c641acc2f5f11fb/brick_a45359a702c7ee4247432c204326b91e'
Result: 
[sshexec] DEBUG 2017/04/27 02:18:32 /src/github.com/heketi/heketi/pkg/utils/ssh/ssh.go:176: Host: 192.168.48.17:22 Command: /bin/bash -c 'rmdir /var/lib/heketi/mounts/vg_6c7ff8b53124baa86b5b789cd93274e1/brick_5791c4762f2ba2bf4325ec6c18edc58d'
Result: 
[sshexec] DEBUG 2017/04/27 02:18:32 /src/github.com/heketi/heketi/pkg/utils/ssh/ssh.go:176: Host: 192.168.48.12:22 Command: /bin/bash -c 'sed -i.save "/brick_a45359a702c7ee4247432c204326b91e/d" /etc/fstab'
Result: 
[sshexec] DEBUG 2017/04/27 02:18:32 /src/github.com/heketi/heketi/pkg/utils/ssh/ssh.go:176: Host: 192.168.48.14:22 Command: /bin/bash -c 'sed -i.save "/brick_338ee4b41f98c6eea37d9372c72df51d/d" /etc/fstab'
Result: 
[sshexec] DEBUG 2017/04/27 02:18:32 /src/github.com/heketi/heketi/pkg/utils/ssh/ssh.go:176: Host: 192.168.48.17:22 Command: /bin/bash -c 'sed -i.save "/brick_5791c4762f2ba2bf4325ec6c18edc58d/d" /etc/fstab'
Result: 
[asynchttp] INFO 2017/04/27 02:18:32 Completed job ce606640f7e264a11cff4b64698a649c in 3.488351136s
[heketi] ERROR 2017/04/27 02:18:32 /src/github.com/heketi/heketi/apps/glusterfs/app_volume.go:148: Failed to create volume: volume create: vol_92d5ece1f851894b4794bd8c94e4d66b: failed: Host 192.168.48.14 is not in 'Peer in Cluster' state
[negroni] Started GET /queue/ce606640f7e264a11cff4b64698a649c
[negroni] Completed 500 Internal Server Error in 77.834µs
[negroni] Started GET /clusters
[negroni] Completed 200 OK in 11.194003ms
[negroni] Started GET /clusters/8397fe52e42cb7fe643e8022d4305962
[negroni] Completed 200 OK in 1.449945ms
[negroni] Started POST /volumes
[negroni] Completed 202 Accepted in 3.426309ms
[asynchttp] INFO 2017/04/27 02:18:43 Started job 403ad810e5750a10a625776af4a8efc2
[heketi] INFO 2017/04/27 02:18:43 Creating volume e7c6c920281de8944045f91a984cc603
[heketi] INFO 2017/04/27 02:18:43 brick_num: 0
[negroni] Started GET /queue/403ad810e5750a10a625776af4a8efc2
[negroni] Completed 200 OK in 141.38µs
[heketi] INFO 2017/04/27 02:18:43 Creating brick 76a0aff907232ad983292c2fa6230f7a
[heketi] INFO 2017/04/27 02:18:43 Creating brick c288e325b9348243947e45dfc965bf20
[heketi] INFO 2017/04/27 02:18:43 Creating brick ef51cdfedb8ffc24830062a17871884f
[sshexec] DEBUG 2017/04/27 02:18:44 /src/github.com/heketi/heketi/pkg/utils/ssh/ssh.go:176: Host: 192.168.48.12:22 Command: /bin/bash -c 'mkdir -p /var/lib/heketi/mounts/vg_403cca7edce115dc1c641acc2f5f11fb/brick_ef51cdfedb8ffc24830062a17871884f'
Result: 
[sshexec] DEBUG 2017/04/27 02:18:44 /src/github.com/heketi/heketi/pkg/utils/ssh/ssh.go:176: Host: 192.168.48.14:22 Command: /bin/bash -c 'mkdir -p /var/lib/heketi/mounts/vg_d72d3bd802d4e511a80ce2f16181289d/brick_76a0aff907232ad983292c2fa6230f7a'
Result: 
[sshexec] DEBUG 2017/04/27 02:18:44 /src/github.com/heketi/heketi/pkg/utils/ssh/ssh.go:176: Host: 192.168.48.17:22 Command: /bin/bash -c 'mkdir -p /var/lib/heketi/mounts/vg_6c7ff8b53124baa86b5b789cd93274e1/brick_c288e325b9348243947e45dfc965bf20'
Result: 
[sshexec] DEBUG 2017/04/27 02:18:44 /src/github.com/heketi/heketi/pkg/utils/ssh/ssh.go:176: Host: 192.168.48.12:22 Command: /bin/bash -c 'lvcreate --poolmetadatasize 8192K -c 256K -L 1048576K -T vg_403cca7edce115dc1c641acc2f5f11fb/tp_ef51cdfedb8ffc24830062a17871884f -V 1048576K -n brick_ef51cdfedb8ffc24830062a17871884f'
Result:   Logical volume "brick_ef51cdfedb8ffc24830062a17871884f" created.
[sshexec] DEBUG 2017/04/27 02:18:44 /src/github.com/heketi/heketi/pkg/utils/ssh/ssh.go:176: Host: 192.168.48.17:22 Command: /bin/bash -c 'lvcreate --poolmetadatasize 8192K -c 256K -L 1048576K -T vg_6c7ff8b53124baa86b5b789cd93274e1/tp_c288e325b9348243947e45dfc965bf20 -V 1048576K -n brick_c288e325b9348243947e45dfc965bf20'
Result:   Logical volume "brick_c288e325b9348243947e45dfc965bf20" created.
[sshexec] DEBUG 2017/04/27 02:18:44 /src/github.com/heketi/heketi/pkg/utils/ssh/ssh.go:176: Host: 192.168.48.14:22 Command: /bin/bash -c 'lvcreate --poolmetadatasize 8192K -c 256K -L 1048576K -T vg_d72d3bd802d4e511a80ce2f16181289d/tp_76a0aff907232ad983292c2fa6230f7a -V 1048576K -n brick_76a0aff907232ad983292c2fa6230f7a'
Result:   Logical volume "brick_76a0aff907232ad983292c2fa6230f7a" created.
[sshexec] DEBUG 2017/04/27 02:18:44 /src/github.com/heketi/heketi/pkg/utils/ssh/ssh.go:176: Host: 192.168.48.12:22 Command: /bin/bash -c 'mkfs.xfs -i size=512 -n size=8192 /dev/mapper/vg_403cca7edce115dc1c641acc2f5f11fb-brick_ef51cdfedb8ffc24830062a17871884f'
Result: meta-data=/dev/mapper/vg_403cca7edce115dc1c641acc2f5f11fb-brick_ef51cdfedb8ffc24830062a17871884f isize=512    agcount=8, agsize=32704 blks
         =                       sectsz=4096  attr=2, projid32bit=1
         =                       crc=1        finobt=1, sparse=0
data     =                       bsize=4096   blocks=261632, imaxpct=25
         =                       sunit=64     swidth=64 blks
naming   =version 2              bsize=8192   ascii-ci=0 ftype=1
log      =internal log           bsize=4096   blocks=576, version=2
         =                       sectsz=4096  sunit=1 blks, lazy-count=1
realtime =none                   extsz=4096   blocks=0, rtextents=0
[negroni] Started GET /queue/403ad810e5750a10a625776af4a8efc2
[negroni] Completed 200 OK in 58.574µs
[sshexec] DEBUG 2017/04/27 02:18:44 /src/github.com/heketi/heketi/pkg/utils/ssh/ssh.go:176: Host: 192.168.48.17:22 Command: /bin/bash -c 'mkfs.xfs -i size=512 -n size=8192 /dev/mapper/vg_6c7ff8b53124baa86b5b789cd93274e1-brick_c288e325b9348243947e45dfc965bf20'
Result: meta-data=/dev/mapper/vg_6c7ff8b53124baa86b5b789cd93274e1-brick_c288e325b9348243947e45dfc965bf20 isize=512    agcount=8, agsize=32704 blks
         =                       sectsz=512   attr=2, projid32bit=1
         =                       crc=1        finobt=1, sparse=0
data     =                       bsize=4096   blocks=261632, imaxpct=25
         =                       sunit=64     swidth=64 blks
naming   =version 2              bsize=8192   ascii-ci=0 ftype=1
log      =internal log           bsize=4096   blocks=1728, version=2
         =                       sectsz=512   sunit=64 blks, lazy-count=1
realtime =none                   extsz=4096   blocks=0, rtextents=0
[sshexec] DEBUG 2017/04/27 02:18:44 /src/github.com/heketi/heketi/pkg/utils/ssh/ssh.go:176: Host: 192.168.48.12:22 Command: /bin/bash -c 'echo "/dev/mapper/vg_403cca7edce115dc1c641acc2f5f11fb-brick_ef51cdfedb8ffc24830062a17871884f /var/lib/heketi/mounts/vg_403cca7edce115dc1c641acc2f5f11fb/brick_ef51cdfedb8ffc24830062a17871884f xfs rw,inode64,noatime,nouuid 1 2" | tee -a /etc/fstab > /dev/null '
Result: 
[sshexec] DEBUG 2017/04/27 02:18:44 /src/github.com/heketi/heketi/pkg/utils/ssh/ssh.go:176: Host: 192.168.48.17:22 Command: /bin/bash -c 'echo "/dev/mapper/vg_6c7ff8b53124baa86b5b789cd93274e1-brick_c288e325b9348243947e45dfc965bf20 /var/lib/heketi/mounts/vg_6c7ff8b53124baa86b5b789cd93274e1/brick_c288e325b9348243947e45dfc965bf20 xfs rw,inode64,noatime,nouuid 1 2" | tee -a /etc/fstab > /dev/null '
Result: 
[sshexec] DEBUG 2017/04/27 02:18:44 /src/github.com/heketi/heketi/pkg/utils/ssh/ssh.go:176: Host: 192.168.48.14:22 Command: /bin/bash -c 'mkfs.xfs -i size=512 -n size=8192 /dev/mapper/vg_d72d3bd802d4e511a80ce2f16181289d-brick_76a0aff907232ad983292c2fa6230f7a'
Result: meta-data=/dev/mapper/vg_d72d3bd802d4e511a80ce2f16181289d-brick_76a0aff907232ad983292c2fa6230f7a isize=512    agcount=8, agsize=32704 blks
         =                       sectsz=512   attr=2, projid32bit=1
         =                       crc=1        finobt=1, sparse=0
data     =                       bsize=4096   blocks=261632, imaxpct=25
         =                       sunit=64     swidth=64 blks
naming   =version 2              bsize=8192   ascii-ci=0 ftype=1
log      =internal log           bsize=4096   blocks=1728, version=2
         =                       sectsz=512   sunit=64 blks, lazy-count=1
realtime =none                   extsz=4096   blocks=0, rtextents=0
[sshexec] DEBUG 2017/04/27 02:18:44 /src/github.com/heketi/heketi/pkg/utils/ssh/ssh.go:176: Host: 192.168.48.14:22 Command: /bin/bash -c 'echo "/dev/mapper/vg_d72d3bd802d4e511a80ce2f16181289d-brick_76a0aff907232ad983292c2fa6230f7a /var/lib/heketi/mounts/vg_d72d3bd802d4e511a80ce2f16181289d/brick_76a0aff907232ad983292c2fa6230f7a xfs rw,inode64,noatime,nouuid 1 2" | tee -a /etc/fstab > /dev/null '
Result: 
[sshexec] DEBUG 2017/04/27 02:18:44 /src/github.com/heketi/heketi/pkg/utils/ssh/ssh.go:176: Host: 192.168.48.12:22 Command: /bin/bash -c 'mount -o rw,inode64,noatime,nouuid /dev/mapper/vg_403cca7edce115dc1c641acc2f5f11fb-brick_ef51cdfedb8ffc24830062a17871884f /var/lib/heketi/mounts/vg_403cca7edce115dc1c641acc2f5f11fb/brick_ef51cdfedb8ffc24830062a17871884f'
Result: 
[sshexec] DEBUG 2017/04/27 02:18:44 /src/github.com/heketi/heketi/pkg/utils/ssh/ssh.go:176: Host: 192.168.48.12:22 Command: /bin/bash -c 'mkdir /var/lib/heketi/mounts/vg_403cca7edce115dc1c641acc2f5f11fb/brick_ef51cdfedb8ffc24830062a17871884f/brick'
Result: 
[sshexec] DEBUG 2017/04/27 02:18:44 /src/github.com/heketi/heketi/pkg/utils/ssh/ssh.go:176: Host: 192.168.48.12:22 Command: /bin/bash -c 'chown :2000 /var/lib/heketi/mounts/vg_403cca7edce115dc1c641acc2f5f11fb/brick_ef51cdfedb8ffc24830062a17871884f/brick'
Result: 
[sshexec] DEBUG 2017/04/27 02:18:44 /src/github.com/heketi/heketi/pkg/utils/ssh/ssh.go:176: Host: 192.168.48.12:22 Command: /bin/bash -c 'chmod 2775 /var/lib/heketi/mounts/vg_403cca7edce115dc1c641acc2f5f11fb/brick_ef51cdfedb8ffc24830062a17871884f/brick'
Result: 
[negroni] Started GET /nodes/3b406b3fd0c2e0585bbbe1ee8cf8a251
[negroni] Completed 200 OK in 14.048032ms
[sshexec] DEBUG 2017/04/27 02:18:45 /src/github.com/heketi/heketi/pkg/utils/ssh/ssh.go:176: Host: 192.168.48.17:22 Command: /bin/bash -c 'mount -o rw,inode64,noatime,nouuid /dev/mapper/vg_6c7ff8b53124baa86b5b789cd93274e1-brick_c288e325b9348243947e45dfc965bf20 /var/lib/heketi/mounts/vg_6c7ff8b53124baa86b5b789cd93274e1/brick_c288e325b9348243947e45dfc965bf20'
Result: 
[sshexec] DEBUG 2017/04/27 02:18:45 /src/github.com/heketi/heketi/pkg/utils/ssh/ssh.go:176: Host: 192.168.48.17:22 Command: /bin/bash -c 'mkdir /var/lib/heketi/mounts/vg_6c7ff8b53124baa86b5b789cd93274e1/brick_c288e325b9348243947e45dfc965bf20/brick'
Result: 
[sshexec] DEBUG 2017/04/27 02:18:45 /src/github.com/heketi/heketi/pkg/utils/ssh/ssh.go:176: Host: 192.168.48.17:22 Command: /bin/bash -c 'chown :2000 /var/lib/heketi/mounts/vg_6c7ff8b53124baa86b5b789cd93274e1/brick_c288e325b9348243947e45dfc965bf20/brick'
Result: 
[sshexec] DEBUG 2017/04/27 02:18:45 /src/github.com/heketi/heketi/pkg/utils/ssh/ssh.go:176: Host: 192.168.48.17:22 Command: /bin/bash -c 'chmod 2775 /var/lib/heketi/mounts/vg_6c7ff8b53124baa86b5b789cd93274e1/brick_c288e325b9348243947e45dfc965bf20/brick'
Result: 
[sshexec] DEBUG 2017/04/27 02:18:45 /src/github.com/heketi/heketi/pkg/utils/ssh/ssh.go:176: Host: 192.168.48.14:22 Command: /bin/bash -c 'mount -o rw,inode64,noatime,nouuid /dev/mapper/vg_d72d3bd802d4e511a80ce2f16181289d-brick_76a0aff907232ad983292c2fa6230f7a /var/lib/heketi/mounts/vg_d72d3bd802d4e511a80ce2f16181289d/brick_76a0aff907232ad983292c2fa6230f7a'
Result: 
[sshexec] DEBUG 2017/04/27 02:18:45 /src/github.com/heketi/heketi/pkg/utils/ssh/ssh.go:176: Host: 192.168.48.14:22 Command: /bin/bash -c 'mkdir /var/lib/heketi/mounts/vg_d72d3bd802d4e511a80ce2f16181289d/brick_76a0aff907232ad983292c2fa6230f7a/brick'
Result: 
[sshexec] DEBUG 2017/04/27 02:18:45 /src/github.com/heketi/heketi/pkg/utils/ssh/ssh.go:176: Host: 192.168.48.14:22 Command: /bin/bash -c 'chown :2000 /var/lib/heketi/mounts/vg_d72d3bd802d4e511a80ce2f16181289d/brick_76a0aff907232ad983292c2fa6230f7a/brick'
Result: 
[sshexec] DEBUG 2017/04/27 02:18:45 /src/github.com/heketi/heketi/pkg/utils/ssh/ssh.go:176: Host: 192.168.48.14:22 Command: /bin/bash -c 'chmod 2775 /var/lib/heketi/mounts/vg_d72d3bd802d4e511a80ce2f16181289d/brick_76a0aff907232ad983292c2fa6230f7a/brick'
Result: 
[sshexec] INFO 2017/04/27 02:18:45 Creating volume vol_e7c6c920281de8944045f91a984cc603 replica 3
[sshexec] ERROR 2017/04/27 02:18:45 /src/github.com/heketi/heketi/pkg/utils/ssh/ssh.go:173: Failed to run command [/bin/bash -c 'gluster --mode=script volume create vol_e7c6c920281de8944045f91a984cc603 replica 3 192.168.48.14:/var/lib/heketi/mounts/vg_d72d3bd802d4e511a80ce2f16181289d/brick_76a0aff907232ad983292c2fa6230f7a/brick 192.168.48.12:/var/lib/heketi/mounts/vg_403cca7edce115dc1c641acc2f5f11fb/brick_ef51cdfedb8ffc24830062a17871884f/brick 192.168.48.17:/var/lib/heketi/mounts/vg_6c7ff8b53124baa86b5b789cd93274e1/brick_c288e325b9348243947e45dfc965bf20/brick '] on 192.168.48.14:22: Err[Process exited with: 1. Reason was:  ()]: Stdout []: Stderr [volume create: vol_e7c6c920281de8944045f91a984cc603: failed: Staging failed on 192.168.48.17. Error: Host 192.168.48.14 is not in 'Peer in Cluster' state
Staging failed on 192.168.48.12. Error: Host 192.168.48.14 is not in 'Peer in Cluster' state
]
[negroni] Started GET /queue/403ad810e5750a10a625776af4a8efc2
[negroni] Completed 200 OK in 71.786µs
[sshexec] ERROR 2017/04/27 02:18:45 /src/github.com/heketi/heketi/pkg/utils/ssh/ssh.go:173: Failed to run command [/bin/bash -c 'gluster --mode=script volume stop vol_e7c6c920281de8944045f91a984cc603 force'] on 192.168.48.14:22: Err[Process exited with: 1. Reason was:  ()]: Stdout []: Stderr [volume stop: vol_e7c6c920281de8944045f91a984cc603: failed: Volume vol_e7c6c920281de8944045f91a984cc603 does not exist
]
[sshexec] ERROR 2017/04/27 02:18:45 /src/github.com/heketi/heketi/executors/sshexec/volume.go:130: Unable to stop volume vol_e7c6c920281de8944045f91a984cc603: volume stop: vol_e7c6c920281de8944045f91a984cc603: failed: Volume vol_e7c6c920281de8944045f91a984cc603 does not exist
[sshexec] ERROR 2017/04/27 02:18:46 /src/github.com/heketi/heketi/pkg/utils/ssh/ssh.go:173: Failed to run command [/bin/bash -c 'gluster --mode=script volume delete vol_e7c6c920281de8944045f91a984cc603'] on 192.168.48.14:22: Err[Process exited with: 1. Reason was:  ()]: Stdout []: Stderr [volume delete: vol_e7c6c920281de8944045f91a984cc603: failed: Volume vol_e7c6c920281de8944045f91a984cc603 does not exist
]
[sshexec] ERROR 2017/04/27 02:18:46 /src/github.com/heketi/heketi/executors/sshexec/volume.go:139: Unable to delete volume vol_e7c6c920281de8944045f91a984cc603: volume delete: vol_e7c6c920281de8944045f91a984cc603: failed: Volume vol_e7c6c920281de8944045f91a984cc603 does not exist
[heketi] INFO 2017/04/27 02:18:46 Deleting brick 76a0aff907232ad983292c2fa6230f7a
[heketi] INFO 2017/04/27 02:18:46 Deleting brick c288e325b9348243947e45dfc965bf20
[heketi] INFO 2017/04/27 02:18:46 Deleting brick ef51cdfedb8ffc24830062a17871884f
[sshexec] DEBUG 2017/04/27 02:18:46 /src/github.com/heketi/heketi/pkg/utils/ssh/ssh.go:176: Host: 192.168.48.12:22 Command: /bin/bash -c 'umount /var/lib/heketi/mounts/vg_403cca7edce115dc1c641acc2f5f11fb/brick_ef51cdfedb8ffc24830062a17871884f'
Result: 
[sshexec] DEBUG 2017/04/27 02:18:46 /src/github.com/heketi/heketi/pkg/utils/ssh/ssh.go:176: Host: 192.168.48.14:22 Command: /bin/bash -c 'umount /var/lib/heketi/mounts/vg_d72d3bd802d4e511a80ce2f16181289d/brick_76a0aff907232ad983292c2fa6230f7a'
Result: 
[sshexec] DEBUG 2017/04/27 02:18:46 /src/github.com/heketi/heketi/pkg/utils/ssh/ssh.go:176: Host: 192.168.48.17:22 Command: /bin/bash -c 'umount /var/lib/heketi/mounts/vg_6c7ff8b53124baa86b5b789cd93274e1/brick_c288e325b9348243947e45dfc965bf20'
Result: 
[negroni] Started GET /queue/403ad810e5750a10a625776af4a8efc2
[negroni] Completed 200 OK in 95.854µs
[sshexec] DEBUG 2017/04/27 02:18:46 /src/github.com/heketi/heketi/pkg/utils/ssh/ssh.go:176: Host: 192.168.48.14:22 Command: /bin/bash -c 'lvremove -f vg_d72d3bd802d4e511a80ce2f16181289d/tp_76a0aff907232ad983292c2fa6230f7a'
Result:   Logical volume "brick_76a0aff907232ad983292c2fa6230f7a" successfully removed
  Logical volume "tp_76a0aff907232ad983292c2fa6230f7a" successfully removed
[sshexec] DEBUG 2017/04/27 02:18:46 /src/github.com/heketi/heketi/pkg/utils/ssh/ssh.go:176: Host: 192.168.48.17:22 Command: /bin/bash -c 'lvremove -f vg_6c7ff8b53124baa86b5b789cd93274e1/tp_c288e325b9348243947e45dfc965bf20'
Result:   Logical volume "brick_c288e325b9348243947e45dfc965bf20" successfully removed
  Logical volume "tp_c288e325b9348243947e45dfc965bf20" successfully removed
[sshexec] DEBUG 2017/04/27 02:18:47 /src/github.com/heketi/heketi/pkg/utils/ssh/ssh.go:176: Host: 192.168.48.12:22 Command: /bin/bash -c 'lvremove -f vg_403cca7edce115dc1c641acc2f5f11fb/tp_ef51cdfedb8ffc24830062a17871884f'
Result:   Logical volume "brick_ef51cdfedb8ffc24830062a17871884f" successfully removed
  Logical volume "tp_ef51cdfedb8ffc24830062a17871884f" successfully removed
[sshexec] DEBUG 2017/04/27 02:18:47 /src/github.com/heketi/heketi/pkg/utils/ssh/ssh.go:176: Host: 192.168.48.14:22 Command: /bin/bash -c 'rmdir /var/lib/heketi/mounts/vg_d72d3bd802d4e511a80ce2f16181289d/brick_76a0aff907232ad983292c2fa6230f7a'
Result: 
[sshexec] DEBUG 2017/04/27 02:18:47 /src/github.com/heketi/heketi/pkg/utils/ssh/ssh.go:176: Host: 192.168.48.17:22 Command: /bin/bash -c 'rmdir /var/lib/heketi/mounts/vg_6c7ff8b53124baa86b5b789cd93274e1/brick_c288e325b9348243947e45dfc965bf20'
Result: 
[sshexec] DEBUG 2017/04/27 02:18:47 /src/github.com/heketi/heketi/pkg/utils/ssh/ssh.go:176: Host: 192.168.48.12:22 Command: /bin/bash -c 'rmdir /var/lib/heketi/mounts/vg_403cca7edce115dc1c641acc2f5f11fb/brick_ef51cdfedb8ffc24830062a17871884f'
Result: 
[sshexec] DEBUG 2017/04/27 02:18:47 /src/github.com/heketi/heketi/pkg/utils/ssh/ssh.go:176: Host: 192.168.48.14:22 Command: /bin/bash -c 'sed -i.save "/brick_76a0aff907232ad983292c2fa6230f7a/d" /etc/fstab'
Result: 
[sshexec] DEBUG 2017/04/27 02:18:47 /src/github.com/heketi/heketi/pkg/utils/ssh/ssh.go:176: Host: 192.168.48.17:22 Command: /bin/bash -c 'sed -i.save "/brick_c288e325b9348243947e45dfc965bf20/d" /etc/fstab'
Result: 
[sshexec] DEBUG 2017/04/27 02:18:47 /src/github.com/heketi/heketi/pkg/utils/ssh/ssh.go:176: Host: 192.168.48.12:22 Command: /bin/bash -c 'sed -i.save "/brick_ef51cdfedb8ffc24830062a17871884f/d" /etc/fstab'
Result: 
[heketi] ERROR 2017/04/27 02:18:47 /src/github.com/heketi/heketi/apps/glusterfs/app_volume.go:148: Failed to create volume: volume create: vol_e7c6c920281de8944045f91a984cc603: failed: Staging failed on 192.168.48.17. Error: Host 192.168.48.14 is not in 'Peer in Cluster' state
Staging failed on 192.168.48.12. Error: Host 192.168.48.14 is not in 'Peer in Cluster' state
[asynchttp] INFO 2017/04/27 02:18:47 Completed job 403ad810e5750a10a625776af4a8efc2 in 3.647205249s
[negroni] Started GET /queue/403ad810e5750a10a625776af4a8efc2
[negroni] Completed 500 Internal Server Error in 109.566µs
[negroni] Started POST /volumes
[negroni] Completed 202 Accepted in 23.46149ms
[asynchttp] INFO 2017/04/27 02:18:58 Started job 4468ce35bbf30aa0c320719d09589419
[heketi] INFO 2017/04/27 02:18:58 Creating volume a30bae66e68b1e340bd433f44e56669e
[heketi] INFO 2017/04/27 02:18:58 brick_num: 0
[negroni] Started GET /queue/4468ce35bbf30aa0c320719d09589419
[negroni] Completed 200 OK in 80.078µs
[heketi] INFO 2017/04/27 02:18:58 Creating brick f5c575c060548246bb2f67a249c56a59
[heketi] INFO 2017/04/27 02:18:58 Creating brick c94710ea958aebbf2976691d6f2ddd89
[heketi] INFO 2017/04/27 02:18:58 Creating brick b9b172179f8f5723787419f0d923a6c3
[sshexec] DEBUG 2017/04/27 02:18:59 /src/github.com/heketi/heketi/pkg/utils/ssh/ssh.go:176: Host: 192.168.48.12:22 Command: /bin/bash -c 'mkdir -p /var/lib/heketi/mounts/vg_403cca7edce115dc1c641acc2f5f11fb/brick_f5c575c060548246bb2f67a249c56a59'
Result: 
[sshexec] DEBUG 2017/04/27 02:18:59 /src/github.com/heketi/heketi/pkg/utils/ssh/ssh.go:176: Host: 192.168.48.14:22 Command: /bin/bash -c 'mkdir -p /var/lib/heketi/mounts/vg_d72d3bd802d4e511a80ce2f16181289d/brick_c94710ea958aebbf2976691d6f2ddd89'
Result: 
[sshexec] DEBUG 2017/04/27 02:18:59 /src/github.com/heketi/heketi/pkg/utils/ssh/ssh.go:176: Host: 192.168.48.17:22 Command: /bin/bash -c 'mkdir -p /var/lib/heketi/mounts/vg_6c7ff8b53124baa86b5b789cd93274e1/brick_b9b172179f8f5723787419f0d923a6c3'
Result: 
[sshexec] DEBUG 2017/04/27 02:18:59 /src/github.com/heketi/heketi/pkg/utils/ssh/ssh.go:176: Host: 192.168.48.17:22 Command: /bin/bash -c 'lvcreate --poolmetadatasize 8192K -c 256K -L 1048576K -T vg_6c7ff8b53124baa86b5b789cd93274e1/tp_b9b172179f8f5723787419f0d923a6c3 -V 1048576K -n brick_b9b172179f8f5723787419f0d923a6c3'
Result:   Logical volume "brick_b9b172179f8f5723787419f0d923a6c3" created.
[sshexec] DEBUG 2017/04/27 02:18:59 /src/github.com/heketi/heketi/pkg/utils/ssh/ssh.go:176: Host: 192.168.48.12:22 Command: /bin/bash -c 'lvcreate --poolmetadatasize 8192K -c 256K -L 1048576K -T vg_403cca7edce115dc1c641acc2f5f11fb/tp_f5c575c060548246bb2f67a249c56a59 -V 1048576K -n brick_f5c575c060548246bb2f67a249c56a59'
Result:   Logical volume "brick_f5c575c060548246bb2f67a249c56a59" created.
[sshexec] DEBUG 2017/04/27 02:18:59 /src/github.com/heketi/heketi/pkg/utils/ssh/ssh.go:176: Host: 192.168.48.14:22 Command: /bin/bash -c 'lvcreate --poolmetadatasize 8192K -c 256K -L 1048576K -T vg_d72d3bd802d4e511a80ce2f16181289d/tp_c94710ea958aebbf2976691d6f2ddd89 -V 1048576K -n brick_c94710ea958aebbf2976691d6f2ddd89'
Result:   Logical volume "brick_c94710ea958aebbf2976691d6f2ddd89" created.
[sshexec] DEBUG 2017/04/27 02:18:59 /src/github.com/heketi/heketi/pkg/utils/ssh/ssh.go:176: Host: 192.168.48.12:22 Command: /bin/bash -c 'mkfs.xfs -i size=512 -n size=8192 /dev/mapper/vg_403cca7edce115dc1c641acc2f5f11fb-brick_f5c575c060548246bb2f67a249c56a59'
Result: meta-data=/dev/mapper/vg_403cca7edce115dc1c641acc2f5f11fb-brick_f5c575c060548246bb2f67a249c56a59 isize=512    agcount=8, agsize=32704 blks
         =                       sectsz=4096  attr=2, projid32bit=1
         =                       crc=1        finobt=1, sparse=0
data     =                       bsize=4096   blocks=261632, imaxpct=25
         =                       sunit=64     swidth=64 blks
naming   =version 2              bsize=8192   ascii-ci=0 ftype=1
log      =internal log           bsize=4096   blocks=576, version=2
         =                       sectsz=4096  sunit=1 blks, lazy-count=1
realtime =none                   extsz=4096   blocks=0, rtextents=0
[sshexec] DEBUG 2017/04/27 02:18:59 /src/github.com/heketi/heketi/pkg/utils/ssh/ssh.go:176: Host: 192.168.48.12:22 Command: /bin/bash -c 'echo "/dev/mapper/vg_403cca7edce115dc1c641acc2f5f11fb-brick_f5c575c060548246bb2f67a249c56a59 /var/lib/heketi/mounts/vg_403cca7edce115dc1c641acc2f5f11fb/brick_f5c575c060548246bb2f67a249c56a59 xfs rw,inode64,noatime,nouuid 1 2" | tee -a /etc/fstab > /dev/null '
Result: 
[negroni] Started GET /queue/4468ce35bbf30aa0c320719d09589419
[negroni] Completed 200 OK in 69.789µs
[sshexec] DEBUG 2017/04/27 02:18:59 /src/github.com/heketi/heketi/pkg/utils/ssh/ssh.go:176: Host: 192.168.48.17:22 Command: /bin/bash -c 'mkfs.xfs -i size=512 -n size=8192 /dev/mapper/vg_6c7ff8b53124baa86b5b789cd93274e1-brick_b9b172179f8f5723787419f0d923a6c3'
Result: meta-data=/dev/mapper/vg_6c7ff8b53124baa86b5b789cd93274e1-brick_b9b172179f8f5723787419f0d923a6c3 isize=512    agcount=8, agsize=32704 blks
         =                       sectsz=512   attr=2, projid32bit=1
         =                       crc=1        finobt=1, sparse=0
data     =                       bsize=4096   blocks=261632, imaxpct=25
         =                       sunit=64     swidth=64 blks
naming   =version 2              bsize=8192   ascii-ci=0 ftype=1
log      =internal log           bsize=4096   blocks=1728, version=2
         =                       sectsz=512   sunit=64 blks, lazy-count=1
realtime =none                   extsz=4096   blocks=0, rtextents=0
[sshexec] DEBUG 2017/04/27 02:18:59 /src/github.com/heketi/heketi/pkg/utils/ssh/ssh.go:176: Host: 192.168.48.17:22 Command: /bin/bash -c 'echo "/dev/mapper/vg_6c7ff8b53124baa86b5b789cd93274e1-brick_b9b172179f8f5723787419f0d923a6c3 /var/lib/heketi/mounts/vg_6c7ff8b53124baa86b5b789cd93274e1/brick_b9b172179f8f5723787419f0d923a6c3 xfs rw,inode64,noatime,nouuid 1 2" | tee -a /etc/fstab > /dev/null '
Result: 
[sshexec] DEBUG 2017/04/27 02:18:59 /src/github.com/heketi/heketi/pkg/utils/ssh/ssh.go:176: Host: 192.168.48.14:22 Command: /bin/bash -c 'mkfs.xfs -i size=512 -n size=8192 /dev/mapper/vg_d72d3bd802d4e511a80ce2f16181289d-brick_c94710ea958aebbf2976691d6f2ddd89'
Result: meta-data=/dev/mapper/vg_d72d3bd802d4e511a80ce2f16181289d-brick_c94710ea958aebbf2976691d6f2ddd89 isize=512    agcount=8, agsize=32704 blks
         =                       sectsz=512   attr=2, projid32bit=1
         =                       crc=1        finobt=1, sparse=0
data     =                       bsize=4096   blocks=261632, imaxpct=25
         =                       sunit=64     swidth=64 blks
naming   =version 2              bsize=8192   ascii-ci=0 ftype=1
log      =internal log           bsize=4096   blocks=1728, version=2
         =                       sectsz=512   sunit=64 blks, lazy-count=1
realtime =none                   extsz=4096   blocks=0, rtextents=0
[sshexec] DEBUG 2017/04/27 02:18:59 /src/github.com/heketi/heketi/pkg/utils/ssh/ssh.go:176: Host: 192.168.48.14:22 Command: /bin/bash -c 'echo "/dev/mapper/vg_d72d3bd802d4e511a80ce2f16181289d-brick_c94710ea958aebbf2976691d6f2ddd89 /var/lib/heketi/mounts/vg_d72d3bd802d4e511a80ce2f16181289d/brick_c94710ea958aebbf2976691d6f2ddd89 xfs rw,inode64,noatime,nouuid 1 2" | tee -a /etc/fstab > /dev/null '
Result: 
[sshexec] DEBUG 2017/04/27 02:19:00 /src/github.com/heketi/heketi/pkg/utils/ssh/ssh.go:176: Host: 192.168.48.12:22 Command: /bin/bash -c 'mount -o rw,inode64,noatime,nouuid /dev/mapper/vg_403cca7edce115dc1c641acc2f5f11fb-brick_f5c575c060548246bb2f67a249c56a59 /var/lib/heketi/mounts/vg_403cca7edce115dc1c641acc2f5f11fb/brick_f5c575c060548246bb2f67a249c56a59'
Result: 
[sshexec] DEBUG 2017/04/27 02:19:00 /src/github.com/heketi/heketi/pkg/utils/ssh/ssh.go:176: Host: 192.168.48.12:22 Command: /bin/bash -c 'mkdir /var/lib/heketi/mounts/vg_403cca7edce115dc1c641acc2f5f11fb/brick_f5c575c060548246bb2f67a249c56a59/brick'
Result: 
[sshexec] DEBUG 2017/04/27 02:19:00 /src/github.com/heketi/heketi/pkg/utils/ssh/ssh.go:176: Host: 192.168.48.12:22 Command: /bin/bash -c 'chown :2000 /var/lib/heketi/mounts/vg_403cca7edce115dc1c641acc2f5f11fb/brick_f5c575c060548246bb2f67a249c56a59/brick'
Result: 
[sshexec] DEBUG 2017/04/27 02:19:00 /src/github.com/heketi/heketi/pkg/utils/ssh/ssh.go:176: Host: 192.168.48.12:22 Command: /bin/bash -c 'chmod 2775 /var/lib/heketi/mounts/vg_403cca7edce115dc1c641acc2f5f11fb/brick_f5c575c060548246bb2f67a249c56a59/brick'
Result: 
[sshexec] DEBUG 2017/04/27 02:19:00 /src/github.com/heketi/heketi/pkg/utils/ssh/ssh.go:176: Host: 192.168.48.17:22 Command: /bin/bash -c 'mount -o rw,inode64,noatime,nouuid /dev/mapper/vg_6c7ff8b53124baa86b5b789cd93274e1-brick_b9b172179f8f5723787419f0d923a6c3 /var/lib/heketi/mounts/vg_6c7ff8b53124baa86b5b789cd93274e1/brick_b9b172179f8f5723787419f0d923a6c3'
Result: 
[sshexec] DEBUG 2017/04/27 02:19:00 /src/github.com/heketi/heketi/pkg/utils/ssh/ssh.go:176: Host: 192.168.48.17:22 Command: /bin/bash -c 'mkdir /var/lib/heketi/mounts/vg_6c7ff8b53124baa86b5b789cd93274e1/brick_b9b172179f8f5723787419f0d923a6c3/brick'
Result: 
[sshexec] DEBUG 2017/04/27 02:19:00 /src/github.com/heketi/heketi/pkg/utils/ssh/ssh.go:176: Host: 192.168.48.17:22 Command: /bin/bash -c 'chown :2000 /var/lib/heketi/mounts/vg_6c7ff8b53124baa86b5b789cd93274e1/brick_b9b172179f8f5723787419f0d923a6c3/brick'
Result: 
[sshexec] DEBUG 2017/04/27 02:19:00 /src/github.com/heketi/heketi/pkg/utils/ssh/ssh.go:176: Host: 192.168.48.17:22 Command: /bin/bash -c 'chmod 2775 /var/lib/heketi/mounts/vg_6c7ff8b53124baa86b5b789cd93274e1/brick_b9b172179f8f5723787419f0d923a6c3/brick'
Result: 
[sshexec] DEBUG 2017/04/27 02:19:00 /src/github.com/heketi/heketi/pkg/utils/ssh/ssh.go:176: Host: 192.168.48.14:22 Command: /bin/bash -c 'mount -o rw,inode64,noatime,nouuid /dev/mapper/vg_d72d3bd802d4e511a80ce2f16181289d-brick_c94710ea958aebbf2976691d6f2ddd89 /var/lib/heketi/mounts/vg_d72d3bd802d4e511a80ce2f16181289d/brick_c94710ea958aebbf2976691d6f2ddd89'
Result: 
[sshexec] DEBUG 2017/04/27 02:19:00 /src/github.com/heketi/heketi/pkg/utils/ssh/ssh.go:176: Host: 192.168.48.14:22 Command: /bin/bash -c 'mkdir /var/lib/heketi/mounts/vg_d72d3bd802d4e511a80ce2f16181289d/brick_c94710ea958aebbf2976691d6f2ddd89/brick'
Result: 
[sshexec] DEBUG 2017/04/27 02:19:00 /src/github.com/heketi/heketi/pkg/utils/ssh/ssh.go:176: Host: 192.168.48.14:22 Command: /bin/bash -c 'chown :2000 /var/lib/heketi/mounts/vg_d72d3bd802d4e511a80ce2f16181289d/brick_c94710ea958aebbf2976691d6f2ddd89/brick'
Result: 
[sshexec] DEBUG 2017/04/27 02:19:00 /src/github.com/heketi/heketi/pkg/utils/ssh/ssh.go:176: Host: 192.168.48.14:22 Command: /bin/bash -c 'chmod 2775 /var/lib/heketi/mounts/vg_d72d3bd802d4e511a80ce2f16181289d/brick_c94710ea958aebbf2976691d6f2ddd89/brick'
Result: 
[sshexec] INFO 2017/04/27 02:19:00 Creating volume vol_a30bae66e68b1e340bd433f44e56669e replica 3
[sshexec] ERROR 2017/04/27 02:19:00 /src/github.com/heketi/heketi/pkg/utils/ssh/ssh.go:173: Failed to run command [/bin/bash -c 'gluster --mode=script volume create vol_a30bae66e68b1e340bd433f44e56669e replica 3 192.168.48.12:/var/lib/heketi/mounts/vg_403cca7edce115dc1c641acc2f5f11fb/brick_f5c575c060548246bb2f67a249c56a59/brick 192.168.48.17:/var/lib/heketi/mounts/vg_6c7ff8b53124baa86b5b789cd93274e1/brick_b9b172179f8f5723787419f0d923a6c3/brick 192.168.48.14:/var/lib/heketi/mounts/vg_d72d3bd802d4e511a80ce2f16181289d/brick_c94710ea958aebbf2976691d6f2ddd89/brick '] on 192.168.48.12:22: Err[Process exited with: 1. Reason was:  ()]: Stdout []: Stderr [volume create: vol_a30bae66e68b1e340bd433f44e56669e: failed: Host 192.168.48.14 is not in 'Peer in Cluster' state
]
[sshexec] ERROR 2017/04/27 02:19:00 /src/github.com/heketi/heketi/pkg/utils/ssh/ssh.go:173: Failed to run command [/bin/bash -c 'gluster --mode=script volume stop vol_a30bae66e68b1e340bd433f44e56669e force'] on 192.168.48.12:22: Err[Process exited with: 1. Reason was:  ()]: Stdout []: Stderr [volume stop: vol_a30bae66e68b1e340bd433f44e56669e: failed: Volume vol_a30bae66e68b1e340bd433f44e56669e does not exist
]
[sshexec] ERROR 2017/04/27 02:19:00 /src/github.com/heketi/heketi/executors/sshexec/volume.go:130: Unable to stop volume vol_a30bae66e68b1e340bd433f44e56669e: volume stop: vol_a30bae66e68b1e340bd433f44e56669e: failed: Volume vol_a30bae66e68b1e340bd433f44e56669e does not exist
[negroni] Started GET /queue/4468ce35bbf30aa0c320719d09589419
[negroni] Completed 200 OK in 70.908µs
[sshexec] ERROR 2017/04/27 02:19:01 /src/github.com/heketi/heketi/pkg/utils/ssh/ssh.go:173: Failed to run command [/bin/bash -c 'gluster --mode=script volume delete vol_a30bae66e68b1e340bd433f44e56669e'] on 192.168.48.12:22: Err[Process exited with: 1. Reason was:  ()]: Stdout []: Stderr [volume delete: vol_a30bae66e68b1e340bd433f44e56669e: failed: Volume vol_a30bae66e68b1e340bd433f44e56669e does not exist
]
[sshexec] ERROR 2017/04/27 02:19:01 /src/github.com/heketi/heketi/executors/sshexec/volume.go:139: Unable to delete volume vol_a30bae66e68b1e340bd433f44e56669e: volume delete: vol_a30bae66e68b1e340bd433f44e56669e: failed: Volume vol_a30bae66e68b1e340bd433f44e56669e does not exist
[heketi] INFO 2017/04/27 02:19:01 Deleting brick f5c575c060548246bb2f67a249c56a59
[heketi] INFO 2017/04/27 02:19:01 Deleting brick b9b172179f8f5723787419f0d923a6c3
[heketi] INFO 2017/04/27 02:19:01 Deleting brick c94710ea958aebbf2976691d6f2ddd89
[sshexec] DEBUG 2017/04/27 02:19:01 /src/github.com/heketi/heketi/pkg/utils/ssh/ssh.go:176: Host: 192.168.48.12:22 Command: /bin/bash -c 'umount /var/lib/heketi/mounts/vg_403cca7edce115dc1c641acc2f5f11fb/brick_f5c575c060548246bb2f67a249c56a59'
Result: 
[sshexec] DEBUG 2017/04/27 02:19:01 /src/github.com/heketi/heketi/pkg/utils/ssh/ssh.go:176: Host: 192.168.48.14:22 Command: /bin/bash -c 'umount /var/lib/heketi/mounts/vg_d72d3bd802d4e511a80ce2f16181289d/brick_c94710ea958aebbf2976691d6f2ddd89'
Result: 
[sshexec] DEBUG 2017/04/27 02:19:01 /src/github.com/heketi/heketi/pkg/utils/ssh/ssh.go:176: Host: 192.168.48.17:22 Command: /bin/bash -c 'umount /var/lib/heketi/mounts/vg_6c7ff8b53124baa86b5b789cd93274e1/brick_b9b172179f8f5723787419f0d923a6c3'
Result: 
[sshexec] DEBUG 2017/04/27 02:19:01 /src/github.com/heketi/heketi/pkg/utils/ssh/ssh.go:176: Host: 192.168.48.12:22 Command: /bin/bash -c 'lvremove -f vg_403cca7edce115dc1c641acc2f5f11fb/tp_f5c575c060548246bb2f67a249c56a59'
Result:   Logical volume "brick_f5c575c060548246bb2f67a249c56a59" successfully removed
  Logical volume "tp_f5c575c060548246bb2f67a249c56a59" successfully removed
[sshexec] DEBUG 2017/04/27 02:19:01 /src/github.com/heketi/heketi/pkg/utils/ssh/ssh.go:176: Host: 192.168.48.14:22 Command: /bin/bash -c 'lvremove -f vg_d72d3bd802d4e511a80ce2f16181289d/tp_c94710ea958aebbf2976691d6f2ddd89'
Result:   Logical volume "brick_c94710ea958aebbf2976691d6f2ddd89" successfully removed
  Logical volume "tp_c94710ea958aebbf2976691d6f2ddd89" successfully removed
[sshexec] DEBUG 2017/04/27 02:19:01 /src/github.com/heketi/heketi/pkg/utils/ssh/ssh.go:176: Host: 192.168.48.17:22 Command: /bin/bash -c 'lvremove -f vg_6c7ff8b53124baa86b5b789cd93274e1/tp_b9b172179f8f5723787419f0d923a6c3'
Result:   Logical volume "brick_b9b172179f8f5723787419f0d923a6c3" successfully removed
  Logical volume "tp_b9b172179f8f5723787419f0d923a6c3" successfully removed
[negroni] Started GET /queue/4468ce35bbf30aa0c320719d09589419
[negroni] Completed 200 OK in 102.554µs
[sshexec] DEBUG 2017/04/27 02:19:01 /src/github.com/heketi/heketi/pkg/utils/ssh/ssh.go:176: Host: 192.168.48.12:22 Command: /bin/bash -c 'rmdir /var/lib/heketi/mounts/vg_403cca7edce115dc1c641acc2f5f11fb/brick_f5c575c060548246bb2f67a249c56a59'
Result: 
[sshexec] DEBUG 2017/04/27 02:19:02 /src/github.com/heketi/heketi/pkg/utils/ssh/ssh.go:176: Host: 192.168.48.14:22 Command: /bin/bash -c 'rmdir /var/lib/heketi/mounts/vg_d72d3bd802d4e511a80ce2f16181289d/brick_c94710ea958aebbf2976691d6f2ddd89'
Result: 
[sshexec] DEBUG 2017/04/27 02:19:02 /src/github.com/heketi/heketi/pkg/utils/ssh/ssh.go:176: Host: 192.168.48.17:22 Command: /bin/bash -c 'rmdir /var/lib/heketi/mounts/vg_6c7ff8b53124baa86b5b789cd93274e1/brick_b9b172179f8f5723787419f0d923a6c3'
Result: 
[sshexec] DEBUG 2017/04/27 02:19:02 /src/github.com/heketi/heketi/pkg/utils/ssh/ssh.go:176: Host: 192.168.48.12:22 Command: /bin/bash -c 'sed -i.save "/brick_f5c575c060548246bb2f67a249c56a59/d" /etc/fstab'
Result: 
[sshexec] DEBUG 2017/04/27 02:19:02 /src/github.com/heketi/heketi/pkg/utils/ssh/ssh.go:176: Host: 192.168.48.14:22 Command: /bin/bash -c 'sed -i.save "/brick_c94710ea958aebbf2976691d6f2ddd89/d" /etc/fstab'
Result: 
[sshexec] DEBUG 2017/04/27 02:19:02 /src/github.com/heketi/heketi/pkg/utils/ssh/ssh.go:176: Host: 192.168.48.17:22 Command: /bin/bash -c 'sed -i.save "/brick_b9b172179f8f5723787419f0d923a6c3/d" /etc/fstab'
Result: 
[heketi] ERROR 2017/04/27 02:19:02 /src/github.com/heketi/heketi/apps/glusterfs/app_volume.go:148: Failed to create volume: volume create: vol_a30bae66e68b1e340bd433f44e56669e: failed: Host 192.168.48.14 is not in 'Peer in Cluster' state
[asynchttp] INFO 2017/04/27 02:19:02 Completed job 4468ce35bbf30aa0c320719d09589419 in 3.538975575s
[negroni] Started GET /queue/4468ce35bbf30aa0c320719d09589419
[negroni] Completed 500 Internal Server Error in 101.032µs
[negroni] Started POST /volumes
[negroni] Completed 202 Accepted in 15.516243ms
[asynchttp] INFO 2017/04/27 02:19:13 Started job 3aca1c665425327870ba4d6df9493e0f
[heketi] INFO 2017/04/27 02:19:13 Creating volume ad317e5172b515145b0450201ee2ee99
[heketi] INFO 2017/04/27 02:19:13 brick_num: 0
[negroni] Started GET /queue/3aca1c665425327870ba4d6df9493e0f
[negroni] Completed 200 OK in 1.303196ms
[heketi] INFO 2017/04/27 02:19:13 Creating brick c2a7daecd54c7027b5fa4e25ebaed623
[heketi] INFO 2017/04/27 02:19:13 Creating brick 69136e2d4429f406bd4ce5413a779359
[heketi] INFO 2017/04/27 02:19:13 Creating brick 01d3c141a497c6a716b8d97f5c3e75c2
[sshexec] DEBUG 2017/04/27 02:19:14 /src/github.com/heketi/heketi/pkg/utils/ssh/ssh.go:176: Host: 192.168.48.12:22 Command: /bin/bash -c 'mkdir -p /var/lib/heketi/mounts/vg_403cca7edce115dc1c641acc2f5f11fb/brick_69136e2d4429f406bd4ce5413a779359'
Result: 
[sshexec] DEBUG 2017/04/27 02:19:14 /src/github.com/heketi/heketi/pkg/utils/ssh/ssh.go:176: Host: 192.168.48.17:22 Command: /bin/bash -c 'mkdir -p /var/lib/heketi/mounts/vg_6c7ff8b53124baa86b5b789cd93274e1/brick_c2a7daecd54c7027b5fa4e25ebaed623'
Result: 
[sshexec] DEBUG 2017/04/27 02:19:14 /src/github.com/heketi/heketi/pkg/utils/ssh/ssh.go:176: Host: 192.168.48.14:22 Command: /bin/bash -c 'mkdir -p /var/lib/heketi/mounts/vg_d72d3bd802d4e511a80ce2f16181289d/brick_01d3c141a497c6a716b8d97f5c3e75c2'
Result: 
[sshexec] DEBUG 2017/04/27 02:19:14 /src/github.com/heketi/heketi/pkg/utils/ssh/ssh.go:176: Host: 192.168.48.14:22 Command: /bin/bash -c 'lvcreate --poolmetadatasize 8192K -c 256K -L 1048576K -T vg_d72d3bd802d4e511a80ce2f16181289d/tp_01d3c141a497c6a716b8d97f5c3e75c2 -V 1048576K -n brick_01d3c141a497c6a716b8d97f5c3e75c2'
Result:   Logical volume "brick_01d3c141a497c6a716b8d97f5c3e75c2" created.
[sshexec] DEBUG 2017/04/27 02:19:14 /src/github.com/heketi/heketi/pkg/utils/ssh/ssh.go:176: Host: 192.168.48.17:22 Command: /bin/bash -c 'lvcreate --poolmetadatasize 8192K -c 256K -L 1048576K -T vg_6c7ff8b53124baa86b5b789cd93274e1/tp_c2a7daecd54c7027b5fa4e25ebaed623 -V 1048576K -n brick_c2a7daecd54c7027b5fa4e25ebaed623'
Result:   Logical volume "brick_c2a7daecd54c7027b5fa4e25ebaed623" created.
[sshexec] DEBUG 2017/04/27 02:19:14 /src/github.com/heketi/heketi/pkg/utils/ssh/ssh.go:176: Host: 192.168.48.12:22 Command: /bin/bash -c 'lvcreate --poolmetadatasize 8192K -c 256K -L 1048576K -T vg_403cca7edce115dc1c641acc2f5f11fb/tp_69136e2d4429f406bd4ce5413a779359 -V 1048576K -n brick_69136e2d4429f406bd4ce5413a779359'
Result:   Logical volume "brick_69136e2d4429f406bd4ce5413a779359" created.
[negroni] Started GET /queue/3aca1c665425327870ba4d6df9493e0f
[negroni] Completed 200 OK in 137.139µs
[sshexec] DEBUG 2017/04/27 02:19:14 /src/github.com/heketi/heketi/pkg/utils/ssh/ssh.go:176: Host: 192.168.48.17:22 Command: /bin/bash -c 'mkfs.xfs -i size=512 -n size=8192 /dev/mapper/vg_6c7ff8b53124baa86b5b789cd93274e1-brick_c2a7daecd54c7027b5fa4e25ebaed623'
Result: meta-data=/dev/mapper/vg_6c7ff8b53124baa86b5b789cd93274e1-brick_c2a7daecd54c7027b5fa4e25ebaed623 isize=512    agcount=8, agsize=32704 blks
         =                       sectsz=512   attr=2, projid32bit=1
         =                       crc=1        finobt=1, sparse=0
data     =                       bsize=4096   blocks=261632, imaxpct=25
         =                       sunit=64     swidth=64 blks
naming   =version 2              bsize=8192   ascii-ci=0 ftype=1
log      =internal log           bsize=4096   blocks=1728, version=2
         =                       sectsz=512   sunit=64 blks, lazy-count=1
realtime =none                   extsz=4096   blocks=0, rtextents=0
[sshexec] DEBUG 2017/04/27 02:19:14 /src/github.com/heketi/heketi/pkg/utils/ssh/ssh.go:176: Host: 192.168.48.14:22 Command: /bin/bash -c 'mkfs.xfs -i size=512 -n size=8192 /dev/mapper/vg_d72d3bd802d4e511a80ce2f16181289d-brick_01d3c141a497c6a716b8d97f5c3e75c2'
Result: meta-data=/dev/mapper/vg_d72d3bd802d4e511a80ce2f16181289d-brick_01d3c141a497c6a716b8d97f5c3e75c2 isize=512    agcount=8, agsize=32704 blks
         =                       sectsz=512   attr=2, projid32bit=1
         =                       crc=1        finobt=1, sparse=0
data     =                       bsize=4096   blocks=261632, imaxpct=25
         =                       sunit=64     swidth=64 blks
naming   =version 2              bsize=8192   ascii-ci=0 ftype=1
log      =internal log           bsize=4096   blocks=1728, version=2
         =                       sectsz=512   sunit=64 blks, lazy-count=1
realtime =none                   extsz=4096   blocks=0, rtextents=0
[sshexec] DEBUG 2017/04/27 02:19:14 /src/github.com/heketi/heketi/pkg/utils/ssh/ssh.go:176: Host: 192.168.48.14:22 Command: /bin/bash -c 'echo "/dev/mapper/vg_d72d3bd802d4e511a80ce2f16181289d-brick_01d3c141a497c6a716b8d97f5c3e75c2 /var/lib/heketi/mounts/vg_d72d3bd802d4e511a80ce2f16181289d/brick_01d3c141a497c6a716b8d97f5c3e75c2 xfs rw,inode64,noatime,nouuid 1 2" | tee -a /etc/fstab > /dev/null '
Result: 
[sshexec] DEBUG 2017/04/27 02:19:14 /src/github.com/heketi/heketi/pkg/utils/ssh/ssh.go:176: Host: 192.168.48.17:22 Command: /bin/bash -c 'echo "/dev/mapper/vg_6c7ff8b53124baa86b5b789cd93274e1-brick_c2a7daecd54c7027b5fa4e25ebaed623 /var/lib/heketi/mounts/vg_6c7ff8b53124baa86b5b789cd93274e1/brick_c2a7daecd54c7027b5fa4e25ebaed623 xfs rw,inode64,noatime,nouuid 1 2" | tee -a /etc/fstab > /dev/null '
Result: 
[sshexec] DEBUG 2017/04/27 02:19:14 /src/github.com/heketi/heketi/pkg/utils/ssh/ssh.go:176: Host: 192.168.48.12:22 Command: /bin/bash -c 'mkfs.xfs -i size=512 -n size=8192 /dev/mapper/vg_403cca7edce115dc1c641acc2f5f11fb-brick_69136e2d4429f406bd4ce5413a779359'
Result: meta-data=/dev/mapper/vg_403cca7edce115dc1c641acc2f5f11fb-brick_69136e2d4429f406bd4ce5413a779359 isize=512    agcount=8, agsize=32704 blks
         =                       sectsz=4096  attr=2, projid32bit=1
         =                       crc=1        finobt=1, sparse=0
data     =                       bsize=4096   blocks=261632, imaxpct=25
         =                       sunit=64     swidth=64 blks
naming   =version 2              bsize=8192   ascii-ci=0 ftype=1
log      =internal log           bsize=4096   blocks=576, version=2
         =                       sectsz=4096  sunit=1 blks, lazy-count=1
realtime =none                   extsz=4096   blocks=0, rtextents=0
[sshexec] DEBUG 2017/04/27 02:19:14 /src/github.com/heketi/heketi/pkg/utils/ssh/ssh.go:176: Host: 192.168.48.12:22 Command: /bin/bash -c 'echo "/dev/mapper/vg_403cca7edce115dc1c641acc2f5f11fb-brick_69136e2d4429f406bd4ce5413a779359 /var/lib/heketi/mounts/vg_403cca7edce115dc1c641acc2f5f11fb/brick_69136e2d4429f406bd4ce5413a779359 xfs rw,inode64,noatime,nouuid 1 2" | tee -a /etc/fstab > /dev/null '
Result: 
[sshexec] DEBUG 2017/04/27 02:19:14 /src/github.com/heketi/heketi/pkg/utils/ssh/ssh.go:176: Host: 192.168.48.12:22 Command: /bin/bash -c 'mount -o rw,inode64,noatime,nouuid /dev/mapper/vg_403cca7edce115dc1c641acc2f5f11fb-brick_69136e2d4429f406bd4ce5413a779359 /var/lib/heketi/mounts/vg_403cca7edce115dc1c641acc2f5f11fb/brick_69136e2d4429f406bd4ce5413a779359'
Result: 
[sshexec] DEBUG 2017/04/27 02:19:15 /src/github.com/heketi/heketi/pkg/utils/ssh/ssh.go:176: Host: 192.168.48.12:22 Command: /bin/bash -c 'mkdir /var/lib/heketi/mounts/vg_403cca7edce115dc1c641acc2f5f11fb/brick_69136e2d4429f406bd4ce5413a779359/brick'
Result: 
[sshexec] DEBUG 2017/04/27 02:19:15 /src/github.com/heketi/heketi/pkg/utils/ssh/ssh.go:176: Host: 192.168.48.12:22 Command: /bin/bash -c 'chown :2000 /var/lib/heketi/mounts/vg_403cca7edce115dc1c641acc2f5f11fb/brick_69136e2d4429f406bd4ce5413a779359/brick'
Result: 
[sshexec] DEBUG 2017/04/27 02:19:15 /src/github.com/heketi/heketi/pkg/utils/ssh/ssh.go:176: Host: 192.168.48.12:22 Command: /bin/bash -c 'chmod 2775 /var/lib/heketi/mounts/vg_403cca7edce115dc1c641acc2f5f11fb/brick_69136e2d4429f406bd4ce5413a779359/brick'
Result: 
[sshexec] DEBUG 2017/04/27 02:19:15 /src/github.com/heketi/heketi/pkg/utils/ssh/ssh.go:176: Host: 192.168.48.17:22 Command: /bin/bash -c 'mount -o rw,inode64,noatime,nouuid /dev/mapper/vg_6c7ff8b53124baa86b5b789cd93274e1-brick_c2a7daecd54c7027b5fa4e25ebaed623 /var/lib/heketi/mounts/vg_6c7ff8b53124baa86b5b789cd93274e1/brick_c2a7daecd54c7027b5fa4e25ebaed623'
Result: 
[sshexec] DEBUG 2017/04/27 02:19:15 /src/github.com/heketi/heketi/pkg/utils/ssh/ssh.go:176: Host: 192.168.48.17:22 Command: /bin/bash -c 'mkdir /var/lib/heketi/mounts/vg_6c7ff8b53124baa86b5b789cd93274e1/brick_c2a7daecd54c7027b5fa4e25ebaed623/brick'
Result: 
[sshexec] DEBUG 2017/04/27 02:19:15 /src/github.com/heketi/heketi/pkg/utils/ssh/ssh.go:176: Host: 192.168.48.17:22 Command: /bin/bash -c 'chown :2000 /var/lib/heketi/mounts/vg_6c7ff8b53124baa86b5b789cd93274e1/brick_c2a7daecd54c7027b5fa4e25ebaed623/brick'
Result: 
[sshexec] DEBUG 2017/04/27 02:19:15 /src/github.com/heketi/heketi/pkg/utils/ssh/ssh.go:176: Host: 192.168.48.17:22 Command: /bin/bash -c 'chmod 2775 /var/lib/heketi/mounts/vg_6c7ff8b53124baa86b5b789cd93274e1/brick_c2a7daecd54c7027b5fa4e25ebaed623/brick'
Result: 
[sshexec] DEBUG 2017/04/27 02:19:15 /src/github.com/heketi/heketi/pkg/utils/ssh/ssh.go:176: Host: 192.168.48.14:22 Command: /bin/bash -c 'mount -o rw,inode64,noatime,nouuid /dev/mapper/vg_d72d3bd802d4e511a80ce2f16181289d-brick_01d3c141a497c6a716b8d97f5c3e75c2 /var/lib/heketi/mounts/vg_d72d3bd802d4e511a80ce2f16181289d/brick_01d3c141a497c6a716b8d97f5c3e75c2'
Result: 
[sshexec] DEBUG 2017/04/27 02:19:15 /src/github.com/heketi/heketi/pkg/utils/ssh/ssh.go:176: Host: 192.168.48.14:22 Command: /bin/bash -c 'mkdir /var/lib/heketi/mounts/vg_d72d3bd802d4e511a80ce2f16181289d/brick_01d3c141a497c6a716b8d97f5c3e75c2/brick'
Result: 
[sshexec] DEBUG 2017/04/27 02:19:15 /src/github.com/heketi/heketi/pkg/utils/ssh/ssh.go:176: Host: 192.168.48.14:22 Command: /bin/bash -c 'chown :2000 /var/lib/heketi/mounts/vg_d72d3bd802d4e511a80ce2f16181289d/brick_01d3c141a497c6a716b8d97f5c3e75c2/brick'
Result: 
[sshexec] DEBUG 2017/04/27 02:19:15 /src/github.com/heketi/heketi/pkg/utils/ssh/ssh.go:176: Host: 192.168.48.14:22 Command: /bin/bash -c 'chmod 2775 /var/lib/heketi/mounts/vg_d72d3bd802d4e511a80ce2f16181289d/brick_01d3c141a497c6a716b8d97f5c3e75c2/brick'
Result: 
[sshexec] INFO 2017/04/27 02:19:15 Creating volume vol_ad317e5172b515145b0450201ee2ee99 replica 3
[sshexec] ERROR 2017/04/27 02:19:15 /src/github.com/heketi/heketi/pkg/utils/ssh/ssh.go:173: Failed to run command [/bin/bash -c 'gluster --mode=script volume create vol_ad317e5172b515145b0450201ee2ee99 replica 3 192.168.48.17:/var/lib/heketi/mounts/vg_6c7ff8b53124baa86b5b789cd93274e1/brick_c2a7daecd54c7027b5fa4e25ebaed623/brick 192.168.48.14:/var/lib/heketi/mounts/vg_d72d3bd802d4e511a80ce2f16181289d/brick_01d3c141a497c6a716b8d97f5c3e75c2/brick 192.168.48.12:/var/lib/heketi/mounts/vg_403cca7edce115dc1c641acc2f5f11fb/brick_69136e2d4429f406bd4ce5413a779359/brick '] on 192.168.48.17:22: Err[Process exited with: 1. Reason was:  ()]: Stdout []: Stderr [volume create: vol_ad317e5172b515145b0450201ee2ee99: failed: Host 192.168.48.14 is not in 'Peer in Cluster' state
]
[negroni] Started GET /queue/3aca1c665425327870ba4d6df9493e0f
[negroni] Completed 200 OK in 171.54µs
[sshexec] ERROR 2017/04/27 02:19:16 /src/github.com/heketi/heketi/pkg/utils/ssh/ssh.go:173: Failed to run command [/bin/bash -c 'gluster --mode=script volume stop vol_ad317e5172b515145b0450201ee2ee99 force'] on 192.168.48.17:22: Err[Process exited with: 1. Reason was:  ()]: Stdout []: Stderr [volume stop: vol_ad317e5172b515145b0450201ee2ee99: failed: Volume vol_ad317e5172b515145b0450201ee2ee99 does not exist
]
[sshexec] ERROR 2017/04/27 02:19:16 /src/github.com/heketi/heketi/executors/sshexec/volume.go:130: Unable to stop volume vol_ad317e5172b515145b0450201ee2ee99: volume stop: vol_ad317e5172b515145b0450201ee2ee99: failed: Volume vol_ad317e5172b515145b0450201ee2ee99 does not exist
[sshexec] ERROR 2017/04/27 02:19:16 /src/github.com/heketi/heketi/pkg/utils/ssh/ssh.go:173: Failed to run command [/bin/bash -c 'gluster --mode=script volume delete vol_ad317e5172b515145b0450201ee2ee99'] on 192.168.48.17:22: Err[Process exited with: 1. Reason was:  ()]: Stdout []: Stderr [volume delete: vol_ad317e5172b515145b0450201ee2ee99: failed: Volume vol_ad317e5172b515145b0450201ee2ee99 does not exist
]
[sshexec] ERROR 2017/04/27 02:19:16 /src/github.com/heketi/heketi/executors/sshexec/volume.go:139: Unable to delete volume vol_ad317e5172b515145b0450201ee2ee99: volume delete: vol_ad317e5172b515145b0450201ee2ee99: failed: Volume vol_ad317e5172b515145b0450201ee2ee99 does not exist
[heketi] INFO 2017/04/27 02:19:16 Deleting brick 01d3c141a497c6a716b8d97f5c3e75c2
[heketi] INFO 2017/04/27 02:19:16 Deleting brick 69136e2d4429f406bd4ce5413a779359
[heketi] INFO 2017/04/27 02:19:16 Deleting brick c2a7daecd54c7027b5fa4e25ebaed623
[sshexec] DEBUG 2017/04/27 02:19:16 /src/github.com/heketi/heketi/pkg/utils/ssh/ssh.go:176: Host: 192.168.48.12:22 Command: /bin/bash -c 'umount /var/lib/heketi/mounts/vg_403cca7edce115dc1c641acc2f5f11fb/brick_69136e2d4429f406bd4ce5413a779359'
Result: 
[sshexec] DEBUG 2017/04/27 02:19:16 /src/github.com/heketi/heketi/pkg/utils/ssh/ssh.go:176: Host: 192.168.48.14:22 Command: /bin/bash -c 'umount /var/lib/heketi/mounts/vg_d72d3bd802d4e511a80ce2f16181289d/brick_01d3c141a497c6a716b8d97f5c3e75c2'
Result: 
[sshexec] DEBUG 2017/04/27 02:19:16 /src/github.com/heketi/heketi/pkg/utils/ssh/ssh.go:176: Host: 192.168.48.17:22 Command: /bin/bash -c 'umount /var/lib/heketi/mounts/vg_6c7ff8b53124baa86b5b789cd93274e1/brick_c2a7daecd54c7027b5fa4e25ebaed623'
Result: 
[negroni] Started GET /queue/3aca1c665425327870ba4d6df9493e0f
[negroni] Completed 200 OK in 105.415µs
[sshexec] DEBUG 2017/04/27 02:19:17 /src/github.com/heketi/heketi/pkg/utils/ssh/ssh.go:176: Host: 192.168.48.14:22 Command: /bin/bash -c 'lvremove -f vg_d72d3bd802d4e511a80ce2f16181289d/tp_01d3c141a497c6a716b8d97f5c3e75c2'
Result:   Logical volume "brick_01d3c141a497c6a716b8d97f5c3e75c2" successfully removed
  Logical volume "tp_01d3c141a497c6a716b8d97f5c3e75c2" successfully removed
[sshexec] DEBUG 2017/04/27 02:19:17 /src/github.com/heketi/heketi/pkg/utils/ssh/ssh.go:176: Host: 192.168.48.17:22 Command: /bin/bash -c 'lvremove -f vg_6c7ff8b53124baa86b5b789cd93274e1/tp_c2a7daecd54c7027b5fa4e25ebaed623'
Result:   Logical volume "brick_c2a7daecd54c7027b5fa4e25ebaed623" successfully removed
  Logical volume "tp_c2a7daecd54c7027b5fa4e25ebaed623" successfully removed
[sshexec] DEBUG 2017/04/27 02:19:17 /src/github.com/heketi/heketi/pkg/utils/ssh/ssh.go:176: Host: 192.168.48.12:22 Command: /bin/bash -c 'lvremove -f vg_403cca7edce115dc1c641acc2f5f11fb/tp_69136e2d4429f406bd4ce5413a779359'
Result:   Logical volume "brick_69136e2d4429f406bd4ce5413a779359" successfully removed
  Logical volume "tp_69136e2d4429f406bd4ce5413a779359" successfully removed
[sshexec] DEBUG 2017/04/27 02:19:17 /src/github.com/heketi/heketi/pkg/utils/ssh/ssh.go:176: Host: 192.168.48.17:22 Command: /bin/bash -c 'rmdir /var/lib/heketi/mounts/vg_6c7ff8b53124baa86b5b789cd93274e1/brick_c2a7daecd54c7027b5fa4e25ebaed623'
Result: 
[sshexec] DEBUG 2017/04/27 02:19:17 /src/github.com/heketi/heketi/pkg/utils/ssh/ssh.go:176: Host: 192.168.48.14:22 Command: /bin/bash -c 'rmdir /var/lib/heketi/mounts/vg_d72d3bd802d4e511a80ce2f16181289d/brick_01d3c141a497c6a716b8d97f5c3e75c2'
Result: 
[sshexec] DEBUG 2017/04/27 02:19:17 /src/github.com/heketi/heketi/pkg/utils/ssh/ssh.go:176: Host: 192.168.48.12:22 Command: /bin/bash -c 'rmdir /var/lib/heketi/mounts/vg_403cca7edce115dc1c641acc2f5f11fb/brick_69136e2d4429f406bd4ce5413a779359'
Result: 
[sshexec] DEBUG 2017/04/27 02:19:17 /src/github.com/heketi/heketi/pkg/utils/ssh/ssh.go:176: Host: 192.168.48.17:22 Command: /bin/bash -c 'sed -i.save "/brick_c2a7daecd54c7027b5fa4e25ebaed623/d" /etc/fstab'
Result: 
[sshexec] DEBUG 2017/04/27 02:19:17 /src/github.com/heketi/heketi/pkg/utils/ssh/ssh.go:176: Host: 192.168.48.14:22 Command: /bin/bash -c 'sed -i.save "/brick_01d3c141a497c6a716b8d97f5c3e75c2/d" /etc/fstab'
Result: 
[sshexec] DEBUG 2017/04/27 02:19:17 /src/github.com/heketi/heketi/pkg/utils/ssh/ssh.go:176: Host: 192.168.48.12:22 Command: /bin/bash -c 'sed -i.save "/brick_69136e2d4429f406bd4ce5413a779359/d" /etc/fstab'
Result: 
[heketi] ERROR 2017/04/27 02:19:17 /src/github.com/heketi/heketi/apps/glusterfs/app_volume.go:148: Failed to create volume: volume create: vol_ad317e5172b515145b0450201ee2ee99: failed: Host 192.168.48.14 is not in 'Peer in Cluster' state
[asynchttp] INFO 2017/04/27 02:19:17 Completed job 3aca1c665425327870ba4d6df9493e0f in 3.897033742s
[negroni] Started GET /queue/3aca1c665425327870ba4d6df9493e0f
[negroni] Completed 500 Internal Server Error in 65.283µs
[negroni] Started POST /volumes
[negroni] Completed 202 Accepted in 15.09181ms
[asynchttp] INFO 2017/04/27 02:19:28 Started job 447b82daa135817af0b7e29a919c20a9
[heketi] INFO 2017/04/27 02:19:28 Creating volume cbb6db8290560d1fe65b12c6ba024f83
[heketi] INFO 2017/04/27 02:19:28 brick_num: 0
[negroni] Started GET /queue/447b82daa135817af0b7e29a919c20a9
[negroni] Completed 200 OK in 63.941µs
[heketi] INFO 2017/04/27 02:19:28 Creating brick 334f1be4327a5f9b68980a4f97079c10
[heketi] INFO 2017/04/27 02:19:28 Creating brick a5ddfa17a79f682111970f88907fce19
[heketi] INFO 2017/04/27 02:19:28 Creating brick f276052e3f57c9b8eb020ca09cd0b217
[sshexec] DEBUG 2017/04/27 02:19:29 /src/github.com/heketi/heketi/pkg/utils/ssh/ssh.go:176: Host: 192.168.48.12:22 Command: /bin/bash -c 'mkdir -p /var/lib/heketi/mounts/vg_403cca7edce115dc1c641acc2f5f11fb/brick_f276052e3f57c9b8eb020ca09cd0b217'
Result: 
[sshexec] DEBUG 2017/04/27 02:19:29 /src/github.com/heketi/heketi/pkg/utils/ssh/ssh.go:176: Host: 192.168.48.14:22 Command: /bin/bash -c 'mkdir -p /var/lib/heketi/mounts/vg_d72d3bd802d4e511a80ce2f16181289d/brick_334f1be4327a5f9b68980a4f97079c10'
Result: 
[sshexec] DEBUG 2017/04/27 02:19:29 /src/github.com/heketi/heketi/pkg/utils/ssh/ssh.go:176: Host: 192.168.48.17:22 Command: /bin/bash -c 'mkdir -p /var/lib/heketi/mounts/vg_6c7ff8b53124baa86b5b789cd93274e1/brick_a5ddfa17a79f682111970f88907fce19'
Result: 
[sshexec] DEBUG 2017/04/27 02:19:29 /src/github.com/heketi/heketi/pkg/utils/ssh/ssh.go:176: Host: 192.168.48.17:22 Command: /bin/bash -c 'lvcreate --poolmetadatasize 8192K -c 256K -L 1048576K -T vg_6c7ff8b53124baa86b5b789cd93274e1/tp_a5ddfa17a79f682111970f88907fce19 -V 1048576K -n brick_a5ddfa17a79f682111970f88907fce19'
Result:   Logical volume "brick_a5ddfa17a79f682111970f88907fce19" created.
[sshexec] DEBUG 2017/04/27 02:19:29 /src/github.com/heketi/heketi/pkg/utils/ssh/ssh.go:176: Host: 192.168.48.12:22 Command: /bin/bash -c 'lvcreate --poolmetadatasize 8192K -c 256K -L 1048576K -T vg_403cca7edce115dc1c641acc2f5f11fb/tp_f276052e3f57c9b8eb020ca09cd0b217 -V 1048576K -n brick_f276052e3f57c9b8eb020ca09cd0b217'
Result:   Logical volume "brick_f276052e3f57c9b8eb020ca09cd0b217" created.
[sshexec] DEBUG 2017/04/27 02:19:29 /src/github.com/heketi/heketi/pkg/utils/ssh/ssh.go:176: Host: 192.168.48.14:22 Command: /bin/bash -c 'lvcreate --poolmetadatasize 8192K -c 256K -L 1048576K -T vg_d72d3bd802d4e511a80ce2f16181289d/tp_334f1be4327a5f9b68980a4f97079c10 -V 1048576K -n brick_334f1be4327a5f9b68980a4f97079c10'
Result:   Logical volume "brick_334f1be4327a5f9b68980a4f97079c10" created.
[negroni] Started GET /queue/447b82daa135817af0b7e29a919c20a9
[negroni] Completed 200 OK in 86.471µs
[sshexec] DEBUG 2017/04/27 02:19:29 /src/github.com/heketi/heketi/pkg/utils/ssh/ssh.go:176: Host: 192.168.48.12:22 Command: /bin/bash -c 'mkfs.xfs -i size=512 -n size=8192 /dev/mapper/vg_403cca7edce115dc1c641acc2f5f11fb-brick_f276052e3f57c9b8eb020ca09cd0b217'
Result: meta-data=/dev/mapper/vg_403cca7edce115dc1c641acc2f5f11fb-brick_f276052e3f57c9b8eb020ca09cd0b217 isize=512    agcount=8, agsize=32704 blks
         =                       sectsz=4096  attr=2, projid32bit=1
         =                       crc=1        finobt=1, sparse=0
data     =                       bsize=4096   blocks=261632, imaxpct=25
         =                       sunit=64     swidth=64 blks
naming   =version 2              bsize=8192   ascii-ci=0 ftype=1
log      =internal log           bsize=4096   blocks=576, version=2
         =                       sectsz=4096  sunit=1 blks, lazy-count=1
realtime =none                   extsz=4096   blocks=0, rtextents=0
[sshexec] DEBUG 2017/04/27 02:19:29 /src/github.com/heketi/heketi/pkg/utils/ssh/ssh.go:176: Host: 192.168.48.17:22 Command: /bin/bash -c 'mkfs.xfs -i size=512 -n size=8192 /dev/mapper/vg_6c7ff8b53124baa86b5b789cd93274e1-brick_a5ddfa17a79f682111970f88907fce19'
Result: meta-data=/dev/mapper/vg_6c7ff8b53124baa86b5b789cd93274e1-brick_a5ddfa17a79f682111970f88907fce19 isize=512    agcount=8, agsize=32704 blks
         =                       sectsz=512   attr=2, projid32bit=1
         =                       crc=1        finobt=1, sparse=0
data     =                       bsize=4096   blocks=261632, imaxpct=25
         =                       sunit=64     swidth=64 blks
naming   =version 2              bsize=8192   ascii-ci=0 ftype=1
log      =internal log           bsize=4096   blocks=1728, version=2
         =                       sectsz=512   sunit=64 blks, lazy-count=1
realtime =none                   extsz=4096   blocks=0, rtextents=0
[sshexec] DEBUG 2017/04/27 02:19:29 /src/github.com/heketi/heketi/pkg/utils/ssh/ssh.go:176: Host: 192.168.48.12:22 Command: /bin/bash -c 'echo "/dev/mapper/vg_403cca7edce115dc1c641acc2f5f11fb-brick_f276052e3f57c9b8eb020ca09cd0b217 /var/lib/heketi/mounts/vg_403cca7edce115dc1c641acc2f5f11fb/brick_f276052e3f57c9b8eb020ca09cd0b217 xfs rw,inode64,noatime,nouuid 1 2" | tee -a /etc/fstab > /dev/null '
Result: 
[sshexec] DEBUG 2017/04/27 02:19:29 /src/github.com/heketi/heketi/pkg/utils/ssh/ssh.go:176: Host: 192.168.48.17:22 Command: /bin/bash -c 'echo "/dev/mapper/vg_6c7ff8b53124baa86b5b789cd93274e1-brick_a5ddfa17a79f682111970f88907fce19 /var/lib/heketi/mounts/vg_6c7ff8b53124baa86b5b789cd93274e1/brick_a5ddfa17a79f682111970f88907fce19 xfs rw,inode64,noatime,nouuid 1 2" | tee -a /etc/fstab > /dev/null '
Result: 
[sshexec] DEBUG 2017/04/27 02:19:29 /src/github.com/heketi/heketi/pkg/utils/ssh/ssh.go:176: Host: 192.168.48.12:22 Command: /bin/bash -c 'mount -o rw,inode64,noatime,nouuid /dev/mapper/vg_403cca7edce115dc1c641acc2f5f11fb-brick_f276052e3f57c9b8eb020ca09cd0b217 /var/lib/heketi/mounts/vg_403cca7edce115dc1c641acc2f5f11fb/brick_f276052e3f57c9b8eb020ca09cd0b217'
Result: 
[sshexec] DEBUG 2017/04/27 02:19:29 /src/github.com/heketi/heketi/pkg/utils/ssh/ssh.go:176: Host: 192.168.48.14:22 Command: /bin/bash -c 'mkfs.xfs -i size=512 -n size=8192 /dev/mapper/vg_d72d3bd802d4e511a80ce2f16181289d-brick_334f1be4327a5f9b68980a4f97079c10'
Result: meta-data=/dev/mapper/vg_d72d3bd802d4e511a80ce2f16181289d-brick_334f1be4327a5f9b68980a4f97079c10 isize=512    agcount=8, agsize=32704 blks
         =                       sectsz=512   attr=2, projid32bit=1
         =                       crc=1        finobt=1, sparse=0
data     =                       bsize=4096   blocks=261632, imaxpct=25
         =                       sunit=64     swidth=64 blks
naming   =version 2              bsize=8192   ascii-ci=0 ftype=1
log      =internal log           bsize=4096   blocks=1728, version=2
         =                       sectsz=512   sunit=64 blks, lazy-count=1
realtime =none                   extsz=4096   blocks=0, rtextents=0
[sshexec] DEBUG 2017/04/27 02:19:29 /src/github.com/heketi/heketi/pkg/utils/ssh/ssh.go:176: Host: 192.168.48.14:22 Command: /bin/bash -c 'echo "/dev/mapper/vg_d72d3bd802d4e511a80ce2f16181289d-brick_334f1be4327a5f9b68980a4f97079c10 /var/lib/heketi/mounts/vg_d72d3bd802d4e511a80ce2f16181289d/brick_334f1be4327a5f9b68980a4f97079c10 xfs rw,inode64,noatime,nouuid 1 2" | tee -a /etc/fstab > /dev/null '
Result: 
[sshexec] DEBUG 2017/04/27 02:19:29 /src/github.com/heketi/heketi/pkg/utils/ssh/ssh.go:176: Host: 192.168.48.12:22 Command: /bin/bash -c 'mkdir /var/lib/heketi/mounts/vg_403cca7edce115dc1c641acc2f5f11fb/brick_f276052e3f57c9b8eb020ca09cd0b217/brick'
Result: 
[sshexec] DEBUG 2017/04/27 02:19:29 /src/github.com/heketi/heketi/pkg/utils/ssh/ssh.go:176: Host: 192.168.48.12:22 Command: /bin/bash -c 'chown :2000 /var/lib/heketi/mounts/vg_403cca7edce115dc1c641acc2f5f11fb/brick_f276052e3f57c9b8eb020ca09cd0b217/brick'
Result: 
[sshexec] DEBUG 2017/04/27 02:19:29 /src/github.com/heketi/heketi/pkg/utils/ssh/ssh.go:176: Host: 192.168.48.12:22 Command: /bin/bash -c 'chmod 2775 /var/lib/heketi/mounts/vg_403cca7edce115dc1c641acc2f5f11fb/brick_f276052e3f57c9b8eb020ca09cd0b217/brick'
Result: 
[sshexec] DEBUG 2017/04/27 02:19:30 /src/github.com/heketi/heketi/pkg/utils/ssh/ssh.go:176: Host: 192.168.48.17:22 Command: /bin/bash -c 'mount -o rw,inode64,noatime,nouuid /dev/mapper/vg_6c7ff8b53124baa86b5b789cd93274e1-brick_a5ddfa17a79f682111970f88907fce19 /var/lib/heketi/mounts/vg_6c7ff8b53124baa86b5b789cd93274e1/brick_a5ddfa17a79f682111970f88907fce19'
Result: 
[sshexec] DEBUG 2017/04/27 02:19:30 /src/github.com/heketi/heketi/pkg/utils/ssh/ssh.go:176: Host: 192.168.48.17:22 Command: /bin/bash -c 'mkdir /var/lib/heketi/mounts/vg_6c7ff8b53124baa86b5b789cd93274e1/brick_a5ddfa17a79f682111970f88907fce19/brick'
Result: 
[sshexec] DEBUG 2017/04/27 02:19:30 /src/github.com/heketi/heketi/pkg/utils/ssh/ssh.go:176: Host: 192.168.48.17:22 Command: /bin/bash -c 'chown :2000 /var/lib/heketi/mounts/vg_6c7ff8b53124baa86b5b789cd93274e1/brick_a5ddfa17a79f682111970f88907fce19/brick'
Result: 
[sshexec] DEBUG 2017/04/27 02:19:30 /src/github.com/heketi/heketi/pkg/utils/ssh/ssh.go:176: Host: 192.168.48.17:22 Command: /bin/bash -c 'chmod 2775 /var/lib/heketi/mounts/vg_6c7ff8b53124baa86b5b789cd93274e1/brick_a5ddfa17a79f682111970f88907fce19/brick'
Result: 
[sshexec] DEBUG 2017/04/27 02:19:30 /src/github.com/heketi/heketi/pkg/utils/ssh/ssh.go:176: Host: 192.168.48.14:22 Command: /bin/bash -c 'mount -o rw,inode64,noatime,nouuid /dev/mapper/vg_d72d3bd802d4e511a80ce2f16181289d-brick_334f1be4327a5f9b68980a4f97079c10 /var/lib/heketi/mounts/vg_d72d3bd802d4e511a80ce2f16181289d/brick_334f1be4327a5f9b68980a4f97079c10'
Result: 
[sshexec] DEBUG 2017/04/27 02:19:30 /src/github.com/heketi/heketi/pkg/utils/ssh/ssh.go:176: Host: 192.168.48.14:22 Command: /bin/bash -c 'mkdir /var/lib/heketi/mounts/vg_d72d3bd802d4e511a80ce2f16181289d/brick_334f1be4327a5f9b68980a4f97079c10/brick'
Result: 
[sshexec] DEBUG 2017/04/27 02:19:30 /src/github.com/heketi/heketi/pkg/utils/ssh/ssh.go:176: Host: 192.168.48.14:22 Command: /bin/bash -c 'chown :2000 /var/lib/heketi/mounts/vg_d72d3bd802d4e511a80ce2f16181289d/brick_334f1be4327a5f9b68980a4f97079c10/brick'
Result: 
[sshexec] DEBUG 2017/04/27 02:19:30 /src/github.com/heketi/heketi/pkg/utils/ssh/ssh.go:176: Host: 192.168.48.14:22 Command: /bin/bash -c 'chmod 2775 /var/lib/heketi/mounts/vg_d72d3bd802d4e511a80ce2f16181289d/brick_334f1be4327a5f9b68980a4f97079c10/brick'
Result: 
[sshexec] INFO 2017/04/27 02:19:30 Creating volume vol_cbb6db8290560d1fe65b12c6ba024f83 replica 3
[sshexec] ERROR 2017/04/27 02:19:30 /src/github.com/heketi/heketi/pkg/utils/ssh/ssh.go:173: Failed to run command [/bin/bash -c 'gluster --mode=script volume create vol_cbb6db8290560d1fe65b12c6ba024f83 replica 3 192.168.48.14:/var/lib/heketi/mounts/vg_d72d3bd802d4e511a80ce2f16181289d/brick_334f1be4327a5f9b68980a4f97079c10/brick 192.168.48.12:/var/lib/heketi/mounts/vg_403cca7edce115dc1c641acc2f5f11fb/brick_f276052e3f57c9b8eb020ca09cd0b217/brick 192.168.48.17:/var/lib/heketi/mounts/vg_6c7ff8b53124baa86b5b789cd93274e1/brick_a5ddfa17a79f682111970f88907fce19/brick '] on 192.168.48.14:22: Err[Process exited with: 1. Reason was:  ()]: Stdout []: Stderr [volume create: vol_cbb6db8290560d1fe65b12c6ba024f83: failed: Staging failed on 192.168.48.17. Error: Host 192.168.48.14 is not in 'Peer in Cluster' state
Staging failed on 192.168.48.12. Error: Host 192.168.48.14 is not in 'Peer in Cluster' state
]
[negroni] Started GET /queue/447b82daa135817af0b7e29a919c20a9
[negroni] Completed 200 OK in 90.622µs
[sshexec] ERROR 2017/04/27 02:19:30 /src/github.com/heketi/heketi/pkg/utils/ssh/ssh.go:173: Failed to run command [/bin/bash -c 'gluster --mode=script volume stop vol_cbb6db8290560d1fe65b12c6ba024f83 force'] on 192.168.48.14:22: Err[Process exited with: 1. Reason was:  ()]: Stdout []: Stderr [volume stop: vol_cbb6db8290560d1fe65b12c6ba024f83: failed: Volume vol_cbb6db8290560d1fe65b12c6ba024f83 does not exist
]
[sshexec] ERROR 2017/04/27 02:19:30 /src/github.com/heketi/heketi/executors/sshexec/volume.go:130: Unable to stop volume vol_cbb6db8290560d1fe65b12c6ba024f83: volume stop: vol_cbb6db8290560d1fe65b12c6ba024f83: failed: Volume vol_cbb6db8290560d1fe65b12c6ba024f83 does not exist
[sshexec] ERROR 2017/04/27 02:19:31 /src/github.com/heketi/heketi/pkg/utils/ssh/ssh.go:173: Failed to run command [/bin/bash -c 'gluster --mode=script volume delete vol_cbb6db8290560d1fe65b12c6ba024f83'] on 192.168.48.14:22: Err[Process exited with: 1. Reason was:  ()]: Stdout []: Stderr [volume delete: vol_cbb6db8290560d1fe65b12c6ba024f83: failed: Volume vol_cbb6db8290560d1fe65b12c6ba024f83 does not exist
]
[sshexec] ERROR 2017/04/27 02:19:31 /src/github.com/heketi/heketi/executors/sshexec/volume.go:139: Unable to delete volume vol_cbb6db8290560d1fe65b12c6ba024f83: volume delete: vol_cbb6db8290560d1fe65b12c6ba024f83: failed: Volume vol_cbb6db8290560d1fe65b12c6ba024f83 does not exist
[heketi] INFO 2017/04/27 02:19:31 Deleting brick a5ddfa17a79f682111970f88907fce19
[heketi] INFO 2017/04/27 02:19:31 Deleting brick 334f1be4327a5f9b68980a4f97079c10
[heketi] INFO 2017/04/27 02:19:31 Deleting brick f276052e3f57c9b8eb020ca09cd0b217
[sshexec] DEBUG 2017/04/27 02:19:31 /src/github.com/heketi/heketi/pkg/utils/ssh/ssh.go:176: Host: 192.168.48.14:22 Command: /bin/bash -c 'umount /var/lib/heketi/mounts/vg_d72d3bd802d4e511a80ce2f16181289d/brick_334f1be4327a5f9b68980a4f97079c10'
Result: 
[sshexec] DEBUG 2017/04/27 02:19:31 /src/github.com/heketi/heketi/pkg/utils/ssh/ssh.go:176: Host: 192.168.48.12:22 Command: /bin/bash -c 'umount /var/lib/heketi/mounts/vg_403cca7edce115dc1c641acc2f5f11fb/brick_f276052e3f57c9b8eb020ca09cd0b217'
Result: 
[sshexec] DEBUG 2017/04/27 02:19:31 /src/github.com/heketi/heketi/pkg/utils/ssh/ssh.go:176: Host: 192.168.48.17:22 Command: /bin/bash -c 'umount /var/lib/heketi/mounts/vg_6c7ff8b53124baa86b5b789cd93274e1/brick_a5ddfa17a79f682111970f88907fce19'
Result: 
[sshexec] DEBUG 2017/04/27 02:19:31 /src/github.com/heketi/heketi/pkg/utils/ssh/ssh.go:176: Host: 192.168.48.14:22 Command: /bin/bash -c 'lvremove -f vg_d72d3bd802d4e511a80ce2f16181289d/tp_334f1be4327a5f9b68980a4f97079c10'
Result:   Logical volume "brick_334f1be4327a5f9b68980a4f97079c10" successfully removed
  Logical volume "tp_334f1be4327a5f9b68980a4f97079c10" successfully removed
[negroni] Started GET /queue/447b82daa135817af0b7e29a919c20a9
[negroni] Completed 200 OK in 89.147µs
[sshexec] DEBUG 2017/04/27 02:19:31 /src/github.com/heketi/heketi/pkg/utils/ssh/ssh.go:176: Host: 192.168.48.17:22 Command: /bin/bash -c 'lvremove -f vg_6c7ff8b53124baa86b5b789cd93274e1/tp_a5ddfa17a79f682111970f88907fce19'
Result:   Logical volume "brick_a5ddfa17a79f682111970f88907fce19" successfully removed
  Logical volume "tp_a5ddfa17a79f682111970f88907fce19" successfully removed
[sshexec] DEBUG 2017/04/27 02:19:32 /src/github.com/heketi/heketi/pkg/utils/ssh/ssh.go:176: Host: 192.168.48.14:22 Command: /bin/bash -c 'rmdir /var/lib/heketi/mounts/vg_d72d3bd802d4e511a80ce2f16181289d/brick_334f1be4327a5f9b68980a4f97079c10'
Result: 
[sshexec] DEBUG 2017/04/27 02:19:32 /src/github.com/heketi/heketi/pkg/utils/ssh/ssh.go:176: Host: 192.168.48.12:22 Command: /bin/bash -c 'lvremove -f vg_403cca7edce115dc1c641acc2f5f11fb/tp_f276052e3f57c9b8eb020ca09cd0b217'
Result:   Logical volume "brick_f276052e3f57c9b8eb020ca09cd0b217" successfully removed
  Logical volume "tp_f276052e3f57c9b8eb020ca09cd0b217" successfully removed
[sshexec] DEBUG 2017/04/27 02:19:32 /src/github.com/heketi/heketi/pkg/utils/ssh/ssh.go:176: Host: 192.168.48.17:22 Command: /bin/bash -c 'rmdir /var/lib/heketi/mounts/vg_6c7ff8b53124baa86b5b789cd93274e1/brick_a5ddfa17a79f682111970f88907fce19'
Result: 
[sshexec] DEBUG 2017/04/27 02:19:32 /src/github.com/heketi/heketi/pkg/utils/ssh/ssh.go:176: Host: 192.168.48.14:22 Command: /bin/bash -c 'sed -i.save "/brick_334f1be4327a5f9b68980a4f97079c10/d" /etc/fstab'
Result: 
[sshexec] DEBUG 2017/04/27 02:19:32 /src/github.com/heketi/heketi/pkg/utils/ssh/ssh.go:176: Host: 192.168.48.12:22 Command: /bin/bash -c 'rmdir /var/lib/heketi/mounts/vg_403cca7edce115dc1c641acc2f5f11fb/brick_f276052e3f57c9b8eb020ca09cd0b217'
Result: 
[sshexec] DEBUG 2017/04/27 02:19:32 /src/github.com/heketi/heketi/pkg/utils/ssh/ssh.go:176: Host: 192.168.48.17:22 Command: /bin/bash -c 'sed -i.save "/brick_a5ddfa17a79f682111970f88907fce19/d" /etc/fstab'
Result: 
[sshexec] DEBUG 2017/04/27 02:19:32 /src/github.com/heketi/heketi/pkg/utils/ssh/ssh.go:176: Host: 192.168.48.12:22 Command: /bin/bash -c 'sed -i.save "/brick_f276052e3f57c9b8eb020ca09cd0b217/d" /etc/fstab'
Result: 
[asynchttp] INFO 2017/04/27 02:19:32 Completed job 447b82daa135817af0b7e29a919c20a9 in 3.737852304s
[heketi] ERROR 2017/04/27 02:19:32 /src/github.com/heketi/heketi/apps/glusterfs/app_volume.go:148: Failed to create volume: volume create: vol_cbb6db8290560d1fe65b12c6ba024f83: failed: Staging failed on 192.168.48.17. Error: Host 192.168.48.14 is not in 'Peer in Cluster' state
Staging failed on 192.168.48.12. Error: Host 192.168.48.14 is not in 'Peer in Cluster' state
[negroni] Started GET /queue/447b82daa135817af0b7e29a919c20a9
[negroni] Completed 500 Internal Server Error in 81.171µs
[negroni] Started POST /volumes
[negroni] Completed 202 Accepted in 21.969267ms
[asynchttp] INFO 2017/04/27 02:19:43 Started job f3abc0c7adaf1a87c39da216ba42e827
[heketi] INFO 2017/04/27 02:19:43 Creating volume bb165a345c50a71fa7902cd002d815f1
[heketi] INFO 2017/04/27 02:19:43 brick_num: 0
[negroni] Started GET /queue/f3abc0c7adaf1a87c39da216ba42e827
[negroni] Completed 200 OK in 2.011824ms
[heketi] INFO 2017/04/27 02:19:43 Creating brick 215dc5af54b92534886987ce61aec542
[heketi] INFO 2017/04/27 02:19:43 Creating brick 4053420c1c25446ef9b31dd94aba7e3e
[heketi] INFO 2017/04/27 02:19:43 Creating brick d425a2f4d1ff3556ab4f00025cbc97e3
[sshexec] DEBUG 2017/04/27 02:19:44 /src/github.com/heketi/heketi/pkg/utils/ssh/ssh.go:176: Host: 192.168.48.12:22 Command: /bin/bash -c 'mkdir -p /var/lib/heketi/mounts/vg_403cca7edce115dc1c641acc2f5f11fb/brick_4053420c1c25446ef9b31dd94aba7e3e'
Result: 
[sshexec] DEBUG 2017/04/27 02:19:44 /src/github.com/heketi/heketi/pkg/utils/ssh/ssh.go:176: Host: 192.168.48.14:22 Command: /bin/bash -c 'mkdir -p /var/lib/heketi/mounts/vg_d72d3bd802d4e511a80ce2f16181289d/brick_d425a2f4d1ff3556ab4f00025cbc97e3'
Result: 
[sshexec] DEBUG 2017/04/27 02:19:44 /src/github.com/heketi/heketi/pkg/utils/ssh/ssh.go:176: Host: 192.168.48.17:22 Command: /bin/bash -c 'mkdir -p /var/lib/heketi/mounts/vg_6c7ff8b53124baa86b5b789cd93274e1/brick_215dc5af54b92534886987ce61aec542'
Result: 
[sshexec] DEBUG 2017/04/27 02:19:44 /src/github.com/heketi/heketi/pkg/utils/ssh/ssh.go:176: Host: 192.168.48.17:22 Command: /bin/bash -c 'lvcreate --poolmetadatasize 8192K -c 256K -L 1048576K -T vg_6c7ff8b53124baa86b5b789cd93274e1/tp_215dc5af54b92534886987ce61aec542 -V 1048576K -n brick_215dc5af54b92534886987ce61aec542'
Result:   Logical volume "brick_215dc5af54b92534886987ce61aec542" created.
[sshexec] DEBUG 2017/04/27 02:19:44 /src/github.com/heketi/heketi/pkg/utils/ssh/ssh.go:176: Host: 192.168.48.14:22 Command: /bin/bash -c 'lvcreate --poolmetadatasize 8192K -c 256K -L 1048576K -T vg_d72d3bd802d4e511a80ce2f16181289d/tp_d425a2f4d1ff3556ab4f00025cbc97e3 -V 1048576K -n brick_d425a2f4d1ff3556ab4f00025cbc97e3'
Result:   Logical volume "brick_d425a2f4d1ff3556ab4f00025cbc97e3" created.
[sshexec] DEBUG 2017/04/27 02:19:44 /src/github.com/heketi/heketi/pkg/utils/ssh/ssh.go:176: Host: 192.168.48.12:22 Command: /bin/bash -c 'lvcreate --poolmetadatasize 8192K -c 256K -L 1048576K -T vg_403cca7edce115dc1c641acc2f5f11fb/tp_4053420c1c25446ef9b31dd94aba7e3e -V 1048576K -n brick_4053420c1c25446ef9b31dd94aba7e3e'
Result:   Logical volume "brick_4053420c1c25446ef9b31dd94aba7e3e" created.
[negroni] Started GET /queue/f3abc0c7adaf1a87c39da216ba42e827
[negroni] Completed 200 OK in 63.89µs
[sshexec] DEBUG 2017/04/27 02:19:44 /src/github.com/heketi/heketi/pkg/utils/ssh/ssh.go:176: Host: 192.168.48.17:22 Command: /bin/bash -c 'mkfs.xfs -i size=512 -n size=8192 /dev/mapper/vg_6c7ff8b53124baa86b5b789cd93274e1-brick_215dc5af54b92534886987ce61aec542'
Result: meta-data=/dev/mapper/vg_6c7ff8b53124baa86b5b789cd93274e1-brick_215dc5af54b92534886987ce61aec542 isize=512    agcount=8, agsize=32704 blks
         =                       sectsz=512   attr=2, projid32bit=1
         =                       crc=1        finobt=1, sparse=0
data     =                       bsize=4096   blocks=261632, imaxpct=25
         =                       sunit=64     swidth=64 blks
naming   =version 2              bsize=8192   ascii-ci=0 ftype=1
log      =internal log           bsize=4096   blocks=1728, version=2
         =                       sectsz=512   sunit=64 blks, lazy-count=1
realtime =none                   extsz=4096   blocks=0, rtextents=0
[sshexec] DEBUG 2017/04/27 02:19:44 /src/github.com/heketi/heketi/pkg/utils/ssh/ssh.go:176: Host: 192.168.48.17:22 Command: /bin/bash -c 'echo "/dev/mapper/vg_6c7ff8b53124baa86b5b789cd93274e1-brick_215dc5af54b92534886987ce61aec542 /var/lib/heketi/mounts/vg_6c7ff8b53124baa86b5b789cd93274e1/brick_215dc5af54b92534886987ce61aec542 xfs rw,inode64,noatime,nouuid 1 2" | tee -a /etc/fstab > /dev/null '
Result: 
[sshexec] DEBUG 2017/04/27 02:19:44 /src/github.com/heketi/heketi/pkg/utils/ssh/ssh.go:176: Host: 192.168.48.14:22 Command: /bin/bash -c 'mkfs.xfs -i size=512 -n size=8192 /dev/mapper/vg_d72d3bd802d4e511a80ce2f16181289d-brick_d425a2f4d1ff3556ab4f00025cbc97e3'
Result: meta-data=/dev/mapper/vg_d72d3bd802d4e511a80ce2f16181289d-brick_d425a2f4d1ff3556ab4f00025cbc97e3 isize=512    agcount=8, agsize=32704 blks
         =                       sectsz=512   attr=2, projid32bit=1
         =                       crc=1        finobt=1, sparse=0
data     =                       bsize=4096   blocks=261632, imaxpct=25
         =                       sunit=64     swidth=64 blks
naming   =version 2              bsize=8192   ascii-ci=0 ftype=1
log      =internal log           bsize=4096   blocks=1728, version=2
         =                       sectsz=512   sunit=64 blks, lazy-count=1
realtime =none                   extsz=4096   blocks=0, rtextents=0
[sshexec] DEBUG 2017/04/27 02:19:44 /src/github.com/heketi/heketi/pkg/utils/ssh/ssh.go:176: Host: 192.168.48.14:22 Command: /bin/bash -c 'echo "/dev/mapper/vg_d72d3bd802d4e511a80ce2f16181289d-brick_d425a2f4d1ff3556ab4f00025cbc97e3 /var/lib/heketi/mounts/vg_d72d3bd802d4e511a80ce2f16181289d/brick_d425a2f4d1ff3556ab4f00025cbc97e3 xfs rw,inode64,noatime,nouuid 1 2" | tee -a /etc/fstab > /dev/null '
Result: 
[sshexec] DEBUG 2017/04/27 02:19:45 /src/github.com/heketi/heketi/pkg/utils/ssh/ssh.go:176: Host: 192.168.48.12:22 Command: /bin/bash -c 'mkfs.xfs -i size=512 -n size=8192 /dev/mapper/vg_403cca7edce115dc1c641acc2f5f11fb-brick_4053420c1c25446ef9b31dd94aba7e3e'
Result: meta-data=/dev/mapper/vg_403cca7edce115dc1c641acc2f5f11fb-brick_4053420c1c25446ef9b31dd94aba7e3e isize=512    agcount=8, agsize=32704 blks
         =                       sectsz=4096  attr=2, projid32bit=1
         =                       crc=1        finobt=1, sparse=0
data     =                       bsize=4096   blocks=261632, imaxpct=25
         =                       sunit=64     swidth=64 blks
naming   =version 2              bsize=8192   ascii-ci=0 ftype=1
log      =internal log           bsize=4096   blocks=576, version=2
         =                       sectsz=4096  sunit=1 blks, lazy-count=1
realtime =none                   extsz=4096   blocks=0, rtextents=0
[sshexec] DEBUG 2017/04/27 02:19:45 /src/github.com/heketi/heketi/pkg/utils/ssh/ssh.go:176: Host: 192.168.48.12:22 Command: /bin/bash -c 'echo "/dev/mapper/vg_403cca7edce115dc1c641acc2f5f11fb-brick_4053420c1c25446ef9b31dd94aba7e3e /var/lib/heketi/mounts/vg_403cca7edce115dc1c641acc2f5f11fb/brick_4053420c1c25446ef9b31dd94aba7e3e xfs rw,inode64,noatime,nouuid 1 2" | tee -a /etc/fstab > /dev/null '
Result: 
[sshexec] DEBUG 2017/04/27 02:19:45 /src/github.com/heketi/heketi/pkg/utils/ssh/ssh.go:176: Host: 192.168.48.12:22 Command: /bin/bash -c 'mount -o rw,inode64,noatime,nouuid /dev/mapper/vg_403cca7edce115dc1c641acc2f5f11fb-brick_4053420c1c25446ef9b31dd94aba7e3e /var/lib/heketi/mounts/vg_403cca7edce115dc1c641acc2f5f11fb/brick_4053420c1c25446ef9b31dd94aba7e3e'
Result: 
[sshexec] DEBUG 2017/04/27 02:19:45 /src/github.com/heketi/heketi/pkg/utils/ssh/ssh.go:176: Host: 192.168.48.12:22 Command: /bin/bash -c 'mkdir /var/lib/heketi/mounts/vg_403cca7edce115dc1c641acc2f5f11fb/brick_4053420c1c25446ef9b31dd94aba7e3e/brick'
Result: 
[sshexec] DEBUG 2017/04/27 02:19:45 /src/github.com/heketi/heketi/pkg/utils/ssh/ssh.go:176: Host: 192.168.48.12:22 Command: /bin/bash -c 'chown :2000 /var/lib/heketi/mounts/vg_403cca7edce115dc1c641acc2f5f11fb/brick_4053420c1c25446ef9b31dd94aba7e3e/brick'
Result: 
[sshexec] DEBUG 2017/04/27 02:19:45 /src/github.com/heketi/heketi/pkg/utils/ssh/ssh.go:176: Host: 192.168.48.12:22 Command: /bin/bash -c 'chmod 2775 /var/lib/heketi/mounts/vg_403cca7edce115dc1c641acc2f5f11fb/brick_4053420c1c25446ef9b31dd94aba7e3e/brick'
Result: 
[sshexec] DEBUG 2017/04/27 02:19:45 /src/github.com/heketi/heketi/pkg/utils/ssh/ssh.go:176: Host: 192.168.48.17:22 Command: /bin/bash -c 'mount -o rw,inode64,noatime,nouuid /dev/mapper/vg_6c7ff8b53124baa86b5b789cd93274e1-brick_215dc5af54b92534886987ce61aec542 /var/lib/heketi/mounts/vg_6c7ff8b53124baa86b5b789cd93274e1/brick_215dc5af54b92534886987ce61aec542'
Result: 
[sshexec] DEBUG 2017/04/27 02:19:45 /src/github.com/heketi/heketi/pkg/utils/ssh/ssh.go:176: Host: 192.168.48.17:22 Command: /bin/bash -c 'mkdir /var/lib/heketi/mounts/vg_6c7ff8b53124baa86b5b789cd93274e1/brick_215dc5af54b92534886987ce61aec542/brick'
Result: 
[sshexec] DEBUG 2017/04/27 02:19:45 /src/github.com/heketi/heketi/pkg/utils/ssh/ssh.go:176: Host: 192.168.48.17:22 Command: /bin/bash -c 'chown :2000 /var/lib/heketi/mounts/vg_6c7ff8b53124baa86b5b789cd93274e1/brick_215dc5af54b92534886987ce61aec542/brick'
Result: 
[sshexec] DEBUG 2017/04/27 02:19:45 /src/github.com/heketi/heketi/pkg/utils/ssh/ssh.go:176: Host: 192.168.48.17:22 Command: /bin/bash -c 'chmod 2775 /var/lib/heketi/mounts/vg_6c7ff8b53124baa86b5b789cd93274e1/brick_215dc5af54b92534886987ce61aec542/brick'
Result: 
[sshexec] DEBUG 2017/04/27 02:19:45 /src/github.com/heketi/heketi/pkg/utils/ssh/ssh.go:176: Host: 192.168.48.14:22 Command: /bin/bash -c 'mount -o rw,inode64,noatime,nouuid /dev/mapper/vg_d72d3bd802d4e511a80ce2f16181289d-brick_d425a2f4d1ff3556ab4f00025cbc97e3 /var/lib/heketi/mounts/vg_d72d3bd802d4e511a80ce2f16181289d/brick_d425a2f4d1ff3556ab4f00025cbc97e3'
Result: 
[sshexec] DEBUG 2017/04/27 02:19:45 /src/github.com/heketi/heketi/pkg/utils/ssh/ssh.go:176: Host: 192.168.48.14:22 Command: /bin/bash -c 'mkdir /var/lib/heketi/mounts/vg_d72d3bd802d4e511a80ce2f16181289d/brick_d425a2f4d1ff3556ab4f00025cbc97e3/brick'
Result: 
[sshexec] DEBUG 2017/04/27 02:19:45 /src/github.com/heketi/heketi/pkg/utils/ssh/ssh.go:176: Host: 192.168.48.14:22 Command: /bin/bash -c 'chown :2000 /var/lib/heketi/mounts/vg_d72d3bd802d4e511a80ce2f16181289d/brick_d425a2f4d1ff3556ab4f00025cbc97e3/brick'
Result: 
[sshexec] DEBUG 2017/04/27 02:19:45 /src/github.com/heketi/heketi/pkg/utils/ssh/ssh.go:176: Host: 192.168.48.14:22 Command: /bin/bash -c 'chmod 2775 /var/lib/heketi/mounts/vg_d72d3bd802d4e511a80ce2f16181289d/brick_d425a2f4d1ff3556ab4f00025cbc97e3/brick'
Result: 
[sshexec] INFO 2017/04/27 02:19:45 Creating volume vol_bb165a345c50a71fa7902cd002d815f1 replica 3
[sshexec] ERROR 2017/04/27 02:19:45 /src/github.com/heketi/heketi/pkg/utils/ssh/ssh.go:173: Failed to run command [/bin/bash -c 'gluster --mode=script volume create vol_bb165a345c50a71fa7902cd002d815f1 replica 3 192.168.48.14:/var/lib/heketi/mounts/vg_d72d3bd802d4e511a80ce2f16181289d/brick_d425a2f4d1ff3556ab4f00025cbc97e3/brick 192.168.48.12:/var/lib/heketi/mounts/vg_403cca7edce115dc1c641acc2f5f11fb/brick_4053420c1c25446ef9b31dd94aba7e3e/brick 192.168.48.17:/var/lib/heketi/mounts/vg_6c7ff8b53124baa86b5b789cd93274e1/brick_215dc5af54b92534886987ce61aec542/brick '] on 192.168.48.14:22: Err[Process exited with: 1. Reason was:  ()]: Stdout []: Stderr [volume create: vol_bb165a345c50a71fa7902cd002d815f1: failed: Staging failed on 192.168.48.17. Error: Host 192.168.48.14 is not in 'Peer in Cluster' state
Staging failed on 192.168.48.12. Error: Host 192.168.48.14 is not in 'Peer in Cluster' state
]
[negroni] Started GET /queue/f3abc0c7adaf1a87c39da216ba42e827
[negroni] Completed 200 OK in 120.85µs
[sshexec] ERROR 2017/04/27 02:19:45 /src/github.com/heketi/heketi/pkg/utils/ssh/ssh.go:173: Failed to run command [/bin/bash -c 'gluster --mode=script volume stop vol_bb165a345c50a71fa7902cd002d815f1 force'] on 192.168.48.14:22: Err[Process exited with: 1. Reason was:  ()]: Stdout []: Stderr [volume stop: vol_bb165a345c50a71fa7902cd002d815f1: failed: Volume vol_bb165a345c50a71fa7902cd002d815f1 does not exist
]
[sshexec] ERROR 2017/04/27 02:19:45 /src/github.com/heketi/heketi/executors/sshexec/volume.go:130: Unable to stop volume vol_bb165a345c50a71fa7902cd002d815f1: volume stop: vol_bb165a345c50a71fa7902cd002d815f1: failed: Volume vol_bb165a345c50a71fa7902cd002d815f1 does not exist
[sshexec] ERROR 2017/04/27 02:19:46 /src/github.com/heketi/heketi/pkg/utils/ssh/ssh.go:173: Failed to run command [/bin/bash -c 'gluster --mode=script volume delete vol_bb165a345c50a71fa7902cd002d815f1'] on 192.168.48.14:22: Err[Process exited with: 1. Reason was:  ()]: Stdout []: Stderr [volume delete: vol_bb165a345c50a71fa7902cd002d815f1: failed: Volume vol_bb165a345c50a71fa7902cd002d815f1 does not exist
]
[sshexec] ERROR 2017/04/27 02:19:46 /src/github.com/heketi/heketi/executors/sshexec/volume.go:139: Unable to delete volume vol_bb165a345c50a71fa7902cd002d815f1: volume delete: vol_bb165a345c50a71fa7902cd002d815f1: failed: Volume vol_bb165a345c50a71fa7902cd002d815f1 does not exist
[heketi] INFO 2017/04/27 02:19:46 Deleting brick 4053420c1c25446ef9b31dd94aba7e3e
[heketi] INFO 2017/04/27 02:19:46 Deleting brick d425a2f4d1ff3556ab4f00025cbc97e3
[heketi] INFO 2017/04/27 02:19:46 Deleting brick 215dc5af54b92534886987ce61aec542
[sshexec] DEBUG 2017/04/27 02:19:46 /src/github.com/heketi/heketi/pkg/utils/ssh/ssh.go:176: Host: 192.168.48.14:22 Command: /bin/bash -c 'umount /var/lib/heketi/mounts/vg_d72d3bd802d4e511a80ce2f16181289d/brick_d425a2f4d1ff3556ab4f00025cbc97e3'
Result: 
[sshexec] DEBUG 2017/04/27 02:19:46 /src/github.com/heketi/heketi/pkg/utils/ssh/ssh.go:176: Host: 192.168.48.12:22 Command: /bin/bash -c 'umount /var/lib/heketi/mounts/vg_403cca7edce115dc1c641acc2f5f11fb/brick_4053420c1c25446ef9b31dd94aba7e3e'
Result: 
[sshexec] DEBUG 2017/04/27 02:19:46 /src/github.com/heketi/heketi/pkg/utils/ssh/ssh.go:176: Host: 192.168.48.17:22 Command: /bin/bash -c 'umount /var/lib/heketi/mounts/vg_6c7ff8b53124baa86b5b789cd93274e1/brick_215dc5af54b92534886987ce61aec542'
Result: 
[negroni] Started GET /queue/f3abc0c7adaf1a87c39da216ba42e827
[negroni] Completed 200 OK in 59.591µs
[sshexec] DEBUG 2017/04/27 02:19:46 /src/github.com/heketi/heketi/pkg/utils/ssh/ssh.go:176: Host: 192.168.48.14:22 Command: /bin/bash -c 'lvremove -f vg_d72d3bd802d4e511a80ce2f16181289d/tp_d425a2f4d1ff3556ab4f00025cbc97e3'
Result:   Logical volume "brick_d425a2f4d1ff3556ab4f00025cbc97e3" successfully removed
  Logical volume "tp_d425a2f4d1ff3556ab4f00025cbc97e3" successfully removed
[sshexec] DEBUG 2017/04/27 02:19:47 /src/github.com/heketi/heketi/pkg/utils/ssh/ssh.go:176: Host: 192.168.48.17:22 Command: /bin/bash -c 'lvremove -f vg_6c7ff8b53124baa86b5b789cd93274e1/tp_215dc5af54b92534886987ce61aec542'
Result:   Logical volume "brick_215dc5af54b92534886987ce61aec542" successfully removed
  Logical volume "tp_215dc5af54b92534886987ce61aec542" successfully removed
[sshexec] DEBUG 2017/04/27 02:19:47 /src/github.com/heketi/heketi/pkg/utils/ssh/ssh.go:176: Host: 192.168.48.14:22 Command: /bin/bash -c 'rmdir /var/lib/heketi/mounts/vg_d72d3bd802d4e511a80ce2f16181289d/brick_d425a2f4d1ff3556ab4f00025cbc97e3'
Result: 
[sshexec] DEBUG 2017/04/27 02:19:47 /src/github.com/heketi/heketi/pkg/utils/ssh/ssh.go:176: Host: 192.168.48.12:22 Command: /bin/bash -c 'lvremove -f vg_403cca7edce115dc1c641acc2f5f11fb/tp_4053420c1c25446ef9b31dd94aba7e3e'
Result:   Logical volume "brick_4053420c1c25446ef9b31dd94aba7e3e" successfully removed
  Logical volume "tp_4053420c1c25446ef9b31dd94aba7e3e" successfully removed
[sshexec] DEBUG 2017/04/27 02:19:47 /src/github.com/heketi/heketi/pkg/utils/ssh/ssh.go:176: Host: 192.168.48.17:22 Command: /bin/bash -c 'rmdir /var/lib/heketi/mounts/vg_6c7ff8b53124baa86b5b789cd93274e1/brick_215dc5af54b92534886987ce61aec542'
Result: 
[sshexec] DEBUG 2017/04/27 02:19:47 /src/github.com/heketi/heketi/pkg/utils/ssh/ssh.go:176: Host: 192.168.48.14:22 Command: /bin/bash -c 'sed -i.save "/brick_d425a2f4d1ff3556ab4f00025cbc97e3/d" /etc/fstab'
Result: 
[sshexec] DEBUG 2017/04/27 02:19:47 /src/github.com/heketi/heketi/pkg/utils/ssh/ssh.go:176: Host: 192.168.48.12:22 Command: /bin/bash -c 'rmdir /var/lib/heketi/mounts/vg_403cca7edce115dc1c641acc2f5f11fb/brick_4053420c1c25446ef9b31dd94aba7e3e'
Result: 
[sshexec] DEBUG 2017/04/27 02:19:47 /src/github.com/heketi/heketi/pkg/utils/ssh/ssh.go:176: Host: 192.168.48.17:22 Command: /bin/bash -c 'sed -i.save "/brick_215dc5af54b92534886987ce61aec542/d" /etc/fstab'
Result: 
[sshexec] DEBUG 2017/04/27 02:19:47 /src/github.com/heketi/heketi/pkg/utils/ssh/ssh.go:176: Host: 192.168.48.12:22 Command: /bin/bash -c 'sed -i.save "/brick_4053420c1c25446ef9b31dd94aba7e3e/d" /etc/fstab'
Result: 
[asynchttp] INFO 2017/04/27 02:19:47 Completed job f3abc0c7adaf1a87c39da216ba42e827 in 3.767540614s
[heketi] ERROR 2017/04/27 02:19:47 /src/github.com/heketi/heketi/apps/glusterfs/app_volume.go:148: Failed to create volume: volume create: vol_bb165a345c50a71fa7902cd002d815f1: failed: Staging failed on 192.168.48.17. Error: Host 192.168.48.14 is not in 'Peer in Cluster' state
Staging failed on 192.168.48.12. Error: Host 192.168.48.14 is not in 'Peer in Cluster' state
[negroni] Started GET /queue/f3abc0c7adaf1a87c39da216ba42e827
[negroni] Completed 500 Internal Server Error in 140.184µs
[negroni] Started POST /volumes
[negroni] Completed 202 Accepted in 16.010826ms
[asynchttp] INFO 2017/04/27 02:19:58 Started job 8f5abe6dbf97ce0e0ad3e71b94244dbd
[heketi] INFO 2017/04/27 02:19:58 Creating volume dd763f3790a4ee6bcecd16e7569354be
[heketi] INFO 2017/04/27 02:19:58 brick_num: 0
[negroni] Started GET /queue/8f5abe6dbf97ce0e0ad3e71b94244dbd
[negroni] Completed 200 OK in 64.06µs
[heketi] INFO 2017/04/27 02:19:58 Creating brick e0e32cf5c0837f948e3fd1d351dd113a
[heketi] INFO 2017/04/27 02:19:58 Creating brick a9d000fe9f130a03c0c0cbacfaa56b09
[heketi] INFO 2017/04/27 02:19:58 Creating brick 2aab67c93113df13e3439553cc7add25
[sshexec] DEBUG 2017/04/27 02:19:59 /src/github.com/heketi/heketi/pkg/utils/ssh/ssh.go:176: Host: 192.168.48.12:22 Command: /bin/bash -c 'mkdir -p /var/lib/heketi/mounts/vg_403cca7edce115dc1c641acc2f5f11fb/brick_a9d000fe9f130a03c0c0cbacfaa56b09'
Result: 
[sshexec] DEBUG 2017/04/27 02:19:59 /src/github.com/heketi/heketi/pkg/utils/ssh/ssh.go:176: Host: 192.168.48.14:22 Command: /bin/bash -c 'mkdir -p /var/lib/heketi/mounts/vg_d72d3bd802d4e511a80ce2f16181289d/brick_e0e32cf5c0837f948e3fd1d351dd113a'
Result: 
[sshexec] DEBUG 2017/04/27 02:19:59 /src/github.com/heketi/heketi/pkg/utils/ssh/ssh.go:176: Host: 192.168.48.17:22 Command: /bin/bash -c 'mkdir -p /var/lib/heketi/mounts/vg_6c7ff8b53124baa86b5b789cd93274e1/brick_2aab67c93113df13e3439553cc7add25'
Result: 
[sshexec] DEBUG 2017/04/27 02:19:59 /src/github.com/heketi/heketi/pkg/utils/ssh/ssh.go:176: Host: 192.168.48.12:22 Command: /bin/bash -c 'lvcreate --poolmetadatasize 8192K -c 256K -L 1048576K -T vg_403cca7edce115dc1c641acc2f5f11fb/tp_a9d000fe9f130a03c0c0cbacfaa56b09 -V 1048576K -n brick_a9d000fe9f130a03c0c0cbacfaa56b09'
Result:   Logical volume "brick_a9d000fe9f130a03c0c0cbacfaa56b09" created.
[sshexec] DEBUG 2017/04/27 02:19:59 /src/github.com/heketi/heketi/pkg/utils/ssh/ssh.go:176: Host: 192.168.48.17:22 Command: /bin/bash -c 'lvcreate --poolmetadatasize 8192K -c 256K -L 1048576K -T vg_6c7ff8b53124baa86b5b789cd93274e1/tp_2aab67c93113df13e3439553cc7add25 -V 1048576K -n brick_2aab67c93113df13e3439553cc7add25'
Result:   Logical volume "brick_2aab67c93113df13e3439553cc7add25" created.
[sshexec] DEBUG 2017/04/27 02:19:59 /src/github.com/heketi/heketi/pkg/utils/ssh/ssh.go:176: Host: 192.168.48.14:22 Command: /bin/bash -c 'lvcreate --poolmetadatasize 8192K -c 256K -L 1048576K -T vg_d72d3bd802d4e511a80ce2f16181289d/tp_e0e32cf5c0837f948e3fd1d351dd113a -V 1048576K -n brick_e0e32cf5c0837f948e3fd1d351dd113a'
Result:   Logical volume "brick_e0e32cf5c0837f948e3fd1d351dd113a" created.
[sshexec] DEBUG 2017/04/27 02:19:59 /src/github.com/heketi/heketi/pkg/utils/ssh/ssh.go:176: Host: 192.168.48.12:22 Command: /bin/bash -c 'mkfs.xfs -i size=512 -n size=8192 /dev/mapper/vg_403cca7edce115dc1c641acc2f5f11fb-brick_a9d000fe9f130a03c0c0cbacfaa56b09'
Result: meta-data=/dev/mapper/vg_403cca7edce115dc1c641acc2f5f11fb-brick_a9d000fe9f130a03c0c0cbacfaa56b09 isize=512    agcount=8, agsize=32704 blks
         =                       sectsz=4096  attr=2, projid32bit=1
         =                       crc=1        finobt=1, sparse=0
data     =                       bsize=4096   blocks=261632, imaxpct=25
         =                       sunit=64     swidth=64 blks
naming   =version 2              bsize=8192   ascii-ci=0 ftype=1
log      =internal log           bsize=4096   blocks=576, version=2
         =                       sectsz=4096  sunit=1 blks, lazy-count=1
realtime =none                   extsz=4096   blocks=0, rtextents=0
[negroni] Started GET /queue/8f5abe6dbf97ce0e0ad3e71b94244dbd
[negroni] Completed 200 OK in 58.362µs
[sshexec] DEBUG 2017/04/27 02:19:59 /src/github.com/heketi/heketi/pkg/utils/ssh/ssh.go:176: Host: 192.168.48.12:22 Command: /bin/bash -c 'echo "/dev/mapper/vg_403cca7edce115dc1c641acc2f5f11fb-brick_a9d000fe9f130a03c0c0cbacfaa56b09 /var/lib/heketi/mounts/vg_403cca7edce115dc1c641acc2f5f11fb/brick_a9d000fe9f130a03c0c0cbacfaa56b09 xfs rw,inode64,noatime,nouuid 1 2" | tee -a /etc/fstab > /dev/null '
Result: 
[sshexec] DEBUG 2017/04/27 02:19:59 /src/github.com/heketi/heketi/pkg/utils/ssh/ssh.go:176: Host: 192.168.48.17:22 Command: /bin/bash -c 'mkfs.xfs -i size=512 -n size=8192 /dev/mapper/vg_6c7ff8b53124baa86b5b789cd93274e1-brick_2aab67c93113df13e3439553cc7add25'
Result: meta-data=/dev/mapper/vg_6c7ff8b53124baa86b5b789cd93274e1-brick_2aab67c93113df13e3439553cc7add25 isize=512    agcount=8, agsize=32704 blks
         =                       sectsz=512   attr=2, projid32bit=1
         =                       crc=1        finobt=1, sparse=0
data     =                       bsize=4096   blocks=261632, imaxpct=25
         =                       sunit=64     swidth=64 blks
naming   =version 2              bsize=8192   ascii-ci=0 ftype=1
log      =internal log           bsize=4096   blocks=1728, version=2
         =                       sectsz=512   sunit=64 blks, lazy-count=1
realtime =none                   extsz=4096   blocks=0, rtextents=0
[sshexec] DEBUG 2017/04/27 02:19:59 /src/github.com/heketi/heketi/pkg/utils/ssh/ssh.go:176: Host: 192.168.48.17:22 Command: /bin/bash -c 'echo "/dev/mapper/vg_6c7ff8b53124baa86b5b789cd93274e1-brick_2aab67c93113df13e3439553cc7add25 /var/lib/heketi/mounts/vg_6c7ff8b53124baa86b5b789cd93274e1/brick_2aab67c93113df13e3439553cc7add25 xfs rw,inode64,noatime,nouuid 1 2" | tee -a /etc/fstab > /dev/null '
Result: 
[sshexec] DEBUG 2017/04/27 02:19:59 /src/github.com/heketi/heketi/pkg/utils/ssh/ssh.go:176: Host: 192.168.48.14:22 Command: /bin/bash -c 'mkfs.xfs -i size=512 -n size=8192 /dev/mapper/vg_d72d3bd802d4e511a80ce2f16181289d-brick_e0e32cf5c0837f948e3fd1d351dd113a'
Result: meta-data=/dev/mapper/vg_d72d3bd802d4e511a80ce2f16181289d-brick_e0e32cf5c0837f948e3fd1d351dd113a isize=512    agcount=8, agsize=32704 blks
         =                       sectsz=512   attr=2, projid32bit=1
         =                       crc=1        finobt=1, sparse=0
data     =                       bsize=4096   blocks=261632, imaxpct=25
         =                       sunit=64     swidth=64 blks
naming   =version 2              bsize=8192   ascii-ci=0 ftype=1
log      =internal log           bsize=4096   blocks=1728, version=2
         =                       sectsz=512   sunit=64 blks, lazy-count=1
realtime =none                   extsz=4096   blocks=0, rtextents=0
[sshexec] DEBUG 2017/04/27 02:19:59 /src/github.com/heketi/heketi/pkg/utils/ssh/ssh.go:176: Host: 192.168.48.14:22 Command: /bin/bash -c 'echo "/dev/mapper/vg_d72d3bd802d4e511a80ce2f16181289d-brick_e0e32cf5c0837f948e3fd1d351dd113a /var/lib/heketi/mounts/vg_d72d3bd802d4e511a80ce2f16181289d/brick_e0e32cf5c0837f948e3fd1d351dd113a xfs rw,inode64,noatime,nouuid 1 2" | tee -a /etc/fstab > /dev/null '
Result: 
[sshexec] DEBUG 2017/04/27 02:19:59 /src/github.com/heketi/heketi/pkg/utils/ssh/ssh.go:176: Host: 192.168.48.12:22 Command: /bin/bash -c 'mount -o rw,inode64,noatime,nouuid /dev/mapper/vg_403cca7edce115dc1c641acc2f5f11fb-brick_a9d000fe9f130a03c0c0cbacfaa56b09 /var/lib/heketi/mounts/vg_403cca7edce115dc1c641acc2f5f11fb/brick_a9d000fe9f130a03c0c0cbacfaa56b09'
Result: 
[sshexec] DEBUG 2017/04/27 02:20:00 /src/github.com/heketi/heketi/pkg/utils/ssh/ssh.go:176: Host: 192.168.48.12:22 Command: /bin/bash -c 'mkdir /var/lib/heketi/mounts/vg_403cca7edce115dc1c641acc2f5f11fb/brick_a9d000fe9f130a03c0c0cbacfaa56b09/brick'
Result: 
[sshexec] DEBUG 2017/04/27 02:20:00 /src/github.com/heketi/heketi/pkg/utils/ssh/ssh.go:176: Host: 192.168.48.12:22 Command: /bin/bash -c 'chown :2000 /var/lib/heketi/mounts/vg_403cca7edce115dc1c641acc2f5f11fb/brick_a9d000fe9f130a03c0c0cbacfaa56b09/brick'
Result: 
[sshexec] DEBUG 2017/04/27 02:20:00 /src/github.com/heketi/heketi/pkg/utils/ssh/ssh.go:176: Host: 192.168.48.12:22 Command: /bin/bash -c 'chmod 2775 /var/lib/heketi/mounts/vg_403cca7edce115dc1c641acc2f5f11fb/brick_a9d000fe9f130a03c0c0cbacfaa56b09/brick'
Result: 
[sshexec] DEBUG 2017/04/27 02:20:00 /src/github.com/heketi/heketi/pkg/utils/ssh/ssh.go:176: Host: 192.168.48.17:22 Command: /bin/bash -c 'mount -o rw,inode64,noatime,nouuid /dev/mapper/vg_6c7ff8b53124baa86b5b789cd93274e1-brick_2aab67c93113df13e3439553cc7add25 /var/lib/heketi/mounts/vg_6c7ff8b53124baa86b5b789cd93274e1/brick_2aab67c93113df13e3439553cc7add25'
Result: 
[sshexec] DEBUG 2017/04/27 02:20:00 /src/github.com/heketi/heketi/pkg/utils/ssh/ssh.go:176: Host: 192.168.48.17:22 Command: /bin/bash -c 'mkdir /var/lib/heketi/mounts/vg_6c7ff8b53124baa86b5b789cd93274e1/brick_2aab67c93113df13e3439553cc7add25/brick'
Result: 
[sshexec] DEBUG 2017/04/27 02:20:00 /src/github.com/heketi/heketi/pkg/utils/ssh/ssh.go:176: Host: 192.168.48.17:22 Command: /bin/bash -c 'chown :2000 /var/lib/heketi/mounts/vg_6c7ff8b53124baa86b5b789cd93274e1/brick_2aab67c93113df13e3439553cc7add25/brick'
Result: 
[sshexec] DEBUG 2017/04/27 02:20:00 /src/github.com/heketi/heketi/pkg/utils/ssh/ssh.go:176: Host: 192.168.48.17:22 Command: /bin/bash -c 'chmod 2775 /var/lib/heketi/mounts/vg_6c7ff8b53124baa86b5b789cd93274e1/brick_2aab67c93113df13e3439553cc7add25/brick'
Result: 
[sshexec] DEBUG 2017/04/27 02:20:00 /src/github.com/heketi/heketi/pkg/utils/ssh/ssh.go:176: Host: 192.168.48.14:22 Command: /bin/bash -c 'mount -o rw,inode64,noatime,nouuid /dev/mapper/vg_d72d3bd802d4e511a80ce2f16181289d-brick_e0e32cf5c0837f948e3fd1d351dd113a /var/lib/heketi/mounts/vg_d72d3bd802d4e511a80ce2f16181289d/brick_e0e32cf5c0837f948e3fd1d351dd113a'
Result: 
[sshexec] DEBUG 2017/04/27 02:20:00 /src/github.com/heketi/heketi/pkg/utils/ssh/ssh.go:176: Host: 192.168.48.14:22 Command: /bin/bash -c 'mkdir /var/lib/heketi/mounts/vg_d72d3bd802d4e511a80ce2f16181289d/brick_e0e32cf5c0837f948e3fd1d351dd113a/brick'
Result: 
[sshexec] DEBUG 2017/04/27 02:20:00 /src/github.com/heketi/heketi/pkg/utils/ssh/ssh.go:176: Host: 192.168.48.14:22 Command: /bin/bash -c 'chown :2000 /var/lib/heketi/mounts/vg_d72d3bd802d4e511a80ce2f16181289d/brick_e0e32cf5c0837f948e3fd1d351dd113a/brick'
Result: 
[sshexec] DEBUG 2017/04/27 02:20:00 /src/github.com/heketi/heketi/pkg/utils/ssh/ssh.go:176: Host: 192.168.48.14:22 Command: /bin/bash -c 'chmod 2775 /var/lib/heketi/mounts/vg_d72d3bd802d4e511a80ce2f16181289d/brick_e0e32cf5c0837f948e3fd1d351dd113a/brick'
Result: 
[sshexec] INFO 2017/04/27 02:20:00 Creating volume vol_dd763f3790a4ee6bcecd16e7569354be replica 3
[sshexec] ERROR 2017/04/27 02:20:00 /src/github.com/heketi/heketi/pkg/utils/ssh/ssh.go:173: Failed to run command [/bin/bash -c 'gluster --mode=script volume create vol_dd763f3790a4ee6bcecd16e7569354be replica 3 192.168.48.14:/var/lib/heketi/mounts/vg_d72d3bd802d4e511a80ce2f16181289d/brick_e0e32cf5c0837f948e3fd1d351dd113a/brick 192.168.48.12:/var/lib/heketi/mounts/vg_403cca7edce115dc1c641acc2f5f11fb/brick_a9d000fe9f130a03c0c0cbacfaa56b09/brick 192.168.48.17:/var/lib/heketi/mounts/vg_6c7ff8b53124baa86b5b789cd93274e1/brick_2aab67c93113df13e3439553cc7add25/brick '] on 192.168.48.14:22: Err[Process exited with: 1. Reason was:  ()]: Stdout []: Stderr [volume create: vol_dd763f3790a4ee6bcecd16e7569354be: failed: Staging failed on 192.168.48.17. Error: Host 192.168.48.14 is not in 'Peer in Cluster' state
Staging failed on 192.168.48.12. Error: Host 192.168.48.14 is not in 'Peer in Cluster' state
]
[negroni] Started GET /queue/8f5abe6dbf97ce0e0ad3e71b94244dbd
[negroni] Completed 200 OK in 89.707µs
[sshexec] ERROR 2017/04/27 02:20:00 /src/github.com/heketi/heketi/pkg/utils/ssh/ssh.go:173: Failed to run command [/bin/bash -c 'gluster --mode=script volume stop vol_dd763f3790a4ee6bcecd16e7569354be force'] on 192.168.48.14:22: Err[Process exited with: 1. Reason was:  ()]: Stdout []: Stderr [volume stop: vol_dd763f3790a4ee6bcecd16e7569354be: failed: Volume vol_dd763f3790a4ee6bcecd16e7569354be does not exist
]
[sshexec] ERROR 2017/04/27 02:20:00 /src/github.com/heketi/heketi/executors/sshexec/volume.go:130: Unable to stop volume vol_dd763f3790a4ee6bcecd16e7569354be: volume stop: vol_dd763f3790a4ee6bcecd16e7569354be: failed: Volume vol_dd763f3790a4ee6bcecd16e7569354be does not exist
[sshexec] ERROR 2017/04/27 02:20:01 /src/github.com/heketi/heketi/pkg/utils/ssh/ssh.go:173: Failed to run command [/bin/bash -c 'gluster --mode=script volume delete vol_dd763f3790a4ee6bcecd16e7569354be'] on 192.168.48.14:22: Err[Process exited with: 1. Reason was:  ()]: Stdout []: Stderr [volume delete: vol_dd763f3790a4ee6bcecd16e7569354be: failed: Volume vol_dd763f3790a4ee6bcecd16e7569354be does not exist
]
[sshexec] ERROR 2017/04/27 02:20:01 /src/github.com/heketi/heketi/executors/sshexec/volume.go:139: Unable to delete volume vol_dd763f3790a4ee6bcecd16e7569354be: volume delete: vol_dd763f3790a4ee6bcecd16e7569354be: failed: Volume vol_dd763f3790a4ee6bcecd16e7569354be does not exist
[heketi] INFO 2017/04/27 02:20:01 Deleting brick e0e32cf5c0837f948e3fd1d351dd113a
[heketi] INFO 2017/04/27 02:20:01 Deleting brick 2aab67c93113df13e3439553cc7add25
[heketi] INFO 2017/04/27 02:20:01 Deleting brick a9d000fe9f130a03c0c0cbacfaa56b09
[sshexec] DEBUG 2017/04/27 02:20:01 /src/github.com/heketi/heketi/pkg/utils/ssh/ssh.go:176: Host: 192.168.48.14:22 Command: /bin/bash -c 'umount /var/lib/heketi/mounts/vg_d72d3bd802d4e511a80ce2f16181289d/brick_e0e32cf5c0837f948e3fd1d351dd113a'
Result: 
[sshexec] DEBUG 2017/04/27 02:20:01 /src/github.com/heketi/heketi/pkg/utils/ssh/ssh.go:176: Host: 192.168.48.12:22 Command: /bin/bash -c 'umount /var/lib/heketi/mounts/vg_403cca7edce115dc1c641acc2f5f11fb/brick_a9d000fe9f130a03c0c0cbacfaa56b09'
Result: 
[sshexec] DEBUG 2017/04/27 02:20:01 /src/github.com/heketi/heketi/pkg/utils/ssh/ssh.go:176: Host: 192.168.48.17:22 Command: /bin/bash -c 'umount /var/lib/heketi/mounts/vg_6c7ff8b53124baa86b5b789cd93274e1/brick_2aab67c93113df13e3439553cc7add25'
Result: 
[negroni] Started GET /queue/8f5abe6dbf97ce0e0ad3e71b94244dbd
[negroni] Completed 200 OK in 118.862µs
[sshexec] DEBUG 2017/04/27 02:20:01 /src/github.com/heketi/heketi/pkg/utils/ssh/ssh.go:176: Host: 192.168.48.14:22 Command: /bin/bash -c 'lvremove -f vg_d72d3bd802d4e511a80ce2f16181289d/tp_e0e32cf5c0837f948e3fd1d351dd113a'
Result:   Logical volume "brick_e0e32cf5c0837f948e3fd1d351dd113a" successfully removed
  Logical volume "tp_e0e32cf5c0837f948e3fd1d351dd113a" successfully removed
[sshexec] DEBUG 2017/04/27 02:20:02 /src/github.com/heketi/heketi/pkg/utils/ssh/ssh.go:176: Host: 192.168.48.17:22 Command: /bin/bash -c 'lvremove -f vg_6c7ff8b53124baa86b5b789cd93274e1/tp_2aab67c93113df13e3439553cc7add25'
Result:   Logical volume "brick_2aab67c93113df13e3439553cc7add25" successfully removed
  Logical volume "tp_2aab67c93113df13e3439553cc7add25" successfully removed
[sshexec] DEBUG 2017/04/27 02:20:02 /src/github.com/heketi/heketi/pkg/utils/ssh/ssh.go:176: Host: 192.168.48.12:22 Command: /bin/bash -c 'lvremove -f vg_403cca7edce115dc1c641acc2f5f11fb/tp_a9d000fe9f130a03c0c0cbacfaa56b09'
Result:   Logical volume "brick_a9d000fe9f130a03c0c0cbacfaa56b09" successfully removed
  Logical volume "tp_a9d000fe9f130a03c0c0cbacfaa56b09" successfully removed
[sshexec] DEBUG 2017/04/27 02:20:02 /src/github.com/heketi/heketi/pkg/utils/ssh/ssh.go:176: Host: 192.168.48.14:22 Command: /bin/bash -c 'rmdir /var/lib/heketi/mounts/vg_d72d3bd802d4e511a80ce2f16181289d/brick_e0e32cf5c0837f948e3fd1d351dd113a'
Result: 
[sshexec] DEBUG 2017/04/27 02:20:02 /src/github.com/heketi/heketi/pkg/utils/ssh/ssh.go:176: Host: 192.168.48.17:22 Command: /bin/bash -c 'rmdir /var/lib/heketi/mounts/vg_6c7ff8b53124baa86b5b789cd93274e1/brick_2aab67c93113df13e3439553cc7add25'
Result: 
[sshexec] DEBUG 2017/04/27 02:20:02 /src/github.com/heketi/heketi/pkg/utils/ssh/ssh.go:176: Host: 192.168.48.12:22 Command: /bin/bash -c 'rmdir /var/lib/heketi/mounts/vg_403cca7edce115dc1c641acc2f5f11fb/brick_a9d000fe9f130a03c0c0cbacfaa56b09'
Result: 
[sshexec] DEBUG 2017/04/27 02:20:02 /src/github.com/heketi/heketi/pkg/utils/ssh/ssh.go:176: Host: 192.168.48.14:22 Command: /bin/bash -c 'sed -i.save "/brick_e0e32cf5c0837f948e3fd1d351dd113a/d" /etc/fstab'
Result: 
[sshexec] DEBUG 2017/04/27 02:20:02 /src/github.com/heketi/heketi/pkg/utils/ssh/ssh.go:176: Host: 192.168.48.12:22 Command: /bin/bash -c 'sed -i.save "/brick_a9d000fe9f130a03c0c0cbacfaa56b09/d" /etc/fstab'
Result: 
[sshexec] DEBUG 2017/04/27 02:20:02 /src/github.com/heketi/heketi/pkg/utils/ssh/ssh.go:176: Host: 192.168.48.17:22 Command: /bin/bash -c 'sed -i.save "/brick_2aab67c93113df13e3439553cc7add25/d" /etc/fstab'
Result: 
[heketi] ERROR 2017/04/27 02:20:02 /src/github.com/heketi/heketi/apps/glusterfs/app_volume.go:148: Failed to create volume: volume create: vol_dd763f3790a4ee6bcecd16e7569354be: failed: Staging failed on 192.168.48.17. Error: Host 192.168.48.14 is not in 'Peer in Cluster' state
Staging failed on 192.168.48.12. Error: Host 192.168.48.14 is not in 'Peer in Cluster' state
[asynchttp] INFO 2017/04/27 02:20:02 Completed job 8f5abe6dbf97ce0e0ad3e71b94244dbd in 3.740168954s
[negroni] Started GET /queue/8f5abe6dbf97ce0e0ad3e71b94244dbd
[negroni] Completed 500 Internal Server Error in 128.905µs
[negroni] Started POST /volumes
[negroni] Completed 202 Accepted in 16.862969ms
[asynchttp] INFO 2017/04/27 02:20:13 Started job 251341296d61075a27546cb67adcda96
[heketi] INFO 2017/04/27 02:20:13 Creating volume 6643d561f56bfec407787e3f2099776a
[heketi] INFO 2017/04/27 02:20:13 brick_num: 0
[negroni] Started GET /queue/251341296d61075a27546cb67adcda96
[negroni] Completed 200 OK in 211.239µs
[heketi] INFO 2017/04/27 02:20:13 Creating brick 0633c80a0a56e6a338b9e287a5d17558
[heketi] INFO 2017/04/27 02:20:13 Creating brick 22076172ad64986be0d1b27abc252e73
[heketi] INFO 2017/04/27 02:20:13 Creating brick 016bdc89eb1e27608be09df460ca61da
[sshexec] DEBUG 2017/04/27 02:20:14 /src/github.com/heketi/heketi/pkg/utils/ssh/ssh.go:176: Host: 192.168.48.12:22 Command: /bin/bash -c 'mkdir -p /var/lib/heketi/mounts/vg_403cca7edce115dc1c641acc2f5f11fb/brick_016bdc89eb1e27608be09df460ca61da'
Result: 
[sshexec] DEBUG 2017/04/27 02:20:14 /src/github.com/heketi/heketi/pkg/utils/ssh/ssh.go:176: Host: 192.168.48.14:22 Command: /bin/bash -c 'mkdir -p /var/lib/heketi/mounts/vg_d72d3bd802d4e511a80ce2f16181289d/brick_22076172ad64986be0d1b27abc252e73'
Result: 
[sshexec] DEBUG 2017/04/27 02:20:14 /src/github.com/heketi/heketi/pkg/utils/ssh/ssh.go:176: Host: 192.168.48.17:22 Command: /bin/bash -c 'mkdir -p /var/lib/heketi/mounts/vg_6c7ff8b53124baa86b5b789cd93274e1/brick_0633c80a0a56e6a338b9e287a5d17558'
Result: 
[sshexec] DEBUG 2017/04/27 02:20:14 /src/github.com/heketi/heketi/pkg/utils/ssh/ssh.go:176: Host: 192.168.48.12:22 Command: /bin/bash -c 'lvcreate --poolmetadatasize 8192K -c 256K -L 1048576K -T vg_403cca7edce115dc1c641acc2f5f11fb/tp_016bdc89eb1e27608be09df460ca61da -V 1048576K -n brick_016bdc89eb1e27608be09df460ca61da'
Result:   Logical volume "brick_016bdc89eb1e27608be09df460ca61da" created.
[sshexec] DEBUG 2017/04/27 02:20:14 /src/github.com/heketi/heketi/pkg/utils/ssh/ssh.go:176: Host: 192.168.48.14:22 Command: /bin/bash -c 'lvcreate --poolmetadatasize 8192K -c 256K -L 1048576K -T vg_d72d3bd802d4e511a80ce2f16181289d/tp_22076172ad64986be0d1b27abc252e73 -V 1048576K -n brick_22076172ad64986be0d1b27abc252e73'
Result:   Logical volume "brick_22076172ad64986be0d1b27abc252e73" created.
[sshexec] DEBUG 2017/04/27 02:20:14 /src/github.com/heketi/heketi/pkg/utils/ssh/ssh.go:176: Host: 192.168.48.17:22 Command: /bin/bash -c 'lvcreate --poolmetadatasize 8192K -c 256K -L 1048576K -T vg_6c7ff8b53124baa86b5b789cd93274e1/tp_0633c80a0a56e6a338b9e287a5d17558 -V 1048576K -n brick_0633c80a0a56e6a338b9e287a5d17558'
Result:   Logical volume "brick_0633c80a0a56e6a338b9e287a5d17558" created.
[sshexec] DEBUG 2017/04/27 02:20:14 /src/github.com/heketi/heketi/pkg/utils/ssh/ssh.go:176: Host: 192.168.48.12:22 Command: /bin/bash -c 'mkfs.xfs -i size=512 -n size=8192 /dev/mapper/vg_403cca7edce115dc1c641acc2f5f11fb-brick_016bdc89eb1e27608be09df460ca61da'
Result: meta-data=/dev/mapper/vg_403cca7edce115dc1c641acc2f5f11fb-brick_016bdc89eb1e27608be09df460ca61da isize=512    agcount=8, agsize=32704 blks
         =                       sectsz=4096  attr=2, projid32bit=1
         =                       crc=1        finobt=1, sparse=0
data     =                       bsize=4096   blocks=261632, imaxpct=25
         =                       sunit=64     swidth=64 blks
naming   =version 2              bsize=8192   ascii-ci=0 ftype=1
log      =internal log           bsize=4096   blocks=576, version=2
         =                       sectsz=4096  sunit=1 blks, lazy-count=1
realtime =none                   extsz=4096   blocks=0, rtextents=0
[sshexec] DEBUG 2017/04/27 02:20:14 /src/github.com/heketi/heketi/pkg/utils/ssh/ssh.go:176: Host: 192.168.48.12:22 Command: /bin/bash -c 'echo "/dev/mapper/vg_403cca7edce115dc1c641acc2f5f11fb-brick_016bdc89eb1e27608be09df460ca61da /var/lib/heketi/mounts/vg_403cca7edce115dc1c641acc2f5f11fb/brick_016bdc89eb1e27608be09df460ca61da xfs rw,inode64,noatime,nouuid 1 2" | tee -a /etc/fstab > /dev/null '
Result: 
[negroni] Started GET /queue/251341296d61075a27546cb67adcda96
[negroni] Completed 200 OK in 61.852µs
[sshexec] DEBUG 2017/04/27 02:20:14 /src/github.com/heketi/heketi/pkg/utils/ssh/ssh.go:176: Host: 192.168.48.12:22 Command: /bin/bash -c 'mount -o rw,inode64,noatime,nouuid /dev/mapper/vg_403cca7edce115dc1c641acc2f5f11fb-brick_016bdc89eb1e27608be09df460ca61da /var/lib/heketi/mounts/vg_403cca7edce115dc1c641acc2f5f11fb/brick_016bdc89eb1e27608be09df460ca61da'
Result: 
[sshexec] DEBUG 2017/04/27 02:20:14 /src/github.com/heketi/heketi/pkg/utils/ssh/ssh.go:176: Host: 192.168.48.14:22 Command: /bin/bash -c 'mkfs.xfs -i size=512 -n size=8192 /dev/mapper/vg_d72d3bd802d4e511a80ce2f16181289d-brick_22076172ad64986be0d1b27abc252e73'
Result: meta-data=/dev/mapper/vg_d72d3bd802d4e511a80ce2f16181289d-brick_22076172ad64986be0d1b27abc252e73 isize=512    agcount=8, agsize=32704 blks
         =                       sectsz=512   attr=2, projid32bit=1
         =                       crc=1        finobt=1, sparse=0
data     =                       bsize=4096   blocks=261632, imaxpct=25
         =                       sunit=64     swidth=64 blks
naming   =version 2              bsize=8192   ascii-ci=0 ftype=1
log      =internal log           bsize=4096   blocks=1728, version=2
         =                       sectsz=512   sunit=64 blks, lazy-count=1
realtime =none                   extsz=4096   blocks=0, rtextents=0
[sshexec] DEBUG 2017/04/27 02:20:14 /src/github.com/heketi/heketi/pkg/utils/ssh/ssh.go:176: Host: 192.168.48.12:22 Command: /bin/bash -c 'mkdir /var/lib/heketi/mounts/vg_403cca7edce115dc1c641acc2f5f11fb/brick_016bdc89eb1e27608be09df460ca61da/brick'
Result: 
[sshexec] DEBUG 2017/04/27 02:20:14 /src/github.com/heketi/heketi/pkg/utils/ssh/ssh.go:176: Host: 192.168.48.14:22 Command: /bin/bash -c 'echo "/dev/mapper/vg_d72d3bd802d4e511a80ce2f16181289d-brick_22076172ad64986be0d1b27abc252e73 /var/lib/heketi/mounts/vg_d72d3bd802d4e511a80ce2f16181289d/brick_22076172ad64986be0d1b27abc252e73 xfs rw,inode64,noatime,nouuid 1 2" | tee -a /etc/fstab > /dev/null '
Result: 
[sshexec] DEBUG 2017/04/27 02:20:14 /src/github.com/heketi/heketi/pkg/utils/ssh/ssh.go:176: Host: 192.168.48.12:22 Command: /bin/bash -c 'chown :2000 /var/lib/heketi/mounts/vg_403cca7edce115dc1c641acc2f5f11fb/brick_016bdc89eb1e27608be09df460ca61da/brick'
Result: 
[sshexec] DEBUG 2017/04/27 02:20:14 /src/github.com/heketi/heketi/pkg/utils/ssh/ssh.go:176: Host: 192.168.48.12:22 Command: /bin/bash -c 'chmod 2775 /var/lib/heketi/mounts/vg_403cca7edce115dc1c641acc2f5f11fb/brick_016bdc89eb1e27608be09df460ca61da/brick'
Result: 
[sshexec] DEBUG 2017/04/27 02:20:14 /src/github.com/heketi/heketi/pkg/utils/ssh/ssh.go:176: Host: 192.168.48.17:22 Command: /bin/bash -c 'mkfs.xfs -i size=512 -n size=8192 /dev/mapper/vg_6c7ff8b53124baa86b5b789cd93274e1-brick_0633c80a0a56e6a338b9e287a5d17558'
Result: meta-data=/dev/mapper/vg_6c7ff8b53124baa86b5b789cd93274e1-brick_0633c80a0a56e6a338b9e287a5d17558 isize=512    agcount=8, agsize=32704 blks
         =                       sectsz=512   attr=2, projid32bit=1
         =                       crc=1        finobt=1, sparse=0
data     =                       bsize=4096   blocks=261632, imaxpct=25
         =                       sunit=64     swidth=64 blks
naming   =version 2              bsize=8192   ascii-ci=0 ftype=1
log      =internal log           bsize=4096   blocks=1728, version=2
         =                       sectsz=512   sunit=64 blks, lazy-count=1
realtime =none                   extsz=4096   blocks=0, rtextents=0
[sshexec] DEBUG 2017/04/27 02:20:14 /src/github.com/heketi/heketi/pkg/utils/ssh/ssh.go:176: Host: 192.168.48.17:22 Command: /bin/bash -c 'echo "/dev/mapper/vg_6c7ff8b53124baa86b5b789cd93274e1-brick_0633c80a0a56e6a338b9e287a5d17558 /var/lib/heketi/mounts/vg_6c7ff8b53124baa86b5b789cd93274e1/brick_0633c80a0a56e6a338b9e287a5d17558 xfs rw,inode64,noatime,nouuid 1 2" | tee -a /etc/fstab > /dev/null '
Result: 
[sshexec] DEBUG 2017/04/27 02:20:15 /src/github.com/heketi/heketi/pkg/utils/ssh/ssh.go:176: Host: 192.168.48.14:22 Command: /bin/bash -c 'mount -o rw,inode64,noatime,nouuid /dev/mapper/vg_d72d3bd802d4e511a80ce2f16181289d-brick_22076172ad64986be0d1b27abc252e73 /var/lib/heketi/mounts/vg_d72d3bd802d4e511a80ce2f16181289d/brick_22076172ad64986be0d1b27abc252e73'
Result: 
[sshexec] DEBUG 2017/04/27 02:20:15 /src/github.com/heketi/heketi/pkg/utils/ssh/ssh.go:176: Host: 192.168.48.14:22 Command: /bin/bash -c 'mkdir /var/lib/heketi/mounts/vg_d72d3bd802d4e511a80ce2f16181289d/brick_22076172ad64986be0d1b27abc252e73/brick'
Result: 
[sshexec] DEBUG 2017/04/27 02:20:15 /src/github.com/heketi/heketi/pkg/utils/ssh/ssh.go:176: Host: 192.168.48.14:22 Command: /bin/bash -c 'chown :2000 /var/lib/heketi/mounts/vg_d72d3bd802d4e511a80ce2f16181289d/brick_22076172ad64986be0d1b27abc252e73/brick'
Result: 
[sshexec] DEBUG 2017/04/27 02:20:15 /src/github.com/heketi/heketi/pkg/utils/ssh/ssh.go:176: Host: 192.168.48.14:22 Command: /bin/bash -c 'chmod 2775 /var/lib/heketi/mounts/vg_d72d3bd802d4e511a80ce2f16181289d/brick_22076172ad64986be0d1b27abc252e73/brick'
Result: 
[sshexec] DEBUG 2017/04/27 02:20:15 /src/github.com/heketi/heketi/pkg/utils/ssh/ssh.go:176: Host: 192.168.48.17:22 Command: /bin/bash -c 'mount -o rw,inode64,noatime,nouuid /dev/mapper/vg_6c7ff8b53124baa86b5b789cd93274e1-brick_0633c80a0a56e6a338b9e287a5d17558 /var/lib/heketi/mounts/vg_6c7ff8b53124baa86b5b789cd93274e1/brick_0633c80a0a56e6a338b9e287a5d17558'
Result: 
[sshexec] DEBUG 2017/04/27 02:20:15 /src/github.com/heketi/heketi/pkg/utils/ssh/ssh.go:176: Host: 192.168.48.17:22 Command: /bin/bash -c 'mkdir /var/lib/heketi/mounts/vg_6c7ff8b53124baa86b5b789cd93274e1/brick_0633c80a0a56e6a338b9e287a5d17558/brick'
Result: 
[sshexec] DEBUG 2017/04/27 02:20:15 /src/github.com/heketi/heketi/pkg/utils/ssh/ssh.go:176: Host: 192.168.48.17:22 Command: /bin/bash -c 'chown :2000 /var/lib/heketi/mounts/vg_6c7ff8b53124baa86b5b789cd93274e1/brick_0633c80a0a56e6a338b9e287a5d17558/brick'
Result: 
[sshexec] DEBUG 2017/04/27 02:20:15 /src/github.com/heketi/heketi/pkg/utils/ssh/ssh.go:176: Host: 192.168.48.17:22 Command: /bin/bash -c 'chmod 2775 /var/lib/heketi/mounts/vg_6c7ff8b53124baa86b5b789cd93274e1/brick_0633c80a0a56e6a338b9e287a5d17558/brick'
Result: 
[sshexec] INFO 2017/04/27 02:20:15 Creating volume vol_6643d561f56bfec407787e3f2099776a replica 3
[sshexec] ERROR 2017/04/27 02:20:15 /src/github.com/heketi/heketi/pkg/utils/ssh/ssh.go:173: Failed to run command [/bin/bash -c 'gluster --mode=script volume create vol_6643d561f56bfec407787e3f2099776a replica 3 192.168.48.17:/var/lib/heketi/mounts/vg_6c7ff8b53124baa86b5b789cd93274e1/brick_0633c80a0a56e6a338b9e287a5d17558/brick 192.168.48.14:/var/lib/heketi/mounts/vg_d72d3bd802d4e511a80ce2f16181289d/brick_22076172ad64986be0d1b27abc252e73/brick 192.168.48.12:/var/lib/heketi/mounts/vg_403cca7edce115dc1c641acc2f5f11fb/brick_016bdc89eb1e27608be09df460ca61da/brick '] on 192.168.48.17:22: Err[Process exited with: 1. Reason was:  ()]: Stdout []: Stderr [volume create: vol_6643d561f56bfec407787e3f2099776a: failed: Host 192.168.48.14 is not in 'Peer in Cluster' state
]
[negroni] Started GET /queue/251341296d61075a27546cb67adcda96
[negroni] Completed 200 OK in 71.591µs
[sshexec] ERROR 2017/04/27 02:20:16 /src/github.com/heketi/heketi/pkg/utils/ssh/ssh.go:173: Failed to run command [/bin/bash -c 'gluster --mode=script volume stop vol_6643d561f56bfec407787e3f2099776a force'] on 192.168.48.17:22: Err[Process exited with: 1. Reason was:  ()]: Stdout []: Stderr [volume stop: vol_6643d561f56bfec407787e3f2099776a: failed: Volume vol_6643d561f56bfec407787e3f2099776a does not exist
]
[sshexec] ERROR 2017/04/27 02:20:16 /src/github.com/heketi/heketi/executors/sshexec/volume.go:130: Unable to stop volume vol_6643d561f56bfec407787e3f2099776a: volume stop: vol_6643d561f56bfec407787e3f2099776a: failed: Volume vol_6643d561f56bfec407787e3f2099776a does not exist
[sshexec] ERROR 2017/04/27 02:20:16 /src/github.com/heketi/heketi/pkg/utils/ssh/ssh.go:173: Failed to run command [/bin/bash -c 'gluster --mode=script volume delete vol_6643d561f56bfec407787e3f2099776a'] on 192.168.48.17:22: Err[Process exited with: 1. Reason was:  ()]: Stdout []: Stderr [volume delete: vol_6643d561f56bfec407787e3f2099776a: failed: Volume vol_6643d561f56bfec407787e3f2099776a does not exist
]
[sshexec] ERROR 2017/04/27 02:20:16 /src/github.com/heketi/heketi/executors/sshexec/volume.go:139: Unable to delete volume vol_6643d561f56bfec407787e3f2099776a: volume delete: vol_6643d561f56bfec407787e3f2099776a: failed: Volume vol_6643d561f56bfec407787e3f2099776a does not exist
[heketi] INFO 2017/04/27 02:20:16 Deleting brick 22076172ad64986be0d1b27abc252e73
[heketi] INFO 2017/04/27 02:20:16 Deleting brick 0633c80a0a56e6a338b9e287a5d17558
[heketi] INFO 2017/04/27 02:20:16 Deleting brick 016bdc89eb1e27608be09df460ca61da
[sshexec] DEBUG 2017/04/27 02:20:16 /src/github.com/heketi/heketi/pkg/utils/ssh/ssh.go:176: Host: 192.168.48.12:22 Command: /bin/bash -c 'umount /var/lib/heketi/mounts/vg_403cca7edce115dc1c641acc2f5f11fb/brick_016bdc89eb1e27608be09df460ca61da'
Result: 
[sshexec] DEBUG 2017/04/27 02:20:16 /src/github.com/heketi/heketi/pkg/utils/ssh/ssh.go:176: Host: 192.168.48.14:22 Command: /bin/bash -c 'umount /var/lib/heketi/mounts/vg_d72d3bd802d4e511a80ce2f16181289d/brick_22076172ad64986be0d1b27abc252e73'
Result: 
[sshexec] DEBUG 2017/04/27 02:20:16 /src/github.com/heketi/heketi/pkg/utils/ssh/ssh.go:176: Host: 192.168.48.17:22 Command: /bin/bash -c 'umount /var/lib/heketi/mounts/vg_6c7ff8b53124baa86b5b789cd93274e1/brick_0633c80a0a56e6a338b9e287a5d17558'
Result: 
[negroni] Started GET /queue/251341296d61075a27546cb67adcda96
[negroni] Completed 200 OK in 74.196µs
[sshexec] DEBUG 2017/04/27 02:20:17 /src/github.com/heketi/heketi/pkg/utils/ssh/ssh.go:176: Host: 192.168.48.12:22 Command: /bin/bash -c 'lvremove -f vg_403cca7edce115dc1c641acc2f5f11fb/tp_016bdc89eb1e27608be09df460ca61da'
Result:   Logical volume "brick_016bdc89eb1e27608be09df460ca61da" successfully removed
  Logical volume "tp_016bdc89eb1e27608be09df460ca61da" successfully removed
[sshexec] DEBUG 2017/04/27 02:20:17 /src/github.com/heketi/heketi/pkg/utils/ssh/ssh.go:176: Host: 192.168.48.14:22 Command: /bin/bash -c 'lvremove -f vg_d72d3bd802d4e511a80ce2f16181289d/tp_22076172ad64986be0d1b27abc252e73'
Result:   Logical volume "brick_22076172ad64986be0d1b27abc252e73" successfully removed
  Logical volume "tp_22076172ad64986be0d1b27abc252e73" successfully removed
[sshexec] DEBUG 2017/04/27 02:20:17 /src/github.com/heketi/heketi/pkg/utils/ssh/ssh.go:176: Host: 192.168.48.17:22 Command: /bin/bash -c 'lvremove -f vg_6c7ff8b53124baa86b5b789cd93274e1/tp_0633c80a0a56e6a338b9e287a5d17558'
Result:   Logical volume "brick_0633c80a0a56e6a338b9e287a5d17558" successfully removed
  Logical volume "tp_0633c80a0a56e6a338b9e287a5d17558" successfully removed
[sshexec] DEBUG 2017/04/27 02:20:17 /src/github.com/heketi/heketi/pkg/utils/ssh/ssh.go:176: Host: 192.168.48.12:22 Command: /bin/bash -c 'rmdir /var/lib/heketi/mounts/vg_403cca7edce115dc1c641acc2f5f11fb/brick_016bdc89eb1e27608be09df460ca61da'
Result: 
[sshexec] DEBUG 2017/04/27 02:20:17 /src/github.com/heketi/heketi/pkg/utils/ssh/ssh.go:176: Host: 192.168.48.14:22 Command: /bin/bash -c 'rmdir /var/lib/heketi/mounts/vg_d72d3bd802d4e511a80ce2f16181289d/brick_22076172ad64986be0d1b27abc252e73'
Result: 
[sshexec] DEBUG 2017/04/27 02:20:17 /src/github.com/heketi/heketi/pkg/utils/ssh/ssh.go:176: Host: 192.168.48.17:22 Command: /bin/bash -c 'rmdir /var/lib/heketi/mounts/vg_6c7ff8b53124baa86b5b789cd93274e1/brick_0633c80a0a56e6a338b9e287a5d17558'
Result: 
[sshexec] DEBUG 2017/04/27 02:20:17 /src/github.com/heketi/heketi/pkg/utils/ssh/ssh.go:176: Host: 192.168.48.12:22 Command: /bin/bash -c 'sed -i.save "/brick_016bdc89eb1e27608be09df460ca61da/d" /etc/fstab'
Result: 
[sshexec] DEBUG 2017/04/27 02:20:17 /src/github.com/heketi/heketi/pkg/utils/ssh/ssh.go:176: Host: 192.168.48.14:22 Command: /bin/bash -c 'sed -i.save "/brick_22076172ad64986be0d1b27abc252e73/d" /etc/fstab'
Result: 
[sshexec] DEBUG 2017/04/27 02:20:17 /src/github.com/heketi/heketi/pkg/utils/ssh/ssh.go:176: Host: 192.168.48.17:22 Command: /bin/bash -c 'sed -i.save "/brick_0633c80a0a56e6a338b9e287a5d17558/d" /etc/fstab'
Result: 
[heketi] ERROR 2017/04/27 02:20:17 /src/github.com/heketi/heketi/apps/glusterfs/app_volume.go:148: Failed to create volume: volume create: vol_6643d561f56bfec407787e3f2099776a: failed: Host 192.168.48.14 is not in 'Peer in Cluster' state
[asynchttp] INFO 2017/04/27 02:20:17 Completed job 251341296d61075a27546cb67adcda96 in 3.985932215s
[negroni] Started GET /queue/251341296d61075a27546cb67adcda96
[negroni] Completed 500 Internal Server Error in 199.415µs
[negroni] Started POST /volumes
[negroni] Completed 202 Accepted in 16.403156ms
[asynchttp] INFO 2017/04/27 02:20:28 Started job 984d9b1a8796435ba7ec4bd806ac4b3f
[heketi] INFO 2017/04/27 02:20:28 Creating volume 3647cad87ef234df0ce2f9f122fd0703
[heketi] INFO 2017/04/27 02:20:28 brick_num: 0
[negroni] Started GET /queue/984d9b1a8796435ba7ec4bd806ac4b3f
[negroni] Completed 200 OK in 138.204µs
[heketi] INFO 2017/04/27 02:20:28 Creating brick 769c1c928f2483c70e564bd985013854
[heketi] INFO 2017/04/27 02:20:28 Creating brick 97a8eaeb56fbb5ab18c7bef5a656c773
[heketi] INFO 2017/04/27 02:20:28 Creating brick d9412713a2325d0dac9e281a50282540
[sshexec] DEBUG 2017/04/27 02:20:29 /src/github.com/heketi/heketi/pkg/utils/ssh/ssh.go:176: Host: 192.168.48.12:22 Command: /bin/bash -c 'mkdir -p /var/lib/heketi/mounts/vg_403cca7edce115dc1c641acc2f5f11fb/brick_d9412713a2325d0dac9e281a50282540'
Result: 
[sshexec] DEBUG 2017/04/27 02:20:29 /src/github.com/heketi/heketi/pkg/utils/ssh/ssh.go:176: Host: 192.168.48.14:22 Command: /bin/bash -c 'mkdir -p /var/lib/heketi/mounts/vg_d72d3bd802d4e511a80ce2f16181289d/brick_97a8eaeb56fbb5ab18c7bef5a656c773'
Result: 
[sshexec] DEBUG 2017/04/27 02:20:29 /src/github.com/heketi/heketi/pkg/utils/ssh/ssh.go:176: Host: 192.168.48.17:22 Command: /bin/bash -c 'mkdir -p /var/lib/heketi/mounts/vg_6c7ff8b53124baa86b5b789cd93274e1/brick_769c1c928f2483c70e564bd985013854'
Result: 
[sshexec] DEBUG 2017/04/27 02:20:29 /src/github.com/heketi/heketi/pkg/utils/ssh/ssh.go:176: Host: 192.168.48.17:22 Command: /bin/bash -c 'lvcreate --poolmetadatasize 8192K -c 256K -L 1048576K -T vg_6c7ff8b53124baa86b5b789cd93274e1/tp_769c1c928f2483c70e564bd985013854 -V 1048576K -n brick_769c1c928f2483c70e564bd985013854'
Result:   Logical volume "brick_769c1c928f2483c70e564bd985013854" created.
[sshexec] DEBUG 2017/04/27 02:20:29 /src/github.com/heketi/heketi/pkg/utils/ssh/ssh.go:176: Host: 192.168.48.12:22 Command: /bin/bash -c 'lvcreate --poolmetadatasize 8192K -c 256K -L 1048576K -T vg_403cca7edce115dc1c641acc2f5f11fb/tp_d9412713a2325d0dac9e281a50282540 -V 1048576K -n brick_d9412713a2325d0dac9e281a50282540'
Result:   Logical volume "brick_d9412713a2325d0dac9e281a50282540" created.
[sshexec] DEBUG 2017/04/27 02:20:29 /src/github.com/heketi/heketi/pkg/utils/ssh/ssh.go:176: Host: 192.168.48.14:22 Command: /bin/bash -c 'lvcreate --poolmetadatasize 8192K -c 256K -L 1048576K -T vg_d72d3bd802d4e511a80ce2f16181289d/tp_97a8eaeb56fbb5ab18c7bef5a656c773 -V 1048576K -n brick_97a8eaeb56fbb5ab18c7bef5a656c773'
Result:   Logical volume "brick_97a8eaeb56fbb5ab18c7bef5a656c773" created.
[sshexec] DEBUG 2017/04/27 02:20:29 /src/github.com/heketi/heketi/pkg/utils/ssh/ssh.go:176: Host: 192.168.48.12:22 Command: /bin/bash -c 'mkfs.xfs -i size=512 -n size=8192 /dev/mapper/vg_403cca7edce115dc1c641acc2f5f11fb-brick_d9412713a2325d0dac9e281a50282540'
Result: meta-data=/dev/mapper/vg_403cca7edce115dc1c641acc2f5f11fb-brick_d9412713a2325d0dac9e281a50282540 isize=512    agcount=8, agsize=32704 blks
         =                       sectsz=4096  attr=2, projid32bit=1
         =                       crc=1        finobt=1, sparse=0
data     =                       bsize=4096   blocks=261632, imaxpct=25
         =                       sunit=64     swidth=64 blks
naming   =version 2              bsize=8192   ascii-ci=0 ftype=1
log      =internal log           bsize=4096   blocks=576, version=2
         =                       sectsz=4096  sunit=1 blks, lazy-count=1
realtime =none                   extsz=4096   blocks=0, rtextents=0
[negroni] Started GET /queue/984d9b1a8796435ba7ec4bd806ac4b3f
[negroni] Completed 200 OK in 62.256µs
[sshexec] DEBUG 2017/04/27 02:20:29 /src/github.com/heketi/heketi/pkg/utils/ssh/ssh.go:176: Host: 192.168.48.17:22 Command: /bin/bash -c 'mkfs.xfs -i size=512 -n size=8192 /dev/mapper/vg_6c7ff8b53124baa86b5b789cd93274e1-brick_769c1c928f2483c70e564bd985013854'
Result: meta-data=/dev/mapper/vg_6c7ff8b53124baa86b5b789cd93274e1-brick_769c1c928f2483c70e564bd985013854 isize=512    agcount=8, agsize=32704 blks
         =                       sectsz=512   attr=2, projid32bit=1
         =                       crc=1        finobt=1, sparse=0
data     =                       bsize=4096   blocks=261632, imaxpct=25
         =                       sunit=64     swidth=64 blks
naming   =version 2              bsize=8192   ascii-ci=0 ftype=1
log      =internal log           bsize=4096   blocks=1728, version=2
         =                       sectsz=512   sunit=64 blks, lazy-count=1
realtime =none                   extsz=4096   blocks=0, rtextents=0
[sshexec] DEBUG 2017/04/27 02:20:29 /src/github.com/heketi/heketi/pkg/utils/ssh/ssh.go:176: Host: 192.168.48.12:22 Command: /bin/bash -c 'echo "/dev/mapper/vg_403cca7edce115dc1c641acc2f5f11fb-brick_d9412713a2325d0dac9e281a50282540 /var/lib/heketi/mounts/vg_403cca7edce115dc1c641acc2f5f11fb/brick_d9412713a2325d0dac9e281a50282540 xfs rw,inode64,noatime,nouuid 1 2" | tee -a /etc/fstab > /dev/null '
Result: 
[sshexec] DEBUG 2017/04/27 02:20:29 /src/github.com/heketi/heketi/pkg/utils/ssh/ssh.go:176: Host: 192.168.48.17:22 Command: /bin/bash -c 'echo "/dev/mapper/vg_6c7ff8b53124baa86b5b789cd93274e1-brick_769c1c928f2483c70e564bd985013854 /var/lib/heketi/mounts/vg_6c7ff8b53124baa86b5b789cd93274e1/brick_769c1c928f2483c70e564bd985013854 xfs rw,inode64,noatime,nouuid 1 2" | tee -a /etc/fstab > /dev/null '
Result: 
[sshexec] DEBUG 2017/04/27 02:20:29 /src/github.com/heketi/heketi/pkg/utils/ssh/ssh.go:176: Host: 192.168.48.12:22 Command: /bin/bash -c 'mount -o rw,inode64,noatime,nouuid /dev/mapper/vg_403cca7edce115dc1c641acc2f5f11fb-brick_d9412713a2325d0dac9e281a50282540 /var/lib/heketi/mounts/vg_403cca7edce115dc1c641acc2f5f11fb/brick_d9412713a2325d0dac9e281a50282540'
Result: 
[sshexec] DEBUG 2017/04/27 02:20:29 /src/github.com/heketi/heketi/pkg/utils/ssh/ssh.go:176: Host: 192.168.48.12:22 Command: /bin/bash -c 'mkdir /var/lib/heketi/mounts/vg_403cca7edce115dc1c641acc2f5f11fb/brick_d9412713a2325d0dac9e281a50282540/brick'
Result: 
[sshexec] DEBUG 2017/04/27 02:20:29 /src/github.com/heketi/heketi/pkg/utils/ssh/ssh.go:176: Host: 192.168.48.12:22 Command: /bin/bash -c 'chown :2000 /var/lib/heketi/mounts/vg_403cca7edce115dc1c641acc2f5f11fb/brick_d9412713a2325d0dac9e281a50282540/brick'
Result: 
[sshexec] DEBUG 2017/04/27 02:20:29 /src/github.com/heketi/heketi/pkg/utils/ssh/ssh.go:176: Host: 192.168.48.12:22 Command: /bin/bash -c 'chmod 2775 /var/lib/heketi/mounts/vg_403cca7edce115dc1c641acc2f5f11fb/brick_d9412713a2325d0dac9e281a50282540/brick'
Result: 
[sshexec] DEBUG 2017/04/27 02:20:29 /src/github.com/heketi/heketi/pkg/utils/ssh/ssh.go:176: Host: 192.168.48.14:22 Command: /bin/bash -c 'mkfs.xfs -i size=512 -n size=8192 /dev/mapper/vg_d72d3bd802d4e511a80ce2f16181289d-brick_97a8eaeb56fbb5ab18c7bef5a656c773'
Result: meta-data=/dev/mapper/vg_d72d3bd802d4e511a80ce2f16181289d-brick_97a8eaeb56fbb5ab18c7bef5a656c773 isize=512    agcount=8, agsize=32704 blks
         =                       sectsz=512   attr=2, projid32bit=1
         =                       crc=1        finobt=1, sparse=0
data     =                       bsize=4096   blocks=261632, imaxpct=25
         =                       sunit=64     swidth=64 blks
naming   =version 2              bsize=8192   ascii-ci=0 ftype=1
log      =internal log           bsize=4096   blocks=1728, version=2
         =                       sectsz=512   sunit=64 blks, lazy-count=1
realtime =none                   extsz=4096   blocks=0, rtextents=0
[sshexec] DEBUG 2017/04/27 02:20:29 /src/github.com/heketi/heketi/pkg/utils/ssh/ssh.go:176: Host: 192.168.48.14:22 Command: /bin/bash -c 'echo "/dev/mapper/vg_d72d3bd802d4e511a80ce2f16181289d-brick_97a8eaeb56fbb5ab18c7bef5a656c773 /var/lib/heketi/mounts/vg_d72d3bd802d4e511a80ce2f16181289d/brick_97a8eaeb56fbb5ab18c7bef5a656c773 xfs rw,inode64,noatime,nouuid 1 2" | tee -a /etc/fstab > /dev/null '
Result: 
[sshexec] DEBUG 2017/04/27 02:20:30 /src/github.com/heketi/heketi/pkg/utils/ssh/ssh.go:176: Host: 192.168.48.17:22 Command: /bin/bash -c 'mount -o rw,inode64,noatime,nouuid /dev/mapper/vg_6c7ff8b53124baa86b5b789cd93274e1-brick_769c1c928f2483c70e564bd985013854 /var/lib/heketi/mounts/vg_6c7ff8b53124baa86b5b789cd93274e1/brick_769c1c928f2483c70e564bd985013854'
Result: 
[sshexec] DEBUG 2017/04/27 02:20:30 /src/github.com/heketi/heketi/pkg/utils/ssh/ssh.go:176: Host: 192.168.48.14:22 Command: /bin/bash -c 'mount -o rw,inode64,noatime,nouuid /dev/mapper/vg_d72d3bd802d4e511a80ce2f16181289d-brick_97a8eaeb56fbb5ab18c7bef5a656c773 /var/lib/heketi/mounts/vg_d72d3bd802d4e511a80ce2f16181289d/brick_97a8eaeb56fbb5ab18c7bef5a656c773'
Result: 
[sshexec] DEBUG 2017/04/27 02:20:30 /src/github.com/heketi/heketi/pkg/utils/ssh/ssh.go:176: Host: 192.168.48.14:22 Command: /bin/bash -c 'mkdir /var/lib/heketi/mounts/vg_d72d3bd802d4e511a80ce2f16181289d/brick_97a8eaeb56fbb5ab18c7bef5a656c773/brick'
Result: 
[sshexec] DEBUG 2017/04/27 02:20:30 /src/github.com/heketi/heketi/pkg/utils/ssh/ssh.go:176: Host: 192.168.48.17:22 Command: /bin/bash -c 'mkdir /var/lib/heketi/mounts/vg_6c7ff8b53124baa86b5b789cd93274e1/brick_769c1c928f2483c70e564bd985013854/brick'
Result: 
[sshexec] DEBUG 2017/04/27 02:20:30 /src/github.com/heketi/heketi/pkg/utils/ssh/ssh.go:176: Host: 192.168.48.14:22 Command: /bin/bash -c 'chown :2000 /var/lib/heketi/mounts/vg_d72d3bd802d4e511a80ce2f16181289d/brick_97a8eaeb56fbb5ab18c7bef5a656c773/brick'
Result: 
[sshexec] DEBUG 2017/04/27 02:20:30 /src/github.com/heketi/heketi/pkg/utils/ssh/ssh.go:176: Host: 192.168.48.17:22 Command: /bin/bash -c 'chown :2000 /var/lib/heketi/mounts/vg_6c7ff8b53124baa86b5b789cd93274e1/brick_769c1c928f2483c70e564bd985013854/brick'
Result: 
[sshexec] DEBUG 2017/04/27 02:20:30 /src/github.com/heketi/heketi/pkg/utils/ssh/ssh.go:176: Host: 192.168.48.14:22 Command: /bin/bash -c 'chmod 2775 /var/lib/heketi/mounts/vg_d72d3bd802d4e511a80ce2f16181289d/brick_97a8eaeb56fbb5ab18c7bef5a656c773/brick'
Result: 
[sshexec] DEBUG 2017/04/27 02:20:30 /src/github.com/heketi/heketi/pkg/utils/ssh/ssh.go:176: Host: 192.168.48.17:22 Command: /bin/bash -c 'chmod 2775 /var/lib/heketi/mounts/vg_6c7ff8b53124baa86b5b789cd93274e1/brick_769c1c928f2483c70e564bd985013854/brick'
Result: 
[sshexec] INFO 2017/04/27 02:20:30 Creating volume vol_3647cad87ef234df0ce2f9f122fd0703 replica 3
[sshexec] ERROR 2017/04/27 02:20:30 /src/github.com/heketi/heketi/pkg/utils/ssh/ssh.go:173: Failed to run command [/bin/bash -c 'gluster --mode=script volume create vol_3647cad87ef234df0ce2f9f122fd0703 replica 3 192.168.48.17:/var/lib/heketi/mounts/vg_6c7ff8b53124baa86b5b789cd93274e1/brick_769c1c928f2483c70e564bd985013854/brick 192.168.48.14:/var/lib/heketi/mounts/vg_d72d3bd802d4e511a80ce2f16181289d/brick_97a8eaeb56fbb5ab18c7bef5a656c773/brick 192.168.48.12:/var/lib/heketi/mounts/vg_403cca7edce115dc1c641acc2f5f11fb/brick_d9412713a2325d0dac9e281a50282540/brick '] on 192.168.48.17:22: Err[Process exited with: 1. Reason was:  ()]: Stdout []: Stderr [volume create: vol_3647cad87ef234df0ce2f9f122fd0703: failed: Host 192.168.48.14 is not in 'Peer in Cluster' state
]
[negroni] Started GET /queue/984d9b1a8796435ba7ec4bd806ac4b3f
[negroni] Completed 200 OK in 77.24µs
[sshexec] ERROR 2017/04/27 02:20:30 /src/github.com/heketi/heketi/pkg/utils/ssh/ssh.go:173: Failed to run command [/bin/bash -c 'gluster --mode=script volume stop vol_3647cad87ef234df0ce2f9f122fd0703 force'] on 192.168.48.17:22: Err[Process exited with: 1. Reason was:  ()]: Stdout []: Stderr [volume stop: vol_3647cad87ef234df0ce2f9f122fd0703: failed: Volume vol_3647cad87ef234df0ce2f9f122fd0703 does not exist
]
[sshexec] ERROR 2017/04/27 02:20:30 /src/github.com/heketi/heketi/executors/sshexec/volume.go:130: Unable to stop volume vol_3647cad87ef234df0ce2f9f122fd0703: volume stop: vol_3647cad87ef234df0ce2f9f122fd0703: failed: Volume vol_3647cad87ef234df0ce2f9f122fd0703 does not exist
[sshexec] ERROR 2017/04/27 02:20:31 /src/github.com/heketi/heketi/pkg/utils/ssh/ssh.go:173: Failed to run command [/bin/bash -c 'gluster --mode=script volume delete vol_3647cad87ef234df0ce2f9f122fd0703'] on 192.168.48.17:22: Err[Process exited with: 1. Reason was:  ()]: Stdout []: Stderr [volume delete: vol_3647cad87ef234df0ce2f9f122fd0703: failed: Volume vol_3647cad87ef234df0ce2f9f122fd0703 does not exist
]
[sshexec] ERROR 2017/04/27 02:20:31 /src/github.com/heketi/heketi/executors/sshexec/volume.go:139: Unable to delete volume vol_3647cad87ef234df0ce2f9f122fd0703: volume delete: vol_3647cad87ef234df0ce2f9f122fd0703: failed: Volume vol_3647cad87ef234df0ce2f9f122fd0703 does not exist
[heketi] INFO 2017/04/27 02:20:31 Deleting brick d9412713a2325d0dac9e281a50282540
[heketi] INFO 2017/04/27 02:20:31 Deleting brick 97a8eaeb56fbb5ab18c7bef5a656c773
[heketi] INFO 2017/04/27 02:20:31 Deleting brick 769c1c928f2483c70e564bd985013854
[sshexec] DEBUG 2017/04/27 02:20:31 /src/github.com/heketi/heketi/pkg/utils/ssh/ssh.go:176: Host: 192.168.48.12:22 Command: /bin/bash -c 'umount /var/lib/heketi/mounts/vg_403cca7edce115dc1c641acc2f5f11fb/brick_d9412713a2325d0dac9e281a50282540'
Result: 
[sshexec] DEBUG 2017/04/27 02:20:31 /src/github.com/heketi/heketi/pkg/utils/ssh/ssh.go:176: Host: 192.168.48.17:22 Command: /bin/bash -c 'umount /var/lib/heketi/mounts/vg_6c7ff8b53124baa86b5b789cd93274e1/brick_769c1c928f2483c70e564bd985013854'
Result: 
[sshexec] DEBUG 2017/04/27 02:20:31 /src/github.com/heketi/heketi/pkg/utils/ssh/ssh.go:176: Host: 192.168.48.14:22 Command: /bin/bash -c 'umount /var/lib/heketi/mounts/vg_d72d3bd802d4e511a80ce2f16181289d/brick_97a8eaeb56fbb5ab18c7bef5a656c773'
Result: 
[negroni] Started GET /queue/984d9b1a8796435ba7ec4bd806ac4b3f
[negroni] Completed 200 OK in 57.964µs
[sshexec] DEBUG 2017/04/27 02:20:32 /src/github.com/heketi/heketi/pkg/utils/ssh/ssh.go:176: Host: 192.168.48.17:22 Command: /bin/bash -c 'lvremove -f vg_6c7ff8b53124baa86b5b789cd93274e1/tp_769c1c928f2483c70e564bd985013854'
Result:   Logical volume "brick_769c1c928f2483c70e564bd985013854" successfully removed
  Logical volume "tp_769c1c928f2483c70e564bd985013854" successfully removed
[sshexec] DEBUG 2017/04/27 02:20:32 /src/github.com/heketi/heketi/pkg/utils/ssh/ssh.go:176: Host: 192.168.48.14:22 Command: /bin/bash -c 'lvremove -f vg_d72d3bd802d4e511a80ce2f16181289d/tp_97a8eaeb56fbb5ab18c7bef5a656c773'
Result:   Logical volume "brick_97a8eaeb56fbb5ab18c7bef5a656c773" successfully removed
  Logical volume "tp_97a8eaeb56fbb5ab18c7bef5a656c773" successfully removed
[sshexec] DEBUG 2017/04/27 02:20:32 /src/github.com/heketi/heketi/pkg/utils/ssh/ssh.go:176: Host: 192.168.48.12:22 Command: /bin/bash -c 'lvremove -f vg_403cca7edce115dc1c641acc2f5f11fb/tp_d9412713a2325d0dac9e281a50282540'
Result:   Logical volume "brick_d9412713a2325d0dac9e281a50282540" successfully removed
  Logical volume "tp_d9412713a2325d0dac9e281a50282540" successfully removed
[sshexec] DEBUG 2017/04/27 02:20:32 /src/github.com/heketi/heketi/pkg/utils/ssh/ssh.go:176: Host: 192.168.48.14:22 Command: /bin/bash -c 'rmdir /var/lib/heketi/mounts/vg_d72d3bd802d4e511a80ce2f16181289d/brick_97a8eaeb56fbb5ab18c7bef5a656c773'
Result: 
[sshexec] DEBUG 2017/04/27 02:20:32 /src/github.com/heketi/heketi/pkg/utils/ssh/ssh.go:176: Host: 192.168.48.17:22 Command: /bin/bash -c 'rmdir /var/lib/heketi/mounts/vg_6c7ff8b53124baa86b5b789cd93274e1/brick_769c1c928f2483c70e564bd985013854'
Result: 
[sshexec] DEBUG 2017/04/27 02:20:32 /src/github.com/heketi/heketi/pkg/utils/ssh/ssh.go:176: Host: 192.168.48.12:22 Command: /bin/bash -c 'rmdir /var/lib/heketi/mounts/vg_403cca7edce115dc1c641acc2f5f11fb/brick_d9412713a2325d0dac9e281a50282540'
Result: 
[sshexec] DEBUG 2017/04/27 02:20:32 /src/github.com/heketi/heketi/pkg/utils/ssh/ssh.go:176: Host: 192.168.48.14:22 Command: /bin/bash -c 'sed -i.save "/brick_97a8eaeb56fbb5ab18c7bef5a656c773/d" /etc/fstab'
Result: 
[sshexec] DEBUG 2017/04/27 02:20:32 /src/github.com/heketi/heketi/pkg/utils/ssh/ssh.go:176: Host: 192.168.48.12:22 Command: /bin/bash -c 'sed -i.save "/brick_d9412713a2325d0dac9e281a50282540/d" /etc/fstab'
Result: 
[sshexec] DEBUG 2017/04/27 02:20:32 /src/github.com/heketi/heketi/pkg/utils/ssh/ssh.go:176: Host: 192.168.48.17:22 Command: /bin/bash -c 'sed -i.save "/brick_769c1c928f2483c70e564bd985013854/d" /etc/fstab'
Result: 
[heketi] ERROR 2017/04/27 02:20:32 /src/github.com/heketi/heketi/apps/glusterfs/app_volume.go:148: Failed to create volume: volume create: vol_3647cad87ef234df0ce2f9f122fd0703: failed: Host 192.168.48.14 is not in 'Peer in Cluster' state
[asynchttp] INFO 2017/04/27 02:20:32 Completed job 984d9b1a8796435ba7ec4bd806ac4b3f in 3.903308855s
[negroni] Started GET /queue/984d9b1a8796435ba7ec4bd806ac4b3f
[negroni] Completed 500 Internal Server Error in 75.003µs
[negroni] Started POST /volumes
[negroni] Completed 202 Accepted in 14.768155ms
[asynchttp] INFO 2017/04/27 02:20:43 Started job ed3e678316f07dfbb5d8c91cffde9e70
[heketi] INFO 2017/04/27 02:20:43 Creating volume a98e5d9e226a821d295748e3c9bb52e6
[heketi] INFO 2017/04/27 02:20:43 brick_num: 0
[negroni] Started GET /queue/ed3e678316f07dfbb5d8c91cffde9e70
[negroni] Completed 200 OK in 114.078µs
[heketi] INFO 2017/04/27 02:20:43 Creating brick bb9060cefb5b380220579c5e9a2fdb98
[heketi] INFO 2017/04/27 02:20:43 Creating brick 79ad7892378296084902b60b8752982f
[heketi] INFO 2017/04/27 02:20:43 Creating brick 6060780ea824a6f89164f66cdb463e85
[sshexec] DEBUG 2017/04/27 02:20:44 /src/github.com/heketi/heketi/pkg/utils/ssh/ssh.go:176: Host: 192.168.48.12:22 Command: /bin/bash -c 'mkdir -p /var/lib/heketi/mounts/vg_403cca7edce115dc1c641acc2f5f11fb/brick_bb9060cefb5b380220579c5e9a2fdb98'
Result: 
[sshexec] DEBUG 2017/04/27 02:20:44 /src/github.com/heketi/heketi/pkg/utils/ssh/ssh.go:176: Host: 192.168.48.14:22 Command: /bin/bash -c 'mkdir -p /var/lib/heketi/mounts/vg_d72d3bd802d4e511a80ce2f16181289d/brick_79ad7892378296084902b60b8752982f'
Result: 
[sshexec] DEBUG 2017/04/27 02:20:44 /src/github.com/heketi/heketi/pkg/utils/ssh/ssh.go:176: Host: 192.168.48.17:22 Command: /bin/bash -c 'mkdir -p /var/lib/heketi/mounts/vg_6c7ff8b53124baa86b5b789cd93274e1/brick_6060780ea824a6f89164f66cdb463e85'
Result: 
[sshexec] DEBUG 2017/04/27 02:20:44 /src/github.com/heketi/heketi/pkg/utils/ssh/ssh.go:176: Host: 192.168.48.12:22 Command: /bin/bash -c 'lvcreate --poolmetadatasize 8192K -c 256K -L 1048576K -T vg_403cca7edce115dc1c641acc2f5f11fb/tp_bb9060cefb5b380220579c5e9a2fdb98 -V 1048576K -n brick_bb9060cefb5b380220579c5e9a2fdb98'
Result:   Logical volume "brick_bb9060cefb5b380220579c5e9a2fdb98" created.
[sshexec] DEBUG 2017/04/27 02:20:44 /src/github.com/heketi/heketi/pkg/utils/ssh/ssh.go:176: Host: 192.168.48.14:22 Command: /bin/bash -c 'lvcreate --poolmetadatasize 8192K -c 256K -L 1048576K -T vg_d72d3bd802d4e511a80ce2f16181289d/tp_79ad7892378296084902b60b8752982f -V 1048576K -n brick_79ad7892378296084902b60b8752982f'
Result:   Logical volume "brick_79ad7892378296084902b60b8752982f" created.
[sshexec] DEBUG 2017/04/27 02:20:44 /src/github.com/heketi/heketi/pkg/utils/ssh/ssh.go:176: Host: 192.168.48.17:22 Command: /bin/bash -c 'lvcreate --poolmetadatasize 8192K -c 256K -L 1048576K -T vg_6c7ff8b53124baa86b5b789cd93274e1/tp_6060780ea824a6f89164f66cdb463e85 -V 1048576K -n brick_6060780ea824a6f89164f66cdb463e85'
Result:   Logical volume "brick_6060780ea824a6f89164f66cdb463e85" created.
[sshexec] DEBUG 2017/04/27 02:20:44 /src/github.com/heketi/heketi/pkg/utils/ssh/ssh.go:176: Host: 192.168.48.14:22 Command: /bin/bash -c 'mkfs.xfs -i size=512 -n size=8192 /dev/mapper/vg_d72d3bd802d4e511a80ce2f16181289d-brick_79ad7892378296084902b60b8752982f'
Result: meta-data=/dev/mapper/vg_d72d3bd802d4e511a80ce2f16181289d-brick_79ad7892378296084902b60b8752982f isize=512    agcount=8, agsize=32704 blks
         =                       sectsz=512   attr=2, projid32bit=1
         =                       crc=1        finobt=1, sparse=0
data     =                       bsize=4096   blocks=261632, imaxpct=25
         =                       sunit=64     swidth=64 blks
naming   =version 2              bsize=8192   ascii-ci=0 ftype=1
log      =internal log           bsize=4096   blocks=1728, version=2
         =                       sectsz=512   sunit=64 blks, lazy-count=1
realtime =none                   extsz=4096   blocks=0, rtextents=0
[sshexec] DEBUG 2017/04/27 02:20:44 /src/github.com/heketi/heketi/pkg/utils/ssh/ssh.go:176: Host: 192.168.48.14:22 Command: /bin/bash -c 'echo "/dev/mapper/vg_d72d3bd802d4e511a80ce2f16181289d-brick_79ad7892378296084902b60b8752982f /var/lib/heketi/mounts/vg_d72d3bd802d4e511a80ce2f16181289d/brick_79ad7892378296084902b60b8752982f xfs rw,inode64,noatime,nouuid 1 2" | tee -a /etc/fstab > /dev/null '
Result: 
[sshexec] DEBUG 2017/04/27 02:20:44 /src/github.com/heketi/heketi/pkg/utils/ssh/ssh.go:176: Host: 192.168.48.12:22 Command: /bin/bash -c 'mkfs.xfs -i size=512 -n size=8192 /dev/mapper/vg_403cca7edce115dc1c641acc2f5f11fb-brick_bb9060cefb5b380220579c5e9a2fdb98'
Result: meta-data=/dev/mapper/vg_403cca7edce115dc1c641acc2f5f11fb-brick_bb9060cefb5b380220579c5e9a2fdb98 isize=512    agcount=8, agsize=32704 blks
         =                       sectsz=4096  attr=2, projid32bit=1
         =                       crc=1        finobt=1, sparse=0
data     =                       bsize=4096   blocks=261632, imaxpct=25
         =                       sunit=64     swidth=64 blks
naming   =version 2              bsize=8192   ascii-ci=0 ftype=1
log      =internal log           bsize=4096   blocks=576, version=2
         =                       sectsz=4096  sunit=1 blks, lazy-count=1
realtime =none                   extsz=4096   blocks=0, rtextents=0
[sshexec] DEBUG 2017/04/27 02:20:44 /src/github.com/heketi/heketi/pkg/utils/ssh/ssh.go:176: Host: 192.168.48.12:22 Command: /bin/bash -c 'echo "/dev/mapper/vg_403cca7edce115dc1c641acc2f5f11fb-brick_bb9060cefb5b380220579c5e9a2fdb98 /var/lib/heketi/mounts/vg_403cca7edce115dc1c641acc2f5f11fb/brick_bb9060cefb5b380220579c5e9a2fdb98 xfs rw,inode64,noatime,nouuid 1 2" | tee -a /etc/fstab > /dev/null '
Result: 
[negroni] Started GET /queue/ed3e678316f07dfbb5d8c91cffde9e70
[negroni] Completed 200 OK in 74.68µs
[sshexec] DEBUG 2017/04/27 02:20:44 /src/github.com/heketi/heketi/pkg/utils/ssh/ssh.go:176: Host: 192.168.48.12:22 Command: /bin/bash -c 'mount -o rw,inode64,noatime,nouuid /dev/mapper/vg_403cca7edce115dc1c641acc2f5f11fb-brick_bb9060cefb5b380220579c5e9a2fdb98 /var/lib/heketi/mounts/vg_403cca7edce115dc1c641acc2f5f11fb/brick_bb9060cefb5b380220579c5e9a2fdb98'
Result: 
[sshexec] DEBUG 2017/04/27 02:20:44 /src/github.com/heketi/heketi/pkg/utils/ssh/ssh.go:176: Host: 192.168.48.12:22 Command: /bin/bash -c 'mkdir /var/lib/heketi/mounts/vg_403cca7edce115dc1c641acc2f5f11fb/brick_bb9060cefb5b380220579c5e9a2fdb98/brick'
Result: 
[sshexec] DEBUG 2017/04/27 02:20:44 /src/github.com/heketi/heketi/pkg/utils/ssh/ssh.go:176: Host: 192.168.48.12:22 Command: /bin/bash -c 'chown :2000 /var/lib/heketi/mounts/vg_403cca7edce115dc1c641acc2f5f11fb/brick_bb9060cefb5b380220579c5e9a2fdb98/brick'
Result: 
[sshexec] DEBUG 2017/04/27 02:20:44 /src/github.com/heketi/heketi/pkg/utils/ssh/ssh.go:176: Host: 192.168.48.17:22 Command: /bin/bash -c 'mkfs.xfs -i size=512 -n size=8192 /dev/mapper/vg_6c7ff8b53124baa86b5b789cd93274e1-brick_6060780ea824a6f89164f66cdb463e85'
Result: meta-data=/dev/mapper/vg_6c7ff8b53124baa86b5b789cd93274e1-brick_6060780ea824a6f89164f66cdb463e85 isize=512    agcount=8, agsize=32704 blks
         =                       sectsz=512   attr=2, projid32bit=1
         =                       crc=1        finobt=1, sparse=0
data     =                       bsize=4096   blocks=261632, imaxpct=25
         =                       sunit=64     swidth=64 blks
naming   =version 2              bsize=8192   ascii-ci=0 ftype=1
log      =internal log           bsize=4096   blocks=1728, version=2
         =                       sectsz=512   sunit=64 blks, lazy-count=1
realtime =none                   extsz=4096   blocks=0, rtextents=0
[sshexec] DEBUG 2017/04/27 02:20:44 /src/github.com/heketi/heketi/pkg/utils/ssh/ssh.go:176: Host: 192.168.48.12:22 Command: /bin/bash -c 'chmod 2775 /var/lib/heketi/mounts/vg_403cca7edce115dc1c641acc2f5f11fb/brick_bb9060cefb5b380220579c5e9a2fdb98/brick'
Result: 
[sshexec] DEBUG 2017/04/27 02:20:44 /src/github.com/heketi/heketi/pkg/utils/ssh/ssh.go:176: Host: 192.168.48.17:22 Command: /bin/bash -c 'echo "/dev/mapper/vg_6c7ff8b53124baa86b5b789cd93274e1-brick_6060780ea824a6f89164f66cdb463e85 /var/lib/heketi/mounts/vg_6c7ff8b53124baa86b5b789cd93274e1/brick_6060780ea824a6f89164f66cdb463e85 xfs rw,inode64,noatime,nouuid 1 2" | tee -a /etc/fstab > /dev/null '
Result: 
[sshexec] DEBUG 2017/04/27 02:20:45 /src/github.com/heketi/heketi/pkg/utils/ssh/ssh.go:176: Host: 192.168.48.14:22 Command: /bin/bash -c 'mount -o rw,inode64,noatime,nouuid /dev/mapper/vg_d72d3bd802d4e511a80ce2f16181289d-brick_79ad7892378296084902b60b8752982f /var/lib/heketi/mounts/vg_d72d3bd802d4e511a80ce2f16181289d/brick_79ad7892378296084902b60b8752982f'
Result: 
[sshexec] DEBUG 2017/04/27 02:20:45 /src/github.com/heketi/heketi/pkg/utils/ssh/ssh.go:176: Host: 192.168.48.14:22 Command: /bin/bash -c 'mkdir /var/lib/heketi/mounts/vg_d72d3bd802d4e511a80ce2f16181289d/brick_79ad7892378296084902b60b8752982f/brick'
Result: 
[sshexec] DEBUG 2017/04/27 02:20:45 /src/github.com/heketi/heketi/pkg/utils/ssh/ssh.go:176: Host: 192.168.48.14:22 Command: /bin/bash -c 'chown :2000 /var/lib/heketi/mounts/vg_d72d3bd802d4e511a80ce2f16181289d/brick_79ad7892378296084902b60b8752982f/brick'
Result: 
[sshexec] DEBUG 2017/04/27 02:20:45 /src/github.com/heketi/heketi/pkg/utils/ssh/ssh.go:176: Host: 192.168.48.14:22 Command: /bin/bash -c 'chmod 2775 /var/lib/heketi/mounts/vg_d72d3bd802d4e511a80ce2f16181289d/brick_79ad7892378296084902b60b8752982f/brick'
Result: 
[sshexec] DEBUG 2017/04/27 02:20:45 /src/github.com/heketi/heketi/pkg/utils/ssh/ssh.go:176: Host: 192.168.48.17:22 Command: /bin/bash -c 'mount -o rw,inode64,noatime,nouuid /dev/mapper/vg_6c7ff8b53124baa86b5b789cd93274e1-brick_6060780ea824a6f89164f66cdb463e85 /var/lib/heketi/mounts/vg_6c7ff8b53124baa86b5b789cd93274e1/brick_6060780ea824a6f89164f66cdb463e85'
Result: 
[sshexec] DEBUG 2017/04/27 02:20:45 /src/github.com/heketi/heketi/pkg/utils/ssh/ssh.go:176: Host: 192.168.48.17:22 Command: /bin/bash -c 'mkdir /var/lib/heketi/mounts/vg_6c7ff8b53124baa86b5b789cd93274e1/brick_6060780ea824a6f89164f66cdb463e85/brick'
Result: 
[sshexec] DEBUG 2017/04/27 02:20:45 /src/github.com/heketi/heketi/pkg/utils/ssh/ssh.go:176: Host: 192.168.48.17:22 Command: /bin/bash -c 'chown :2000 /var/lib/heketi/mounts/vg_6c7ff8b53124baa86b5b789cd93274e1/brick_6060780ea824a6f89164f66cdb463e85/brick'
Result: 
[sshexec] DEBUG 2017/04/27 02:20:45 /src/github.com/heketi/heketi/pkg/utils/ssh/ssh.go:176: Host: 192.168.48.17:22 Command: /bin/bash -c 'chmod 2775 /var/lib/heketi/mounts/vg_6c7ff8b53124baa86b5b789cd93274e1/brick_6060780ea824a6f89164f66cdb463e85/brick'
Result: 
[sshexec] INFO 2017/04/27 02:20:45 Creating volume vol_a98e5d9e226a821d295748e3c9bb52e6 replica 3
[sshexec] ERROR 2017/04/27 02:20:45 /src/github.com/heketi/heketi/pkg/utils/ssh/ssh.go:173: Failed to run command [/bin/bash -c 'gluster --mode=script volume create vol_a98e5d9e226a821d295748e3c9bb52e6 replica 3 192.168.48.14:/var/lib/heketi/mounts/vg_d72d3bd802d4e511a80ce2f16181289d/brick_79ad7892378296084902b60b8752982f/brick 192.168.48.12:/var/lib/heketi/mounts/vg_403cca7edce115dc1c641acc2f5f11fb/brick_bb9060cefb5b380220579c5e9a2fdb98/brick 192.168.48.17:/var/lib/heketi/mounts/vg_6c7ff8b53124baa86b5b789cd93274e1/brick_6060780ea824a6f89164f66cdb463e85/brick '] on 192.168.48.14:22: Err[Process exited with: 1. Reason was:  ()]: Stdout []: Stderr [volume create: vol_a98e5d9e226a821d295748e3c9bb52e6: failed: Staging failed on 192.168.48.17. Error: Host 192.168.48.14 is not in 'Peer in Cluster' state
Staging failed on 192.168.48.12. Error: Host 192.168.48.14 is not in 'Peer in Cluster' state
]
[sshexec] ERROR 2017/04/27 02:20:45 /src/github.com/heketi/heketi/pkg/utils/ssh/ssh.go:173: Failed to run command [/bin/bash -c 'gluster --mode=script volume stop vol_a98e5d9e226a821d295748e3c9bb52e6 force'] on 192.168.48.14:22: Err[Process exited with: 1. Reason was:  ()]: Stdout []: Stderr [volume stop: vol_a98e5d9e226a821d295748e3c9bb52e6: failed: Volume vol_a98e5d9e226a821d295748e3c9bb52e6 does not exist
]
[sshexec] ERROR 2017/04/27 02:20:45 /src/github.com/heketi/heketi/executors/sshexec/volume.go:130: Unable to stop volume vol_a98e5d9e226a821d295748e3c9bb52e6: volume stop: vol_a98e5d9e226a821d295748e3c9bb52e6: failed: Volume vol_a98e5d9e226a821d295748e3c9bb52e6 does not exist
[negroni] Started GET /queue/ed3e678316f07dfbb5d8c91cffde9e70
[negroni] Completed 200 OK in 81.099µs
[sshexec] ERROR 2017/04/27 02:20:46 /src/github.com/heketi/heketi/pkg/utils/ssh/ssh.go:173: Failed to run command [/bin/bash -c 'gluster --mode=script volume delete vol_a98e5d9e226a821d295748e3c9bb52e6'] on 192.168.48.14:22: Err[Process exited with: 1. Reason was:  ()]: Stdout []: Stderr [volume delete: vol_a98e5d9e226a821d295748e3c9bb52e6: failed: Volume vol_a98e5d9e226a821d295748e3c9bb52e6 does not exist
]
[sshexec] ERROR 2017/04/27 02:20:46 /src/github.com/heketi/heketi/executors/sshexec/volume.go:139: Unable to delete volume vol_a98e5d9e226a821d295748e3c9bb52e6: volume delete: vol_a98e5d9e226a821d295748e3c9bb52e6: failed: Volume vol_a98e5d9e226a821d295748e3c9bb52e6 does not exist
[heketi] INFO 2017/04/27 02:20:46 Deleting brick 79ad7892378296084902b60b8752982f
[heketi] INFO 2017/04/27 02:20:46 Deleting brick 6060780ea824a6f89164f66cdb463e85
[heketi] INFO 2017/04/27 02:20:46 Deleting brick bb9060cefb5b380220579c5e9a2fdb98
[sshexec] DEBUG 2017/04/27 02:20:46 /src/github.com/heketi/heketi/pkg/utils/ssh/ssh.go:176: Host: 192.168.48.12:22 Command: /bin/bash -c 'umount /var/lib/heketi/mounts/vg_403cca7edce115dc1c641acc2f5f11fb/brick_bb9060cefb5b380220579c5e9a2fdb98'
Result: 
[sshexec] DEBUG 2017/04/27 02:20:46 /src/github.com/heketi/heketi/pkg/utils/ssh/ssh.go:176: Host: 192.168.48.14:22 Command: /bin/bash -c 'umount /var/lib/heketi/mounts/vg_d72d3bd802d4e511a80ce2f16181289d/brick_79ad7892378296084902b60b8752982f'
Result: 
[sshexec] DEBUG 2017/04/27 02:20:46 /src/github.com/heketi/heketi/pkg/utils/ssh/ssh.go:176: Host: 192.168.48.17:22 Command: /bin/bash -c 'umount /var/lib/heketi/mounts/vg_6c7ff8b53124baa86b5b789cd93274e1/brick_6060780ea824a6f89164f66cdb463e85'
Result: 
[negroni] Started GET /queue/ed3e678316f07dfbb5d8c91cffde9e70
[negroni] Completed 200 OK in 114.367µs
[sshexec] DEBUG 2017/04/27 02:20:46 /src/github.com/heketi/heketi/pkg/utils/ssh/ssh.go:176: Host: 192.168.48.14:22 Command: /bin/bash -c 'lvremove -f vg_d72d3bd802d4e511a80ce2f16181289d/tp_79ad7892378296084902b60b8752982f'
Result:   Logical volume "brick_79ad7892378296084902b60b8752982f" successfully removed
  Logical volume "tp_79ad7892378296084902b60b8752982f" successfully removed
[sshexec] DEBUG 2017/04/27 02:20:46 /src/github.com/heketi/heketi/pkg/utils/ssh/ssh.go:176: Host: 192.168.48.17:22 Command: /bin/bash -c 'lvremove -f vg_6c7ff8b53124baa86b5b789cd93274e1/tp_6060780ea824a6f89164f66cdb463e85'
Result:   Logical volume "brick_6060780ea824a6f89164f66cdb463e85" successfully removed
  Logical volume "tp_6060780ea824a6f89164f66cdb463e85" successfully removed
[sshexec] DEBUG 2017/04/27 02:20:46 /src/github.com/heketi/heketi/pkg/utils/ssh/ssh.go:176: Host: 192.168.48.12:22 Command: /bin/bash -c 'lvremove -f vg_403cca7edce115dc1c641acc2f5f11fb/tp_bb9060cefb5b380220579c5e9a2fdb98'
Result:   Logical volume "brick_bb9060cefb5b380220579c5e9a2fdb98" successfully removed
  Logical volume "tp_bb9060cefb5b380220579c5e9a2fdb98" successfully removed
[sshexec] DEBUG 2017/04/27 02:20:47 /src/github.com/heketi/heketi/pkg/utils/ssh/ssh.go:176: Host: 192.168.48.14:22 Command: /bin/bash -c 'rmdir /var/lib/heketi/mounts/vg_d72d3bd802d4e511a80ce2f16181289d/brick_79ad7892378296084902b60b8752982f'
Result: 
[sshexec] DEBUG 2017/04/27 02:20:47 /src/github.com/heketi/heketi/pkg/utils/ssh/ssh.go:176: Host: 192.168.48.12:22 Command: /bin/bash -c 'rmdir /var/lib/heketi/mounts/vg_403cca7edce115dc1c641acc2f5f11fb/brick_bb9060cefb5b380220579c5e9a2fdb98'
Result: 
[sshexec] DEBUG 2017/04/27 02:20:47 /src/github.com/heketi/heketi/pkg/utils/ssh/ssh.go:176: Host: 192.168.48.17:22 Command: /bin/bash -c 'rmdir /var/lib/heketi/mounts/vg_6c7ff8b53124baa86b5b789cd93274e1/brick_6060780ea824a6f89164f66cdb463e85'
Result: 
[sshexec] DEBUG 2017/04/27 02:20:47 /src/github.com/heketi/heketi/pkg/utils/ssh/ssh.go:176: Host: 192.168.48.14:22 Command: /bin/bash -c 'sed -i.save "/brick_79ad7892378296084902b60b8752982f/d" /etc/fstab'
Result: 
[sshexec] DEBUG 2017/04/27 02:20:47 /src/github.com/heketi/heketi/pkg/utils/ssh/ssh.go:176: Host: 192.168.48.12:22 Command: /bin/bash -c 'sed -i.save "/brick_bb9060cefb5b380220579c5e9a2fdb98/d" /etc/fstab'
Result: 
[sshexec] DEBUG 2017/04/27 02:20:47 /src/github.com/heketi/heketi/pkg/utils/ssh/ssh.go:176: Host: 192.168.48.17:22 Command: /bin/bash -c 'sed -i.save "/brick_6060780ea824a6f89164f66cdb463e85/d" /etc/fstab'
Result: 
[asynchttp] INFO 2017/04/27 02:20:47 Completed job ed3e678316f07dfbb5d8c91cffde9e70 in 3.592751056s
[heketi] ERROR 2017/04/27 02:20:47 /src/github.com/heketi/heketi/apps/glusterfs/app_volume.go:148: Failed to create volume: volume create: vol_a98e5d9e226a821d295748e3c9bb52e6: failed: Staging failed on 192.168.48.17. Error: Host 192.168.48.14 is not in 'Peer in Cluster' state
Staging failed on 192.168.48.12. Error: Host 192.168.48.14 is not in 'Peer in Cluster' state
[negroni] Started GET /queue/ed3e678316f07dfbb5d8c91cffde9e70
[negroni] Completed 500 Internal Server Error in 60.237µs
[negroni] Started POST /volumes
[negroni] Completed 202 Accepted in 18.64554ms
[asynchttp] INFO 2017/04/27 02:20:58 Started job 5699409ea1b8668fd163c6d394183421
[heketi] INFO 2017/04/27 02:20:58 Creating volume cd26743b2adebc73d7754779348fb808
[heketi] INFO 2017/04/27 02:20:58 brick_num: 0
[negroni] Started GET /queue/5699409ea1b8668fd163c6d394183421
[negroni] Completed 200 OK in 147.529µs
[heketi] INFO 2017/04/27 02:20:58 Creating brick c09c6dcdc2884cb660e409a3f65ec6b5
[heketi] INFO 2017/04/27 02:20:58 Creating brick f4a126b23f32b95613c2e5ada57285c6
[heketi] INFO 2017/04/27 02:20:58 Creating brick 065d70098d0792fadb8985235dfbc8dc
[sshexec] DEBUG 2017/04/27 02:20:59 /src/github.com/heketi/heketi/pkg/utils/ssh/ssh.go:176: Host: 192.168.48.12:22 Command: /bin/bash -c 'mkdir -p /var/lib/heketi/mounts/vg_403cca7edce115dc1c641acc2f5f11fb/brick_c09c6dcdc2884cb660e409a3f65ec6b5'
Result: 
[sshexec] DEBUG 2017/04/27 02:20:59 /src/github.com/heketi/heketi/pkg/utils/ssh/ssh.go:176: Host: 192.168.48.14:22 Command: /bin/bash -c 'mkdir -p /var/lib/heketi/mounts/vg_d72d3bd802d4e511a80ce2f16181289d/brick_f4a126b23f32b95613c2e5ada57285c6'
Result: 
[sshexec] DEBUG 2017/04/27 02:20:59 /src/github.com/heketi/heketi/pkg/utils/ssh/ssh.go:176: Host: 192.168.48.17:22 Command: /bin/bash -c 'mkdir -p /var/lib/heketi/mounts/vg_6c7ff8b53124baa86b5b789cd93274e1/brick_065d70098d0792fadb8985235dfbc8dc'
Result: 
[sshexec] DEBUG 2017/04/27 02:20:59 /src/github.com/heketi/heketi/pkg/utils/ssh/ssh.go:176: Host: 192.168.48.17:22 Command: /bin/bash -c 'lvcreate --poolmetadatasize 8192K -c 256K -L 1048576K -T vg_6c7ff8b53124baa86b5b789cd93274e1/tp_065d70098d0792fadb8985235dfbc8dc -V 1048576K -n brick_065d70098d0792fadb8985235dfbc8dc'
Result:   Logical volume "brick_065d70098d0792fadb8985235dfbc8dc" created.
[sshexec] DEBUG 2017/04/27 02:20:59 /src/github.com/heketi/heketi/pkg/utils/ssh/ssh.go:176: Host: 192.168.48.12:22 Command: /bin/bash -c 'lvcreate --poolmetadatasize 8192K -c 256K -L 1048576K -T vg_403cca7edce115dc1c641acc2f5f11fb/tp_c09c6dcdc2884cb660e409a3f65ec6b5 -V 1048576K -n brick_c09c6dcdc2884cb660e409a3f65ec6b5'
Result:   Logical volume "brick_c09c6dcdc2884cb660e409a3f65ec6b5" created.
[sshexec] DEBUG 2017/04/27 02:20:59 /src/github.com/heketi/heketi/pkg/utils/ssh/ssh.go:176: Host: 192.168.48.14:22 Command: /bin/bash -c 'lvcreate --poolmetadatasize 8192K -c 256K -L 1048576K -T vg_d72d3bd802d4e511a80ce2f16181289d/tp_f4a126b23f32b95613c2e5ada57285c6 -V 1048576K -n brick_f4a126b23f32b95613c2e5ada57285c6'
Result:   Logical volume "brick_f4a126b23f32b95613c2e5ada57285c6" created.
[sshexec] DEBUG 2017/04/27 02:20:59 /src/github.com/heketi/heketi/pkg/utils/ssh/ssh.go:176: Host: 192.168.48.17:22 Command: /bin/bash -c 'mkfs.xfs -i size=512 -n size=8192 /dev/mapper/vg_6c7ff8b53124baa86b5b789cd93274e1-brick_065d70098d0792fadb8985235dfbc8dc'
Result: meta-data=/dev/mapper/vg_6c7ff8b53124baa86b5b789cd93274e1-brick_065d70098d0792fadb8985235dfbc8dc isize=512    agcount=8, agsize=32704 blks
         =                       sectsz=512   attr=2, projid32bit=1
         =                       crc=1        finobt=1, sparse=0
data     =                       bsize=4096   blocks=261632, imaxpct=25
         =                       sunit=64     swidth=64 blks
naming   =version 2              bsize=8192   ascii-ci=0 ftype=1
log      =internal log           bsize=4096   blocks=1728, version=2
         =                       sectsz=512   sunit=64 blks, lazy-count=1
realtime =none                   extsz=4096   blocks=0, rtextents=0
[sshexec] DEBUG 2017/04/27 02:20:59 /src/github.com/heketi/heketi/pkg/utils/ssh/ssh.go:176: Host: 192.168.48.17:22 Command: /bin/bash -c 'echo "/dev/mapper/vg_6c7ff8b53124baa86b5b789cd93274e1-brick_065d70098d0792fadb8985235dfbc8dc /var/lib/heketi/mounts/vg_6c7ff8b53124baa86b5b789cd93274e1/brick_065d70098d0792fadb8985235dfbc8dc xfs rw,inode64,noatime,nouuid 1 2" | tee -a /etc/fstab > /dev/null '
Result: 
[sshexec] DEBUG 2017/04/27 02:20:59 /src/github.com/heketi/heketi/pkg/utils/ssh/ssh.go:176: Host: 192.168.48.12:22 Command: /bin/bash -c 'mkfs.xfs -i size=512 -n size=8192 /dev/mapper/vg_403cca7edce115dc1c641acc2f5f11fb-brick_c09c6dcdc2884cb660e409a3f65ec6b5'
Result: meta-data=/dev/mapper/vg_403cca7edce115dc1c641acc2f5f11fb-brick_c09c6dcdc2884cb660e409a3f65ec6b5 isize=512    agcount=8, agsize=32704 blks
         =                       sectsz=4096  attr=2, projid32bit=1
         =                       crc=1        finobt=1, sparse=0
data     =                       bsize=4096   blocks=261632, imaxpct=25
         =                       sunit=64     swidth=64 blks
naming   =version 2              bsize=8192   ascii-ci=0 ftype=1
log      =internal log           bsize=4096   blocks=576, version=2
         =                       sectsz=4096  sunit=1 blks, lazy-count=1
realtime =none                   extsz=4096   blocks=0, rtextents=0
[negroni] Started GET /queue/5699409ea1b8668fd163c6d394183421
[negroni] Completed 200 OK in 94.722µs
[sshexec] DEBUG 2017/04/27 02:20:59 /src/github.com/heketi/heketi/pkg/utils/ssh/ssh.go:176: Host: 192.168.48.12:22 Command: /bin/bash -c 'echo "/dev/mapper/vg_403cca7edce115dc1c641acc2f5f11fb-brick_c09c6dcdc2884cb660e409a3f65ec6b5 /var/lib/heketi/mounts/vg_403cca7edce115dc1c641acc2f5f11fb/brick_c09c6dcdc2884cb660e409a3f65ec6b5 xfs rw,inode64,noatime,nouuid 1 2" | tee -a /etc/fstab > /dev/null '
Result: 
[sshexec] DEBUG 2017/04/27 02:20:59 /src/github.com/heketi/heketi/pkg/utils/ssh/ssh.go:176: Host: 192.168.48.12:22 Command: /bin/bash -c 'mount -o rw,inode64,noatime,nouuid /dev/mapper/vg_403cca7edce115dc1c641acc2f5f11fb-brick_c09c6dcdc2884cb660e409a3f65ec6b5 /var/lib/heketi/mounts/vg_403cca7edce115dc1c641acc2f5f11fb/brick_c09c6dcdc2884cb660e409a3f65ec6b5'
Result: 
[sshexec] DEBUG 2017/04/27 02:20:59 /src/github.com/heketi/heketi/pkg/utils/ssh/ssh.go:176: Host: 192.168.48.12:22 Command: /bin/bash -c 'mkdir /var/lib/heketi/mounts/vg_403cca7edce115dc1c641acc2f5f11fb/brick_c09c6dcdc2884cb660e409a3f65ec6b5/brick'
Result: 
[sshexec] DEBUG 2017/04/27 02:20:59 /src/github.com/heketi/heketi/pkg/utils/ssh/ssh.go:176: Host: 192.168.48.12:22 Command: /bin/bash -c 'chown :2000 /var/lib/heketi/mounts/vg_403cca7edce115dc1c641acc2f5f11fb/brick_c09c6dcdc2884cb660e409a3f65ec6b5/brick'
Result: 
[sshexec] DEBUG 2017/04/27 02:20:59 /src/github.com/heketi/heketi/pkg/utils/ssh/ssh.go:176: Host: 192.168.48.12:22 Command: /bin/bash -c 'chmod 2775 /var/lib/heketi/mounts/vg_403cca7edce115dc1c641acc2f5f11fb/brick_c09c6dcdc2884cb660e409a3f65ec6b5/brick'
Result: 
[sshexec] DEBUG 2017/04/27 02:20:59 /src/github.com/heketi/heketi/pkg/utils/ssh/ssh.go:176: Host: 192.168.48.14:22 Command: /bin/bash -c 'mkfs.xfs -i size=512 -n size=8192 /dev/mapper/vg_d72d3bd802d4e511a80ce2f16181289d-brick_f4a126b23f32b95613c2e5ada57285c6'
Result: meta-data=/dev/mapper/vg_d72d3bd802d4e511a80ce2f16181289d-brick_f4a126b23f32b95613c2e5ada57285c6 isize=512    agcount=8, agsize=32704 blks
         =                       sectsz=512   attr=2, projid32bit=1
         =                       crc=1        finobt=1, sparse=0
data     =                       bsize=4096   blocks=261632, imaxpct=25
         =                       sunit=64     swidth=64 blks
naming   =version 2              bsize=8192   ascii-ci=0 ftype=1
log      =internal log           bsize=4096   blocks=1728, version=2
         =                       sectsz=512   sunit=64 blks, lazy-count=1
realtime =none                   extsz=4096   blocks=0, rtextents=0
[sshexec] DEBUG 2017/04/27 02:20:59 /src/github.com/heketi/heketi/pkg/utils/ssh/ssh.go:176: Host: 192.168.48.14:22 Command: /bin/bash -c 'echo "/dev/mapper/vg_d72d3bd802d4e511a80ce2f16181289d-brick_f4a126b23f32b95613c2e5ada57285c6 /var/lib/heketi/mounts/vg_d72d3bd802d4e511a80ce2f16181289d/brick_f4a126b23f32b95613c2e5ada57285c6 xfs rw,inode64,noatime,nouuid 1 2" | tee -a /etc/fstab > /dev/null '
Result: 
[sshexec] DEBUG 2017/04/27 02:21:00 /src/github.com/heketi/heketi/pkg/utils/ssh/ssh.go:176: Host: 192.168.48.17:22 Command: /bin/bash -c 'mount -o rw,inode64,noatime,nouuid /dev/mapper/vg_6c7ff8b53124baa86b5b789cd93274e1-brick_065d70098d0792fadb8985235dfbc8dc /var/lib/heketi/mounts/vg_6c7ff8b53124baa86b5b789cd93274e1/brick_065d70098d0792fadb8985235dfbc8dc'
Result: 
[sshexec] DEBUG 2017/04/27 02:21:00 /src/github.com/heketi/heketi/pkg/utils/ssh/ssh.go:176: Host: 192.168.48.17:22 Command: /bin/bash -c 'mkdir /var/lib/heketi/mounts/vg_6c7ff8b53124baa86b5b789cd93274e1/brick_065d70098d0792fadb8985235dfbc8dc/brick'
Result: 
[sshexec] DEBUG 2017/04/27 02:21:00 /src/github.com/heketi/heketi/pkg/utils/ssh/ssh.go:176: Host: 192.168.48.17:22 Command: /bin/bash -c 'chown :2000 /var/lib/heketi/mounts/vg_6c7ff8b53124baa86b5b789cd93274e1/brick_065d70098d0792fadb8985235dfbc8dc/brick'
Result: 
[sshexec] DEBUG 2017/04/27 02:21:00 /src/github.com/heketi/heketi/pkg/utils/ssh/ssh.go:176: Host: 192.168.48.17:22 Command: /bin/bash -c 'chmod 2775 /var/lib/heketi/mounts/vg_6c7ff8b53124baa86b5b789cd93274e1/brick_065d70098d0792fadb8985235dfbc8dc/brick'
Result: 
[sshexec] DEBUG 2017/04/27 02:21:00 /src/github.com/heketi/heketi/pkg/utils/ssh/ssh.go:176: Host: 192.168.48.14:22 Command: /bin/bash -c 'mount -o rw,inode64,noatime,nouuid /dev/mapper/vg_d72d3bd802d4e511a80ce2f16181289d-brick_f4a126b23f32b95613c2e5ada57285c6 /var/lib/heketi/mounts/vg_d72d3bd802d4e511a80ce2f16181289d/brick_f4a126b23f32b95613c2e5ada57285c6'
Result: 
[sshexec] DEBUG 2017/04/27 02:21:00 /src/github.com/heketi/heketi/pkg/utils/ssh/ssh.go:176: Host: 192.168.48.14:22 Command: /bin/bash -c 'mkdir /var/lib/heketi/mounts/vg_d72d3bd802d4e511a80ce2f16181289d/brick_f4a126b23f32b95613c2e5ada57285c6/brick'
Result: 
[sshexec] DEBUG 2017/04/27 02:21:00 /src/github.com/heketi/heketi/pkg/utils/ssh/ssh.go:176: Host: 192.168.48.14:22 Command: /bin/bash -c 'chown :2000 /var/lib/heketi/mounts/vg_d72d3bd802d4e511a80ce2f16181289d/brick_f4a126b23f32b95613c2e5ada57285c6/brick'
Result: 
[sshexec] DEBUG 2017/04/27 02:21:00 /src/github.com/heketi/heketi/pkg/utils/ssh/ssh.go:176: Host: 192.168.48.14:22 Command: /bin/bash -c 'chmod 2775 /var/lib/heketi/mounts/vg_d72d3bd802d4e511a80ce2f16181289d/brick_f4a126b23f32b95613c2e5ada57285c6/brick'
Result: 
[sshexec] INFO 2017/04/27 02:21:00 Creating volume vol_cd26743b2adebc73d7754779348fb808 replica 3
[sshexec] ERROR 2017/04/27 02:21:00 /src/github.com/heketi/heketi/pkg/utils/ssh/ssh.go:173: Failed to run command [/bin/bash -c 'gluster --mode=script volume create vol_cd26743b2adebc73d7754779348fb808 replica 3 192.168.48.12:/var/lib/heketi/mounts/vg_403cca7edce115dc1c641acc2f5f11fb/brick_c09c6dcdc2884cb660e409a3f65ec6b5/brick 192.168.48.17:/var/lib/heketi/mounts/vg_6c7ff8b53124baa86b5b789cd93274e1/brick_065d70098d0792fadb8985235dfbc8dc/brick 192.168.48.14:/var/lib/heketi/mounts/vg_d72d3bd802d4e511a80ce2f16181289d/brick_f4a126b23f32b95613c2e5ada57285c6/brick '] on 192.168.48.12:22: Err[Process exited with: 1. Reason was:  ()]: Stdout []: Stderr [volume create: vol_cd26743b2adebc73d7754779348fb808: failed: Host 192.168.48.14 is not in 'Peer in Cluster' state
]
[sshexec] ERROR 2017/04/27 02:21:00 /src/github.com/heketi/heketi/pkg/utils/ssh/ssh.go:173: Failed to run command [/bin/bash -c 'gluster --mode=script volume stop vol_cd26743b2adebc73d7754779348fb808 force'] on 192.168.48.12:22: Err[Process exited with: 1. Reason was:  ()]: Stdout []: Stderr [volume stop: vol_cd26743b2adebc73d7754779348fb808: failed: Volume vol_cd26743b2adebc73d7754779348fb808 does not exist
]
[sshexec] ERROR 2017/04/27 02:21:00 /src/github.com/heketi/heketi/executors/sshexec/volume.go:130: Unable to stop volume vol_cd26743b2adebc73d7754779348fb808: volume stop: vol_cd26743b2adebc73d7754779348fb808: failed: Volume vol_cd26743b2adebc73d7754779348fb808 does not exist
[negroni] Started GET /queue/5699409ea1b8668fd163c6d394183421
[negroni] Completed 200 OK in 76.237µs
[sshexec] ERROR 2017/04/27 02:21:01 /src/github.com/heketi/heketi/pkg/utils/ssh/ssh.go:173: Failed to run command [/bin/bash -c 'gluster --mode=script volume delete vol_cd26743b2adebc73d7754779348fb808'] on 192.168.48.12:22: Err[Process exited with: 1. Reason was:  ()]: Stdout []: Stderr [volume delete: vol_cd26743b2adebc73d7754779348fb808: failed: Volume vol_cd26743b2adebc73d7754779348fb808 does not exist
]
[sshexec] ERROR 2017/04/27 02:21:01 /src/github.com/heketi/heketi/executors/sshexec/volume.go:139: Unable to delete volume vol_cd26743b2adebc73d7754779348fb808: volume delete: vol_cd26743b2adebc73d7754779348fb808: failed: Volume vol_cd26743b2adebc73d7754779348fb808 does not exist
[heketi] INFO 2017/04/27 02:21:01 Deleting brick c09c6dcdc2884cb660e409a3f65ec6b5
[heketi] INFO 2017/04/27 02:21:01 Deleting brick f4a126b23f32b95613c2e5ada57285c6
[heketi] INFO 2017/04/27 02:21:01 Deleting brick 065d70098d0792fadb8985235dfbc8dc
[sshexec] DEBUG 2017/04/27 02:21:01 /src/github.com/heketi/heketi/pkg/utils/ssh/ssh.go:176: Host: 192.168.48.12:22 Command: /bin/bash -c 'umount /var/lib/heketi/mounts/vg_403cca7edce115dc1c641acc2f5f11fb/brick_c09c6dcdc2884cb660e409a3f65ec6b5'
Result: 
[sshexec] DEBUG 2017/04/27 02:21:01 /src/github.com/heketi/heketi/pkg/utils/ssh/ssh.go:176: Host: 192.168.48.14:22 Command: /bin/bash -c 'umount /var/lib/heketi/mounts/vg_d72d3bd802d4e511a80ce2f16181289d/brick_f4a126b23f32b95613c2e5ada57285c6'
Result: 
[sshexec] DEBUG 2017/04/27 02:21:01 /src/github.com/heketi/heketi/pkg/utils/ssh/ssh.go:176: Host: 192.168.48.17:22 Command: /bin/bash -c 'umount /var/lib/heketi/mounts/vg_6c7ff8b53124baa86b5b789cd93274e1/brick_065d70098d0792fadb8985235dfbc8dc'
Result: 
[sshexec] DEBUG 2017/04/27 02:21:01 /src/github.com/heketi/heketi/pkg/utils/ssh/ssh.go:176: Host: 192.168.48.14:22 Command: /bin/bash -c 'lvremove -f vg_d72d3bd802d4e511a80ce2f16181289d/tp_f4a126b23f32b95613c2e5ada57285c6'
Result:   Logical volume "brick_f4a126b23f32b95613c2e5ada57285c6" successfully removed
  Logical volume "tp_f4a126b23f32b95613c2e5ada57285c6" successfully removed
[negroni] Started GET /queue/5699409ea1b8668fd163c6d394183421
[negroni] Completed 200 OK in 206.307µs
[sshexec] DEBUG 2017/04/27 02:21:01 /src/github.com/heketi/heketi/pkg/utils/ssh/ssh.go:176: Host: 192.168.48.12:22 Command: /bin/bash -c 'lvremove -f vg_403cca7edce115dc1c641acc2f5f11fb/tp_c09c6dcdc2884cb660e409a3f65ec6b5'
Result:   Logical volume "brick_c09c6dcdc2884cb660e409a3f65ec6b5" successfully removed
  Logical volume "tp_c09c6dcdc2884cb660e409a3f65ec6b5" successfully removed
[sshexec] DEBUG 2017/04/27 02:21:01 /src/github.com/heketi/heketi/pkg/utils/ssh/ssh.go:176: Host: 192.168.48.17:22 Command: /bin/bash -c 'lvremove -f vg_6c7ff8b53124baa86b5b789cd93274e1/tp_065d70098d0792fadb8985235dfbc8dc'
Result:   Logical volume "brick_065d70098d0792fadb8985235dfbc8dc" successfully removed
  Logical volume "tp_065d70098d0792fadb8985235dfbc8dc" successfully removed
[sshexec] DEBUG 2017/04/27 02:21:01 /src/github.com/heketi/heketi/pkg/utils/ssh/ssh.go:176: Host: 192.168.48.14:22 Command: /bin/bash -c 'rmdir /var/lib/heketi/mounts/vg_d72d3bd802d4e511a80ce2f16181289d/brick_f4a126b23f32b95613c2e5ada57285c6'
Result: 
[sshexec] DEBUG 2017/04/27 02:21:02 /src/github.com/heketi/heketi/pkg/utils/ssh/ssh.go:176: Host: 192.168.48.12:22 Command: /bin/bash -c 'rmdir /var/lib/heketi/mounts/vg_403cca7edce115dc1c641acc2f5f11fb/brick_c09c6dcdc2884cb660e409a3f65ec6b5'
Result: 
[sshexec] DEBUG 2017/04/27 02:21:02 /src/github.com/heketi/heketi/pkg/utils/ssh/ssh.go:176: Host: 192.168.48.17:22 Command: /bin/bash -c 'rmdir /var/lib/heketi/mounts/vg_6c7ff8b53124baa86b5b789cd93274e1/brick_065d70098d0792fadb8985235dfbc8dc'
Result: 
[sshexec] DEBUG 2017/04/27 02:21:02 /src/github.com/heketi/heketi/pkg/utils/ssh/ssh.go:176: Host: 192.168.48.14:22 Command: /bin/bash -c 'sed -i.save "/brick_f4a126b23f32b95613c2e5ada57285c6/d" /etc/fstab'
Result: 
[sshexec] DEBUG 2017/04/27 02:21:02 /src/github.com/heketi/heketi/pkg/utils/ssh/ssh.go:176: Host: 192.168.48.12:22 Command: /bin/bash -c 'sed -i.save "/brick_c09c6dcdc2884cb660e409a3f65ec6b5/d" /etc/fstab'
Result: 
[sshexec] DEBUG 2017/04/27 02:21:02 /src/github.com/heketi/heketi/pkg/utils/ssh/ssh.go:176: Host: 192.168.48.17:22 Command: /bin/bash -c 'sed -i.save "/brick_065d70098d0792fadb8985235dfbc8dc/d" /etc/fstab'
Result: 
[heketi] ERROR 2017/04/27 02:21:02 /src/github.com/heketi/heketi/apps/glusterfs/app_volume.go:148: Failed to create volume: volume create: vol_cd26743b2adebc73d7754779348fb808: failed: Host 192.168.48.14 is not in 'Peer in Cluster' state
[asynchttp] INFO 2017/04/27 02:21:02 Completed job 5699409ea1b8668fd163c6d394183421 in 3.563463043s
[negroni] Started GET /queue/5699409ea1b8668fd163c6d394183421
[negroni] Completed 500 Internal Server Error in 66.766µs
[negroni] Started POST /volumes
[negroni] Completed 202 Accepted in 17.103127ms
[asynchttp] INFO 2017/04/27 02:21:13 Started job 9f0624e8032b4f0c4d808c7ffc12a814
[heketi] INFO 2017/04/27 02:21:13 Creating volume e05095a2ac624685fb373d0b9293b954
[heketi] INFO 2017/04/27 02:21:13 brick_num: 0
[negroni] Started GET /queue/9f0624e8032b4f0c4d808c7ffc12a814
[negroni] Completed 200 OK in 198.897µs
[heketi] INFO 2017/04/27 02:21:13 Creating brick adeff65fb2fbe95c88aca864aadc4aee
[heketi] INFO 2017/04/27 02:21:13 Creating brick 7d77ac077779ac34d905d0f66b018064
[heketi] INFO 2017/04/27 02:21:13 Creating brick 26734af2d4e0e129b442c890f05fe170
[sshexec] DEBUG 2017/04/27 02:21:14 /src/github.com/heketi/heketi/pkg/utils/ssh/ssh.go:176: Host: 192.168.48.12:22 Command: /bin/bash -c 'mkdir -p /var/lib/heketi/mounts/vg_403cca7edce115dc1c641acc2f5f11fb/brick_7d77ac077779ac34d905d0f66b018064'
Result: 
[sshexec] DEBUG 2017/04/27 02:21:14 /src/github.com/heketi/heketi/pkg/utils/ssh/ssh.go:176: Host: 192.168.48.14:22 Command: /bin/bash -c 'mkdir -p /var/lib/heketi/mounts/vg_d72d3bd802d4e511a80ce2f16181289d/brick_adeff65fb2fbe95c88aca864aadc4aee'
Result: 
[sshexec] DEBUG 2017/04/27 02:21:14 /src/github.com/heketi/heketi/pkg/utils/ssh/ssh.go:176: Host: 192.168.48.17:22 Command: /bin/bash -c 'mkdir -p /var/lib/heketi/mounts/vg_6c7ff8b53124baa86b5b789cd93274e1/brick_26734af2d4e0e129b442c890f05fe170'
Result: 
[sshexec] DEBUG 2017/04/27 02:21:14 /src/github.com/heketi/heketi/pkg/utils/ssh/ssh.go:176: Host: 192.168.48.12:22 Command: /bin/bash -c 'lvcreate --poolmetadatasize 8192K -c 256K -L 1048576K -T vg_403cca7edce115dc1c641acc2f5f11fb/tp_7d77ac077779ac34d905d0f66b018064 -V 1048576K -n brick_7d77ac077779ac34d905d0f66b018064'
Result:   Logical volume "brick_7d77ac077779ac34d905d0f66b018064" created.
[sshexec] DEBUG 2017/04/27 02:21:14 /src/github.com/heketi/heketi/pkg/utils/ssh/ssh.go:176: Host: 192.168.48.14:22 Command: /bin/bash -c 'lvcreate --poolmetadatasize 8192K -c 256K -L 1048576K -T vg_d72d3bd802d4e511a80ce2f16181289d/tp_adeff65fb2fbe95c88aca864aadc4aee -V 1048576K -n brick_adeff65fb2fbe95c88aca864aadc4aee'
Result:   Logical volume "brick_adeff65fb2fbe95c88aca864aadc4aee" created.
[sshexec] DEBUG 2017/04/27 02:21:14 /src/github.com/heketi/heketi/pkg/utils/ssh/ssh.go:176: Host: 192.168.48.17:22 Command: /bin/bash -c 'lvcreate --poolmetadatasize 8192K -c 256K -L 1048576K -T vg_6c7ff8b53124baa86b5b789cd93274e1/tp_26734af2d4e0e129b442c890f05fe170 -V 1048576K -n brick_26734af2d4e0e129b442c890f05fe170'
Result:   Logical volume "brick_26734af2d4e0e129b442c890f05fe170" created.
[sshexec] DEBUG 2017/04/27 02:21:14 /src/github.com/heketi/heketi/pkg/utils/ssh/ssh.go:176: Host: 192.168.48.12:22 Command: /bin/bash -c 'mkfs.xfs -i size=512 -n size=8192 /dev/mapper/vg_403cca7edce115dc1c641acc2f5f11fb-brick_7d77ac077779ac34d905d0f66b018064'
Result: meta-data=/dev/mapper/vg_403cca7edce115dc1c641acc2f5f11fb-brick_7d77ac077779ac34d905d0f66b018064 isize=512    agcount=8, agsize=32704 blks
         =                       sectsz=4096  attr=2, projid32bit=1
         =                       crc=1        finobt=1, sparse=0
data     =                       bsize=4096   blocks=261632, imaxpct=25
         =                       sunit=64     swidth=64 blks
naming   =version 2              bsize=8192   ascii-ci=0 ftype=1
log      =internal log           bsize=4096   blocks=576, version=2
         =                       sectsz=4096  sunit=1 blks, lazy-count=1
realtime =none                   extsz=4096   blocks=0, rtextents=0
[negroni] Started GET /queue/9f0624e8032b4f0c4d808c7ffc12a814
[negroni] Completed 200 OK in 144.845µs
[sshexec] DEBUG 2017/04/27 02:21:14 /src/github.com/heketi/heketi/pkg/utils/ssh/ssh.go:176: Host: 192.168.48.12:22 Command: /bin/bash -c 'echo "/dev/mapper/vg_403cca7edce115dc1c641acc2f5f11fb-brick_7d77ac077779ac34d905d0f66b018064 /var/lib/heketi/mounts/vg_403cca7edce115dc1c641acc2f5f11fb/brick_7d77ac077779ac34d905d0f66b018064 xfs rw,inode64,noatime,nouuid 1 2" | tee -a /etc/fstab > /dev/null '
Result: 
[sshexec] DEBUG 2017/04/27 02:21:14 /src/github.com/heketi/heketi/pkg/utils/ssh/ssh.go:176: Host: 192.168.48.14:22 Command: /bin/bash -c 'mkfs.xfs -i size=512 -n size=8192 /dev/mapper/vg_d72d3bd802d4e511a80ce2f16181289d-brick_adeff65fb2fbe95c88aca864aadc4aee'
Result: meta-data=/dev/mapper/vg_d72d3bd802d4e511a80ce2f16181289d-brick_adeff65fb2fbe95c88aca864aadc4aee isize=512    agcount=8, agsize=32704 blks
         =                       sectsz=512   attr=2, projid32bit=1
         =                       crc=1        finobt=1, sparse=0
data     =                       bsize=4096   blocks=261632, imaxpct=25
         =                       sunit=64     swidth=64 blks
naming   =version 2              bsize=8192   ascii-ci=0 ftype=1
log      =internal log           bsize=4096   blocks=1728, version=2
         =                       sectsz=512   sunit=64 blks, lazy-count=1
realtime =none                   extsz=4096   blocks=0, rtextents=0
[sshexec] DEBUG 2017/04/27 02:21:14 /src/github.com/heketi/heketi/pkg/utils/ssh/ssh.go:176: Host: 192.168.48.14:22 Command: /bin/bash -c 'echo "/dev/mapper/vg_d72d3bd802d4e511a80ce2f16181289d-brick_adeff65fb2fbe95c88aca864aadc4aee /var/lib/heketi/mounts/vg_d72d3bd802d4e511a80ce2f16181289d/brick_adeff65fb2fbe95c88aca864aadc4aee xfs rw,inode64,noatime,nouuid 1 2" | tee -a /etc/fstab > /dev/null '
Result: 
[sshexec] DEBUG 2017/04/27 02:21:15 /src/github.com/heketi/heketi/pkg/utils/ssh/ssh.go:176: Host: 192.168.48.12:22 Command: /bin/bash -c 'mount -o rw,inode64,noatime,nouuid /dev/mapper/vg_403cca7edce115dc1c641acc2f5f11fb-brick_7d77ac077779ac34d905d0f66b018064 /var/lib/heketi/mounts/vg_403cca7edce115dc1c641acc2f5f11fb/brick_7d77ac077779ac34d905d0f66b018064'
Result: 
[sshexec] DEBUG 2017/04/27 02:21:15 /src/github.com/heketi/heketi/pkg/utils/ssh/ssh.go:176: Host: 192.168.48.12:22 Command: /bin/bash -c 'mkdir /var/lib/heketi/mounts/vg_403cca7edce115dc1c641acc2f5f11fb/brick_7d77ac077779ac34d905d0f66b018064/brick'
Result: 
[sshexec] DEBUG 2017/04/27 02:21:15 /src/github.com/heketi/heketi/pkg/utils/ssh/ssh.go:176: Host: 192.168.48.12:22 Command: /bin/bash -c 'chown :2000 /var/lib/heketi/mounts/vg_403cca7edce115dc1c641acc2f5f11fb/brick_7d77ac077779ac34d905d0f66b018064/brick'
Result: 
[sshexec] DEBUG 2017/04/27 02:21:15 /src/github.com/heketi/heketi/pkg/utils/ssh/ssh.go:176: Host: 192.168.48.17:22 Command: /bin/bash -c 'mkfs.xfs -i size=512 -n size=8192 /dev/mapper/vg_6c7ff8b53124baa86b5b789cd93274e1-brick_26734af2d4e0e129b442c890f05fe170'
Result: meta-data=/dev/mapper/vg_6c7ff8b53124baa86b5b789cd93274e1-brick_26734af2d4e0e129b442c890f05fe170 isize=512    agcount=8, agsize=32704 blks
         =                       sectsz=512   attr=2, projid32bit=1
         =                       crc=1        finobt=1, sparse=0
data     =                       bsize=4096   blocks=261632, imaxpct=25
         =                       sunit=64     swidth=64 blks
naming   =version 2              bsize=8192   ascii-ci=0 ftype=1
log      =internal log           bsize=4096   blocks=1728, version=2
         =                       sectsz=512   sunit=64 blks, lazy-count=1
realtime =none                   extsz=4096   blocks=0, rtextents=0
[sshexec] DEBUG 2017/04/27 02:21:15 /src/github.com/heketi/heketi/pkg/utils/ssh/ssh.go:176: Host: 192.168.48.17:22 Command: /bin/bash -c 'echo "/dev/mapper/vg_6c7ff8b53124baa86b5b789cd93274e1-brick_26734af2d4e0e129b442c890f05fe170 /var/lib/heketi/mounts/vg_6c7ff8b53124baa86b5b789cd93274e1/brick_26734af2d4e0e129b442c890f05fe170 xfs rw,inode64,noatime,nouuid 1 2" | tee -a /etc/fstab > /dev/null '
Result: 
[sshexec] DEBUG 2017/04/27 02:21:15 /src/github.com/heketi/heketi/pkg/utils/ssh/ssh.go:176: Host: 192.168.48.12:22 Command: /bin/bash -c 'chmod 2775 /var/lib/heketi/mounts/vg_403cca7edce115dc1c641acc2f5f11fb/brick_7d77ac077779ac34d905d0f66b018064/brick'
Result: 
[sshexec] DEBUG 2017/04/27 02:21:15 /src/github.com/heketi/heketi/pkg/utils/ssh/ssh.go:176: Host: 192.168.48.14:22 Command: /bin/bash -c 'mount -o rw,inode64,noatime,nouuid /dev/mapper/vg_d72d3bd802d4e511a80ce2f16181289d-brick_adeff65fb2fbe95c88aca864aadc4aee /var/lib/heketi/mounts/vg_d72d3bd802d4e511a80ce2f16181289d/brick_adeff65fb2fbe95c88aca864aadc4aee'
Result: 
[sshexec] DEBUG 2017/04/27 02:21:15 /src/github.com/heketi/heketi/pkg/utils/ssh/ssh.go:176: Host: 192.168.48.14:22 Command: /bin/bash -c 'mkdir /var/lib/heketi/mounts/vg_d72d3bd802d4e511a80ce2f16181289d/brick_adeff65fb2fbe95c88aca864aadc4aee/brick'
Result: 
[sshexec] DEBUG 2017/04/27 02:21:15 /src/github.com/heketi/heketi/pkg/utils/ssh/ssh.go:176: Host: 192.168.48.14:22 Command: /bin/bash -c 'chown :2000 /var/lib/heketi/mounts/vg_d72d3bd802d4e511a80ce2f16181289d/brick_adeff65fb2fbe95c88aca864aadc4aee/brick'
Result: 
[sshexec] DEBUG 2017/04/27 02:21:15 /src/github.com/heketi/heketi/pkg/utils/ssh/ssh.go:176: Host: 192.168.48.14:22 Command: /bin/bash -c 'chmod 2775 /var/lib/heketi/mounts/vg_d72d3bd802d4e511a80ce2f16181289d/brick_adeff65fb2fbe95c88aca864aadc4aee/brick'
Result: 
[sshexec] DEBUG 2017/04/27 02:21:15 /src/github.com/heketi/heketi/pkg/utils/ssh/ssh.go:176: Host: 192.168.48.17:22 Command: /bin/bash -c 'mount -o rw,inode64,noatime,nouuid /dev/mapper/vg_6c7ff8b53124baa86b5b789cd93274e1-brick_26734af2d4e0e129b442c890f05fe170 /var/lib/heketi/mounts/vg_6c7ff8b53124baa86b5b789cd93274e1/brick_26734af2d4e0e129b442c890f05fe170'
Result: 
[sshexec] DEBUG 2017/04/27 02:21:15 /src/github.com/heketi/heketi/pkg/utils/ssh/ssh.go:176: Host: 192.168.48.17:22 Command: /bin/bash -c 'mkdir /var/lib/heketi/mounts/vg_6c7ff8b53124baa86b5b789cd93274e1/brick_26734af2d4e0e129b442c890f05fe170/brick'
Result: 
[sshexec] DEBUG 2017/04/27 02:21:15 /src/github.com/heketi/heketi/pkg/utils/ssh/ssh.go:176: Host: 192.168.48.17:22 Command: /bin/bash -c 'chown :2000 /var/lib/heketi/mounts/vg_6c7ff8b53124baa86b5b789cd93274e1/brick_26734af2d4e0e129b442c890f05fe170/brick'
Result: 
[sshexec] DEBUG 2017/04/27 02:21:15 /src/github.com/heketi/heketi/pkg/utils/ssh/ssh.go:176: Host: 192.168.48.17:22 Command: /bin/bash -c 'chmod 2775 /var/lib/heketi/mounts/vg_6c7ff8b53124baa86b5b789cd93274e1/brick_26734af2d4e0e129b442c890f05fe170/brick'
Result: 
[sshexec] INFO 2017/04/27 02:21:15 Creating volume vol_e05095a2ac624685fb373d0b9293b954 replica 3
[sshexec] ERROR 2017/04/27 02:21:15 /src/github.com/heketi/heketi/pkg/utils/ssh/ssh.go:173: Failed to run command [/bin/bash -c 'gluster --mode=script volume create vol_e05095a2ac624685fb373d0b9293b954 replica 3 192.168.48.17:/var/lib/heketi/mounts/vg_6c7ff8b53124baa86b5b789cd93274e1/brick_26734af2d4e0e129b442c890f05fe170/brick 192.168.48.14:/var/lib/heketi/mounts/vg_d72d3bd802d4e511a80ce2f16181289d/brick_adeff65fb2fbe95c88aca864aadc4aee/brick 192.168.48.12:/var/lib/heketi/mounts/vg_403cca7edce115dc1c641acc2f5f11fb/brick_7d77ac077779ac34d905d0f66b018064/brick '] on 192.168.48.17:22: Err[Process exited with: 1. Reason was:  ()]: Stdout []: Stderr [volume create: vol_e05095a2ac624685fb373d0b9293b954: failed: Host 192.168.48.14 is not in 'Peer in Cluster' state
]
[negroni] Started GET /queue/9f0624e8032b4f0c4d808c7ffc12a814
[negroni] Completed 200 OK in 75.211µs
[sshexec] ERROR 2017/04/27 02:21:16 /src/github.com/heketi/heketi/pkg/utils/ssh/ssh.go:173: Failed to run command [/bin/bash -c 'gluster --mode=script volume stop vol_e05095a2ac624685fb373d0b9293b954 force'] on 192.168.48.17:22: Err[Process exited with: 1. Reason was:  ()]: Stdout []: Stderr [volume stop: vol_e05095a2ac624685fb373d0b9293b954: failed: Volume vol_e05095a2ac624685fb373d0b9293b954 does not exist
]
[sshexec] ERROR 2017/04/27 02:21:16 /src/github.com/heketi/heketi/executors/sshexec/volume.go:130: Unable to stop volume vol_e05095a2ac624685fb373d0b9293b954: volume stop: vol_e05095a2ac624685fb373d0b9293b954: failed: Volume vol_e05095a2ac624685fb373d0b9293b954 does not exist
[sshexec] ERROR 2017/04/27 02:21:16 /src/github.com/heketi/heketi/pkg/utils/ssh/ssh.go:173: Failed to run command [/bin/bash -c 'gluster --mode=script volume delete vol_e05095a2ac624685fb373d0b9293b954'] on 192.168.48.17:22: Err[Process exited with: 1. Reason was:  ()]: Stdout []: Stderr [volume delete: vol_e05095a2ac624685fb373d0b9293b954: failed: Volume vol_e05095a2ac624685fb373d0b9293b954 does not exist
]
[sshexec] ERROR 2017/04/27 02:21:16 /src/github.com/heketi/heketi/executors/sshexec/volume.go:139: Unable to delete volume vol_e05095a2ac624685fb373d0b9293b954: volume delete: vol_e05095a2ac624685fb373d0b9293b954: failed: Volume vol_e05095a2ac624685fb373d0b9293b954 does not exist
[heketi] INFO 2017/04/27 02:21:16 Deleting brick 26734af2d4e0e129b442c890f05fe170
[heketi] INFO 2017/04/27 02:21:16 Deleting brick adeff65fb2fbe95c88aca864aadc4aee
[heketi] INFO 2017/04/27 02:21:16 Deleting brick 7d77ac077779ac34d905d0f66b018064
[sshexec] DEBUG 2017/04/27 02:21:16 /src/github.com/heketi/heketi/pkg/utils/ssh/ssh.go:176: Host: 192.168.48.12:22 Command: /bin/bash -c 'umount /var/lib/heketi/mounts/vg_403cca7edce115dc1c641acc2f5f11fb/brick_7d77ac077779ac34d905d0f66b018064'
Result: 
[sshexec] DEBUG 2017/04/27 02:21:16 /src/github.com/heketi/heketi/pkg/utils/ssh/ssh.go:176: Host: 192.168.48.17:22 Command: /bin/bash -c 'umount /var/lib/heketi/mounts/vg_6c7ff8b53124baa86b5b789cd93274e1/brick_26734af2d4e0e129b442c890f05fe170'
Result: 
[sshexec] DEBUG 2017/04/27 02:21:16 /src/github.com/heketi/heketi/pkg/utils/ssh/ssh.go:176: Host: 192.168.48.14:22 Command: /bin/bash -c 'umount /var/lib/heketi/mounts/vg_d72d3bd802d4e511a80ce2f16181289d/brick_adeff65fb2fbe95c88aca864aadc4aee'
Result: 
[negroni] Started GET /queue/9f0624e8032b4f0c4d808c7ffc12a814
[negroni] Completed 200 OK in 68.226µs
[sshexec] DEBUG 2017/04/27 02:21:17 /src/github.com/heketi/heketi/pkg/utils/ssh/ssh.go:176: Host: 192.168.48.17:22 Command: /bin/bash -c 'lvremove -f vg_6c7ff8b53124baa86b5b789cd93274e1/tp_26734af2d4e0e129b442c890f05fe170'
Result:   Logical volume "brick_26734af2d4e0e129b442c890f05fe170" successfully removed
  Logical volume "tp_26734af2d4e0e129b442c890f05fe170" successfully removed
[sshexec] DEBUG 2017/04/27 02:21:17 /src/github.com/heketi/heketi/pkg/utils/ssh/ssh.go:176: Host: 192.168.48.14:22 Command: /bin/bash -c 'lvremove -f vg_d72d3bd802d4e511a80ce2f16181289d/tp_adeff65fb2fbe95c88aca864aadc4aee'
Result:   Logical volume "brick_adeff65fb2fbe95c88aca864aadc4aee" successfully removed
  Logical volume "tp_adeff65fb2fbe95c88aca864aadc4aee" successfully removed
[sshexec] DEBUG 2017/04/27 02:21:17 /src/github.com/heketi/heketi/pkg/utils/ssh/ssh.go:176: Host: 192.168.48.12:22 Command: /bin/bash -c 'lvremove -f vg_403cca7edce115dc1c641acc2f5f11fb/tp_7d77ac077779ac34d905d0f66b018064'
Result:   Logical volume "brick_7d77ac077779ac34d905d0f66b018064" successfully removed
  Logical volume "tp_7d77ac077779ac34d905d0f66b018064" successfully removed
[sshexec] DEBUG 2017/04/27 02:21:17 /src/github.com/heketi/heketi/pkg/utils/ssh/ssh.go:176: Host: 192.168.48.12:22 Command: /bin/bash -c 'rmdir /var/lib/heketi/mounts/vg_403cca7edce115dc1c641acc2f5f11fb/brick_7d77ac077779ac34d905d0f66b018064'
Result: 
[sshexec] DEBUG 2017/04/27 02:21:17 /src/github.com/heketi/heketi/pkg/utils/ssh/ssh.go:176: Host: 192.168.48.14:22 Command: /bin/bash -c 'rmdir /var/lib/heketi/mounts/vg_d72d3bd802d4e511a80ce2f16181289d/brick_adeff65fb2fbe95c88aca864aadc4aee'
Result: 
[sshexec] DEBUG 2017/04/27 02:21:17 /src/github.com/heketi/heketi/pkg/utils/ssh/ssh.go:176: Host: 192.168.48.17:22 Command: /bin/bash -c 'rmdir /var/lib/heketi/mounts/vg_6c7ff8b53124baa86b5b789cd93274e1/brick_26734af2d4e0e129b442c890f05fe170'
Result: 
[sshexec] DEBUG 2017/04/27 02:21:17 /src/github.com/heketi/heketi/pkg/utils/ssh/ssh.go:176: Host: 192.168.48.12:22 Command: /bin/bash -c 'sed -i.save "/brick_7d77ac077779ac34d905d0f66b018064/d" /etc/fstab'
Result: 
[sshexec] DEBUG 2017/04/27 02:21:17 /src/github.com/heketi/heketi/pkg/utils/ssh/ssh.go:176: Host: 192.168.48.14:22 Command: /bin/bash -c 'sed -i.save "/brick_adeff65fb2fbe95c88aca864aadc4aee/d" /etc/fstab'
Result: 
[sshexec] DEBUG 2017/04/27 02:21:17 /src/github.com/heketi/heketi/pkg/utils/ssh/ssh.go:176: Host: 192.168.48.17:22 Command: /bin/bash -c 'sed -i.save "/brick_26734af2d4e0e129b442c890f05fe170/d" /etc/fstab'
Result: 
[heketi] ERROR 2017/04/27 02:21:17 /src/github.com/heketi/heketi/apps/glusterfs/app_volume.go:148: Failed to create volume: volume create: vol_e05095a2ac624685fb373d0b9293b954: failed: Host 192.168.48.14 is not in 'Peer in Cluster' state
[asynchttp] INFO 2017/04/27 02:21:17 Completed job 9f0624e8032b4f0c4d808c7ffc12a814 in 3.94322082s
[negroni] Started GET /queue/9f0624e8032b4f0c4d808c7ffc12a814
[negroni] Completed 500 Internal Server Error in 65.331µs
[negroni] Started POST /volumes
[negroni] Completed 202 Accepted in 20.049734ms
[asynchttp] INFO 2017/04/27 02:21:28 Started job ea5e76faab7907bce64a54d6f2b62091
[heketi] INFO 2017/04/27 02:21:28 Creating volume 37cbe9f4718c68eb13e924ab4d32138e
[heketi] INFO 2017/04/27 02:21:28 brick_num: 0
[negroni] Started GET /queue/ea5e76faab7907bce64a54d6f2b62091
[negroni] Completed 200 OK in 2.419734ms
[heketi] INFO 2017/04/27 02:21:28 Creating brick 78526258a714e878cf8f04bf9f30ae2c
[heketi] INFO 2017/04/27 02:21:28 Creating brick c432be7a83c0b1f70f2125087c9e4cb6
[heketi] INFO 2017/04/27 02:21:28 Creating brick 453657f267537b70d62e3473520e29be
[sshexec] DEBUG 2017/04/27 02:21:29 /src/github.com/heketi/heketi/pkg/utils/ssh/ssh.go:176: Host: 192.168.48.12:22 Command: /bin/bash -c 'mkdir -p /var/lib/heketi/mounts/vg_403cca7edce115dc1c641acc2f5f11fb/brick_c432be7a83c0b1f70f2125087c9e4cb6'
Result: 
[sshexec] DEBUG 2017/04/27 02:21:29 /src/github.com/heketi/heketi/pkg/utils/ssh/ssh.go:176: Host: 192.168.48.14:22 Command: /bin/bash -c 'mkdir -p /var/lib/heketi/mounts/vg_d72d3bd802d4e511a80ce2f16181289d/brick_453657f267537b70d62e3473520e29be'
Result: 
[sshexec] DEBUG 2017/04/27 02:21:29 /src/github.com/heketi/heketi/pkg/utils/ssh/ssh.go:176: Host: 192.168.48.17:22 Command: /bin/bash -c 'mkdir -p /var/lib/heketi/mounts/vg_6c7ff8b53124baa86b5b789cd93274e1/brick_78526258a714e878cf8f04bf9f30ae2c'
Result: 
[sshexec] DEBUG 2017/04/27 02:21:29 /src/github.com/heketi/heketi/pkg/utils/ssh/ssh.go:176: Host: 192.168.48.12:22 Command: /bin/bash -c 'lvcreate --poolmetadatasize 8192K -c 256K -L 1048576K -T vg_403cca7edce115dc1c641acc2f5f11fb/tp_c432be7a83c0b1f70f2125087c9e4cb6 -V 1048576K -n brick_c432be7a83c0b1f70f2125087c9e4cb6'
Result:   Logical volume "brick_c432be7a83c0b1f70f2125087c9e4cb6" created.
[sshexec] DEBUG 2017/04/27 02:21:29 /src/github.com/heketi/heketi/pkg/utils/ssh/ssh.go:176: Host: 192.168.48.17:22 Command: /bin/bash -c 'lvcreate --poolmetadatasize 8192K -c 256K -L 1048576K -T vg_6c7ff8b53124baa86b5b789cd93274e1/tp_78526258a714e878cf8f04bf9f30ae2c -V 1048576K -n brick_78526258a714e878cf8f04bf9f30ae2c'
Result:   Logical volume "brick_78526258a714e878cf8f04bf9f30ae2c" created.
[sshexec] DEBUG 2017/04/27 02:21:29 /src/github.com/heketi/heketi/pkg/utils/ssh/ssh.go:176: Host: 192.168.48.14:22 Command: /bin/bash -c 'lvcreate --poolmetadatasize 8192K -c 256K -L 1048576K -T vg_d72d3bd802d4e511a80ce2f16181289d/tp_453657f267537b70d62e3473520e29be -V 1048576K -n brick_453657f267537b70d62e3473520e29be'
Result:   Logical volume "brick_453657f267537b70d62e3473520e29be" created.
[sshexec] DEBUG 2017/04/27 02:21:29 /src/github.com/heketi/heketi/pkg/utils/ssh/ssh.go:176: Host: 192.168.48.12:22 Command: /bin/bash -c 'mkfs.xfs -i size=512 -n size=8192 /dev/mapper/vg_403cca7edce115dc1c641acc2f5f11fb-brick_c432be7a83c0b1f70f2125087c9e4cb6'
Result: meta-data=/dev/mapper/vg_403cca7edce115dc1c641acc2f5f11fb-brick_c432be7a83c0b1f70f2125087c9e4cb6 isize=512    agcount=8, agsize=32704 blks
         =                       sectsz=4096  attr=2, projid32bit=1
         =                       crc=1        finobt=1, sparse=0
data     =                       bsize=4096   blocks=261632, imaxpct=25
         =                       sunit=64     swidth=64 blks
naming   =version 2              bsize=8192   ascii-ci=0 ftype=1
log      =internal log           bsize=4096   blocks=576, version=2
         =                       sectsz=4096  sunit=1 blks, lazy-count=1
realtime =none                   extsz=4096   blocks=0, rtextents=0
[sshexec] DEBUG 2017/04/27 02:21:29 /src/github.com/heketi/heketi/pkg/utils/ssh/ssh.go:176: Host: 192.168.48.12:22 Command: /bin/bash -c 'echo "/dev/mapper/vg_403cca7edce115dc1c641acc2f5f11fb-brick_c432be7a83c0b1f70f2125087c9e4cb6 /var/lib/heketi/mounts/vg_403cca7edce115dc1c641acc2f5f11fb/brick_c432be7a83c0b1f70f2125087c9e4cb6 xfs rw,inode64,noatime,nouuid 1 2" | tee -a /etc/fstab > /dev/null '
Result: 
[negroni] Started GET /queue/ea5e76faab7907bce64a54d6f2b62091
[negroni] Completed 200 OK in 81.397µs
[sshexec] DEBUG 2017/04/27 02:21:29 /src/github.com/heketi/heketi/pkg/utils/ssh/ssh.go:176: Host: 192.168.48.17:22 Command: /bin/bash -c 'mkfs.xfs -i size=512 -n size=8192 /dev/mapper/vg_6c7ff8b53124baa86b5b789cd93274e1-brick_78526258a714e878cf8f04bf9f30ae2c'
Result: meta-data=/dev/mapper/vg_6c7ff8b53124baa86b5b789cd93274e1-brick_78526258a714e878cf8f04bf9f30ae2c isize=512    agcount=8, agsize=32704 blks
         =                       sectsz=512   attr=2, projid32bit=1
         =                       crc=1        finobt=1, sparse=0
data     =                       bsize=4096   blocks=261632, imaxpct=25
         =                       sunit=64     swidth=64 blks
naming   =version 2              bsize=8192   ascii-ci=0 ftype=1
log      =internal log           bsize=4096   blocks=1728, version=2
         =                       sectsz=512   sunit=64 blks, lazy-count=1
realtime =none                   extsz=4096   blocks=0, rtextents=0
[sshexec] DEBUG 2017/04/27 02:21:29 /src/github.com/heketi/heketi/pkg/utils/ssh/ssh.go:176: Host: 192.168.48.17:22 Command: /bin/bash -c 'echo "/dev/mapper/vg_6c7ff8b53124baa86b5b789cd93274e1-brick_78526258a714e878cf8f04bf9f30ae2c /var/lib/heketi/mounts/vg_6c7ff8b53124baa86b5b789cd93274e1/brick_78526258a714e878cf8f04bf9f30ae2c xfs rw,inode64,noatime,nouuid 1 2" | tee -a /etc/fstab > /dev/null '
Result: 
[sshexec] DEBUG 2017/04/27 02:21:29 /src/github.com/heketi/heketi/pkg/utils/ssh/ssh.go:176: Host: 192.168.48.14:22 Command: /bin/bash -c 'mkfs.xfs -i size=512 -n size=8192 /dev/mapper/vg_d72d3bd802d4e511a80ce2f16181289d-brick_453657f267537b70d62e3473520e29be'
Result: meta-data=/dev/mapper/vg_d72d3bd802d4e511a80ce2f16181289d-brick_453657f267537b70d62e3473520e29be isize=512    agcount=8, agsize=32704 blks
         =                       sectsz=512   attr=2, projid32bit=1
         =                       crc=1        finobt=1, sparse=0
data     =                       bsize=4096   blocks=261632, imaxpct=25
         =                       sunit=64     swidth=64 blks
naming   =version 2              bsize=8192   ascii-ci=0 ftype=1
log      =internal log           bsize=4096   blocks=1728, version=2
         =                       sectsz=512   sunit=64 blks, lazy-count=1
realtime =none                   extsz=4096   blocks=0, rtextents=0
[sshexec] DEBUG 2017/04/27 02:21:29 /src/github.com/heketi/heketi/pkg/utils/ssh/ssh.go:176: Host: 192.168.48.14:22 Command: /bin/bash -c 'echo "/dev/mapper/vg_d72d3bd802d4e511a80ce2f16181289d-brick_453657f267537b70d62e3473520e29be /var/lib/heketi/mounts/vg_d72d3bd802d4e511a80ce2f16181289d/brick_453657f267537b70d62e3473520e29be xfs rw,inode64,noatime,nouuid 1 2" | tee -a /etc/fstab > /dev/null '
Result: 
[sshexec] DEBUG 2017/04/27 02:21:29 /src/github.com/heketi/heketi/pkg/utils/ssh/ssh.go:176: Host: 192.168.48.12:22 Command: /bin/bash -c 'mount -o rw,inode64,noatime,nouuid /dev/mapper/vg_403cca7edce115dc1c641acc2f5f11fb-brick_c432be7a83c0b1f70f2125087c9e4cb6 /var/lib/heketi/mounts/vg_403cca7edce115dc1c641acc2f5f11fb/brick_c432be7a83c0b1f70f2125087c9e4cb6'
Result: 
[sshexec] DEBUG 2017/04/27 02:21:30 /src/github.com/heketi/heketi/pkg/utils/ssh/ssh.go:176: Host: 192.168.48.12:22 Command: /bin/bash -c 'mkdir /var/lib/heketi/mounts/vg_403cca7edce115dc1c641acc2f5f11fb/brick_c432be7a83c0b1f70f2125087c9e4cb6/brick'
Result: 
[sshexec] DEBUG 2017/04/27 02:21:30 /src/github.com/heketi/heketi/pkg/utils/ssh/ssh.go:176: Host: 192.168.48.12:22 Command: /bin/bash -c 'chown :2000 /var/lib/heketi/mounts/vg_403cca7edce115dc1c641acc2f5f11fb/brick_c432be7a83c0b1f70f2125087c9e4cb6/brick'
Result: 
[sshexec] DEBUG 2017/04/27 02:21:30 /src/github.com/heketi/heketi/pkg/utils/ssh/ssh.go:176: Host: 192.168.48.12:22 Command: /bin/bash -c 'chmod 2775 /var/lib/heketi/mounts/vg_403cca7edce115dc1c641acc2f5f11fb/brick_c432be7a83c0b1f70f2125087c9e4cb6/brick'
Result: 
[sshexec] DEBUG 2017/04/27 02:21:30 /src/github.com/heketi/heketi/pkg/utils/ssh/ssh.go:176: Host: 192.168.48.17:22 Command: /bin/bash -c 'mount -o rw,inode64,noatime,nouuid /dev/mapper/vg_6c7ff8b53124baa86b5b789cd93274e1-brick_78526258a714e878cf8f04bf9f30ae2c /var/lib/heketi/mounts/vg_6c7ff8b53124baa86b5b789cd93274e1/brick_78526258a714e878cf8f04bf9f30ae2c'
Result: 
[sshexec] DEBUG 2017/04/27 02:21:30 /src/github.com/heketi/heketi/pkg/utils/ssh/ssh.go:176: Host: 192.168.48.17:22 Command: /bin/bash -c 'mkdir /var/lib/heketi/mounts/vg_6c7ff8b53124baa86b5b789cd93274e1/brick_78526258a714e878cf8f04bf9f30ae2c/brick'
Result: 
[sshexec] DEBUG 2017/04/27 02:21:30 /src/github.com/heketi/heketi/pkg/utils/ssh/ssh.go:176: Host: 192.168.48.17:22 Command: /bin/bash -c 'chown :2000 /var/lib/heketi/mounts/vg_6c7ff8b53124baa86b5b789cd93274e1/brick_78526258a714e878cf8f04bf9f30ae2c/brick'
Result: 
[sshexec] DEBUG 2017/04/27 02:21:30 /src/github.com/heketi/heketi/pkg/utils/ssh/ssh.go:176: Host: 192.168.48.17:22 Command: /bin/bash -c 'chmod 2775 /var/lib/heketi/mounts/vg_6c7ff8b53124baa86b5b789cd93274e1/brick_78526258a714e878cf8f04bf9f30ae2c/brick'
Result: 
[sshexec] DEBUG 2017/04/27 02:21:30 /src/github.com/heketi/heketi/pkg/utils/ssh/ssh.go:176: Host: 192.168.48.14:22 Command: /bin/bash -c 'mount -o rw,inode64,noatime,nouuid /dev/mapper/vg_d72d3bd802d4e511a80ce2f16181289d-brick_453657f267537b70d62e3473520e29be /var/lib/heketi/mounts/vg_d72d3bd802d4e511a80ce2f16181289d/brick_453657f267537b70d62e3473520e29be'
Result: 
[sshexec] DEBUG 2017/04/27 02:21:30 /src/github.com/heketi/heketi/pkg/utils/ssh/ssh.go:176: Host: 192.168.48.14:22 Command: /bin/bash -c 'mkdir /var/lib/heketi/mounts/vg_d72d3bd802d4e511a80ce2f16181289d/brick_453657f267537b70d62e3473520e29be/brick'
Result: 
[sshexec] DEBUG 2017/04/27 02:21:30 /src/github.com/heketi/heketi/pkg/utils/ssh/ssh.go:176: Host: 192.168.48.14:22 Command: /bin/bash -c 'chown :2000 /var/lib/heketi/mounts/vg_d72d3bd802d4e511a80ce2f16181289d/brick_453657f267537b70d62e3473520e29be/brick'
Result: 
[sshexec] DEBUG 2017/04/27 02:21:30 /src/github.com/heketi/heketi/pkg/utils/ssh/ssh.go:176: Host: 192.168.48.14:22 Command: /bin/bash -c 'chmod 2775 /var/lib/heketi/mounts/vg_d72d3bd802d4e511a80ce2f16181289d/brick_453657f267537b70d62e3473520e29be/brick'
Result: 
[sshexec] INFO 2017/04/27 02:21:30 Creating volume vol_37cbe9f4718c68eb13e924ab4d32138e replica 3
[sshexec] ERROR 2017/04/27 02:21:30 /src/github.com/heketi/heketi/pkg/utils/ssh/ssh.go:173: Failed to run command [/bin/bash -c 'gluster --mode=script volume create vol_37cbe9f4718c68eb13e924ab4d32138e replica 3 192.168.48.17:/var/lib/heketi/mounts/vg_6c7ff8b53124baa86b5b789cd93274e1/brick_78526258a714e878cf8f04bf9f30ae2c/brick 192.168.48.14:/var/lib/heketi/mounts/vg_d72d3bd802d4e511a80ce2f16181289d/brick_453657f267537b70d62e3473520e29be/brick 192.168.48.12:/var/lib/heketi/mounts/vg_403cca7edce115dc1c641acc2f5f11fb/brick_c432be7a83c0b1f70f2125087c9e4cb6/brick '] on 192.168.48.17:22: Err[Process exited with: 1. Reason was:  ()]: Stdout []: Stderr [volume create: vol_37cbe9f4718c68eb13e924ab4d32138e: failed: Host 192.168.48.14 is not in 'Peer in Cluster' state
]
[negroni] Started GET /queue/ea5e76faab7907bce64a54d6f2b62091
[negroni] Completed 200 OK in 79.128µs
[sshexec] ERROR 2017/04/27 02:21:31 /src/github.com/heketi/heketi/pkg/utils/ssh/ssh.go:173: Failed to run command [/bin/bash -c 'gluster --mode=script volume stop vol_37cbe9f4718c68eb13e924ab4d32138e force'] on 192.168.48.17:22: Err[Process exited with: 1. Reason was:  ()]: Stdout []: Stderr [volume stop: vol_37cbe9f4718c68eb13e924ab4d32138e: failed: Volume vol_37cbe9f4718c68eb13e924ab4d32138e does not exist
]
[sshexec] ERROR 2017/04/27 02:21:31 /src/github.com/heketi/heketi/executors/sshexec/volume.go:130: Unable to stop volume vol_37cbe9f4718c68eb13e924ab4d32138e: volume stop: vol_37cbe9f4718c68eb13e924ab4d32138e: failed: Volume vol_37cbe9f4718c68eb13e924ab4d32138e does not exist
[heketi] INFO 2017/04/27 02:21:31 Deleting brick 78526258a714e878cf8f04bf9f30ae2c
[heketi] INFO 2017/04/27 02:21:31 Deleting brick c432be7a83c0b1f70f2125087c9e4cb6
[heketi] INFO 2017/04/27 02:21:31 Deleting brick 453657f267537b70d62e3473520e29be
[sshexec] ERROR 2017/04/27 02:21:31 /src/github.com/heketi/heketi/pkg/utils/ssh/ssh.go:173: Failed to run command [/bin/bash -c 'gluster --mode=script volume delete vol_37cbe9f4718c68eb13e924ab4d32138e'] on 192.168.48.17:22: Err[Process exited with: 1. Reason was:  ()]: Stdout []: Stderr [volume delete: vol_37cbe9f4718c68eb13e924ab4d32138e: failed: Volume vol_37cbe9f4718c68eb13e924ab4d32138e does not exist
]
[sshexec] ERROR 2017/04/27 02:21:31 /src/github.com/heketi/heketi/executors/sshexec/volume.go:139: Unable to delete volume vol_37cbe9f4718c68eb13e924ab4d32138e: volume delete: vol_37cbe9f4718c68eb13e924ab4d32138e: failed: Volume vol_37cbe9f4718c68eb13e924ab4d32138e does not exist
[sshexec] DEBUG 2017/04/27 02:21:31 /src/github.com/heketi/heketi/pkg/utils/ssh/ssh.go:176: Host: 192.168.48.12:22 Command: /bin/bash -c 'umount /var/lib/heketi/mounts/vg_403cca7edce115dc1c641acc2f5f11fb/brick_c432be7a83c0b1f70f2125087c9e4cb6'
Result: 
[sshexec] DEBUG 2017/04/27 02:21:31 /src/github.com/heketi/heketi/pkg/utils/ssh/ssh.go:176: Host: 192.168.48.17:22 Command: /bin/bash -c 'umount /var/lib/heketi/mounts/vg_6c7ff8b53124baa86b5b789cd93274e1/brick_78526258a714e878cf8f04bf9f30ae2c'
Result: 
[sshexec] DEBUG 2017/04/27 02:21:31 /src/github.com/heketi/heketi/pkg/utils/ssh/ssh.go:176: Host: 192.168.48.14:22 Command: /bin/bash -c 'umount /var/lib/heketi/mounts/vg_d72d3bd802d4e511a80ce2f16181289d/brick_453657f267537b70d62e3473520e29be'
Result: 
[negroni] Started GET /queue/ea5e76faab7907bce64a54d6f2b62091
[negroni] Completed 200 OK in 66.768µs
[sshexec] DEBUG 2017/04/27 02:21:32 /src/github.com/heketi/heketi/pkg/utils/ssh/ssh.go:176: Host: 192.168.48.17:22 Command: /bin/bash -c 'lvremove -f vg_6c7ff8b53124baa86b5b789cd93274e1/tp_78526258a714e878cf8f04bf9f30ae2c'
Result:   Logical volume "brick_78526258a714e878cf8f04bf9f30ae2c" successfully removed
  Logical volume "tp_78526258a714e878cf8f04bf9f30ae2c" successfully removed
[sshexec] DEBUG 2017/04/27 02:21:32 /src/github.com/heketi/heketi/pkg/utils/ssh/ssh.go:176: Host: 192.168.48.14:22 Command: /bin/bash -c 'lvremove -f vg_d72d3bd802d4e511a80ce2f16181289d/tp_453657f267537b70d62e3473520e29be'
Result:   Logical volume "brick_453657f267537b70d62e3473520e29be" successfully removed
  Logical volume "tp_453657f267537b70d62e3473520e29be" successfully removed
[sshexec] DEBUG 2017/04/27 02:21:32 /src/github.com/heketi/heketi/pkg/utils/ssh/ssh.go:176: Host: 192.168.48.12:22 Command: /bin/bash -c 'lvremove -f vg_403cca7edce115dc1c641acc2f5f11fb/tp_c432be7a83c0b1f70f2125087c9e4cb6'
Result:   Logical volume "brick_c432be7a83c0b1f70f2125087c9e4cb6" successfully removed
  Logical volume "tp_c432be7a83c0b1f70f2125087c9e4cb6" successfully removed
[sshexec] DEBUG 2017/04/27 02:21:32 /src/github.com/heketi/heketi/pkg/utils/ssh/ssh.go:176: Host: 192.168.48.14:22 Command: /bin/bash -c 'rmdir /var/lib/heketi/mounts/vg_d72d3bd802d4e511a80ce2f16181289d/brick_453657f267537b70d62e3473520e29be'
Result: 
[sshexec] DEBUG 2017/04/27 02:21:32 /src/github.com/heketi/heketi/pkg/utils/ssh/ssh.go:176: Host: 192.168.48.12:22 Command: /bin/bash -c 'rmdir /var/lib/heketi/mounts/vg_403cca7edce115dc1c641acc2f5f11fb/brick_c432be7a83c0b1f70f2125087c9e4cb6'
Result: 
[sshexec] DEBUG 2017/04/27 02:21:32 /src/github.com/heketi/heketi/pkg/utils/ssh/ssh.go:176: Host: 192.168.48.17:22 Command: /bin/bash -c 'rmdir /var/lib/heketi/mounts/vg_6c7ff8b53124baa86b5b789cd93274e1/brick_78526258a714e878cf8f04bf9f30ae2c'
Result: 
[sshexec] DEBUG 2017/04/27 02:21:32 /src/github.com/heketi/heketi/pkg/utils/ssh/ssh.go:176: Host: 192.168.48.14:22 Command: /bin/bash -c 'sed -i.save "/brick_453657f267537b70d62e3473520e29be/d" /etc/fstab'
Result: 
[sshexec] DEBUG 2017/04/27 02:21:32 /src/github.com/heketi/heketi/pkg/utils/ssh/ssh.go:176: Host: 192.168.48.12:22 Command: /bin/bash -c 'sed -i.save "/brick_c432be7a83c0b1f70f2125087c9e4cb6/d" /etc/fstab'
Result: 
[sshexec] DEBUG 2017/04/27 02:21:32 /src/github.com/heketi/heketi/pkg/utils/ssh/ssh.go:176: Host: 192.168.48.17:22 Command: /bin/bash -c 'sed -i.save "/brick_78526258a714e878cf8f04bf9f30ae2c/d" /etc/fstab'
Result: 
[asynchttp] INFO 2017/04/27 02:21:32 Completed job ea5e76faab7907bce64a54d6f2b62091 in 3.841869016s
[heketi] ERROR 2017/04/27 02:21:32 /src/github.com/heketi/heketi/apps/glusterfs/app_volume.go:148: Failed to create volume: volume create: vol_37cbe9f4718c68eb13e924ab4d32138e: failed: Host 192.168.48.14 is not in 'Peer in Cluster' state
[negroni] Started GET /queue/ea5e76faab7907bce64a54d6f2b62091
[negroni] Completed 500 Internal Server Error in 82.949µs
[negroni] Started POST /volumes
[negroni] Completed 202 Accepted in 17.925568ms
[asynchttp] INFO 2017/04/27 02:21:43 Started job 8f7aa6448d2fc4d65c56ec8ba81c298b
[heketi] INFO 2017/04/27 02:21:43 Creating volume 5d04e40a7c04e33f0103c2dc275907b1
[heketi] INFO 2017/04/27 02:21:43 brick_num: 0
[negroni] Started GET /queue/8f7aa6448d2fc4d65c56ec8ba81c298b
[negroni] Completed 200 OK in 135.943µs
[heketi] INFO 2017/04/27 02:21:43 Creating brick 7c0862a60757d623d909ae6fffcae372
[heketi] INFO 2017/04/27 02:21:43 Creating brick adcd60b13e5918eb0be765da055f90b9
[heketi] INFO 2017/04/27 02:21:43 Creating brick 1f0edeeac9291e1dbfd9556a0916ec5d
[sshexec] DEBUG 2017/04/27 02:21:44 /src/github.com/heketi/heketi/pkg/utils/ssh/ssh.go:176: Host: 192.168.48.12:22 Command: /bin/bash -c 'mkdir -p /var/lib/heketi/mounts/vg_403cca7edce115dc1c641acc2f5f11fb/brick_1f0edeeac9291e1dbfd9556a0916ec5d'
Result: 
[sshexec] DEBUG 2017/04/27 02:21:44 /src/github.com/heketi/heketi/pkg/utils/ssh/ssh.go:176: Host: 192.168.48.14:22 Command: /bin/bash -c 'mkdir -p /var/lib/heketi/mounts/vg_d72d3bd802d4e511a80ce2f16181289d/brick_7c0862a60757d623d909ae6fffcae372'
Result: 
[sshexec] DEBUG 2017/04/27 02:21:44 /src/github.com/heketi/heketi/pkg/utils/ssh/ssh.go:176: Host: 192.168.48.17:22 Command: /bin/bash -c 'mkdir -p /var/lib/heketi/mounts/vg_6c7ff8b53124baa86b5b789cd93274e1/brick_adcd60b13e5918eb0be765da055f90b9'
Result: 
[sshexec] DEBUG 2017/04/27 02:21:44 /src/github.com/heketi/heketi/pkg/utils/ssh/ssh.go:176: Host: 192.168.48.12:22 Command: /bin/bash -c 'lvcreate --poolmetadatasize 8192K -c 256K -L 1048576K -T vg_403cca7edce115dc1c641acc2f5f11fb/tp_1f0edeeac9291e1dbfd9556a0916ec5d -V 1048576K -n brick_1f0edeeac9291e1dbfd9556a0916ec5d'
Result:   Logical volume "brick_1f0edeeac9291e1dbfd9556a0916ec5d" created.
[sshexec] DEBUG 2017/04/27 02:21:44 /src/github.com/heketi/heketi/pkg/utils/ssh/ssh.go:176: Host: 192.168.48.17:22 Command: /bin/bash -c 'lvcreate --poolmetadatasize 8192K -c 256K -L 1048576K -T vg_6c7ff8b53124baa86b5b789cd93274e1/tp_adcd60b13e5918eb0be765da055f90b9 -V 1048576K -n brick_adcd60b13e5918eb0be765da055f90b9'
Result:   Logical volume "brick_adcd60b13e5918eb0be765da055f90b9" created.
[sshexec] DEBUG 2017/04/27 02:21:44 /src/github.com/heketi/heketi/pkg/utils/ssh/ssh.go:176: Host: 192.168.48.12:22 Command: /bin/bash -c 'mkfs.xfs -i size=512 -n size=8192 /dev/mapper/vg_403cca7edce115dc1c641acc2f5f11fb-brick_1f0edeeac9291e1dbfd9556a0916ec5d'
Result: meta-data=/dev/mapper/vg_403cca7edce115dc1c641acc2f5f11fb-brick_1f0edeeac9291e1dbfd9556a0916ec5d isize=512    agcount=8, agsize=32704 blks
         =                       sectsz=4096  attr=2, projid32bit=1
         =                       crc=1        finobt=1, sparse=0
data     =                       bsize=4096   blocks=261632, imaxpct=25
         =                       sunit=64     swidth=64 blks
naming   =version 2              bsize=8192   ascii-ci=0 ftype=1
log      =internal log           bsize=4096   blocks=576, version=2
         =                       sectsz=4096  sunit=1 blks, lazy-count=1
realtime =none                   extsz=4096   blocks=0, rtextents=0
[sshexec] DEBUG 2017/04/27 02:21:44 /src/github.com/heketi/heketi/pkg/utils/ssh/ssh.go:176: Host: 192.168.48.14:22 Command: /bin/bash -c 'lvcreate --poolmetadatasize 8192K -c 256K -L 1048576K -T vg_d72d3bd802d4e511a80ce2f16181289d/tp_7c0862a60757d623d909ae6fffcae372 -V 1048576K -n brick_7c0862a60757d623d909ae6fffcae372'
Result:   Logical volume "brick_7c0862a60757d623d909ae6fffcae372" created.
[sshexec] DEBUG 2017/04/27 02:21:44 /src/github.com/heketi/heketi/pkg/utils/ssh/ssh.go:176: Host: 192.168.48.12:22 Command: /bin/bash -c 'echo "/dev/mapper/vg_403cca7edce115dc1c641acc2f5f11fb-brick_1f0edeeac9291e1dbfd9556a0916ec5d /var/lib/heketi/mounts/vg_403cca7edce115dc1c641acc2f5f11fb/brick_1f0edeeac9291e1dbfd9556a0916ec5d xfs rw,inode64,noatime,nouuid 1 2" | tee -a /etc/fstab > /dev/null '
Result: 
[negroni] Started GET /queue/8f7aa6448d2fc4d65c56ec8ba81c298b
[negroni] Completed 200 OK in 142.466µs
[sshexec] DEBUG 2017/04/27 02:21:44 /src/github.com/heketi/heketi/pkg/utils/ssh/ssh.go:176: Host: 192.168.48.12:22 Command: /bin/bash -c 'mount -o rw,inode64,noatime,nouuid /dev/mapper/vg_403cca7edce115dc1c641acc2f5f11fb-brick_1f0edeeac9291e1dbfd9556a0916ec5d /var/lib/heketi/mounts/vg_403cca7edce115dc1c641acc2f5f11fb/brick_1f0edeeac9291e1dbfd9556a0916ec5d'
Result: 
[sshexec] DEBUG 2017/04/27 02:21:44 /src/github.com/heketi/heketi/pkg/utils/ssh/ssh.go:176: Host: 192.168.48.12:22 Command: /bin/bash -c 'mkdir /var/lib/heketi/mounts/vg_403cca7edce115dc1c641acc2f5f11fb/brick_1f0edeeac9291e1dbfd9556a0916ec5d/brick'
Result: 
[sshexec] DEBUG 2017/04/27 02:21:44 /src/github.com/heketi/heketi/pkg/utils/ssh/ssh.go:176: Host: 192.168.48.12:22 Command: /bin/bash -c 'chown :2000 /var/lib/heketi/mounts/vg_403cca7edce115dc1c641acc2f5f11fb/brick_1f0edeeac9291e1dbfd9556a0916ec5d/brick'
Result: 
[sshexec] DEBUG 2017/04/27 02:21:44 /src/github.com/heketi/heketi/pkg/utils/ssh/ssh.go:176: Host: 192.168.48.12:22 Command: /bin/bash -c 'chmod 2775 /var/lib/heketi/mounts/vg_403cca7edce115dc1c641acc2f5f11fb/brick_1f0edeeac9291e1dbfd9556a0916ec5d/brick'
Result: 
[sshexec] DEBUG 2017/04/27 02:21:44 /src/github.com/heketi/heketi/pkg/utils/ssh/ssh.go:176: Host: 192.168.48.17:22 Command: /bin/bash -c 'mkfs.xfs -i size=512 -n size=8192 /dev/mapper/vg_6c7ff8b53124baa86b5b789cd93274e1-brick_adcd60b13e5918eb0be765da055f90b9'
Result: meta-data=/dev/mapper/vg_6c7ff8b53124baa86b5b789cd93274e1-brick_adcd60b13e5918eb0be765da055f90b9 isize=512    agcount=8, agsize=32704 blks
         =                       sectsz=512   attr=2, projid32bit=1
         =                       crc=1        finobt=1, sparse=0
data     =                       bsize=4096   blocks=261632, imaxpct=25
         =                       sunit=64     swidth=64 blks
naming   =version 2              bsize=8192   ascii-ci=0 ftype=1
log      =internal log           bsize=4096   blocks=1728, version=2
         =                       sectsz=512   sunit=64 blks, lazy-count=1
realtime =none                   extsz=4096   blocks=0, rtextents=0
[sshexec] DEBUG 2017/04/27 02:21:44 /src/github.com/heketi/heketi/pkg/utils/ssh/ssh.go:176: Host: 192.168.48.17:22 Command: /bin/bash -c 'echo "/dev/mapper/vg_6c7ff8b53124baa86b5b789cd93274e1-brick_adcd60b13e5918eb0be765da055f90b9 /var/lib/heketi/mounts/vg_6c7ff8b53124baa86b5b789cd93274e1/brick_adcd60b13e5918eb0be765da055f90b9 xfs rw,inode64,noatime,nouuid 1 2" | tee -a /etc/fstab > /dev/null '
Result: 
[sshexec] DEBUG 2017/04/27 02:21:44 /src/github.com/heketi/heketi/pkg/utils/ssh/ssh.go:176: Host: 192.168.48.14:22 Command: /bin/bash -c 'mkfs.xfs -i size=512 -n size=8192 /dev/mapper/vg_d72d3bd802d4e511a80ce2f16181289d-brick_7c0862a60757d623d909ae6fffcae372'
Result: meta-data=/dev/mapper/vg_d72d3bd802d4e511a80ce2f16181289d-brick_7c0862a60757d623d909ae6fffcae372 isize=512    agcount=8, agsize=32704 blks
         =                       sectsz=512   attr=2, projid32bit=1
         =                       crc=1        finobt=1, sparse=0
data     =                       bsize=4096   blocks=261632, imaxpct=25
         =                       sunit=64     swidth=64 blks
naming   =version 2              bsize=8192   ascii-ci=0 ftype=1
log      =internal log           bsize=4096   blocks=1728, version=2
         =                       sectsz=512   sunit=64 blks, lazy-count=1
realtime =none                   extsz=4096   blocks=0, rtextents=0
[sshexec] DEBUG 2017/04/27 02:21:44 /src/github.com/heketi/heketi/pkg/utils/ssh/ssh.go:176: Host: 192.168.48.14:22 Command: /bin/bash -c 'echo "/dev/mapper/vg_d72d3bd802d4e511a80ce2f16181289d-brick_7c0862a60757d623d909ae6fffcae372 /var/lib/heketi/mounts/vg_d72d3bd802d4e511a80ce2f16181289d/brick_7c0862a60757d623d909ae6fffcae372 xfs rw,inode64,noatime,nouuid 1 2" | tee -a /etc/fstab > /dev/null '
Result: 
[sshexec] DEBUG 2017/04/27 02:21:45 /src/github.com/heketi/heketi/pkg/utils/ssh/ssh.go:176: Host: 192.168.48.17:22 Command: /bin/bash -c 'mount -o rw,inode64,noatime,nouuid /dev/mapper/vg_6c7ff8b53124baa86b5b789cd93274e1-brick_adcd60b13e5918eb0be765da055f90b9 /var/lib/heketi/mounts/vg_6c7ff8b53124baa86b5b789cd93274e1/brick_adcd60b13e5918eb0be765da055f90b9'
Result: 
[sshexec] DEBUG 2017/04/27 02:21:45 /src/github.com/heketi/heketi/pkg/utils/ssh/ssh.go:176: Host: 192.168.48.17:22 Command: /bin/bash -c 'mkdir /var/lib/heketi/mounts/vg_6c7ff8b53124baa86b5b789cd93274e1/brick_adcd60b13e5918eb0be765da055f90b9/brick'
Result: 
[sshexec] DEBUG 2017/04/27 02:21:45 /src/github.com/heketi/heketi/pkg/utils/ssh/ssh.go:176: Host: 192.168.48.17:22 Command: /bin/bash -c 'chown :2000 /var/lib/heketi/mounts/vg_6c7ff8b53124baa86b5b789cd93274e1/brick_adcd60b13e5918eb0be765da055f90b9/brick'
Result: 
[sshexec] DEBUG 2017/04/27 02:21:45 /src/github.com/heketi/heketi/pkg/utils/ssh/ssh.go:176: Host: 192.168.48.17:22 Command: /bin/bash -c 'chmod 2775 /var/lib/heketi/mounts/vg_6c7ff8b53124baa86b5b789cd93274e1/brick_adcd60b13e5918eb0be765da055f90b9/brick'
Result: 
[sshexec] DEBUG 2017/04/27 02:21:45 /src/github.com/heketi/heketi/pkg/utils/ssh/ssh.go:176: Host: 192.168.48.14:22 Command: /bin/bash -c 'mount -o rw,inode64,noatime,nouuid /dev/mapper/vg_d72d3bd802d4e511a80ce2f16181289d-brick_7c0862a60757d623d909ae6fffcae372 /var/lib/heketi/mounts/vg_d72d3bd802d4e511a80ce2f16181289d/brick_7c0862a60757d623d909ae6fffcae372'
Result: 
[sshexec] DEBUG 2017/04/27 02:21:45 /src/github.com/heketi/heketi/pkg/utils/ssh/ssh.go:176: Host: 192.168.48.14:22 Command: /bin/bash -c 'mkdir /var/lib/heketi/mounts/vg_d72d3bd802d4e511a80ce2f16181289d/brick_7c0862a60757d623d909ae6fffcae372/brick'
Result: 
[sshexec] DEBUG 2017/04/27 02:21:45 /src/github.com/heketi/heketi/pkg/utils/ssh/ssh.go:176: Host: 192.168.48.14:22 Command: /bin/bash -c 'chown :2000 /var/lib/heketi/mounts/vg_d72d3bd802d4e511a80ce2f16181289d/brick_7c0862a60757d623d909ae6fffcae372/brick'
Result: 
[sshexec] DEBUG 2017/04/27 02:21:45 /src/github.com/heketi/heketi/pkg/utils/ssh/ssh.go:176: Host: 192.168.48.14:22 Command: /bin/bash -c 'chmod 2775 /var/lib/heketi/mounts/vg_d72d3bd802d4e511a80ce2f16181289d/brick_7c0862a60757d623d909ae6fffcae372/brick'
Result: 
[sshexec] INFO 2017/04/27 02:21:45 Creating volume vol_5d04e40a7c04e33f0103c2dc275907b1 replica 3
[sshexec] ERROR 2017/04/27 02:21:45 /src/github.com/heketi/heketi/pkg/utils/ssh/ssh.go:173: Failed to run command [/bin/bash -c 'gluster --mode=script volume create vol_5d04e40a7c04e33f0103c2dc275907b1 replica 3 192.168.48.14:/var/lib/heketi/mounts/vg_d72d3bd802d4e511a80ce2f16181289d/brick_7c0862a60757d623d909ae6fffcae372/brick 192.168.48.12:/var/lib/heketi/mounts/vg_403cca7edce115dc1c641acc2f5f11fb/brick_1f0edeeac9291e1dbfd9556a0916ec5d/brick 192.168.48.17:/var/lib/heketi/mounts/vg_6c7ff8b53124baa86b5b789cd93274e1/brick_adcd60b13e5918eb0be765da055f90b9/brick '] on 192.168.48.14:22: Err[Process exited with: 1. Reason was:  ()]: Stdout []: Stderr [volume create: vol_5d04e40a7c04e33f0103c2dc275907b1: failed: Staging failed on 192.168.48.17. Error: Host 192.168.48.14 is not in 'Peer in Cluster' state
Staging failed on 192.168.48.12. Error: Host 192.168.48.14 is not in 'Peer in Cluster' state
]
[negroni] Started GET /queue/8f7aa6448d2fc4d65c56ec8ba81c298b
[negroni] Completed 200 OK in 102.053µs
[sshexec] ERROR 2017/04/27 02:21:45 /src/github.com/heketi/heketi/pkg/utils/ssh/ssh.go:173: Failed to run command [/bin/bash -c 'gluster --mode=script volume stop vol_5d04e40a7c04e33f0103c2dc275907b1 force'] on 192.168.48.14:22: Err[Process exited with: 1. Reason was:  ()]: Stdout []: Stderr [volume stop: vol_5d04e40a7c04e33f0103c2dc275907b1: failed: Volume vol_5d04e40a7c04e33f0103c2dc275907b1 does not exist
]
[sshexec] ERROR 2017/04/27 02:21:45 /src/github.com/heketi/heketi/executors/sshexec/volume.go:130: Unable to stop volume vol_5d04e40a7c04e33f0103c2dc275907b1: volume stop: vol_5d04e40a7c04e33f0103c2dc275907b1: failed: Volume vol_5d04e40a7c04e33f0103c2dc275907b1 does not exist
[sshexec] ERROR 2017/04/27 02:21:46 /src/github.com/heketi/heketi/pkg/utils/ssh/ssh.go:173: Failed to run command [/bin/bash -c 'gluster --mode=script volume delete vol_5d04e40a7c04e33f0103c2dc275907b1'] on 192.168.48.14:22: Err[Process exited with: 1. Reason was:  ()]: Stdout []: Stderr [volume delete: vol_5d04e40a7c04e33f0103c2dc275907b1: failed: Volume vol_5d04e40a7c04e33f0103c2dc275907b1 does not exist
]
[sshexec] ERROR 2017/04/27 02:21:46 /src/github.com/heketi/heketi/executors/sshexec/volume.go:139: Unable to delete volume vol_5d04e40a7c04e33f0103c2dc275907b1: volume delete: vol_5d04e40a7c04e33f0103c2dc275907b1: failed: Volume vol_5d04e40a7c04e33f0103c2dc275907b1 does not exist
[heketi] INFO 2017/04/27 02:21:46 Deleting brick 7c0862a60757d623d909ae6fffcae372
[heketi] INFO 2017/04/27 02:21:46 Deleting brick adcd60b13e5918eb0be765da055f90b9
[heketi] INFO 2017/04/27 02:21:46 Deleting brick 1f0edeeac9291e1dbfd9556a0916ec5d
[sshexec] DEBUG 2017/04/27 02:21:46 /src/github.com/heketi/heketi/pkg/utils/ssh/ssh.go:176: Host: 192.168.48.14:22 Command: /bin/bash -c 'umount /var/lib/heketi/mounts/vg_d72d3bd802d4e511a80ce2f16181289d/brick_7c0862a60757d623d909ae6fffcae372'
Result: 
[sshexec] DEBUG 2017/04/27 02:21:46 /src/github.com/heketi/heketi/pkg/utils/ssh/ssh.go:176: Host: 192.168.48.12:22 Command: /bin/bash -c 'umount /var/lib/heketi/mounts/vg_403cca7edce115dc1c641acc2f5f11fb/brick_1f0edeeac9291e1dbfd9556a0916ec5d'
Result: 
[sshexec] DEBUG 2017/04/27 02:21:46 /src/github.com/heketi/heketi/pkg/utils/ssh/ssh.go:176: Host: 192.168.48.17:22 Command: /bin/bash -c 'umount /var/lib/heketi/mounts/vg_6c7ff8b53124baa86b5b789cd93274e1/brick_adcd60b13e5918eb0be765da055f90b9'
Result: 
[negroni] Started GET /queue/8f7aa6448d2fc4d65c56ec8ba81c298b
[negroni] Completed 200 OK in 95.683µs
[sshexec] DEBUG 2017/04/27 02:21:46 /src/github.com/heketi/heketi/pkg/utils/ssh/ssh.go:176: Host: 192.168.48.14:22 Command: /bin/bash -c 'lvremove -f vg_d72d3bd802d4e511a80ce2f16181289d/tp_7c0862a60757d623d909ae6fffcae372'
Result:   Logical volume "brick_7c0862a60757d623d909ae6fffcae372" successfully removed
  Logical volume "tp_7c0862a60757d623d909ae6fffcae372" successfully removed
[sshexec] DEBUG 2017/04/27 02:21:46 /src/github.com/heketi/heketi/pkg/utils/ssh/ssh.go:176: Host: 192.168.48.17:22 Command: /bin/bash -c 'lvremove -f vg_6c7ff8b53124baa86b5b789cd93274e1/tp_adcd60b13e5918eb0be765da055f90b9'
Result:   Logical volume "brick_adcd60b13e5918eb0be765da055f90b9" successfully removed
  Logical volume "tp_adcd60b13e5918eb0be765da055f90b9" successfully removed
[sshexec] DEBUG 2017/04/27 02:21:47 /src/github.com/heketi/heketi/pkg/utils/ssh/ssh.go:176: Host: 192.168.48.12:22 Command: /bin/bash -c 'lvremove -f vg_403cca7edce115dc1c641acc2f5f11fb/tp_1f0edeeac9291e1dbfd9556a0916ec5d'
Result:   Logical volume "brick_1f0edeeac9291e1dbfd9556a0916ec5d" successfully removed
  Logical volume "tp_1f0edeeac9291e1dbfd9556a0916ec5d" successfully removed
[sshexec] DEBUG 2017/04/27 02:21:47 /src/github.com/heketi/heketi/pkg/utils/ssh/ssh.go:176: Host: 192.168.48.14:22 Command: /bin/bash -c 'rmdir /var/lib/heketi/mounts/vg_d72d3bd802d4e511a80ce2f16181289d/brick_7c0862a60757d623d909ae6fffcae372'
Result: 
[sshexec] DEBUG 2017/04/27 02:21:47 /src/github.com/heketi/heketi/pkg/utils/ssh/ssh.go:176: Host: 192.168.48.17:22 Command: /bin/bash -c 'rmdir /var/lib/heketi/mounts/vg_6c7ff8b53124baa86b5b789cd93274e1/brick_adcd60b13e5918eb0be765da055f90b9'
Result: 
[sshexec] DEBUG 2017/04/27 02:21:47 /src/github.com/heketi/heketi/pkg/utils/ssh/ssh.go:176: Host: 192.168.48.12:22 Command: /bin/bash -c 'rmdir /var/lib/heketi/mounts/vg_403cca7edce115dc1c641acc2f5f11fb/brick_1f0edeeac9291e1dbfd9556a0916ec5d'
Result: 
[sshexec] DEBUG 2017/04/27 02:21:47 /src/github.com/heketi/heketi/pkg/utils/ssh/ssh.go:176: Host: 192.168.48.14:22 Command: /bin/bash -c 'sed -i.save "/brick_7c0862a60757d623d909ae6fffcae372/d" /etc/fstab'
Result: 
[sshexec] DEBUG 2017/04/27 02:21:47 /src/github.com/heketi/heketi/pkg/utils/ssh/ssh.go:176: Host: 192.168.48.17:22 Command: /bin/bash -c 'sed -i.save "/brick_adcd60b13e5918eb0be765da055f90b9/d" /etc/fstab'
Result: 
[sshexec] DEBUG 2017/04/27 02:21:47 /src/github.com/heketi/heketi/pkg/utils/ssh/ssh.go:176: Host: 192.168.48.12:22 Command: /bin/bash -c 'sed -i.save "/brick_1f0edeeac9291e1dbfd9556a0916ec5d/d" /etc/fstab'
Result: 
[asynchttp] INFO 2017/04/27 02:21:47 Completed job 8f7aa6448d2fc4d65c56ec8ba81c298b in 3.649362002s
[heketi] ERROR 2017/04/27 02:21:47 /src/github.com/heketi/heketi/apps/glusterfs/app_volume.go:148: Failed to create volume: volume create: vol_5d04e40a7c04e33f0103c2dc275907b1: failed: Staging failed on 192.168.48.17. Error: Host 192.168.48.14 is not in 'Peer in Cluster' state
Staging failed on 192.168.48.12. Error: Host 192.168.48.14 is not in 'Peer in Cluster' state
[negroni] Started GET /queue/8f7aa6448d2fc4d65c56ec8ba81c298b
[negroni] Completed 500 Internal Server Error in 120.663µs
[negroni] Started POST /volumes
[negroni] Completed 202 Accepted in 18.464559ms
[asynchttp] INFO 2017/04/27 02:21:58 Started job 88f98b830b059e4b17f3fa7149ec7a23
[heketi] INFO 2017/04/27 02:21:58 Creating volume 9954e5a90180ebc6096c9e4826fc6395
[heketi] INFO 2017/04/27 02:21:58 brick_num: 0
[negroni] Started GET /queue/88f98b830b059e4b17f3fa7149ec7a23
[negroni] Completed 200 OK in 92.675µs
[heketi] INFO 2017/04/27 02:21:58 Creating brick 7a302cefbff804b780e75a0a29cbe099
[heketi] INFO 2017/04/27 02:21:58 Creating brick 6cd644f9ea56d57c945929b21cabbdeb
[heketi] INFO 2017/04/27 02:21:58 Creating brick 3097a02101aa3b70122617b6568e1c0f
[sshexec] DEBUG 2017/04/27 02:21:59 /src/github.com/heketi/heketi/pkg/utils/ssh/ssh.go:176: Host: 192.168.48.12:22 Command: /bin/bash -c 'mkdir -p /var/lib/heketi/mounts/vg_403cca7edce115dc1c641acc2f5f11fb/brick_3097a02101aa3b70122617b6568e1c0f'
Result: 
[sshexec] DEBUG 2017/04/27 02:21:59 /src/github.com/heketi/heketi/pkg/utils/ssh/ssh.go:176: Host: 192.168.48.14:22 Command: /bin/bash -c 'mkdir -p /var/lib/heketi/mounts/vg_d72d3bd802d4e511a80ce2f16181289d/brick_7a302cefbff804b780e75a0a29cbe099'
Result: 
[sshexec] DEBUG 2017/04/27 02:21:59 /src/github.com/heketi/heketi/pkg/utils/ssh/ssh.go:176: Host: 192.168.48.17:22 Command: /bin/bash -c 'mkdir -p /var/lib/heketi/mounts/vg_6c7ff8b53124baa86b5b789cd93274e1/brick_6cd644f9ea56d57c945929b21cabbdeb'
Result: 
[sshexec] DEBUG 2017/04/27 02:21:59 /src/github.com/heketi/heketi/pkg/utils/ssh/ssh.go:176: Host: 192.168.48.12:22 Command: /bin/bash -c 'lvcreate --poolmetadatasize 8192K -c 256K -L 1048576K -T vg_403cca7edce115dc1c641acc2f5f11fb/tp_3097a02101aa3b70122617b6568e1c0f -V 1048576K -n brick_3097a02101aa3b70122617b6568e1c0f'
Result:   Logical volume "brick_3097a02101aa3b70122617b6568e1c0f" created.
[sshexec] DEBUG 2017/04/27 02:21:59 /src/github.com/heketi/heketi/pkg/utils/ssh/ssh.go:176: Host: 192.168.48.17:22 Command: /bin/bash -c 'lvcreate --poolmetadatasize 8192K -c 256K -L 1048576K -T vg_6c7ff8b53124baa86b5b789cd93274e1/tp_6cd644f9ea56d57c945929b21cabbdeb -V 1048576K -n brick_6cd644f9ea56d57c945929b21cabbdeb'
Result:   Logical volume "brick_6cd644f9ea56d57c945929b21cabbdeb" created.
[sshexec] DEBUG 2017/04/27 02:21:59 /src/github.com/heketi/heketi/pkg/utils/ssh/ssh.go:176: Host: 192.168.48.14:22 Command: /bin/bash -c 'lvcreate --poolmetadatasize 8192K -c 256K -L 1048576K -T vg_d72d3bd802d4e511a80ce2f16181289d/tp_7a302cefbff804b780e75a0a29cbe099 -V 1048576K -n brick_7a302cefbff804b780e75a0a29cbe099'
Result:   Logical volume "brick_7a302cefbff804b780e75a0a29cbe099" created.
[sshexec] DEBUG 2017/04/27 02:21:59 /src/github.com/heketi/heketi/pkg/utils/ssh/ssh.go:176: Host: 192.168.48.12:22 Command: /bin/bash -c 'mkfs.xfs -i size=512 -n size=8192 /dev/mapper/vg_403cca7edce115dc1c641acc2f5f11fb-brick_3097a02101aa3b70122617b6568e1c0f'
Result: meta-data=/dev/mapper/vg_403cca7edce115dc1c641acc2f5f11fb-brick_3097a02101aa3b70122617b6568e1c0f isize=512    agcount=8, agsize=32704 blks
         =                       sectsz=4096  attr=2, projid32bit=1
         =                       crc=1        finobt=1, sparse=0
data     =                       bsize=4096   blocks=261632, imaxpct=25
         =                       sunit=64     swidth=64 blks
naming   =version 2              bsize=8192   ascii-ci=0 ftype=1
log      =internal log           bsize=4096   blocks=576, version=2
         =                       sectsz=4096  sunit=1 blks, lazy-count=1
realtime =none                   extsz=4096   blocks=0, rtextents=0
[sshexec] DEBUG 2017/04/27 02:21:59 /src/github.com/heketi/heketi/pkg/utils/ssh/ssh.go:176: Host: 192.168.48.12:22 Command: /bin/bash -c 'echo "/dev/mapper/vg_403cca7edce115dc1c641acc2f5f11fb-brick_3097a02101aa3b70122617b6568e1c0f /var/lib/heketi/mounts/vg_403cca7edce115dc1c641acc2f5f11fb/brick_3097a02101aa3b70122617b6568e1c0f xfs rw,inode64,noatime,nouuid 1 2" | tee -a /etc/fstab > /dev/null '
Result: 
[negroni] Started GET /queue/88f98b830b059e4b17f3fa7149ec7a23
[negroni] Completed 200 OK in 305.06µs
[sshexec] DEBUG 2017/04/27 02:21:59 /src/github.com/heketi/heketi/pkg/utils/ssh/ssh.go:176: Host: 192.168.48.12:22 Command: /bin/bash -c 'mount -o rw,inode64,noatime,nouuid /dev/mapper/vg_403cca7edce115dc1c641acc2f5f11fb-brick_3097a02101aa3b70122617b6568e1c0f /var/lib/heketi/mounts/vg_403cca7edce115dc1c641acc2f5f11fb/brick_3097a02101aa3b70122617b6568e1c0f'
Result: 
[sshexec] DEBUG 2017/04/27 02:21:59 /src/github.com/heketi/heketi/pkg/utils/ssh/ssh.go:176: Host: 192.168.48.12:22 Command: /bin/bash -c 'mkdir /var/lib/heketi/mounts/vg_403cca7edce115dc1c641acc2f5f11fb/brick_3097a02101aa3b70122617b6568e1c0f/brick'
Result: 
[sshexec] DEBUG 2017/04/27 02:21:59 /src/github.com/heketi/heketi/pkg/utils/ssh/ssh.go:176: Host: 192.168.48.12:22 Command: /bin/bash -c 'chown :2000 /var/lib/heketi/mounts/vg_403cca7edce115dc1c641acc2f5f11fb/brick_3097a02101aa3b70122617b6568e1c0f/brick'
Result: 
[sshexec] DEBUG 2017/04/27 02:21:59 /src/github.com/heketi/heketi/pkg/utils/ssh/ssh.go:176: Host: 192.168.48.12:22 Command: /bin/bash -c 'chmod 2775 /var/lib/heketi/mounts/vg_403cca7edce115dc1c641acc2f5f11fb/brick_3097a02101aa3b70122617b6568e1c0f/brick'
Result: 
[sshexec] DEBUG 2017/04/27 02:21:59 /src/github.com/heketi/heketi/pkg/utils/ssh/ssh.go:176: Host: 192.168.48.14:22 Command: /bin/bash -c 'mkfs.xfs -i size=512 -n size=8192 /dev/mapper/vg_d72d3bd802d4e511a80ce2f16181289d-brick_7a302cefbff804b780e75a0a29cbe099'
Result: meta-data=/dev/mapper/vg_d72d3bd802d4e511a80ce2f16181289d-brick_7a302cefbff804b780e75a0a29cbe099 isize=512    agcount=8, agsize=32704 blks
         =                       sectsz=512   attr=2, projid32bit=1
         =                       crc=1        finobt=1, sparse=0
data     =                       bsize=4096   blocks=261632, imaxpct=25
         =                       sunit=64     swidth=64 blks
naming   =version 2              bsize=8192   ascii-ci=0 ftype=1
log      =internal log           bsize=4096   blocks=1728, version=2
         =                       sectsz=512   sunit=64 blks, lazy-count=1
realtime =none                   extsz=4096   blocks=0, rtextents=0
[sshexec] DEBUG 2017/04/27 02:21:59 /src/github.com/heketi/heketi/pkg/utils/ssh/ssh.go:176: Host: 192.168.48.17:22 Command: /bin/bash -c 'mkfs.xfs -i size=512 -n size=8192 /dev/mapper/vg_6c7ff8b53124baa86b5b789cd93274e1-brick_6cd644f9ea56d57c945929b21cabbdeb'
Result: meta-data=/dev/mapper/vg_6c7ff8b53124baa86b5b789cd93274e1-brick_6cd644f9ea56d57c945929b21cabbdeb isize=512    agcount=8, agsize=32704 blks
         =                       sectsz=512   attr=2, projid32bit=1
         =                       crc=1        finobt=1, sparse=0
data     =                       bsize=4096   blocks=261632, imaxpct=25
         =                       sunit=64     swidth=64 blks
naming   =version 2              bsize=8192   ascii-ci=0 ftype=1
log      =internal log           bsize=4096   blocks=1728, version=2
         =                       sectsz=512   sunit=64 blks, lazy-count=1
realtime =none                   extsz=4096   blocks=0, rtextents=0
[sshexec] DEBUG 2017/04/27 02:21:59 /src/github.com/heketi/heketi/pkg/utils/ssh/ssh.go:176: Host: 192.168.48.14:22 Command: /bin/bash -c 'echo "/dev/mapper/vg_d72d3bd802d4e511a80ce2f16181289d-brick_7a302cefbff804b780e75a0a29cbe099 /var/lib/heketi/mounts/vg_d72d3bd802d4e511a80ce2f16181289d/brick_7a302cefbff804b780e75a0a29cbe099 xfs rw,inode64,noatime,nouuid 1 2" | tee -a /etc/fstab > /dev/null '
Result: 
[sshexec] DEBUG 2017/04/27 02:21:59 /src/github.com/heketi/heketi/pkg/utils/ssh/ssh.go:176: Host: 192.168.48.17:22 Command: /bin/bash -c 'echo "/dev/mapper/vg_6c7ff8b53124baa86b5b789cd93274e1-brick_6cd644f9ea56d57c945929b21cabbdeb /var/lib/heketi/mounts/vg_6c7ff8b53124baa86b5b789cd93274e1/brick_6cd644f9ea56d57c945929b21cabbdeb xfs rw,inode64,noatime,nouuid 1 2" | tee -a /etc/fstab > /dev/null '
Result: 
[sshexec] DEBUG 2017/04/27 02:22:00 /src/github.com/heketi/heketi/pkg/utils/ssh/ssh.go:176: Host: 192.168.48.14:22 Command: /bin/bash -c 'mount -o rw,inode64,noatime,nouuid /dev/mapper/vg_d72d3bd802d4e511a80ce2f16181289d-brick_7a302cefbff804b780e75a0a29cbe099 /var/lib/heketi/mounts/vg_d72d3bd802d4e511a80ce2f16181289d/brick_7a302cefbff804b780e75a0a29cbe099'
Result: 
[sshexec] DEBUG 2017/04/27 02:22:00 /src/github.com/heketi/heketi/pkg/utils/ssh/ssh.go:176: Host: 192.168.48.17:22 Command: /bin/bash -c 'mount -o rw,inode64,noatime,nouuid /dev/mapper/vg_6c7ff8b53124baa86b5b789cd93274e1-brick_6cd644f9ea56d57c945929b21cabbdeb /var/lib/heketi/mounts/vg_6c7ff8b53124baa86b5b789cd93274e1/brick_6cd644f9ea56d57c945929b21cabbdeb'
Result: 
[sshexec] DEBUG 2017/04/27 02:22:00 /src/github.com/heketi/heketi/pkg/utils/ssh/ssh.go:176: Host: 192.168.48.14:22 Command: /bin/bash -c 'mkdir /var/lib/heketi/mounts/vg_d72d3bd802d4e511a80ce2f16181289d/brick_7a302cefbff804b780e75a0a29cbe099/brick'
Result: 
[sshexec] DEBUG 2017/04/27 02:22:00 /src/github.com/heketi/heketi/pkg/utils/ssh/ssh.go:176: Host: 192.168.48.17:22 Command: /bin/bash -c 'mkdir /var/lib/heketi/mounts/vg_6c7ff8b53124baa86b5b789cd93274e1/brick_6cd644f9ea56d57c945929b21cabbdeb/brick'
Result: 
[sshexec] DEBUG 2017/04/27 02:22:00 /src/github.com/heketi/heketi/pkg/utils/ssh/ssh.go:176: Host: 192.168.48.14:22 Command: /bin/bash -c 'chown :2000 /var/lib/heketi/mounts/vg_d72d3bd802d4e511a80ce2f16181289d/brick_7a302cefbff804b780e75a0a29cbe099/brick'
Result: 
[sshexec] DEBUG 2017/04/27 02:22:00 /src/github.com/heketi/heketi/pkg/utils/ssh/ssh.go:176: Host: 192.168.48.17:22 Command: /bin/bash -c 'chown :2000 /var/lib/heketi/mounts/vg_6c7ff8b53124baa86b5b789cd93274e1/brick_6cd644f9ea56d57c945929b21cabbdeb/brick'
Result: 
[sshexec] DEBUG 2017/04/27 02:22:00 /src/github.com/heketi/heketi/pkg/utils/ssh/ssh.go:176: Host: 192.168.48.14:22 Command: /bin/bash -c 'chmod 2775 /var/lib/heketi/mounts/vg_d72d3bd802d4e511a80ce2f16181289d/brick_7a302cefbff804b780e75a0a29cbe099/brick'
Result: 
[sshexec] DEBUG 2017/04/27 02:22:00 /src/github.com/heketi/heketi/pkg/utils/ssh/ssh.go:176: Host: 192.168.48.17:22 Command: /bin/bash -c 'chmod 2775 /var/lib/heketi/mounts/vg_6c7ff8b53124baa86b5b789cd93274e1/brick_6cd644f9ea56d57c945929b21cabbdeb/brick'
Result: 
[sshexec] INFO 2017/04/27 02:22:00 Creating volume vol_9954e5a90180ebc6096c9e4826fc6395 replica 3
[sshexec] ERROR 2017/04/27 02:22:00 /src/github.com/heketi/heketi/pkg/utils/ssh/ssh.go:173: Failed to run command [/bin/bash -c 'gluster --mode=script volume create vol_9954e5a90180ebc6096c9e4826fc6395 replica 3 192.168.48.14:/var/lib/heketi/mounts/vg_d72d3bd802d4e511a80ce2f16181289d/brick_7a302cefbff804b780e75a0a29cbe099/brick 192.168.48.12:/var/lib/heketi/mounts/vg_403cca7edce115dc1c641acc2f5f11fb/brick_3097a02101aa3b70122617b6568e1c0f/brick 192.168.48.17:/var/lib/heketi/mounts/vg_6c7ff8b53124baa86b5b789cd93274e1/brick_6cd644f9ea56d57c945929b21cabbdeb/brick '] on 192.168.48.14:22: Err[Process exited with: 1. Reason was:  ()]: Stdout []: Stderr [volume create: vol_9954e5a90180ebc6096c9e4826fc6395: failed: Staging failed on 192.168.48.12. Error: Host 192.168.48.14 is not in 'Peer in Cluster' state
Staging failed on 192.168.48.17. Error: Host 192.168.48.14 is not in 'Peer in Cluster' state
]
[negroni] Started GET /queue/88f98b830b059e4b17f3fa7149ec7a23
[negroni] Completed 200 OK in 90.781µs
[sshexec] ERROR 2017/04/27 02:22:00 /src/github.com/heketi/heketi/pkg/utils/ssh/ssh.go:173: Failed to run command [/bin/bash -c 'gluster --mode=script volume stop vol_9954e5a90180ebc6096c9e4826fc6395 force'] on 192.168.48.14:22: Err[Process exited with: 1. Reason was:  ()]: Stdout []: Stderr [volume stop: vol_9954e5a90180ebc6096c9e4826fc6395: failed: Volume vol_9954e5a90180ebc6096c9e4826fc6395 does not exist
]
[sshexec] ERROR 2017/04/27 02:22:00 /src/github.com/heketi/heketi/executors/sshexec/volume.go:130: Unable to stop volume vol_9954e5a90180ebc6096c9e4826fc6395: volume stop: vol_9954e5a90180ebc6096c9e4826fc6395: failed: Volume vol_9954e5a90180ebc6096c9e4826fc6395 does not exist
[sshexec] ERROR 2017/04/27 02:22:01 /src/github.com/heketi/heketi/pkg/utils/ssh/ssh.go:173: Failed to run command [/bin/bash -c 'gluster --mode=script volume delete vol_9954e5a90180ebc6096c9e4826fc6395'] on 192.168.48.14:22: Err[Process exited with: 1. Reason was:  ()]: Stdout []: Stderr [volume delete: vol_9954e5a90180ebc6096c9e4826fc6395: failed: Volume vol_9954e5a90180ebc6096c9e4826fc6395 does not exist
]
[sshexec] ERROR 2017/04/27 02:22:01 /src/github.com/heketi/heketi/executors/sshexec/volume.go:139: Unable to delete volume vol_9954e5a90180ebc6096c9e4826fc6395: volume delete: vol_9954e5a90180ebc6096c9e4826fc6395: failed: Volume vol_9954e5a90180ebc6096c9e4826fc6395 does not exist
[heketi] INFO 2017/04/27 02:22:01 Deleting brick 3097a02101aa3b70122617b6568e1c0f
[heketi] INFO 2017/04/27 02:22:01 Deleting brick 7a302cefbff804b780e75a0a29cbe099
[heketi] INFO 2017/04/27 02:22:01 Deleting brick 6cd644f9ea56d57c945929b21cabbdeb
[sshexec] DEBUG 2017/04/27 02:22:01 /src/github.com/heketi/heketi/pkg/utils/ssh/ssh.go:176: Host: 192.168.48.14:22 Command: /bin/bash -c 'umount /var/lib/heketi/mounts/vg_d72d3bd802d4e511a80ce2f16181289d/brick_7a302cefbff804b780e75a0a29cbe099'
Result: 
[sshexec] DEBUG 2017/04/27 02:22:01 /src/github.com/heketi/heketi/pkg/utils/ssh/ssh.go:176: Host: 192.168.48.12:22 Command: /bin/bash -c 'umount /var/lib/heketi/mounts/vg_403cca7edce115dc1c641acc2f5f11fb/brick_3097a02101aa3b70122617b6568e1c0f'
Result: 
[sshexec] DEBUG 2017/04/27 02:22:01 /src/github.com/heketi/heketi/pkg/utils/ssh/ssh.go:176: Host: 192.168.48.17:22 Command: /bin/bash -c 'umount /var/lib/heketi/mounts/vg_6c7ff8b53124baa86b5b789cd93274e1/brick_6cd644f9ea56d57c945929b21cabbdeb'
Result: 
[negroni] Started GET /queue/88f98b830b059e4b17f3fa7149ec7a23
[negroni] Completed 200 OK in 65.661µs
[sshexec] DEBUG 2017/04/27 02:22:01 /src/github.com/heketi/heketi/pkg/utils/ssh/ssh.go:176: Host: 192.168.48.14:22 Command: /bin/bash -c 'lvremove -f vg_d72d3bd802d4e511a80ce2f16181289d/tp_7a302cefbff804b780e75a0a29cbe099'
Result:   Logical volume "brick_7a302cefbff804b780e75a0a29cbe099" successfully removed
  Logical volume "tp_7a302cefbff804b780e75a0a29cbe099" successfully removed
[sshexec] DEBUG 2017/04/27 02:22:02 /src/github.com/heketi/heketi/pkg/utils/ssh/ssh.go:176: Host: 192.168.48.12:22 Command: /bin/bash -c 'lvremove -f vg_403cca7edce115dc1c641acc2f5f11fb/tp_3097a02101aa3b70122617b6568e1c0f'
Result:   Logical volume "brick_3097a02101aa3b70122617b6568e1c0f" successfully removed
  Logical volume "tp_3097a02101aa3b70122617b6568e1c0f" successfully removed
[sshexec] DEBUG 2017/04/27 02:22:02 /src/github.com/heketi/heketi/pkg/utils/ssh/ssh.go:176: Host: 192.168.48.17:22 Command: /bin/bash -c 'lvremove -f vg_6c7ff8b53124baa86b5b789cd93274e1/tp_6cd644f9ea56d57c945929b21cabbdeb'
Result:   Logical volume "brick_6cd644f9ea56d57c945929b21cabbdeb" successfully removed
  Logical volume "tp_6cd644f9ea56d57c945929b21cabbdeb" successfully removed
[sshexec] DEBUG 2017/04/27 02:22:02 /src/github.com/heketi/heketi/pkg/utils/ssh/ssh.go:176: Host: 192.168.48.14:22 Command: /bin/bash -c 'rmdir /var/lib/heketi/mounts/vg_d72d3bd802d4e511a80ce2f16181289d/brick_7a302cefbff804b780e75a0a29cbe099'
Result: 
[sshexec] DEBUG 2017/04/27 02:22:02 /src/github.com/heketi/heketi/pkg/utils/ssh/ssh.go:176: Host: 192.168.48.12:22 Command: /bin/bash -c 'rmdir /var/lib/heketi/mounts/vg_403cca7edce115dc1c641acc2f5f11fb/brick_3097a02101aa3b70122617b6568e1c0f'
Result: 
[sshexec] DEBUG 2017/04/27 02:22:02 /src/github.com/heketi/heketi/pkg/utils/ssh/ssh.go:176: Host: 192.168.48.17:22 Command: /bin/bash -c 'rmdir /var/lib/heketi/mounts/vg_6c7ff8b53124baa86b5b789cd93274e1/brick_6cd644f9ea56d57c945929b21cabbdeb'
Result: 
[sshexec] DEBUG 2017/04/27 02:22:02 /src/github.com/heketi/heketi/pkg/utils/ssh/ssh.go:176: Host: 192.168.48.14:22 Command: /bin/bash -c 'sed -i.save "/brick_7a302cefbff804b780e75a0a29cbe099/d" /etc/fstab'
Result: 
[sshexec] DEBUG 2017/04/27 02:22:02 /src/github.com/heketi/heketi/pkg/utils/ssh/ssh.go:176: Host: 192.168.48.12:22 Command: /bin/bash -c 'sed -i.save "/brick_3097a02101aa3b70122617b6568e1c0f/d" /etc/fstab'
Result: 
[sshexec] DEBUG 2017/04/27 02:22:02 /src/github.com/heketi/heketi/pkg/utils/ssh/ssh.go:176: Host: 192.168.48.17:22 Command: /bin/bash -c 'sed -i.save "/brick_6cd644f9ea56d57c945929b21cabbdeb/d" /etc/fstab'
Result: 
[heketi] ERROR 2017/04/27 02:22:02 /src/github.com/heketi/heketi/apps/glusterfs/app_volume.go:148: Failed to create volume: volume create: vol_9954e5a90180ebc6096c9e4826fc6395: failed: Staging failed on 192.168.48.12. Error: Host 192.168.48.14 is not in 'Peer in Cluster' state
Staging failed on 192.168.48.17. Error: Host 192.168.48.14 is not in 'Peer in Cluster' state
[asynchttp] INFO 2017/04/27 02:22:02 Completed job 88f98b830b059e4b17f3fa7149ec7a23 in 3.774890541s
[negroni] Started GET /queue/88f98b830b059e4b17f3fa7149ec7a23
[negroni] Completed 500 Internal Server Error in 68.725µs
[negroni] Started POST /volumes
[negroni] Completed 202 Accepted in 16.979698ms
[asynchttp] INFO 2017/04/27 02:22:13 Started job 6ac5e1c2181db52e977464bca9c57db5
[heketi] INFO 2017/04/27 02:22:13 Creating volume 72619d8d16164ceacfcdf5a8a7ac415e
[heketi] INFO 2017/04/27 02:22:13 brick_num: 0
[negroni] Started GET /queue/6ac5e1c2181db52e977464bca9c57db5
[negroni] Completed 200 OK in 115.454µs
[heketi] INFO 2017/04/27 02:22:13 Creating brick 962d71ae04d5e8a41ca76a7a2213cb25
[heketi] INFO 2017/04/27 02:22:13 Creating brick 742b643a2a936763d53d80e95eef62f1
[heketi] INFO 2017/04/27 02:22:13 Creating brick a1af4d42a29163202329616d7a2ca003
[sshexec] DEBUG 2017/04/27 02:22:14 /src/github.com/heketi/heketi/pkg/utils/ssh/ssh.go:176: Host: 192.168.48.12:22 Command: /bin/bash -c 'mkdir -p /var/lib/heketi/mounts/vg_403cca7edce115dc1c641acc2f5f11fb/brick_a1af4d42a29163202329616d7a2ca003'
Result: 
[sshexec] DEBUG 2017/04/27 02:22:14 /src/github.com/heketi/heketi/pkg/utils/ssh/ssh.go:176: Host: 192.168.48.14:22 Command: /bin/bash -c 'mkdir -p /var/lib/heketi/mounts/vg_d72d3bd802d4e511a80ce2f16181289d/brick_962d71ae04d5e8a41ca76a7a2213cb25'
Result: 
[sshexec] DEBUG 2017/04/27 02:22:14 /src/github.com/heketi/heketi/pkg/utils/ssh/ssh.go:176: Host: 192.168.48.17:22 Command: /bin/bash -c 'mkdir -p /var/lib/heketi/mounts/vg_6c7ff8b53124baa86b5b789cd93274e1/brick_742b643a2a936763d53d80e95eef62f1'
Result: 
[sshexec] DEBUG 2017/04/27 02:22:14 /src/github.com/heketi/heketi/pkg/utils/ssh/ssh.go:176: Host: 192.168.48.12:22 Command: /bin/bash -c 'lvcreate --poolmetadatasize 8192K -c 256K -L 1048576K -T vg_403cca7edce115dc1c641acc2f5f11fb/tp_a1af4d42a29163202329616d7a2ca003 -V 1048576K -n brick_a1af4d42a29163202329616d7a2ca003'
Result:   Logical volume "brick_a1af4d42a29163202329616d7a2ca003" created.
[sshexec] DEBUG 2017/04/27 02:22:14 /src/github.com/heketi/heketi/pkg/utils/ssh/ssh.go:176: Host: 192.168.48.17:22 Command: /bin/bash -c 'lvcreate --poolmetadatasize 8192K -c 256K -L 1048576K -T vg_6c7ff8b53124baa86b5b789cd93274e1/tp_742b643a2a936763d53d80e95eef62f1 -V 1048576K -n brick_742b643a2a936763d53d80e95eef62f1'
Result:   Logical volume "brick_742b643a2a936763d53d80e95eef62f1" created.
[sshexec] DEBUG 2017/04/27 02:22:14 /src/github.com/heketi/heketi/pkg/utils/ssh/ssh.go:176: Host: 192.168.48.14:22 Command: /bin/bash -c 'lvcreate --poolmetadatasize 8192K -c 256K -L 1048576K -T vg_d72d3bd802d4e511a80ce2f16181289d/tp_962d71ae04d5e8a41ca76a7a2213cb25 -V 1048576K -n brick_962d71ae04d5e8a41ca76a7a2213cb25'
Result:   Logical volume "brick_962d71ae04d5e8a41ca76a7a2213cb25" created.
[negroni] Started GET /queue/6ac5e1c2181db52e977464bca9c57db5
[negroni] Completed 200 OK in 52.069µs
[sshexec] DEBUG 2017/04/27 02:22:14 /src/github.com/heketi/heketi/pkg/utils/ssh/ssh.go:176: Host: 192.168.48.12:22 Command: /bin/bash -c 'mkfs.xfs -i size=512 -n size=8192 /dev/mapper/vg_403cca7edce115dc1c641acc2f5f11fb-brick_a1af4d42a29163202329616d7a2ca003'
Result: meta-data=/dev/mapper/vg_403cca7edce115dc1c641acc2f5f11fb-brick_a1af4d42a29163202329616d7a2ca003 isize=512    agcount=8, agsize=32704 blks
         =                       sectsz=4096  attr=2, projid32bit=1
         =                       crc=1        finobt=1, sparse=0
data     =                       bsize=4096   blocks=261632, imaxpct=25
         =                       sunit=64     swidth=64 blks
naming   =version 2              bsize=8192   ascii-ci=0 ftype=1
log      =internal log           bsize=4096   blocks=576, version=2
         =                       sectsz=4096  sunit=1 blks, lazy-count=1
realtime =none                   extsz=4096   blocks=0, rtextents=0
[sshexec] DEBUG 2017/04/27 02:22:14 /src/github.com/heketi/heketi/pkg/utils/ssh/ssh.go:176: Host: 192.168.48.12:22 Command: /bin/bash -c 'echo "/dev/mapper/vg_403cca7edce115dc1c641acc2f5f11fb-brick_a1af4d42a29163202329616d7a2ca003 /var/lib/heketi/mounts/vg_403cca7edce115dc1c641acc2f5f11fb/brick_a1af4d42a29163202329616d7a2ca003 xfs rw,inode64,noatime,nouuid 1 2" | tee -a /etc/fstab > /dev/null '
Result: 
[sshexec] DEBUG 2017/04/27 02:22:14 /src/github.com/heketi/heketi/pkg/utils/ssh/ssh.go:176: Host: 192.168.48.17:22 Command: /bin/bash -c 'mkfs.xfs -i size=512 -n size=8192 /dev/mapper/vg_6c7ff8b53124baa86b5b789cd93274e1-brick_742b643a2a936763d53d80e95eef62f1'
Result: meta-data=/dev/mapper/vg_6c7ff8b53124baa86b5b789cd93274e1-brick_742b643a2a936763d53d80e95eef62f1 isize=512    agcount=8, agsize=32704 blks
         =                       sectsz=512   attr=2, projid32bit=1
         =                       crc=1        finobt=1, sparse=0
data     =                       bsize=4096   blocks=261632, imaxpct=25
         =                       sunit=64     swidth=64 blks
naming   =version 2              bsize=8192   ascii-ci=0 ftype=1
log      =internal log           bsize=4096   blocks=1728, version=2
         =                       sectsz=512   sunit=64 blks, lazy-count=1
realtime =none                   extsz=4096   blocks=0, rtextents=0
[sshexec] DEBUG 2017/04/27 02:22:14 /src/github.com/heketi/heketi/pkg/utils/ssh/ssh.go:176: Host: 192.168.48.17:22 Command: /bin/bash -c 'echo "/dev/mapper/vg_6c7ff8b53124baa86b5b789cd93274e1-brick_742b643a2a936763d53d80e95eef62f1 /var/lib/heketi/mounts/vg_6c7ff8b53124baa86b5b789cd93274e1/brick_742b643a2a936763d53d80e95eef62f1 xfs rw,inode64,noatime,nouuid 1 2" | tee -a /etc/fstab > /dev/null '
Result: 
[sshexec] DEBUG 2017/04/27 02:22:14 /src/github.com/heketi/heketi/pkg/utils/ssh/ssh.go:176: Host: 192.168.48.14:22 Command: /bin/bash -c 'mkfs.xfs -i size=512 -n size=8192 /dev/mapper/vg_d72d3bd802d4e511a80ce2f16181289d-brick_962d71ae04d5e8a41ca76a7a2213cb25'
Result: meta-data=/dev/mapper/vg_d72d3bd802d4e511a80ce2f16181289d-brick_962d71ae04d5e8a41ca76a7a2213cb25 isize=512    agcount=8, agsize=32704 blks
         =                       sectsz=512   attr=2, projid32bit=1
         =                       crc=1        finobt=1, sparse=0
data     =                       bsize=4096   blocks=261632, imaxpct=25
         =                       sunit=64     swidth=64 blks
naming   =version 2              bsize=8192   ascii-ci=0 ftype=1
log      =internal log           bsize=4096   blocks=1728, version=2
         =                       sectsz=512   sunit=64 blks, lazy-count=1
realtime =none                   extsz=4096   blocks=0, rtextents=0
[sshexec] DEBUG 2017/04/27 02:22:14 /src/github.com/heketi/heketi/pkg/utils/ssh/ssh.go:176: Host: 192.168.48.14:22 Command: /bin/bash -c 'echo "/dev/mapper/vg_d72d3bd802d4e511a80ce2f16181289d-brick_962d71ae04d5e8a41ca76a7a2213cb25 /var/lib/heketi/mounts/vg_d72d3bd802d4e511a80ce2f16181289d/brick_962d71ae04d5e8a41ca76a7a2213cb25 xfs rw,inode64,noatime,nouuid 1 2" | tee -a /etc/fstab > /dev/null '
Result: 
[sshexec] DEBUG 2017/04/27 02:22:14 /src/github.com/heketi/heketi/pkg/utils/ssh/ssh.go:176: Host: 192.168.48.12:22 Command: /bin/bash -c 'mount -o rw,inode64,noatime,nouuid /dev/mapper/vg_403cca7edce115dc1c641acc2f5f11fb-brick_a1af4d42a29163202329616d7a2ca003 /var/lib/heketi/mounts/vg_403cca7edce115dc1c641acc2f5f11fb/brick_a1af4d42a29163202329616d7a2ca003'
Result: 
[sshexec] DEBUG 2017/04/27 02:22:15 /src/github.com/heketi/heketi/pkg/utils/ssh/ssh.go:176: Host: 192.168.48.12:22 Command: /bin/bash -c 'mkdir /var/lib/heketi/mounts/vg_403cca7edce115dc1c641acc2f5f11fb/brick_a1af4d42a29163202329616d7a2ca003/brick'
Result: 
[sshexec] DEBUG 2017/04/27 02:22:15 /src/github.com/heketi/heketi/pkg/utils/ssh/ssh.go:176: Host: 192.168.48.12:22 Command: /bin/bash -c 'chown :2000 /var/lib/heketi/mounts/vg_403cca7edce115dc1c641acc2f5f11fb/brick_a1af4d42a29163202329616d7a2ca003/brick'
Result: 
[sshexec] DEBUG 2017/04/27 02:22:15 /src/github.com/heketi/heketi/pkg/utils/ssh/ssh.go:176: Host: 192.168.48.12:22 Command: /bin/bash -c 'chmod 2775 /var/lib/heketi/mounts/vg_403cca7edce115dc1c641acc2f5f11fb/brick_a1af4d42a29163202329616d7a2ca003/brick'
Result: 
[sshexec] DEBUG 2017/04/27 02:22:15 /src/github.com/heketi/heketi/pkg/utils/ssh/ssh.go:176: Host: 192.168.48.17:22 Command: /bin/bash -c 'mount -o rw,inode64,noatime,nouuid /dev/mapper/vg_6c7ff8b53124baa86b5b789cd93274e1-brick_742b643a2a936763d53d80e95eef62f1 /var/lib/heketi/mounts/vg_6c7ff8b53124baa86b5b789cd93274e1/brick_742b643a2a936763d53d80e95eef62f1'
Result: 
[sshexec] DEBUG 2017/04/27 02:22:15 /src/github.com/heketi/heketi/pkg/utils/ssh/ssh.go:176: Host: 192.168.48.17:22 Command: /bin/bash -c 'mkdir /var/lib/heketi/mounts/vg_6c7ff8b53124baa86b5b789cd93274e1/brick_742b643a2a936763d53d80e95eef62f1/brick'
Result: 
[sshexec] DEBUG 2017/04/27 02:22:15 /src/github.com/heketi/heketi/pkg/utils/ssh/ssh.go:176: Host: 192.168.48.17:22 Command: /bin/bash -c 'chown :2000 /var/lib/heketi/mounts/vg_6c7ff8b53124baa86b5b789cd93274e1/brick_742b643a2a936763d53d80e95eef62f1/brick'
Result: 
[sshexec] DEBUG 2017/04/27 02:22:15 /src/github.com/heketi/heketi/pkg/utils/ssh/ssh.go:176: Host: 192.168.48.17:22 Command: /bin/bash -c 'chmod 2775 /var/lib/heketi/mounts/vg_6c7ff8b53124baa86b5b789cd93274e1/brick_742b643a2a936763d53d80e95eef62f1/brick'
Result: 
[sshexec] DEBUG 2017/04/27 02:22:15 /src/github.com/heketi/heketi/pkg/utils/ssh/ssh.go:176: Host: 192.168.48.14:22 Command: /bin/bash -c 'mount -o rw,inode64,noatime,nouuid /dev/mapper/vg_d72d3bd802d4e511a80ce2f16181289d-brick_962d71ae04d5e8a41ca76a7a2213cb25 /var/lib/heketi/mounts/vg_d72d3bd802d4e511a80ce2f16181289d/brick_962d71ae04d5e8a41ca76a7a2213cb25'
Result: 
[sshexec] DEBUG 2017/04/27 02:22:15 /src/github.com/heketi/heketi/pkg/utils/ssh/ssh.go:176: Host: 192.168.48.14:22 Command: /bin/bash -c 'mkdir /var/lib/heketi/mounts/vg_d72d3bd802d4e511a80ce2f16181289d/brick_962d71ae04d5e8a41ca76a7a2213cb25/brick'
Result: 
[sshexec] DEBUG 2017/04/27 02:22:15 /src/github.com/heketi/heketi/pkg/utils/ssh/ssh.go:176: Host: 192.168.48.14:22 Command: /bin/bash -c 'chown :2000 /var/lib/heketi/mounts/vg_d72d3bd802d4e511a80ce2f16181289d/brick_962d71ae04d5e8a41ca76a7a2213cb25/brick'
Result: 
[sshexec] DEBUG 2017/04/27 02:22:15 /src/github.com/heketi/heketi/pkg/utils/ssh/ssh.go:176: Host: 192.168.48.14:22 Command: /bin/bash -c 'chmod 2775 /var/lib/heketi/mounts/vg_d72d3bd802d4e511a80ce2f16181289d/brick_962d71ae04d5e8a41ca76a7a2213cb25/brick'
Result: 
[sshexec] INFO 2017/04/27 02:22:15 Creating volume vol_72619d8d16164ceacfcdf5a8a7ac415e replica 3
[sshexec] ERROR 2017/04/27 02:22:15 /src/github.com/heketi/heketi/pkg/utils/ssh/ssh.go:173: Failed to run command [/bin/bash -c 'gluster --mode=script volume create vol_72619d8d16164ceacfcdf5a8a7ac415e replica 3 192.168.48.14:/var/lib/heketi/mounts/vg_d72d3bd802d4e511a80ce2f16181289d/brick_962d71ae04d5e8a41ca76a7a2213cb25/brick 192.168.48.12:/var/lib/heketi/mounts/vg_403cca7edce115dc1c641acc2f5f11fb/brick_a1af4d42a29163202329616d7a2ca003/brick 192.168.48.17:/var/lib/heketi/mounts/vg_6c7ff8b53124baa86b5b789cd93274e1/brick_742b643a2a936763d53d80e95eef62f1/brick '] on 192.168.48.14:22: Err[Process exited with: 1. Reason was:  ()]: Stdout []: Stderr [volume create: vol_72619d8d16164ceacfcdf5a8a7ac415e: failed: Staging failed on 192.168.48.12. Error: Host 192.168.48.14 is not in 'Peer in Cluster' state
Staging failed on 192.168.48.17. Error: Host 192.168.48.14 is not in 'Peer in Cluster' state
]
[negroni] Started GET /queue/6ac5e1c2181db52e977464bca9c57db5
[negroni] Completed 200 OK in 85.525µs
[sshexec] ERROR 2017/04/27 02:22:15 /src/github.com/heketi/heketi/pkg/utils/ssh/ssh.go:173: Failed to run command [/bin/bash -c 'gluster --mode=script volume stop vol_72619d8d16164ceacfcdf5a8a7ac415e force'] on 192.168.48.14:22: Err[Process exited with: 1. Reason was:  ()]: Stdout []: Stderr [volume stop: vol_72619d8d16164ceacfcdf5a8a7ac415e: failed: Volume vol_72619d8d16164ceacfcdf5a8a7ac415e does not exist
]
[sshexec] ERROR 2017/04/27 02:22:15 /src/github.com/heketi/heketi/executors/sshexec/volume.go:130: Unable to stop volume vol_72619d8d16164ceacfcdf5a8a7ac415e: volume stop: vol_72619d8d16164ceacfcdf5a8a7ac415e: failed: Volume vol_72619d8d16164ceacfcdf5a8a7ac415e does not exist
[sshexec] ERROR 2017/04/27 02:22:16 /src/github.com/heketi/heketi/pkg/utils/ssh/ssh.go:173: Failed to run command [/bin/bash -c 'gluster --mode=script volume delete vol_72619d8d16164ceacfcdf5a8a7ac415e'] on 192.168.48.14:22: Err[Process exited with: 1. Reason was:  ()]: Stdout []: Stderr [volume delete: vol_72619d8d16164ceacfcdf5a8a7ac415e: failed: Volume vol_72619d8d16164ceacfcdf5a8a7ac415e does not exist
]
[heketi] INFO 2017/04/27 02:22:16 Deleting brick a1af4d42a29163202329616d7a2ca003
[sshexec] ERROR 2017/04/27 02:22:16 /src/github.com/heketi/heketi/executors/sshexec/volume.go:139: Unable to delete volume vol_72619d8d16164ceacfcdf5a8a7ac415e: volume delete: vol_72619d8d16164ceacfcdf5a8a7ac415e: failed: Volume vol_72619d8d16164ceacfcdf5a8a7ac415e does not exist
[heketi] INFO 2017/04/27 02:22:16 Deleting brick 742b643a2a936763d53d80e95eef62f1
[heketi] INFO 2017/04/27 02:22:16 Deleting brick 962d71ae04d5e8a41ca76a7a2213cb25
[sshexec] DEBUG 2017/04/27 02:22:16 /src/github.com/heketi/heketi/pkg/utils/ssh/ssh.go:176: Host: 192.168.48.14:22 Command: /bin/bash -c 'umount /var/lib/heketi/mounts/vg_d72d3bd802d4e511a80ce2f16181289d/brick_962d71ae04d5e8a41ca76a7a2213cb25'
Result: 
[sshexec] DEBUG 2017/04/27 02:22:16 /src/github.com/heketi/heketi/pkg/utils/ssh/ssh.go:176: Host: 192.168.48.12:22 Command: /bin/bash -c 'umount /var/lib/heketi/mounts/vg_403cca7edce115dc1c641acc2f5f11fb/brick_a1af4d42a29163202329616d7a2ca003'
Result: 
[sshexec] DEBUG 2017/04/27 02:22:16 /src/github.com/heketi/heketi/pkg/utils/ssh/ssh.go:176: Host: 192.168.48.17:22 Command: /bin/bash -c 'umount /var/lib/heketi/mounts/vg_6c7ff8b53124baa86b5b789cd93274e1/brick_742b643a2a936763d53d80e95eef62f1'
Result: 
[sshexec] DEBUG 2017/04/27 02:22:16 /src/github.com/heketi/heketi/pkg/utils/ssh/ssh.go:176: Host: 192.168.48.14:22 Command: /bin/bash -c 'lvremove -f vg_d72d3bd802d4e511a80ce2f16181289d/tp_962d71ae04d5e8a41ca76a7a2213cb25'
Result:   Logical volume "brick_962d71ae04d5e8a41ca76a7a2213cb25" successfully removed
  Logical volume "tp_962d71ae04d5e8a41ca76a7a2213cb25" successfully removed
[negroni] Started GET /queue/6ac5e1c2181db52e977464bca9c57db5
[negroni] Completed 200 OK in 72.107µs
[sshexec] DEBUG 2017/04/27 02:22:17 /src/github.com/heketi/heketi/pkg/utils/ssh/ssh.go:176: Host: 192.168.48.14:22 Command: /bin/bash -c 'rmdir /var/lib/heketi/mounts/vg_d72d3bd802d4e511a80ce2f16181289d/brick_962d71ae04d5e8a41ca76a7a2213cb25'
Result: 
[sshexec] DEBUG 2017/04/27 02:22:17 /src/github.com/heketi/heketi/pkg/utils/ssh/ssh.go:176: Host: 192.168.48.17:22 Command: /bin/bash -c 'lvremove -f vg_6c7ff8b53124baa86b5b789cd93274e1/tp_742b643a2a936763d53d80e95eef62f1'
Result:   Logical volume "brick_742b643a2a936763d53d80e95eef62f1" successfully removed
  Logical volume "tp_742b643a2a936763d53d80e95eef62f1" successfully removed
[sshexec] DEBUG 2017/04/27 02:22:17 /src/github.com/heketi/heketi/pkg/utils/ssh/ssh.go:176: Host: 192.168.48.12:22 Command: /bin/bash -c 'lvremove -f vg_403cca7edce115dc1c641acc2f5f11fb/tp_a1af4d42a29163202329616d7a2ca003'
Result:   Logical volume "brick_a1af4d42a29163202329616d7a2ca003" successfully removed
  Logical volume "tp_a1af4d42a29163202329616d7a2ca003" successfully removed
[sshexec] DEBUG 2017/04/27 02:22:17 /src/github.com/heketi/heketi/pkg/utils/ssh/ssh.go:176: Host: 192.168.48.17:22 Command: /bin/bash -c 'rmdir /var/lib/heketi/mounts/vg_6c7ff8b53124baa86b5b789cd93274e1/brick_742b643a2a936763d53d80e95eef62f1'
Result: 
[sshexec] DEBUG 2017/04/27 02:22:17 /src/github.com/heketi/heketi/pkg/utils/ssh/ssh.go:176: Host: 192.168.48.14:22 Command: /bin/bash -c 'sed -i.save "/brick_962d71ae04d5e8a41ca76a7a2213cb25/d" /etc/fstab'
Result: 
[sshexec] DEBUG 2017/04/27 02:22:17 /src/github.com/heketi/heketi/pkg/utils/ssh/ssh.go:176: Host: 192.168.48.12:22 Command: /bin/bash -c 'rmdir /var/lib/heketi/mounts/vg_403cca7edce115dc1c641acc2f5f11fb/brick_a1af4d42a29163202329616d7a2ca003'
Result: 
[sshexec] DEBUG 2017/04/27 02:22:17 /src/github.com/heketi/heketi/pkg/utils/ssh/ssh.go:176: Host: 192.168.48.17:22 Command: /bin/bash -c 'sed -i.save "/brick_742b643a2a936763d53d80e95eef62f1/d" /etc/fstab'
Result: 
[sshexec] DEBUG 2017/04/27 02:22:17 /src/github.com/heketi/heketi/pkg/utils/ssh/ssh.go:176: Host: 192.168.48.12:22 Command: /bin/bash -c 'sed -i.save "/brick_a1af4d42a29163202329616d7a2ca003/d" /etc/fstab'
Result: 
[heketi] ERROR 2017/04/27 02:22:17 /src/github.com/heketi/heketi/apps/glusterfs/app_volume.go:148: Failed to create volume: volume create: vol_72619d8d16164ceacfcdf5a8a7ac415e: failed: Staging failed on 192.168.48.12. Error: Host 192.168.48.14 is not in 'Peer in Cluster' state
Staging failed on 192.168.48.17. Error: Host 192.168.48.14 is not in 'Peer in Cluster' state
[asynchttp] INFO 2017/04/27 02:22:17 Completed job 6ac5e1c2181db52e977464bca9c57db5 in 3.748606299s
[negroni] Started GET /queue/6ac5e1c2181db52e977464bca9c57db5
[negroni] Completed 500 Internal Server Error in 69.035µs
[negroni] Started POST /volumes
[negroni] Completed 202 Accepted in 15.438529ms
[asynchttp] INFO 2017/04/27 02:22:28 Started job a5e494d1ecbfd084e62d52591715016a
[heketi] INFO 2017/04/27 02:22:28 Creating volume f7b673fe38c0e724f358a6a440c2aa49
[heketi] INFO 2017/04/27 02:22:28 brick_num: 0
[negroni] Started GET /queue/a5e494d1ecbfd084e62d52591715016a
[negroni] Completed 200 OK in 299.803µs
[heketi] INFO 2017/04/27 02:22:28 Creating brick f83284853edacbe725989a0417f8a3d2
[heketi] INFO 2017/04/27 02:22:28 Creating brick 4beeeee4a5fa76f353a566e25694c908
[heketi] INFO 2017/04/27 02:22:28 Creating brick 3b0f606e1f951bd0496c78cc73b3033b
[sshexec] DEBUG 2017/04/27 02:22:29 /src/github.com/heketi/heketi/pkg/utils/ssh/ssh.go:176: Host: 192.168.48.12:22 Command: /bin/bash -c 'mkdir -p /var/lib/heketi/mounts/vg_403cca7edce115dc1c641acc2f5f11fb/brick_3b0f606e1f951bd0496c78cc73b3033b'
Result: 
[sshexec] DEBUG 2017/04/27 02:22:29 /src/github.com/heketi/heketi/pkg/utils/ssh/ssh.go:176: Host: 192.168.48.17:22 Command: /bin/bash -c 'mkdir -p /var/lib/heketi/mounts/vg_6c7ff8b53124baa86b5b789cd93274e1/brick_4beeeee4a5fa76f353a566e25694c908'
Result: 
[sshexec] DEBUG 2017/04/27 02:22:29 /src/github.com/heketi/heketi/pkg/utils/ssh/ssh.go:176: Host: 192.168.48.14:22 Command: /bin/bash -c 'mkdir -p /var/lib/heketi/mounts/vg_d72d3bd802d4e511a80ce2f16181289d/brick_f83284853edacbe725989a0417f8a3d2'
Result: 
[sshexec] DEBUG 2017/04/27 02:22:29 /src/github.com/heketi/heketi/pkg/utils/ssh/ssh.go:176: Host: 192.168.48.17:22 Command: /bin/bash -c 'lvcreate --poolmetadatasize 8192K -c 256K -L 1048576K -T vg_6c7ff8b53124baa86b5b789cd93274e1/tp_4beeeee4a5fa76f353a566e25694c908 -V 1048576K -n brick_4beeeee4a5fa76f353a566e25694c908'
Result:   Logical volume "brick_4beeeee4a5fa76f353a566e25694c908" created.
[sshexec] DEBUG 2017/04/27 02:22:29 /src/github.com/heketi/heketi/pkg/utils/ssh/ssh.go:176: Host: 192.168.48.12:22 Command: /bin/bash -c 'lvcreate --poolmetadatasize 8192K -c 256K -L 1048576K -T vg_403cca7edce115dc1c641acc2f5f11fb/tp_3b0f606e1f951bd0496c78cc73b3033b -V 1048576K -n brick_3b0f606e1f951bd0496c78cc73b3033b'
Result:   Logical volume "brick_3b0f606e1f951bd0496c78cc73b3033b" created.
[sshexec] DEBUG 2017/04/27 02:22:29 /src/github.com/heketi/heketi/pkg/utils/ssh/ssh.go:176: Host: 192.168.48.14:22 Command: /bin/bash -c 'lvcreate --poolmetadatasize 8192K -c 256K -L 1048576K -T vg_d72d3bd802d4e511a80ce2f16181289d/tp_f83284853edacbe725989a0417f8a3d2 -V 1048576K -n brick_f83284853edacbe725989a0417f8a3d2'
Result:   Logical volume "brick_f83284853edacbe725989a0417f8a3d2" created.
[sshexec] DEBUG 2017/04/27 02:22:29 /src/github.com/heketi/heketi/pkg/utils/ssh/ssh.go:176: Host: 192.168.48.17:22 Command: /bin/bash -c 'mkfs.xfs -i size=512 -n size=8192 /dev/mapper/vg_6c7ff8b53124baa86b5b789cd93274e1-brick_4beeeee4a5fa76f353a566e25694c908'
Result: meta-data=/dev/mapper/vg_6c7ff8b53124baa86b5b789cd93274e1-brick_4beeeee4a5fa76f353a566e25694c908 isize=512    agcount=8, agsize=32704 blks
         =                       sectsz=512   attr=2, projid32bit=1
         =                       crc=1        finobt=1, sparse=0
data     =                       bsize=4096   blocks=261632, imaxpct=25
         =                       sunit=64     swidth=64 blks
naming   =version 2              bsize=8192   ascii-ci=0 ftype=1
log      =internal log           bsize=4096   blocks=1728, version=2
         =                       sectsz=512   sunit=64 blks, lazy-count=1
realtime =none                   extsz=4096   blocks=0, rtextents=0
[sshexec] DEBUG 2017/04/27 02:22:29 /src/github.com/heketi/heketi/pkg/utils/ssh/ssh.go:176: Host: 192.168.48.17:22 Command: /bin/bash -c 'echo "/dev/mapper/vg_6c7ff8b53124baa86b5b789cd93274e1-brick_4beeeee4a5fa76f353a566e25694c908 /var/lib/heketi/mounts/vg_6c7ff8b53124baa86b5b789cd93274e1/brick_4beeeee4a5fa76f353a566e25694c908 xfs rw,inode64,noatime,nouuid 1 2" | tee -a /etc/fstab > /dev/null '
Result: 
[sshexec] DEBUG 2017/04/27 02:22:29 /src/github.com/heketi/heketi/pkg/utils/ssh/ssh.go:176: Host: 192.168.48.12:22 Command: /bin/bash -c 'mkfs.xfs -i size=512 -n size=8192 /dev/mapper/vg_403cca7edce115dc1c641acc2f5f11fb-brick_3b0f606e1f951bd0496c78cc73b3033b'
Result: meta-data=/dev/mapper/vg_403cca7edce115dc1c641acc2f5f11fb-brick_3b0f606e1f951bd0496c78cc73b3033b isize=512    agcount=8, agsize=32704 blks
         =                       sectsz=4096  attr=2, projid32bit=1
         =                       crc=1        finobt=1, sparse=0
data     =                       bsize=4096   blocks=261632, imaxpct=25
         =                       sunit=64     swidth=64 blks
naming   =version 2              bsize=8192   ascii-ci=0 ftype=1
log      =internal log           bsize=4096   blocks=576, version=2
         =                       sectsz=4096  sunit=1 blks, lazy-count=1
realtime =none                   extsz=4096   blocks=0, rtextents=0
[negroni] Started GET /queue/a5e494d1ecbfd084e62d52591715016a
[negroni] Completed 200 OK in 69.504µs
[sshexec] DEBUG 2017/04/27 02:22:29 /src/github.com/heketi/heketi/pkg/utils/ssh/ssh.go:176: Host: 192.168.48.12:22 Command: /bin/bash -c 'echo "/dev/mapper/vg_403cca7edce115dc1c641acc2f5f11fb-brick_3b0f606e1f951bd0496c78cc73b3033b /var/lib/heketi/mounts/vg_403cca7edce115dc1c641acc2f5f11fb/brick_3b0f606e1f951bd0496c78cc73b3033b xfs rw,inode64,noatime,nouuid 1 2" | tee -a /etc/fstab > /dev/null '
Result: 
[sshexec] DEBUG 2017/04/27 02:22:29 /src/github.com/heketi/heketi/pkg/utils/ssh/ssh.go:176: Host: 192.168.48.14:22 Command: /bin/bash -c 'mkfs.xfs -i size=512 -n size=8192 /dev/mapper/vg_d72d3bd802d4e511a80ce2f16181289d-brick_f83284853edacbe725989a0417f8a3d2'
Result: meta-data=/dev/mapper/vg_d72d3bd802d4e511a80ce2f16181289d-brick_f83284853edacbe725989a0417f8a3d2 isize=512    agcount=8, agsize=32704 blks
         =                       sectsz=512   attr=2, projid32bit=1
         =                       crc=1        finobt=1, sparse=0
data     =                       bsize=4096   blocks=261632, imaxpct=25
         =                       sunit=64     swidth=64 blks
naming   =version 2              bsize=8192   ascii-ci=0 ftype=1
log      =internal log           bsize=4096   blocks=1728, version=2
         =                       sectsz=512   sunit=64 blks, lazy-count=1
realtime =none                   extsz=4096   blocks=0, rtextents=0
[sshexec] DEBUG 2017/04/27 02:22:29 /src/github.com/heketi/heketi/pkg/utils/ssh/ssh.go:176: Host: 192.168.48.14:22 Command: /bin/bash -c 'echo "/dev/mapper/vg_d72d3bd802d4e511a80ce2f16181289d-brick_f83284853edacbe725989a0417f8a3d2 /var/lib/heketi/mounts/vg_d72d3bd802d4e511a80ce2f16181289d/brick_f83284853edacbe725989a0417f8a3d2 xfs rw,inode64,noatime,nouuid 1 2" | tee -a /etc/fstab > /dev/null '
Result: 
[sshexec] DEBUG 2017/04/27 02:22:30 /src/github.com/heketi/heketi/pkg/utils/ssh/ssh.go:176: Host: 192.168.48.12:22 Command: /bin/bash -c 'mount -o rw,inode64,noatime,nouuid /dev/mapper/vg_403cca7edce115dc1c641acc2f5f11fb-brick_3b0f606e1f951bd0496c78cc73b3033b /var/lib/heketi/mounts/vg_403cca7edce115dc1c641acc2f5f11fb/brick_3b0f606e1f951bd0496c78cc73b3033b'
Result: 
[sshexec] DEBUG 2017/04/27 02:22:30 /src/github.com/heketi/heketi/pkg/utils/ssh/ssh.go:176: Host: 192.168.48.12:22 Command: /bin/bash -c 'mkdir /var/lib/heketi/mounts/vg_403cca7edce115dc1c641acc2f5f11fb/brick_3b0f606e1f951bd0496c78cc73b3033b/brick'
Result: 
[sshexec] DEBUG 2017/04/27 02:22:30 /src/github.com/heketi/heketi/pkg/utils/ssh/ssh.go:176: Host: 192.168.48.12:22 Command: /bin/bash -c 'chown :2000 /var/lib/heketi/mounts/vg_403cca7edce115dc1c641acc2f5f11fb/brick_3b0f606e1f951bd0496c78cc73b3033b/brick'
Result: 
[sshexec] DEBUG 2017/04/27 02:22:30 /src/github.com/heketi/heketi/pkg/utils/ssh/ssh.go:176: Host: 192.168.48.12:22 Command: /bin/bash -c 'chmod 2775 /var/lib/heketi/mounts/vg_403cca7edce115dc1c641acc2f5f11fb/brick_3b0f606e1f951bd0496c78cc73b3033b/brick'
Result: 
[sshexec] DEBUG 2017/04/27 02:22:30 /src/github.com/heketi/heketi/pkg/utils/ssh/ssh.go:176: Host: 192.168.48.17:22 Command: /bin/bash -c 'mount -o rw,inode64,noatime,nouuid /dev/mapper/vg_6c7ff8b53124baa86b5b789cd93274e1-brick_4beeeee4a5fa76f353a566e25694c908 /var/lib/heketi/mounts/vg_6c7ff8b53124baa86b5b789cd93274e1/brick_4beeeee4a5fa76f353a566e25694c908'
Result: 
[sshexec] DEBUG 2017/04/27 02:22:30 /src/github.com/heketi/heketi/pkg/utils/ssh/ssh.go:176: Host: 192.168.48.17:22 Command: /bin/bash -c 'mkdir /var/lib/heketi/mounts/vg_6c7ff8b53124baa86b5b789cd93274e1/brick_4beeeee4a5fa76f353a566e25694c908/brick'
Result: 
[sshexec] DEBUG 2017/04/27 02:22:30 /src/github.com/heketi/heketi/pkg/utils/ssh/ssh.go:176: Host: 192.168.48.17:22 Command: /bin/bash -c 'chown :2000 /var/lib/heketi/mounts/vg_6c7ff8b53124baa86b5b789cd93274e1/brick_4beeeee4a5fa76f353a566e25694c908/brick'
Result: 
[sshexec] DEBUG 2017/04/27 02:22:30 /src/github.com/heketi/heketi/pkg/utils/ssh/ssh.go:176: Host: 192.168.48.17:22 Command: /bin/bash -c 'chmod 2775 /var/lib/heketi/mounts/vg_6c7ff8b53124baa86b5b789cd93274e1/brick_4beeeee4a5fa76f353a566e25694c908/brick'
Result: 
[sshexec] DEBUG 2017/04/27 02:22:30 /src/github.com/heketi/heketi/pkg/utils/ssh/ssh.go:176: Host: 192.168.48.14:22 Command: /bin/bash -c 'mount -o rw,inode64,noatime,nouuid /dev/mapper/vg_d72d3bd802d4e511a80ce2f16181289d-brick_f83284853edacbe725989a0417f8a3d2 /var/lib/heketi/mounts/vg_d72d3bd802d4e511a80ce2f16181289d/brick_f83284853edacbe725989a0417f8a3d2'
Result: 
[sshexec] DEBUG 2017/04/27 02:22:30 /src/github.com/heketi/heketi/pkg/utils/ssh/ssh.go:176: Host: 192.168.48.14:22 Command: /bin/bash -c 'mkdir /var/lib/heketi/mounts/vg_d72d3bd802d4e511a80ce2f16181289d/brick_f83284853edacbe725989a0417f8a3d2/brick'
Result: 
[sshexec] DEBUG 2017/04/27 02:22:30 /src/github.com/heketi/heketi/pkg/utils/ssh/ssh.go:176: Host: 192.168.48.14:22 Command: /bin/bash -c 'chown :2000 /var/lib/heketi/mounts/vg_d72d3bd802d4e511a80ce2f16181289d/brick_f83284853edacbe725989a0417f8a3d2/brick'
Result: 
[sshexec] DEBUG 2017/04/27 02:22:30 /src/github.com/heketi/heketi/pkg/utils/ssh/ssh.go:176: Host: 192.168.48.14:22 Command: /bin/bash -c 'chmod 2775 /var/lib/heketi/mounts/vg_d72d3bd802d4e511a80ce2f16181289d/brick_f83284853edacbe725989a0417f8a3d2/brick'
Result: 
[sshexec] INFO 2017/04/27 02:22:30 Creating volume vol_f7b673fe38c0e724f358a6a440c2aa49 replica 3
[sshexec] ERROR 2017/04/27 02:22:30 /src/github.com/heketi/heketi/pkg/utils/ssh/ssh.go:173: Failed to run command [/bin/bash -c 'gluster --mode=script volume create vol_f7b673fe38c0e724f358a6a440c2aa49 replica 3 192.168.48.14:/var/lib/heketi/mounts/vg_d72d3bd802d4e511a80ce2f16181289d/brick_f83284853edacbe725989a0417f8a3d2/brick 192.168.48.12:/var/lib/heketi/mounts/vg_403cca7edce115dc1c641acc2f5f11fb/brick_3b0f606e1f951bd0496c78cc73b3033b/brick 192.168.48.17:/var/lib/heketi/mounts/vg_6c7ff8b53124baa86b5b789cd93274e1/brick_4beeeee4a5fa76f353a566e25694c908/brick '] on 192.168.48.14:22: Err[Process exited with: 1. Reason was:  ()]: Stdout []: Stderr [volume create: vol_f7b673fe38c0e724f358a6a440c2aa49: failed: Staging failed on 192.168.48.17. Error: Host 192.168.48.14 is not in 'Peer in Cluster' state
Staging failed on 192.168.48.12. Error: Host 192.168.48.14 is not in 'Peer in Cluster' state
]
[sshexec] ERROR 2017/04/27 02:22:30 /src/github.com/heketi/heketi/pkg/utils/ssh/ssh.go:173: Failed to run command [/bin/bash -c 'gluster --mode=script volume stop vol_f7b673fe38c0e724f358a6a440c2aa49 force'] on 192.168.48.14:22: Err[Process exited with: 1. Reason was:  ()]: Stdout []: Stderr [volume stop: vol_f7b673fe38c0e724f358a6a440c2aa49: failed: Volume vol_f7b673fe38c0e724f358a6a440c2aa49 does not exist
]
[sshexec] ERROR 2017/04/27 02:22:30 /src/github.com/heketi/heketi/executors/sshexec/volume.go:130: Unable to stop volume vol_f7b673fe38c0e724f358a6a440c2aa49: volume stop: vol_f7b673fe38c0e724f358a6a440c2aa49: failed: Volume vol_f7b673fe38c0e724f358a6a440c2aa49 does not exist
[negroni] Started GET /queue/a5e494d1ecbfd084e62d52591715016a
[negroni] Completed 200 OK in 85.026µs
[sshexec] ERROR 2017/04/27 02:22:31 /src/github.com/heketi/heketi/pkg/utils/ssh/ssh.go:173: Failed to run command [/bin/bash -c 'gluster --mode=script volume delete vol_f7b673fe38c0e724f358a6a440c2aa49'] on 192.168.48.14:22: Err[Process exited with: 1. Reason was:  ()]: Stdout []: Stderr [volume delete: vol_f7b673fe38c0e724f358a6a440c2aa49: failed: Volume vol_f7b673fe38c0e724f358a6a440c2aa49 does not exist
]
[sshexec] ERROR 2017/04/27 02:22:31 /src/github.com/heketi/heketi/executors/sshexec/volume.go:139: Unable to delete volume vol_f7b673fe38c0e724f358a6a440c2aa49: volume delete: vol_f7b673fe38c0e724f358a6a440c2aa49: failed: Volume vol_f7b673fe38c0e724f358a6a440c2aa49 does not exist
[heketi] INFO 2017/04/27 02:22:31 Deleting brick f83284853edacbe725989a0417f8a3d2
[heketi] INFO 2017/04/27 02:22:31 Deleting brick 3b0f606e1f951bd0496c78cc73b3033b
[heketi] INFO 2017/04/27 02:22:31 Deleting brick 4beeeee4a5fa76f353a566e25694c908
[sshexec] DEBUG 2017/04/27 02:22:31 /src/github.com/heketi/heketi/pkg/utils/ssh/ssh.go:176: Host: 192.168.48.14:22 Command: /bin/bash -c 'umount /var/lib/heketi/mounts/vg_d72d3bd802d4e511a80ce2f16181289d/brick_f83284853edacbe725989a0417f8a3d2'
Result: 
[sshexec] DEBUG 2017/04/27 02:22:31 /src/github.com/heketi/heketi/pkg/utils/ssh/ssh.go:176: Host: 192.168.48.12:22 Command: /bin/bash -c 'umount /var/lib/heketi/mounts/vg_403cca7edce115dc1c641acc2f5f11fb/brick_3b0f606e1f951bd0496c78cc73b3033b'
Result: 
[sshexec] DEBUG 2017/04/27 02:22:31 /src/github.com/heketi/heketi/pkg/utils/ssh/ssh.go:176: Host: 192.168.48.17:22 Command: /bin/bash -c 'umount /var/lib/heketi/mounts/vg_6c7ff8b53124baa86b5b789cd93274e1/brick_4beeeee4a5fa76f353a566e25694c908'
Result: 
[sshexec] DEBUG 2017/04/27 02:22:31 /src/github.com/heketi/heketi/pkg/utils/ssh/ssh.go:176: Host: 192.168.48.14:22 Command: /bin/bash -c 'lvremove -f vg_d72d3bd802d4e511a80ce2f16181289d/tp_f83284853edacbe725989a0417f8a3d2'
Result:   Logical volume "brick_f83284853edacbe725989a0417f8a3d2" successfully removed
  Logical volume "tp_f83284853edacbe725989a0417f8a3d2" successfully removed
[negroni] Started GET /queue/a5e494d1ecbfd084e62d52591715016a
[negroni] Completed 200 OK in 83.658µs
[sshexec] DEBUG 2017/04/27 02:22:31 /src/github.com/heketi/heketi/pkg/utils/ssh/ssh.go:176: Host: 192.168.48.17:22 Command: /bin/bash -c 'lvremove -f vg_6c7ff8b53124baa86b5b789cd93274e1/tp_4beeeee4a5fa76f353a566e25694c908'
Result:   Logical volume "brick_4beeeee4a5fa76f353a566e25694c908" successfully removed
  Logical volume "tp_4beeeee4a5fa76f353a566e25694c908" successfully removed
[sshexec] DEBUG 2017/04/27 02:22:32 /src/github.com/heketi/heketi/pkg/utils/ssh/ssh.go:176: Host: 192.168.48.14:22 Command: /bin/bash -c 'rmdir /var/lib/heketi/mounts/vg_d72d3bd802d4e511a80ce2f16181289d/brick_f83284853edacbe725989a0417f8a3d2'
Result: 
[sshexec] DEBUG 2017/04/27 02:22:32 /src/github.com/heketi/heketi/pkg/utils/ssh/ssh.go:176: Host: 192.168.48.12:22 Command: /bin/bash -c 'lvremove -f vg_403cca7edce115dc1c641acc2f5f11fb/tp_3b0f606e1f951bd0496c78cc73b3033b'
Result:   Logical volume "brick_3b0f606e1f951bd0496c78cc73b3033b" successfully removed
  Logical volume "tp_3b0f606e1f951bd0496c78cc73b3033b" successfully removed
[sshexec] DEBUG 2017/04/27 02:22:32 /src/github.com/heketi/heketi/pkg/utils/ssh/ssh.go:176: Host: 192.168.48.17:22 Command: /bin/bash -c 'rmdir /var/lib/heketi/mounts/vg_6c7ff8b53124baa86b5b789cd93274e1/brick_4beeeee4a5fa76f353a566e25694c908'
Result: 
[sshexec] DEBUG 2017/04/27 02:22:32 /src/github.com/heketi/heketi/pkg/utils/ssh/ssh.go:176: Host: 192.168.48.14:22 Command: /bin/bash -c 'sed -i.save "/brick_f83284853edacbe725989a0417f8a3d2/d" /etc/fstab'
Result: 
[sshexec] DEBUG 2017/04/27 02:22:32 /src/github.com/heketi/heketi/pkg/utils/ssh/ssh.go:176: Host: 192.168.48.12:22 Command: /bin/bash -c 'rmdir /var/lib/heketi/mounts/vg_403cca7edce115dc1c641acc2f5f11fb/brick_3b0f606e1f951bd0496c78cc73b3033b'
Result: 
[sshexec] DEBUG 2017/04/27 02:22:32 /src/github.com/heketi/heketi/pkg/utils/ssh/ssh.go:176: Host: 192.168.48.17:22 Command: /bin/bash -c 'sed -i.save "/brick_4beeeee4a5fa76f353a566e25694c908/d" /etc/fstab'
Result: 
[sshexec] DEBUG 2017/04/27 02:22:32 /src/github.com/heketi/heketi/pkg/utils/ssh/ssh.go:176: Host: 192.168.48.12:22 Command: /bin/bash -c 'sed -i.save "/brick_3b0f606e1f951bd0496c78cc73b3033b/d" /etc/fstab'
Result: 
[heketi] ERROR 2017/04/27 02:22:32 /src/github.com/heketi/heketi/apps/glusterfs/app_volume.go:148: Failed to create volume: volume create: vol_f7b673fe38c0e724f358a6a440c2aa49: failed: Staging failed on 192.168.48.17. Error: Host 192.168.48.14 is not in 'Peer in Cluster' state
Staging failed on 192.168.48.12. Error: Host 192.168.48.14 is not in 'Peer in Cluster' state
[asynchttp] INFO 2017/04/27 02:22:32 Completed job a5e494d1ecbfd084e62d52591715016a in 3.731781916s
[negroni] Started GET /queue/a5e494d1ecbfd084e62d52591715016a
[negroni] Completed 500 Internal Server Error in 175.734µs
[negroni] Started POST /volumes
[negroni] Completed 202 Accepted in 13.713794ms
[asynchttp] INFO 2017/04/27 02:22:43 Started job 186ab0995bcf56fd5ea5c1dd9f41264a
[heketi] INFO 2017/04/27 02:22:43 Creating volume 526829b78ce0f1f7ba9a4f143fc56bdc
[heketi] INFO 2017/04/27 02:22:43 brick_num: 0
[negroni] Started GET /queue/186ab0995bcf56fd5ea5c1dd9f41264a
[negroni] Completed 200 OK in 101.132µs
[heketi] INFO 2017/04/27 02:22:43 Creating brick 93d4ae603154e4fdcf6f2a965b05105b
[heketi] INFO 2017/04/27 02:22:43 Creating brick 4d158fea470dfb48a2b0be81e1a72af7
[heketi] INFO 2017/04/27 02:22:43 Creating brick b8b195d63a8c89d492c6526fe0868151
[sshexec] DEBUG 2017/04/27 02:22:44 /src/github.com/heketi/heketi/pkg/utils/ssh/ssh.go:176: Host: 192.168.48.12:22 Command: /bin/bash -c 'mkdir -p /var/lib/heketi/mounts/vg_403cca7edce115dc1c641acc2f5f11fb/brick_4d158fea470dfb48a2b0be81e1a72af7'
Result: 
[sshexec] DEBUG 2017/04/27 02:22:44 /src/github.com/heketi/heketi/pkg/utils/ssh/ssh.go:176: Host: 192.168.48.14:22 Command: /bin/bash -c 'mkdir -p /var/lib/heketi/mounts/vg_d72d3bd802d4e511a80ce2f16181289d/brick_b8b195d63a8c89d492c6526fe0868151'
Result: 
[sshexec] DEBUG 2017/04/27 02:22:44 /src/github.com/heketi/heketi/pkg/utils/ssh/ssh.go:176: Host: 192.168.48.17:22 Command: /bin/bash -c 'mkdir -p /var/lib/heketi/mounts/vg_6c7ff8b53124baa86b5b789cd93274e1/brick_93d4ae603154e4fdcf6f2a965b05105b'
Result: 
[sshexec] DEBUG 2017/04/27 02:22:44 /src/github.com/heketi/heketi/pkg/utils/ssh/ssh.go:176: Host: 192.168.48.12:22 Command: /bin/bash -c 'lvcreate --poolmetadatasize 8192K -c 256K -L 1048576K -T vg_403cca7edce115dc1c641acc2f5f11fb/tp_4d158fea470dfb48a2b0be81e1a72af7 -V 1048576K -n brick_4d158fea470dfb48a2b0be81e1a72af7'
Result:   Logical volume "brick_4d158fea470dfb48a2b0be81e1a72af7" created.
[sshexec] DEBUG 2017/04/27 02:22:44 /src/github.com/heketi/heketi/pkg/utils/ssh/ssh.go:176: Host: 192.168.48.14:22 Command: /bin/bash -c 'lvcreate --poolmetadatasize 8192K -c 256K -L 1048576K -T vg_d72d3bd802d4e511a80ce2f16181289d/tp_b8b195d63a8c89d492c6526fe0868151 -V 1048576K -n brick_b8b195d63a8c89d492c6526fe0868151'
Result:   Logical volume "brick_b8b195d63a8c89d492c6526fe0868151" created.
[sshexec] DEBUG 2017/04/27 02:22:44 /src/github.com/heketi/heketi/pkg/utils/ssh/ssh.go:176: Host: 192.168.48.17:22 Command: /bin/bash -c 'lvcreate --poolmetadatasize 8192K -c 256K -L 1048576K -T vg_6c7ff8b53124baa86b5b789cd93274e1/tp_93d4ae603154e4fdcf6f2a965b05105b -V 1048576K -n brick_93d4ae603154e4fdcf6f2a965b05105b'
Result:   Logical volume "brick_93d4ae603154e4fdcf6f2a965b05105b" created.
[sshexec] DEBUG 2017/04/27 02:22:44 /src/github.com/heketi/heketi/pkg/utils/ssh/ssh.go:176: Host: 192.168.48.14:22 Command: /bin/bash -c 'mkfs.xfs -i size=512 -n size=8192 /dev/mapper/vg_d72d3bd802d4e511a80ce2f16181289d-brick_b8b195d63a8c89d492c6526fe0868151'
Result: meta-data=/dev/mapper/vg_d72d3bd802d4e511a80ce2f16181289d-brick_b8b195d63a8c89d492c6526fe0868151 isize=512    agcount=8, agsize=32704 blks
         =                       sectsz=512   attr=2, projid32bit=1
         =                       crc=1        finobt=1, sparse=0
data     =                       bsize=4096   blocks=261632, imaxpct=25
         =                       sunit=64     swidth=64 blks
naming   =version 2              bsize=8192   ascii-ci=0 ftype=1
log      =internal log           bsize=4096   blocks=1728, version=2
         =                       sectsz=512   sunit=64 blks, lazy-count=1
realtime =none                   extsz=4096   blocks=0, rtextents=0
[sshexec] DEBUG 2017/04/27 02:22:44 /src/github.com/heketi/heketi/pkg/utils/ssh/ssh.go:176: Host: 192.168.48.14:22 Command: /bin/bash -c 'echo "/dev/mapper/vg_d72d3bd802d4e511a80ce2f16181289d-brick_b8b195d63a8c89d492c6526fe0868151 /var/lib/heketi/mounts/vg_d72d3bd802d4e511a80ce2f16181289d/brick_b8b195d63a8c89d492c6526fe0868151 xfs rw,inode64,noatime,nouuid 1 2" | tee -a /etc/fstab > /dev/null '
Result: 
[sshexec] DEBUG 2017/04/27 02:22:44 /src/github.com/heketi/heketi/pkg/utils/ssh/ssh.go:176: Host: 192.168.48.12:22 Command: /bin/bash -c 'mkfs.xfs -i size=512 -n size=8192 /dev/mapper/vg_403cca7edce115dc1c641acc2f5f11fb-brick_4d158fea470dfb48a2b0be81e1a72af7'
Result: meta-data=/dev/mapper/vg_403cca7edce115dc1c641acc2f5f11fb-brick_4d158fea470dfb48a2b0be81e1a72af7 isize=512    agcount=8, agsize=32704 blks
         =                       sectsz=4096  attr=2, projid32bit=1
         =                       crc=1        finobt=1, sparse=0
data     =                       bsize=4096   blocks=261632, imaxpct=25
         =                       sunit=64     swidth=64 blks
naming   =version 2              bsize=8192   ascii-ci=0 ftype=1
log      =internal log           bsize=4096   blocks=576, version=2
         =                       sectsz=4096  sunit=1 blks, lazy-count=1
realtime =none                   extsz=4096   blocks=0, rtextents=0
[sshexec] DEBUG 2017/04/27 02:22:44 /src/github.com/heketi/heketi/pkg/utils/ssh/ssh.go:176: Host: 192.168.48.12:22 Command: /bin/bash -c 'echo "/dev/mapper/vg_403cca7edce115dc1c641acc2f5f11fb-brick_4d158fea470dfb48a2b0be81e1a72af7 /var/lib/heketi/mounts/vg_403cca7edce115dc1c641acc2f5f11fb/brick_4d158fea470dfb48a2b0be81e1a72af7 xfs rw,inode64,noatime,nouuid 1 2" | tee -a /etc/fstab > /dev/null '
Result: 
[negroni] Started GET /queue/186ab0995bcf56fd5ea5c1dd9f41264a
[negroni] Completed 200 OK in 85.102µs
[sshexec] DEBUG 2017/04/27 02:22:44 /src/github.com/heketi/heketi/pkg/utils/ssh/ssh.go:176: Host: 192.168.48.17:22 Command: /bin/bash -c 'mkfs.xfs -i size=512 -n size=8192 /dev/mapper/vg_6c7ff8b53124baa86b5b789cd93274e1-brick_93d4ae603154e4fdcf6f2a965b05105b'
Result: meta-data=/dev/mapper/vg_6c7ff8b53124baa86b5b789cd93274e1-brick_93d4ae603154e4fdcf6f2a965b05105b isize=512    agcount=8, agsize=32704 blks
         =                       sectsz=512   attr=2, projid32bit=1
         =                       crc=1        finobt=1, sparse=0
data     =                       bsize=4096   blocks=261632, imaxpct=25
         =                       sunit=64     swidth=64 blks
naming   =version 2              bsize=8192   ascii-ci=0 ftype=1
log      =internal log           bsize=4096   blocks=1728, version=2
         =                       sectsz=512   sunit=64 blks, lazy-count=1
realtime =none                   extsz=4096   blocks=0, rtextents=0
[sshexec] DEBUG 2017/04/27 02:22:44 /src/github.com/heketi/heketi/pkg/utils/ssh/ssh.go:176: Host: 192.168.48.17:22 Command: /bin/bash -c 'echo "/dev/mapper/vg_6c7ff8b53124baa86b5b789cd93274e1-brick_93d4ae603154e4fdcf6f2a965b05105b /var/lib/heketi/mounts/vg_6c7ff8b53124baa86b5b789cd93274e1/brick_93d4ae603154e4fdcf6f2a965b05105b xfs rw,inode64,noatime,nouuid 1 2" | tee -a /etc/fstab > /dev/null '
Result: 
[sshexec] DEBUG 2017/04/27 02:22:44 /src/github.com/heketi/heketi/pkg/utils/ssh/ssh.go:176: Host: 192.168.48.12:22 Command: /bin/bash -c 'mount -o rw,inode64,noatime,nouuid /dev/mapper/vg_403cca7edce115dc1c641acc2f5f11fb-brick_4d158fea470dfb48a2b0be81e1a72af7 /var/lib/heketi/mounts/vg_403cca7edce115dc1c641acc2f5f11fb/brick_4d158fea470dfb48a2b0be81e1a72af7'
Result: 
[sshexec] DEBUG 2017/04/27 02:22:44 /src/github.com/heketi/heketi/pkg/utils/ssh/ssh.go:176: Host: 192.168.48.12:22 Command: /bin/bash -c 'mkdir /var/lib/heketi/mounts/vg_403cca7edce115dc1c641acc2f5f11fb/brick_4d158fea470dfb48a2b0be81e1a72af7/brick'
Result: 
[sshexec] DEBUG 2017/04/27 02:22:44 /src/github.com/heketi/heketi/pkg/utils/ssh/ssh.go:176: Host: 192.168.48.12:22 Command: /bin/bash -c 'chown :2000 /var/lib/heketi/mounts/vg_403cca7edce115dc1c641acc2f5f11fb/brick_4d158fea470dfb48a2b0be81e1a72af7/brick'
Result: 
[sshexec] DEBUG 2017/04/27 02:22:44 /src/github.com/heketi/heketi/pkg/utils/ssh/ssh.go:176: Host: 192.168.48.12:22 Command: /bin/bash -c 'chmod 2775 /var/lib/heketi/mounts/vg_403cca7edce115dc1c641acc2f5f11fb/brick_4d158fea470dfb48a2b0be81e1a72af7/brick'
Result: 
[sshexec] DEBUG 2017/04/27 02:22:45 /src/github.com/heketi/heketi/pkg/utils/ssh/ssh.go:176: Host: 192.168.48.14:22 Command: /bin/bash -c 'mount -o rw,inode64,noatime,nouuid /dev/mapper/vg_d72d3bd802d4e511a80ce2f16181289d-brick_b8b195d63a8c89d492c6526fe0868151 /var/lib/heketi/mounts/vg_d72d3bd802d4e511a80ce2f16181289d/brick_b8b195d63a8c89d492c6526fe0868151'
Result: 
[sshexec] DEBUG 2017/04/27 02:22:45 /src/github.com/heketi/heketi/pkg/utils/ssh/ssh.go:176: Host: 192.168.48.14:22 Command: /bin/bash -c 'mkdir /var/lib/heketi/mounts/vg_d72d3bd802d4e511a80ce2f16181289d/brick_b8b195d63a8c89d492c6526fe0868151/brick'
Result: 
[sshexec] DEBUG 2017/04/27 02:22:45 /src/github.com/heketi/heketi/pkg/utils/ssh/ssh.go:176: Host: 192.168.48.14:22 Command: /bin/bash -c 'chown :2000 /var/lib/heketi/mounts/vg_d72d3bd802d4e511a80ce2f16181289d/brick_b8b195d63a8c89d492c6526fe0868151/brick'
Result: 
[sshexec] DEBUG 2017/04/27 02:22:45 /src/github.com/heketi/heketi/pkg/utils/ssh/ssh.go:176: Host: 192.168.48.14:22 Command: /bin/bash -c 'chmod 2775 /var/lib/heketi/mounts/vg_d72d3bd802d4e511a80ce2f16181289d/brick_b8b195d63a8c89d492c6526fe0868151/brick'
Result: 
[sshexec] DEBUG 2017/04/27 02:22:45 /src/github.com/heketi/heketi/pkg/utils/ssh/ssh.go:176: Host: 192.168.48.17:22 Command: /bin/bash -c 'mount -o rw,inode64,noatime,nouuid /dev/mapper/vg_6c7ff8b53124baa86b5b789cd93274e1-brick_93d4ae603154e4fdcf6f2a965b05105b /var/lib/heketi/mounts/vg_6c7ff8b53124baa86b5b789cd93274e1/brick_93d4ae603154e4fdcf6f2a965b05105b'
Result: 
[sshexec] DEBUG 2017/04/27 02:22:45 /src/github.com/heketi/heketi/pkg/utils/ssh/ssh.go:176: Host: 192.168.48.17:22 Command: /bin/bash -c 'mkdir /var/lib/heketi/mounts/vg_6c7ff8b53124baa86b5b789cd93274e1/brick_93d4ae603154e4fdcf6f2a965b05105b/brick'
Result: 
[sshexec] DEBUG 2017/04/27 02:22:45 /src/github.com/heketi/heketi/pkg/utils/ssh/ssh.go:176: Host: 192.168.48.17:22 Command: /bin/bash -c 'chown :2000 /var/lib/heketi/mounts/vg_6c7ff8b53124baa86b5b789cd93274e1/brick_93d4ae603154e4fdcf6f2a965b05105b/brick'
Result: 
[sshexec] DEBUG 2017/04/27 02:22:45 /src/github.com/heketi/heketi/pkg/utils/ssh/ssh.go:176: Host: 192.168.48.17:22 Command: /bin/bash -c 'chmod 2775 /var/lib/heketi/mounts/vg_6c7ff8b53124baa86b5b789cd93274e1/brick_93d4ae603154e4fdcf6f2a965b05105b/brick'
Result: 
[sshexec] INFO 2017/04/27 02:22:45 Creating volume vol_526829b78ce0f1f7ba9a4f143fc56bdc replica 3
[sshexec] ERROR 2017/04/27 02:22:45 /src/github.com/heketi/heketi/pkg/utils/ssh/ssh.go:173: Failed to run command [/bin/bash -c 'gluster --mode=script volume create vol_526829b78ce0f1f7ba9a4f143fc56bdc replica 3 192.168.48.17:/var/lib/heketi/mounts/vg_6c7ff8b53124baa86b5b789cd93274e1/brick_93d4ae603154e4fdcf6f2a965b05105b/brick 192.168.48.14:/var/lib/heketi/mounts/vg_d72d3bd802d4e511a80ce2f16181289d/brick_b8b195d63a8c89d492c6526fe0868151/brick 192.168.48.12:/var/lib/heketi/mounts/vg_403cca7edce115dc1c641acc2f5f11fb/brick_4d158fea470dfb48a2b0be81e1a72af7/brick '] on 192.168.48.17:22: Err[Process exited with: 1. Reason was:  ()]: Stdout []: Stderr [volume create: vol_526829b78ce0f1f7ba9a4f143fc56bdc: failed: Host 192.168.48.14 is not in 'Peer in Cluster' state
]
[negroni] Started GET /queue/186ab0995bcf56fd5ea5c1dd9f41264a
[negroni] Completed 200 OK in 68.032µs
[sshexec] ERROR 2017/04/27 02:22:45 /src/github.com/heketi/heketi/pkg/utils/ssh/ssh.go:173: Failed to run command [/bin/bash -c 'gluster --mode=script volume stop vol_526829b78ce0f1f7ba9a4f143fc56bdc force'] on 192.168.48.17:22: Err[Process exited with: 1. Reason was:  ()]: Stdout []: Stderr [volume stop: vol_526829b78ce0f1f7ba9a4f143fc56bdc: failed: Volume vol_526829b78ce0f1f7ba9a4f143fc56bdc does not exist
]
[sshexec] ERROR 2017/04/27 02:22:45 /src/github.com/heketi/heketi/executors/sshexec/volume.go:130: Unable to stop volume vol_526829b78ce0f1f7ba9a4f143fc56bdc: volume stop: vol_526829b78ce0f1f7ba9a4f143fc56bdc: failed: Volume vol_526829b78ce0f1f7ba9a4f143fc56bdc does not exist
[sshexec] ERROR 2017/04/27 02:22:46 /src/github.com/heketi/heketi/pkg/utils/ssh/ssh.go:173: Failed to run command [/bin/bash -c 'gluster --mode=script volume delete vol_526829b78ce0f1f7ba9a4f143fc56bdc'] on 192.168.48.17:22: Err[Process exited with: 1. Reason was:  ()]: Stdout []: Stderr [volume delete: vol_526829b78ce0f1f7ba9a4f143fc56bdc: failed: Volume vol_526829b78ce0f1f7ba9a4f143fc56bdc does not exist
]
[sshexec] ERROR 2017/04/27 02:22:46 /src/github.com/heketi/heketi/executors/sshexec/volume.go:139: Unable to delete volume vol_526829b78ce0f1f7ba9a4f143fc56bdc: volume delete: vol_526829b78ce0f1f7ba9a4f143fc56bdc: failed: Volume vol_526829b78ce0f1f7ba9a4f143fc56bdc does not exist
[heketi] INFO 2017/04/27 02:22:46 Deleting brick b8b195d63a8c89d492c6526fe0868151
[heketi] INFO 2017/04/27 02:22:46 Deleting brick 93d4ae603154e4fdcf6f2a965b05105b
[heketi] INFO 2017/04/27 02:22:46 Deleting brick 4d158fea470dfb48a2b0be81e1a72af7
[sshexec] DEBUG 2017/04/27 02:22:46 /src/github.com/heketi/heketi/pkg/utils/ssh/ssh.go:176: Host: 192.168.48.17:22 Command: /bin/bash -c 'umount /var/lib/heketi/mounts/vg_6c7ff8b53124baa86b5b789cd93274e1/brick_93d4ae603154e4fdcf6f2a965b05105b'
Result: 
[sshexec] DEBUG 2017/04/27 02:22:46 /src/github.com/heketi/heketi/pkg/utils/ssh/ssh.go:176: Host: 192.168.48.12:22 Command: /bin/bash -c 'umount /var/lib/heketi/mounts/vg_403cca7edce115dc1c641acc2f5f11fb/brick_4d158fea470dfb48a2b0be81e1a72af7'
Result: 
[sshexec] DEBUG 2017/04/27 02:22:46 /src/github.com/heketi/heketi/pkg/utils/ssh/ssh.go:176: Host: 192.168.48.14:22 Command: /bin/bash -c 'umount /var/lib/heketi/mounts/vg_d72d3bd802d4e511a80ce2f16181289d/brick_b8b195d63a8c89d492c6526fe0868151'
Result: 
[negroni] Started GET /queue/186ab0995bcf56fd5ea5c1dd9f41264a
[negroni] Completed 200 OK in 101.2µs
[sshexec] DEBUG 2017/04/27 02:22:47 /src/github.com/heketi/heketi/pkg/utils/ssh/ssh.go:176: Host: 192.168.48.17:22 Command: /bin/bash -c 'lvremove -f vg_6c7ff8b53124baa86b5b789cd93274e1/tp_93d4ae603154e4fdcf6f2a965b05105b'
Result:   Logical volume "brick_93d4ae603154e4fdcf6f2a965b05105b" successfully removed
  Logical volume "tp_93d4ae603154e4fdcf6f2a965b05105b" successfully removed
[sshexec] DEBUG 2017/04/27 02:22:47 /src/github.com/heketi/heketi/pkg/utils/ssh/ssh.go:176: Host: 192.168.48.14:22 Command: /bin/bash -c 'lvremove -f vg_d72d3bd802d4e511a80ce2f16181289d/tp_b8b195d63a8c89d492c6526fe0868151'
Result:   Logical volume "brick_b8b195d63a8c89d492c6526fe0868151" successfully removed
  Logical volume "tp_b8b195d63a8c89d492c6526fe0868151" successfully removed
[sshexec] DEBUG 2017/04/27 02:22:47 /src/github.com/heketi/heketi/pkg/utils/ssh/ssh.go:176: Host: 192.168.48.12:22 Command: /bin/bash -c 'lvremove -f vg_403cca7edce115dc1c641acc2f5f11fb/tp_4d158fea470dfb48a2b0be81e1a72af7'
Result:   Logical volume "brick_4d158fea470dfb48a2b0be81e1a72af7" successfully removed
  Logical volume "tp_4d158fea470dfb48a2b0be81e1a72af7" successfully removed
[sshexec] DEBUG 2017/04/27 02:22:47 /src/github.com/heketi/heketi/pkg/utils/ssh/ssh.go:176: Host: 192.168.48.17:22 Command: /bin/bash -c 'rmdir /var/lib/heketi/mounts/vg_6c7ff8b53124baa86b5b789cd93274e1/brick_93d4ae603154e4fdcf6f2a965b05105b'
Result: 
[sshexec] DEBUG 2017/04/27 02:22:47 /src/github.com/heketi/heketi/pkg/utils/ssh/ssh.go:176: Host: 192.168.48.14:22 Command: /bin/bash -c 'rmdir /var/lib/heketi/mounts/vg_d72d3bd802d4e511a80ce2f16181289d/brick_b8b195d63a8c89d492c6526fe0868151'
Result: 
[sshexec] DEBUG 2017/04/27 02:22:47 /src/github.com/heketi/heketi/pkg/utils/ssh/ssh.go:176: Host: 192.168.48.12:22 Command: /bin/bash -c 'rmdir /var/lib/heketi/mounts/vg_403cca7edce115dc1c641acc2f5f11fb/brick_4d158fea470dfb48a2b0be81e1a72af7'
Result: 
[sshexec] DEBUG 2017/04/27 02:22:47 /src/github.com/heketi/heketi/pkg/utils/ssh/ssh.go:176: Host: 192.168.48.17:22 Command: /bin/bash -c 'sed -i.save "/brick_93d4ae603154e4fdcf6f2a965b05105b/d" /etc/fstab'
Result: 
[sshexec] DEBUG 2017/04/27 02:22:47 /src/github.com/heketi/heketi/pkg/utils/ssh/ssh.go:176: Host: 192.168.48.14:22 Command: /bin/bash -c 'sed -i.save "/brick_b8b195d63a8c89d492c6526fe0868151/d" /etc/fstab'
Result: 
[sshexec] DEBUG 2017/04/27 02:22:47 /src/github.com/heketi/heketi/pkg/utils/ssh/ssh.go:176: Host: 192.168.48.12:22 Command: /bin/bash -c 'sed -i.save "/brick_4d158fea470dfb48a2b0be81e1a72af7/d" /etc/fstab'
Result: 
[asynchttp] INFO 2017/04/27 02:22:47 Completed job 186ab0995bcf56fd5ea5c1dd9f41264a in 3.730304126s
[heketi] ERROR 2017/04/27 02:22:47 /src/github.com/heketi/heketi/apps/glusterfs/app_volume.go:148: Failed to create volume: volume create: vol_526829b78ce0f1f7ba9a4f143fc56bdc: failed: Host 192.168.48.14 is not in 'Peer in Cluster' state
[negroni] Started GET /queue/186ab0995bcf56fd5ea5c1dd9f41264a
[negroni] Completed 500 Internal Server Error in 165.558µs
[negroni] Started POST /volumes
[negroni] Completed 202 Accepted in 16.052379ms
[asynchttp] INFO 2017/04/27 02:22:58 Started job 2a93e64f7846c76f27b93ebf32ce449e
[heketi] INFO 2017/04/27 02:22:58 Creating volume 26f5761df8f9fb561152cb101ebf4a52
[heketi] INFO 2017/04/27 02:22:58 brick_num: 0
[negroni] Started GET /queue/2a93e64f7846c76f27b93ebf32ce449e
[negroni] Completed 200 OK in 308.888µs
[heketi] INFO 2017/04/27 02:22:58 Creating brick 3b1a177dc1c7f43d904d5101e559f9ee
[heketi] INFO 2017/04/27 02:22:58 Creating brick c85694c78ce9b06f0f242d54117b543f
[heketi] INFO 2017/04/27 02:22:58 Creating brick 737f358c33e48d642b53f78806f814f1
[sshexec] DEBUG 2017/04/27 02:22:59 /src/github.com/heketi/heketi/pkg/utils/ssh/ssh.go:176: Host: 192.168.48.12:22 Command: /bin/bash -c 'mkdir -p /var/lib/heketi/mounts/vg_403cca7edce115dc1c641acc2f5f11fb/brick_3b1a177dc1c7f43d904d5101e559f9ee'
Result: 
[sshexec] DEBUG 2017/04/27 02:22:59 /src/github.com/heketi/heketi/pkg/utils/ssh/ssh.go:176: Host: 192.168.48.14:22 Command: /bin/bash -c 'mkdir -p /var/lib/heketi/mounts/vg_d72d3bd802d4e511a80ce2f16181289d/brick_737f358c33e48d642b53f78806f814f1'
Result: 
[sshexec] DEBUG 2017/04/27 02:22:59 /src/github.com/heketi/heketi/pkg/utils/ssh/ssh.go:176: Host: 192.168.48.17:22 Command: /bin/bash -c 'mkdir -p /var/lib/heketi/mounts/vg_6c7ff8b53124baa86b5b789cd93274e1/brick_c85694c78ce9b06f0f242d54117b543f'
Result: 
[sshexec] DEBUG 2017/04/27 02:22:59 /src/github.com/heketi/heketi/pkg/utils/ssh/ssh.go:176: Host: 192.168.48.12:22 Command: /bin/bash -c 'lvcreate --poolmetadatasize 8192K -c 256K -L 1048576K -T vg_403cca7edce115dc1c641acc2f5f11fb/tp_3b1a177dc1c7f43d904d5101e559f9ee -V 1048576K -n brick_3b1a177dc1c7f43d904d5101e559f9ee'
Result:   Logical volume "brick_3b1a177dc1c7f43d904d5101e559f9ee" created.
[sshexec] DEBUG 2017/04/27 02:22:59 /src/github.com/heketi/heketi/pkg/utils/ssh/ssh.go:176: Host: 192.168.48.17:22 Command: /bin/bash -c 'lvcreate --poolmetadatasize 8192K -c 256K -L 1048576K -T vg_6c7ff8b53124baa86b5b789cd93274e1/tp_c85694c78ce9b06f0f242d54117b543f -V 1048576K -n brick_c85694c78ce9b06f0f242d54117b543f'
Result:   Logical volume "brick_c85694c78ce9b06f0f242d54117b543f" created.
[sshexec] DEBUG 2017/04/27 02:22:59 /src/github.com/heketi/heketi/pkg/utils/ssh/ssh.go:176: Host: 192.168.48.14:22 Command: /bin/bash -c 'lvcreate --poolmetadatasize 8192K -c 256K -L 1048576K -T vg_d72d3bd802d4e511a80ce2f16181289d/tp_737f358c33e48d642b53f78806f814f1 -V 1048576K -n brick_737f358c33e48d642b53f78806f814f1'
Result:   Logical volume "brick_737f358c33e48d642b53f78806f814f1" created.
[negroni] Started GET /queue/2a93e64f7846c76f27b93ebf32ce449e
[negroni] Completed 200 OK in 71.102µs
[sshexec] DEBUG 2017/04/27 02:22:59 /src/github.com/heketi/heketi/pkg/utils/ssh/ssh.go:176: Host: 192.168.48.12:22 Command: /bin/bash -c 'mkfs.xfs -i size=512 -n size=8192 /dev/mapper/vg_403cca7edce115dc1c641acc2f5f11fb-brick_3b1a177dc1c7f43d904d5101e559f9ee'
Result: meta-data=/dev/mapper/vg_403cca7edce115dc1c641acc2f5f11fb-brick_3b1a177dc1c7f43d904d5101e559f9ee isize=512    agcount=8, agsize=32704 blks
         =                       sectsz=4096  attr=2, projid32bit=1
         =                       crc=1        finobt=1, sparse=0
data     =                       bsize=4096   blocks=261632, imaxpct=25
         =                       sunit=64     swidth=64 blks
naming   =version 2              bsize=8192   ascii-ci=0 ftype=1
log      =internal log           bsize=4096   blocks=576, version=2
         =                       sectsz=4096  sunit=1 blks, lazy-count=1
realtime =none                   extsz=4096   blocks=0, rtextents=0
[sshexec] DEBUG 2017/04/27 02:22:59 /src/github.com/heketi/heketi/pkg/utils/ssh/ssh.go:176: Host: 192.168.48.12:22 Command: /bin/bash -c 'echo "/dev/mapper/vg_403cca7edce115dc1c641acc2f5f11fb-brick_3b1a177dc1c7f43d904d5101e559f9ee /var/lib/heketi/mounts/vg_403cca7edce115dc1c641acc2f5f11fb/brick_3b1a177dc1c7f43d904d5101e559f9ee xfs rw,inode64,noatime,nouuid 1 2" | tee -a /etc/fstab > /dev/null '
Result: 
[sshexec] DEBUG 2017/04/27 02:22:59 /src/github.com/heketi/heketi/pkg/utils/ssh/ssh.go:176: Host: 192.168.48.17:22 Command: /bin/bash -c 'mkfs.xfs -i size=512 -n size=8192 /dev/mapper/vg_6c7ff8b53124baa86b5b789cd93274e1-brick_c85694c78ce9b06f0f242d54117b543f'
Result: meta-data=/dev/mapper/vg_6c7ff8b53124baa86b5b789cd93274e1-brick_c85694c78ce9b06f0f242d54117b543f isize=512    agcount=8, agsize=32704 blks
         =                       sectsz=512   attr=2, projid32bit=1
         =                       crc=1        finobt=1, sparse=0
data     =                       bsize=4096   blocks=261632, imaxpct=25
         =                       sunit=64     swidth=64 blks
naming   =version 2              bsize=8192   ascii-ci=0 ftype=1
log      =internal log           bsize=4096   blocks=1728, version=2
         =                       sectsz=512   sunit=64 blks, lazy-count=1
realtime =none                   extsz=4096   blocks=0, rtextents=0
[sshexec] DEBUG 2017/04/27 02:22:59 /src/github.com/heketi/heketi/pkg/utils/ssh/ssh.go:176: Host: 192.168.48.14:22 Command: /bin/bash -c 'mkfs.xfs -i size=512 -n size=8192 /dev/mapper/vg_d72d3bd802d4e511a80ce2f16181289d-brick_737f358c33e48d642b53f78806f814f1'
Result: meta-data=/dev/mapper/vg_d72d3bd802d4e511a80ce2f16181289d-brick_737f358c33e48d642b53f78806f814f1 isize=512    agcount=8, agsize=32704 blks
         =                       sectsz=512   attr=2, projid32bit=1
         =                       crc=1        finobt=1, sparse=0
data     =                       bsize=4096   blocks=261632, imaxpct=25
         =                       sunit=64     swidth=64 blks
naming   =version 2              bsize=8192   ascii-ci=0 ftype=1
log      =internal log           bsize=4096   blocks=1728, version=2
         =                       sectsz=512   sunit=64 blks, lazy-count=1
realtime =none                   extsz=4096   blocks=0, rtextents=0
[sshexec] DEBUG 2017/04/27 02:22:59 /src/github.com/heketi/heketi/pkg/utils/ssh/ssh.go:176: Host: 192.168.48.17:22 Command: /bin/bash -c 'echo "/dev/mapper/vg_6c7ff8b53124baa86b5b789cd93274e1-brick_c85694c78ce9b06f0f242d54117b543f /var/lib/heketi/mounts/vg_6c7ff8b53124baa86b5b789cd93274e1/brick_c85694c78ce9b06f0f242d54117b543f xfs rw,inode64,noatime,nouuid 1 2" | tee -a /etc/fstab > /dev/null '
Result: 
[sshexec] DEBUG 2017/04/27 02:22:59 /src/github.com/heketi/heketi/pkg/utils/ssh/ssh.go:176: Host: 192.168.48.14:22 Command: /bin/bash -c 'echo "/dev/mapper/vg_d72d3bd802d4e511a80ce2f16181289d-brick_737f358c33e48d642b53f78806f814f1 /var/lib/heketi/mounts/vg_d72d3bd802d4e511a80ce2f16181289d/brick_737f358c33e48d642b53f78806f814f1 xfs rw,inode64,noatime,nouuid 1 2" | tee -a /etc/fstab > /dev/null '
Result: 
[sshexec] DEBUG 2017/04/27 02:23:00 /src/github.com/heketi/heketi/pkg/utils/ssh/ssh.go:176: Host: 192.168.48.12:22 Command: /bin/bash -c 'mount -o rw,inode64,noatime,nouuid /dev/mapper/vg_403cca7edce115dc1c641acc2f5f11fb-brick_3b1a177dc1c7f43d904d5101e559f9ee /var/lib/heketi/mounts/vg_403cca7edce115dc1c641acc2f5f11fb/brick_3b1a177dc1c7f43d904d5101e559f9ee'
Result: 
[sshexec] DEBUG 2017/04/27 02:23:00 /src/github.com/heketi/heketi/pkg/utils/ssh/ssh.go:176: Host: 192.168.48.12:22 Command: /bin/bash -c 'mkdir /var/lib/heketi/mounts/vg_403cca7edce115dc1c641acc2f5f11fb/brick_3b1a177dc1c7f43d904d5101e559f9ee/brick'
Result: 
[sshexec] DEBUG 2017/04/27 02:23:00 /src/github.com/heketi/heketi/pkg/utils/ssh/ssh.go:176: Host: 192.168.48.12:22 Command: /bin/bash -c 'chown :2000 /var/lib/heketi/mounts/vg_403cca7edce115dc1c641acc2f5f11fb/brick_3b1a177dc1c7f43d904d5101e559f9ee/brick'
Result: 
[sshexec] DEBUG 2017/04/27 02:23:00 /src/github.com/heketi/heketi/pkg/utils/ssh/ssh.go:176: Host: 192.168.48.12:22 Command: /bin/bash -c 'chmod 2775 /var/lib/heketi/mounts/vg_403cca7edce115dc1c641acc2f5f11fb/brick_3b1a177dc1c7f43d904d5101e559f9ee/brick'
Result: 
[sshexec] DEBUG 2017/04/27 02:23:00 /src/github.com/heketi/heketi/pkg/utils/ssh/ssh.go:176: Host: 192.168.48.17:22 Command: /bin/bash -c 'mount -o rw,inode64,noatime,nouuid /dev/mapper/vg_6c7ff8b53124baa86b5b789cd93274e1-brick_c85694c78ce9b06f0f242d54117b543f /var/lib/heketi/mounts/vg_6c7ff8b53124baa86b5b789cd93274e1/brick_c85694c78ce9b06f0f242d54117b543f'
Result: 
[sshexec] DEBUG 2017/04/27 02:23:00 /src/github.com/heketi/heketi/pkg/utils/ssh/ssh.go:176: Host: 192.168.48.14:22 Command: /bin/bash -c 'mount -o rw,inode64,noatime,nouuid /dev/mapper/vg_d72d3bd802d4e511a80ce2f16181289d-brick_737f358c33e48d642b53f78806f814f1 /var/lib/heketi/mounts/vg_d72d3bd802d4e511a80ce2f16181289d/brick_737f358c33e48d642b53f78806f814f1'
Result: 
[sshexec] DEBUG 2017/04/27 02:23:00 /src/github.com/heketi/heketi/pkg/utils/ssh/ssh.go:176: Host: 192.168.48.17:22 Command: /bin/bash -c 'mkdir /var/lib/heketi/mounts/vg_6c7ff8b53124baa86b5b789cd93274e1/brick_c85694c78ce9b06f0f242d54117b543f/brick'
Result: 
[sshexec] DEBUG 2017/04/27 02:23:00 /src/github.com/heketi/heketi/pkg/utils/ssh/ssh.go:176: Host: 192.168.48.14:22 Command: /bin/bash -c 'mkdir /var/lib/heketi/mounts/vg_d72d3bd802d4e511a80ce2f16181289d/brick_737f358c33e48d642b53f78806f814f1/brick'
Result: 
[sshexec] DEBUG 2017/04/27 02:23:00 /src/github.com/heketi/heketi/pkg/utils/ssh/ssh.go:176: Host: 192.168.48.14:22 Command: /bin/bash -c 'chown :2000 /var/lib/heketi/mounts/vg_d72d3bd802d4e511a80ce2f16181289d/brick_737f358c33e48d642b53f78806f814f1/brick'
Result: 
[sshexec] DEBUG 2017/04/27 02:23:00 /src/github.com/heketi/heketi/pkg/utils/ssh/ssh.go:176: Host: 192.168.48.17:22 Command: /bin/bash -c 'chown :2000 /var/lib/heketi/mounts/vg_6c7ff8b53124baa86b5b789cd93274e1/brick_c85694c78ce9b06f0f242d54117b543f/brick'
Result: 
[sshexec] DEBUG 2017/04/27 02:23:00 /src/github.com/heketi/heketi/pkg/utils/ssh/ssh.go:176: Host: 192.168.48.14:22 Command: /bin/bash -c 'chmod 2775 /var/lib/heketi/mounts/vg_d72d3bd802d4e511a80ce2f16181289d/brick_737f358c33e48d642b53f78806f814f1/brick'
Result: 
[sshexec] DEBUG 2017/04/27 02:23:00 /src/github.com/heketi/heketi/pkg/utils/ssh/ssh.go:176: Host: 192.168.48.17:22 Command: /bin/bash -c 'chmod 2775 /var/lib/heketi/mounts/vg_6c7ff8b53124baa86b5b789cd93274e1/brick_c85694c78ce9b06f0f242d54117b543f/brick'
Result: 
[sshexec] INFO 2017/04/27 02:23:00 Creating volume vol_26f5761df8f9fb561152cb101ebf4a52 replica 3
[sshexec] ERROR 2017/04/27 02:23:00 /src/github.com/heketi/heketi/pkg/utils/ssh/ssh.go:173: Failed to run command [/bin/bash -c 'gluster --mode=script volume create vol_26f5761df8f9fb561152cb101ebf4a52 replica 3 192.168.48.17:/var/lib/heketi/mounts/vg_6c7ff8b53124baa86b5b789cd93274e1/brick_c85694c78ce9b06f0f242d54117b543f/brick 192.168.48.14:/var/lib/heketi/mounts/vg_d72d3bd802d4e511a80ce2f16181289d/brick_737f358c33e48d642b53f78806f814f1/brick 192.168.48.12:/var/lib/heketi/mounts/vg_403cca7edce115dc1c641acc2f5f11fb/brick_3b1a177dc1c7f43d904d5101e559f9ee/brick '] on 192.168.48.17:22: Err[Process exited with: 1. Reason was:  ()]: Stdout []: Stderr [volume create: vol_26f5761df8f9fb561152cb101ebf4a52: failed: Host 192.168.48.14 is not in 'Peer in Cluster' state
]
[negroni] Started GET /queue/2a93e64f7846c76f27b93ebf32ce449e
[negroni] Completed 200 OK in 80.459µs
[sshexec] ERROR 2017/04/27 02:23:00 /src/github.com/heketi/heketi/pkg/utils/ssh/ssh.go:173: Failed to run command [/bin/bash -c 'gluster --mode=script volume stop vol_26f5761df8f9fb561152cb101ebf4a52 force'] on 192.168.48.17:22: Err[Process exited with: 1. Reason was:  ()]: Stdout []: Stderr [volume stop: vol_26f5761df8f9fb561152cb101ebf4a52: failed: Volume vol_26f5761df8f9fb561152cb101ebf4a52 does not exist
]
[sshexec] ERROR 2017/04/27 02:23:00 /src/github.com/heketi/heketi/executors/sshexec/volume.go:130: Unable to stop volume vol_26f5761df8f9fb561152cb101ebf4a52: volume stop: vol_26f5761df8f9fb561152cb101ebf4a52: failed: Volume vol_26f5761df8f9fb561152cb101ebf4a52 does not exist
[sshexec] ERROR 2017/04/27 02:23:01 /src/github.com/heketi/heketi/pkg/utils/ssh/ssh.go:173: Failed to run command [/bin/bash -c 'gluster --mode=script volume delete vol_26f5761df8f9fb561152cb101ebf4a52'] on 192.168.48.17:22: Err[Process exited with: 1. Reason was:  ()]: Stdout []: Stderr [volume delete: vol_26f5761df8f9fb561152cb101ebf4a52: failed: Volume vol_26f5761df8f9fb561152cb101ebf4a52 does not exist
]
[sshexec] ERROR 2017/04/27 02:23:01 /src/github.com/heketi/heketi/executors/sshexec/volume.go:139: Unable to delete volume vol_26f5761df8f9fb561152cb101ebf4a52: volume delete: vol_26f5761df8f9fb561152cb101ebf4a52: failed: Volume vol_26f5761df8f9fb561152cb101ebf4a52 does not exist
[heketi] INFO 2017/04/27 02:23:01 Deleting brick c85694c78ce9b06f0f242d54117b543f
[heketi] INFO 2017/04/27 02:23:01 Deleting brick 737f358c33e48d642b53f78806f814f1
[heketi] INFO 2017/04/27 02:23:01 Deleting brick 3b1a177dc1c7f43d904d5101e559f9ee
[sshexec] DEBUG 2017/04/27 02:23:01 /src/github.com/heketi/heketi/pkg/utils/ssh/ssh.go:176: Host: 192.168.48.12:22 Command: /bin/bash -c 'umount /var/lib/heketi/mounts/vg_403cca7edce115dc1c641acc2f5f11fb/brick_3b1a177dc1c7f43d904d5101e559f9ee'
Result: 
[sshexec] DEBUG 2017/04/27 02:23:01 /src/github.com/heketi/heketi/pkg/utils/ssh/ssh.go:176: Host: 192.168.48.17:22 Command: /bin/bash -c 'umount /var/lib/heketi/mounts/vg_6c7ff8b53124baa86b5b789cd93274e1/brick_c85694c78ce9b06f0f242d54117b543f'
Result: 
[sshexec] DEBUG 2017/04/27 02:23:01 /src/github.com/heketi/heketi/pkg/utils/ssh/ssh.go:176: Host: 192.168.48.14:22 Command: /bin/bash -c 'umount /var/lib/heketi/mounts/vg_d72d3bd802d4e511a80ce2f16181289d/brick_737f358c33e48d642b53f78806f814f1'
Result: 
[negroni] Started GET /queue/2a93e64f7846c76f27b93ebf32ce449e
[negroni] Completed 200 OK in 329.498µs
[sshexec] DEBUG 2017/04/27 02:23:02 /src/github.com/heketi/heketi/pkg/utils/ssh/ssh.go:176: Host: 192.168.48.14:22 Command: /bin/bash -c 'lvremove -f vg_d72d3bd802d4e511a80ce2f16181289d/tp_737f358c33e48d642b53f78806f814f1'
Result:   Logical volume "brick_737f358c33e48d642b53f78806f814f1" successfully removed
  Logical volume "tp_737f358c33e48d642b53f78806f814f1" successfully removed
[sshexec] DEBUG 2017/04/27 02:23:02 /src/github.com/heketi/heketi/pkg/utils/ssh/ssh.go:176: Host: 192.168.48.17:22 Command: /bin/bash -c 'lvremove -f vg_6c7ff8b53124baa86b5b789cd93274e1/tp_c85694c78ce9b06f0f242d54117b543f'
Result:   Logical volume "brick_c85694c78ce9b06f0f242d54117b543f" successfully removed
  Logical volume "tp_c85694c78ce9b06f0f242d54117b543f" successfully removed
[sshexec] DEBUG 2017/04/27 02:23:02 /src/github.com/heketi/heketi/pkg/utils/ssh/ssh.go:176: Host: 192.168.48.12:22 Command: /bin/bash -c 'lvremove -f vg_403cca7edce115dc1c641acc2f5f11fb/tp_3b1a177dc1c7f43d904d5101e559f9ee'
Result:   Logical volume "brick_3b1a177dc1c7f43d904d5101e559f9ee" successfully removed
  Logical volume "tp_3b1a177dc1c7f43d904d5101e559f9ee" successfully removed
[sshexec] DEBUG 2017/04/27 02:23:02 /src/github.com/heketi/heketi/pkg/utils/ssh/ssh.go:176: Host: 192.168.48.14:22 Command: /bin/bash -c 'rmdir /var/lib/heketi/mounts/vg_d72d3bd802d4e511a80ce2f16181289d/brick_737f358c33e48d642b53f78806f814f1'
Result: 
[sshexec] DEBUG 2017/04/27 02:23:02 /src/github.com/heketi/heketi/pkg/utils/ssh/ssh.go:176: Host: 192.168.48.12:22 Command: /bin/bash -c 'rmdir /var/lib/heketi/mounts/vg_403cca7edce115dc1c641acc2f5f11fb/brick_3b1a177dc1c7f43d904d5101e559f9ee'
Result: 
[sshexec] DEBUG 2017/04/27 02:23:02 /src/github.com/heketi/heketi/pkg/utils/ssh/ssh.go:176: Host: 192.168.48.17:22 Command: /bin/bash -c 'rmdir /var/lib/heketi/mounts/vg_6c7ff8b53124baa86b5b789cd93274e1/brick_c85694c78ce9b06f0f242d54117b543f'
Result: 
[sshexec] DEBUG 2017/04/27 02:23:02 /src/github.com/heketi/heketi/pkg/utils/ssh/ssh.go:176: Host: 192.168.48.14:22 Command: /bin/bash -c 'sed -i.save "/brick_737f358c33e48d642b53f78806f814f1/d" /etc/fstab'
Result: 
[sshexec] DEBUG 2017/04/27 02:23:02 /src/github.com/heketi/heketi/pkg/utils/ssh/ssh.go:176: Host: 192.168.48.12:22 Command: /bin/bash -c 'sed -i.save "/brick_3b1a177dc1c7f43d904d5101e559f9ee/d" /etc/fstab'
Result: 
[sshexec] DEBUG 2017/04/27 02:23:02 /src/github.com/heketi/heketi/pkg/utils/ssh/ssh.go:176: Host: 192.168.48.17:22 Command: /bin/bash -c 'sed -i.save "/brick_c85694c78ce9b06f0f242d54117b543f/d" /etc/fstab'
Result: 
[heketi] ERROR 2017/04/27 02:23:02 /src/github.com/heketi/heketi/apps/glusterfs/app_volume.go:148: Failed to create volume: volume create: vol_26f5761df8f9fb561152cb101ebf4a52: failed: Host 192.168.48.14 is not in 'Peer in Cluster' state
[asynchttp] INFO 2017/04/27 02:23:02 Completed job 2a93e64f7846c76f27b93ebf32ce449e in 3.75239526s
[negroni] Started GET /queue/2a93e64f7846c76f27b93ebf32ce449e
[negroni] Completed 500 Internal Server Error in 196.657µs
[negroni] Started POST /volumes
[negroni] Completed 202 Accepted in 17.345446ms
[asynchttp] INFO 2017/04/27 02:23:13 Started job f5f109bf086b721387597a07585835fc
[heketi] INFO 2017/04/27 02:23:13 Creating volume b72887c5c2764a13b1990be295b6eebd
[heketi] INFO 2017/04/27 02:23:13 brick_num: 0
[negroni] Started GET /queue/f5f109bf086b721387597a07585835fc
[negroni] Completed 200 OK in 301.6µs
[heketi] INFO 2017/04/27 02:23:13 Creating brick 4dab0b66917d40b2a2301cc90e7088b6
[heketi] INFO 2017/04/27 02:23:13 Creating brick 4759783f5abde3d3c9dce0586c2967b3
[heketi] INFO 2017/04/27 02:23:13 Creating brick fc8bd7bfe5e688ede43d672704914930
[sshexec] DEBUG 2017/04/27 02:23:14 /src/github.com/heketi/heketi/pkg/utils/ssh/ssh.go:176: Host: 192.168.48.12:22 Command: /bin/bash -c 'mkdir -p /var/lib/heketi/mounts/vg_403cca7edce115dc1c641acc2f5f11fb/brick_4dab0b66917d40b2a2301cc90e7088b6'
Result: 
[sshexec] DEBUG 2017/04/27 02:23:14 /src/github.com/heketi/heketi/pkg/utils/ssh/ssh.go:176: Host: 192.168.48.14:22 Command: /bin/bash -c 'mkdir -p /var/lib/heketi/mounts/vg_d72d3bd802d4e511a80ce2f16181289d/brick_fc8bd7bfe5e688ede43d672704914930'
Result: 
[sshexec] DEBUG 2017/04/27 02:23:14 /src/github.com/heketi/heketi/pkg/utils/ssh/ssh.go:176: Host: 192.168.48.17:22 Command: /bin/bash -c 'mkdir -p /var/lib/heketi/mounts/vg_6c7ff8b53124baa86b5b789cd93274e1/brick_4759783f5abde3d3c9dce0586c2967b3'
Result: 
[sshexec] DEBUG 2017/04/27 02:23:14 /src/github.com/heketi/heketi/pkg/utils/ssh/ssh.go:176: Host: 192.168.48.14:22 Command: /bin/bash -c 'lvcreate --poolmetadatasize 8192K -c 256K -L 1048576K -T vg_d72d3bd802d4e511a80ce2f16181289d/tp_fc8bd7bfe5e688ede43d672704914930 -V 1048576K -n brick_fc8bd7bfe5e688ede43d672704914930'
Result:   Logical volume "brick_fc8bd7bfe5e688ede43d672704914930" created.
[sshexec] DEBUG 2017/04/27 02:23:14 /src/github.com/heketi/heketi/pkg/utils/ssh/ssh.go:176: Host: 192.168.48.12:22 Command: /bin/bash -c 'lvcreate --poolmetadatasize 8192K -c 256K -L 1048576K -T vg_403cca7edce115dc1c641acc2f5f11fb/tp_4dab0b66917d40b2a2301cc90e7088b6 -V 1048576K -n brick_4dab0b66917d40b2a2301cc90e7088b6'
Result:   Logical volume "brick_4dab0b66917d40b2a2301cc90e7088b6" created.
[sshexec] DEBUG 2017/04/27 02:23:14 /src/github.com/heketi/heketi/pkg/utils/ssh/ssh.go:176: Host: 192.168.48.17:22 Command: /bin/bash -c 'lvcreate --poolmetadatasize 8192K -c 256K -L 1048576K -T vg_6c7ff8b53124baa86b5b789cd93274e1/tp_4759783f5abde3d3c9dce0586c2967b3 -V 1048576K -n brick_4759783f5abde3d3c9dce0586c2967b3'
Result:   Logical volume "brick_4759783f5abde3d3c9dce0586c2967b3" created.
[sshexec] DEBUG 2017/04/27 02:23:14 /src/github.com/heketi/heketi/pkg/utils/ssh/ssh.go:176: Host: 192.168.48.14:22 Command: /bin/bash -c 'mkfs.xfs -i size=512 -n size=8192 /dev/mapper/vg_d72d3bd802d4e511a80ce2f16181289d-brick_fc8bd7bfe5e688ede43d672704914930'
Result: meta-data=/dev/mapper/vg_d72d3bd802d4e511a80ce2f16181289d-brick_fc8bd7bfe5e688ede43d672704914930 isize=512    agcount=8, agsize=32704 blks
         =                       sectsz=512   attr=2, projid32bit=1
         =                       crc=1        finobt=1, sparse=0
data     =                       bsize=4096   blocks=261632, imaxpct=25
         =                       sunit=64     swidth=64 blks
naming   =version 2              bsize=8192   ascii-ci=0 ftype=1
log      =internal log           bsize=4096   blocks=1728, version=2
         =                       sectsz=512   sunit=64 blks, lazy-count=1
realtime =none                   extsz=4096   blocks=0, rtextents=0
[sshexec] DEBUG 2017/04/27 02:23:14 /src/github.com/heketi/heketi/pkg/utils/ssh/ssh.go:176: Host: 192.168.48.14:22 Command: /bin/bash -c 'echo "/dev/mapper/vg_d72d3bd802d4e511a80ce2f16181289d-brick_fc8bd7bfe5e688ede43d672704914930 /var/lib/heketi/mounts/vg_d72d3bd802d4e511a80ce2f16181289d/brick_fc8bd7bfe5e688ede43d672704914930 xfs rw,inode64,noatime,nouuid 1 2" | tee -a /etc/fstab > /dev/null '
Result: 
[sshexec] DEBUG 2017/04/27 02:23:14 /src/github.com/heketi/heketi/pkg/utils/ssh/ssh.go:176: Host: 192.168.48.12:22 Command: /bin/bash -c 'mkfs.xfs -i size=512 -n size=8192 /dev/mapper/vg_403cca7edce115dc1c641acc2f5f11fb-brick_4dab0b66917d40b2a2301cc90e7088b6'
Result: meta-data=/dev/mapper/vg_403cca7edce115dc1c641acc2f5f11fb-brick_4dab0b66917d40b2a2301cc90e7088b6 isize=512    agcount=8, agsize=32704 blks
         =                       sectsz=4096  attr=2, projid32bit=1
         =                       crc=1        finobt=1, sparse=0
data     =                       bsize=4096   blocks=261632, imaxpct=25
         =                       sunit=64     swidth=64 blks
naming   =version 2              bsize=8192   ascii-ci=0 ftype=1
log      =internal log           bsize=4096   blocks=576, version=2
         =                       sectsz=4096  sunit=1 blks, lazy-count=1
realtime =none                   extsz=4096   blocks=0, rtextents=0
[sshexec] DEBUG 2017/04/27 02:23:14 /src/github.com/heketi/heketi/pkg/utils/ssh/ssh.go:176: Host: 192.168.48.17:22 Command: /bin/bash -c 'mkfs.xfs -i size=512 -n size=8192 /dev/mapper/vg_6c7ff8b53124baa86b5b789cd93274e1-brick_4759783f5abde3d3c9dce0586c2967b3'
Result: meta-data=/dev/mapper/vg_6c7ff8b53124baa86b5b789cd93274e1-brick_4759783f5abde3d3c9dce0586c2967b3 isize=512    agcount=8, agsize=32704 blks
         =                       sectsz=512   attr=2, projid32bit=1
         =                       crc=1        finobt=1, sparse=0
data     =                       bsize=4096   blocks=261632, imaxpct=25
         =                       sunit=64     swidth=64 blks
naming   =version 2              bsize=8192   ascii-ci=0 ftype=1
log      =internal log           bsize=4096   blocks=1728, version=2
         =                       sectsz=512   sunit=64 blks, lazy-count=1
realtime =none                   extsz=4096   blocks=0, rtextents=0
[sshexec] DEBUG 2017/04/27 02:23:14 /src/github.com/heketi/heketi/pkg/utils/ssh/ssh.go:176: Host: 192.168.48.12:22 Command: /bin/bash -c 'echo "/dev/mapper/vg_403cca7edce115dc1c641acc2f5f11fb-brick_4dab0b66917d40b2a2301cc90e7088b6 /var/lib/heketi/mounts/vg_403cca7edce115dc1c641acc2f5f11fb/brick_4dab0b66917d40b2a2301cc90e7088b6 xfs rw,inode64,noatime,nouuid 1 2" | tee -a /etc/fstab > /dev/null '
Result: 
[sshexec] DEBUG 2017/04/27 02:23:14 /src/github.com/heketi/heketi/pkg/utils/ssh/ssh.go:176: Host: 192.168.48.17:22 Command: /bin/bash -c 'echo "/dev/mapper/vg_6c7ff8b53124baa86b5b789cd93274e1-brick_4759783f5abde3d3c9dce0586c2967b3 /var/lib/heketi/mounts/vg_6c7ff8b53124baa86b5b789cd93274e1/brick_4759783f5abde3d3c9dce0586c2967b3 xfs rw,inode64,noatime,nouuid 1 2" | tee -a /etc/fstab > /dev/null '
Result: 
[negroni] Started GET /queue/f5f109bf086b721387597a07585835fc
[negroni] Completed 200 OK in 48.836µs
[sshexec] DEBUG 2017/04/27 02:23:14 /src/github.com/heketi/heketi/pkg/utils/ssh/ssh.go:176: Host: 192.168.48.12:22 Command: /bin/bash -c 'mount -o rw,inode64,noatime,nouuid /dev/mapper/vg_403cca7edce115dc1c641acc2f5f11fb-brick_4dab0b66917d40b2a2301cc90e7088b6 /var/lib/heketi/mounts/vg_403cca7edce115dc1c641acc2f5f11fb/brick_4dab0b66917d40b2a2301cc90e7088b6'
Result: 
[sshexec] DEBUG 2017/04/27 02:23:15 /src/github.com/heketi/heketi/pkg/utils/ssh/ssh.go:176: Host: 192.168.48.12:22 Command: /bin/bash -c 'mkdir /var/lib/heketi/mounts/vg_403cca7edce115dc1c641acc2f5f11fb/brick_4dab0b66917d40b2a2301cc90e7088b6/brick'
Result: 
[sshexec] DEBUG 2017/04/27 02:23:15 /src/github.com/heketi/heketi/pkg/utils/ssh/ssh.go:176: Host: 192.168.48.12:22 Command: /bin/bash -c 'chown :2000 /var/lib/heketi/mounts/vg_403cca7edce115dc1c641acc2f5f11fb/brick_4dab0b66917d40b2a2301cc90e7088b6/brick'
Result: 
[sshexec] DEBUG 2017/04/27 02:23:15 /src/github.com/heketi/heketi/pkg/utils/ssh/ssh.go:176: Host: 192.168.48.12:22 Command: /bin/bash -c 'chmod 2775 /var/lib/heketi/mounts/vg_403cca7edce115dc1c641acc2f5f11fb/brick_4dab0b66917d40b2a2301cc90e7088b6/brick'
Result: 
[sshexec] DEBUG 2017/04/27 02:23:15 /src/github.com/heketi/heketi/pkg/utils/ssh/ssh.go:176: Host: 192.168.48.14:22 Command: /bin/bash -c 'mount -o rw,inode64,noatime,nouuid /dev/mapper/vg_d72d3bd802d4e511a80ce2f16181289d-brick_fc8bd7bfe5e688ede43d672704914930 /var/lib/heketi/mounts/vg_d72d3bd802d4e511a80ce2f16181289d/brick_fc8bd7bfe5e688ede43d672704914930'
Result: 
[sshexec] DEBUG 2017/04/27 02:23:15 /src/github.com/heketi/heketi/pkg/utils/ssh/ssh.go:176: Host: 192.168.48.14:22 Command: /bin/bash -c 'mkdir /var/lib/heketi/mounts/vg_d72d3bd802d4e511a80ce2f16181289d/brick_fc8bd7bfe5e688ede43d672704914930/brick'
Result: 
[sshexec] DEBUG 2017/04/27 02:23:15 /src/github.com/heketi/heketi/pkg/utils/ssh/ssh.go:176: Host: 192.168.48.14:22 Command: /bin/bash -c 'chown :2000 /var/lib/heketi/mounts/vg_d72d3bd802d4e511a80ce2f16181289d/brick_fc8bd7bfe5e688ede43d672704914930/brick'
Result: 
[sshexec] DEBUG 2017/04/27 02:23:15 /src/github.com/heketi/heketi/pkg/utils/ssh/ssh.go:176: Host: 192.168.48.14:22 Command: /bin/bash -c 'chmod 2775 /var/lib/heketi/mounts/vg_d72d3bd802d4e511a80ce2f16181289d/brick_fc8bd7bfe5e688ede43d672704914930/brick'
Result: 
[sshexec] DEBUG 2017/04/27 02:23:15 /src/github.com/heketi/heketi/pkg/utils/ssh/ssh.go:176: Host: 192.168.48.17:22 Command: /bin/bash -c 'mount -o rw,inode64,noatime,nouuid /dev/mapper/vg_6c7ff8b53124baa86b5b789cd93274e1-brick_4759783f5abde3d3c9dce0586c2967b3 /var/lib/heketi/mounts/vg_6c7ff8b53124baa86b5b789cd93274e1/brick_4759783f5abde3d3c9dce0586c2967b3'
Result: 
[sshexec] DEBUG 2017/04/27 02:23:15 /src/github.com/heketi/heketi/pkg/utils/ssh/ssh.go:176: Host: 192.168.48.17:22 Command: /bin/bash -c 'mkdir /var/lib/heketi/mounts/vg_6c7ff8b53124baa86b5b789cd93274e1/brick_4759783f5abde3d3c9dce0586c2967b3/brick'
Result: 
[sshexec] DEBUG 2017/04/27 02:23:15 /src/github.com/heketi/heketi/pkg/utils/ssh/ssh.go:176: Host: 192.168.48.17:22 Command: /bin/bash -c 'chown :2000 /var/lib/heketi/mounts/vg_6c7ff8b53124baa86b5b789cd93274e1/brick_4759783f5abde3d3c9dce0586c2967b3/brick'
Result: 
[sshexec] DEBUG 2017/04/27 02:23:15 /src/github.com/heketi/heketi/pkg/utils/ssh/ssh.go:176: Host: 192.168.48.17:22 Command: /bin/bash -c 'chmod 2775 /var/lib/heketi/mounts/vg_6c7ff8b53124baa86b5b789cd93274e1/brick_4759783f5abde3d3c9dce0586c2967b3/brick'
Result: 
[sshexec] INFO 2017/04/27 02:23:15 Creating volume vol_b72887c5c2764a13b1990be295b6eebd replica 3
[sshexec] ERROR 2017/04/27 02:23:15 /src/github.com/heketi/heketi/pkg/utils/ssh/ssh.go:173: Failed to run command [/bin/bash -c 'gluster --mode=script volume create vol_b72887c5c2764a13b1990be295b6eebd replica 3 192.168.48.12:/var/lib/heketi/mounts/vg_403cca7edce115dc1c641acc2f5f11fb/brick_4dab0b66917d40b2a2301cc90e7088b6/brick 192.168.48.17:/var/lib/heketi/mounts/vg_6c7ff8b53124baa86b5b789cd93274e1/brick_4759783f5abde3d3c9dce0586c2967b3/brick 192.168.48.14:/var/lib/heketi/mounts/vg_d72d3bd802d4e511a80ce2f16181289d/brick_fc8bd7bfe5e688ede43d672704914930/brick '] on 192.168.48.12:22: Err[Process exited with: 1. Reason was:  ()]: Stdout []: Stderr [volume create: vol_b72887c5c2764a13b1990be295b6eebd: failed: Host 192.168.48.14 is not in 'Peer in Cluster' state
]
[sshexec] ERROR 2017/04/27 02:23:15 /src/github.com/heketi/heketi/pkg/utils/ssh/ssh.go:173: Failed to run command [/bin/bash -c 'gluster --mode=script volume stop vol_b72887c5c2764a13b1990be295b6eebd force'] on 192.168.48.12:22: Err[Process exited with: 1. Reason was:  ()]: Stdout []: Stderr [volume stop: vol_b72887c5c2764a13b1990be295b6eebd: failed: Volume vol_b72887c5c2764a13b1990be295b6eebd does not exist
]
[sshexec] ERROR 2017/04/27 02:23:15 /src/github.com/heketi/heketi/executors/sshexec/volume.go:130: Unable to stop volume vol_b72887c5c2764a13b1990be295b6eebd: volume stop: vol_b72887c5c2764a13b1990be295b6eebd: failed: Volume vol_b72887c5c2764a13b1990be295b6eebd does not exist
[negroni] Started GET /queue/f5f109bf086b721387597a07585835fc
[negroni] Completed 200 OK in 106.617µs
[sshexec] ERROR 2017/04/27 02:23:15 /src/github.com/heketi/heketi/pkg/utils/ssh/ssh.go:173: Failed to run command [/bin/bash -c 'gluster --mode=script volume delete vol_b72887c5c2764a13b1990be295b6eebd'] on 192.168.48.12:22: Err[Process exited with: 1. Reason was:  ()]: Stdout []: Stderr [volume delete: vol_b72887c5c2764a13b1990be295b6eebd: failed: Volume vol_b72887c5c2764a13b1990be295b6eebd does not exist
]
[sshexec] ERROR 2017/04/27 02:23:15 /src/github.com/heketi/heketi/executors/sshexec/volume.go:139: Unable to delete volume vol_b72887c5c2764a13b1990be295b6eebd: volume delete: vol_b72887c5c2764a13b1990be295b6eebd: failed: Volume vol_b72887c5c2764a13b1990be295b6eebd does not exist
[heketi] INFO 2017/04/27 02:23:15 Deleting brick fc8bd7bfe5e688ede43d672704914930
[heketi] INFO 2017/04/27 02:23:15 Deleting brick 4dab0b66917d40b2a2301cc90e7088b6
[heketi] INFO 2017/04/27 02:23:15 Deleting brick 4759783f5abde3d3c9dce0586c2967b3
[sshexec] DEBUG 2017/04/27 02:23:16 /src/github.com/heketi/heketi/pkg/utils/ssh/ssh.go:176: Host: 192.168.48.12:22 Command: /bin/bash -c 'umount /var/lib/heketi/mounts/vg_403cca7edce115dc1c641acc2f5f11fb/brick_4dab0b66917d40b2a2301cc90e7088b6'
Result: 
[sshexec] DEBUG 2017/04/27 02:23:16 /src/github.com/heketi/heketi/pkg/utils/ssh/ssh.go:176: Host: 192.168.48.14:22 Command: /bin/bash -c 'umount /var/lib/heketi/mounts/vg_d72d3bd802d4e511a80ce2f16181289d/brick_fc8bd7bfe5e688ede43d672704914930'
Result: 
[sshexec] DEBUG 2017/04/27 02:23:16 /src/github.com/heketi/heketi/pkg/utils/ssh/ssh.go:176: Host: 192.168.48.17:22 Command: /bin/bash -c 'umount /var/lib/heketi/mounts/vg_6c7ff8b53124baa86b5b789cd93274e1/brick_4759783f5abde3d3c9dce0586c2967b3'
Result: 
[sshexec] DEBUG 2017/04/27 02:23:16 /src/github.com/heketi/heketi/pkg/utils/ssh/ssh.go:176: Host: 192.168.48.14:22 Command: /bin/bash -c 'lvremove -f vg_d72d3bd802d4e511a80ce2f16181289d/tp_fc8bd7bfe5e688ede43d672704914930'
Result:   Logical volume "brick_fc8bd7bfe5e688ede43d672704914930" successfully removed
  Logical volume "tp_fc8bd7bfe5e688ede43d672704914930" successfully removed
[sshexec] DEBUG 2017/04/27 02:23:16 /src/github.com/heketi/heketi/pkg/utils/ssh/ssh.go:176: Host: 192.168.48.17:22 Command: /bin/bash -c 'lvremove -f vg_6c7ff8b53124baa86b5b789cd93274e1/tp_4759783f5abde3d3c9dce0586c2967b3'
Result:   Logical volume "brick_4759783f5abde3d3c9dce0586c2967b3" successfully removed
  Logical volume "tp_4759783f5abde3d3c9dce0586c2967b3" successfully removed
[sshexec] DEBUG 2017/04/27 02:23:16 /src/github.com/heketi/heketi/pkg/utils/ssh/ssh.go:176: Host: 192.168.48.12:22 Command: /bin/bash -c 'lvremove -f vg_403cca7edce115dc1c641acc2f5f11fb/tp_4dab0b66917d40b2a2301cc90e7088b6'
Result:   Logical volume "brick_4dab0b66917d40b2a2301cc90e7088b6" successfully removed
  Logical volume "tp_4dab0b66917d40b2a2301cc90e7088b6" successfully removed
[sshexec] DEBUG 2017/04/27 02:23:16 /src/github.com/heketi/heketi/pkg/utils/ssh/ssh.go:176: Host: 192.168.48.14:22 Command: /bin/bash -c 'rmdir /var/lib/heketi/mounts/vg_d72d3bd802d4e511a80ce2f16181289d/brick_fc8bd7bfe5e688ede43d672704914930'
Result: 
[negroni] Started GET /queue/f5f109bf086b721387597a07585835fc
[negroni] Completed 200 OK in 122.651µs
[sshexec] DEBUG 2017/04/27 02:23:16 /src/github.com/heketi/heketi/pkg/utils/ssh/ssh.go:176: Host: 192.168.48.17:22 Command: /bin/bash -c 'rmdir /var/lib/heketi/mounts/vg_6c7ff8b53124baa86b5b789cd93274e1/brick_4759783f5abde3d3c9dce0586c2967b3'
Result: 
[sshexec] DEBUG 2017/04/27 02:23:16 /src/github.com/heketi/heketi/pkg/utils/ssh/ssh.go:176: Host: 192.168.48.12:22 Command: /bin/bash -c 'rmdir /var/lib/heketi/mounts/vg_403cca7edce115dc1c641acc2f5f11fb/brick_4dab0b66917d40b2a2301cc90e7088b6'
Result: 
[sshexec] DEBUG 2017/04/27 02:23:17 /src/github.com/heketi/heketi/pkg/utils/ssh/ssh.go:176: Host: 192.168.48.14:22 Command: /bin/bash -c 'sed -i.save "/brick_fc8bd7bfe5e688ede43d672704914930/d" /etc/fstab'
Result: 
[sshexec] DEBUG 2017/04/27 02:23:17 /src/github.com/heketi/heketi/pkg/utils/ssh/ssh.go:176: Host: 192.168.48.12:22 Command: /bin/bash -c 'sed -i.save "/brick_4dab0b66917d40b2a2301cc90e7088b6/d" /etc/fstab'
Result: 
[sshexec] DEBUG 2017/04/27 02:23:17 /src/github.com/heketi/heketi/pkg/utils/ssh/ssh.go:176: Host: 192.168.48.17:22 Command: /bin/bash -c 'sed -i.save "/brick_4759783f5abde3d3c9dce0586c2967b3/d" /etc/fstab'
Result: 
[heketi] ERROR 2017/04/27 02:23:17 /src/github.com/heketi/heketi/apps/glusterfs/app_volume.go:148: Failed to create volume: volume create: vol_b72887c5c2764a13b1990be295b6eebd: failed: Host 192.168.48.14 is not in 'Peer in Cluster' state
[asynchttp] INFO 2017/04/27 02:23:17 Completed job f5f109bf086b721387597a07585835fc in 3.317809123s
[negroni] Started GET /queue/f5f109bf086b721387597a07585835fc
[negroni] Completed 500 Internal Server Error in 148.613µs
[negroni] Started POST /volumes
[negroni] Completed 202 Accepted in 23.398596ms
[asynchttp] INFO 2017/04/27 02:23:28 Started job 84708a625eb09715b64c626ce1ad996c
[heketi] INFO 2017/04/27 02:23:28 Creating volume 647b849c6c4d38f0996aa9a65982c09b
[heketi] INFO 2017/04/27 02:23:28 brick_num: 0
[negroni] Started GET /queue/84708a625eb09715b64c626ce1ad996c
[negroni] Completed 200 OK in 86.284µs
[heketi] INFO 2017/04/27 02:23:29 Creating brick 6f2e6233d5888a76f9f995a1fcb28ecd
[heketi] INFO 2017/04/27 02:23:29 Creating brick 81dca205e5e8e1090042aac655024f4a
[heketi] INFO 2017/04/27 02:23:29 Creating brick 6ffd755968e49329f05afb2a161f13be
[sshexec] DEBUG 2017/04/27 02:23:29 /src/github.com/heketi/heketi/pkg/utils/ssh/ssh.go:176: Host: 192.168.48.12:22 Command: /bin/bash -c 'mkdir -p /var/lib/heketi/mounts/vg_403cca7edce115dc1c641acc2f5f11fb/brick_6ffd755968e49329f05afb2a161f13be'
Result: 
[sshexec] DEBUG 2017/04/27 02:23:29 /src/github.com/heketi/heketi/pkg/utils/ssh/ssh.go:176: Host: 192.168.48.14:22 Command: /bin/bash -c 'mkdir -p /var/lib/heketi/mounts/vg_d72d3bd802d4e511a80ce2f16181289d/brick_6f2e6233d5888a76f9f995a1fcb28ecd'
Result: 
[sshexec] DEBUG 2017/04/27 02:23:29 /src/github.com/heketi/heketi/pkg/utils/ssh/ssh.go:176: Host: 192.168.48.17:22 Command: /bin/bash -c 'mkdir -p /var/lib/heketi/mounts/vg_6c7ff8b53124baa86b5b789cd93274e1/brick_81dca205e5e8e1090042aac655024f4a'
Result: 
[sshexec] DEBUG 2017/04/27 02:23:29 /src/github.com/heketi/heketi/pkg/utils/ssh/ssh.go:176: Host: 192.168.48.12:22 Command: /bin/bash -c 'lvcreate --poolmetadatasize 8192K -c 256K -L 1048576K -T vg_403cca7edce115dc1c641acc2f5f11fb/tp_6ffd755968e49329f05afb2a161f13be -V 1048576K -n brick_6ffd755968e49329f05afb2a161f13be'
Result:   Logical volume "brick_6ffd755968e49329f05afb2a161f13be" created.
[sshexec] DEBUG 2017/04/27 02:23:29 /src/github.com/heketi/heketi/pkg/utils/ssh/ssh.go:176: Host: 192.168.48.14:22 Command: /bin/bash -c 'lvcreate --poolmetadatasize 8192K -c 256K -L 1048576K -T vg_d72d3bd802d4e511a80ce2f16181289d/tp_6f2e6233d5888a76f9f995a1fcb28ecd -V 1048576K -n brick_6f2e6233d5888a76f9f995a1fcb28ecd'
Result:   Logical volume "brick_6f2e6233d5888a76f9f995a1fcb28ecd" created.
[sshexec] DEBUG 2017/04/27 02:23:29 /src/github.com/heketi/heketi/pkg/utils/ssh/ssh.go:176: Host: 192.168.48.17:22 Command: /bin/bash -c 'lvcreate --poolmetadatasize 8192K -c 256K -L 1048576K -T vg_6c7ff8b53124baa86b5b789cd93274e1/tp_81dca205e5e8e1090042aac655024f4a -V 1048576K -n brick_81dca205e5e8e1090042aac655024f4a'
Result:   Logical volume "brick_81dca205e5e8e1090042aac655024f4a" created.
[sshexec] DEBUG 2017/04/27 02:23:29 /src/github.com/heketi/heketi/pkg/utils/ssh/ssh.go:176: Host: 192.168.48.12:22 Command: /bin/bash -c 'mkfs.xfs -i size=512 -n size=8192 /dev/mapper/vg_403cca7edce115dc1c641acc2f5f11fb-brick_6ffd755968e49329f05afb2a161f13be'
Result: meta-data=/dev/mapper/vg_403cca7edce115dc1c641acc2f5f11fb-brick_6ffd755968e49329f05afb2a161f13be isize=512    agcount=8, agsize=32704 blks
         =                       sectsz=4096  attr=2, projid32bit=1
         =                       crc=1        finobt=1, sparse=0
data     =                       bsize=4096   blocks=261632, imaxpct=25
         =                       sunit=64     swidth=64 blks
naming   =version 2              bsize=8192   ascii-ci=0 ftype=1
log      =internal log           bsize=4096   blocks=576, version=2
         =                       sectsz=4096  sunit=1 blks, lazy-count=1
realtime =none                   extsz=4096   blocks=0, rtextents=0
[sshexec] DEBUG 2017/04/27 02:23:29 /src/github.com/heketi/heketi/pkg/utils/ssh/ssh.go:176: Host: 192.168.48.12:22 Command: /bin/bash -c 'echo "/dev/mapper/vg_403cca7edce115dc1c641acc2f5f11fb-brick_6ffd755968e49329f05afb2a161f13be /var/lib/heketi/mounts/vg_403cca7edce115dc1c641acc2f5f11fb/brick_6ffd755968e49329f05afb2a161f13be xfs rw,inode64,noatime,nouuid 1 2" | tee -a /etc/fstab > /dev/null '
Result: 
[sshexec] DEBUG 2017/04/27 02:23:29 /src/github.com/heketi/heketi/pkg/utils/ssh/ssh.go:176: Host: 192.168.48.12:22 Command: /bin/bash -c 'mount -o rw,inode64,noatime,nouuid /dev/mapper/vg_403cca7edce115dc1c641acc2f5f11fb-brick_6ffd755968e49329f05afb2a161f13be /var/lib/heketi/mounts/vg_403cca7edce115dc1c641acc2f5f11fb/brick_6ffd755968e49329f05afb2a161f13be'
Result: 
[sshexec] DEBUG 2017/04/27 02:23:29 /src/github.com/heketi/heketi/pkg/utils/ssh/ssh.go:176: Host: 192.168.48.12:22 Command: /bin/bash -c 'mkdir /var/lib/heketi/mounts/vg_403cca7edce115dc1c641acc2f5f11fb/brick_6ffd755968e49329f05afb2a161f13be/brick'
Result: 
[sshexec] DEBUG 2017/04/27 02:23:29 /src/github.com/heketi/heketi/pkg/utils/ssh/ssh.go:176: Host: 192.168.48.12:22 Command: /bin/bash -c 'chown :2000 /var/lib/heketi/mounts/vg_403cca7edce115dc1c641acc2f5f11fb/brick_6ffd755968e49329f05afb2a161f13be/brick'
Result: 
[negroni] Started GET /queue/84708a625eb09715b64c626ce1ad996c
[negroni] Completed 200 OK in 92.34µs
[sshexec] DEBUG 2017/04/27 02:23:29 /src/github.com/heketi/heketi/pkg/utils/ssh/ssh.go:176: Host: 192.168.48.12:22 Command: /bin/bash -c 'chmod 2775 /var/lib/heketi/mounts/vg_403cca7edce115dc1c641acc2f5f11fb/brick_6ffd755968e49329f05afb2a161f13be/brick'
Result: 
[sshexec] DEBUG 2017/04/27 02:23:29 /src/github.com/heketi/heketi/pkg/utils/ssh/ssh.go:176: Host: 192.168.48.14:22 Command: /bin/bash -c 'mkfs.xfs -i size=512 -n size=8192 /dev/mapper/vg_d72d3bd802d4e511a80ce2f16181289d-brick_6f2e6233d5888a76f9f995a1fcb28ecd'
Result: meta-data=/dev/mapper/vg_d72d3bd802d4e511a80ce2f16181289d-brick_6f2e6233d5888a76f9f995a1fcb28ecd isize=512    agcount=8, agsize=32704 blks
         =                       sectsz=512   attr=2, projid32bit=1
         =                       crc=1        finobt=1, sparse=0
data     =                       bsize=4096   blocks=261632, imaxpct=25
         =                       sunit=64     swidth=64 blks
naming   =version 2              bsize=8192   ascii-ci=0 ftype=1
log      =internal log           bsize=4096   blocks=1728, version=2
         =                       sectsz=512   sunit=64 blks, lazy-count=1
realtime =none                   extsz=4096   blocks=0, rtextents=0
[sshexec] DEBUG 2017/04/27 02:23:29 /src/github.com/heketi/heketi/pkg/utils/ssh/ssh.go:176: Host: 192.168.48.14:22 Command: /bin/bash -c 'echo "/dev/mapper/vg_d72d3bd802d4e511a80ce2f16181289d-brick_6f2e6233d5888a76f9f995a1fcb28ecd /var/lib/heketi/mounts/vg_d72d3bd802d4e511a80ce2f16181289d/brick_6f2e6233d5888a76f9f995a1fcb28ecd xfs rw,inode64,noatime,nouuid 1 2" | tee -a /etc/fstab > /dev/null '
Result: 
[sshexec] DEBUG 2017/04/27 02:23:29 /src/github.com/heketi/heketi/pkg/utils/ssh/ssh.go:176: Host: 192.168.48.17:22 Command: /bin/bash -c 'mkfs.xfs -i size=512 -n size=8192 /dev/mapper/vg_6c7ff8b53124baa86b5b789cd93274e1-brick_81dca205e5e8e1090042aac655024f4a'
Result: meta-data=/dev/mapper/vg_6c7ff8b53124baa86b5b789cd93274e1-brick_81dca205e5e8e1090042aac655024f4a isize=512    agcount=8, agsize=32704 blks
         =                       sectsz=512   attr=2, projid32bit=1
         =                       crc=1        finobt=1, sparse=0
data     =                       bsize=4096   blocks=261632, imaxpct=25
         =                       sunit=64     swidth=64 blks
naming   =version 2              bsize=8192   ascii-ci=0 ftype=1
log      =internal log           bsize=4096   blocks=1728, version=2
         =                       sectsz=512   sunit=64 blks, lazy-count=1
realtime =none                   extsz=4096   blocks=0, rtextents=0
[sshexec] DEBUG 2017/04/27 02:23:30 /src/github.com/heketi/heketi/pkg/utils/ssh/ssh.go:176: Host: 192.168.48.17:22 Command: /bin/bash -c 'echo "/dev/mapper/vg_6c7ff8b53124baa86b5b789cd93274e1-brick_81dca205e5e8e1090042aac655024f4a /var/lib/heketi/mounts/vg_6c7ff8b53124baa86b5b789cd93274e1/brick_81dca205e5e8e1090042aac655024f4a xfs rw,inode64,noatime,nouuid 1 2" | tee -a /etc/fstab > /dev/null '
Result: 
[sshexec] DEBUG 2017/04/27 02:23:30 /src/github.com/heketi/heketi/pkg/utils/ssh/ssh.go:176: Host: 192.168.48.14:22 Command: /bin/bash -c 'mount -o rw,inode64,noatime,nouuid /dev/mapper/vg_d72d3bd802d4e511a80ce2f16181289d-brick_6f2e6233d5888a76f9f995a1fcb28ecd /var/lib/heketi/mounts/vg_d72d3bd802d4e511a80ce2f16181289d/brick_6f2e6233d5888a76f9f995a1fcb28ecd'
Result: 
[sshexec] DEBUG 2017/04/27 02:23:30 /src/github.com/heketi/heketi/pkg/utils/ssh/ssh.go:176: Host: 192.168.48.14:22 Command: /bin/bash -c 'mkdir /var/lib/heketi/mounts/vg_d72d3bd802d4e511a80ce2f16181289d/brick_6f2e6233d5888a76f9f995a1fcb28ecd/brick'
Result: 
[sshexec] DEBUG 2017/04/27 02:23:30 /src/github.com/heketi/heketi/pkg/utils/ssh/ssh.go:176: Host: 192.168.48.14:22 Command: /bin/bash -c 'chown :2000 /var/lib/heketi/mounts/vg_d72d3bd802d4e511a80ce2f16181289d/brick_6f2e6233d5888a76f9f995a1fcb28ecd/brick'
Result: 
[sshexec] DEBUG 2017/04/27 02:23:30 /src/github.com/heketi/heketi/pkg/utils/ssh/ssh.go:176: Host: 192.168.48.14:22 Command: /bin/bash -c 'chmod 2775 /var/lib/heketi/mounts/vg_d72d3bd802d4e511a80ce2f16181289d/brick_6f2e6233d5888a76f9f995a1fcb28ecd/brick'
Result: 
[sshexec] DEBUG 2017/04/27 02:23:30 /src/github.com/heketi/heketi/pkg/utils/ssh/ssh.go:176: Host: 192.168.48.17:22 Command: /bin/bash -c 'mount -o rw,inode64,noatime,nouuid /dev/mapper/vg_6c7ff8b53124baa86b5b789cd93274e1-brick_81dca205e5e8e1090042aac655024f4a /var/lib/heketi/mounts/vg_6c7ff8b53124baa86b5b789cd93274e1/brick_81dca205e5e8e1090042aac655024f4a'
Result: 
[sshexec] DEBUG 2017/04/27 02:23:30 /src/github.com/heketi/heketi/pkg/utils/ssh/ssh.go:176: Host: 192.168.48.17:22 Command: /bin/bash -c 'mkdir /var/lib/heketi/mounts/vg_6c7ff8b53124baa86b5b789cd93274e1/brick_81dca205e5e8e1090042aac655024f4a/brick'
Result: 
[sshexec] DEBUG 2017/04/27 02:23:30 /src/github.com/heketi/heketi/pkg/utils/ssh/ssh.go:176: Host: 192.168.48.17:22 Command: /bin/bash -c 'chown :2000 /var/lib/heketi/mounts/vg_6c7ff8b53124baa86b5b789cd93274e1/brick_81dca205e5e8e1090042aac655024f4a/brick'
Result: 
[sshexec] DEBUG 2017/04/27 02:23:30 /src/github.com/heketi/heketi/pkg/utils/ssh/ssh.go:176: Host: 192.168.48.17:22 Command: /bin/bash -c 'chmod 2775 /var/lib/heketi/mounts/vg_6c7ff8b53124baa86b5b789cd93274e1/brick_81dca205e5e8e1090042aac655024f4a/brick'
Result: 
[sshexec] INFO 2017/04/27 02:23:30 Creating volume vol_647b849c6c4d38f0996aa9a65982c09b replica 3
[sshexec] ERROR 2017/04/27 02:23:30 /src/github.com/heketi/heketi/pkg/utils/ssh/ssh.go:173: Failed to run command [/bin/bash -c 'gluster --mode=script volume create vol_647b849c6c4d38f0996aa9a65982c09b replica 3 192.168.48.14:/var/lib/heketi/mounts/vg_d72d3bd802d4e511a80ce2f16181289d/brick_6f2e6233d5888a76f9f995a1fcb28ecd/brick 192.168.48.12:/var/lib/heketi/mounts/vg_403cca7edce115dc1c641acc2f5f11fb/brick_6ffd755968e49329f05afb2a161f13be/brick 192.168.48.17:/var/lib/heketi/mounts/vg_6c7ff8b53124baa86b5b789cd93274e1/brick_81dca205e5e8e1090042aac655024f4a/brick '] on 192.168.48.14:22: Err[Process exited with: 1. Reason was:  ()]: Stdout []: Stderr [volume create: vol_647b849c6c4d38f0996aa9a65982c09b: failed: Staging failed on 192.168.48.12. Error: Host 192.168.48.14 is not in 'Peer in Cluster' state
Staging failed on 192.168.48.17. Error: Host 192.168.48.14 is not in 'Peer in Cluster' state
]
[negroni] Started GET /queue/84708a625eb09715b64c626ce1ad996c
[negroni] Completed 200 OK in 1.011106ms
[sshexec] ERROR 2017/04/27 02:23:30 /src/github.com/heketi/heketi/pkg/utils/ssh/ssh.go:173: Failed to run command [/bin/bash -c 'gluster --mode=script volume stop vol_647b849c6c4d38f0996aa9a65982c09b force'] on 192.168.48.14:22: Err[Process exited with: 1. Reason was:  ()]: Stdout []: Stderr [volume stop: vol_647b849c6c4d38f0996aa9a65982c09b: failed: Volume vol_647b849c6c4d38f0996aa9a65982c09b does not exist
]
[sshexec] ERROR 2017/04/27 02:23:30 /src/github.com/heketi/heketi/executors/sshexec/volume.go:130: Unable to stop volume vol_647b849c6c4d38f0996aa9a65982c09b: volume stop: vol_647b849c6c4d38f0996aa9a65982c09b: failed: Volume vol_647b849c6c4d38f0996aa9a65982c09b does not exist
[sshexec] ERROR 2017/04/27 02:23:31 /src/github.com/heketi/heketi/pkg/utils/ssh/ssh.go:173: Failed to run command [/bin/bash -c 'gluster --mode=script volume delete vol_647b849c6c4d38f0996aa9a65982c09b'] on 192.168.48.14:22: Err[Process exited with: 1. Reason was:  ()]: Stdout []: Stderr [volume delete: vol_647b849c6c4d38f0996aa9a65982c09b: failed: Volume vol_647b849c6c4d38f0996aa9a65982c09b does not exist
]
[sshexec] ERROR 2017/04/27 02:23:31 /src/github.com/heketi/heketi/executors/sshexec/volume.go:139: Unable to delete volume vol_647b849c6c4d38f0996aa9a65982c09b: volume delete: vol_647b849c6c4d38f0996aa9a65982c09b: failed: Volume vol_647b849c6c4d38f0996aa9a65982c09b does not exist
[heketi] INFO 2017/04/27 02:23:31 Deleting brick 81dca205e5e8e1090042aac655024f4a
[heketi] INFO 2017/04/27 02:23:31 Deleting brick 6ffd755968e49329f05afb2a161f13be
[heketi] INFO 2017/04/27 02:23:31 Deleting brick 6f2e6233d5888a76f9f995a1fcb28ecd
[sshexec] DEBUG 2017/04/27 02:23:31 /src/github.com/heketi/heketi/pkg/utils/ssh/ssh.go:176: Host: 192.168.48.14:22 Command: /bin/bash -c 'umount /var/lib/heketi/mounts/vg_d72d3bd802d4e511a80ce2f16181289d/brick_6f2e6233d5888a76f9f995a1fcb28ecd'
Result: 
[sshexec] DEBUG 2017/04/27 02:23:31 /src/github.com/heketi/heketi/pkg/utils/ssh/ssh.go:176: Host: 192.168.48.17:22 Command: /bin/bash -c 'umount /var/lib/heketi/mounts/vg_6c7ff8b53124baa86b5b789cd93274e1/brick_81dca205e5e8e1090042aac655024f4a'
Result: 
[sshexec] DEBUG 2017/04/27 02:23:31 /src/github.com/heketi/heketi/pkg/utils/ssh/ssh.go:176: Host: 192.168.48.12:22 Command: /bin/bash -c 'umount /var/lib/heketi/mounts/vg_403cca7edce115dc1c641acc2f5f11fb/brick_6ffd755968e49329f05afb2a161f13be'
Result: 
[negroni] Started GET /queue/84708a625eb09715b64c626ce1ad996c
[negroni] Completed 200 OK in 121.064µs
[sshexec] DEBUG 2017/04/27 02:23:31 /src/github.com/heketi/heketi/pkg/utils/ssh/ssh.go:176: Host: 192.168.48.14:22 Command: /bin/bash -c 'lvremove -f vg_d72d3bd802d4e511a80ce2f16181289d/tp_6f2e6233d5888a76f9f995a1fcb28ecd'
Result:   Logical volume "brick_6f2e6233d5888a76f9f995a1fcb28ecd" successfully removed
  Logical volume "tp_6f2e6233d5888a76f9f995a1fcb28ecd" successfully removed
[sshexec] DEBUG 2017/04/27 02:23:32 /src/github.com/heketi/heketi/pkg/utils/ssh/ssh.go:176: Host: 192.168.48.17:22 Command: /bin/bash -c 'lvremove -f vg_6c7ff8b53124baa86b5b789cd93274e1/tp_81dca205e5e8e1090042aac655024f4a'
Result:   Logical volume "brick_81dca205e5e8e1090042aac655024f4a" successfully removed
  Logical volume "tp_81dca205e5e8e1090042aac655024f4a" successfully removed
[sshexec] DEBUG 2017/04/27 02:23:32 /src/github.com/heketi/heketi/pkg/utils/ssh/ssh.go:176: Host: 192.168.48.14:22 Command: /bin/bash -c 'rmdir /var/lib/heketi/mounts/vg_d72d3bd802d4e511a80ce2f16181289d/brick_6f2e6233d5888a76f9f995a1fcb28ecd'
Result: 
[sshexec] DEBUG 2017/04/27 02:23:32 /src/github.com/heketi/heketi/pkg/utils/ssh/ssh.go:176: Host: 192.168.48.12:22 Command: /bin/bash -c 'lvremove -f vg_403cca7edce115dc1c641acc2f5f11fb/tp_6ffd755968e49329f05afb2a161f13be'
Result:   Logical volume "brick_6ffd755968e49329f05afb2a161f13be" successfully removed
  Logical volume "tp_6ffd755968e49329f05afb2a161f13be" successfully removed
[sshexec] DEBUG 2017/04/27 02:23:32 /src/github.com/heketi/heketi/pkg/utils/ssh/ssh.go:176: Host: 192.168.48.17:22 Command: /bin/bash -c 'rmdir /var/lib/heketi/mounts/vg_6c7ff8b53124baa86b5b789cd93274e1/brick_81dca205e5e8e1090042aac655024f4a'
Result: 
[sshexec] DEBUG 2017/04/27 02:23:32 /src/github.com/heketi/heketi/pkg/utils/ssh/ssh.go:176: Host: 192.168.48.14:22 Command: /bin/bash -c 'sed -i.save "/brick_6f2e6233d5888a76f9f995a1fcb28ecd/d" /etc/fstab'
Result: 
[sshexec] DEBUG 2017/04/27 02:23:32 /src/github.com/heketi/heketi/pkg/utils/ssh/ssh.go:176: Host: 192.168.48.12:22 Command: /bin/bash -c 'rmdir /var/lib/heketi/mounts/vg_403cca7edce115dc1c641acc2f5f11fb/brick_6ffd755968e49329f05afb2a161f13be'
Result: 
[sshexec] DEBUG 2017/04/27 02:23:32 /src/github.com/heketi/heketi/pkg/utils/ssh/ssh.go:176: Host: 192.168.48.17:22 Command: /bin/bash -c 'sed -i.save "/brick_81dca205e5e8e1090042aac655024f4a/d" /etc/fstab'
Result: 
[sshexec] DEBUG 2017/04/27 02:23:32 /src/github.com/heketi/heketi/pkg/utils/ssh/ssh.go:176: Host: 192.168.48.12:22 Command: /bin/bash -c 'sed -i.save "/brick_6ffd755968e49329f05afb2a161f13be/d" /etc/fstab'
Result: 
[heketi] ERROR 2017/04/27 02:23:32 /src/github.com/heketi/heketi/apps/glusterfs/app_volume.go:148: Failed to create volume: volume create: vol_647b849c6c4d38f0996aa9a65982c09b: failed: Staging failed on 192.168.48.12. Error: Host 192.168.48.14 is not in 'Peer in Cluster' state
Staging failed on 192.168.48.17. Error: Host 192.168.48.14 is not in 'Peer in Cluster' state
[asynchttp] INFO 2017/04/27 02:23:32 Completed job 84708a625eb09715b64c626ce1ad996c in 3.7204234s
[negroni] Started GET /queue/84708a625eb09715b64c626ce1ad996c
[negroni] Completed 500 Internal Server Error in 89.323µs
[negroni] Started POST /volumes
[negroni] Completed 202 Accepted in 20.290404ms
[asynchttp] INFO 2017/04/27 02:23:43 Started job bfaff5ca2e5c6692cde096549477dffa
[heketi] INFO 2017/04/27 02:23:43 Creating volume d70224afd6b26f6e4a9572f66ba32aa3
[heketi] INFO 2017/04/27 02:23:43 brick_num: 0
[negroni] Started GET /queue/bfaff5ca2e5c6692cde096549477dffa
[negroni] Completed 200 OK in 176.011µs
[heketi] INFO 2017/04/27 02:23:43 Creating brick d99e91e701d0194db0e2f91d87ad9a38
[heketi] INFO 2017/04/27 02:23:43 Creating brick 0f2e9f81b33f089a3120d419772eddc6
[heketi] INFO 2017/04/27 02:23:43 Creating brick 4e26702272bce1eec010c4713fbeefe5
[sshexec] DEBUG 2017/04/27 02:23:44 /src/github.com/heketi/heketi/pkg/utils/ssh/ssh.go:176: Host: 192.168.48.12:22 Command: /bin/bash -c 'mkdir -p /var/lib/heketi/mounts/vg_403cca7edce115dc1c641acc2f5f11fb/brick_4e26702272bce1eec010c4713fbeefe5'
Result: 
[sshexec] DEBUG 2017/04/27 02:23:44 /src/github.com/heketi/heketi/pkg/utils/ssh/ssh.go:176: Host: 192.168.48.14:22 Command: /bin/bash -c 'mkdir -p /var/lib/heketi/mounts/vg_d72d3bd802d4e511a80ce2f16181289d/brick_d99e91e701d0194db0e2f91d87ad9a38'
Result: 
[sshexec] DEBUG 2017/04/27 02:23:44 /src/github.com/heketi/heketi/pkg/utils/ssh/ssh.go:176: Host: 192.168.48.17:22 Command: /bin/bash -c 'mkdir -p /var/lib/heketi/mounts/vg_6c7ff8b53124baa86b5b789cd93274e1/brick_0f2e9f81b33f089a3120d419772eddc6'
Result: 
[sshexec] DEBUG 2017/04/27 02:23:44 /src/github.com/heketi/heketi/pkg/utils/ssh/ssh.go:176: Host: 192.168.48.14:22 Command: /bin/bash -c 'lvcreate --poolmetadatasize 8192K -c 256K -L 1048576K -T vg_d72d3bd802d4e511a80ce2f16181289d/tp_d99e91e701d0194db0e2f91d87ad9a38 -V 1048576K -n brick_d99e91e701d0194db0e2f91d87ad9a38'
Result:   Logical volume "brick_d99e91e701d0194db0e2f91d87ad9a38" created.
[sshexec] DEBUG 2017/04/27 02:23:44 /src/github.com/heketi/heketi/pkg/utils/ssh/ssh.go:176: Host: 192.168.48.12:22 Command: /bin/bash -c 'lvcreate --poolmetadatasize 8192K -c 256K -L 1048576K -T vg_403cca7edce115dc1c641acc2f5f11fb/tp_4e26702272bce1eec010c4713fbeefe5 -V 1048576K -n brick_4e26702272bce1eec010c4713fbeefe5'
Result:   Logical volume "brick_4e26702272bce1eec010c4713fbeefe5" created.
[sshexec] DEBUG 2017/04/27 02:23:44 /src/github.com/heketi/heketi/pkg/utils/ssh/ssh.go:176: Host: 192.168.48.17:22 Command: /bin/bash -c 'lvcreate --poolmetadatasize 8192K -c 256K -L 1048576K -T vg_6c7ff8b53124baa86b5b789cd93274e1/tp_0f2e9f81b33f089a3120d419772eddc6 -V 1048576K -n brick_0f2e9f81b33f089a3120d419772eddc6'
Result:   Logical volume "brick_0f2e9f81b33f089a3120d419772eddc6" created.
[sshexec] DEBUG 2017/04/27 02:23:44 /src/github.com/heketi/heketi/pkg/utils/ssh/ssh.go:176: Host: 192.168.48.14:22 Command: /bin/bash -c 'mkfs.xfs -i size=512 -n size=8192 /dev/mapper/vg_d72d3bd802d4e511a80ce2f16181289d-brick_d99e91e701d0194db0e2f91d87ad9a38'
Result: meta-data=/dev/mapper/vg_d72d3bd802d4e511a80ce2f16181289d-brick_d99e91e701d0194db0e2f91d87ad9a38 isize=512    agcount=8, agsize=32704 blks
         =                       sectsz=512   attr=2, projid32bit=1
         =                       crc=1        finobt=1, sparse=0
data     =                       bsize=4096   blocks=261632, imaxpct=25
         =                       sunit=64     swidth=64 blks
naming   =version 2              bsize=8192   ascii-ci=0 ftype=1
log      =internal log           bsize=4096   blocks=1728, version=2
         =                       sectsz=512   sunit=64 blks, lazy-count=1
realtime =none                   extsz=4096   blocks=0, rtextents=0
[negroni] Started GET /queue/bfaff5ca2e5c6692cde096549477dffa
[negroni] Completed 200 OK in 89.763µs
[sshexec] DEBUG 2017/04/27 02:23:44 /src/github.com/heketi/heketi/pkg/utils/ssh/ssh.go:176: Host: 192.168.48.14:22 Command: /bin/bash -c 'echo "/dev/mapper/vg_d72d3bd802d4e511a80ce2f16181289d-brick_d99e91e701d0194db0e2f91d87ad9a38 /var/lib/heketi/mounts/vg_d72d3bd802d4e511a80ce2f16181289d/brick_d99e91e701d0194db0e2f91d87ad9a38 xfs rw,inode64,noatime,nouuid 1 2" | tee -a /etc/fstab > /dev/null '
Result: 
[sshexec] DEBUG 2017/04/27 02:23:44 /src/github.com/heketi/heketi/pkg/utils/ssh/ssh.go:176: Host: 192.168.48.12:22 Command: /bin/bash -c 'mkfs.xfs -i size=512 -n size=8192 /dev/mapper/vg_403cca7edce115dc1c641acc2f5f11fb-brick_4e26702272bce1eec010c4713fbeefe5'
Result: meta-data=/dev/mapper/vg_403cca7edce115dc1c641acc2f5f11fb-brick_4e26702272bce1eec010c4713fbeefe5 isize=512    agcount=8, agsize=32704 blks
         =                       sectsz=4096  attr=2, projid32bit=1
         =                       crc=1        finobt=1, sparse=0
data     =                       bsize=4096   blocks=261632, imaxpct=25
         =                       sunit=64     swidth=64 blks
naming   =version 2              bsize=8192   ascii-ci=0 ftype=1
log      =internal log           bsize=4096   blocks=576, version=2
         =                       sectsz=4096  sunit=1 blks, lazy-count=1
realtime =none                   extsz=4096   blocks=0, rtextents=0
[sshexec] DEBUG 2017/04/27 02:23:44 /src/github.com/heketi/heketi/pkg/utils/ssh/ssh.go:176: Host: 192.168.48.12:22 Command: /bin/bash -c 'echo "/dev/mapper/vg_403cca7edce115dc1c641acc2f5f11fb-brick_4e26702272bce1eec010c4713fbeefe5 /var/lib/heketi/mounts/vg_403cca7edce115dc1c641acc2f5f11fb/brick_4e26702272bce1eec010c4713fbeefe5 xfs rw,inode64,noatime,nouuid 1 2" | tee -a /etc/fstab > /dev/null '
Result: 
[sshexec] DEBUG 2017/04/27 02:23:44 /src/github.com/heketi/heketi/pkg/utils/ssh/ssh.go:176: Host: 192.168.48.17:22 Command: /bin/bash -c 'mkfs.xfs -i size=512 -n size=8192 /dev/mapper/vg_6c7ff8b53124baa86b5b789cd93274e1-brick_0f2e9f81b33f089a3120d419772eddc6'
Result: meta-data=/dev/mapper/vg_6c7ff8b53124baa86b5b789cd93274e1-brick_0f2e9f81b33f089a3120d419772eddc6 isize=512    agcount=8, agsize=32704 blks
         =                       sectsz=512   attr=2, projid32bit=1
         =                       crc=1        finobt=1, sparse=0
data     =                       bsize=4096   blocks=261632, imaxpct=25
         =                       sunit=64     swidth=64 blks
naming   =version 2              bsize=8192   ascii-ci=0 ftype=1
log      =internal log           bsize=4096   blocks=1728, version=2
         =                       sectsz=512   sunit=64 blks, lazy-count=1
realtime =none                   extsz=4096   blocks=0, rtextents=0
[sshexec] DEBUG 2017/04/27 02:23:44 /src/github.com/heketi/heketi/pkg/utils/ssh/ssh.go:176: Host: 192.168.48.17:22 Command: /bin/bash -c 'echo "/dev/mapper/vg_6c7ff8b53124baa86b5b789cd93274e1-brick_0f2e9f81b33f089a3120d419772eddc6 /var/lib/heketi/mounts/vg_6c7ff8b53124baa86b5b789cd93274e1/brick_0f2e9f81b33f089a3120d419772eddc6 xfs rw,inode64,noatime,nouuid 1 2" | tee -a /etc/fstab > /dev/null '
Result: 
[sshexec] DEBUG 2017/04/27 02:23:45 /src/github.com/heketi/heketi/pkg/utils/ssh/ssh.go:176: Host: 192.168.48.12:22 Command: /bin/bash -c 'mount -o rw,inode64,noatime,nouuid /dev/mapper/vg_403cca7edce115dc1c641acc2f5f11fb-brick_4e26702272bce1eec010c4713fbeefe5 /var/lib/heketi/mounts/vg_403cca7edce115dc1c641acc2f5f11fb/brick_4e26702272bce1eec010c4713fbeefe5'
Result: 
[sshexec] DEBUG 2017/04/27 02:23:45 /src/github.com/heketi/heketi/pkg/utils/ssh/ssh.go:176: Host: 192.168.48.12:22 Command: /bin/bash -c 'mkdir /var/lib/heketi/mounts/vg_403cca7edce115dc1c641acc2f5f11fb/brick_4e26702272bce1eec010c4713fbeefe5/brick'
Result: 
[sshexec] DEBUG 2017/04/27 02:23:45 /src/github.com/heketi/heketi/pkg/utils/ssh/ssh.go:176: Host: 192.168.48.12:22 Command: /bin/bash -c 'chown :2000 /var/lib/heketi/mounts/vg_403cca7edce115dc1c641acc2f5f11fb/brick_4e26702272bce1eec010c4713fbeefe5/brick'
Result: 
[sshexec] DEBUG 2017/04/27 02:23:45 /src/github.com/heketi/heketi/pkg/utils/ssh/ssh.go:176: Host: 192.168.48.12:22 Command: /bin/bash -c 'chmod 2775 /var/lib/heketi/mounts/vg_403cca7edce115dc1c641acc2f5f11fb/brick_4e26702272bce1eec010c4713fbeefe5/brick'
Result: 
[sshexec] DEBUG 2017/04/27 02:23:45 /src/github.com/heketi/heketi/pkg/utils/ssh/ssh.go:176: Host: 192.168.48.14:22 Command: /bin/bash -c 'mount -o rw,inode64,noatime,nouuid /dev/mapper/vg_d72d3bd802d4e511a80ce2f16181289d-brick_d99e91e701d0194db0e2f91d87ad9a38 /var/lib/heketi/mounts/vg_d72d3bd802d4e511a80ce2f16181289d/brick_d99e91e701d0194db0e2f91d87ad9a38'
Result: 
[sshexec] DEBUG 2017/04/27 02:23:45 /src/github.com/heketi/heketi/pkg/utils/ssh/ssh.go:176: Host: 192.168.48.14:22 Command: /bin/bash -c 'mkdir /var/lib/heketi/mounts/vg_d72d3bd802d4e511a80ce2f16181289d/brick_d99e91e701d0194db0e2f91d87ad9a38/brick'
Result: 
[sshexec] DEBUG 2017/04/27 02:23:45 /src/github.com/heketi/heketi/pkg/utils/ssh/ssh.go:176: Host: 192.168.48.14:22 Command: /bin/bash -c 'chown :2000 /var/lib/heketi/mounts/vg_d72d3bd802d4e511a80ce2f16181289d/brick_d99e91e701d0194db0e2f91d87ad9a38/brick'
Result: 
[sshexec] DEBUG 2017/04/27 02:23:45 /src/github.com/heketi/heketi/pkg/utils/ssh/ssh.go:176: Host: 192.168.48.14:22 Command: /bin/bash -c 'chmod 2775 /var/lib/heketi/mounts/vg_d72d3bd802d4e511a80ce2f16181289d/brick_d99e91e701d0194db0e2f91d87ad9a38/brick'
Result: 
[sshexec] DEBUG 2017/04/27 02:23:45 /src/github.com/heketi/heketi/pkg/utils/ssh/ssh.go:176: Host: 192.168.48.17:22 Command: /bin/bash -c 'mount -o rw,inode64,noatime,nouuid /dev/mapper/vg_6c7ff8b53124baa86b5b789cd93274e1-brick_0f2e9f81b33f089a3120d419772eddc6 /var/lib/heketi/mounts/vg_6c7ff8b53124baa86b5b789cd93274e1/brick_0f2e9f81b33f089a3120d419772eddc6'
Result: 
[sshexec] DEBUG 2017/04/27 02:23:45 /src/github.com/heketi/heketi/pkg/utils/ssh/ssh.go:176: Host: 192.168.48.17:22 Command: /bin/bash -c 'mkdir /var/lib/heketi/mounts/vg_6c7ff8b53124baa86b5b789cd93274e1/brick_0f2e9f81b33f089a3120d419772eddc6/brick'
Result: 
[sshexec] DEBUG 2017/04/27 02:23:45 /src/github.com/heketi/heketi/pkg/utils/ssh/ssh.go:176: Host: 192.168.48.17:22 Command: /bin/bash -c 'chown :2000 /var/lib/heketi/mounts/vg_6c7ff8b53124baa86b5b789cd93274e1/brick_0f2e9f81b33f089a3120d419772eddc6/brick'
Result: 
[sshexec] DEBUG 2017/04/27 02:23:45 /src/github.com/heketi/heketi/pkg/utils/ssh/ssh.go:176: Host: 192.168.48.17:22 Command: /bin/bash -c 'chmod 2775 /var/lib/heketi/mounts/vg_6c7ff8b53124baa86b5b789cd93274e1/brick_0f2e9f81b33f089a3120d419772eddc6/brick'
Result: 
[sshexec] INFO 2017/04/27 02:23:45 Creating volume vol_d70224afd6b26f6e4a9572f66ba32aa3 replica 3
[sshexec] ERROR 2017/04/27 02:23:45 /src/github.com/heketi/heketi/pkg/utils/ssh/ssh.go:173: Failed to run command [/bin/bash -c 'gluster --mode=script volume create vol_d70224afd6b26f6e4a9572f66ba32aa3 replica 3 192.168.48.14:/var/lib/heketi/mounts/vg_d72d3bd802d4e511a80ce2f16181289d/brick_d99e91e701d0194db0e2f91d87ad9a38/brick 192.168.48.12:/var/lib/heketi/mounts/vg_403cca7edce115dc1c641acc2f5f11fb/brick_4e26702272bce1eec010c4713fbeefe5/brick 192.168.48.17:/var/lib/heketi/mounts/vg_6c7ff8b53124baa86b5b789cd93274e1/brick_0f2e9f81b33f089a3120d419772eddc6/brick '] on 192.168.48.14:22: Err[Process exited with: 1. Reason was:  ()]: Stdout []: Stderr [volume create: vol_d70224afd6b26f6e4a9572f66ba32aa3: failed: Staging failed on 192.168.48.17. Error: Host 192.168.48.14 is not in 'Peer in Cluster' state
Staging failed on 192.168.48.12. Error: Host 192.168.48.14 is not in 'Peer in Cluster' state
]
[sshexec] ERROR 2017/04/27 02:23:45 /src/github.com/heketi/heketi/pkg/utils/ssh/ssh.go:173: Failed to run command [/bin/bash -c 'gluster --mode=script volume stop vol_d70224afd6b26f6e4a9572f66ba32aa3 force'] on 192.168.48.14:22: Err[Process exited with: 1. Reason was:  ()]: Stdout []: Stderr [volume stop: vol_d70224afd6b26f6e4a9572f66ba32aa3: failed: Volume vol_d70224afd6b26f6e4a9572f66ba32aa3 does not exist
]
[sshexec] ERROR 2017/04/27 02:23:45 /src/github.com/heketi/heketi/executors/sshexec/volume.go:130: Unable to stop volume vol_d70224afd6b26f6e4a9572f66ba32aa3: volume stop: vol_d70224afd6b26f6e4a9572f66ba32aa3: failed: Volume vol_d70224afd6b26f6e4a9572f66ba32aa3 does not exist
[negroni] Started GET /queue/bfaff5ca2e5c6692cde096549477dffa
[negroni] Completed 200 OK in 125.101µs
[sshexec] ERROR 2017/04/27 02:23:46 /src/github.com/heketi/heketi/pkg/utils/ssh/ssh.go:173: Failed to run command [/bin/bash -c 'gluster --mode=script volume delete vol_d70224afd6b26f6e4a9572f66ba32aa3'] on 192.168.48.14:22: Err[Process exited with: 1. Reason was:  ()]: Stdout []: Stderr [volume delete: vol_d70224afd6b26f6e4a9572f66ba32aa3: failed: Volume vol_d70224afd6b26f6e4a9572f66ba32aa3 does not exist
]
[sshexec] ERROR 2017/04/27 02:23:46 /src/github.com/heketi/heketi/executors/sshexec/volume.go:139: Unable to delete volume vol_d70224afd6b26f6e4a9572f66ba32aa3: volume delete: vol_d70224afd6b26f6e4a9572f66ba32aa3: failed: Volume vol_d70224afd6b26f6e4a9572f66ba32aa3 does not exist
[heketi] INFO 2017/04/27 02:23:46 Deleting brick d99e91e701d0194db0e2f91d87ad9a38
[heketi] INFO 2017/04/27 02:23:46 Deleting brick 0f2e9f81b33f089a3120d419772eddc6
[heketi] INFO 2017/04/27 02:23:46 Deleting brick 4e26702272bce1eec010c4713fbeefe5
[sshexec] DEBUG 2017/04/27 02:23:46 /src/github.com/heketi/heketi/pkg/utils/ssh/ssh.go:176: Host: 192.168.48.14:22 Command: /bin/bash -c 'umount /var/lib/heketi/mounts/vg_d72d3bd802d4e511a80ce2f16181289d/brick_d99e91e701d0194db0e2f91d87ad9a38'
Result: 
[sshexec] DEBUG 2017/04/27 02:23:46 /src/github.com/heketi/heketi/pkg/utils/ssh/ssh.go:176: Host: 192.168.48.17:22 Command: /bin/bash -c 'umount /var/lib/heketi/mounts/vg_6c7ff8b53124baa86b5b789cd93274e1/brick_0f2e9f81b33f089a3120d419772eddc6'
Result: 
[sshexec] DEBUG 2017/04/27 02:23:46 /src/github.com/heketi/heketi/pkg/utils/ssh/ssh.go:176: Host: 192.168.48.12:22 Command: /bin/bash -c 'umount /var/lib/heketi/mounts/vg_403cca7edce115dc1c641acc2f5f11fb/brick_4e26702272bce1eec010c4713fbeefe5'
Result: 
[sshexec] DEBUG 2017/04/27 02:23:46 /src/github.com/heketi/heketi/pkg/utils/ssh/ssh.go:176: Host: 192.168.48.14:22 Command: /bin/bash -c 'lvremove -f vg_d72d3bd802d4e511a80ce2f16181289d/tp_d99e91e701d0194db0e2f91d87ad9a38'
Result:   Logical volume "brick_d99e91e701d0194db0e2f91d87ad9a38" successfully removed
  Logical volume "tp_d99e91e701d0194db0e2f91d87ad9a38" successfully removed
[negroni] Started GET /queue/bfaff5ca2e5c6692cde096549477dffa
[negroni] Completed 200 OK in 82.219µs
[sshexec] DEBUG 2017/04/27 02:23:46 /src/github.com/heketi/heketi/pkg/utils/ssh/ssh.go:176: Host: 192.168.48.17:22 Command: /bin/bash -c 'lvremove -f vg_6c7ff8b53124baa86b5b789cd93274e1/tp_0f2e9f81b33f089a3120d419772eddc6'
Result:   Logical volume "brick_0f2e9f81b33f089a3120d419772eddc6" successfully removed
  Logical volume "tp_0f2e9f81b33f089a3120d419772eddc6" successfully removed
[sshexec] DEBUG 2017/04/27 02:23:47 /src/github.com/heketi/heketi/pkg/utils/ssh/ssh.go:176: Host: 192.168.48.12:22 Command: /bin/bash -c 'lvremove -f vg_403cca7edce115dc1c641acc2f5f11fb/tp_4e26702272bce1eec010c4713fbeefe5'
Result:   Logical volume "brick_4e26702272bce1eec010c4713fbeefe5" successfully removed
  Logical volume "tp_4e26702272bce1eec010c4713fbeefe5" successfully removed
[sshexec] DEBUG 2017/04/27 02:23:47 /src/github.com/heketi/heketi/pkg/utils/ssh/ssh.go:176: Host: 192.168.48.14:22 Command: /bin/bash -c 'rmdir /var/lib/heketi/mounts/vg_d72d3bd802d4e511a80ce2f16181289d/brick_d99e91e701d0194db0e2f91d87ad9a38'
Result: 
[sshexec] DEBUG 2017/04/27 02:23:47 /src/github.com/heketi/heketi/pkg/utils/ssh/ssh.go:176: Host: 192.168.48.17:22 Command: /bin/bash -c 'rmdir /var/lib/heketi/mounts/vg_6c7ff8b53124baa86b5b789cd93274e1/brick_0f2e9f81b33f089a3120d419772eddc6'
Result: 
[sshexec] DEBUG 2017/04/27 02:23:47 /src/github.com/heketi/heketi/pkg/utils/ssh/ssh.go:176: Host: 192.168.48.12:22 Command: /bin/bash -c 'rmdir /var/lib/heketi/mounts/vg_403cca7edce115dc1c641acc2f5f11fb/brick_4e26702272bce1eec010c4713fbeefe5'
Result: 
[sshexec] DEBUG 2017/04/27 02:23:47 /src/github.com/heketi/heketi/pkg/utils/ssh/ssh.go:176: Host: 192.168.48.14:22 Command: /bin/bash -c 'sed -i.save "/brick_d99e91e701d0194db0e2f91d87ad9a38/d" /etc/fstab'
Result: 
[sshexec] DEBUG 2017/04/27 02:23:47 /src/github.com/heketi/heketi/pkg/utils/ssh/ssh.go:176: Host: 192.168.48.17:22 Command: /bin/bash -c 'sed -i.save "/brick_0f2e9f81b33f089a3120d419772eddc6/d" /etc/fstab'
Result: 
[sshexec] DEBUG 2017/04/27 02:23:47 /src/github.com/heketi/heketi/pkg/utils/ssh/ssh.go:176: Host: 192.168.48.12:22 Command: /bin/bash -c 'sed -i.save "/brick_4e26702272bce1eec010c4713fbeefe5/d" /etc/fstab'
Result: 
[heketi] ERROR 2017/04/27 02:23:47 /src/github.com/heketi/heketi/apps/glusterfs/app_volume.go:148: Failed to create volume: volume create: vol_d70224afd6b26f6e4a9572f66ba32aa3: failed: Staging failed on 192.168.48.17. Error: Host 192.168.48.14 is not in 'Peer in Cluster' state
Staging failed on 192.168.48.12. Error: Host 192.168.48.14 is not in 'Peer in Cluster' state
[asynchttp] INFO 2017/04/27 02:23:47 Completed job bfaff5ca2e5c6692cde096549477dffa in 3.645228033s
[negroni] Started GET /queue/bfaff5ca2e5c6692cde096549477dffa
[negroni] Completed 500 Internal Server Error in 122.307µs
[negroni] Started POST /volumes
[negroni] Completed 202 Accepted in 17.897314ms
[asynchttp] INFO 2017/04/27 02:23:58 Started job 6e28dde3aee23d86edfee73c8a995a05
[heketi] INFO 2017/04/27 02:23:58 Creating volume 7a43202d8c9dd0f2083d80bc1e630356
[heketi] INFO 2017/04/27 02:23:58 brick_num: 0
[negroni] Started GET /queue/6e28dde3aee23d86edfee73c8a995a05
[negroni] Completed 200 OK in 89.589µs
[heketi] INFO 2017/04/27 02:23:59 Creating brick 4531543ffd32b974264df3132523e282
[heketi] INFO 2017/04/27 02:23:59 Creating brick 41476b6dea82344f577955e4e13c466e
[heketi] INFO 2017/04/27 02:23:59 Creating brick aca5c7f1e89893ce35acdc5ea0a35d37
[sshexec] WARNING 2017/04/27 02:23:59 Failed to create SSH connection to 192.168.48.14:22: dial tcp 192.168.48.14:22: getsockopt: connection refused
[sshexec] ERROR 2017/04/27 02:23:59 /src/github.com/heketi/heketi/executors/sshexec/brick.go:134: dial tcp 192.168.48.14:22: getsockopt: connection refused
[sshexec] WARNING 2017/04/27 02:23:59 Failed to create SSH connection to 192.168.48.14:22: dial tcp 192.168.48.14:22: getsockopt: connection refused
[sshexec] ERROR 2017/04/27 02:23:59 /src/github.com/heketi/heketi/executors/sshexec/brick.go:143: dial tcp 192.168.48.14:22: getsockopt: connection refused
[sshexec] WARNING 2017/04/27 02:23:59 Failed to create SSH connection to 192.168.48.14:22: dial tcp 192.168.48.14:22: getsockopt: connection refused
[sshexec] ERROR 2017/04/27 02:23:59 /src/github.com/heketi/heketi/executors/sshexec/brick.go:152: dial tcp 192.168.48.14:22: getsockopt: connection refused
[sshexec] WARNING 2017/04/27 02:23:59 Failed to create SSH connection to 192.168.48.14:22: dial tcp 192.168.48.14:22: getsockopt: connection refused
[sshexec] ERROR 2017/04/27 02:23:59 /src/github.com/heketi/heketi/executors/sshexec/brick.go:163: dial tcp 192.168.48.14:22: getsockopt: connection refused
[sshexec] WARNING 2017/04/27 02:23:59 Failed to create SSH connection to 192.168.48.14:22: dial tcp 192.168.48.14:22: getsockopt: connection refused
[sshexec] DEBUG 2017/04/27 02:23:59 /src/github.com/heketi/heketi/pkg/utils/ssh/ssh.go:176: Host: 192.168.48.12:22 Command: /bin/bash -c 'mkdir -p /var/lib/heketi/mounts/vg_403cca7edce115dc1c641acc2f5f11fb/brick_4531543ffd32b974264df3132523e282'
Result: 
[sshexec] DEBUG 2017/04/27 02:23:59 /src/github.com/heketi/heketi/pkg/utils/ssh/ssh.go:176: Host: 192.168.48.17:22 Command: /bin/bash -c 'mkdir -p /var/lib/heketi/mounts/vg_6c7ff8b53124baa86b5b789cd93274e1/brick_41476b6dea82344f577955e4e13c466e'
Result: 
[sshexec] DEBUG 2017/04/27 02:23:59 /src/github.com/heketi/heketi/pkg/utils/ssh/ssh.go:176: Host: 192.168.48.12:22 Command: /bin/bash -c 'lvcreate --poolmetadatasize 8192K -c 256K -L 1048576K -T vg_403cca7edce115dc1c641acc2f5f11fb/tp_4531543ffd32b974264df3132523e282 -V 1048576K -n brick_4531543ffd32b974264df3132523e282'
Result:   Logical volume "brick_4531543ffd32b974264df3132523e282" created.
[sshexec] DEBUG 2017/04/27 02:23:59 /src/github.com/heketi/heketi/pkg/utils/ssh/ssh.go:176: Host: 192.168.48.17:22 Command: /bin/bash -c 'lvcreate --poolmetadatasize 8192K -c 256K -L 1048576K -T vg_6c7ff8b53124baa86b5b789cd93274e1/tp_41476b6dea82344f577955e4e13c466e -V 1048576K -n brick_41476b6dea82344f577955e4e13c466e'
Result:   Logical volume "brick_41476b6dea82344f577955e4e13c466e" created.
[negroni] Started GET /queue/6e28dde3aee23d86edfee73c8a995a05
[negroni] Completed 200 OK in 101µs
[sshexec] DEBUG 2017/04/27 02:23:59 /src/github.com/heketi/heketi/pkg/utils/ssh/ssh.go:176: Host: 192.168.48.12:22 Command: /bin/bash -c 'mkfs.xfs -i size=512 -n size=8192 /dev/mapper/vg_403cca7edce115dc1c641acc2f5f11fb-brick_4531543ffd32b974264df3132523e282'
Result: meta-data=/dev/mapper/vg_403cca7edce115dc1c641acc2f5f11fb-brick_4531543ffd32b974264df3132523e282 isize=512    agcount=8, agsize=32704 blks
         =                       sectsz=4096  attr=2, projid32bit=1
         =                       crc=1        finobt=1, sparse=0
data     =                       bsize=4096   blocks=261632, imaxpct=25
         =                       sunit=64     swidth=64 blks
naming   =version 2              bsize=8192   ascii-ci=0 ftype=1
log      =internal log           bsize=4096   blocks=576, version=2
         =                       sectsz=4096  sunit=1 blks, lazy-count=1
realtime =none                   extsz=4096   blocks=0, rtextents=0
[sshexec] DEBUG 2017/04/27 02:23:59 /src/github.com/heketi/heketi/pkg/utils/ssh/ssh.go:176: Host: 192.168.48.12:22 Command: /bin/bash -c 'echo "/dev/mapper/vg_403cca7edce115dc1c641acc2f5f11fb-brick_4531543ffd32b974264df3132523e282 /var/lib/heketi/mounts/vg_403cca7edce115dc1c641acc2f5f11fb/brick_4531543ffd32b974264df3132523e282 xfs rw,inode64,noatime,nouuid 1 2" | tee -a /etc/fstab > /dev/null '
Result: 
[sshexec] DEBUG 2017/04/27 02:23:59 /src/github.com/heketi/heketi/pkg/utils/ssh/ssh.go:176: Host: 192.168.48.17:22 Command: /bin/bash -c 'mkfs.xfs -i size=512 -n size=8192 /dev/mapper/vg_6c7ff8b53124baa86b5b789cd93274e1-brick_41476b6dea82344f577955e4e13c466e'
Result: meta-data=/dev/mapper/vg_6c7ff8b53124baa86b5b789cd93274e1-brick_41476b6dea82344f577955e4e13c466e isize=512    agcount=8, agsize=32704 blks
         =                       sectsz=512   attr=2, projid32bit=1
         =                       crc=1        finobt=1, sparse=0
data     =                       bsize=4096   blocks=261632, imaxpct=25
         =                       sunit=64     swidth=64 blks
naming   =version 2              bsize=8192   ascii-ci=0 ftype=1
log      =internal log           bsize=4096   blocks=1728, version=2
         =                       sectsz=512   sunit=64 blks, lazy-count=1
realtime =none                   extsz=4096   blocks=0, rtextents=0
[sshexec] DEBUG 2017/04/27 02:23:59 /src/github.com/heketi/heketi/pkg/utils/ssh/ssh.go:176: Host: 192.168.48.17:22 Command: /bin/bash -c 'echo "/dev/mapper/vg_6c7ff8b53124baa86b5b789cd93274e1-brick_41476b6dea82344f577955e4e13c466e /var/lib/heketi/mounts/vg_6c7ff8b53124baa86b5b789cd93274e1/brick_41476b6dea82344f577955e4e13c466e xfs rw,inode64,noatime,nouuid 1 2" | tee -a /etc/fstab > /dev/null '
Result: 
[sshexec] DEBUG 2017/04/27 02:24:00 /src/github.com/heketi/heketi/pkg/utils/ssh/ssh.go:176: Host: 192.168.48.12:22 Command: /bin/bash -c 'mount -o rw,inode64,noatime,nouuid /dev/mapper/vg_403cca7edce115dc1c641acc2f5f11fb-brick_4531543ffd32b974264df3132523e282 /var/lib/heketi/mounts/vg_403cca7edce115dc1c641acc2f5f11fb/brick_4531543ffd32b974264df3132523e282'
Result: 
[sshexec] DEBUG 2017/04/27 02:24:00 /src/github.com/heketi/heketi/pkg/utils/ssh/ssh.go:176: Host: 192.168.48.12:22 Command: /bin/bash -c 'mkdir /var/lib/heketi/mounts/vg_403cca7edce115dc1c641acc2f5f11fb/brick_4531543ffd32b974264df3132523e282/brick'
Result: 
[sshexec] DEBUG 2017/04/27 02:24:00 /src/github.com/heketi/heketi/pkg/utils/ssh/ssh.go:176: Host: 192.168.48.12:22 Command: /bin/bash -c 'chown :2000 /var/lib/heketi/mounts/vg_403cca7edce115dc1c641acc2f5f11fb/brick_4531543ffd32b974264df3132523e282/brick'
Result: 
[sshexec] DEBUG 2017/04/27 02:24:00 /src/github.com/heketi/heketi/pkg/utils/ssh/ssh.go:176: Host: 192.168.48.12:22 Command: /bin/bash -c 'chmod 2775 /var/lib/heketi/mounts/vg_403cca7edce115dc1c641acc2f5f11fb/brick_4531543ffd32b974264df3132523e282/brick'
Result: 
[sshexec] DEBUG 2017/04/27 02:24:00 /src/github.com/heketi/heketi/pkg/utils/ssh/ssh.go:176: Host: 192.168.48.17:22 Command: /bin/bash -c 'mount -o rw,inode64,noatime,nouuid /dev/mapper/vg_6c7ff8b53124baa86b5b789cd93274e1-brick_41476b6dea82344f577955e4e13c466e /var/lib/heketi/mounts/vg_6c7ff8b53124baa86b5b789cd93274e1/brick_41476b6dea82344f577955e4e13c466e'
Result: 
[sshexec] DEBUG 2017/04/27 02:24:00 /src/github.com/heketi/heketi/pkg/utils/ssh/ssh.go:176: Host: 192.168.48.17:22 Command: /bin/bash -c 'mkdir /var/lib/heketi/mounts/vg_6c7ff8b53124baa86b5b789cd93274e1/brick_41476b6dea82344f577955e4e13c466e/brick'
Result: 
[sshexec] DEBUG 2017/04/27 02:24:00 /src/github.com/heketi/heketi/pkg/utils/ssh/ssh.go:176: Host: 192.168.48.17:22 Command: /bin/bash -c 'chown :2000 /var/lib/heketi/mounts/vg_6c7ff8b53124baa86b5b789cd93274e1/brick_41476b6dea82344f577955e4e13c466e/brick'
Result: 
[heketi] ERROR 2017/04/27 02:24:00 /src/github.com/heketi/heketi/apps/glusterfs/brick_create.go:49: dial tcp 192.168.48.14:22: getsockopt: connection refused
[sshexec] DEBUG 2017/04/27 02:24:00 /src/github.com/heketi/heketi/pkg/utils/ssh/ssh.go:176: Host: 192.168.48.17:22 Command: /bin/bash -c 'chmod 2775 /var/lib/heketi/mounts/vg_6c7ff8b53124baa86b5b789cd93274e1/brick_41476b6dea82344f577955e4e13c466e/brick'
Result: 
[heketi] INFO 2017/04/27 02:24:00 Deleting brick 4531543ffd32b974264df3132523e282
[heketi] INFO 2017/04/27 02:24:00 Deleting brick 41476b6dea82344f577955e4e13c466e
[heketi] INFO 2017/04/27 02:24:00 Deleting brick aca5c7f1e89893ce35acdc5ea0a35d37
[sshexec] ERROR 2017/04/27 02:24:00 /src/github.com/heketi/heketi/executors/sshexec/brick.go:134: dial tcp 192.168.48.14:22: getsockopt: connection refused
[sshexec] WARNING 2017/04/27 02:24:00 Failed to create SSH connection to 192.168.48.14:22: dial tcp 192.168.48.14:22: getsockopt: connection refused
[sshexec] ERROR 2017/04/27 02:24:00 /src/github.com/heketi/heketi/executors/sshexec/brick.go:143: dial tcp 192.168.48.14:22: getsockopt: connection refused
[sshexec] WARNING 2017/04/27 02:24:00 Failed to create SSH connection to 192.168.48.14:22: dial tcp 192.168.48.14:22: getsockopt: connection refused
[sshexec] ERROR 2017/04/27 02:24:00 /src/github.com/heketi/heketi/executors/sshexec/brick.go:152: dial tcp 192.168.48.14:22: getsockopt: connection refused
[sshexec] WARNING 2017/04/27 02:24:00 Failed to create SSH connection to 192.168.48.14:22: dial tcp 192.168.48.14:22: getsockopt: connection refused
[sshexec] WARNING 2017/04/27 02:24:00 Failed to create SSH connection to 192.168.48.14:22: dial tcp 192.168.48.14:22: getsockopt: connection refused
[sshexec] ERROR 2017/04/27 02:24:00 /src/github.com/heketi/heketi/executors/sshexec/brick.go:163: dial tcp 192.168.48.14:22: getsockopt: connection refused
[sshexec] DEBUG 2017/04/27 02:24:00 /src/github.com/heketi/heketi/pkg/utils/ssh/ssh.go:176: Host: 192.168.48.12:22 Command: /bin/bash -c 'umount /var/lib/heketi/mounts/vg_403cca7edce115dc1c641acc2f5f11fb/brick_4531543ffd32b974264df3132523e282'
Result: 
[sshexec] DEBUG 2017/04/27 02:24:00 /src/github.com/heketi/heketi/pkg/utils/ssh/ssh.go:176: Host: 192.168.48.17:22 Command: /bin/bash -c 'umount /var/lib/heketi/mounts/vg_6c7ff8b53124baa86b5b789cd93274e1/brick_41476b6dea82344f577955e4e13c466e'
Result: 
[negroni] Started GET /queue/6e28dde3aee23d86edfee73c8a995a05
[negroni] Completed 200 OK in 69.933µs
[sshexec] DEBUG 2017/04/27 02:24:01 /src/github.com/heketi/heketi/pkg/utils/ssh/ssh.go:176: Host: 192.168.48.17:22 Command: /bin/bash -c 'lvremove -f vg_6c7ff8b53124baa86b5b789cd93274e1/tp_41476b6dea82344f577955e4e13c466e'
Result:   Logical volume "brick_41476b6dea82344f577955e4e13c466e" successfully removed
  Logical volume "tp_41476b6dea82344f577955e4e13c466e" successfully removed
[sshexec] DEBUG 2017/04/27 02:24:01 /src/github.com/heketi/heketi/pkg/utils/ssh/ssh.go:176: Host: 192.168.48.12:22 Command: /bin/bash -c 'lvremove -f vg_403cca7edce115dc1c641acc2f5f11fb/tp_4531543ffd32b974264df3132523e282'
Result:   Logical volume "brick_4531543ffd32b974264df3132523e282" successfully removed
  Logical volume "tp_4531543ffd32b974264df3132523e282" successfully removed
[sshexec] DEBUG 2017/04/27 02:24:01 /src/github.com/heketi/heketi/pkg/utils/ssh/ssh.go:176: Host: 192.168.48.17:22 Command: /bin/bash -c 'rmdir /var/lib/heketi/mounts/vg_6c7ff8b53124baa86b5b789cd93274e1/brick_41476b6dea82344f577955e4e13c466e'
Result: 
[sshexec] DEBUG 2017/04/27 02:24:01 /src/github.com/heketi/heketi/pkg/utils/ssh/ssh.go:176: Host: 192.168.48.12:22 Command: /bin/bash -c 'rmdir /var/lib/heketi/mounts/vg_403cca7edce115dc1c641acc2f5f11fb/brick_4531543ffd32b974264df3132523e282'
Result: 
[sshexec] DEBUG 2017/04/27 02:24:01 /src/github.com/heketi/heketi/pkg/utils/ssh/ssh.go:176: Host: 192.168.48.17:22 Command: /bin/bash -c 'sed -i.save "/brick_41476b6dea82344f577955e4e13c466e/d" /etc/fstab'
Result: 
[sshexec] ERROR 2017/04/27 02:24:01 /src/github.com/heketi/heketi/pkg/utils/ssh/ssh.go:134: Unable to create SSH session: ssh: unexpected packet in response to channel open: <nil>
[sshexec] ERROR 2017/04/27 02:24:01 /src/github.com/heketi/heketi/executors/sshexec/brick.go:163: ssh: unexpected packet in response to channel open: <nil>
[asynchttp] INFO 2017/04/27 02:24:01 Completed job 6e28dde3aee23d86edfee73c8a995a05 in 2.810950168s
[heketi] ERROR 2017/04/27 02:24:01 /src/github.com/heketi/heketi/apps/glusterfs/app_volume.go:148: Failed to create volume: dial tcp 192.168.48.14:22: getsockopt: connection refused
[negroni] Started GET /queue/6e28dde3aee23d86edfee73c8a995a05
[negroni] Completed 500 Internal Server Error in 76.272µs
[negroni] Started POST /volumes
[negroni] Completed 202 Accepted in 17.870248ms
[asynchttp] INFO 2017/04/27 02:24:13 Started job e7f21079d740041467a9f2b96d5c47e4
[heketi] INFO 2017/04/27 02:24:13 Creating volume 21e73a09df1744777a321d0ae6cc900b
[heketi] INFO 2017/04/27 02:24:13 brick_num: 0
[negroni] Started GET /queue/e7f21079d740041467a9f2b96d5c47e4
[negroni] Completed 200 OK in 112.545µs
[heketi] INFO 2017/04/27 02:24:13 Creating brick 896d2fc65d86ad6dc4217ba48291226c
[heketi] INFO 2017/04/27 02:24:13 Creating brick faefa96a7cef503a57e94f878661f47f
[sshexec] ERROR 2017/04/27 02:24:13 /src/github.com/heketi/heketi/executors/sshexec/brick.go:134: dial tcp 192.168.48.14:22: getsockopt: connection refused
[sshexec] ERROR 2017/04/27 02:24:13 /src/github.com/heketi/heketi/executors/sshexec/brick.go:143: dial tcp 192.168.48.14:22: getsockopt: connection refused
[sshexec] ERROR 2017/04/27 02:24:13 /src/github.com/heketi/heketi/executors/sshexec/brick.go:152: dial tcp 192.168.48.14:22: getsockopt: connection refused
[sshexec] WARNING 2017/04/27 02:24:13 Failed to create SSH connection to 192.168.48.14:22: dial tcp 192.168.48.14:22: getsockopt: connection refused
[sshexec] WARNING 2017/04/27 02:24:13 Failed to create SSH connection to 192.168.48.14:22: dial tcp 192.168.48.14:22: getsockopt: connection refused
[heketi] INFO 2017/04/27 02:24:13 Creating brick 6f82523b85015e31a64b4247ed461ba7
[sshexec] WARNING 2017/04/27 02:24:13 Failed to create SSH connection to 192.168.48.14:22: dial tcp 192.168.48.14:22: getsockopt: connection refused
[sshexec] WARNING 2017/04/27 02:24:13 Failed to create SSH connection to 192.168.48.12:22: dial tcp 192.168.48.12:22: getsockopt: connection refused
[sshexec] WARNING 2017/04/27 02:24:13 Failed to create SSH connection to 192.168.48.14:22: dial tcp 192.168.48.14:22: getsockopt: connection refused
[sshexec] WARNING 2017/04/27 02:24:13 Failed to create SSH connection to 192.168.48.12:22: dial tcp 192.168.48.12:22: getsockopt: connection refused
[sshexec] ERROR 2017/04/27 02:24:13 /src/github.com/heketi/heketi/executors/sshexec/brick.go:134: dial tcp 192.168.48.12:22: getsockopt: connection refused
[sshexec] ERROR 2017/04/27 02:24:13 /src/github.com/heketi/heketi/executors/sshexec/brick.go:163: dial tcp 192.168.48.14:22: getsockopt: connection refused
[sshexec] WARNING 2017/04/27 02:24:13 Failed to create SSH connection to 192.168.48.14:22: dial tcp 192.168.48.14:22: getsockopt: connection refused
[sshexec] WARNING 2017/04/27 02:24:13 Failed to create SSH connection to 192.168.48.12:22: dial tcp 192.168.48.12:22: getsockopt: connection refused
[sshexec] ERROR 2017/04/27 02:24:13 /src/github.com/heketi/heketi/executors/sshexec/brick.go:143: dial tcp 192.168.48.12:22: getsockopt: connection refused
[sshexec] WARNING 2017/04/27 02:24:14 Failed to create SSH connection to 192.168.48.12:22: dial tcp 192.168.48.12:22: getsockopt: connection refused
[sshexec] ERROR 2017/04/27 02:24:14 /src/github.com/heketi/heketi/executors/sshexec/brick.go:152: dial tcp 192.168.48.12:22: getsockopt: connection refused
[sshexec] WARNING 2017/04/27 02:24:14 Failed to create SSH connection to 192.168.48.12:22: dial tcp 192.168.48.12:22: getsockopt: connection refused
[sshexec] ERROR 2017/04/27 02:24:14 /src/github.com/heketi/heketi/executors/sshexec/brick.go:163: dial tcp 192.168.48.12:22: getsockopt: connection refused
[sshexec] DEBUG 2017/04/27 02:24:14 /src/github.com/heketi/heketi/pkg/utils/ssh/ssh.go:176: Host: 192.168.48.17:22 Command: /bin/bash -c 'mkdir -p /var/lib/heketi/mounts/vg_6c7ff8b53124baa86b5b789cd93274e1/brick_896d2fc65d86ad6dc4217ba48291226c'
Result: 
[sshexec] DEBUG 2017/04/27 02:24:14 /src/github.com/heketi/heketi/pkg/utils/ssh/ssh.go:176: Host: 192.168.48.17:22 Command: /bin/bash -c 'lvcreate --poolmetadatasize 8192K -c 256K -L 1048576K -T vg_6c7ff8b53124baa86b5b789cd93274e1/tp_896d2fc65d86ad6dc4217ba48291226c -V 1048576K -n brick_896d2fc65d86ad6dc4217ba48291226c'
Result:   Logical volume "brick_896d2fc65d86ad6dc4217ba48291226c" created.
[sshexec] DEBUG 2017/04/27 02:24:14 /src/github.com/heketi/heketi/pkg/utils/ssh/ssh.go:176: Host: 192.168.48.17:22 Command: /bin/bash -c 'mkfs.xfs -i size=512 -n size=8192 /dev/mapper/vg_6c7ff8b53124baa86b5b789cd93274e1-brick_896d2fc65d86ad6dc4217ba48291226c'
Result: meta-data=/dev/mapper/vg_6c7ff8b53124baa86b5b789cd93274e1-brick_896d2fc65d86ad6dc4217ba48291226c isize=512    agcount=8, agsize=32704 blks
         =                       sectsz=512   attr=2, projid32bit=1
         =                       crc=1        finobt=1, sparse=0
data     =                       bsize=4096   blocks=261632, imaxpct=25
         =                       sunit=64     swidth=64 blks
naming   =version 2              bsize=8192   ascii-ci=0 ftype=1
log      =internal log           bsize=4096   blocks=1728, version=2
         =                       sectsz=512   sunit=64 blks, lazy-count=1
realtime =none                   extsz=4096   blocks=0, rtextents=0
[sshexec] DEBUG 2017/04/27 02:24:14 /src/github.com/heketi/heketi/pkg/utils/ssh/ssh.go:176: Host: 192.168.48.17:22 Command: /bin/bash -c 'echo "/dev/mapper/vg_6c7ff8b53124baa86b5b789cd93274e1-brick_896d2fc65d86ad6dc4217ba48291226c /var/lib/heketi/mounts/vg_6c7ff8b53124baa86b5b789cd93274e1/brick_896d2fc65d86ad6dc4217ba48291226c xfs rw,inode64,noatime,nouuid 1 2" | tee -a /etc/fstab > /dev/null '
Result: 
[negroni] Started GET /queue/e7f21079d740041467a9f2b96d5c47e4
[negroni] Completed 200 OK in 76.98µs
[sshexec] DEBUG 2017/04/27 02:24:15 /src/github.com/heketi/heketi/pkg/utils/ssh/ssh.go:176: Host: 192.168.48.17:22 Command: /bin/bash -c 'mount -o rw,inode64,noatime,nouuid /dev/mapper/vg_6c7ff8b53124baa86b5b789cd93274e1-brick_896d2fc65d86ad6dc4217ba48291226c /var/lib/heketi/mounts/vg_6c7ff8b53124baa86b5b789cd93274e1/brick_896d2fc65d86ad6dc4217ba48291226c'
Result: 
[sshexec] DEBUG 2017/04/27 02:24:15 /src/github.com/heketi/heketi/pkg/utils/ssh/ssh.go:176: Host: 192.168.48.17:22 Command: /bin/bash -c 'mkdir /var/lib/heketi/mounts/vg_6c7ff8b53124baa86b5b789cd93274e1/brick_896d2fc65d86ad6dc4217ba48291226c/brick'
Result: 
[sshexec] DEBUG 2017/04/27 02:24:15 /src/github.com/heketi/heketi/pkg/utils/ssh/ssh.go:176: Host: 192.168.48.17:22 Command: /bin/bash -c 'chown :2000 /var/lib/heketi/mounts/vg_6c7ff8b53124baa86b5b789cd93274e1/brick_896d2fc65d86ad6dc4217ba48291226c/brick'
Result: 
[heketi] ERROR 2017/04/27 02:24:15 /src/github.com/heketi/heketi/apps/glusterfs/brick_create.go:49: dial tcp 192.168.48.12:22: getsockopt: connection refused
[sshexec] DEBUG 2017/04/27 02:24:15 /src/github.com/heketi/heketi/pkg/utils/ssh/ssh.go:176: Host: 192.168.48.17:22 Command: /bin/bash -c 'chmod 2775 /var/lib/heketi/mounts/vg_6c7ff8b53124baa86b5b789cd93274e1/brick_896d2fc65d86ad6dc4217ba48291226c/brick'
Result: 
[heketi] INFO 2017/04/27 02:24:15 Deleting brick faefa96a7cef503a57e94f878661f47f
[heketi] INFO 2017/04/27 02:24:15 Deleting brick 6f82523b85015e31a64b4247ed461ba7
[heketi] INFO 2017/04/27 02:24:15 Deleting brick 896d2fc65d86ad6dc4217ba48291226c
[sshexec] ERROR 2017/04/27 02:24:15 /src/github.com/heketi/heketi/executors/sshexec/brick.go:134: dial tcp 192.168.48.12:22: getsockopt: connection refused
[sshexec] ERROR 2017/04/27 02:24:15 /src/github.com/heketi/heketi/executors/sshexec/brick.go:134: dial tcp 192.168.48.14:22: getsockopt: connection refused
[sshexec] WARNING 2017/04/27 02:24:15 Failed to create SSH connection to 192.168.48.12:22: dial tcp 192.168.48.12:22: getsockopt: connection refused
[sshexec] WARNING 2017/04/27 02:24:15 Failed to create SSH connection to 192.168.48.14:22: dial tcp 192.168.48.14:22: getsockopt: connection refused
[sshexec] WARNING 2017/04/27 02:24:15 Failed to create SSH connection to 192.168.48.12:22: dial tcp 192.168.48.12:22: getsockopt: connection refused
[sshexec] ERROR 2017/04/27 02:24:15 /src/github.com/heketi/heketi/executors/sshexec/brick.go:143: dial tcp 192.168.48.12:22: getsockopt: connection refused
[sshexec] WARNING 2017/04/27 02:24:15 Failed to create SSH connection to 192.168.48.14:22: dial tcp 192.168.48.14:22: getsockopt: connection refused
[sshexec] WARNING 2017/04/27 02:24:15 Failed to create SSH connection to 192.168.48.12:22: dial tcp 192.168.48.12:22: getsockopt: connection refused
[sshexec] WARNING 2017/04/27 02:24:15 Failed to create SSH connection to 192.168.48.14:22: dial tcp 192.168.48.14:22: getsockopt: connection refused
[sshexec] ERROR 2017/04/27 02:24:15 /src/github.com/heketi/heketi/executors/sshexec/brick.go:143: dial tcp 192.168.48.14:22: getsockopt: connection refused
[sshexec] ERROR 2017/04/27 02:24:15 /src/github.com/heketi/heketi/executors/sshexec/brick.go:152: dial tcp 192.168.48.12:22: getsockopt: connection refused
[sshexec] ERROR 2017/04/27 02:24:15 /src/github.com/heketi/heketi/executors/sshexec/brick.go:152: dial tcp 192.168.48.14:22: getsockopt: connection refused
[sshexec] ERROR 2017/04/27 02:24:15 /src/github.com/heketi/heketi/executors/sshexec/brick.go:163: dial tcp 192.168.48.12:22: getsockopt: connection refused
[sshexec] ERROR 2017/04/27 02:24:15 /src/github.com/heketi/heketi/executors/sshexec/brick.go:163: dial tcp 192.168.48.14:22: getsockopt: connection refused
[sshexec] WARNING 2017/04/27 02:24:15 Failed to create SSH connection to 192.168.48.12:22: dial tcp 192.168.48.12:22: getsockopt: connection refused
[sshexec] WARNING 2017/04/27 02:24:15 Failed to create SSH connection to 192.168.48.14:22: dial tcp 192.168.48.14:22: getsockopt: connection refused
[sshexec] DEBUG 2017/04/27 02:24:15 /src/github.com/heketi/heketi/pkg/utils/ssh/ssh.go:176: Host: 192.168.48.17:22 Command: /bin/bash -c 'umount /var/lib/heketi/mounts/vg_6c7ff8b53124baa86b5b789cd93274e1/brick_896d2fc65d86ad6dc4217ba48291226c'
Result: 
[negroni] Started GET /queue/e7f21079d740041467a9f2b96d5c47e4
[negroni] Completed 200 OK in 87.287µs
[sshexec] DEBUG 2017/04/27 02:24:15 /src/github.com/heketi/heketi/pkg/utils/ssh/ssh.go:176: Host: 192.168.48.17:22 Command: /bin/bash -c 'lvremove -f vg_6c7ff8b53124baa86b5b789cd93274e1/tp_896d2fc65d86ad6dc4217ba48291226c'
Result:   Logical volume "brick_896d2fc65d86ad6dc4217ba48291226c" successfully removed
  Logical volume "tp_896d2fc65d86ad6dc4217ba48291226c" successfully removed
[sshexec] DEBUG 2017/04/27 02:24:16 /src/github.com/heketi/heketi/pkg/utils/ssh/ssh.go:176: Host: 192.168.48.17:22 Command: /bin/bash -c 'rmdir /var/lib/heketi/mounts/vg_6c7ff8b53124baa86b5b789cd93274e1/brick_896d2fc65d86ad6dc4217ba48291226c'
Result: 
[sshexec] DEBUG 2017/04/27 02:24:16 /src/github.com/heketi/heketi/pkg/utils/ssh/ssh.go:176: Host: 192.168.48.17:22 Command: /bin/bash -c 'sed -i.save "/brick_896d2fc65d86ad6dc4217ba48291226c/d" /etc/fstab'
Result: 
[asynchttp] INFO 2017/04/27 02:24:16 Completed job e7f21079d740041467a9f2b96d5c47e4 in 2.628995159s
[heketi] ERROR 2017/04/27 02:24:16 /src/github.com/heketi/heketi/apps/glusterfs/app_volume.go:148: Failed to create volume: dial tcp 192.168.48.12:22: getsockopt: connection refused
[negroni] Started GET /queue/e7f21079d740041467a9f2b96d5c47e4
[negroni] Completed 500 Internal Server Error in 74.342µs
[negroni] Started POST /volumes
[negroni] Completed 202 Accepted in 16.179544ms
[asynchttp] INFO 2017/04/27 02:24:28 Started job e30cfbc6f156d89ecb889d9e337b918b
[heketi] INFO 2017/04/27 02:24:28 Creating volume 0e99ab5bb09a5da2dbb3e79a7be388f7
[heketi] INFO 2017/04/27 02:24:28 brick_num: 0
[negroni] Started GET /queue/e30cfbc6f156d89ecb889d9e337b918b
[negroni] Completed 200 OK in 81.583µs
[heketi] INFO 2017/04/27 02:24:28 Creating brick c329189f78efe7b09171c0dfc65a92e9
[heketi] INFO 2017/04/27 02:24:28 Creating brick 28599150fe400bc9927364b24a200be9
[heketi] INFO 2017/04/27 02:24:28 Creating brick ac522575f16774ef888142adaf4a047b
[sshexec] WARNING 2017/04/27 02:24:28 Failed to create SSH connection to 192.168.48.12:22: dial tcp 192.168.48.12:22: getsockopt: connection refused
[sshexec] WARNING 2017/04/27 02:24:28 Failed to create SSH connection to 192.168.48.14:22: dial tcp 192.168.48.14:22: getsockopt: connection refused
[sshexec] WARNING 2017/04/27 02:24:28 Failed to create SSH connection to 192.168.48.12:22: dial tcp 192.168.48.12:22: getsockopt: connection refused
[sshexec] ERROR 2017/04/27 02:24:28 /src/github.com/heketi/heketi/executors/sshexec/brick.go:134: dial tcp 192.168.48.12:22: getsockopt: connection refused
[sshexec] WARNING 2017/04/27 02:24:28 Failed to create SSH connection to 192.168.48.12:22: dial tcp 192.168.48.12:22: getsockopt: connection refused
[sshexec] WARNING 2017/04/27 02:24:28 Failed to create SSH connection to 192.168.48.14:22: dial tcp 192.168.48.14:22: getsockopt: connection refused
[sshexec] ERROR 2017/04/27 02:24:28 /src/github.com/heketi/heketi/executors/sshexec/brick.go:143: dial tcp 192.168.48.12:22: getsockopt: connection refused
[sshexec] ERROR 2017/04/27 02:24:28 /src/github.com/heketi/heketi/executors/sshexec/brick.go:134: dial tcp 192.168.48.14:22: getsockopt: connection refused
[sshexec] WARNING 2017/04/27 02:24:28 Failed to create SSH connection to 192.168.48.12:22: dial tcp 192.168.48.12:22: getsockopt: connection refused
[sshexec] WARNING 2017/04/27 02:24:28 Failed to create SSH connection to 192.168.48.14:22: dial tcp 192.168.48.14:22: getsockopt: connection refused
[sshexec] ERROR 2017/04/27 02:24:28 /src/github.com/heketi/heketi/executors/sshexec/brick.go:152: dial tcp 192.168.48.12:22: getsockopt: connection refused
[sshexec] ERROR 2017/04/27 02:24:28 /src/github.com/heketi/heketi/executors/sshexec/brick.go:143: dial tcp 192.168.48.14:22: getsockopt: connection refused
[sshexec] WARNING 2017/04/27 02:24:28 Failed to create SSH connection to 192.168.48.12:22: dial tcp 192.168.48.12:22: getsockopt: connection refused
[sshexec] WARNING 2017/04/27 02:24:28 Failed to create SSH connection to 192.168.48.14:22: dial tcp 192.168.48.14:22: getsockopt: connection refused
[sshexec] ERROR 2017/04/27 02:24:28 /src/github.com/heketi/heketi/executors/sshexec/brick.go:163: dial tcp 192.168.48.12:22: getsockopt: connection refused
[sshexec] ERROR 2017/04/27 02:24:28 /src/github.com/heketi/heketi/executors/sshexec/brick.go:152: dial tcp 192.168.48.14:22: getsockopt: connection refused
[sshexec] WARNING 2017/04/27 02:24:28 Failed to create SSH connection to 192.168.48.14:22: dial tcp 192.168.48.14:22: getsockopt: connection refused
[sshexec] ERROR 2017/04/27 02:24:28 /src/github.com/heketi/heketi/executors/sshexec/brick.go:163: dial tcp 192.168.48.14:22: getsockopt: connection refused
[sshexec] DEBUG 2017/04/27 02:24:29 /src/github.com/heketi/heketi/pkg/utils/ssh/ssh.go:176: Host: 192.168.48.17:22 Command: /bin/bash -c 'mkdir -p /var/lib/heketi/mounts/vg_6c7ff8b53124baa86b5b789cd93274e1/brick_c329189f78efe7b09171c0dfc65a92e9'
Result: 
[sshexec] DEBUG 2017/04/27 02:24:29 /src/github.com/heketi/heketi/pkg/utils/ssh/ssh.go:176: Host: 192.168.48.17:22 Command: /bin/bash -c 'lvcreate --poolmetadatasize 8192K -c 256K -L 1048576K -T vg_6c7ff8b53124baa86b5b789cd93274e1/tp_c329189f78efe7b09171c0dfc65a92e9 -V 1048576K -n brick_c329189f78efe7b09171c0dfc65a92e9'
Result:   Logical volume "brick_c329189f78efe7b09171c0dfc65a92e9" created.
[negroni] Started GET /queue/e30cfbc6f156d89ecb889d9e337b918b
[negroni] Completed 200 OK in 62.608µs
[sshexec] DEBUG 2017/04/27 02:24:29 /src/github.com/heketi/heketi/pkg/utils/ssh/ssh.go:176: Host: 192.168.48.17:22 Command: /bin/bash -c 'mkfs.xfs -i size=512 -n size=8192 /dev/mapper/vg_6c7ff8b53124baa86b5b789cd93274e1-brick_c329189f78efe7b09171c0dfc65a92e9'
Result: meta-data=/dev/mapper/vg_6c7ff8b53124baa86b5b789cd93274e1-brick_c329189f78efe7b09171c0dfc65a92e9 isize=512    agcount=8, agsize=32704 blks
         =                       sectsz=512   attr=2, projid32bit=1
         =                       crc=1        finobt=1, sparse=0
data     =                       bsize=4096   blocks=261632, imaxpct=25
         =                       sunit=64     swidth=64 blks
naming   =version 2              bsize=8192   ascii-ci=0 ftype=1
log      =internal log           bsize=4096   blocks=1728, version=2
         =                       sectsz=512   sunit=64 blks, lazy-count=1
realtime =none                   extsz=4096   blocks=0, rtextents=0
[sshexec] DEBUG 2017/04/27 02:24:29 /src/github.com/heketi/heketi/pkg/utils/ssh/ssh.go:176: Host: 192.168.48.17:22 Command: /bin/bash -c 'echo "/dev/mapper/vg_6c7ff8b53124baa86b5b789cd93274e1-brick_c329189f78efe7b09171c0dfc65a92e9 /var/lib/heketi/mounts/vg_6c7ff8b53124baa86b5b789cd93274e1/brick_c329189f78efe7b09171c0dfc65a92e9 xfs rw,inode64,noatime,nouuid 1 2" | tee -a /etc/fstab > /dev/null '
Result: 
[sshexec] DEBUG 2017/04/27 02:24:30 /src/github.com/heketi/heketi/pkg/utils/ssh/ssh.go:176: Host: 192.168.48.17:22 Command: /bin/bash -c 'mount -o rw,inode64,noatime,nouuid /dev/mapper/vg_6c7ff8b53124baa86b5b789cd93274e1-brick_c329189f78efe7b09171c0dfc65a92e9 /var/lib/heketi/mounts/vg_6c7ff8b53124baa86b5b789cd93274e1/brick_c329189f78efe7b09171c0dfc65a92e9'
Result: 
[sshexec] DEBUG 2017/04/27 02:24:30 /src/github.com/heketi/heketi/pkg/utils/ssh/ssh.go:176: Host: 192.168.48.17:22 Command: /bin/bash -c 'mkdir /var/lib/heketi/mounts/vg_6c7ff8b53124baa86b5b789cd93274e1/brick_c329189f78efe7b09171c0dfc65a92e9/brick'
Result: 
[sshexec] DEBUG 2017/04/27 02:24:30 /src/github.com/heketi/heketi/pkg/utils/ssh/ssh.go:176: Host: 192.168.48.17:22 Command: /bin/bash -c 'chown :2000 /var/lib/heketi/mounts/vg_6c7ff8b53124baa86b5b789cd93274e1/brick_c329189f78efe7b09171c0dfc65a92e9/brick'
Result: 
[sshexec] DEBUG 2017/04/27 02:24:30 /src/github.com/heketi/heketi/pkg/utils/ssh/ssh.go:176: Host: 192.168.48.17:22 Command: /bin/bash -c 'chmod 2775 /var/lib/heketi/mounts/vg_6c7ff8b53124baa86b5b789cd93274e1/brick_c329189f78efe7b09171c0dfc65a92e9/brick'
Result: 
[heketi] ERROR 2017/04/27 02:24:30 /src/github.com/heketi/heketi/apps/glusterfs/brick_create.go:49: dial tcp 192.168.48.14:22: getsockopt: connection refused
[heketi] INFO 2017/04/27 02:24:30 Deleting brick c329189f78efe7b09171c0dfc65a92e9
[heketi] INFO 2017/04/27 02:24:30 Deleting brick ac522575f16774ef888142adaf4a047b
[heketi] INFO 2017/04/27 02:24:30 Deleting brick 28599150fe400bc9927364b24a200be9
[sshexec] WARNING 2017/04/27 02:24:30 Failed to create SSH connection to 192.168.48.14:22: dial tcp 192.168.48.14:22: getsockopt: connection refused
[sshexec] ERROR 2017/04/27 02:24:30 /src/github.com/heketi/heketi/executors/sshexec/brick.go:134: dial tcp 192.168.48.14:22: getsockopt: connection refused
[sshexec] WARNING 2017/04/27 02:24:30 Failed to create SSH connection to 192.168.48.14:22: dial tcp 192.168.48.14:22: getsockopt: connection refused
[sshexec] ERROR 2017/04/27 02:24:30 /src/github.com/heketi/heketi/executors/sshexec/brick.go:143: dial tcp 192.168.48.14:22: getsockopt: connection refused
[sshexec] WARNING 2017/04/27 02:24:30 Failed to create SSH connection to 192.168.48.12:22: dial tcp 192.168.48.12:22: getsockopt: connection refused
[sshexec] ERROR 2017/04/27 02:24:30 /src/github.com/heketi/heketi/executors/sshexec/brick.go:134: dial tcp 192.168.48.12:22: getsockopt: connection refused
[sshexec] WARNING 2017/04/27 02:24:30 Failed to create SSH connection to 192.168.48.14:22: dial tcp 192.168.48.14:22: getsockopt: connection refused
[sshexec] ERROR 2017/04/27 02:24:30 /src/github.com/heketi/heketi/executors/sshexec/brick.go:152: dial tcp 192.168.48.14:22: getsockopt: connection refused
[sshexec] WARNING 2017/04/27 02:24:30 Failed to create SSH connection to 192.168.48.12:22: dial tcp 192.168.48.12:22: getsockopt: connection refused
[sshexec] ERROR 2017/04/27 02:24:30 /src/github.com/heketi/heketi/executors/sshexec/brick.go:143: dial tcp 192.168.48.12:22: getsockopt: connection refused
[sshexec] WARNING 2017/04/27 02:24:30 Failed to create SSH connection to 192.168.48.14:22: dial tcp 192.168.48.14:22: getsockopt: connection refused
[sshexec] ERROR 2017/04/27 02:24:30 /src/github.com/heketi/heketi/executors/sshexec/brick.go:163: dial tcp 192.168.48.14:22: getsockopt: connection refused
[sshexec] WARNING 2017/04/27 02:24:30 Failed to create SSH connection to 192.168.48.12:22: dial tcp 192.168.48.12:22: getsockopt: connection refused
[sshexec] ERROR 2017/04/27 02:24:30 /src/github.com/heketi/heketi/executors/sshexec/brick.go:152: dial tcp 192.168.48.12:22: getsockopt: connection refused
[sshexec] WARNING 2017/04/27 02:24:30 Failed to create SSH connection to 192.168.48.12:22: dial tcp 192.168.48.12:22: getsockopt: connection refused
[sshexec] ERROR 2017/04/27 02:24:30 /src/github.com/heketi/heketi/executors/sshexec/brick.go:163: dial tcp 192.168.48.12:22: getsockopt: connection refused
[sshexec] DEBUG 2017/04/27 02:24:30 /src/github.com/heketi/heketi/pkg/utils/ssh/ssh.go:176: Host: 192.168.48.17:22 Command: /bin/bash -c 'umount /var/lib/heketi/mounts/vg_6c7ff8b53124baa86b5b789cd93274e1/brick_c329189f78efe7b09171c0dfc65a92e9'
Result: 
[negroni] Started GET /queue/e30cfbc6f156d89ecb889d9e337b918b
[negroni] Completed 200 OK in 291.604µs
[sshexec] DEBUG 2017/04/27 02:24:31 /src/github.com/heketi/heketi/pkg/utils/ssh/ssh.go:176: Host: 192.168.48.17:22 Command: /bin/bash -c 'lvremove -f vg_6c7ff8b53124baa86b5b789cd93274e1/tp_c329189f78efe7b09171c0dfc65a92e9'
Result:   Logical volume "brick_c329189f78efe7b09171c0dfc65a92e9" successfully removed
  Logical volume "tp_c329189f78efe7b09171c0dfc65a92e9" successfully removed
[sshexec] DEBUG 2017/04/27 02:24:31 /src/github.com/heketi/heketi/pkg/utils/ssh/ssh.go:176: Host: 192.168.48.17:22 Command: /bin/bash -c 'rmdir /var/lib/heketi/mounts/vg_6c7ff8b53124baa86b5b789cd93274e1/brick_c329189f78efe7b09171c0dfc65a92e9'
Result: 
[sshexec] DEBUG 2017/04/27 02:24:31 /src/github.com/heketi/heketi/pkg/utils/ssh/ssh.go:176: Host: 192.168.48.17:22 Command: /bin/bash -c 'sed -i.save "/brick_c329189f78efe7b09171c0dfc65a92e9/d" /etc/fstab'
Result: 
[heketi] ERROR 2017/04/27 02:24:31 /src/github.com/heketi/heketi/apps/glusterfs/app_volume.go:148: Failed to create volume: dial tcp 192.168.48.14:22: getsockopt: connection refused
[asynchttp] INFO 2017/04/27 02:24:31 Completed job e30cfbc6f156d89ecb889d9e337b918b in 2.673322412s
[negroni] Started GET /queue/e30cfbc6f156d89ecb889d9e337b918b
[negroni] Completed 500 Internal Server Error in 160.491µs
[negroni] Started POST /volumes
[negroni] Completed 202 Accepted in 12.918283ms
[asynchttp] INFO 2017/04/27 02:24:43 Started job 8e764be5a7b2095bf9e9b36a7a62ea0a
[heketi] INFO 2017/04/27 02:24:43 Creating volume 97e11c56c2bc0de602aee15155dc6a8e
[heketi] INFO 2017/04/27 02:24:43 brick_num: 0
[negroni] Started GET /queue/8e764be5a7b2095bf9e9b36a7a62ea0a
[negroni] Completed 200 OK in 61.181µs
[heketi] INFO 2017/04/27 02:24:43 Creating brick d475d89754dcf2f753accd4a288b4acc
[heketi] INFO 2017/04/27 02:24:43 Creating brick b38ab19b1c26b213a8170568a3bb2ae0
[heketi] INFO 2017/04/27 02:24:43 Creating brick 1f4f9b6c4e817f4ad7d270d61611f8a1
[sshexec] WARNING 2017/04/27 02:24:43 Failed to create SSH connection to 192.168.48.12:22: dial tcp 192.168.48.12:22: getsockopt: connection refused
[sshexec] WARNING 2017/04/27 02:24:43 Failed to create SSH connection to 192.168.48.14:22: dial tcp 192.168.48.14:22: getsockopt: connection refused
[sshexec] WARNING 2017/04/27 02:24:43 Failed to create SSH connection to 192.168.48.14:22: dial tcp 192.168.48.14:22: getsockopt: connection refused
[sshexec] WARNING 2017/04/27 02:24:43 Failed to create SSH connection to 192.168.48.12:22: dial tcp 192.168.48.12:22: getsockopt: connection refused
[sshexec] ERROR 2017/04/27 02:24:43 /src/github.com/heketi/heketi/executors/sshexec/brick.go:134: dial tcp 192.168.48.14:22: getsockopt: connection refused
[sshexec] ERROR 2017/04/27 02:24:43 /src/github.com/heketi/heketi/executors/sshexec/brick.go:134: dial tcp 192.168.48.12:22: getsockopt: connection refused
[sshexec] ERROR 2017/04/27 02:24:43 /src/github.com/heketi/heketi/executors/sshexec/brick.go:143: dial tcp 192.168.48.14:22: getsockopt: connection refused
[sshexec] ERROR 2017/04/27 02:24:43 /src/github.com/heketi/heketi/executors/sshexec/brick.go:143: dial tcp 192.168.48.12:22: getsockopt: connection refused
[sshexec] WARNING 2017/04/27 02:24:43 Failed to create SSH connection to 192.168.48.14:22: dial tcp 192.168.48.14:22: getsockopt: connection refused
[sshexec] WARNING 2017/04/27 02:24:43 Failed to create SSH connection to 192.168.48.12:22: dial tcp 192.168.48.12:22: getsockopt: connection refused
[sshexec] WARNING 2017/04/27 02:24:43 Failed to create SSH connection to 192.168.48.14:22: dial tcp 192.168.48.14:22: getsockopt: connection refused
[sshexec] WARNING 2017/04/27 02:24:43 Failed to create SSH connection to 192.168.48.12:22: dial tcp 192.168.48.12:22: getsockopt: connection refused
[sshexec] ERROR 2017/04/27 02:24:43 /src/github.com/heketi/heketi/executors/sshexec/brick.go:152: dial tcp 192.168.48.14:22: getsockopt: connection refused
[sshexec] ERROR 2017/04/27 02:24:43 /src/github.com/heketi/heketi/executors/sshexec/brick.go:152: dial tcp 192.168.48.12:22: getsockopt: connection refused
[sshexec] WARNING 2017/04/27 02:24:43 Failed to create SSH connection to 192.168.48.14:22: dial tcp 192.168.48.14:22: getsockopt: connection refused
[sshexec] ERROR 2017/04/27 02:24:43 /src/github.com/heketi/heketi/executors/sshexec/brick.go:163: dial tcp 192.168.48.14:22: getsockopt: connection refused
[sshexec] WARNING 2017/04/27 02:24:43 Failed to create SSH connection to 192.168.48.12:22: dial tcp 192.168.48.12:22: getsockopt: connection refused
[sshexec] ERROR 2017/04/27 02:24:43 /src/github.com/heketi/heketi/executors/sshexec/brick.go:163: dial tcp 192.168.48.12:22: getsockopt: connection refused
[sshexec] DEBUG 2017/04/27 02:24:44 /src/github.com/heketi/heketi/pkg/utils/ssh/ssh.go:176: Host: 192.168.48.17:22 Command: /bin/bash -c 'mkdir -p /var/lib/heketi/mounts/vg_6c7ff8b53124baa86b5b789cd93274e1/brick_d475d89754dcf2f753accd4a288b4acc'
Result: 
[sshexec] DEBUG 2017/04/27 02:24:44 /src/github.com/heketi/heketi/pkg/utils/ssh/ssh.go:176: Host: 192.168.48.17:22 Command: /bin/bash -c 'lvcreate --poolmetadatasize 8192K -c 256K -L 1048576K -T vg_6c7ff8b53124baa86b5b789cd93274e1/tp_d475d89754dcf2f753accd4a288b4acc -V 1048576K -n brick_d475d89754dcf2f753accd4a288b4acc'
Result:   Logical volume "brick_d475d89754dcf2f753accd4a288b4acc" created.
[negroni] Started GET /queue/8e764be5a7b2095bf9e9b36a7a62ea0a
[negroni] Completed 200 OK in 166.31µs
[sshexec] DEBUG 2017/04/27 02:24:44 /src/github.com/heketi/heketi/pkg/utils/ssh/ssh.go:176: Host: 192.168.48.17:22 Command: /bin/bash -c 'mkfs.xfs -i size=512 -n size=8192 /dev/mapper/vg_6c7ff8b53124baa86b5b789cd93274e1-brick_d475d89754dcf2f753accd4a288b4acc'
Result: meta-data=/dev/mapper/vg_6c7ff8b53124baa86b5b789cd93274e1-brick_d475d89754dcf2f753accd4a288b4acc isize=512    agcount=8, agsize=32704 blks
         =                       sectsz=512   attr=2, projid32bit=1
         =                       crc=1        finobt=1, sparse=0
data     =                       bsize=4096   blocks=261632, imaxpct=25
         =                       sunit=64     swidth=64 blks
naming   =version 2              bsize=8192   ascii-ci=0 ftype=1
log      =internal log           bsize=4096   blocks=1728, version=2
         =                       sectsz=512   sunit=64 blks, lazy-count=1
realtime =none                   extsz=4096   blocks=0, rtextents=0
[sshexec] DEBUG 2017/04/27 02:24:44 /src/github.com/heketi/heketi/pkg/utils/ssh/ssh.go:176: Host: 192.168.48.17:22 Command: /bin/bash -c 'echo "/dev/mapper/vg_6c7ff8b53124baa86b5b789cd93274e1-brick_d475d89754dcf2f753accd4a288b4acc /var/lib/heketi/mounts/vg_6c7ff8b53124baa86b5b789cd93274e1/brick_d475d89754dcf2f753accd4a288b4acc xfs rw,inode64,noatime,nouuid 1 2" | tee -a /etc/fstab > /dev/null '
Result: 
[sshexec] DEBUG 2017/04/27 02:24:45 /src/github.com/heketi/heketi/pkg/utils/ssh/ssh.go:176: Host: 192.168.48.17:22 Command: /bin/bash -c 'mount -o rw,inode64,noatime,nouuid /dev/mapper/vg_6c7ff8b53124baa86b5b789cd93274e1-brick_d475d89754dcf2f753accd4a288b4acc /var/lib/heketi/mounts/vg_6c7ff8b53124baa86b5b789cd93274e1/brick_d475d89754dcf2f753accd4a288b4acc'
Result: 
[sshexec] DEBUG 2017/04/27 02:24:45 /src/github.com/heketi/heketi/pkg/utils/ssh/ssh.go:176: Host: 192.168.48.17:22 Command: /bin/bash -c 'mkdir /var/lib/heketi/mounts/vg_6c7ff8b53124baa86b5b789cd93274e1/brick_d475d89754dcf2f753accd4a288b4acc/brick'
Result: 
[sshexec] DEBUG 2017/04/27 02:24:45 /src/github.com/heketi/heketi/pkg/utils/ssh/ssh.go:176: Host: 192.168.48.17:22 Command: /bin/bash -c 'chown :2000 /var/lib/heketi/mounts/vg_6c7ff8b53124baa86b5b789cd93274e1/brick_d475d89754dcf2f753accd4a288b4acc/brick'
Result: 
[heketi] ERROR 2017/04/27 02:24:45 /src/github.com/heketi/heketi/apps/glusterfs/brick_create.go:49: dial tcp 192.168.48.12:22: getsockopt: connection refused
[sshexec] ERROR 2017/04/27 02:24:45 /src/github.com/heketi/heketi/executors/sshexec/brick.go:134: dial tcp 192.168.48.14:22: getsockopt: connection refused
[sshexec] DEBUG 2017/04/27 02:24:45 /src/github.com/heketi/heketi/pkg/utils/ssh/ssh.go:176: Host: 192.168.48.17:22 Command: /bin/bash -c 'chmod 2775 /var/lib/heketi/mounts/vg_6c7ff8b53124baa86b5b789cd93274e1/brick_d475d89754dcf2f753accd4a288b4acc/brick'
Result: 
[heketi] INFO 2017/04/27 02:24:45 Deleting brick 1f4f9b6c4e817f4ad7d270d61611f8a1
[heketi] INFO 2017/04/27 02:24:45 Deleting brick b38ab19b1c26b213a8170568a3bb2ae0
[heketi] INFO 2017/04/27 02:24:45 Deleting brick d475d89754dcf2f753accd4a288b4acc
[sshexec] WARNING 2017/04/27 02:24:45 Failed to create SSH connection to 192.168.48.14:22: dial tcp 192.168.48.14:22: getsockopt: connection refused
[sshexec] ERROR 2017/04/27 02:24:45 /src/github.com/heketi/heketi/executors/sshexec/brick.go:134: dial tcp 192.168.48.12:22: getsockopt: connection refused
[sshexec] ERROR 2017/04/27 02:24:45 /src/github.com/heketi/heketi/executors/sshexec/brick.go:143: dial tcp 192.168.48.14:22: getsockopt: connection refused
[sshexec] WARNING 2017/04/27 02:24:45 Failed to create SSH connection to 192.168.48.12:22: dial tcp 192.168.48.12:22: getsockopt: connection refused
[sshexec] WARNING 2017/04/27 02:24:45 Failed to create SSH connection to 192.168.48.14:22: dial tcp 192.168.48.14:22: getsockopt: connection refused
[sshexec] ERROR 2017/04/27 02:24:45 /src/github.com/heketi/heketi/executors/sshexec/brick.go:143: dial tcp 192.168.48.12:22: getsockopt: connection refused
[sshexec] ERROR 2017/04/27 02:24:45 /src/github.com/heketi/heketi/executors/sshexec/brick.go:152: dial tcp 192.168.48.14:22: getsockopt: connection refused
[sshexec] WARNING 2017/04/27 02:24:45 Failed to create SSH connection to 192.168.48.12:22: dial tcp 192.168.48.12:22: getsockopt: connection refused
[sshexec] WARNING 2017/04/27 02:24:45 Failed to create SSH connection to 192.168.48.14:22: dial tcp 192.168.48.14:22: getsockopt: connection refused
[sshexec] ERROR 2017/04/27 02:24:45 /src/github.com/heketi/heketi/executors/sshexec/brick.go:152: dial tcp 192.168.48.12:22: getsockopt: connection refused
[sshexec] WARNING 2017/04/27 02:24:45 Failed to create SSH connection to 192.168.48.12:22: dial tcp 192.168.48.12:22: getsockopt: connection refused
[sshexec] ERROR 2017/04/27 02:24:45 /src/github.com/heketi/heketi/executors/sshexec/brick.go:163: dial tcp 192.168.48.14:22: getsockopt: connection refused
[sshexec] WARNING 2017/04/27 02:24:45 Failed to create SSH connection to 192.168.48.14:22: dial tcp 192.168.48.14:22: getsockopt: connection refused
[sshexec] ERROR 2017/04/27 02:24:45 /src/github.com/heketi/heketi/executors/sshexec/brick.go:163: dial tcp 192.168.48.12:22: getsockopt: connection refused
[sshexec] WARNING 2017/04/27 02:24:45 Failed to create SSH connection to 192.168.48.12:22: dial tcp 192.168.48.12:22: getsockopt: connection refused
[sshexec] DEBUG 2017/04/27 02:24:45 /src/github.com/heketi/heketi/pkg/utils/ssh/ssh.go:176: Host: 192.168.48.17:22 Command: /bin/bash -c 'umount /var/lib/heketi/mounts/vg_6c7ff8b53124baa86b5b789cd93274e1/brick_d475d89754dcf2f753accd4a288b4acc'
Result: 
[negroni] Started GET /queue/8e764be5a7b2095bf9e9b36a7a62ea0a
[negroni] Completed 200 OK in 272.543µs
[sshexec] DEBUG 2017/04/27 02:24:45 /src/github.com/heketi/heketi/pkg/utils/ssh/ssh.go:176: Host: 192.168.48.17:22 Command: /bin/bash -c 'lvremove -f vg_6c7ff8b53124baa86b5b789cd93274e1/tp_d475d89754dcf2f753accd4a288b4acc'
Result:   Logical volume "brick_d475d89754dcf2f753accd4a288b4acc" successfully removed
  Logical volume "tp_d475d89754dcf2f753accd4a288b4acc" successfully removed
[sshexec] DEBUG 2017/04/27 02:24:46 /src/github.com/heketi/heketi/pkg/utils/ssh/ssh.go:176: Host: 192.168.48.17:22 Command: /bin/bash -c 'rmdir /var/lib/heketi/mounts/vg_6c7ff8b53124baa86b5b789cd93274e1/brick_d475d89754dcf2f753accd4a288b4acc'
Result: 
[sshexec] DEBUG 2017/04/27 02:24:46 /src/github.com/heketi/heketi/pkg/utils/ssh/ssh.go:176: Host: 192.168.48.17:22 Command: /bin/bash -c 'sed -i.save "/brick_d475d89754dcf2f753accd4a288b4acc/d" /etc/fstab'
Result: 
[asynchttp] INFO 2017/04/27 02:24:46 Completed job 8e764be5a7b2095bf9e9b36a7a62ea0a in 2.534404003s
[heketi] ERROR 2017/04/27 02:24:46 /src/github.com/heketi/heketi/apps/glusterfs/app_volume.go:148: Failed to create volume: dial tcp 192.168.48.12:22: getsockopt: connection refused
[negroni] Started GET /queue/8e764be5a7b2095bf9e9b36a7a62ea0a
[negroni] Completed 500 Internal Server Error in 94.04µs
[negroni] Started POST /volumes
[negroni] Completed 202 Accepted in 29.403442ms
[asynchttp] INFO 2017/04/27 02:24:58 Started job d06575407f572b4b85a16526b2931f1b
[heketi] INFO 2017/04/27 02:24:58 Creating volume 88b0cba04cf0b159dc333b745de9b235
[heketi] INFO 2017/04/27 02:24:58 brick_num: 0
[negroni] Started GET /queue/d06575407f572b4b85a16526b2931f1b
[negroni] Completed 200 OK in 73.962µs
[sshexec] ERROR 2017/04/27 02:24:59 /src/github.com/heketi/heketi/executors/sshexec/brick.go:134: dial tcp 192.168.48.12:22: getsockopt: connection refused
[sshexec] ERROR 2017/04/27 02:24:59 /src/github.com/heketi/heketi/executors/sshexec/brick.go:143: dial tcp 192.168.48.12:22: getsockopt: connection refused
[sshexec] ERROR 2017/04/27 02:24:59 /src/github.com/heketi/heketi/executors/sshexec/brick.go:134: dial tcp 192.168.48.14:22: getsockopt: connection refused
[sshexec] ERROR 2017/04/27 02:24:59 /src/github.com/heketi/heketi/executors/sshexec/brick.go:152: dial tcp 192.168.48.12:22: getsockopt: connection refused
[sshexec] ERROR 2017/04/27 02:24:59 /src/github.com/heketi/heketi/executors/sshexec/brick.go:143: dial tcp 192.168.48.14:22: getsockopt: connection refused
[sshexec] ERROR 2017/04/27 02:24:59 /src/github.com/heketi/heketi/executors/sshexec/brick.go:152: dial tcp 192.168.48.14:22: getsockopt: connection refused
[heketi] INFO 2017/04/27 02:24:59 Creating brick a25baea1438acf75ab7b7d0ea017cd48
[sshexec] ERROR 2017/04/27 02:24:59 /src/github.com/heketi/heketi/executors/sshexec/brick.go:163: dial tcp 192.168.48.12:22: getsockopt: connection refused
[sshexec] ERROR 2017/04/27 02:24:59 /src/github.com/heketi/heketi/executors/sshexec/brick.go:163: dial tcp 192.168.48.14:22: getsockopt: connection refused
[heketi] INFO 2017/04/27 02:24:59 Creating brick 50e4841fa0ac84f6ececc55fd49687e1
[sshexec] WARNING 2017/04/27 02:24:59 Failed to create SSH connection to 192.168.48.12:22: dial tcp 192.168.48.12:22: getsockopt: connection refused
[heketi] INFO 2017/04/27 02:24:59 Creating brick 96f75cebb3fe0c5c428d7eab4cf25228
[sshexec] WARNING 2017/04/27 02:24:59 Failed to create SSH connection to 192.168.48.12:22: dial tcp 192.168.48.12:22: getsockopt: connection refused
[sshexec] WARNING 2017/04/27 02:24:59 Failed to create SSH connection to 192.168.48.14:22: dial tcp 192.168.48.14:22: getsockopt: connection refused
[sshexec] WARNING 2017/04/27 02:24:59 Failed to create SSH connection to 192.168.48.12:22: dial tcp 192.168.48.12:22: getsockopt: connection refused
[sshexec] WARNING 2017/04/27 02:24:59 Failed to create SSH connection to 192.168.48.14:22: dial tcp 192.168.48.14:22: getsockopt: connection refused
[sshexec] WARNING 2017/04/27 02:24:59 Failed to create SSH connection to 192.168.48.12:22: dial tcp 192.168.48.12:22: getsockopt: connection refused
[sshexec] WARNING 2017/04/27 02:24:59 Failed to create SSH connection to 192.168.48.14:22: dial tcp 192.168.48.14:22: getsockopt: connection refused
[sshexec] WARNING 2017/04/27 02:24:59 Failed to create SSH connection to 192.168.48.14:22: dial tcp 192.168.48.14:22: getsockopt: connection refused
[sshexec] WARNING 2017/04/27 02:24:59 Failed to create SSH connection to 192.168.48.12:22: dial tcp 192.168.48.12:22: getsockopt: connection refused
[sshexec] WARNING 2017/04/27 02:24:59 Failed to create SSH connection to 192.168.48.14:22: dial tcp 192.168.48.14:22: getsockopt: connection refused
[sshexec] DEBUG 2017/04/27 02:24:59 /src/github.com/heketi/heketi/pkg/utils/ssh/ssh.go:176: Host: 192.168.48.17:22 Command: /bin/bash -c 'mkdir -p /var/lib/heketi/mounts/vg_6c7ff8b53124baa86b5b789cd93274e1/brick_a25baea1438acf75ab7b7d0ea017cd48'
Result: 
[sshexec] DEBUG 2017/04/27 02:24:59 /src/github.com/heketi/heketi/pkg/utils/ssh/ssh.go:176: Host: 192.168.48.17:22 Command: /bin/bash -c 'lvcreate --poolmetadatasize 8192K -c 256K -L 1048576K -T vg_6c7ff8b53124baa86b5b789cd93274e1/tp_a25baea1438acf75ab7b7d0ea017cd48 -V 1048576K -n brick_a25baea1438acf75ab7b7d0ea017cd48'
Result:   Logical volume "brick_a25baea1438acf75ab7b7d0ea017cd48" created.
[negroni] Started GET /queue/d06575407f572b4b85a16526b2931f1b
[negroni] Completed 200 OK in 71.447µs
[sshexec] DEBUG 2017/04/27 02:24:59 /src/github.com/heketi/heketi/pkg/utils/ssh/ssh.go:176: Host: 192.168.48.17:22 Command: /bin/bash -c 'mkfs.xfs -i size=512 -n size=8192 /dev/mapper/vg_6c7ff8b53124baa86b5b789cd93274e1-brick_a25baea1438acf75ab7b7d0ea017cd48'
Result: meta-data=/dev/mapper/vg_6c7ff8b53124baa86b5b789cd93274e1-brick_a25baea1438acf75ab7b7d0ea017cd48 isize=512    agcount=8, agsize=32704 blks
         =                       sectsz=512   attr=2, projid32bit=1
         =                       crc=1        finobt=1, sparse=0
data     =                       bsize=4096   blocks=261632, imaxpct=25
         =                       sunit=64     swidth=64 blks
naming   =version 2              bsize=8192   ascii-ci=0 ftype=1
log      =internal log           bsize=4096   blocks=1728, version=2
         =                       sectsz=512   sunit=64 blks, lazy-count=1
realtime =none                   extsz=4096   blocks=0, rtextents=0
[sshexec] DEBUG 2017/04/27 02:24:59 /src/github.com/heketi/heketi/pkg/utils/ssh/ssh.go:176: Host: 192.168.48.17:22 Command: /bin/bash -c 'echo "/dev/mapper/vg_6c7ff8b53124baa86b5b789cd93274e1-brick_a25baea1438acf75ab7b7d0ea017cd48 /var/lib/heketi/mounts/vg_6c7ff8b53124baa86b5b789cd93274e1/brick_a25baea1438acf75ab7b7d0ea017cd48 xfs rw,inode64,noatime,nouuid 1 2" | tee -a /etc/fstab > /dev/null '
Result: 
[sshexec] DEBUG 2017/04/27 02:25:00 /src/github.com/heketi/heketi/pkg/utils/ssh/ssh.go:176: Host: 192.168.48.17:22 Command: /bin/bash -c 'mount -o rw,inode64,noatime,nouuid /dev/mapper/vg_6c7ff8b53124baa86b5b789cd93274e1-brick_a25baea1438acf75ab7b7d0ea017cd48 /var/lib/heketi/mounts/vg_6c7ff8b53124baa86b5b789cd93274e1/brick_a25baea1438acf75ab7b7d0ea017cd48'
Result: 
[sshexec] DEBUG 2017/04/27 02:25:00 /src/github.com/heketi/heketi/pkg/utils/ssh/ssh.go:176: Host: 192.168.48.17:22 Command: /bin/bash -c 'mkdir /var/lib/heketi/mounts/vg_6c7ff8b53124baa86b5b789cd93274e1/brick_a25baea1438acf75ab7b7d0ea017cd48/brick'
Result: 
[sshexec] DEBUG 2017/04/27 02:25:00 /src/github.com/heketi/heketi/pkg/utils/ssh/ssh.go:176: Host: 192.168.48.17:22 Command: /bin/bash -c 'chown :2000 /var/lib/heketi/mounts/vg_6c7ff8b53124baa86b5b789cd93274e1/brick_a25baea1438acf75ab7b7d0ea017cd48/brick'
Result: 
[heketi] ERROR 2017/04/27 02:25:00 /src/github.com/heketi/heketi/apps/glusterfs/brick_create.go:49: dial tcp 192.168.48.14:22: getsockopt: connection refused
[sshexec] DEBUG 2017/04/27 02:25:00 /src/github.com/heketi/heketi/pkg/utils/ssh/ssh.go:176: Host: 192.168.48.17:22 Command: /bin/bash -c 'chmod 2775 /var/lib/heketi/mounts/vg_6c7ff8b53124baa86b5b789cd93274e1/brick_a25baea1438acf75ab7b7d0ea017cd48/brick'
Result: 
[heketi] INFO 2017/04/27 02:25:00 Deleting brick 96f75cebb3fe0c5c428d7eab4cf25228
[heketi] INFO 2017/04/27 02:25:00 Deleting brick a25baea1438acf75ab7b7d0ea017cd48
[heketi] INFO 2017/04/27 02:25:00 Deleting brick 50e4841fa0ac84f6ececc55fd49687e1
[sshexec] WARNING 2017/04/27 02:25:00 Failed to create SSH connection to 192.168.48.14:22: dial tcp 192.168.48.14:22: getsockopt: connection refused
[sshexec] WARNING 2017/04/27 02:25:00 Failed to create SSH connection to 192.168.48.12:22: dial tcp 192.168.48.12:22: getsockopt: connection refused
[sshexec] WARNING 2017/04/27 02:25:00 Failed to create SSH connection to 192.168.48.14:22: dial tcp 192.168.48.14:22: getsockopt: connection refused
[sshexec] WARNING 2017/04/27 02:25:00 Failed to create SSH connection to 192.168.48.12:22: dial tcp 192.168.48.12:22: getsockopt: connection refused
[sshexec] WARNING 2017/04/27 02:25:00 Failed to create SSH connection to 192.168.48.14:22: dial tcp 192.168.48.14:22: getsockopt: connection refused
[sshexec] ERROR 2017/04/27 02:25:00 /src/github.com/heketi/heketi/executors/sshexec/brick.go:134: dial tcp 192.168.48.14:22: getsockopt: connection refused
[sshexec] ERROR 2017/04/27 02:25:00 /src/github.com/heketi/heketi/executors/sshexec/brick.go:134: dial tcp 192.168.48.12:22: getsockopt: connection refused
[sshexec] ERROR 2017/04/27 02:25:00 /src/github.com/heketi/heketi/executors/sshexec/brick.go:143: dial tcp 192.168.48.14:22: getsockopt: connection refused
[sshexec] ERROR 2017/04/27 02:25:00 /src/github.com/heketi/heketi/executors/sshexec/brick.go:143: dial tcp 192.168.48.12:22: getsockopt: connection refused
[sshexec] ERROR 2017/04/27 02:25:00 /src/github.com/heketi/heketi/executors/sshexec/brick.go:152: dial tcp 192.168.48.14:22: getsockopt: connection refused
[sshexec] WARNING 2017/04/27 02:25:00 Failed to create SSH connection to 192.168.48.12:22: dial tcp 192.168.48.12:22: getsockopt: connection refused
[sshexec] ERROR 2017/04/27 02:25:00 /src/github.com/heketi/heketi/executors/sshexec/brick.go:152: dial tcp 192.168.48.12:22: getsockopt: connection refused
[sshexec] WARNING 2017/04/27 02:25:00 Failed to create SSH connection to 192.168.48.14:22: dial tcp 192.168.48.14:22: getsockopt: connection refused
[sshexec] ERROR 2017/04/27 02:25:00 /src/github.com/heketi/heketi/executors/sshexec/brick.go:163: dial tcp 192.168.48.14:22: getsockopt: connection refused
[sshexec] WARNING 2017/04/27 02:25:00 Failed to create SSH connection to 192.168.48.12:22: dial tcp 192.168.48.12:22: getsockopt: connection refused
[sshexec] ERROR 2017/04/27 02:25:00 /src/github.com/heketi/heketi/executors/sshexec/brick.go:163: dial tcp 192.168.48.12:22: getsockopt: connection refused
[sshexec] DEBUG 2017/04/27 02:25:00 /src/github.com/heketi/heketi/pkg/utils/ssh/ssh.go:176: Host: 192.168.48.17:22 Command: /bin/bash -c 'umount /var/lib/heketi/mounts/vg_6c7ff8b53124baa86b5b789cd93274e1/brick_a25baea1438acf75ab7b7d0ea017cd48'
Result: 
[negroni] Started GET /queue/d06575407f572b4b85a16526b2931f1b
[negroni] Completed 200 OK in 108.366µs
[sshexec] DEBUG 2017/04/27 02:25:01 /src/github.com/heketi/heketi/pkg/utils/ssh/ssh.go:176: Host: 192.168.48.17:22 Command: /bin/bash -c 'lvremove -f vg_6c7ff8b53124baa86b5b789cd93274e1/tp_a25baea1438acf75ab7b7d0ea017cd48'
Result:   Logical volume "brick_a25baea1438acf75ab7b7d0ea017cd48" successfully removed
  Logical volume "tp_a25baea1438acf75ab7b7d0ea017cd48" successfully removed
[sshexec] DEBUG 2017/04/27 02:25:01 /src/github.com/heketi/heketi/pkg/utils/ssh/ssh.go:176: Host: 192.168.48.17:22 Command: /bin/bash -c 'rmdir /var/lib/heketi/mounts/vg_6c7ff8b53124baa86b5b789cd93274e1/brick_a25baea1438acf75ab7b7d0ea017cd48'
Result: 
[sshexec] DEBUG 2017/04/27 02:25:01 /src/github.com/heketi/heketi/pkg/utils/ssh/ssh.go:176: Host: 192.168.48.17:22 Command: /bin/bash -c 'sed -i.save "/brick_a25baea1438acf75ab7b7d0ea017cd48/d" /etc/fstab'
Result: 
[heketi] ERROR 2017/04/27 02:25:01 /src/github.com/heketi/heketi/apps/glusterfs/app_volume.go:148: Failed to create volume: dial tcp 192.168.48.14:22: getsockopt: connection refused
[asynchttp] INFO 2017/04/27 02:25:01 Completed job d06575407f572b4b85a16526b2931f1b in 2.879640541s
[negroni] Started GET /queue/d06575407f572b4b85a16526b2931f1b
[negroni] Completed 500 Internal Server Error in 112.115µs
[negroni] Started POST /volumes
[negroni] Completed 202 Accepted in 16.695357ms
[asynchttp] INFO 2017/04/27 02:25:13 Started job 9295707b3e0ff366cdc0efb49549198d
[heketi] INFO 2017/04/27 02:25:13 Creating volume 0e89b6fcd7806221bc2cb6bde2fffe11
[heketi] INFO 2017/04/27 02:25:13 brick_num: 0
[negroni] Started GET /queue/9295707b3e0ff366cdc0efb49549198d
[negroni] Completed 200 OK in 1.482371ms
[heketi] INFO 2017/04/27 02:25:14 Creating brick 13be6c6a9d67e4e3a0708f6892738877
[heketi] INFO 2017/04/27 02:25:14 Creating brick a4ba776b246ef4c560f63987e92b7352
[heketi] INFO 2017/04/27 02:25:14 Creating brick 86dd6ca84af6c16f86ae5a2460a4432e
[sshexec] WARNING 2017/04/27 02:25:14 Failed to create SSH connection to 192.168.48.12:22: dial tcp 192.168.48.12:22: getsockopt: connection refused
[sshexec] WARNING 2017/04/27 02:25:14 Failed to create SSH connection to 192.168.48.14:22: dial tcp 192.168.48.14:22: getsockopt: connection refused
[sshexec] WARNING 2017/04/27 02:25:14 Failed to create SSH connection to 192.168.48.12:22: dial tcp 192.168.48.12:22: getsockopt: connection refused
[sshexec] ERROR 2017/04/27 02:25:14 /src/github.com/heketi/heketi/executors/sshexec/brick.go:134: dial tcp 192.168.48.12:22: getsockopt: connection refused
[sshexec] ERROR 2017/04/27 02:25:14 /src/github.com/heketi/heketi/executors/sshexec/brick.go:134: dial tcp 192.168.48.14:22: getsockopt: connection refused
[sshexec] WARNING 2017/04/27 02:25:14 Failed to create SSH connection to 192.168.48.14:22: dial tcp 192.168.48.14:22: getsockopt: connection refused
[sshexec] ERROR 2017/04/27 02:25:14 /src/github.com/heketi/heketi/executors/sshexec/brick.go:143: dial tcp 192.168.48.12:22: getsockopt: connection refused
[sshexec] WARNING 2017/04/27 02:25:14 Failed to create SSH connection to 192.168.48.12:22: dial tcp 192.168.48.12:22: getsockopt: connection refused
[sshexec] ERROR 2017/04/27 02:25:14 /src/github.com/heketi/heketi/executors/sshexec/brick.go:143: dial tcp 192.168.48.14:22: getsockopt: connection refused
[sshexec] WARNING 2017/04/27 02:25:14 Failed to create SSH connection to 192.168.48.14:22: dial tcp 192.168.48.14:22: getsockopt: connection refused
[sshexec] ERROR 2017/04/27 02:25:14 /src/github.com/heketi/heketi/executors/sshexec/brick.go:152: dial tcp 192.168.48.12:22: getsockopt: connection refused
[sshexec] WARNING 2017/04/27 02:25:14 Failed to create SSH connection to 192.168.48.12:22: dial tcp 192.168.48.12:22: getsockopt: connection refused
[sshexec] ERROR 2017/04/27 02:25:14 /src/github.com/heketi/heketi/executors/sshexec/brick.go:152: dial tcp 192.168.48.14:22: getsockopt: connection refused
[sshexec] WARNING 2017/04/27 02:25:14 Failed to create SSH connection to 192.168.48.14:22: dial tcp 192.168.48.14:22: getsockopt: connection refused
[sshexec] ERROR 2017/04/27 02:25:14 /src/github.com/heketi/heketi/executors/sshexec/brick.go:163: dial tcp 192.168.48.12:22: getsockopt: connection refused
[sshexec] WARNING 2017/04/27 02:25:14 Failed to create SSH connection to 192.168.48.12:22: dial tcp 192.168.48.12:22: getsockopt: connection refused
[sshexec] WARNING 2017/04/27 02:25:14 Failed to create SSH connection to 192.168.48.14:22: dial tcp 192.168.48.14:22: getsockopt: connection refused
[sshexec] ERROR 2017/04/27 02:25:14 /src/github.com/heketi/heketi/executors/sshexec/brick.go:163: dial tcp 192.168.48.14:22: getsockopt: connection refused
[sshexec] DEBUG 2017/04/27 02:25:14 /src/github.com/heketi/heketi/pkg/utils/ssh/ssh.go:176: Host: 192.168.48.17:22 Command: /bin/bash -c 'mkdir -p /var/lib/heketi/mounts/vg_6c7ff8b53124baa86b5b789cd93274e1/brick_13be6c6a9d67e4e3a0708f6892738877'
Result: 
[sshexec] DEBUG 2017/04/27 02:25:14 /src/github.com/heketi/heketi/pkg/utils/ssh/ssh.go:176: Host: 192.168.48.17:22 Command: /bin/bash -c 'lvcreate --poolmetadatasize 8192K -c 256K -L 1048576K -T vg_6c7ff8b53124baa86b5b789cd93274e1/tp_13be6c6a9d67e4e3a0708f6892738877 -V 1048576K -n brick_13be6c6a9d67e4e3a0708f6892738877'
Result:   Logical volume "brick_13be6c6a9d67e4e3a0708f6892738877" created.
[negroni] Started GET /queue/9295707b3e0ff366cdc0efb49549198d
[negroni] Completed 200 OK in 65.587µs
[sshexec] DEBUG 2017/04/27 02:25:14 /src/github.com/heketi/heketi/pkg/utils/ssh/ssh.go:176: Host: 192.168.48.17:22 Command: /bin/bash -c 'mkfs.xfs -i size=512 -n size=8192 /dev/mapper/vg_6c7ff8b53124baa86b5b789cd93274e1-brick_13be6c6a9d67e4e3a0708f6892738877'
Result: meta-data=/dev/mapper/vg_6c7ff8b53124baa86b5b789cd93274e1-brick_13be6c6a9d67e4e3a0708f6892738877 isize=512    agcount=8, agsize=32704 blks
         =                       sectsz=512   attr=2, projid32bit=1
         =                       crc=1        finobt=1, sparse=0
data     =                       bsize=4096   blocks=261632, imaxpct=25
         =                       sunit=64     swidth=64 blks
naming   =version 2              bsize=8192   ascii-ci=0 ftype=1
log      =internal log           bsize=4096   blocks=1728, version=2
         =                       sectsz=512   sunit=64 blks, lazy-count=1
realtime =none                   extsz=4096   blocks=0, rtextents=0
[sshexec] DEBUG 2017/04/27 02:25:15 /src/github.com/heketi/heketi/pkg/utils/ssh/ssh.go:176: Host: 192.168.48.17:22 Command: /bin/bash -c 'echo "/dev/mapper/vg_6c7ff8b53124baa86b5b789cd93274e1-brick_13be6c6a9d67e4e3a0708f6892738877 /var/lib/heketi/mounts/vg_6c7ff8b53124baa86b5b789cd93274e1/brick_13be6c6a9d67e4e3a0708f6892738877 xfs rw,inode64,noatime,nouuid 1 2" | tee -a /etc/fstab > /dev/null '
Result: 
[sshexec] DEBUG 2017/04/27 02:25:15 /src/github.com/heketi/heketi/pkg/utils/ssh/ssh.go:176: Host: 192.168.48.17:22 Command: /bin/bash -c 'mount -o rw,inode64,noatime,nouuid /dev/mapper/vg_6c7ff8b53124baa86b5b789cd93274e1-brick_13be6c6a9d67e4e3a0708f6892738877 /var/lib/heketi/mounts/vg_6c7ff8b53124baa86b5b789cd93274e1/brick_13be6c6a9d67e4e3a0708f6892738877'
Result: 
[sshexec] DEBUG 2017/04/27 02:25:15 /src/github.com/heketi/heketi/pkg/utils/ssh/ssh.go:176: Host: 192.168.48.17:22 Command: /bin/bash -c 'mkdir /var/lib/heketi/mounts/vg_6c7ff8b53124baa86b5b789cd93274e1/brick_13be6c6a9d67e4e3a0708f6892738877/brick'
Result: 
[sshexec] DEBUG 2017/04/27 02:25:15 /src/github.com/heketi/heketi/pkg/utils/ssh/ssh.go:176: Host: 192.168.48.17:22 Command: /bin/bash -c 'chown :2000 /var/lib/heketi/mounts/vg_6c7ff8b53124baa86b5b789cd93274e1/brick_13be6c6a9d67e4e3a0708f6892738877/brick'
Result: 
[sshexec] DEBUG 2017/04/27 02:25:15 /src/github.com/heketi/heketi/pkg/utils/ssh/ssh.go:176: Host: 192.168.48.17:22 Command: /bin/bash -c 'chmod 2775 /var/lib/heketi/mounts/vg_6c7ff8b53124baa86b5b789cd93274e1/brick_13be6c6a9d67e4e3a0708f6892738877/brick'
Result: 
[heketi] ERROR 2017/04/27 02:25:15 /src/github.com/heketi/heketi/apps/glusterfs/brick_create.go:49: dial tcp 192.168.48.14:22: getsockopt: connection refused
[heketi] INFO 2017/04/27 02:25:15 Deleting brick 13be6c6a9d67e4e3a0708f6892738877
[heketi] INFO 2017/04/27 02:25:15 Deleting brick 86dd6ca84af6c16f86ae5a2460a4432e
[sshexec] ERROR 2017/04/27 02:25:15 /src/github.com/heketi/heketi/executors/sshexec/brick.go:134: dial tcp 192.168.48.14:22: getsockopt: connection refused
[sshexec] WARNING 2017/04/27 02:25:15 Failed to create SSH connection to 192.168.48.14:22: dial tcp 192.168.48.14:22: getsockopt: connection refused
[heketi] INFO 2017/04/27 02:25:15 Deleting brick a4ba776b246ef4c560f63987e92b7352
[sshexec] WARNING 2017/04/27 02:25:15 Failed to create SSH connection to 192.168.48.14:22: dial tcp 192.168.48.14:22: getsockopt: connection refused
[sshexec] ERROR 2017/04/27 02:25:15 /src/github.com/heketi/heketi/executors/sshexec/brick.go:143: dial tcp 192.168.48.14:22: getsockopt: connection refused
[sshexec] ERROR 2017/04/27 02:25:15 /src/github.com/heketi/heketi/executors/sshexec/brick.go:152: dial tcp 192.168.48.14:22: getsockopt: connection refused
[sshexec] ERROR 2017/04/27 02:25:15 /src/github.com/heketi/heketi/executors/sshexec/brick.go:134: dial tcp 192.168.48.12:22: getsockopt: connection refused
[sshexec] WARNING 2017/04/27 02:25:15 Failed to create SSH connection to 192.168.48.14:22: dial tcp 192.168.48.14:22: getsockopt: connection refused
[sshexec] WARNING 2017/04/27 02:25:15 Failed to create SSH connection to 192.168.48.12:22: dial tcp 192.168.48.12:22: getsockopt: connection refused
[sshexec] ERROR 2017/04/27 02:25:15 /src/github.com/heketi/heketi/executors/sshexec/brick.go:163: dial tcp 192.168.48.14:22: getsockopt: connection refused
[sshexec] ERROR 2017/04/27 02:25:15 /src/github.com/heketi/heketi/executors/sshexec/brick.go:143: dial tcp 192.168.48.12:22: getsockopt: connection refused
[sshexec] WARNING 2017/04/27 02:25:15 Failed to create SSH connection to 192.168.48.14:22: dial tcp 192.168.48.14:22: getsockopt: connection refused
[sshexec] WARNING 2017/04/27 02:25:15 Failed to create SSH connection to 192.168.48.12:22: dial tcp 192.168.48.12:22: getsockopt: connection refused
[sshexec] ERROR 2017/04/27 02:25:15 /src/github.com/heketi/heketi/executors/sshexec/brick.go:152: dial tcp 192.168.48.12:22: getsockopt: connection refused
[sshexec] WARNING 2017/04/27 02:25:15 Failed to create SSH connection to 192.168.48.12:22: dial tcp 192.168.48.12:22: getsockopt: connection refused
[sshexec] ERROR 2017/04/27 02:25:15 /src/github.com/heketi/heketi/executors/sshexec/brick.go:163: dial tcp 192.168.48.12:22: getsockopt: connection refused
[sshexec] WARNING 2017/04/27 02:25:15 Failed to create SSH connection to 192.168.48.12:22: dial tcp 192.168.48.12:22: getsockopt: connection refused
[sshexec] DEBUG 2017/04/27 02:25:15 /src/github.com/heketi/heketi/pkg/utils/ssh/ssh.go:176: Host: 192.168.48.17:22 Command: /bin/bash -c 'umount /var/lib/heketi/mounts/vg_6c7ff8b53124baa86b5b789cd93274e1/brick_13be6c6a9d67e4e3a0708f6892738877'
Result: 
[negroni] Started GET /queue/9295707b3e0ff366cdc0efb49549198d
[negroni] Completed 200 OK in 109.19µs
[sshexec] DEBUG 2017/04/27 02:25:16 /src/github.com/heketi/heketi/pkg/utils/ssh/ssh.go:176: Host: 192.168.48.17:22 Command: /bin/bash -c 'lvremove -f vg_6c7ff8b53124baa86b5b789cd93274e1/tp_13be6c6a9d67e4e3a0708f6892738877'
Result:   Logical volume "brick_13be6c6a9d67e4e3a0708f6892738877" successfully removed
  Logical volume "tp_13be6c6a9d67e4e3a0708f6892738877" successfully removed
[sshexec] DEBUG 2017/04/27 02:25:16 /src/github.com/heketi/heketi/pkg/utils/ssh/ssh.go:176: Host: 192.168.48.17:22 Command: /bin/bash -c 'rmdir /var/lib/heketi/mounts/vg_6c7ff8b53124baa86b5b789cd93274e1/brick_13be6c6a9d67e4e3a0708f6892738877'
Result: 
[sshexec] DEBUG 2017/04/27 02:25:16 /src/github.com/heketi/heketi/pkg/utils/ssh/ssh.go:176: Host: 192.168.48.17:22 Command: /bin/bash -c 'sed -i.save "/brick_13be6c6a9d67e4e3a0708f6892738877/d" /etc/fstab'
Result: 
[heketi] ERROR 2017/04/27 02:25:16 /src/github.com/heketi/heketi/apps/glusterfs/app_volume.go:148: Failed to create volume: dial tcp 192.168.48.14:22: getsockopt: connection refused
[asynchttp] INFO 2017/04/27 02:25:16 Completed job 9295707b3e0ff366cdc0efb49549198d in 2.783033543s
[negroni] Started GET /queue/9295707b3e0ff366cdc0efb49549198d
[negroni] Completed 500 Internal Server Error in 104.953µs
[negroni] Started POST /volumes
[negroni] Completed 202 Accepted in 19.340846ms
[asynchttp] INFO 2017/04/27 02:25:28 Started job cf59359ca077226b71577142d5764e0e
[heketi] INFO 2017/04/27 02:25:28 Creating volume 343fd234c3ff4cfac33bede99d637483
[heketi] INFO 2017/04/27 02:25:28 brick_num: 0
[negroni] Started GET /queue/cf59359ca077226b71577142d5764e0e
[negroni] Completed 200 OK in 298.283µs
[heketi] INFO 2017/04/27 02:25:29 Creating brick b90653bab0fe002f5ce85f7cd5d1b39b
[heketi] INFO 2017/04/27 02:25:29 Creating brick 87f5c8aef375976bee4d9f56aa597edd
[heketi] INFO 2017/04/27 02:25:29 Creating brick 21239e4cb9729381c61168598b02347f
[sshexec] WARNING 2017/04/27 02:25:29 Failed to create SSH connection to 192.168.48.14:22: dial tcp 192.168.48.14:22: getsockopt: connection refused
[sshexec] WARNING 2017/04/27 02:25:29 Failed to create SSH connection to 192.168.48.12:22: dial tcp 192.168.48.12:22: getsockopt: connection refused
[sshexec] WARNING 2017/04/27 02:25:29 Failed to create SSH connection to 192.168.48.14:22: dial tcp 192.168.48.14:22: getsockopt: connection refused
[sshexec] ERROR 2017/04/27 02:25:29 /src/github.com/heketi/heketi/executors/sshexec/brick.go:134: dial tcp 192.168.48.14:22: getsockopt: connection refused
[sshexec] ERROR 2017/04/27 02:25:29 /src/github.com/heketi/heketi/executors/sshexec/brick.go:134: dial tcp 192.168.48.12:22: getsockopt: connection refused
[sshexec] WARNING 2017/04/27 02:25:29 Failed to create SSH connection to 192.168.48.12:22: dial tcp 192.168.48.12:22: getsockopt: connection refused
[sshexec] ERROR 2017/04/27 02:25:29 /src/github.com/heketi/heketi/executors/sshexec/brick.go:143: dial tcp 192.168.48.14:22: getsockopt: connection refused
[sshexec] WARNING 2017/04/27 02:25:29 Failed to create SSH connection to 192.168.48.14:22: dial tcp 192.168.48.14:22: getsockopt: connection refused
[sshexec] ERROR 2017/04/27 02:25:29 /src/github.com/heketi/heketi/executors/sshexec/brick.go:143: dial tcp 192.168.48.12:22: getsockopt: connection refused
[sshexec] ERROR 2017/04/27 02:25:29 /src/github.com/heketi/heketi/executors/sshexec/brick.go:152: dial tcp 192.168.48.14:22: getsockopt: connection refused
[sshexec] WARNING 2017/04/27 02:25:29 Failed to create SSH connection to 192.168.48.12:22: dial tcp 192.168.48.12:22: getsockopt: connection refused
[sshexec] WARNING 2017/04/27 02:25:29 Failed to create SSH connection to 192.168.48.14:22: dial tcp 192.168.48.14:22: getsockopt: connection refused
[sshexec] ERROR 2017/04/27 02:25:29 /src/github.com/heketi/heketi/executors/sshexec/brick.go:152: dial tcp 192.168.48.12:22: getsockopt: connection refused
[sshexec] ERROR 2017/04/27 02:25:29 /src/github.com/heketi/heketi/executors/sshexec/brick.go:163: dial tcp 192.168.48.14:22: getsockopt: connection refused
[sshexec] WARNING 2017/04/27 02:25:29 Failed to create SSH connection to 192.168.48.12:22: dial tcp 192.168.48.12:22: getsockopt: connection refused
[sshexec] WARNING 2017/04/27 02:25:29 Failed to create SSH connection to 192.168.48.14:22: dial tcp 192.168.48.14:22: getsockopt: connection refused
[sshexec] ERROR 2017/04/27 02:25:29 /src/github.com/heketi/heketi/executors/sshexec/brick.go:163: dial tcp 192.168.48.12:22: getsockopt: connection refused
[sshexec] WARNING 2017/04/27 02:25:29 Failed to create SSH connection to 192.168.48.12:22: dial tcp 192.168.48.12:22: getsockopt: connection refused
[negroni] Started GET /queue/cf59359ca077226b71577142d5764e0e
[negroni] Completed 200 OK in 97.805µs
[negroni] Started GET /queue/cf59359ca077226b71577142d5764e0e
[negroni] Completed 200 OK in 260.601µs
[negroni] Started GET /queue/cf59359ca077226b71577142d5764e0e
[negroni] Completed 200 OK in 93.818µs
[negroni] Started GET /queue/cf59359ca077226b71577142d5764e0e
[negroni] Completed 200 OK in 55.873µs
[negroni] Started GET /queue/cf59359ca077226b71577142d5764e0e
[negroni] Completed 200 OK in 95.443µs
[negroni] Started GET /queue/cf59359ca077226b71577142d5764e0e
[negroni] Completed 200 OK in 75.872µs
[negroni] Started GET /queue/cf59359ca077226b71577142d5764e0e
[negroni] Completed 200 OK in 59.529µs
[negroni] Started GET /queue/cf59359ca077226b71577142d5764e0e
[negroni] Completed 200 OK in 104.706µs
[negroni] Started GET /queue/cf59359ca077226b71577142d5764e0e
[negroni] Completed 200 OK in 182.329µs
[negroni] Started GET /queue/cf59359ca077226b71577142d5764e0e
[negroni] Completed 200 OK in 110.871µs
[negroni] Started GET /queue/cf59359ca077226b71577142d5764e0e
[negroni] Completed 200 OK in 92.57µs
[negroni] Started GET /queue/cf59359ca077226b71577142d5764e0e
[negroni] Completed 200 OK in 175.771µs
[negroni] Started GET /queue/cf59359ca077226b71577142d5764e0e
[negroni] Completed 200 OK in 92.983µs
[negroni] Started GET /queue/cf59359ca077226b71577142d5764e0e
[negroni] Completed 200 OK in 97.813µs
[negroni] Started GET /queue/cf59359ca077226b71577142d5764e0e
[negroni] Completed 200 OK in 101.963µs
[negroni] Started GET /queue/cf59359ca077226b71577142d5764e0e
[negroni] Completed 200 OK in 244.256µs
[negroni] Started GET /queue/cf59359ca077226b71577142d5764e0e
[negroni] Completed 200 OK in 106.108µs
[negroni] Started GET /queue/cf59359ca077226b71577142d5764e0e
[negroni] Completed 200 OK in 65.069µs
[negroni] Started GET /queue/cf59359ca077226b71577142d5764e0e
[negroni] Completed 200 OK in 94.915µs
[negroni] Started GET /queue/cf59359ca077226b71577142d5764e0e
[negroni] Completed 200 OK in 117.867µs
[negroni] Started GET /queue/cf59359ca077226b71577142d5764e0e
[negroni] Completed 200 OK in 235.509µs
[negroni] Started GET /queue/cf59359ca077226b71577142d5764e0e
[negroni] Completed 200 OK in 92.292µs
[negroni] Started GET /queue/cf59359ca077226b71577142d5764e0e
[negroni] Completed 200 OK in 77.76µs
[negroni] Started GET /queue/cf59359ca077226b71577142d5764e0e
[negroni] Completed 200 OK in 94.482µs
[negroni] Started GET /queue/cf59359ca077226b71577142d5764e0e
[negroni] Completed 200 OK in 176.593µs
[negroni] Started GET /queue/cf59359ca077226b71577142d5764e0e
[negroni] Completed 200 OK in 242.406µs
[negroni] Started GET /queue/cf59359ca077226b71577142d5764e0e
[negroni] Completed 200 OK in 67.112µs
[negroni] Started GET /queue/cf59359ca077226b71577142d5764e0e
[negroni] Completed 200 OK in 185.795µs
[negroni] Started GET /queue/cf59359ca077226b71577142d5764e0e
[negroni] Completed 200 OK in 163.6µs
[negroni] Started GET /queue/cf59359ca077226b71577142d5764e0e
[negroni] Completed 200 OK in 157.591µs
[negroni] Started GET /queue/cf59359ca077226b71577142d5764e0e
[negroni] Completed 200 OK in 138.342µs
[negroni] Started GET /queue/cf59359ca077226b71577142d5764e0e
[negroni] Completed 200 OK in 159.232µs
[negroni] Started GET /queue/cf59359ca077226b71577142d5764e0e
[negroni] Completed 200 OK in 671.39µs
[negroni] Started GET /queue/cf59359ca077226b71577142d5764e0e
[negroni] Completed 200 OK in 84.258µs
[negroni] Started GET /queue/cf59359ca077226b71577142d5764e0e
[negroni] Completed 200 OK in 381.532µs
[negroni] Started GET /queue/cf59359ca077226b71577142d5764e0e
[negroni] Completed 200 OK in 123.443µs
[negroni] Started GET /queue/cf59359ca077226b71577142d5764e0e
[negroni] Completed 200 OK in 166.074µs
[negroni] Started GET /queue/cf59359ca077226b71577142d5764e0e
[negroni] Completed 200 OK in 196.742µs
[negroni] Started GET /queue/cf59359ca077226b71577142d5764e0e
[negroni] Completed 200 OK in 122.11µs
[negroni] Started GET /queue/cf59359ca077226b71577142d5764e0e
[negroni] Completed 200 OK in 130.298µs
[negroni] Started GET /queue/cf59359ca077226b71577142d5764e0e
[negroni] Completed 200 OK in 113.835µs
[negroni] Started GET /queue/cf59359ca077226b71577142d5764e0e
[negroni] Completed 200 OK in 80.106µs
[negroni] Started GET /queue/cf59359ca077226b71577142d5764e0e
[negroni] Completed 200 OK in 286.559µs
[negroni] Started GET /queue/cf59359ca077226b71577142d5764e0e
[negroni] Completed 200 OK in 132.247µs
[negroni] Started GET /queue/cf59359ca077226b71577142d5764e0e
[negroni] Completed 200 OK in 89.13µs
[negroni] Started GET /queue/cf59359ca077226b71577142d5764e0e
[negroni] Completed 200 OK in 97.454µs
[negroni] Started GET /queue/cf59359ca077226b71577142d5764e0e
[negroni] Completed 200 OK in 67.014µs
[negroni] Started GET /queue/cf59359ca077226b71577142d5764e0e
[negroni] Completed 200 OK in 94.191µs
[negroni] Started GET /queue/cf59359ca077226b71577142d5764e0e
[negroni] Completed 200 OK in 347.05µs
[negroni] Started GET /queue/cf59359ca077226b71577142d5764e0e
[negroni] Completed 200 OK in 133.984µs
[negroni] Started GET /queue/cf59359ca077226b71577142d5764e0e
[negroni] Completed 200 OK in 72.47µs
[negroni] Started GET /queue/cf59359ca077226b71577142d5764e0e
[negroni] Completed 200 OK in 76.851µs
[negroni] Started GET /queue/cf59359ca077226b71577142d5764e0e
[negroni] Completed 200 OK in 119.514µs
[negroni] Started GET /queue/cf59359ca077226b71577142d5764e0e
[negroni] Completed 200 OK in 59.054µs
[negroni] Started GET /queue/cf59359ca077226b71577142d5764e0e
[negroni] Completed 200 OK in 94.293µs
[negroni] Started GET /queue/cf59359ca077226b71577142d5764e0e
[negroni] Completed 200 OK in 71.284µs
[negroni] Started GET /queue/cf59359ca077226b71577142d5764e0e
[negroni] Completed 200 OK in 88.663µs
[negroni] Started GET /queue/cf59359ca077226b71577142d5764e0e
[negroni] Completed 200 OK in 76.829µs
[negroni] Started GET /queue/cf59359ca077226b71577142d5764e0e
[negroni] Completed 200 OK in 155.122µs
[negroni] Started GET /queue/cf59359ca077226b71577142d5764e0e
[negroni] Completed 200 OK in 117.792µs
[negroni] Started GET /queue/cf59359ca077226b71577142d5764e0e
[negroni] Completed 200 OK in 162.592µs
[negroni] Started GET /queue/cf59359ca077226b71577142d5764e0e
[negroni] Completed 200 OK in 64.54µs
[negroni] Started GET /queue/cf59359ca077226b71577142d5764e0e
[negroni] Completed 200 OK in 76.165µs
[negroni] Started GET /queue/cf59359ca077226b71577142d5764e0e
[negroni] Completed 200 OK in 154.036µs
[negroni] Started GET /queue/cf59359ca077226b71577142d5764e0e
[negroni] Completed 200 OK in 154.86µs
[negroni] Started GET /queue/cf59359ca077226b71577142d5764e0e
[negroni] Completed 200 OK in 126.43µs
[negroni] Started GET /queue/cf59359ca077226b71577142d5764e0e
[negroni] Completed 200 OK in 165.977µs
[negroni] Started GET /queue/cf59359ca077226b71577142d5764e0e
[negroni] Completed 200 OK in 97.529µs
[negroni] Started GET /queue/cf59359ca077226b71577142d5764e0e
[negroni] Completed 200 OK in 121.725µs
[negroni] Started GET /queue/cf59359ca077226b71577142d5764e0e
[negroni] Completed 200 OK in 87.91µs
[negroni] Started GET /queue/cf59359ca077226b71577142d5764e0e
[negroni] Completed 200 OK in 102.466µs
[negroni] Started GET /queue/cf59359ca077226b71577142d5764e0e
[negroni] Completed 200 OK in 75.656µs
[negroni] Started GET /queue/cf59359ca077226b71577142d5764e0e
[negroni] Completed 200 OK in 148.596µs
[negroni] Started GET /queue/cf59359ca077226b71577142d5764e0e
[negroni] Completed 200 OK in 93.174µs
[negroni] Started GET /queue/cf59359ca077226b71577142d5764e0e
[negroni] Completed 200 OK in 78.765µs
[negroni] Started GET /queue/cf59359ca077226b71577142d5764e0e
[negroni] Completed 200 OK in 99.89µs
[negroni] Started GET /queue/cf59359ca077226b71577142d5764e0e
[negroni] Completed 200 OK in 129.266µs
[negroni] Started GET /queue/cf59359ca077226b71577142d5764e0e
[negroni] Completed 200 OK in 111.985µs
[negroni] Started GET /queue/cf59359ca077226b71577142d5764e0e
[negroni] Completed 200 OK in 82.924µs
[negroni] Started GET /queue/cf59359ca077226b71577142d5764e0e
[negroni] Completed 200 OK in 65.703µs
[negroni] Started GET /queue/cf59359ca077226b71577142d5764e0e
[negroni] Completed 200 OK in 155.459µs
[negroni] Started GET /queue/cf59359ca077226b71577142d5764e0e
[negroni] Completed 200 OK in 119.52µs
[negroni] Started GET /queue/cf59359ca077226b71577142d5764e0e
[negroni] Completed 200 OK in 113.6µs
[negroni] Started GET /queue/cf59359ca077226b71577142d5764e0e
[negroni] Completed 200 OK in 112.754µs
[negroni] Started GET /queue/cf59359ca077226b71577142d5764e0e
[negroni] Completed 200 OK in 303.828µs
[negroni] Started GET /queue/cf59359ca077226b71577142d5764e0e
[negroni] Completed 200 OK in 131.886µs
[negroni] Started GET /queue/cf59359ca077226b71577142d5764e0e
[negroni] Completed 200 OK in 78.46µs
[negroni] Started GET /queue/cf59359ca077226b71577142d5764e0e
[negroni] Completed 200 OK in 102.536µs
[negroni] Started GET /queue/cf59359ca077226b71577142d5764e0e
[negroni] Completed 200 OK in 95.841µs
[negroni] Started GET /queue/cf59359ca077226b71577142d5764e0e
[negroni] Completed 200 OK in 63.954µs
[negroni] Started GET /queue/cf59359ca077226b71577142d5764e0e
[negroni] Completed 200 OK in 110.912µs
[negroni] Started GET /queue/cf59359ca077226b71577142d5764e0e
[negroni] Completed 200 OK in 81.911µs
[negroni] Started GET /queue/cf59359ca077226b71577142d5764e0e
[negroni] Completed 200 OK in 76.389µs
[negroni] Started GET /queue/cf59359ca077226b71577142d5764e0e
[negroni] Completed 200 OK in 88.31µs
[negroni] Started GET /queue/cf59359ca077226b71577142d5764e0e
[negroni] Completed 200 OK in 93.588µs
[negroni] Started GET /queue/cf59359ca077226b71577142d5764e0e
[negroni] Completed 200 OK in 93.827µs
[negroni] Started GET /queue/cf59359ca077226b71577142d5764e0e
[negroni] Completed 200 OK in 105.46µs
[negroni] Started GET /queue/cf59359ca077226b71577142d5764e0e
[negroni] Completed 200 OK in 170.403µs
[negroni] Started GET /queue/cf59359ca077226b71577142d5764e0e
[negroni] Completed 200 OK in 97.945µs
[negroni] Started GET /queue/cf59359ca077226b71577142d5764e0e
[negroni] Completed 200 OK in 82.724µs
[negroni] Started GET /queue/cf59359ca077226b71577142d5764e0e
[negroni] Completed 200 OK in 228.273µs
[negroni] Started GET /queue/cf59359ca077226b71577142d5764e0e
[negroni] Completed 200 OK in 112.031µs
[negroni] Started GET /queue/cf59359ca077226b71577142d5764e0e
[negroni] Completed 200 OK in 69.028µs
[negroni] Started GET /queue/cf59359ca077226b71577142d5764e0e
[negroni] Completed 200 OK in 62.535µs
[negroni] Started GET /queue/cf59359ca077226b71577142d5764e0e
[negroni] Completed 200 OK in 79.558µs
[negroni] Started GET /queue/cf59359ca077226b71577142d5764e0e
[negroni] Completed 200 OK in 65.757µs
[negroni] Started GET /queue/cf59359ca077226b71577142d5764e0e
[negroni] Completed 200 OK in 78.966µs
[negroni] Started GET /queue/cf59359ca077226b71577142d5764e0e
[negroni] Completed 200 OK in 135.105µs
[negroni] Started GET /queue/cf59359ca077226b71577142d5764e0e
[negroni] Completed 200 OK in 143.458µs
[negroni] Started GET /queue/cf59359ca077226b71577142d5764e0e
[negroni] Completed 200 OK in 98.916µs
[negroni] Started GET /queue/cf59359ca077226b71577142d5764e0e
[negroni] Completed 200 OK in 95.888µs
[negroni] Started GET /queue/cf59359ca077226b71577142d5764e0e
[negroni] Completed 200 OK in 59.801µs
[negroni] Started GET /queue/cf59359ca077226b71577142d5764e0e
[negroni] Completed 200 OK in 106.099µs
[negroni] Started GET /queue/cf59359ca077226b71577142d5764e0e
[negroni] Completed 200 OK in 189.123µs
[negroni] Started GET /queue/cf59359ca077226b71577142d5764e0e
[negroni] Completed 200 OK in 91.873µs
[negroni] Started GET /queue/cf59359ca077226b71577142d5764e0e
[negroni] Completed 200 OK in 204.343µs
[negroni] Started GET /queue/cf59359ca077226b71577142d5764e0e
[negroni] Completed 200 OK in 75.469µs
[negroni] Started GET /queue/cf59359ca077226b71577142d5764e0e
[negroni] Completed 200 OK in 174.723µs
[negroni] Started GET /queue/cf59359ca077226b71577142d5764e0e
[negroni] Completed 200 OK in 67.451µs
[negroni] Started GET /queue/cf59359ca077226b71577142d5764e0e
[negroni] Completed 200 OK in 170.049µs
[negroni] Started GET /queue/cf59359ca077226b71577142d5764e0e
[negroni] Completed 200 OK in 86.351µs
[negroni] Started GET /queue/cf59359ca077226b71577142d5764e0e
[negroni] Completed 200 OK in 92.439µs
[negroni] Started GET /queue/cf59359ca077226b71577142d5764e0e
[negroni] Completed 200 OK in 64.941µs
[negroni] Started GET /queue/cf59359ca077226b71577142d5764e0e
[negroni] Completed 200 OK in 88.585µs
[negroni] Started GET /queue/cf59359ca077226b71577142d5764e0e
[negroni] Completed 200 OK in 154.135µs
[negroni] Started GET /queue/cf59359ca077226b71577142d5764e0e
[negroni] Completed 200 OK in 148.477µs
[sshexec] WARNING 2017/04/27 02:27:36 Failed to create SSH connection to 192.168.48.17:22: dial tcp 192.168.48.17:22: getsockopt: connection timed out
[negroni] Started GET /queue/cf59359ca077226b71577142d5764e0e
[negroni] Completed 200 OK in 92.477µs
[sshexec] ERROR 2017/04/27 02:27:36 /src/github.com/heketi/heketi/pkg/utils/ssh/ssh.go:173: Failed to run command [/bin/bash -c 'umount /var/lib/heketi/mounts/vg_6c7ff8b53124baa86b5b789cd93274e1/brick_21239e4cb9729381c61168598b02347f'] on 192.168.48.17:22: Err[Process exited with: 32. Reason was:  ()]: Stdout []: Stderr [umount: /var/lib/heketi/mounts/vg_6c7ff8b53124baa86b5b789cd93274e1/brick_21239e4cb9729381c61168598b02347f: mountpoint not found
]
[sshexec] ERROR 2017/04/27 02:27:36 /src/github.com/heketi/heketi/executors/sshexec/brick.go:134: umount: /var/lib/heketi/mounts/vg_6c7ff8b53124baa86b5b789cd93274e1/brick_21239e4cb9729381c61168598b02347f: mountpoint not found
[sshexec] ERROR 2017/04/27 02:27:36 /src/github.com/heketi/heketi/pkg/utils/ssh/ssh.go:173: Failed to run command [/bin/bash -c 'lvremove -f vg_6c7ff8b53124baa86b5b789cd93274e1/tp_21239e4cb9729381c61168598b02347f'] on 192.168.48.17:22: Err[Process exited with: 5. Reason was:  ()]: Stdout []: Stderr [  Failed to find logical volume "vg_6c7ff8b53124baa86b5b789cd93274e1/tp_21239e4cb9729381c61168598b02347f"
]
[sshexec] ERROR 2017/04/27 02:27:36 /src/github.com/heketi/heketi/executors/sshexec/brick.go:143:   Failed to find logical volume "vg_6c7ff8b53124baa86b5b789cd93274e1/tp_21239e4cb9729381c61168598b02347f"
[sshexec] ERROR 2017/04/27 02:27:36 /src/github.com/heketi/heketi/pkg/utils/ssh/ssh.go:173: Failed to run command [/bin/bash -c 'rmdir /var/lib/heketi/mounts/vg_6c7ff8b53124baa86b5b789cd93274e1/brick_21239e4cb9729381c61168598b02347f'] on 192.168.48.17:22: Err[Process exited with: 1. Reason was:  ()]: Stdout []: Stderr [rmdir: failed to remove '/var/lib/heketi/mounts/vg_6c7ff8b53124baa86b5b789cd93274e1/brick_21239e4cb9729381c61168598b02347f': No such file or directory
]
[sshexec] ERROR 2017/04/27 02:27:36 /src/github.com/heketi/heketi/executors/sshexec/brick.go:152: rmdir: failed to remove '/var/lib/heketi/mounts/vg_6c7ff8b53124baa86b5b789cd93274e1/brick_21239e4cb9729381c61168598b02347f': No such file or directory
[sshexec] DEBUG 2017/04/27 02:27:36 /src/github.com/heketi/heketi/pkg/utils/ssh/ssh.go:176: Host: 192.168.48.17:22 Command: /bin/bash -c 'sed -i.save "/brick_21239e4cb9729381c61168598b02347f/d" /etc/fstab'
Result: 
[heketi] ERROR 2017/04/27 02:27:36 /src/github.com/heketi/heketi/apps/glusterfs/brick_create.go:49: dial tcp 192.168.48.17:22: getsockopt: connection timed out
[heketi] INFO 2017/04/27 02:27:36 Deleting brick b90653bab0fe002f5ce85f7cd5d1b39b
[heketi] INFO 2017/04/27 02:27:37 Deleting brick 87f5c8aef375976bee4d9f56aa597edd
[heketi] INFO 2017/04/27 02:27:37 Deleting brick 21239e4cb9729381c61168598b02347f
[sshexec] ERROR 2017/04/27 02:27:37 /src/github.com/heketi/heketi/pkg/utils/ssh/ssh.go:173: Failed to run command [/bin/bash -c 'umount /var/lib/heketi/mounts/vg_6c7ff8b53124baa86b5b789cd93274e1/brick_21239e4cb9729381c61168598b02347f'] on 192.168.48.17:22: Err[Process exited with: 32. Reason was:  ()]: Stdout []: Stderr [umount: /var/lib/heketi/mounts/vg_6c7ff8b53124baa86b5b789cd93274e1/brick_21239e4cb9729381c61168598b02347f: mountpoint not found
]
[sshexec] ERROR 2017/04/27 02:27:37 /src/github.com/heketi/heketi/executors/sshexec/brick.go:134: umount: /var/lib/heketi/mounts/vg_6c7ff8b53124baa86b5b789cd93274e1/brick_21239e4cb9729381c61168598b02347f: mountpoint not found
[sshexec] ERROR 2017/04/27 02:27:37 /src/github.com/heketi/heketi/pkg/utils/ssh/ssh.go:173: Failed to run command [/bin/bash -c 'umount /var/lib/heketi/mounts/vg_d72d3bd802d4e511a80ce2f16181289d/brick_b90653bab0fe002f5ce85f7cd5d1b39b'] on 192.168.48.14:22: Err[Process exited with: 32. Reason was:  ()]: Stdout []: Stderr [umount: /var/lib/heketi/mounts/vg_d72d3bd802d4e511a80ce2f16181289d/brick_b90653bab0fe002f5ce85f7cd5d1b39b: mountpoint not found
]
[sshexec] ERROR 2017/04/27 02:27:37 /src/github.com/heketi/heketi/executors/sshexec/brick.go:134: umount: /var/lib/heketi/mounts/vg_d72d3bd802d4e511a80ce2f16181289d/brick_b90653bab0fe002f5ce85f7cd5d1b39b: mountpoint not found
[sshexec] ERROR 2017/04/27 02:27:37 /src/github.com/heketi/heketi/pkg/utils/ssh/ssh.go:173: Failed to run command [/bin/bash -c 'lvremove -f vg_6c7ff8b53124baa86b5b789cd93274e1/tp_21239e4cb9729381c61168598b02347f'] on 192.168.48.17:22: Err[Process exited with: 5. Reason was:  ()]: Stdout []: Stderr [  Failed to find logical volume "vg_6c7ff8b53124baa86b5b789cd93274e1/tp_21239e4cb9729381c61168598b02347f"
]
[sshexec] ERROR 2017/04/27 02:27:37 /src/github.com/heketi/heketi/executors/sshexec/brick.go:143:   Failed to find logical volume "vg_6c7ff8b53124baa86b5b789cd93274e1/tp_21239e4cb9729381c61168598b02347f"
[sshexec] ERROR 2017/04/27 02:27:37 /src/github.com/heketi/heketi/pkg/utils/ssh/ssh.go:173: Failed to run command [/bin/bash -c 'lvremove -f vg_d72d3bd802d4e511a80ce2f16181289d/tp_b90653bab0fe002f5ce85f7cd5d1b39b'] on 192.168.48.14:22: Err[Process exited with: 5. Reason was:  ()]: Stdout []: Stderr [  Failed to find logical volume "vg_d72d3bd802d4e511a80ce2f16181289d/tp_b90653bab0fe002f5ce85f7cd5d1b39b"
]
[sshexec] ERROR 2017/04/27 02:27:37 /src/github.com/heketi/heketi/executors/sshexec/brick.go:143:   Failed to find logical volume "vg_d72d3bd802d4e511a80ce2f16181289d/tp_b90653bab0fe002f5ce85f7cd5d1b39b"
[negroni] Started GET /queue/cf59359ca077226b71577142d5764e0e
[negroni] Completed 200 OK in 51.528µs
[sshexec] ERROR 2017/04/27 02:27:37 /src/github.com/heketi/heketi/pkg/utils/ssh/ssh.go:173: Failed to run command [/bin/bash -c 'rmdir /var/lib/heketi/mounts/vg_d72d3bd802d4e511a80ce2f16181289d/brick_b90653bab0fe002f5ce85f7cd5d1b39b'] on 192.168.48.14:22: Err[Process exited with: 1. Reason was:  ()]: Stdout []: Stderr [rmdir: failed to remove '/var/lib/heketi/mounts/vg_d72d3bd802d4e511a80ce2f16181289d/brick_b90653bab0fe002f5ce85f7cd5d1b39b': No such file or directory
]
[sshexec] ERROR 2017/04/27 02:27:37 /src/github.com/heketi/heketi/executors/sshexec/brick.go:152: rmdir: failed to remove '/var/lib/heketi/mounts/vg_d72d3bd802d4e511a80ce2f16181289d/brick_b90653bab0fe002f5ce85f7cd5d1b39b': No such file or directory
[sshexec] ERROR 2017/04/27 02:27:37 /src/github.com/heketi/heketi/pkg/utils/ssh/ssh.go:173: Failed to run command [/bin/bash -c 'rmdir /var/lib/heketi/mounts/vg_6c7ff8b53124baa86b5b789cd93274e1/brick_21239e4cb9729381c61168598b02347f'] on 192.168.48.17:22: Err[Process exited with: 1. Reason was:  ()]: Stdout []: Stderr [rmdir: failed to remove '/var/lib/heketi/mounts/vg_6c7ff8b53124baa86b5b789cd93274e1/brick_21239e4cb9729381c61168598b02347f': No such file or directory
]
[sshexec] ERROR 2017/04/27 02:27:37 /src/github.com/heketi/heketi/executors/sshexec/brick.go:152: rmdir: failed to remove '/var/lib/heketi/mounts/vg_6c7ff8b53124baa86b5b789cd93274e1/brick_21239e4cb9729381c61168598b02347f': No such file or directory
[sshexec] DEBUG 2017/04/27 02:27:37 /src/github.com/heketi/heketi/pkg/utils/ssh/ssh.go:176: Host: 192.168.48.14:22 Command: /bin/bash -c 'sed -i.save "/brick_b90653bab0fe002f5ce85f7cd5d1b39b/d" /etc/fstab'
Result: 
[sshexec] DEBUG 2017/04/27 02:27:37 /src/github.com/heketi/heketi/pkg/utils/ssh/ssh.go:176: Host: 192.168.48.17:22 Command: /bin/bash -c 'sed -i.save "/brick_21239e4cb9729381c61168598b02347f/d" /etc/fstab'
Result: 
[negroni] Started GET /queue/cf59359ca077226b71577142d5764e0e
[negroni] Completed 200 OK in 83.758µs
[negroni] Started GET /queue/cf59359ca077226b71577142d5764e0e
[negroni] Completed 200 OK in 120.663µs
[negroni] Started GET /queue/cf59359ca077226b71577142d5764e0e
[negroni] Completed 200 OK in 236.071µs
[negroni] Started GET /queue/cf59359ca077226b71577142d5764e0e
[negroni] Completed 200 OK in 195.315µs
[negroni] Started GET /queue/cf59359ca077226b71577142d5764e0e
[negroni] Completed 200 OK in 77.942µs
[negroni] Started GET /queue/cf59359ca077226b71577142d5764e0e
[negroni] Completed 200 OK in 66.339µs
[negroni] Started GET /queue/cf59359ca077226b71577142d5764e0e
[negroni] Completed 200 OK in 62.893µs
[negroni] Started GET /queue/cf59359ca077226b71577142d5764e0e
[negroni] Completed 200 OK in 86.969µs
[negroni] Started GET /queue/cf59359ca077226b71577142d5764e0e
[negroni] Completed 200 OK in 73.603µs
[negroni] Started GET /queue/cf59359ca077226b71577142d5764e0e
[negroni] Completed 200 OK in 58.232µs
[negroni] Started GET /queue/cf59359ca077226b71577142d5764e0e
[negroni] Completed 200 OK in 73.369µs
[negroni] Started GET /queue/cf59359ca077226b71577142d5764e0e
[negroni] Completed 200 OK in 426.606µs
[negroni] Started GET /queue/cf59359ca077226b71577142d5764e0e
[negroni] Completed 200 OK in 201.04µs
[negroni] Started GET /queue/cf59359ca077226b71577142d5764e0e
[negroni] Completed 200 OK in 289.283µs
[negroni] Started GET /queue/cf59359ca077226b71577142d5764e0e
[negroni] Completed 200 OK in 89.175µs
[negroni] Started GET /queue/cf59359ca077226b71577142d5764e0e
[negroni] Completed 200 OK in 53.741µs
[negroni] Started GET /queue/cf59359ca077226b71577142d5764e0e
[negroni] Completed 200 OK in 75.603µs
[negroni] Started GET /queue/cf59359ca077226b71577142d5764e0e
[negroni] Completed 200 OK in 95.5µs
[negroni] Started GET /queue/cf59359ca077226b71577142d5764e0e
[negroni] Completed 200 OK in 101.909µs
[negroni] Started GET /queue/cf59359ca077226b71577142d5764e0e
[negroni] Completed 200 OK in 100.594µs
[negroni] Started GET /queue/cf59359ca077226b71577142d5764e0e
[negroni] Completed 200 OK in 120.744µs
[negroni] Started GET /queue/cf59359ca077226b71577142d5764e0e
[negroni] Completed 200 OK in 116.007µs
[negroni] Started GET /queue/cf59359ca077226b71577142d5764e0e
[negroni] Completed 200 OK in 189.303µs
[negroni] Started GET /queue/cf59359ca077226b71577142d5764e0e
[negroni] Completed 200 OK in 55.56µs
[negroni] Started GET /queue/cf59359ca077226b71577142d5764e0e
[negroni] Completed 200 OK in 85.522µs
[negroni] Started GET /queue/cf59359ca077226b71577142d5764e0e
[negroni] Completed 200 OK in 67.476µs
[negroni] Started GET /queue/cf59359ca077226b71577142d5764e0e
[negroni] Completed 200 OK in 151.592µs
[negroni] Started GET /queue/cf59359ca077226b71577142d5764e0e
[negroni] Completed 200 OK in 99.141µs
[negroni] Started GET /queue/cf59359ca077226b71577142d5764e0e
[negroni] Completed 200 OK in 158.372µs
[negroni] Started GET /queue/cf59359ca077226b71577142d5764e0e
[negroni] Completed 200 OK in 208.625µs
[negroni] Started GET /queue/cf59359ca077226b71577142d5764e0e
[negroni] Completed 200 OK in 104.06µs
[negroni] Started GET /queue/cf59359ca077226b71577142d5764e0e
[negroni] Completed 200 OK in 267.443µs
[negroni] Started GET /queue/cf59359ca077226b71577142d5764e0e
[negroni] Completed 200 OK in 178.647µs
[negroni] Started GET /queue/cf59359ca077226b71577142d5764e0e
[negroni] Completed 200 OK in 155.391µs
[negroni] Started GET /queue/cf59359ca077226b71577142d5764e0e
[negroni] Completed 200 OK in 190.971µs
[negroni] Started GET /queue/cf59359ca077226b71577142d5764e0e
[negroni] Completed 200 OK in 109.248µs
[negroni] Started GET /queue/cf59359ca077226b71577142d5764e0e
[negroni] Completed 200 OK in 133.654µs
[negroni] Started GET /queue/cf59359ca077226b71577142d5764e0e
[negroni] Completed 200 OK in 122.063µs
[negroni] Started GET /queue/cf59359ca077226b71577142d5764e0e
[negroni] Completed 200 OK in 62.07µs
[negroni] Started GET /queue/cf59359ca077226b71577142d5764e0e
[negroni] Completed 200 OK in 101.653µs
[negroni] Started GET /queue/cf59359ca077226b71577142d5764e0e
[negroni] Completed 200 OK in 117.993µs
[negroni] Started GET /queue/cf59359ca077226b71577142d5764e0e
[negroni] Completed 200 OK in 142.43µs
[negroni] Started GET /queue/cf59359ca077226b71577142d5764e0e
[negroni] Completed 200 OK in 59.353µs
[negroni] Started GET /queue/cf59359ca077226b71577142d5764e0e
[negroni] Completed 200 OK in 82.668µs
[negroni] Started GET /queue/cf59359ca077226b71577142d5764e0e
[negroni] Completed 200 OK in 217.541µs
[negroni] Started GET /queue/cf59359ca077226b71577142d5764e0e
[negroni] Completed 200 OK in 155.908µs
[negroni] Started GET /queue/cf59359ca077226b71577142d5764e0e
[negroni] Completed 200 OK in 93.217µs
[negroni] Started GET /queue/cf59359ca077226b71577142d5764e0e
[negroni] Completed 200 OK in 77.158µs
[negroni] Started GET /queue/cf59359ca077226b71577142d5764e0e
[negroni] Completed 200 OK in 119.873µs
[negroni] Started GET /queue/cf59359ca077226b71577142d5764e0e
[negroni] Completed 200 OK in 103.491µs
[negroni] Started GET /queue/cf59359ca077226b71577142d5764e0e
[negroni] Completed 200 OK in 109.978µs
[negroni] Started GET /queue/cf59359ca077226b71577142d5764e0e
[negroni] Completed 200 OK in 74.615µs
[negroni] Started GET /queue/cf59359ca077226b71577142d5764e0e
[negroni] Completed 200 OK in 82.634µs
[negroni] Started GET /queue/cf59359ca077226b71577142d5764e0e
[negroni] Completed 200 OK in 139.63µs
[negroni] Started GET /queue/cf59359ca077226b71577142d5764e0e
[negroni] Completed 200 OK in 142.521µs
[negroni] Started GET /queue/cf59359ca077226b71577142d5764e0e
[negroni] Completed 200 OK in 57.96µs
[negroni] Started GET /queue/cf59359ca077226b71577142d5764e0e
[negroni] Completed 200 OK in 54.11µs
[negroni] Started GET /queue/cf59359ca077226b71577142d5764e0e
[negroni] Completed 200 OK in 80.264µs
[negroni] Started GET /queue/cf59359ca077226b71577142d5764e0e
[negroni] Completed 200 OK in 61.902µs
[negroni] Started GET /queue/cf59359ca077226b71577142d5764e0e
[negroni] Completed 200 OK in 79.96µs
[negroni] Started GET /queue/cf59359ca077226b71577142d5764e0e
[negroni] Completed 200 OK in 104.115µs
[negroni] Started GET /queue/cf59359ca077226b71577142d5764e0e
[negroni] Completed 200 OK in 102.116µs
[negroni] Started GET /queue/cf59359ca077226b71577142d5764e0e
[negroni] Completed 200 OK in 187.283µs
[negroni] Started GET /queue/cf59359ca077226b71577142d5764e0e
[negroni] Completed 200 OK in 61.455µs
[negroni] Started GET /queue/cf59359ca077226b71577142d5764e0e
[negroni] Completed 200 OK in 162.569µs
[negroni] Started GET /queue/cf59359ca077226b71577142d5764e0e
[negroni] Completed 200 OK in 67.487µs
[negroni] Started GET /queue/cf59359ca077226b71577142d5764e0e
[negroni] Completed 200 OK in 263.898µs
[negroni] Started GET /queue/cf59359ca077226b71577142d5764e0e
[negroni] Completed 200 OK in 120.454µs
[negroni] Started GET /queue/cf59359ca077226b71577142d5764e0e
[negroni] Completed 200 OK in 505.855µs
[negroni] Started GET /queue/cf59359ca077226b71577142d5764e0e
[negroni] Completed 200 OK in 76.548µs
[negroni] Started GET /queue/cf59359ca077226b71577142d5764e0e
[negroni] Completed 200 OK in 422.872µs
[negroni] Started GET /queue/cf59359ca077226b71577142d5764e0e
[negroni] Completed 200 OK in 192.998µs
[negroni] Started GET /queue/cf59359ca077226b71577142d5764e0e
[negroni] Completed 200 OK in 58.279µs
[negroni] Started GET /queue/cf59359ca077226b71577142d5764e0e
[negroni] Completed 200 OK in 202.996µs
[negroni] Started GET /queue/cf59359ca077226b71577142d5764e0e
[negroni] Completed 200 OK in 84.415µs
[negroni] Started GET /queue/cf59359ca077226b71577142d5764e0e
[negroni] Completed 200 OK in 1.80746ms
[negroni] Started GET /queue/cf59359ca077226b71577142d5764e0e
[negroni] Completed 200 OK in 134.095µs
[negroni] Started GET /queue/cf59359ca077226b71577142d5764e0e
[negroni] Completed 200 OK in 68.227µs
[negroni] Started GET /queue/cf59359ca077226b71577142d5764e0e
[negroni] Completed 200 OK in 71.242µs
[negroni] Started GET /queue/cf59359ca077226b71577142d5764e0e
[negroni] Completed 200 OK in 147.366µs
[negroni] Started GET /queue/cf59359ca077226b71577142d5764e0e
[negroni] Completed 200 OK in 134.763µs
[negroni] Started GET /queue/cf59359ca077226b71577142d5764e0e
[negroni] Completed 200 OK in 251.278µs
[negroni] Started GET /queue/cf59359ca077226b71577142d5764e0e
[negroni] Completed 200 OK in 118.948µs
[negroni] Started GET /queue/cf59359ca077226b71577142d5764e0e
[negroni] Completed 200 OK in 105.923µs
[negroni] Started GET /queue/cf59359ca077226b71577142d5764e0e
[negroni] Completed 200 OK in 93.115µs
[negroni] Started GET /queue/cf59359ca077226b71577142d5764e0e
[negroni] Completed 200 OK in 80.235µs
[negroni] Started GET /queue/cf59359ca077226b71577142d5764e0e
[negroni] Completed 200 OK in 82.31µs
[negroni] Started GET /queue/cf59359ca077226b71577142d5764e0e
[negroni] Completed 200 OK in 145.282µs
[negroni] Started GET /queue/cf59359ca077226b71577142d5764e0e
[negroni] Completed 200 OK in 70.15µs
[negroni] Started GET /queue/cf59359ca077226b71577142d5764e0e
[negroni] Completed 200 OK in 118.747µs
[negroni] Started GET /queue/cf59359ca077226b71577142d5764e0e
[negroni] Completed 200 OK in 60.667µs
[negroni] Started GET /queue/cf59359ca077226b71577142d5764e0e
[negroni] Completed 200 OK in 59.279µs
[negroni] Started GET /queue/cf59359ca077226b71577142d5764e0e
[negroni] Completed 200 OK in 112.652µs
[negroni] Started GET /queue/cf59359ca077226b71577142d5764e0e
[negroni] Completed 200 OK in 135.737µs
[negroni] Started GET /queue/cf59359ca077226b71577142d5764e0e
[negroni] Completed 200 OK in 104.258µs
[negroni] Started GET /queue/cf59359ca077226b71577142d5764e0e
[negroni] Completed 200 OK in 86.029µs
[negroni] Started GET /queue/cf59359ca077226b71577142d5764e0e
[negroni] Completed 200 OK in 145.381µs
[negroni] Started GET /queue/cf59359ca077226b71577142d5764e0e
[negroni] Completed 200 OK in 101.779µs
[negroni] Started GET /queue/cf59359ca077226b71577142d5764e0e
[negroni] Completed 200 OK in 278.401µs
[negroni] Started GET /queue/cf59359ca077226b71577142d5764e0e
[negroni] Completed 200 OK in 61.344µs
[negroni] Started GET /queue/cf59359ca077226b71577142d5764e0e
[negroni] Completed 200 OK in 243.76µs
[negroni] Started GET /queue/cf59359ca077226b71577142d5764e0e
[negroni] Completed 200 OK in 142.184µs
[negroni] Started GET /queue/cf59359ca077226b71577142d5764e0e
[negroni] Completed 200 OK in 146.389µs
[negroni] Started GET /queue/cf59359ca077226b71577142d5764e0e
[negroni] Completed 200 OK in 147.899µs
[negroni] Started GET /queue/cf59359ca077226b71577142d5764e0e
[negroni] Completed 200 OK in 149.338µs
[negroni] Started GET /queue/cf59359ca077226b71577142d5764e0e
[negroni] Completed 200 OK in 63.129µs
[negroni] Started GET /queue/cf59359ca077226b71577142d5764e0e
[negroni] Completed 200 OK in 88.087µs
[negroni] Started GET /queue/cf59359ca077226b71577142d5764e0e
[negroni] Completed 200 OK in 67.638µs
[negroni] Started GET /queue/cf59359ca077226b71577142d5764e0e
[negroni] Completed 200 OK in 133.203µs
[negroni] Started GET /queue/cf59359ca077226b71577142d5764e0e
[negroni] Completed 200 OK in 1.014575ms
[negroni] Started GET /queue/cf59359ca077226b71577142d5764e0e
[negroni] Completed 200 OK in 82.95µs
[negroni] Started GET /queue/cf59359ca077226b71577142d5764e0e
[negroni] Completed 200 OK in 170.117µs
[negroni] Started GET /queue/cf59359ca077226b71577142d5764e0e
[negroni] Completed 200 OK in 59.644µs
[negroni] Started GET /queue/cf59359ca077226b71577142d5764e0e
[negroni] Completed 200 OK in 70.702µs
[negroni] Started GET /queue/cf59359ca077226b71577142d5764e0e
[negroni] Completed 200 OK in 99.138µs
[negroni] Started GET /queue/cf59359ca077226b71577142d5764e0e
[negroni] Completed 200 OK in 91.665µs
[negroni] Started GET /queue/cf59359ca077226b71577142d5764e0e
[negroni] Completed 200 OK in 148.938µs
[negroni] Started GET /queue/cf59359ca077226b71577142d5764e0e
[negroni] Completed 200 OK in 160.275µs
[negroni] Started GET /queue/cf59359ca077226b71577142d5764e0e
[negroni] Completed 200 OK in 54.79µs
[negroni] Started GET /queue/cf59359ca077226b71577142d5764e0e
[negroni] Completed 200 OK in 69.248µs
[negroni] Started GET /queue/cf59359ca077226b71577142d5764e0e
[negroni] Completed 200 OK in 292.308µs
[negroni] Started GET /queue/cf59359ca077226b71577142d5764e0e
[negroni] Completed 200 OK in 81.952µs
[negroni] Started GET /queue/cf59359ca077226b71577142d5764e0e
[negroni] Completed 200 OK in 88.726µs
[negroni] Started GET /queue/cf59359ca077226b71577142d5764e0e
[negroni] Completed 200 OK in 99.298µs
[negroni] Started GET /queue/cf59359ca077226b71577142d5764e0e
[negroni] Completed 200 OK in 102.992µs
[negroni] Started GET /queue/cf59359ca077226b71577142d5764e0e
[negroni] Completed 200 OK in 72.698µs
[sshexec] ERROR 2017/04/27 02:29:44 /src/github.com/heketi/heketi/executors/sshexec/brick.go:134: dial tcp 192.168.48.12:22: getsockopt: connection timed out
[sshexec] WARNING 2017/04/27 02:29:44 Failed to create SSH connection to 192.168.48.12:22: dial tcp 192.168.48.12:22: getsockopt: connection timed out
[negroni] Started GET /queue/cf59359ca077226b71577142d5764e0e
[negroni] Completed 200 OK in 112.653µs
[negroni] Started GET /queue/cf59359ca077226b71577142d5764e0e
[negroni] Completed 200 OK in 176.966µs
[negroni] Started GET /queue/cf59359ca077226b71577142d5764e0e
[negroni] Completed 200 OK in 104.176µs
[negroni] Started GET /queue/cf59359ca077226b71577142d5764e0e
[negroni] Completed 200 OK in 102.717µs
[negroni] Started GET /queue/cf59359ca077226b71577142d5764e0e
[negroni] Completed 200 OK in 130.691µs
[negroni] Started GET /queue/cf59359ca077226b71577142d5764e0e
[negroni] Completed 200 OK in 75.772µs
[negroni] Started GET /queue/cf59359ca077226b71577142d5764e0e
[negroni] Completed 200 OK in 121.25µs
[negroni] Started GET /queue/cf59359ca077226b71577142d5764e0e
[negroni] Completed 200 OK in 209.77µs
[negroni] Started GET /queue/cf59359ca077226b71577142d5764e0e
[negroni] Completed 200 OK in 174.26µs
[negroni] Started GET /queue/cf59359ca077226b71577142d5764e0e
[negroni] Completed 200 OK in 152.898µs
[negroni] Started GET /queue/cf59359ca077226b71577142d5764e0e
[negroni] Completed 200 OK in 78.135µs
[negroni] Started GET /queue/cf59359ca077226b71577142d5764e0e
[negroni] Completed 200 OK in 57.051µs
[negroni] Started GET /queue/cf59359ca077226b71577142d5764e0e
[negroni] Completed 200 OK in 128.577µs
[negroni] Started GET /queue/cf59359ca077226b71577142d5764e0e
[negroni] Completed 200 OK in 114.797µs
[negroni] Started GET /queue/cf59359ca077226b71577142d5764e0e
[negroni] Completed 200 OK in 93.528µs
[negroni] Started GET /queue/cf59359ca077226b71577142d5764e0e
[negroni] Completed 200 OK in 96.138µs
[negroni] Started GET /queue/cf59359ca077226b71577142d5764e0e
[negroni] Completed 200 OK in 62.781µs
[negroni] Started GET /queue/cf59359ca077226b71577142d5764e0e
[negroni] Completed 200 OK in 135.18µs
[negroni] Started GET /queue/cf59359ca077226b71577142d5764e0e
[negroni] Completed 200 OK in 82.934µs
[negroni] Started GET /queue/cf59359ca077226b71577142d5764e0e
[negroni] Completed 200 OK in 70.155µs
[negroni] Started GET /queue/cf59359ca077226b71577142d5764e0e
[negroni] Completed 200 OK in 54.184µs
[negroni] Started GET /queue/cf59359ca077226b71577142d5764e0e
[negroni] Completed 200 OK in 221.64µs
[negroni] Started GET /queue/cf59359ca077226b71577142d5764e0e
[negroni] Completed 200 OK in 68.159µs
[negroni] Started GET /queue/cf59359ca077226b71577142d5764e0e
[negroni] Completed 200 OK in 93.508µs
[negroni] Started GET /queue/cf59359ca077226b71577142d5764e0e
[negroni] Completed 200 OK in 138.052µs
[negroni] Started GET /queue/cf59359ca077226b71577142d5764e0e
[negroni] Completed 200 OK in 138.117µs
[negroni] Started GET /queue/cf59359ca077226b71577142d5764e0e
[negroni] Completed 200 OK in 72.595µs
[negroni] Started GET /queue/cf59359ca077226b71577142d5764e0e
[negroni] Completed 200 OK in 62.909µs
[negroni] Started GET /queue/cf59359ca077226b71577142d5764e0e
[negroni] Completed 200 OK in 95.781µs
[negroni] Started GET /queue/cf59359ca077226b71577142d5764e0e
[negroni] Completed 200 OK in 275.624µs
[negroni] Started GET /queue/cf59359ca077226b71577142d5764e0e
[negroni] Completed 200 OK in 101.695µs
[negroni] Started GET /queue/cf59359ca077226b71577142d5764e0e
[negroni] Completed 200 OK in 99.653µs
[negroni] Started GET /queue/cf59359ca077226b71577142d5764e0e
[negroni] Completed 200 OK in 99.386µs
[negroni] Started GET /queue/cf59359ca077226b71577142d5764e0e
[negroni] Completed 200 OK in 392.578µs
[negroni] Started GET /queue/cf59359ca077226b71577142d5764e0e
[negroni] Completed 200 OK in 97.057µs
[negroni] Started GET /queue/cf59359ca077226b71577142d5764e0e
[negroni] Completed 200 OK in 103.591µs
[negroni] Started GET /queue/cf59359ca077226b71577142d5764e0e
[negroni] Completed 200 OK in 165.231µs
[negroni] Started GET /queue/cf59359ca077226b71577142d5764e0e
[negroni] Completed 200 OK in 116.158µs
[negroni] Started GET /queue/cf59359ca077226b71577142d5764e0e
[negroni] Completed 200 OK in 104.128µs
[negroni] Started GET /queue/cf59359ca077226b71577142d5764e0e
[negroni] Completed 200 OK in 108.832µs
[negroni] Started GET /queue/cf59359ca077226b71577142d5764e0e
[negroni] Completed 200 OK in 1.259836ms
[negroni] Started GET /queue/cf59359ca077226b71577142d5764e0e
[negroni] Completed 200 OK in 68.626µs
[negroni] Started GET /queue/cf59359ca077226b71577142d5764e0e
[negroni] Completed 200 OK in 179.875µs
[negroni] Started GET /queue/cf59359ca077226b71577142d5764e0e
[negroni] Completed 200 OK in 214.198µs
[negroni] Started GET /queue/cf59359ca077226b71577142d5764e0e
[negroni] Completed 200 OK in 79.996µs
[negroni] Started GET /queue/cf59359ca077226b71577142d5764e0e
[negroni] Completed 200 OK in 70.752µs
[negroni] Started GET /queue/cf59359ca077226b71577142d5764e0e
[negroni] Completed 200 OK in 56.319µs
[negroni] Started GET /queue/cf59359ca077226b71577142d5764e0e
[negroni] Completed 200 OK in 90.744µs
[negroni] Started GET /queue/cf59359ca077226b71577142d5764e0e
[negroni] Completed 200 OK in 69.312µs
[negroni] Started GET /queue/cf59359ca077226b71577142d5764e0e
[negroni] Completed 200 OK in 55.943µs
[negroni] Started GET /queue/cf59359ca077226b71577142d5764e0e
[negroni] Completed 200 OK in 101.686µs
[negroni] Started GET /queue/cf59359ca077226b71577142d5764e0e
[negroni] Completed 200 OK in 109.027µs
[negroni] Started GET /queue/cf59359ca077226b71577142d5764e0e
[negroni] Completed 200 OK in 78.156µs
[negroni] Started GET /queue/cf59359ca077226b71577142d5764e0e
[negroni] Completed 200 OK in 95.984µs
[negroni] Started GET /queue/cf59359ca077226b71577142d5764e0e
[negroni] Completed 200 OK in 62.291µs
[negroni] Started GET /queue/cf59359ca077226b71577142d5764e0e
[negroni] Completed 200 OK in 88.889µs
[negroni] Started GET /queue/cf59359ca077226b71577142d5764e0e
[negroni] Completed 200 OK in 91.298µs
[negroni] Started GET /queue/cf59359ca077226b71577142d5764e0e
[negroni] Completed 200 OK in 203.374µs
[negroni] Started GET /queue/cf59359ca077226b71577142d5764e0e
[negroni] Completed 200 OK in 150.447µs
[negroni] Started GET /queue/cf59359ca077226b71577142d5764e0e
[negroni] Completed 200 OK in 170.465µs
[negroni] Started GET /queue/cf59359ca077226b71577142d5764e0e
[negroni] Completed 200 OK in 97.699µs
[negroni] Started GET /queue/cf59359ca077226b71577142d5764e0e
[negroni] Completed 200 OK in 60.129µs
[negroni] Started GET /queue/cf59359ca077226b71577142d5764e0e
[negroni] Completed 200 OK in 59.157µs
[negroni] Started GET /queue/cf59359ca077226b71577142d5764e0e
[negroni] Completed 200 OK in 86.028µs
[negroni] Started GET /queue/cf59359ca077226b71577142d5764e0e
[negroni] Completed 200 OK in 70.26µs
[negroni] Started GET /queue/cf59359ca077226b71577142d5764e0e
[negroni] Completed 200 OK in 154.429µs
[negroni] Started GET /queue/cf59359ca077226b71577142d5764e0e
[negroni] Completed 200 OK in 62.234µs
[negroni] Started GET /queue/cf59359ca077226b71577142d5764e0e
[negroni] Completed 200 OK in 106.99µs
[negroni] Started GET /queue/cf59359ca077226b71577142d5764e0e
[negroni] Completed 200 OK in 155.411µs
[negroni] Started GET /queue/cf59359ca077226b71577142d5764e0e
[negroni] Completed 200 OK in 106.591µs
[negroni] Started GET /queue/cf59359ca077226b71577142d5764e0e
[negroni] Completed 200 OK in 106.059µs
[negroni] Started GET /queue/cf59359ca077226b71577142d5764e0e
[negroni] Completed 200 OK in 116.268µs
[negroni] Started GET /queue/cf59359ca077226b71577142d5764e0e
[negroni] Completed 200 OK in 93.272µs
[negroni] Started GET /queue/cf59359ca077226b71577142d5764e0e
[negroni] Completed 200 OK in 154.26µs
[negroni] Started GET /queue/cf59359ca077226b71577142d5764e0e
[negroni] Completed 200 OK in 120.936µs
[negroni] Started GET /queue/cf59359ca077226b71577142d5764e0e
[negroni] Completed 200 OK in 60.937µs
[negroni] Started GET /queue/cf59359ca077226b71577142d5764e0e
[negroni] Completed 200 OK in 291.611µs
[negroni] Started GET /queue/cf59359ca077226b71577142d5764e0e
[negroni] Completed 200 OK in 53.971µs
[negroni] Started GET /queue/cf59359ca077226b71577142d5764e0e
[negroni] Completed 200 OK in 60.455µs
[negroni] Started GET /queue/cf59359ca077226b71577142d5764e0e
[negroni] Completed 200 OK in 86.003µs
[negroni] Started GET /queue/cf59359ca077226b71577142d5764e0e
[negroni] Completed 200 OK in 62.266µs
[negroni] Started GET /queue/cf59359ca077226b71577142d5764e0e
[negroni] Completed 200 OK in 68.913µs
[negroni] Started GET /queue/cf59359ca077226b71577142d5764e0e
[negroni] Completed 200 OK in 128.947µs
[negroni] Started GET /queue/cf59359ca077226b71577142d5764e0e
[negroni] Completed 200 OK in 111.624µs
[negroni] Started GET /queue/cf59359ca077226b71577142d5764e0e
[negroni] Completed 200 OK in 348.369µs
[negroni] Started GET /queue/cf59359ca077226b71577142d5764e0e
[negroni] Completed 200 OK in 126.414µs
[negroni] Started GET /queue/cf59359ca077226b71577142d5764e0e
[negroni] Completed 200 OK in 82.146µs
[negroni] Started GET /queue/cf59359ca077226b71577142d5764e0e
[negroni] Completed 200 OK in 123.743µs
[negroni] Started GET /queue/cf59359ca077226b71577142d5764e0e
[negroni] Completed 200 OK in 54.561µs
[negroni] Started GET /queue/cf59359ca077226b71577142d5764e0e
[negroni] Completed 200 OK in 142.609µs
[negroni] Started GET /queue/cf59359ca077226b71577142d5764e0e
[negroni] Completed 200 OK in 77.029µs
[negroni] Started GET /queue/cf59359ca077226b71577142d5764e0e
[negroni] Completed 200 OK in 155.043µs
[negroni] Started GET /queue/cf59359ca077226b71577142d5764e0e
[negroni] Completed 200 OK in 137.458µs
[negroni] Started GET /queue/cf59359ca077226b71577142d5764e0e
[negroni] Completed 200 OK in 90.192µs
[negroni] Started GET /queue/cf59359ca077226b71577142d5764e0e
[negroni] Completed 200 OK in 108.505µs
[negroni] Started GET /queue/cf59359ca077226b71577142d5764e0e
[negroni] Completed 200 OK in 62.413µs
[negroni] Started GET /queue/cf59359ca077226b71577142d5764e0e
[negroni] Completed 200 OK in 79.751µs
[negroni] Started GET /queue/cf59359ca077226b71577142d5764e0e
[negroni] Completed 200 OK in 165.267µs
[negroni] Started GET /queue/cf59359ca077226b71577142d5764e0e
[negroni] Completed 200 OK in 67.237µs
[negroni] Started GET /queue/cf59359ca077226b71577142d5764e0e
[negroni] Completed 200 OK in 137.633µs
[negroni] Started GET /queue/cf59359ca077226b71577142d5764e0e
[negroni] Completed 200 OK in 57.094µs
[negroni] Started GET /queue/cf59359ca077226b71577142d5764e0e
[negroni] Completed 200 OK in 75.226µs
[negroni] Started GET /queue/cf59359ca077226b71577142d5764e0e
[negroni] Completed 200 OK in 78.203µs
[negroni] Started GET /queue/cf59359ca077226b71577142d5764e0e
[negroni] Completed 200 OK in 96.051µs
[negroni] Started GET /queue/cf59359ca077226b71577142d5764e0e
[negroni] Completed 200 OK in 139.562µs
[negroni] Started GET /queue/cf59359ca077226b71577142d5764e0e
[negroni] Completed 200 OK in 74.975µs
[negroni] Started GET /queue/cf59359ca077226b71577142d5764e0e
[negroni] Completed 200 OK in 64.243µs
[negroni] Started GET /queue/cf59359ca077226b71577142d5764e0e
[negroni] Completed 200 OK in 253.363µs
[negroni] Started GET /queue/cf59359ca077226b71577142d5764e0e
[negroni] Completed 200 OK in 67.245µs
[negroni] Started GET /queue/cf59359ca077226b71577142d5764e0e
[negroni] Completed 200 OK in 146.24µs
[negroni] Started GET /queue/cf59359ca077226b71577142d5764e0e
[negroni] Completed 200 OK in 59.427µs
[negroni] Started GET /queue/cf59359ca077226b71577142d5764e0e
[negroni] Completed 200 OK in 126.018µs
[negroni] Started GET /queue/cf59359ca077226b71577142d5764e0e
[negroni] Completed 200 OK in 129.674µs
[negroni] Started GET /queue/cf59359ca077226b71577142d5764e0e
[negroni] Completed 200 OK in 85.296µs
[negroni] Started GET /queue/cf59359ca077226b71577142d5764e0e
[negroni] Completed 200 OK in 74.565µs
[negroni] Started GET /queue/cf59359ca077226b71577142d5764e0e
[negroni] Completed 200 OK in 151.227µs
[negroni] Started GET /queue/cf59359ca077226b71577142d5764e0e
[negroni] Completed 200 OK in 52.201µs
[negroni] Started GET /queue/cf59359ca077226b71577142d5764e0e
[negroni] Completed 200 OK in 60.562µs
[negroni] Started GET /queue/cf59359ca077226b71577142d5764e0e
[negroni] Completed 200 OK in 227.043µs
[negroni] Started GET /queue/cf59359ca077226b71577142d5764e0e
[negroni] Completed 200 OK in 330.279µs
[negroni] Started GET /queue/cf59359ca077226b71577142d5764e0e
[negroni] Completed 200 OK in 169.064µs
[negroni] Started GET /queue/cf59359ca077226b71577142d5764e0e
[negroni] Completed 200 OK in 485.948µs
[negroni] Started GET /queue/cf59359ca077226b71577142d5764e0e
[negroni] Completed 200 OK in 84.885µs
[negroni] Started GET /queue/cf59359ca077226b71577142d5764e0e
[negroni] Completed 200 OK in 6.379781ms
[negroni] Started GET /queue/cf59359ca077226b71577142d5764e0e
[negroni] Completed 200 OK in 8.437528ms
[negroni] Started GET /queue/cf59359ca077226b71577142d5764e0e
[negroni] Completed 200 OK in 101.193µs
[negroni] Started GET /queue/cf59359ca077226b71577142d5764e0e
[negroni] Completed 200 OK in 154.807µs
[sshexec] WARNING 2017/04/27 02:31:51 Failed to create SSH connection to 192.168.48.12:22: dial tcp 192.168.48.12:22: getsockopt: connection timed out
[sshexec] ERROR 2017/04/27 02:31:51 /src/github.com/heketi/heketi/executors/sshexec/brick.go:143: dial tcp 192.168.48.12:22: getsockopt: connection timed out
[negroni] Started GET /queue/cf59359ca077226b71577142d5764e0e
[negroni] Completed 200 OK in 152.694µs
[negroni] Started GET /queue/cf59359ca077226b71577142d5764e0e
[negroni] Completed 200 OK in 210.957µs
[negroni] Started GET /queue/cf59359ca077226b71577142d5764e0e
[negroni] Completed 200 OK in 117.28µs
[negroni] Started GET /queue/cf59359ca077226b71577142d5764e0e
[negroni] Completed 200 OK in 53.594µs
[negroni] Started GET /queue/cf59359ca077226b71577142d5764e0e
[negroni] Completed 200 OK in 78.032µs
[negroni] Started GET /queue/cf59359ca077226b71577142d5764e0e
[negroni] Completed 200 OK in 52.722µs
[negroni] Started GET /queue/cf59359ca077226b71577142d5764e0e
[negroni] Completed 200 OK in 62.549µs
[negroni] Started GET /queue/cf59359ca077226b71577142d5764e0e
[negroni] Completed 200 OK in 58.181µs
[negroni] Started GET /queue/cf59359ca077226b71577142d5764e0e
[negroni] Completed 200 OK in 128.58µs
[negroni] Started GET /queue/cf59359ca077226b71577142d5764e0e
[negroni] Completed 200 OK in 81.703µs
[negroni] Started GET /queue/cf59359ca077226b71577142d5764e0e
[negroni] Completed 200 OK in 315.95µs
[negroni] Started GET /queue/cf59359ca077226b71577142d5764e0e
[negroni] Completed 200 OK in 115.464µs
[negroni] Started GET /queue/cf59359ca077226b71577142d5764e0e
[negroni] Completed 200 OK in 357.025µs
[negroni] Started GET /queue/cf59359ca077226b71577142d5764e0e
[negroni] Completed 200 OK in 131.206µs
[negroni] Started GET /queue/cf59359ca077226b71577142d5764e0e
[negroni] Completed 200 OK in 219.664µs
[negroni] Started GET /queue/cf59359ca077226b71577142d5764e0e
[negroni] Completed 200 OK in 128.752µs
[negroni] Started GET /queue/cf59359ca077226b71577142d5764e0e
[negroni] Completed 200 OK in 81.276µs
[negroni] Started GET /queue/cf59359ca077226b71577142d5764e0e
[negroni] Completed 200 OK in 79.752µs
[negroni] Started GET /queue/cf59359ca077226b71577142d5764e0e
[negroni] Completed 200 OK in 61.077µs
[negroni] Started GET /queue/cf59359ca077226b71577142d5764e0e
[negroni] Completed 200 OK in 119.162µs
[negroni] Started GET /queue/cf59359ca077226b71577142d5764e0e
[negroni] Completed 200 OK in 210.51µs
[negroni] Started GET /queue/cf59359ca077226b71577142d5764e0e
[negroni] Completed 200 OK in 67.235µs
[negroni] Started GET /queue/cf59359ca077226b71577142d5764e0e
[negroni] Completed 200 OK in 122.739µs
[negroni] Started GET /queue/cf59359ca077226b71577142d5764e0e
[negroni] Completed 200 OK in 127.633µs
[negroni] Started GET /queue/cf59359ca077226b71577142d5764e0e
[negroni] Completed 200 OK in 126.819µs
[negroni] Started GET /queue/cf59359ca077226b71577142d5764e0e
[negroni] Completed 200 OK in 131.12µs
[negroni] Started GET /queue/cf59359ca077226b71577142d5764e0e
[negroni] Completed 200 OK in 104.601µs
[negroni] Started GET /queue/cf59359ca077226b71577142d5764e0e
[negroni] Completed 200 OK in 54.78µs
[negroni] Started GET /queue/cf59359ca077226b71577142d5764e0e
[negroni] Completed 200 OK in 181.154µs
[negroni] Started GET /queue/cf59359ca077226b71577142d5764e0e
[negroni] Completed 200 OK in 150.187µs
[negroni] Started GET /queue/cf59359ca077226b71577142d5764e0e
[negroni] Completed 200 OK in 97.641µs
[negroni] Started GET /queue/cf59359ca077226b71577142d5764e0e
[negroni] Completed 200 OK in 80.42µs
[negroni] Started GET /queue/cf59359ca077226b71577142d5764e0e
[negroni] Completed 200 OK in 145.23µs
[negroni] Started GET /queue/cf59359ca077226b71577142d5764e0e
[negroni] Completed 200 OK in 94.629µs
[negroni] Started GET /queue/cf59359ca077226b71577142d5764e0e
[negroni] Completed 200 OK in 107.6µs
[negroni] Started GET /queue/cf59359ca077226b71577142d5764e0e
[negroni] Completed 200 OK in 201.926µs
[negroni] Started GET /queue/cf59359ca077226b71577142d5764e0e
[negroni] Completed 200 OK in 160.615µs
[negroni] Started GET /queue/cf59359ca077226b71577142d5764e0e
[negroni] Completed 200 OK in 67.374µs
[negroni] Started GET /queue/cf59359ca077226b71577142d5764e0e
[negroni] Completed 200 OK in 1.672181ms
[negroni] Started GET /queue/cf59359ca077226b71577142d5764e0e
[negroni] Completed 200 OK in 65.906µs
[negroni] Started GET /queue/cf59359ca077226b71577142d5764e0e
[negroni] Completed 200 OK in 87.76µs
[negroni] Started GET /queue/cf59359ca077226b71577142d5764e0e
[negroni] Completed 200 OK in 96.01µs
[negroni] Started GET /queue/cf59359ca077226b71577142d5764e0e
[negroni] Completed 200 OK in 92.03µs
[negroni] Started GET /queue/cf59359ca077226b71577142d5764e0e
[negroni] Completed 200 OK in 76.332µs
[negroni] Started GET /queue/cf59359ca077226b71577142d5764e0e
[negroni] Completed 200 OK in 92.061µs
[negroni] Started GET /queue/cf59359ca077226b71577142d5764e0e
[negroni] Completed 200 OK in 94.774µs
[negroni] Started GET /queue/cf59359ca077226b71577142d5764e0e
[negroni] Completed 200 OK in 108.077µs
[negroni] Started GET /queue/cf59359ca077226b71577142d5764e0e
[negroni] Completed 200 OK in 106.475µs
[negroni] Started GET /queue/cf59359ca077226b71577142d5764e0e
[negroni] Completed 200 OK in 147.09µs
[negroni] Started GET /queue/cf59359ca077226b71577142d5764e0e
[negroni] Completed 200 OK in 131.006µs
[negroni] Started GET /queue/cf59359ca077226b71577142d5764e0e
[negroni] Completed 200 OK in 93.297µs
[negroni] Started GET /queue/cf59359ca077226b71577142d5764e0e
[negroni] Completed 200 OK in 95.991µs
[negroni] Started GET /queue/cf59359ca077226b71577142d5764e0e
[negroni] Completed 200 OK in 260.184µs
[negroni] Started GET /queue/cf59359ca077226b71577142d5764e0e
[negroni] Completed 200 OK in 98.516µs
[negroni] Started GET /queue/cf59359ca077226b71577142d5764e0e
[negroni] Completed 200 OK in 60.558µs
[negroni] Started GET /queue/cf59359ca077226b71577142d5764e0e
[negroni] Completed 200 OK in 91.899µs
[negroni] Started GET /queue/cf59359ca077226b71577142d5764e0e
[negroni] Completed 200 OK in 277.088µs
[negroni] Started GET /queue/cf59359ca077226b71577142d5764e0e
[negroni] Completed 200 OK in 96.513µs
[negroni] Started GET /queue/cf59359ca077226b71577142d5764e0e
[negroni] Completed 200 OK in 324.429µs
[negroni] Started GET /queue/cf59359ca077226b71577142d5764e0e
[negroni] Completed 200 OK in 179.611µs
[negroni] Started GET /queue/cf59359ca077226b71577142d5764e0e
[negroni] Completed 200 OK in 281.157µs
[negroni] Started GET /queue/cf59359ca077226b71577142d5764e0e
[negroni] Completed 200 OK in 103.947µs
[negroni] Started GET /queue/cf59359ca077226b71577142d5764e0e
[negroni] Completed 200 OK in 69.113µs
[negroni] Started GET /queue/cf59359ca077226b71577142d5764e0e
[negroni] Completed 200 OK in 157.489µs
[negroni] Started GET /queue/cf59359ca077226b71577142d5764e0e
[negroni] Completed 200 OK in 84.959µs
[negroni] Started GET /queue/cf59359ca077226b71577142d5764e0e
[negroni] Completed 200 OK in 883.56µs
[negroni] Started GET /queue/cf59359ca077226b71577142d5764e0e
[negroni] Completed 200 OK in 93.114µs
[negroni] Started GET /queue/cf59359ca077226b71577142d5764e0e
[negroni] Completed 200 OK in 131.106µs
[negroni] Started GET /queue/cf59359ca077226b71577142d5764e0e
[negroni] Completed 200 OK in 64.974µs
[negroni] Started GET /queue/cf59359ca077226b71577142d5764e0e
[negroni] Completed 200 OK in 191.483µs
[negroni] Started GET /queue/cf59359ca077226b71577142d5764e0e
[negroni] Completed 200 OK in 54.376µs
[negroni] Started GET /queue/cf59359ca077226b71577142d5764e0e
[negroni] Completed 200 OK in 70.364µs
[negroni] Started GET /queue/cf59359ca077226b71577142d5764e0e
[negroni] Completed 200 OK in 108.958µs
[negroni] Started GET /queue/cf59359ca077226b71577142d5764e0e
[negroni] Completed 200 OK in 77.975µs
[negroni] Started GET /queue/cf59359ca077226b71577142d5764e0e
[negroni] Completed 200 OK in 105.292µs
[negroni] Started GET /queue/cf59359ca077226b71577142d5764e0e
[negroni] Completed 200 OK in 76.963µs
[negroni] Started GET /queue/cf59359ca077226b71577142d5764e0e
[negroni] Completed 200 OK in 94.834µs
[negroni] Started GET /queue/cf59359ca077226b71577142d5764e0e
[negroni] Completed 200 OK in 383.697µs
[negroni] Started GET /queue/cf59359ca077226b71577142d5764e0e
[negroni] Completed 200 OK in 66.027µs
[negroni] Started GET /queue/cf59359ca077226b71577142d5764e0e
[negroni] Completed 200 OK in 180.191µs
[negroni] Started GET /queue/cf59359ca077226b71577142d5764e0e
[negroni] Completed 200 OK in 58.412µs
[negroni] Started GET /queue/cf59359ca077226b71577142d5764e0e
[negroni] Completed 200 OK in 53.758µs
[negroni] Started GET /queue/cf59359ca077226b71577142d5764e0e
[negroni] Completed 200 OK in 155.66µs
[negroni] Started GET /queue/cf59359ca077226b71577142d5764e0e
[negroni] Completed 200 OK in 109.738µs
[negroni] Started GET /queue/cf59359ca077226b71577142d5764e0e
[negroni] Completed 200 OK in 148.529µs
[negroni] Started GET /queue/cf59359ca077226b71577142d5764e0e
[negroni] Completed 200 OK in 121.951µs
[negroni] Started GET /queue/cf59359ca077226b71577142d5764e0e
[negroni] Completed 200 OK in 121.182µs
[negroni] Started GET /queue/cf59359ca077226b71577142d5764e0e
[negroni] Completed 200 OK in 52.034µs
[negroni] Started GET /queue/cf59359ca077226b71577142d5764e0e
[negroni] Completed 200 OK in 187.718µs
[negroni] Started GET /queue/cf59359ca077226b71577142d5764e0e
[negroni] Completed 200 OK in 163.512µs
[negroni] Started GET /queue/cf59359ca077226b71577142d5764e0e
[negroni] Completed 200 OK in 67.544µs
[negroni] Started GET /queue/cf59359ca077226b71577142d5764e0e
[negroni] Completed 200 OK in 54.446µs
[negroni] Started GET /queue/cf59359ca077226b71577142d5764e0e
[negroni] Completed 200 OK in 122.795µs
[negroni] Started GET /queue/cf59359ca077226b71577142d5764e0e
[negroni] Completed 200 OK in 122.176µs
[negroni] Started GET /queue/cf59359ca077226b71577142d5764e0e
[negroni] Completed 200 OK in 151.265µs
[negroni] Started GET /queue/cf59359ca077226b71577142d5764e0e
[negroni] Completed 200 OK in 163.344µs
[negroni] Started GET /queue/cf59359ca077226b71577142d5764e0e
[negroni] Completed 200 OK in 143.673µs
[negroni] Started GET /queue/cf59359ca077226b71577142d5764e0e
[negroni] Completed 200 OK in 86.011µs
[negroni] Started GET /queue/cf59359ca077226b71577142d5764e0e
[negroni] Completed 200 OK in 81.2µs
[negroni] Started GET /queue/cf59359ca077226b71577142d5764e0e
[negroni] Completed 200 OK in 91.173µs
[negroni] Started GET /queue/cf59359ca077226b71577142d5764e0e
[negroni] Completed 200 OK in 191.61µs
[negroni] Started GET /queue/cf59359ca077226b71577142d5764e0e
[negroni] Completed 200 OK in 130.693µs
[negroni] Started GET /queue/cf59359ca077226b71577142d5764e0e
[negroni] Completed 200 OK in 81.728µs
[negroni] Started GET /queue/cf59359ca077226b71577142d5764e0e
[negroni] Completed 200 OK in 53.618µs
[negroni] Started GET /queue/cf59359ca077226b71577142d5764e0e
[negroni] Completed 200 OK in 174.763µs
[negroni] Started GET /queue/cf59359ca077226b71577142d5764e0e
[negroni] Completed 200 OK in 71.979µs
[negroni] Started GET /queue/cf59359ca077226b71577142d5764e0e
[negroni] Completed 200 OK in 64.875µs
[negroni] Started GET /queue/cf59359ca077226b71577142d5764e0e
[negroni] Completed 200 OK in 110.927µs
[negroni] Started GET /queue/cf59359ca077226b71577142d5764e0e
[negroni] Completed 200 OK in 130.683µs
[negroni] Started GET /queue/cf59359ca077226b71577142d5764e0e
[negroni] Completed 200 OK in 98.871µs
[negroni] Started GET /queue/cf59359ca077226b71577142d5764e0e
[negroni] Completed 200 OK in 72.549µs
[negroni] Started GET /queue/cf59359ca077226b71577142d5764e0e
[negroni] Completed 200 OK in 414.043µs
[negroni] Started GET /queue/cf59359ca077226b71577142d5764e0e
[negroni] Completed 200 OK in 108.69µs
[negroni] Started GET /queue/cf59359ca077226b71577142d5764e0e
[negroni] Completed 200 OK in 85µs
[negroni] Started GET /queue/cf59359ca077226b71577142d5764e0e
[negroni] Completed 200 OK in 139.696µs
[negroni] Started GET /queue/cf59359ca077226b71577142d5764e0e
[negroni] Completed 200 OK in 81.062µs
[negroni] Started GET /queue/cf59359ca077226b71577142d5764e0e
[negroni] Completed 200 OK in 158.867µs
[negroni] Started GET /queue/cf59359ca077226b71577142d5764e0e
[negroni] Completed 200 OK in 145.419µs
[negroni] Started GET /queue/cf59359ca077226b71577142d5764e0e
[negroni] Completed 200 OK in 67.811µs
[negroni] Started GET /queue/cf59359ca077226b71577142d5764e0e
[negroni] Completed 200 OK in 126.242µs
[negroni] Started GET /queue/cf59359ca077226b71577142d5764e0e
[negroni] Completed 200 OK in 65.207µs
[negroni] Started GET /queue/cf59359ca077226b71577142d5764e0e
[negroni] Completed 200 OK in 92.161µs
[negroni] Started GET /queue/cf59359ca077226b71577142d5764e0e
[negroni] Completed 200 OK in 64.361µs
[negroni] Started GET /queue/cf59359ca077226b71577142d5764e0e
[negroni] Completed 200 OK in 80.142µs
[negroni] Started GET /queue/cf59359ca077226b71577142d5764e0e
[negroni] Completed 200 OK in 72.167µs
[negroni] Started GET /queue/cf59359ca077226b71577142d5764e0e
[negroni] Completed 200 OK in 291.906µs
[sshexec] ERROR 2017/04/27 02:33:58 /src/github.com/heketi/heketi/executors/sshexec/brick.go:152: dial tcp 192.168.48.12:22: getsockopt: connection timed out
[sshexec] WARNING 2017/04/27 02:33:58 Failed to create SSH connection to 192.168.48.12:22: dial tcp 192.168.48.12:22: getsockopt: connection timed out
[negroni] Started GET /queue/cf59359ca077226b71577142d5764e0e
[negroni] Completed 200 OK in 104.578µs
[negroni] Started GET /queue/cf59359ca077226b71577142d5764e0e
[negroni] Completed 200 OK in 161.971µs
[negroni] Started GET /queue/cf59359ca077226b71577142d5764e0e
[negroni] Completed 200 OK in 96.142µs
[negroni] Started GET /queue/cf59359ca077226b71577142d5764e0e
[negroni] Completed 200 OK in 92.013µs
[negroni] Started GET /queue/cf59359ca077226b71577142d5764e0e
[negroni] Completed 200 OK in 100.133µs
[negroni] Started GET /queue/cf59359ca077226b71577142d5764e0e
[negroni] Completed 200 OK in 149.149µs
[negroni] Started GET /queue/cf59359ca077226b71577142d5764e0e
[negroni] Completed 200 OK in 169.836µs
[negroni] Started GET /queue/cf59359ca077226b71577142d5764e0e
[negroni] Completed 200 OK in 139.856µs
[negroni] Started GET /queue/cf59359ca077226b71577142d5764e0e
[negroni] Completed 200 OK in 118.265µs
[negroni] Started GET /queue/cf59359ca077226b71577142d5764e0e
[negroni] Completed 200 OK in 61.018µs
[negroni] Started GET /queue/cf59359ca077226b71577142d5764e0e
[negroni] Completed 200 OK in 207.864µs
[negroni] Started GET /queue/cf59359ca077226b71577142d5764e0e
[negroni] Completed 200 OK in 93.125µs
[negroni] Started GET /queue/cf59359ca077226b71577142d5764e0e
[negroni] Completed 200 OK in 54.571µs
[negroni] Started GET /queue/cf59359ca077226b71577142d5764e0e
[negroni] Completed 200 OK in 112.179µs
[negroni] Started GET /queue/cf59359ca077226b71577142d5764e0e
[negroni] Completed 200 OK in 380.45µs
[negroni] Started GET /queue/cf59359ca077226b71577142d5764e0e
[negroni] Completed 200 OK in 158.299µs
[negroni] Started GET /queue/cf59359ca077226b71577142d5764e0e
[negroni] Completed 200 OK in 60.464µs
[negroni] Started GET /queue/cf59359ca077226b71577142d5764e0e
[negroni] Completed 200 OK in 78.864µs
[negroni] Started GET /queue/cf59359ca077226b71577142d5764e0e
[negroni] Completed 200 OK in 59.116µs
[negroni] Started GET /queue/cf59359ca077226b71577142d5764e0e
[negroni] Completed 200 OK in 128.639µs
[negroni] Started GET /queue/cf59359ca077226b71577142d5764e0e
[negroni] Completed 200 OK in 261.048µs
[negroni] Started GET /queue/cf59359ca077226b71577142d5764e0e
[negroni] Completed 200 OK in 149.98µs
[negroni] Started GET /queue/cf59359ca077226b71577142d5764e0e
[negroni] Completed 200 OK in 77.449µs
[negroni] Started GET /queue/cf59359ca077226b71577142d5764e0e
[negroni] Completed 200 OK in 138.453µs
[negroni] Started GET /queue/cf59359ca077226b71577142d5764e0e
[negroni] Completed 200 OK in 105.157µs
[negroni] Started GET /queue/cf59359ca077226b71577142d5764e0e
[negroni] Completed 200 OK in 83.71µs
[negroni] Started GET /queue/cf59359ca077226b71577142d5764e0e
[negroni] Completed 200 OK in 116.746µs
[negroni] Started GET /queue/cf59359ca077226b71577142d5764e0e
[negroni] Completed 200 OK in 104.845µs
[negroni] Started GET /queue/cf59359ca077226b71577142d5764e0e
[negroni] Completed 200 OK in 120.156µs
[negroni] Started GET /queue/cf59359ca077226b71577142d5764e0e
[negroni] Completed 200 OK in 102.972µs
[negroni] Started GET /queue/cf59359ca077226b71577142d5764e0e
[negroni] Completed 200 OK in 92.592µs
[negroni] Started GET /queue/cf59359ca077226b71577142d5764e0e
[negroni] Completed 200 OK in 183.489µs
[negroni] Started GET /queue/cf59359ca077226b71577142d5764e0e
[negroni] Completed 200 OK in 123.633µs
[negroni] Started GET /queue/cf59359ca077226b71577142d5764e0e
[negroni] Completed 200 OK in 99.865µs
[negroni] Started GET /queue/cf59359ca077226b71577142d5764e0e
[negroni] Completed 200 OK in 131.417µs
[negroni] Started GET /queue/cf59359ca077226b71577142d5764e0e
[negroni] Completed 200 OK in 200.16µs
[negroni] Started GET /queue/cf59359ca077226b71577142d5764e0e
[negroni] Completed 200 OK in 134.773µs
[negroni] Started GET /queue/cf59359ca077226b71577142d5764e0e
[negroni] Completed 200 OK in 61.558µs
[negroni] Started GET /queue/cf59359ca077226b71577142d5764e0e
[negroni] Completed 200 OK in 70.237µs
[negroni] Started GET /queue/cf59359ca077226b71577142d5764e0e
[negroni] Completed 200 OK in 154.135µs
[negroni] Started GET /queue/cf59359ca077226b71577142d5764e0e
[negroni] Completed 200 OK in 97.714µs
[negroni] Started GET /queue/cf59359ca077226b71577142d5764e0e
[negroni] Completed 200 OK in 108.883µs
[negroni] Started GET /queue/cf59359ca077226b71577142d5764e0e
[negroni] Completed 200 OK in 191.456µs
[negroni] Started GET /queue/cf59359ca077226b71577142d5764e0e
[negroni] Completed 200 OK in 257.404µs
[negroni] Started GET /queue/cf59359ca077226b71577142d5764e0e
[negroni] Completed 200 OK in 129.916µs
[negroni] Started GET /queue/cf59359ca077226b71577142d5764e0e
[negroni] Completed 200 OK in 276.499µs
[negroni] Started GET /queue/cf59359ca077226b71577142d5764e0e
[negroni] Completed 200 OK in 102.134µs
[negroni] Started GET /queue/cf59359ca077226b71577142d5764e0e
[negroni] Completed 200 OK in 73.715µs
[negroni] Started GET /queue/cf59359ca077226b71577142d5764e0e
[negroni] Completed 200 OK in 64.159µs
[negroni] Started GET /queue/cf59359ca077226b71577142d5764e0e
[negroni] Completed 200 OK in 77.404µs
[negroni] Started GET /queue/cf59359ca077226b71577142d5764e0e
[negroni] Completed 200 OK in 87.273µs
[negroni] Started GET /queue/cf59359ca077226b71577142d5764e0e
[negroni] Completed 200 OK in 84.321µs
[negroni] Started GET /queue/cf59359ca077226b71577142d5764e0e
[negroni] Completed 200 OK in 66.141µs
[negroni] Started GET /queue/cf59359ca077226b71577142d5764e0e
[negroni] Completed 200 OK in 397.937µs
[negroni] Started GET /queue/cf59359ca077226b71577142d5764e0e
[negroni] Completed 200 OK in 64.36µs
[negroni] Started GET /queue/cf59359ca077226b71577142d5764e0e
[negroni] Completed 200 OK in 71.424µs
[negroni] Started GET /queue/cf59359ca077226b71577142d5764e0e
[negroni] Completed 200 OK in 80.743µs
[negroni] Started GET /queue/cf59359ca077226b71577142d5764e0e
[negroni] Completed 200 OK in 114.037µs
[negroni] Started GET /queue/cf59359ca077226b71577142d5764e0e
[negroni] Completed 200 OK in 78.611µs
[negroni] Started GET /queue/cf59359ca077226b71577142d5764e0e
[negroni] Completed 200 OK in 100.331µs
[negroni] Started GET /queue/cf59359ca077226b71577142d5764e0e
[negroni] Completed 200 OK in 66.214µs
[negroni] Started GET /queue/cf59359ca077226b71577142d5764e0e
[negroni] Completed 200 OK in 275.178µs
[negroni] Started GET /queue/cf59359ca077226b71577142d5764e0e
[negroni] Completed 200 OK in 112.469µs
[negroni] Started GET /queue/cf59359ca077226b71577142d5764e0e
[negroni] Completed 200 OK in 136.757µs
[negroni] Started GET /queue/cf59359ca077226b71577142d5764e0e
[negroni] Completed 200 OK in 178.657µs
[negroni] Started GET /queue/cf59359ca077226b71577142d5764e0e
[negroni] Completed 200 OK in 89.889µs
[negroni] Started GET /queue/cf59359ca077226b71577142d5764e0e
[negroni] Completed 200 OK in 62.42µs
[negroni] Started GET /queue/cf59359ca077226b71577142d5764e0e
[negroni] Completed 200 OK in 123.514µs
[negroni] Started GET /queue/cf59359ca077226b71577142d5764e0e
[negroni] Completed 200 OK in 80.388µs
[negroni] Started GET /queue/cf59359ca077226b71577142d5764e0e
[negroni] Completed 200 OK in 166.097µs
[negroni] Started GET /queue/cf59359ca077226b71577142d5764e0e
[negroni] Completed 200 OK in 65.232µs
[negroni] Started GET /queue/cf59359ca077226b71577142d5764e0e
[negroni] Completed 200 OK in 110.447µs
[negroni] Started GET /queue/cf59359ca077226b71577142d5764e0e
[negroni] Completed 200 OK in 180.09µs
[negroni] Started GET /queue/cf59359ca077226b71577142d5764e0e
[negroni] Completed 200 OK in 103.718µs
[negroni] Started GET /queue/cf59359ca077226b71577142d5764e0e
[negroni] Completed 200 OK in 115.111µs
[negroni] Started GET /queue/cf59359ca077226b71577142d5764e0e
[negroni] Completed 200 OK in 72.644µs
[negroni] Started GET /queue/cf59359ca077226b71577142d5764e0e
[negroni] Completed 200 OK in 67.017µs
[negroni] Started GET /queue/cf59359ca077226b71577142d5764e0e
[negroni] Completed 200 OK in 138.978µs
[negroni] Started GET /queue/cf59359ca077226b71577142d5764e0e
[negroni] Completed 200 OK in 117.444µs
[negroni] Started GET /queue/cf59359ca077226b71577142d5764e0e
[negroni] Completed 200 OK in 178.925µs
[negroni] Started GET /queue/cf59359ca077226b71577142d5764e0e
[negroni] Completed 200 OK in 53.094µs
[negroni] Started GET /queue/cf59359ca077226b71577142d5764e0e
[negroni] Completed 200 OK in 99.499µs
[negroni] Started GET /queue/cf59359ca077226b71577142d5764e0e
[negroni] Completed 200 OK in 68.243µs
[negroni] Started GET /queue/cf59359ca077226b71577142d5764e0e
[negroni] Completed 200 OK in 162.444µs
[negroni] Started GET /queue/cf59359ca077226b71577142d5764e0e
[negroni] Completed 200 OK in 265.393µs
[negroni] Started GET /queue/cf59359ca077226b71577142d5764e0e
[negroni] Completed 200 OK in 80.37µs
[negroni] Started GET /queue/cf59359ca077226b71577142d5764e0e
[negroni] Completed 200 OK in 120.151µs
[negroni] Started GET /queue/cf59359ca077226b71577142d5764e0e
[negroni] Completed 200 OK in 74.795µs
[negroni] Started GET /queue/cf59359ca077226b71577142d5764e0e
[negroni] Completed 200 OK in 113.12µs
[negroni] Started GET /queue/cf59359ca077226b71577142d5764e0e
[negroni] Completed 200 OK in 100.994µs
[negroni] Started GET /queue/cf59359ca077226b71577142d5764e0e
[negroni] Completed 200 OK in 60.131µs
[negroni] Started GET /queue/cf59359ca077226b71577142d5764e0e
[negroni] Completed 200 OK in 67.982µs
[negroni] Started GET /queue/cf59359ca077226b71577142d5764e0e
[negroni] Completed 200 OK in 91.568µs
[negroni] Started GET /queue/cf59359ca077226b71577142d5764e0e
[negroni] Completed 200 OK in 98.545µs
[negroni] Started GET /queue/cf59359ca077226b71577142d5764e0e
[negroni] Completed 200 OK in 169.645µs
[negroni] Started GET /queue/cf59359ca077226b71577142d5764e0e
[negroni] Completed 200 OK in 81.127µs
[negroni] Started GET /queue/cf59359ca077226b71577142d5764e0e
[negroni] Completed 200 OK in 75.931µs
[negroni] Started GET /queue/cf59359ca077226b71577142d5764e0e
[negroni] Completed 200 OK in 108.931µs
[negroni] Started GET /queue/cf59359ca077226b71577142d5764e0e
[negroni] Completed 200 OK in 147.497µs
[negroni] Started GET /queue/cf59359ca077226b71577142d5764e0e
[negroni] Completed 200 OK in 296.455µs
[negroni] Started GET /queue/cf59359ca077226b71577142d5764e0e
[negroni] Completed 200 OK in 70.545µs
[negroni] Started GET /queue/cf59359ca077226b71577142d5764e0e
[negroni] Completed 200 OK in 71.958µs
[negroni] Started GET /queue/cf59359ca077226b71577142d5764e0e
[negroni] Completed 200 OK in 82.737µs
[negroni] Started GET /queue/cf59359ca077226b71577142d5764e0e
[negroni] Completed 200 OK in 122.16µs
[negroni] Started GET /queue/cf59359ca077226b71577142d5764e0e
[negroni] Completed 200 OK in 61.827µs
[negroni] Started GET /queue/cf59359ca077226b71577142d5764e0e
[negroni] Completed 200 OK in 342.006µs
[negroni] Started GET /queue/cf59359ca077226b71577142d5764e0e
[negroni] Completed 200 OK in 132.806µs
[negroni] Started GET /queue/cf59359ca077226b71577142d5764e0e
[negroni] Completed 200 OK in 180.332µs
[negroni] Started GET /queue/cf59359ca077226b71577142d5764e0e
[negroni] Completed 200 OK in 237.827µs
[negroni] Started GET /queue/cf59359ca077226b71577142d5764e0e
[negroni] Completed 200 OK in 126.4µs
[negroni] Started GET /queue/cf59359ca077226b71577142d5764e0e
[negroni] Completed 200 OK in 124.03µs
[negroni] Started GET /queue/cf59359ca077226b71577142d5764e0e
[negroni] Completed 200 OK in 60.447µs
[negroni] Started GET /queue/cf59359ca077226b71577142d5764e0e
[negroni] Completed 200 OK in 104.122µs
[negroni] Started GET /queue/cf59359ca077226b71577142d5764e0e
[negroni] Completed 200 OK in 146.568µs
[negroni] Started GET /queue/cf59359ca077226b71577142d5764e0e
[negroni] Completed 200 OK in 61.114µs
[negroni] Started GET /queue/cf59359ca077226b71577142d5764e0e
[negroni] Completed 200 OK in 341.718µs
[negroni] Started GET /queue/cf59359ca077226b71577142d5764e0e
[negroni] Completed 200 OK in 79.183µs
[negroni] Started GET /queue/cf59359ca077226b71577142d5764e0e
[negroni] Completed 200 OK in 100.873µs
[negroni] Started GET /queue/cf59359ca077226b71577142d5764e0e
[negroni] Completed 200 OK in 130.938µs
[negroni] Started GET /queue/cf59359ca077226b71577142d5764e0e
[negroni] Completed 200 OK in 173.067µs
[negroni] Started GET /queue/cf59359ca077226b71577142d5764e0e
[negroni] Completed 200 OK in 110.806µs
[negroni] Started GET /queue/cf59359ca077226b71577142d5764e0e
[negroni] Completed 200 OK in 164.973µs
[negroni] Started GET /queue/cf59359ca077226b71577142d5764e0e
[negroni] Completed 200 OK in 154.536µs
[negroni] Started GET /queue/cf59359ca077226b71577142d5764e0e
[negroni] Completed 200 OK in 66.264µs
[negroni] Started GET /queue/cf59359ca077226b71577142d5764e0e
[negroni] Completed 200 OK in 88.626µs
[negroni] Started GET /queue/cf59359ca077226b71577142d5764e0e
[negroni] Completed 200 OK in 135.971µs
[negroni] Started GET /queue/cf59359ca077226b71577142d5764e0e
[negroni] Completed 200 OK in 56.048µs
[sshexec] ERROR 2017/04/27 02:36:05 /src/github.com/heketi/heketi/executors/sshexec/brick.go:163: dial tcp 192.168.48.12:22: getsockopt: connection timed out
[sshexec] WARNING 2017/04/27 02:36:05 Failed to create SSH connection to 192.168.48.12:22: dial tcp 192.168.48.12:22: getsockopt: connection timed out
[asynchttp] INFO 2017/04/27 02:36:06 Completed job cf59359ca077226b71577142d5764e0e in 10m37.148045563s
[heketi] ERROR 2017/04/27 02:36:06 /src/github.com/heketi/heketi/apps/glusterfs/app_volume.go:148: Failed to create volume: dial tcp 192.168.48.17:22: getsockopt: connection timed out
[negroni] Started GET /queue/cf59359ca077226b71577142d5764e0e
[negroni] Completed 500 Internal Server Error in 132.003µs
[negroni] Started POST /volumes
[negroni] Completed 202 Accepted in 18.502751ms
[asynchttp] INFO 2017/04/27 02:36:11 Started job f897d3e4a57115ea2d272164ba0efe11
[heketi] INFO 2017/04/27 02:36:11 Creating volume 14d4f9a09b0b24fe2f0f5b010f5ffeb4
[negroni] Started GET /queue/f897d3e4a57115ea2d272164ba0efe11
[negroni] Completed 200 OK in 110.047µs
[heketi] INFO 2017/04/27 02:36:11 brick_num: 0
[heketi] INFO 2017/04/27 02:36:11 Creating brick 99464e78e0f2609bc5ff881c35f6b466
[heketi] INFO 2017/04/27 02:36:11 Creating brick d87e72c558967695390343c42fa9fd86
[heketi] INFO 2017/04/27 02:36:11 Creating brick b9c245876ba8716fb798b248dd70a5c3
[sshexec] DEBUG 2017/04/27 02:36:11 /src/github.com/heketi/heketi/pkg/utils/ssh/ssh.go:176: Host: 192.168.16.223:22 Command: /bin/bash -c 'mkdir -p /var/lib/heketi/mounts/vg_08e438478aca6569095d4caebde2975a/brick_b9c245876ba8716fb798b248dd70a5c3'
Result: 
[sshexec] DEBUG 2017/04/27 02:36:11 /src/github.com/heketi/heketi/pkg/utils/ssh/ssh.go:176: Host: 192.168.16.207:22 Command: /bin/bash -c 'mkdir -p /var/lib/heketi/mounts/vg_46b2685901f56d6fe0cc85bf3d37bf75/brick_99464e78e0f2609bc5ff881c35f6b466'
Result: 
[sshexec] DEBUG 2017/04/27 02:36:12 /src/github.com/heketi/heketi/pkg/utils/ssh/ssh.go:176: Host: 192.168.16.223:22 Command: /bin/bash -c 'lvcreate --poolmetadatasize 106496K -c 256K -L 20971520K -T vg_08e438478aca6569095d4caebde2975a/tp_b9c245876ba8716fb798b248dd70a5c3 -V 20971520K -n brick_b9c245876ba8716fb798b248dd70a5c3'
Result:   Using default stripesize 64.00 KiB.
  Logical volume "brick_b9c245876ba8716fb798b248dd70a5c3" created.
[negroni] Started GET /queue/f897d3e4a57115ea2d272164ba0efe11
[negroni] Completed 200 OK in 60.994µs
[sshexec] DEBUG 2017/04/27 02:36:12 /src/github.com/heketi/heketi/pkg/utils/ssh/ssh.go:176: Host: 192.168.16.223:22 Command: /bin/bash -c 'mkfs.xfs -i size=512 -n size=8192 /dev/mapper/vg_08e438478aca6569095d4caebde2975a-brick_b9c245876ba8716fb798b248dd70a5c3'
Result: meta-data=/dev/mapper/vg_08e438478aca6569095d4caebde2975a-brick_b9c245876ba8716fb798b248dd70a5c3 isize=512    agcount=16, agsize=327616 blks
         =                       sectsz=512   attr=2, projid32bit=1
         =                       crc=1        finobt=0, sparse=0
data     =                       bsize=4096   blocks=5241856, imaxpct=25
         =                       sunit=64     swidth=64 blks
naming   =version 2              bsize=8192   ascii-ci=0 ftype=1
log      =internal log           bsize=4096   blocks=2560, version=2
         =                       sectsz=512   sunit=64 blks, lazy-count=1
realtime =none                   extsz=4096   blocks=0, rtextents=0
[sshexec] DEBUG 2017/04/27 02:36:12 /src/github.com/heketi/heketi/pkg/utils/ssh/ssh.go:176: Host: 192.168.16.207:22 Command: /bin/bash -c 'lvcreate --poolmetadatasize 106496K -c 256K -L 20971520K -T vg_46b2685901f56d6fe0cc85bf3d37bf75/tp_99464e78e0f2609bc5ff881c35f6b466 -V 20971520K -n brick_99464e78e0f2609bc5ff881c35f6b466'
Result:   Using default stripesize 64.00 KiB.
  Logical volume "brick_99464e78e0f2609bc5ff881c35f6b466" created.
[sshexec] DEBUG 2017/04/27 02:36:12 /src/github.com/heketi/heketi/pkg/utils/ssh/ssh.go:176: Host: 192.168.16.223:22 Command: /bin/bash -c 'echo "/dev/mapper/vg_08e438478aca6569095d4caebde2975a-brick_b9c245876ba8716fb798b248dd70a5c3 /var/lib/heketi/mounts/vg_08e438478aca6569095d4caebde2975a/brick_b9c245876ba8716fb798b248dd70a5c3 xfs rw,inode64,noatime,nouuid 1 2" | tee -a /etc/fstab > /dev/null '
Result: 
[sshexec] DEBUG 2017/04/27 02:36:12 /src/github.com/heketi/heketi/pkg/utils/ssh/ssh.go:176: Host: 192.168.16.223:22 Command: /bin/bash -c 'mount -o rw,inode64,noatime,nouuid /dev/mapper/vg_08e438478aca6569095d4caebde2975a-brick_b9c245876ba8716fb798b248dd70a5c3 /var/lib/heketi/mounts/vg_08e438478aca6569095d4caebde2975a/brick_b9c245876ba8716fb798b248dd70a5c3'
Result: 
[sshexec] DEBUG 2017/04/27 02:36:12 /src/github.com/heketi/heketi/pkg/utils/ssh/ssh.go:176: Host: 192.168.16.223:22 Command: /bin/bash -c 'mkdir /var/lib/heketi/mounts/vg_08e438478aca6569095d4caebde2975a/brick_b9c245876ba8716fb798b248dd70a5c3/brick'
Result: 
[sshexec] DEBUG 2017/04/27 02:36:12 /src/github.com/heketi/heketi/pkg/utils/ssh/ssh.go:176: Host: 192.168.16.223:22 Command: /bin/bash -c 'chown :2001 /var/lib/heketi/mounts/vg_08e438478aca6569095d4caebde2975a/brick_b9c245876ba8716fb798b248dd70a5c3/brick'
Result: 
[sshexec] DEBUG 2017/04/27 02:36:12 /src/github.com/heketi/heketi/pkg/utils/ssh/ssh.go:176: Host: 192.168.16.223:22 Command: /bin/bash -c 'chmod 2775 /var/lib/heketi/mounts/vg_08e438478aca6569095d4caebde2975a/brick_b9c245876ba8716fb798b248dd70a5c3/brick'
Result: 
[sshexec] DEBUG 2017/04/27 02:36:12 /src/github.com/heketi/heketi/pkg/utils/ssh/ssh.go:176: Host: 192.168.16.207:22 Command: /bin/bash -c 'mkfs.xfs -i size=512 -n size=8192 /dev/mapper/vg_46b2685901f56d6fe0cc85bf3d37bf75-brick_99464e78e0f2609bc5ff881c35f6b466'
Result: meta-data=/dev/mapper/vg_46b2685901f56d6fe0cc85bf3d37bf75-brick_99464e78e0f2609bc5ff881c35f6b466 isize=512    agcount=16, agsize=327616 blks
         =                       sectsz=512   attr=2, projid32bit=1
         =                       crc=1        finobt=0, sparse=0
data     =                       bsize=4096   blocks=5241856, imaxpct=25
         =                       sunit=64     swidth=64 blks
naming   =version 2              bsize=8192   ascii-ci=0 ftype=1
log      =internal log           bsize=4096   blocks=2560, version=2
         =                       sectsz=512   sunit=64 blks, lazy-count=1
realtime =none                   extsz=4096   blocks=0, rtextents=0
[sshexec] DEBUG 2017/04/27 02:36:12 /src/github.com/heketi/heketi/pkg/utils/ssh/ssh.go:176: Host: 192.168.16.207:22 Command: /bin/bash -c 'echo "/dev/mapper/vg_46b2685901f56d6fe0cc85bf3d37bf75-brick_99464e78e0f2609bc5ff881c35f6b466 /var/lib/heketi/mounts/vg_46b2685901f56d6fe0cc85bf3d37bf75/brick_99464e78e0f2609bc5ff881c35f6b466 xfs rw,inode64,noatime,nouuid 1 2" | tee -a /etc/fstab > /dev/null '
Result: 
[sshexec] DEBUG 2017/04/27 02:36:12 /src/github.com/heketi/heketi/pkg/utils/ssh/ssh.go:176: Host: 192.168.16.207:22 Command: /bin/bash -c 'mount -o rw,inode64,noatime,nouuid /dev/mapper/vg_46b2685901f56d6fe0cc85bf3d37bf75-brick_99464e78e0f2609bc5ff881c35f6b466 /var/lib/heketi/mounts/vg_46b2685901f56d6fe0cc85bf3d37bf75/brick_99464e78e0f2609bc5ff881c35f6b466'
Result: 
[sshexec] DEBUG 2017/04/27 02:36:12 /src/github.com/heketi/heketi/pkg/utils/ssh/ssh.go:176: Host: 192.168.16.207:22 Command: /bin/bash -c 'mkdir /var/lib/heketi/mounts/vg_46b2685901f56d6fe0cc85bf3d37bf75/brick_99464e78e0f2609bc5ff881c35f6b466/brick'
Result: 
[sshexec] DEBUG 2017/04/27 02:36:12 /src/github.com/heketi/heketi/pkg/utils/ssh/ssh.go:176: Host: 192.168.16.207:22 Command: /bin/bash -c 'chown :2001 /var/lib/heketi/mounts/vg_46b2685901f56d6fe0cc85bf3d37bf75/brick_99464e78e0f2609bc5ff881c35f6b466/brick'
Result: 
[sshexec] DEBUG 2017/04/27 02:36:12 /src/github.com/heketi/heketi/pkg/utils/ssh/ssh.go:176: Host: 192.168.16.207:22 Command: /bin/bash -c 'chmod 2775 /var/lib/heketi/mounts/vg_46b2685901f56d6fe0cc85bf3d37bf75/brick_99464e78e0f2609bc5ff881c35f6b466/brick'
Result: 
[negroni] Started GET /queue/f897d3e4a57115ea2d272164ba0efe11
[negroni] Completed 200 OK in 63.217µs
[negroni] Started POST /volumes
[negroni] Completed 202 Accepted in 4.53101ms
[asynchttp] INFO 2017/04/27 02:36:13 Started job 71128f4e35fa08d1c1fc0f7dc9925957
[heketi] INFO 2017/04/27 02:36:13 Creating volume 3960180e6771ffa0df46bd4fd01f531e
[heketi] INFO 2017/04/27 02:36:13 brick_num: 0
[negroni] Started GET /queue/71128f4e35fa08d1c1fc0f7dc9925957
[negroni] Completed 200 OK in 71.435µs
[heketi] INFO 2017/04/27 02:36:14 Creating brick 632439b71e1248810c63f845ba251a8c
[heketi] INFO 2017/04/27 02:36:14 Creating brick 987d7d6414cf6e3314f8af4dc3d6c0f9
[heketi] INFO 2017/04/27 02:36:14 Creating brick 5e5a6716c65300c45e48b918545496e1
[negroni] Started GET /queue/f897d3e4a57115ea2d272164ba0efe11
[negroni] Completed 200 OK in 47.006µs
[sshexec] DEBUG 2017/04/27 02:36:14 /src/github.com/heketi/heketi/pkg/utils/ssh/ssh.go:176: Host: 192.168.48.17:22 Command: /bin/bash -c 'mkdir -p /var/lib/heketi/mounts/vg_6c7ff8b53124baa86b5b789cd93274e1/brick_632439b71e1248810c63f845ba251a8c'
Result: 
[sshexec] DEBUG 2017/04/27 02:36:14 /src/github.com/heketi/heketi/pkg/utils/ssh/ssh.go:176: Host: 192.168.48.14:22 Command: /bin/bash -c 'mkdir -p /var/lib/heketi/mounts/vg_d72d3bd802d4e511a80ce2f16181289d/brick_5e5a6716c65300c45e48b918545496e1'
Result: 
[negroni] Started GET /queue/71128f4e35fa08d1c1fc0f7dc9925957
[negroni] Completed 200 OK in 281.117µs
[negroni] Started GET /queue/f897d3e4a57115ea2d272164ba0efe11
[negroni] Completed 200 OK in 74.062µs
[sshexec] DEBUG 2017/04/27 02:36:15 /src/github.com/heketi/heketi/pkg/utils/ssh/ssh.go:176: Host: 192.168.48.14:22 Command: /bin/bash -c 'lvcreate --poolmetadatasize 8192K -c 256K -L 1048576K -T vg_d72d3bd802d4e511a80ce2f16181289d/tp_5e5a6716c65300c45e48b918545496e1 -V 1048576K -n brick_5e5a6716c65300c45e48b918545496e1'
Result:   Logical volume "brick_5e5a6716c65300c45e48b918545496e1" created.
[sshexec] DEBUG 2017/04/27 02:36:15 /src/github.com/heketi/heketi/pkg/utils/ssh/ssh.go:176: Host: 192.168.48.14:22 Command: /bin/bash -c 'mkfs.xfs -i size=512 -n size=8192 /dev/mapper/vg_d72d3bd802d4e511a80ce2f16181289d-brick_5e5a6716c65300c45e48b918545496e1'
Result: meta-data=/dev/mapper/vg_d72d3bd802d4e511a80ce2f16181289d-brick_5e5a6716c65300c45e48b918545496e1 isize=512    agcount=8, agsize=32704 blks
         =                       sectsz=512   attr=2, projid32bit=1
         =                       crc=1        finobt=1, sparse=0
data     =                       bsize=4096   blocks=261632, imaxpct=25
         =                       sunit=64     swidth=64 blks
naming   =version 2              bsize=8192   ascii-ci=0 ftype=1
log      =internal log           bsize=4096   blocks=1728, version=2
         =                       sectsz=512   sunit=64 blks, lazy-count=1
realtime =none                   extsz=4096   blocks=0, rtextents=0
[sshexec] DEBUG 2017/04/27 02:36:15 /src/github.com/heketi/heketi/pkg/utils/ssh/ssh.go:176: Host: 192.168.48.14:22 Command: /bin/bash -c 'echo "/dev/mapper/vg_d72d3bd802d4e511a80ce2f16181289d-brick_5e5a6716c65300c45e48b918545496e1 /var/lib/heketi/mounts/vg_d72d3bd802d4e511a80ce2f16181289d/brick_5e5a6716c65300c45e48b918545496e1 xfs rw,inode64,noatime,nouuid 1 2" | tee -a /etc/fstab > /dev/null '
Result: 
[sshexec] DEBUG 2017/04/27 02:36:15 /src/github.com/heketi/heketi/pkg/utils/ssh/ssh.go:176: Host: 192.168.48.17:22 Command: /bin/bash -c 'lvcreate --poolmetadatasize 8192K -c 256K -L 1048576K -T vg_6c7ff8b53124baa86b5b789cd93274e1/tp_632439b71e1248810c63f845ba251a8c -V 1048576K -n brick_632439b71e1248810c63f845ba251a8c'
Result:   Logical volume "brick_632439b71e1248810c63f845ba251a8c" created.
[sshexec] DEBUG 2017/04/27 02:36:15 /src/github.com/heketi/heketi/pkg/utils/ssh/ssh.go:176: Host: 192.168.48.17:22 Command: /bin/bash -c 'mkfs.xfs -i size=512 -n size=8192 /dev/mapper/vg_6c7ff8b53124baa86b5b789cd93274e1-brick_632439b71e1248810c63f845ba251a8c'
Result: meta-data=/dev/mapper/vg_6c7ff8b53124baa86b5b789cd93274e1-brick_632439b71e1248810c63f845ba251a8c isize=512    agcount=8, agsize=32704 blks
         =                       sectsz=512   attr=2, projid32bit=1
         =                       crc=1        finobt=1, sparse=0
data     =                       bsize=4096   blocks=261632, imaxpct=25
         =                       sunit=64     swidth=64 blks
naming   =version 2              bsize=8192   ascii-ci=0 ftype=1
log      =internal log           bsize=4096   blocks=1728, version=2
         =                       sectsz=512   sunit=64 blks, lazy-count=1
realtime =none                   extsz=4096   blocks=0, rtextents=0
[sshexec] DEBUG 2017/04/27 02:36:15 /src/github.com/heketi/heketi/pkg/utils/ssh/ssh.go:176: Host: 192.168.48.17:22 Command: /bin/bash -c 'echo "/dev/mapper/vg_6c7ff8b53124baa86b5b789cd93274e1-brick_632439b71e1248810c63f845ba251a8c /var/lib/heketi/mounts/vg_6c7ff8b53124baa86b5b789cd93274e1/brick_632439b71e1248810c63f845ba251a8c xfs rw,inode64,noatime,nouuid 1 2" | tee -a /etc/fstab > /dev/null '
Result: 
[sshexec] DEBUG 2017/04/27 02:36:15 /src/github.com/heketi/heketi/pkg/utils/ssh/ssh.go:176: Host: 192.168.48.14:22 Command: /bin/bash -c 'mount -o rw,inode64,noatime,nouuid /dev/mapper/vg_d72d3bd802d4e511a80ce2f16181289d-brick_5e5a6716c65300c45e48b918545496e1 /var/lib/heketi/mounts/vg_d72d3bd802d4e511a80ce2f16181289d/brick_5e5a6716c65300c45e48b918545496e1'
Result: 
[sshexec] DEBUG 2017/04/27 02:36:15 /src/github.com/heketi/heketi/pkg/utils/ssh/ssh.go:176: Host: 192.168.48.14:22 Command: /bin/bash -c 'mkdir /var/lib/heketi/mounts/vg_d72d3bd802d4e511a80ce2f16181289d/brick_5e5a6716c65300c45e48b918545496e1/brick'
Result: 
[sshexec] DEBUG 2017/04/27 02:36:15 /src/github.com/heketi/heketi/pkg/utils/ssh/ssh.go:176: Host: 192.168.48.14:22 Command: /bin/bash -c 'chown :2000 /var/lib/heketi/mounts/vg_d72d3bd802d4e511a80ce2f16181289d/brick_5e5a6716c65300c45e48b918545496e1/brick'
Result: 
[sshexec] DEBUG 2017/04/27 02:36:15 /src/github.com/heketi/heketi/pkg/utils/ssh/ssh.go:176: Host: 192.168.48.14:22 Command: /bin/bash -c 'chmod 2775 /var/lib/heketi/mounts/vg_d72d3bd802d4e511a80ce2f16181289d/brick_5e5a6716c65300c45e48b918545496e1/brick'
Result: 
[sshexec] DEBUG 2017/04/27 02:36:15 /src/github.com/heketi/heketi/pkg/utils/ssh/ssh.go:176: Host: 192.168.48.17:22 Command: /bin/bash -c 'mount -o rw,inode64,noatime,nouuid /dev/mapper/vg_6c7ff8b53124baa86b5b789cd93274e1-brick_632439b71e1248810c63f845ba251a8c /var/lib/heketi/mounts/vg_6c7ff8b53124baa86b5b789cd93274e1/brick_632439b71e1248810c63f845ba251a8c'
Result: 
[sshexec] DEBUG 2017/04/27 02:36:15 /src/github.com/heketi/heketi/pkg/utils/ssh/ssh.go:176: Host: 192.168.48.17:22 Command: /bin/bash -c 'mkdir /var/lib/heketi/mounts/vg_6c7ff8b53124baa86b5b789cd93274e1/brick_632439b71e1248810c63f845ba251a8c/brick'
Result: 
[sshexec] DEBUG 2017/04/27 02:36:15 /src/github.com/heketi/heketi/pkg/utils/ssh/ssh.go:176: Host: 192.168.48.17:22 Command: /bin/bash -c 'chown :2000 /var/lib/heketi/mounts/vg_6c7ff8b53124baa86b5b789cd93274e1/brick_632439b71e1248810c63f845ba251a8c/brick'
Result: 
[sshexec] DEBUG 2017/04/27 02:36:15 /src/github.com/heketi/heketi/pkg/utils/ssh/ssh.go:176: Host: 192.168.48.17:22 Command: /bin/bash -c 'chmod 2775 /var/lib/heketi/mounts/vg_6c7ff8b53124baa86b5b789cd93274e1/brick_632439b71e1248810c63f845ba251a8c/brick'
Result: 
[negroni] Started GET /queue/71128f4e35fa08d1c1fc0f7dc9925957
[negroni] Completed 200 OK in 56.655µs
[negroni] Started GET /queue/f897d3e4a57115ea2d272164ba0efe11
[negroni] Completed 200 OK in 144.659µs
[sshexec] DEBUG 2017/04/27 02:36:16 /src/github.com/heketi/heketi/pkg/utils/ssh/ssh.go:176: Host: 192.168.16.191:22 Command: /bin/bash -c 'mkdir -p /var/lib/heketi/mounts/vg_81fc545c570374e5c3d2916118edb176/brick_d87e72c558967695390343c42fa9fd86'
Result: 
[negroni] Started GET /queue/71128f4e35fa08d1c1fc0f7dc9925957
[negroni] Completed 200 OK in 98.432µs
[negroni] Started GET /queue/f897d3e4a57115ea2d272164ba0efe11
[negroni] Completed 200 OK in 63.817µs
[sshexec] DEBUG 2017/04/27 02:36:17 /src/github.com/heketi/heketi/pkg/utils/ssh/ssh.go:176: Host: 192.168.16.191:22 Command: /bin/bash -c 'lvcreate --poolmetadatasize 106496K -c 256K -L 20971520K -T vg_81fc545c570374e5c3d2916118edb176/tp_d87e72c558967695390343c42fa9fd86 -V 20971520K -n brick_d87e72c558967695390343c42fa9fd86'
Result:   Using default stripesize 64.00 KiB.
  Logical volume "brick_d87e72c558967695390343c42fa9fd86" created.
[sshexec] DEBUG 2017/04/27 02:36:17 /src/github.com/heketi/heketi/pkg/utils/ssh/ssh.go:176: Host: 192.168.16.191:22 Command: /bin/bash -c 'mkfs.xfs -i size=512 -n size=8192 /dev/mapper/vg_81fc545c570374e5c3d2916118edb176-brick_d87e72c558967695390343c42fa9fd86'
Result: meta-data=/dev/mapper/vg_81fc545c570374e5c3d2916118edb176-brick_d87e72c558967695390343c42fa9fd86 isize=512    agcount=16, agsize=327616 blks
         =                       sectsz=512   attr=2, projid32bit=1
         =                       crc=1        finobt=0, sparse=0
data     =                       bsize=4096   blocks=5241856, imaxpct=25
         =                       sunit=64     swidth=64 blks
naming   =version 2              bsize=8192   ascii-ci=0 ftype=1
log      =internal log           bsize=4096   blocks=2560, version=2
         =                       sectsz=512   sunit=64 blks, lazy-count=1
realtime =none                   extsz=4096   blocks=0, rtextents=0
[sshexec] DEBUG 2017/04/27 02:36:17 /src/github.com/heketi/heketi/pkg/utils/ssh/ssh.go:176: Host: 192.168.16.191:22 Command: /bin/bash -c 'echo "/dev/mapper/vg_81fc545c570374e5c3d2916118edb176-brick_d87e72c558967695390343c42fa9fd86 /var/lib/heketi/mounts/vg_81fc545c570374e5c3d2916118edb176/brick_d87e72c558967695390343c42fa9fd86 xfs rw,inode64,noatime,nouuid 1 2" | tee -a /etc/fstab > /dev/null '
Result: 
[sshexec] DEBUG 2017/04/27 02:36:17 /src/github.com/heketi/heketi/pkg/utils/ssh/ssh.go:176: Host: 192.168.16.191:22 Command: /bin/bash -c 'mount -o rw,inode64,noatime,nouuid /dev/mapper/vg_81fc545c570374e5c3d2916118edb176-brick_d87e72c558967695390343c42fa9fd86 /var/lib/heketi/mounts/vg_81fc545c570374e5c3d2916118edb176/brick_d87e72c558967695390343c42fa9fd86'
Result: 
[sshexec] DEBUG 2017/04/27 02:36:17 /src/github.com/heketi/heketi/pkg/utils/ssh/ssh.go:176: Host: 192.168.16.191:22 Command: /bin/bash -c 'mkdir /var/lib/heketi/mounts/vg_81fc545c570374e5c3d2916118edb176/brick_d87e72c558967695390343c42fa9fd86/brick'
Result: 
[sshexec] DEBUG 2017/04/27 02:36:17 /src/github.com/heketi/heketi/pkg/utils/ssh/ssh.go:176: Host: 192.168.16.191:22 Command: /bin/bash -c 'chown :2001 /var/lib/heketi/mounts/vg_81fc545c570374e5c3d2916118edb176/brick_d87e72c558967695390343c42fa9fd86/brick'
Result: 
[sshexec] DEBUG 2017/04/27 02:36:17 /src/github.com/heketi/heketi/pkg/utils/ssh/ssh.go:176: Host: 192.168.16.191:22 Command: /bin/bash -c 'chmod 2775 /var/lib/heketi/mounts/vg_81fc545c570374e5c3d2916118edb176/brick_d87e72c558967695390343c42fa9fd86/brick'
Result: 
[sshexec] INFO 2017/04/27 02:36:17 Creating volume vol_14d4f9a09b0b24fe2f0f5b010f5ffeb4 replica 3
[negroni] Started GET /queue/71128f4e35fa08d1c1fc0f7dc9925957
[negroni] Completed 200 OK in 112.133µs
[negroni] Started GET /queue/f897d3e4a57115ea2d272164ba0efe11
[negroni] Completed 200 OK in 59.613µs
[sshexec] DEBUG 2017/04/27 02:36:18 /src/github.com/heketi/heketi/pkg/utils/ssh/ssh.go:176: Host: 192.168.16.207:22 Command: /bin/bash -c 'gluster --mode=script volume create vol_14d4f9a09b0b24fe2f0f5b010f5ffeb4 replica 3 192.168.16.207:/var/lib/heketi/mounts/vg_46b2685901f56d6fe0cc85bf3d37bf75/brick_99464e78e0f2609bc5ff881c35f6b466/brick 192.168.16.223:/var/lib/heketi/mounts/vg_08e438478aca6569095d4caebde2975a/brick_b9c245876ba8716fb798b248dd70a5c3/brick 192.168.16.191:/var/lib/heketi/mounts/vg_81fc545c570374e5c3d2916118edb176/brick_d87e72c558967695390343c42fa9fd86/brick '
Result: volume create: vol_14d4f9a09b0b24fe2f0f5b010f5ffeb4: success: please start the volume to access data
[sshexec] DEBUG 2017/04/27 02:36:18 /src/github.com/heketi/heketi/pkg/utils/ssh/ssh.go:176: Host: 192.168.16.207:22 Command: /bin/bash -c ''
Result: 
[negroni] Started GET /queue/71128f4e35fa08d1c1fc0f7dc9925957
[negroni] Completed 200 OK in 200.414µs
[negroni] Started GET /queue/f897d3e4a57115ea2d272164ba0efe11
[negroni] Completed 200 OK in 58.851µs
[negroni] Started GET /queue/71128f4e35fa08d1c1fc0f7dc9925957
[negroni] Completed 200 OK in 80.564µs
[negroni] Started GET /queue/f897d3e4a57115ea2d272164ba0efe11
[negroni] Completed 200 OK in 55.004µs
[negroni] Started GET /queue/71128f4e35fa08d1c1fc0f7dc9925957
[negroni] Completed 200 OK in 56.684µs
[negroni] Started GET /queue/f897d3e4a57115ea2d272164ba0efe11
[negroni] Completed 200 OK in 56.589µs
[negroni] Started GET /queue/71128f4e35fa08d1c1fc0f7dc9925957
[negroni] Completed 200 OK in 252.141µs
[negroni] Started GET /queue/f897d3e4a57115ea2d272164ba0efe11
[negroni] Completed 200 OK in 58.19µs
[negroni] Started GET /queue/71128f4e35fa08d1c1fc0f7dc9925957
[negroni] Completed 200 OK in 78.219µs
[negroni] Started GET /queue/f897d3e4a57115ea2d272164ba0efe11
[negroni] Completed 200 OK in 59.704µs
[sshexec] DEBUG 2017/04/27 02:36:23 /src/github.com/heketi/heketi/pkg/utils/ssh/ssh.go:176: Host: 192.168.16.207:22 Command: /bin/bash -c 'gluster --mode=script volume start vol_14d4f9a09b0b24fe2f0f5b010f5ffeb4'
Result: volume start: vol_14d4f9a09b0b24fe2f0f5b010f5ffeb4: success
[heketi] INFO 2017/04/27 02:36:23 Created volume 14d4f9a09b0b24fe2f0f5b010f5ffeb4
[asynchttp] INFO 2017/04/27 02:36:23 Completed job f897d3e4a57115ea2d272164ba0efe11 in 12.614941734s
[negroni] Started GET /queue/71128f4e35fa08d1c1fc0f7dc9925957
[negroni] Completed 200 OK in 69.592µs
[negroni] Started GET /queue/f897d3e4a57115ea2d272164ba0efe11
[negroni] Completed 303 See Other in 106.025µs
[negroni] Started GET /volumes/14d4f9a09b0b24fe2f0f5b010f5ffeb4
[negroni] Completed 200 OK in 31.71612ms
[negroni] Started GET /clusters/326dd6982b86a0d02142399a9b9a14a8
[negroni] Completed 200 OK in 2.957672ms
[negroni] Started GET /nodes/8bd8497a8dcda0708508228f4ae8c2ae
[negroni] Completed 200 OK in 32.592326ms
[negroni] Started GET /nodes/a32c2a4e435d59bf6304fcda8247a2fb
[negroni] Completed 200 OK in 10.643998ms
[negroni] Started GET /nodes/db185531c93ae9b1931c7af8cffeeb44
[negroni] Completed 200 OK in 6.80685ms
[negroni] Started GET /queue/71128f4e35fa08d1c1fc0f7dc9925957
[negroni] Completed 200 OK in 75.127µs
[negroni] Started GET /queue/71128f4e35fa08d1c1fc0f7dc9925957
[negroni] Completed 200 OK in 93.322µs
[negroni] Started GET /queue/71128f4e35fa08d1c1fc0f7dc9925957
[negroni] Completed 200 OK in 144.134µs
[negroni] Started GET /queue/71128f4e35fa08d1c1fc0f7dc9925957
[negroni] Completed 200 OK in 74.223µs
[negroni] Started GET /queue/71128f4e35fa08d1c1fc0f7dc9925957
[negroni] Completed 200 OK in 97.587µs
[negroni] Started GET /queue/71128f4e35fa08d1c1fc0f7dc9925957
[negroni] Completed 200 OK in 91.021µs
[negroni] Started GET /queue/71128f4e35fa08d1c1fc0f7dc9925957
[negroni] Completed 200 OK in 106.519µs
[negroni] Started GET /queue/71128f4e35fa08d1c1fc0f7dc9925957
[negroni] Completed 200 OK in 121.652µs
[negroni] Started GET /queue/71128f4e35fa08d1c1fc0f7dc9925957
[negroni] Completed 200 OK in 62.396µs
[negroni] Started GET /queue/71128f4e35fa08d1c1fc0f7dc9925957
[negroni] Completed 200 OK in 128.296µs
[negroni] Started GET /queue/71128f4e35fa08d1c1fc0f7dc9925957
[negroni] Completed 200 OK in 64.698µs
[negroni] Started GET /queue/71128f4e35fa08d1c1fc0f7dc9925957
[negroni] Completed 200 OK in 268.971µs
[negroni] Started GET /queue/71128f4e35fa08d1c1fc0f7dc9925957
[negroni] Completed 200 OK in 157.893µs
[negroni] Started GET /queue/71128f4e35fa08d1c1fc0f7dc9925957
[negroni] Completed 200 OK in 72.542µs
[negroni] Started GET /queue/71128f4e35fa08d1c1fc0f7dc9925957
[negroni] Completed 200 OK in 62.438µs
[negroni] Started GET /queue/71128f4e35fa08d1c1fc0f7dc9925957
[negroni] Completed 200 OK in 907.411µs
[negroni] Started GET /queue/71128f4e35fa08d1c1fc0f7dc9925957
[negroni] Completed 200 OK in 114.889µs
[negroni] Started GET /queue/71128f4e35fa08d1c1fc0f7dc9925957
[negroni] Completed 200 OK in 132.189µs
[negroni] Started GET /queue/71128f4e35fa08d1c1fc0f7dc9925957
[negroni] Completed 200 OK in 123.733µs
[negroni] Started GET /queue/71128f4e35fa08d1c1fc0f7dc9925957
[negroni] Completed 200 OK in 129.48µs
[negroni] Started GET /queue/71128f4e35fa08d1c1fc0f7dc9925957
[negroni] Completed 200 OK in 102.955µs
[negroni] Started GET /queue/71128f4e35fa08d1c1fc0f7dc9925957
[negroni] Completed 200 OK in 62.4µs
[negroni] Started GET /queue/71128f4e35fa08d1c1fc0f7dc9925957
[negroni] Completed 200 OK in 108.971µs
[negroni] Started GET /queue/71128f4e35fa08d1c1fc0f7dc9925957
[negroni] Completed 200 OK in 109.622µs
[negroni] Started GET /queue/71128f4e35fa08d1c1fc0f7dc9925957
[negroni] Completed 200 OK in 89.095µs
[negroni] Started GET /queue/71128f4e35fa08d1c1fc0f7dc9925957
[negroni] Completed 200 OK in 262.282µs
[negroni] Started GET /queue/71128f4e35fa08d1c1fc0f7dc9925957
[negroni] Completed 200 OK in 129.079µs
[negroni] Started GET /queue/71128f4e35fa08d1c1fc0f7dc9925957
[negroni] Completed 200 OK in 76.03µs
[negroni] Started GET /queue/71128f4e35fa08d1c1fc0f7dc9925957
[negroni] Completed 200 OK in 138.383µs
[negroni] Started GET /queue/71128f4e35fa08d1c1fc0f7dc9925957
[negroni] Completed 200 OK in 129.831µs
[negroni] Started GET /queue/71128f4e35fa08d1c1fc0f7dc9925957
[negroni] Completed 200 OK in 250.69µs
[negroni] Started GET /queue/71128f4e35fa08d1c1fc0f7dc9925957
[negroni] Completed 200 OK in 151.978µs
[negroni] Started GET /queue/71128f4e35fa08d1c1fc0f7dc9925957
[negroni] Completed 200 OK in 201.945µs
[negroni] Started GET /queue/71128f4e35fa08d1c1fc0f7dc9925957
[negroni] Completed 200 OK in 97.786µs
[negroni] Started GET /queue/71128f4e35fa08d1c1fc0f7dc9925957
[negroni] Completed 200 OK in 62.503µs
[negroni] Started GET /queue/71128f4e35fa08d1c1fc0f7dc9925957
[negroni] Completed 200 OK in 160.606µs
[negroni] Started GET /queue/71128f4e35fa08d1c1fc0f7dc9925957
[negroni] Completed 200 OK in 202.835µs
[negroni] Started GET /queue/71128f4e35fa08d1c1fc0f7dc9925957
[negroni] Completed 200 OK in 151.009µs
[negroni] Started GET /queue/71128f4e35fa08d1c1fc0f7dc9925957
[negroni] Completed 200 OK in 103.588µs
[negroni] Started GET /queue/71128f4e35fa08d1c1fc0f7dc9925957
[negroni] Completed 200 OK in 344.149µs
[negroni] Started GET /queue/71128f4e35fa08d1c1fc0f7dc9925957
[negroni] Completed 200 OK in 112.312µs
[negroni] Started GET /queue/71128f4e35fa08d1c1fc0f7dc9925957
[negroni] Completed 200 OK in 182.792µs
[negroni] Started GET /queue/71128f4e35fa08d1c1fc0f7dc9925957
[negroni] Completed 200 OK in 166.151µs
[negroni] Started GET /queue/71128f4e35fa08d1c1fc0f7dc9925957
[negroni] Completed 200 OK in 59.833µs
[negroni] Started GET /queue/71128f4e35fa08d1c1fc0f7dc9925957
[negroni] Completed 200 OK in 99.103µs
[negroni] Started GET /queue/71128f4e35fa08d1c1fc0f7dc9925957
[negroni] Completed 200 OK in 207.956µs
[negroni] Started GET /queue/71128f4e35fa08d1c1fc0f7dc9925957
[negroni] Completed 200 OK in 119.939µs
[negroni] Started GET /queue/71128f4e35fa08d1c1fc0f7dc9925957
[negroni] Completed 200 OK in 87.24µs
[negroni] Started GET /queue/71128f4e35fa08d1c1fc0f7dc9925957
[negroni] Completed 200 OK in 87.649µs
[negroni] Started GET /queue/71128f4e35fa08d1c1fc0f7dc9925957
[negroni] Completed 200 OK in 89.603µs
[negroni] Started GET /queue/71128f4e35fa08d1c1fc0f7dc9925957
[negroni] Completed 200 OK in 66.592µs
[negroni] Started GET /queue/71128f4e35fa08d1c1fc0f7dc9925957
[negroni] Completed 200 OK in 93µs
[negroni] Started GET /queue/71128f4e35fa08d1c1fc0f7dc9925957
[negroni] Completed 200 OK in 113.191µs
[negroni] Started GET /queue/71128f4e35fa08d1c1fc0f7dc9925957
[negroni] Completed 200 OK in 172.139µs
[negroni] Started GET /queue/71128f4e35fa08d1c1fc0f7dc9925957
[negroni] Completed 200 OK in 113.707µs
[negroni] Started GET /queue/71128f4e35fa08d1c1fc0f7dc9925957
[negroni] Completed 200 OK in 53.797µs
[negroni] Started GET /queue/71128f4e35fa08d1c1fc0f7dc9925957
[negroni] Completed 200 OK in 79.452µs
[negroni] Started GET /queue/71128f4e35fa08d1c1fc0f7dc9925957
[negroni] Completed 200 OK in 284.902µs
[negroni] Started GET /queue/71128f4e35fa08d1c1fc0f7dc9925957
[negroni] Completed 200 OK in 68.989µs
[negroni] Started GET /queue/71128f4e35fa08d1c1fc0f7dc9925957
[negroni] Completed 200 OK in 94.754µs
[negroni] Started GET /queue/71128f4e35fa08d1c1fc0f7dc9925957
[negroni] Completed 200 OK in 61.923µs
[negroni] Started GET /queue/71128f4e35fa08d1c1fc0f7dc9925957
[negroni] Completed 200 OK in 76.748µs
[negroni] Started GET /queue/71128f4e35fa08d1c1fc0f7dc9925957
[negroni] Completed 200 OK in 160.933µs
[negroni] Started GET /queue/71128f4e35fa08d1c1fc0f7dc9925957
[negroni] Completed 200 OK in 161.537µs
[negroni] Started GET /queue/71128f4e35fa08d1c1fc0f7dc9925957
[negroni] Completed 200 OK in 113.735µs
[negroni] Started GET /queue/71128f4e35fa08d1c1fc0f7dc9925957
[negroni] Completed 200 OK in 82.651µs
[negroni] Started GET /queue/71128f4e35fa08d1c1fc0f7dc9925957
[negroni] Completed 200 OK in 104.27µs
[negroni] Started GET /queue/71128f4e35fa08d1c1fc0f7dc9925957
[negroni] Completed 200 OK in 116.605µs
[negroni] Started GET /queue/71128f4e35fa08d1c1fc0f7dc9925957
[negroni] Completed 200 OK in 158.752µs
[negroni] Started GET /queue/71128f4e35fa08d1c1fc0f7dc9925957
[negroni] Completed 200 OK in 203.289µs
[negroni] Started GET /queue/71128f4e35fa08d1c1fc0f7dc9925957
[negroni] Completed 200 OK in 63.223µs
[negroni] Started GET /queue/71128f4e35fa08d1c1fc0f7dc9925957
[negroni] Completed 200 OK in 210.231µs
[negroni] Started GET /queue/71128f4e35fa08d1c1fc0f7dc9925957
[negroni] Completed 200 OK in 94.28µs
[negroni] Started GET /queue/71128f4e35fa08d1c1fc0f7dc9925957
[negroni] Completed 200 OK in 73.971µs
[negroni] Started GET /queue/71128f4e35fa08d1c1fc0f7dc9925957
[negroni] Completed 200 OK in 170.266µs
[negroni] Started GET /queue/71128f4e35fa08d1c1fc0f7dc9925957
[negroni] Completed 200 OK in 116.612µs
[negroni] Started GET /queue/71128f4e35fa08d1c1fc0f7dc9925957
[negroni] Completed 200 OK in 78.016µs
[negroni] Started GET /queue/71128f4e35fa08d1c1fc0f7dc9925957
[negroni] Completed 200 OK in 89.472µs
[negroni] Started GET /queue/71128f4e35fa08d1c1fc0f7dc9925957
[negroni] Completed 200 OK in 112.506µs
[negroni] Started GET /queue/71128f4e35fa08d1c1fc0f7dc9925957
[negroni] Completed 200 OK in 66.576µs
[negroni] Started GET /queue/71128f4e35fa08d1c1fc0f7dc9925957
[negroni] Completed 200 OK in 109.962µs
[negroni] Started GET /queue/71128f4e35fa08d1c1fc0f7dc9925957
[negroni] Completed 200 OK in 76.156µs
[negroni] Started GET /queue/71128f4e35fa08d1c1fc0f7dc9925957
[negroni] Completed 200 OK in 61.155µs
[negroni] Started GET /queue/71128f4e35fa08d1c1fc0f7dc9925957
[negroni] Completed 200 OK in 112.472µs
[negroni] Started GET /queue/71128f4e35fa08d1c1fc0f7dc9925957
[negroni] Completed 200 OK in 95.404µs
[negroni] Started GET /queue/71128f4e35fa08d1c1fc0f7dc9925957
[negroni] Completed 200 OK in 172.25µs
[negroni] Started GET /queue/71128f4e35fa08d1c1fc0f7dc9925957
[negroni] Completed 200 OK in 108.556µs
[negroni] Started GET /queue/71128f4e35fa08d1c1fc0f7dc9925957
[negroni] Completed 200 OK in 130.836µs
[negroni] Started GET /queue/71128f4e35fa08d1c1fc0f7dc9925957
[negroni] Completed 200 OK in 201.226µs
[negroni] Started GET /queue/71128f4e35fa08d1c1fc0f7dc9925957
[negroni] Completed 200 OK in 129.801µs
[negroni] Started GET /queue/71128f4e35fa08d1c1fc0f7dc9925957
[negroni] Completed 200 OK in 339.432µs
[negroni] Started GET /queue/71128f4e35fa08d1c1fc0f7dc9925957
[negroni] Completed 200 OK in 105.835µs
[negroni] Started GET /queue/71128f4e35fa08d1c1fc0f7dc9925957
[negroni] Completed 200 OK in 242.127µs
[negroni] Started GET /queue/71128f4e35fa08d1c1fc0f7dc9925957
[negroni] Completed 200 OK in 76.917µs
[negroni] Started GET /queue/71128f4e35fa08d1c1fc0f7dc9925957
[negroni] Completed 200 OK in 73.518µs
[negroni] Started GET /queue/71128f4e35fa08d1c1fc0f7dc9925957
[negroni] Completed 200 OK in 102.571µs
[negroni] Started GET /queue/71128f4e35fa08d1c1fc0f7dc9925957
[negroni] Completed 200 OK in 109.572µs
[negroni] Started GET /queue/71128f4e35fa08d1c1fc0f7dc9925957
[negroni] Completed 200 OK in 130.825µs
[negroni] Started GET /queue/71128f4e35fa08d1c1fc0f7dc9925957
[negroni] Completed 200 OK in 74.907µs
[negroni] Started GET /queue/71128f4e35fa08d1c1fc0f7dc9925957
[negroni] Completed 200 OK in 187.295µs
[negroni] Started GET /queue/71128f4e35fa08d1c1fc0f7dc9925957
[negroni] Completed 200 OK in 60.426µs
[negroni] Started GET /queue/71128f4e35fa08d1c1fc0f7dc9925957
[negroni] Completed 200 OK in 124.767µs
[negroni] Started GET /queue/71128f4e35fa08d1c1fc0f7dc9925957
[negroni] Completed 200 OK in 184.65µs
[negroni] Started GET /queue/71128f4e35fa08d1c1fc0f7dc9925957
[negroni] Completed 200 OK in 94.447µs
[negroni] Started GET /queue/71128f4e35fa08d1c1fc0f7dc9925957
[negroni] Completed 200 OK in 155.492µs
[negroni] Started GET /queue/71128f4e35fa08d1c1fc0f7dc9925957
[negroni] Completed 200 OK in 81.053µs
[negroni] Started GET /queue/71128f4e35fa08d1c1fc0f7dc9925957
[negroni] Completed 200 OK in 161.053µs
[negroni] Started GET /queue/71128f4e35fa08d1c1fc0f7dc9925957
[negroni] Completed 200 OK in 79.681µs
[negroni] Started GET /queue/71128f4e35fa08d1c1fc0f7dc9925957
[negroni] Completed 200 OK in 264.901µs
[negroni] Started GET /queue/71128f4e35fa08d1c1fc0f7dc9925957
[negroni] Completed 200 OK in 99.91µs
[negroni] Started GET /queue/71128f4e35fa08d1c1fc0f7dc9925957
[negroni] Completed 200 OK in 87.376µs
[negroni] Started GET /queue/71128f4e35fa08d1c1fc0f7dc9925957
[negroni] Completed 200 OK in 87.143µs
[negroni] Started GET /queue/71128f4e35fa08d1c1fc0f7dc9925957
[negroni] Completed 200 OK in 52.831µs
[negroni] Started GET /queue/71128f4e35fa08d1c1fc0f7dc9925957
[negroni] Completed 200 OK in 372.924µs
[negroni] Started GET /queue/71128f4e35fa08d1c1fc0f7dc9925957
[negroni] Completed 200 OK in 158.205µs
[negroni] Started GET /queue/71128f4e35fa08d1c1fc0f7dc9925957
[negroni] Completed 200 OK in 171.64µs
[sshexec] WARNING 2017/04/27 02:38:21 Failed to create SSH connection to 192.168.48.12:22: dial tcp 192.168.48.12:22: getsockopt: connection timed out
[negroni] Started GET /queue/71128f4e35fa08d1c1fc0f7dc9925957
[negroni] Completed 200 OK in 85.349µs
[negroni] Started GET /queue/71128f4e35fa08d1c1fc0f7dc9925957
[negroni] Completed 200 OK in 69.501µs
[negroni] Started GET /queue/71128f4e35fa08d1c1fc0f7dc9925957
[negroni] Completed 200 OK in 86.377µs
[negroni] Started GET /queue/71128f4e35fa08d1c1fc0f7dc9925957
[negroni] Completed 200 OK in 108.678µs
[negroni] Started GET /queue/71128f4e35fa08d1c1fc0f7dc9925957
[negroni] Completed 200 OK in 89.624µs
[negroni] Started GET /queue/71128f4e35fa08d1c1fc0f7dc9925957
[negroni] Completed 200 OK in 106.798µs
[negroni] Started GET /queue/71128f4e35fa08d1c1fc0f7dc9925957
[negroni] Completed 200 OK in 131.535µs
[negroni] Started GET /queue/71128f4e35fa08d1c1fc0f7dc9925957
[negroni] Completed 200 OK in 131.852µs
[negroni] Started GET /queue/71128f4e35fa08d1c1fc0f7dc9925957
[negroni] Completed 200 OK in 179.317µs
[negroni] Started GET /queue/71128f4e35fa08d1c1fc0f7dc9925957
[negroni] Completed 200 OK in 103.475µs
[negroni] Started GET /queue/71128f4e35fa08d1c1fc0f7dc9925957
[negroni] Completed 200 OK in 65.146µs
[negroni] Started GET /queue/71128f4e35fa08d1c1fc0f7dc9925957
[negroni] Completed 200 OK in 52.483µs
[negroni] Started GET /queue/71128f4e35fa08d1c1fc0f7dc9925957
[negroni] Completed 200 OK in 125.878µs
[negroni] Started GET /queue/71128f4e35fa08d1c1fc0f7dc9925957
[negroni] Completed 200 OK in 114.931µs
[negroni] Started GET /queue/71128f4e35fa08d1c1fc0f7dc9925957
[negroni] Completed 200 OK in 60.484µs
[negroni] Started GET /queue/71128f4e35fa08d1c1fc0f7dc9925957
[negroni] Completed 200 OK in 58.749µs
[negroni] Started GET /queue/71128f4e35fa08d1c1fc0f7dc9925957
[negroni] Completed 200 OK in 87.336µs
[negroni] Started GET /queue/71128f4e35fa08d1c1fc0f7dc9925957
[negroni] Completed 200 OK in 226.947µs
[negroni] Started GET /queue/71128f4e35fa08d1c1fc0f7dc9925957
[negroni] Completed 200 OK in 219.372µs
[negroni] Started GET /queue/71128f4e35fa08d1c1fc0f7dc9925957
[negroni] Completed 200 OK in 55.109µs
[negroni] Started GET /queue/71128f4e35fa08d1c1fc0f7dc9925957
[negroni] Completed 200 OK in 191.936µs
[negroni] Started GET /queue/71128f4e35fa08d1c1fc0f7dc9925957
[negroni] Completed 200 OK in 278.44µs
[negroni] Started GET /queue/71128f4e35fa08d1c1fc0f7dc9925957
[negroni] Completed 200 OK in 93.562µs
[negroni] Started GET /queue/71128f4e35fa08d1c1fc0f7dc9925957
[negroni] Completed 200 OK in 320.182µs
[negroni] Started GET /queue/71128f4e35fa08d1c1fc0f7dc9925957
[negroni] Completed 200 OK in 130.891µs
[negroni] Started GET /queue/71128f4e35fa08d1c1fc0f7dc9925957
[negroni] Completed 200 OK in 136.72µs
[negroni] Started GET /queue/71128f4e35fa08d1c1fc0f7dc9925957
[negroni] Completed 200 OK in 226.154µs
[negroni] Started GET /queue/71128f4e35fa08d1c1fc0f7dc9925957
[negroni] Completed 200 OK in 72.548µs
[negroni] Started GET /queue/71128f4e35fa08d1c1fc0f7dc9925957
[negroni] Completed 200 OK in 72.598µs
[negroni] Started GET /queue/71128f4e35fa08d1c1fc0f7dc9925957
[negroni] Completed 200 OK in 408.596µs
[negroni] Started GET /queue/71128f4e35fa08d1c1fc0f7dc9925957
[negroni] Completed 200 OK in 202.969µs
[negroni] Started GET /queue/71128f4e35fa08d1c1fc0f7dc9925957
[negroni] Completed 200 OK in 146.886µs
[negroni] Started GET /queue/71128f4e35fa08d1c1fc0f7dc9925957
[negroni] Completed 200 OK in 85.97µs
[negroni] Started GET /queue/71128f4e35fa08d1c1fc0f7dc9925957
[negroni] Completed 200 OK in 114.517µs
[negroni] Started GET /queue/71128f4e35fa08d1c1fc0f7dc9925957
[negroni] Completed 200 OK in 296.74µs
[negroni] Started GET /queue/71128f4e35fa08d1c1fc0f7dc9925957
[negroni] Completed 200 OK in 116.361µs
[negroni] Started GET /queue/71128f4e35fa08d1c1fc0f7dc9925957
[negroni] Completed 200 OK in 68.69µs
[negroni] Started GET /queue/71128f4e35fa08d1c1fc0f7dc9925957
[negroni] Completed 200 OK in 74.571µs
[negroni] Started GET /queue/71128f4e35fa08d1c1fc0f7dc9925957
[negroni] Completed 200 OK in 122.406µs
[negroni] Started GET /queue/71128f4e35fa08d1c1fc0f7dc9925957
[negroni] Completed 200 OK in 104.784µs
[negroni] Started GET /queue/71128f4e35fa08d1c1fc0f7dc9925957
[negroni] Completed 200 OK in 148.588µs
[negroni] Started GET /queue/71128f4e35fa08d1c1fc0f7dc9925957
[negroni] Completed 200 OK in 111.971µs
[negroni] Started GET /queue/71128f4e35fa08d1c1fc0f7dc9925957
[negroni] Completed 200 OK in 72.521µs
[negroni] Started GET /queue/71128f4e35fa08d1c1fc0f7dc9925957
[negroni] Completed 200 OK in 220.53µs
[negroni] Started GET /queue/71128f4e35fa08d1c1fc0f7dc9925957
[negroni] Completed 200 OK in 67.556µs
[negroni] Started GET /queue/71128f4e35fa08d1c1fc0f7dc9925957
[negroni] Completed 200 OK in 59.839µs
[negroni] Started GET /queue/71128f4e35fa08d1c1fc0f7dc9925957
[negroni] Completed 200 OK in 114.579µs
[negroni] Started GET /queue/71128f4e35fa08d1c1fc0f7dc9925957
[negroni] Completed 200 OK in 53.888µs
[negroni] Started GET /queue/71128f4e35fa08d1c1fc0f7dc9925957
[negroni] Completed 200 OK in 67.376µs
[negroni] Started GET /queue/71128f4e35fa08d1c1fc0f7dc9925957
[negroni] Completed 200 OK in 129.876µs
[negroni] Started GET /queue/71128f4e35fa08d1c1fc0f7dc9925957
[negroni] Completed 200 OK in 70.732µs
[negroni] Started GET /queue/71128f4e35fa08d1c1fc0f7dc9925957
[negroni] Completed 200 OK in 361.964µs
[negroni] Started GET /queue/71128f4e35fa08d1c1fc0f7dc9925957
[negroni] Completed 200 OK in 70.44µs
[negroni] Started GET /queue/71128f4e35fa08d1c1fc0f7dc9925957
[negroni] Completed 200 OK in 201.124µs
[negroni] Started GET /queue/71128f4e35fa08d1c1fc0f7dc9925957
[negroni] Completed 200 OK in 103.671µs
[negroni] Started GET /queue/71128f4e35fa08d1c1fc0f7dc9925957
[negroni] Completed 200 OK in 100.865µs
[negroni] Started GET /queue/71128f4e35fa08d1c1fc0f7dc9925957
[negroni] Completed 200 OK in 126.802µs
[negroni] Started GET /queue/71128f4e35fa08d1c1fc0f7dc9925957
[negroni] Completed 200 OK in 214.358µs
[negroni] Started GET /queue/71128f4e35fa08d1c1fc0f7dc9925957
[negroni] Completed 200 OK in 60.544µs
[negroni] Started GET /queue/71128f4e35fa08d1c1fc0f7dc9925957
[negroni] Completed 200 OK in 113.867µs
[negroni] Started GET /queue/71128f4e35fa08d1c1fc0f7dc9925957
[negroni] Completed 200 OK in 79.94µs
[negroni] Started GET /queue/71128f4e35fa08d1c1fc0f7dc9925957
[negroni] Completed 200 OK in 90.671µs
[negroni] Started GET /queue/71128f4e35fa08d1c1fc0f7dc9925957
[negroni] Completed 200 OK in 208.03µs
[negroni] Started GET /queue/71128f4e35fa08d1c1fc0f7dc9925957
[negroni] Completed 200 OK in 65.133µs
[negroni] Started GET /queue/71128f4e35fa08d1c1fc0f7dc9925957
[negroni] Completed 200 OK in 113.344µs
[negroni] Started GET /queue/71128f4e35fa08d1c1fc0f7dc9925957
[negroni] Completed 200 OK in 91.483µs
[negroni] Started GET /queue/71128f4e35fa08d1c1fc0f7dc9925957
[negroni] Completed 200 OK in 75.502µs
[negroni] Started GET /queue/71128f4e35fa08d1c1fc0f7dc9925957
[negroni] Completed 200 OK in 80.673µs
[negroni] Started GET /queue/71128f4e35fa08d1c1fc0f7dc9925957
[negroni] Completed 200 OK in 95.933µs
[negroni] Started GET /queue/71128f4e35fa08d1c1fc0f7dc9925957
[negroni] Completed 200 OK in 138.506µs
[negroni] Started GET /queue/71128f4e35fa08d1c1fc0f7dc9925957
[negroni] Completed 200 OK in 80.475µs
[negroni] Started GET /queue/71128f4e35fa08d1c1fc0f7dc9925957
[negroni] Completed 200 OK in 55.915µs
[negroni] Started GET /queue/71128f4e35fa08d1c1fc0f7dc9925957
[negroni] Completed 200 OK in 93.47µs
[negroni] Started GET /queue/71128f4e35fa08d1c1fc0f7dc9925957
[negroni] Completed 200 OK in 92.465µs
[negroni] Started GET /queue/71128f4e35fa08d1c1fc0f7dc9925957
[negroni] Completed 200 OK in 173.142µs
[negroni] Started GET /queue/71128f4e35fa08d1c1fc0f7dc9925957
[negroni] Completed 200 OK in 56.406µs
[negroni] Started GET /queue/71128f4e35fa08d1c1fc0f7dc9925957
[negroni] Completed 200 OK in 78.438µs
[negroni] Started GET /queue/71128f4e35fa08d1c1fc0f7dc9925957
[negroni] Completed 200 OK in 206.205µs
[negroni] Started GET /queue/71128f4e35fa08d1c1fc0f7dc9925957
[negroni] Completed 200 OK in 65.542µs
[negroni] Started GET /queue/71128f4e35fa08d1c1fc0f7dc9925957
[negroni] Completed 200 OK in 64.482µs
[negroni] Started GET /queue/71128f4e35fa08d1c1fc0f7dc9925957
[negroni] Completed 200 OK in 240.09µs
[negroni] Started GET /queue/71128f4e35fa08d1c1fc0f7dc9925957
[negroni] Completed 200 OK in 280.803µs
[negroni] Started GET /queue/71128f4e35fa08d1c1fc0f7dc9925957
[negroni] Completed 200 OK in 328.858µs
[negroni] Started GET /queue/71128f4e35fa08d1c1fc0f7dc9925957
[negroni] Completed 200 OK in 50.797µs
[negroni] Started GET /queue/71128f4e35fa08d1c1fc0f7dc9925957
[negroni] Completed 200 OK in 74.599µs
[negroni] Started GET /queue/71128f4e35fa08d1c1fc0f7dc9925957
[negroni] Completed 200 OK in 251.56µs
[negroni] Started GET /queue/71128f4e35fa08d1c1fc0f7dc9925957
[negroni] Completed 200 OK in 100.138µs
[negroni] Started GET /queue/71128f4e35fa08d1c1fc0f7dc9925957
[negroni] Completed 200 OK in 345.68µs
[negroni] Started GET /queue/71128f4e35fa08d1c1fc0f7dc9925957
[negroni] Completed 200 OK in 81.63µs
[negroni] Started GET /queue/71128f4e35fa08d1c1fc0f7dc9925957
[negroni] Completed 200 OK in 95.43µs
[negroni] Started GET /queue/71128f4e35fa08d1c1fc0f7dc9925957
[negroni] Completed 200 OK in 101.193µs
[negroni] Started GET /queue/71128f4e35fa08d1c1fc0f7dc9925957
[negroni] Completed 200 OK in 139.477µs
[negroni] Started GET /queue/71128f4e35fa08d1c1fc0f7dc9925957
[negroni] Completed 200 OK in 84.603µs
[negroni] Started GET /queue/71128f4e35fa08d1c1fc0f7dc9925957
[negroni] Completed 200 OK in 109.403µs
[negroni] Started GET /queue/71128f4e35fa08d1c1fc0f7dc9925957
[negroni] Completed 200 OK in 141.349µs
[negroni] Started GET /queue/71128f4e35fa08d1c1fc0f7dc9925957
[negroni] Completed 200 OK in 70.184µs
[negroni] Started GET /queue/71128f4e35fa08d1c1fc0f7dc9925957
[negroni] Completed 200 OK in 91.21µs
[negroni] Started GET /queue/71128f4e35fa08d1c1fc0f7dc9925957
[negroni] Completed 200 OK in 79.059µs
[negroni] Started GET /queue/71128f4e35fa08d1c1fc0f7dc9925957
[negroni] Completed 200 OK in 128.233µs
[negroni] Started GET /queue/71128f4e35fa08d1c1fc0f7dc9925957
[negroni] Completed 200 OK in 79.88µs
[negroni] Started GET /queue/71128f4e35fa08d1c1fc0f7dc9925957
[negroni] Completed 200 OK in 78.785µs
[negroni] Started GET /queue/71128f4e35fa08d1c1fc0f7dc9925957
[negroni] Completed 200 OK in 105.281µs
[negroni] Started GET /queue/71128f4e35fa08d1c1fc0f7dc9925957
[negroni] Completed 200 OK in 298.201µs
[negroni] Started GET /queue/71128f4e35fa08d1c1fc0f7dc9925957
[negroni] Completed 200 OK in 108.466µs
[negroni] Started GET /queue/71128f4e35fa08d1c1fc0f7dc9925957
[negroni] Completed 200 OK in 107.372µs
[negroni] Started GET /queue/71128f4e35fa08d1c1fc0f7dc9925957
[negroni] Completed 200 OK in 113.53µs
[negroni] Started GET /queue/71128f4e35fa08d1c1fc0f7dc9925957
[negroni] Completed 200 OK in 93.322µs
[negroni] Started GET /queue/71128f4e35fa08d1c1fc0f7dc9925957
[negroni] Completed 200 OK in 646.69µs
[negroni] Started GET /queue/71128f4e35fa08d1c1fc0f7dc9925957
[negroni] Completed 200 OK in 80.484µs
[negroni] Started GET /queue/71128f4e35fa08d1c1fc0f7dc9925957
[negroni] Completed 200 OK in 330.787µs
[negroni] Started GET /queue/71128f4e35fa08d1c1fc0f7dc9925957
[negroni] Completed 200 OK in 73.774µs
[negroni] Started GET /queue/71128f4e35fa08d1c1fc0f7dc9925957
[negroni] Completed 200 OK in 56.967µs
[negroni] Started GET /queue/71128f4e35fa08d1c1fc0f7dc9925957
[negroni] Completed 200 OK in 197.389µs
[negroni] Started GET /queue/71128f4e35fa08d1c1fc0f7dc9925957
[negroni] Completed 200 OK in 100.624µs
[negroni] Started GET /queue/71128f4e35fa08d1c1fc0f7dc9925957
[negroni] Completed 200 OK in 73.894µs
[negroni] Started GET /queue/71128f4e35fa08d1c1fc0f7dc9925957
[negroni] Completed 200 OK in 95.145µs
[negroni] Started GET /queue/71128f4e35fa08d1c1fc0f7dc9925957
[negroni] Completed 200 OK in 91.717µs
[negroni] Started GET /queue/71128f4e35fa08d1c1fc0f7dc9925957
[negroni] Completed 200 OK in 102.669µs
[negroni] Started GET /queue/71128f4e35fa08d1c1fc0f7dc9925957
[negroni] Completed 200 OK in 96.394µs
[negroni] Started GET /queue/71128f4e35fa08d1c1fc0f7dc9925957
[negroni] Completed 200 OK in 55.994µs
[negroni] Started GET /queue/71128f4e35fa08d1c1fc0f7dc9925957
[negroni] Completed 200 OK in 91.043µs
[negroni] Started GET /queue/71128f4e35fa08d1c1fc0f7dc9925957
[negroni] Completed 200 OK in 136.864µs
[negroni] Started GET /queue/71128f4e35fa08d1c1fc0f7dc9925957
[negroni] Completed 200 OK in 102.771µs
[negroni] Started GET /queue/71128f4e35fa08d1c1fc0f7dc9925957
[negroni] Completed 200 OK in 83.725µs
[negroni] Started GET /queue/71128f4e35fa08d1c1fc0f7dc9925957
[negroni] Completed 200 OK in 68.862µs
[negroni] Started GET /queue/71128f4e35fa08d1c1fc0f7dc9925957
[negroni] Completed 200 OK in 84.737µs
[negroni] Started GET /queue/71128f4e35fa08d1c1fc0f7dc9925957
[negroni] Completed 200 OK in 123.274µs
[sshexec] WARNING 2017/04/27 02:40:28 Failed to create SSH connection to 192.168.48.12:22: dial tcp 192.168.48.12:22: getsockopt: connection timed out
[sshexec] ERROR 2017/04/27 02:40:28 /src/github.com/heketi/heketi/executors/sshexec/brick.go:134: dial tcp 192.168.48.12:22: getsockopt: connection timed out
[negroni] Started GET /queue/71128f4e35fa08d1c1fc0f7dc9925957
[negroni] Completed 200 OK in 119.934µs
[negroni] Started GET /queue/71128f4e35fa08d1c1fc0f7dc9925957
[negroni] Completed 200 OK in 119.655µs
[negroni] Started GET /queue/71128f4e35fa08d1c1fc0f7dc9925957
[negroni] Completed 200 OK in 80.912µs
[negroni] Started GET /queue/71128f4e35fa08d1c1fc0f7dc9925957
[negroni] Completed 200 OK in 303.165µs
[negroni] Started GET /queue/71128f4e35fa08d1c1fc0f7dc9925957
[negroni] Completed 200 OK in 225.84µs
[negroni] Started GET /queue/71128f4e35fa08d1c1fc0f7dc9925957
[negroni] Completed 200 OK in 98.215µs
[negroni] Started GET /queue/71128f4e35fa08d1c1fc0f7dc9925957
[negroni] Completed 200 OK in 63.937µs
[negroni] Started GET /queue/71128f4e35fa08d1c1fc0f7dc9925957
[negroni] Completed 200 OK in 197.104µs
[negroni] Started GET /queue/71128f4e35fa08d1c1fc0f7dc9925957
[negroni] Completed 200 OK in 79.808µs
[negroni] Started GET /queue/71128f4e35fa08d1c1fc0f7dc9925957
[negroni] Completed 200 OK in 171.413µs
[negroni] Started GET /queue/71128f4e35fa08d1c1fc0f7dc9925957
[negroni] Completed 200 OK in 202.219µs
[negroni] Started GET /queue/71128f4e35fa08d1c1fc0f7dc9925957
[negroni] Completed 200 OK in 92.808µs
[negroni] Started GET /queue/71128f4e35fa08d1c1fc0f7dc9925957
[negroni] Completed 200 OK in 265.363µs
[negroni] Started GET /queue/71128f4e35fa08d1c1fc0f7dc9925957
[negroni] Completed 200 OK in 67.124µs
[negroni] Started GET /queue/71128f4e35fa08d1c1fc0f7dc9925957
[negroni] Completed 200 OK in 99.338µs
[negroni] Started GET /queue/71128f4e35fa08d1c1fc0f7dc9925957
[negroni] Completed 200 OK in 302.905µs
[negroni] Started GET /queue/71128f4e35fa08d1c1fc0f7dc9925957
[negroni] Completed 200 OK in 105.69µs
[negroni] Started GET /queue/71128f4e35fa08d1c1fc0f7dc9925957
[negroni] Completed 200 OK in 183.175µs
[negroni] Started GET /queue/71128f4e35fa08d1c1fc0f7dc9925957
[negroni] Completed 200 OK in 73.572µs
[negroni] Started GET /queue/71128f4e35fa08d1c1fc0f7dc9925957
[negroni] Completed 200 OK in 56.795µs
[negroni] Started GET /queue/71128f4e35fa08d1c1fc0f7dc9925957
[negroni] Completed 200 OK in 79.913µs
[negroni] Started GET /queue/71128f4e35fa08d1c1fc0f7dc9925957
[negroni] Completed 200 OK in 76.939µs
[negroni] Started GET /queue/71128f4e35fa08d1c1fc0f7dc9925957
[negroni] Completed 200 OK in 317.11µs
[negroni] Started GET /queue/71128f4e35fa08d1c1fc0f7dc9925957
[negroni] Completed 200 OK in 99.366µs
[negroni] Started GET /queue/71128f4e35fa08d1c1fc0f7dc9925957
[negroni] Completed 200 OK in 73.817µs
[negroni] Started GET /queue/71128f4e35fa08d1c1fc0f7dc9925957
[negroni] Completed 200 OK in 112.741µs
[negroni] Started GET /queue/71128f4e35fa08d1c1fc0f7dc9925957
[negroni] Completed 200 OK in 302.617µs
[negroni] Started GET /queue/71128f4e35fa08d1c1fc0f7dc9925957
[negroni] Completed 200 OK in 192.627µs
[negroni] Started GET /queue/71128f4e35fa08d1c1fc0f7dc9925957
[negroni] Completed 200 OK in 63.088µs
[negroni] Started GET /queue/71128f4e35fa08d1c1fc0f7dc9925957
[negroni] Completed 200 OK in 99.287µs
[negroni] Started GET /queue/71128f4e35fa08d1c1fc0f7dc9925957
[negroni] Completed 200 OK in 68.032µs
[negroni] Started GET /queue/71128f4e35fa08d1c1fc0f7dc9925957
[negroni] Completed 200 OK in 203.889µs
[negroni] Started GET /queue/71128f4e35fa08d1c1fc0f7dc9925957
[negroni] Completed 200 OK in 135.094µs
[negroni] Started GET /queue/71128f4e35fa08d1c1fc0f7dc9925957
[negroni] Completed 200 OK in 60.305µs
[negroni] Started GET /queue/71128f4e35fa08d1c1fc0f7dc9925957
[negroni] Completed 200 OK in 302.641µs
[negroni] Started GET /queue/71128f4e35fa08d1c1fc0f7dc9925957
[negroni] Completed 200 OK in 173.03µs
[negroni] Started GET /queue/71128f4e35fa08d1c1fc0f7dc9925957
[negroni] Completed 200 OK in 114.119µs
[negroni] Started GET /queue/71128f4e35fa08d1c1fc0f7dc9925957
[negroni] Completed 200 OK in 76.931µs
[negroni] Started GET /queue/71128f4e35fa08d1c1fc0f7dc9925957
[negroni] Completed 200 OK in 96.428µs
[negroni] Started GET /queue/71128f4e35fa08d1c1fc0f7dc9925957
[negroni] Completed 200 OK in 87.453µs
[negroni] Started GET /queue/71128f4e35fa08d1c1fc0f7dc9925957
[negroni] Completed 200 OK in 224.292µs
[negroni] Started GET /queue/71128f4e35fa08d1c1fc0f7dc9925957
[negroni] Completed 200 OK in 159.656µs
[negroni] Started GET /queue/71128f4e35fa08d1c1fc0f7dc9925957
[negroni] Completed 200 OK in 67.635µs
[negroni] Started GET /queue/71128f4e35fa08d1c1fc0f7dc9925957
[negroni] Completed 200 OK in 157.966µs
[negroni] Started GET /queue/71128f4e35fa08d1c1fc0f7dc9925957
[negroni] Completed 200 OK in 881.568µs
[negroni] Started GET /queue/71128f4e35fa08d1c1fc0f7dc9925957
[negroni] Completed 200 OK in 185.297µs
[negroni] Started GET /queue/71128f4e35fa08d1c1fc0f7dc9925957
[negroni] Completed 200 OK in 101.473µs
[negroni] Started GET /queue/71128f4e35fa08d1c1fc0f7dc9925957
[negroni] Completed 200 OK in 82.986µs
[negroni] Started GET /queue/71128f4e35fa08d1c1fc0f7dc9925957
[negroni] Completed 200 OK in 117.742µs
[negroni] Started GET /queue/71128f4e35fa08d1c1fc0f7dc9925957
[negroni] Completed 200 OK in 218.024µs
[negroni] Started GET /queue/71128f4e35fa08d1c1fc0f7dc9925957
[negroni] Completed 200 OK in 92.672µs
[negroni] Started GET /queue/71128f4e35fa08d1c1fc0f7dc9925957
[negroni] Completed 200 OK in 102.923µs
[negroni] Started GET /queue/71128f4e35fa08d1c1fc0f7dc9925957
[negroni] Completed 200 OK in 56.7µs
[negroni] Started GET /queue/71128f4e35fa08d1c1fc0f7dc9925957
[negroni] Completed 200 OK in 77.644µs
[negroni] Started GET /queue/71128f4e35fa08d1c1fc0f7dc9925957
[negroni] Completed 200 OK in 60.668µs
[negroni] Started GET /queue/71128f4e35fa08d1c1fc0f7dc9925957
[negroni] Completed 200 OK in 58.651µs
[negroni] Started GET /queue/71128f4e35fa08d1c1fc0f7dc9925957
[negroni] Completed 200 OK in 131.491µs
[negroni] Started GET /queue/71128f4e35fa08d1c1fc0f7dc9925957
[negroni] Completed 200 OK in 53.594µs
[negroni] Started GET /queue/71128f4e35fa08d1c1fc0f7dc9925957
[negroni] Completed 200 OK in 66.463µs
[negroni] Started GET /queue/71128f4e35fa08d1c1fc0f7dc9925957
[negroni] Completed 200 OK in 75.581µs
[negroni] Started GET /queue/71128f4e35fa08d1c1fc0f7dc9925957
[negroni] Completed 200 OK in 224.732µs
[negroni] Started GET /queue/71128f4e35fa08d1c1fc0f7dc9925957
[negroni] Completed 200 OK in 80.225µs
[negroni] Started GET /queue/71128f4e35fa08d1c1fc0f7dc9925957
[negroni] Completed 200 OK in 93.526µs
[negroni] Started GET /queue/71128f4e35fa08d1c1fc0f7dc9925957
[negroni] Completed 200 OK in 124.932µs
[negroni] Started GET /queue/71128f4e35fa08d1c1fc0f7dc9925957
[negroni] Completed 200 OK in 82.469µs
[negroni] Started GET /queue/71128f4e35fa08d1c1fc0f7dc9925957
[negroni] Completed 200 OK in 262.657µs
[negroni] Started GET /queue/71128f4e35fa08d1c1fc0f7dc9925957
[negroni] Completed 200 OK in 177.792µs
[negroni] Started GET /queue/71128f4e35fa08d1c1fc0f7dc9925957
[negroni] Completed 200 OK in 137.377µs
[negroni] Started GET /queue/71128f4e35fa08d1c1fc0f7dc9925957
[negroni] Completed 200 OK in 214.719µs
[negroni] Started GET /queue/71128f4e35fa08d1c1fc0f7dc9925957
[negroni] Completed 200 OK in 160.987µs
[negroni] Started GET /queue/71128f4e35fa08d1c1fc0f7dc9925957
[negroni] Completed 200 OK in 206.922µs
[negroni] Started GET /queue/71128f4e35fa08d1c1fc0f7dc9925957
[negroni] Completed 200 OK in 74.843µs
[negroni] Started GET /queue/71128f4e35fa08d1c1fc0f7dc9925957
[negroni] Completed 200 OK in 81.604µs
[negroni] Started GET /queue/71128f4e35fa08d1c1fc0f7dc9925957
[negroni] Completed 200 OK in 95.595µs
[negroni] Started GET /queue/71128f4e35fa08d1c1fc0f7dc9925957
[negroni] Completed 200 OK in 70.344µs
[negroni] Started GET /queue/71128f4e35fa08d1c1fc0f7dc9925957
[negroni] Completed 200 OK in 348.881µs
[negroni] Started GET /queue/71128f4e35fa08d1c1fc0f7dc9925957
[negroni] Completed 200 OK in 72.203µs
[negroni] Started GET /queue/71128f4e35fa08d1c1fc0f7dc9925957
[negroni] Completed 200 OK in 240.941µs
[negroni] Started GET /queue/71128f4e35fa08d1c1fc0f7dc9925957
[negroni] Completed 200 OK in 482.466µs
[negroni] Started GET /queue/71128f4e35fa08d1c1fc0f7dc9925957
[negroni] Completed 200 OK in 92.855µs
[negroni] Started GET /queue/71128f4e35fa08d1c1fc0f7dc9925957
[negroni] Completed 200 OK in 81.355µs
[negroni] Started GET /queue/71128f4e35fa08d1c1fc0f7dc9925957
[negroni] Completed 200 OK in 163.955µs
[negroni] Started GET /queue/71128f4e35fa08d1c1fc0f7dc9925957
[negroni] Completed 200 OK in 115.696µs
[negroni] Started GET /queue/71128f4e35fa08d1c1fc0f7dc9925957
[negroni] Completed 200 OK in 56.609µs
[negroni] Started GET /queue/71128f4e35fa08d1c1fc0f7dc9925957
[negroni] Completed 200 OK in 73.336µs
[negroni] Started GET /queue/71128f4e35fa08d1c1fc0f7dc9925957
[negroni] Completed 200 OK in 150.13µs
[negroni] Started GET /queue/71128f4e35fa08d1c1fc0f7dc9925957
[negroni] Completed 200 OK in 93.783µs
[negroni] Started GET /queue/71128f4e35fa08d1c1fc0f7dc9925957
[negroni] Completed 200 OK in 73.28µs
[negroni] Started GET /queue/71128f4e35fa08d1c1fc0f7dc9925957
[negroni] Completed 200 OK in 54.1µs
[negroni] Started GET /queue/71128f4e35fa08d1c1fc0f7dc9925957
[negroni] Completed 200 OK in 125.844µs
[negroni] Started GET /queue/71128f4e35fa08d1c1fc0f7dc9925957
[negroni] Completed 200 OK in 58.255µs
[negroni] Started GET /queue/71128f4e35fa08d1c1fc0f7dc9925957
[negroni] Completed 200 OK in 125.293µs
[negroni] Started GET /queue/71128f4e35fa08d1c1fc0f7dc9925957
[negroni] Completed 200 OK in 175.281µs
[negroni] Started GET /queue/71128f4e35fa08d1c1fc0f7dc9925957
[negroni] Completed 200 OK in 157.466µs
[negroni] Started GET /queue/71128f4e35fa08d1c1fc0f7dc9925957
[negroni] Completed 200 OK in 449.958µs
[negroni] Started GET /queue/71128f4e35fa08d1c1fc0f7dc9925957
[negroni] Completed 200 OK in 309.757µs
[negroni] Started GET /queue/71128f4e35fa08d1c1fc0f7dc9925957
[negroni] Completed 200 OK in 76.899µs
[negroni] Started GET /queue/71128f4e35fa08d1c1fc0f7dc9925957
[negroni] Completed 200 OK in 104.735µs
[negroni] Started GET /queue/71128f4e35fa08d1c1fc0f7dc9925957
[negroni] Completed 200 OK in 108.99µs
[negroni] Started GET /queue/71128f4e35fa08d1c1fc0f7dc9925957
[negroni] Completed 200 OK in 81.199µs
[negroni] Started GET /queue/71128f4e35fa08d1c1fc0f7dc9925957
[negroni] Completed 200 OK in 73.287µs
[negroni] Started GET /queue/71128f4e35fa08d1c1fc0f7dc9925957
[negroni] Completed 200 OK in 112.307µs
[negroni] Started GET /queue/71128f4e35fa08d1c1fc0f7dc9925957
[negroni] Completed 200 OK in 89.637µs
[negroni] Started GET /queue/71128f4e35fa08d1c1fc0f7dc9925957
[negroni] Completed 200 OK in 100.862µs
[negroni] Started GET /queue/71128f4e35fa08d1c1fc0f7dc9925957
[negroni] Completed 200 OK in 76.811µs
[negroni] Started GET /queue/71128f4e35fa08d1c1fc0f7dc9925957
[negroni] Completed 200 OK in 206.957µs
[negroni] Started GET /queue/71128f4e35fa08d1c1fc0f7dc9925957
[negroni] Completed 200 OK in 139.292µs
[negroni] Started GET /queue/71128f4e35fa08d1c1fc0f7dc9925957
[negroni] Completed 200 OK in 100.989µs
[negroni] Started GET /queue/71128f4e35fa08d1c1fc0f7dc9925957
[negroni] Completed 200 OK in 66.98µs
[negroni] Started GET /queue/71128f4e35fa08d1c1fc0f7dc9925957
[negroni] Completed 200 OK in 64.464µs
[negroni] Started GET /queue/71128f4e35fa08d1c1fc0f7dc9925957
[negroni] Completed 200 OK in 208.387µs
[negroni] Started GET /queue/71128f4e35fa08d1c1fc0f7dc9925957
[negroni] Completed 200 OK in 325.419µs
[negroni] Started GET /queue/71128f4e35fa08d1c1fc0f7dc9925957
[negroni] Completed 200 OK in 103.163µs
[negroni] Started GET /queue/71128f4e35fa08d1c1fc0f7dc9925957
[negroni] Completed 200 OK in 111.972µs
[negroni] Started GET /queue/71128f4e35fa08d1c1fc0f7dc9925957
[negroni] Completed 200 OK in 115.196µs
[negroni] Started GET /queue/71128f4e35fa08d1c1fc0f7dc9925957
[negroni] Completed 200 OK in 82.734µs
[negroni] Started GET /queue/71128f4e35fa08d1c1fc0f7dc9925957
[negroni] Completed 200 OK in 127.882µs
[negroni] Started GET /queue/71128f4e35fa08d1c1fc0f7dc9925957
[negroni] Completed 200 OK in 185.574µs
[negroni] Started GET /queue/71128f4e35fa08d1c1fc0f7dc9925957
[negroni] Completed 200 OK in 115.685µs
[negroni] Started GET /queue/71128f4e35fa08d1c1fc0f7dc9925957
[negroni] Completed 200 OK in 104.896µs
[negroni] Started GET /queue/71128f4e35fa08d1c1fc0f7dc9925957
[negroni] Completed 200 OK in 110.35µs
[negroni] Started GET /queue/71128f4e35fa08d1c1fc0f7dc9925957
[negroni] Completed 200 OK in 96.426µs
[negroni] Started GET /queue/71128f4e35fa08d1c1fc0f7dc9925957
[negroni] Completed 200 OK in 62.909µs
[negroni] Started GET /queue/71128f4e35fa08d1c1fc0f7dc9925957
[negroni] Completed 200 OK in 88.701µs
[negroni] Started GET /queue/71128f4e35fa08d1c1fc0f7dc9925957
[negroni] Completed 200 OK in 132.779µs
[negroni] Started GET /queue/71128f4e35fa08d1c1fc0f7dc9925957
[negroni] Completed 200 OK in 79.644µs
[negroni] Started GET /queue/71128f4e35fa08d1c1fc0f7dc9925957
[negroni] Completed 200 OK in 61.141µs
[sshexec] WARNING 2017/04/27 02:42:35 Failed to create SSH connection to 192.168.48.12:22: dial tcp 192.168.48.12:22: getsockopt: connection timed out
[sshexec] ERROR 2017/04/27 02:42:35 /src/github.com/heketi/heketi/executors/sshexec/brick.go:143: dial tcp 192.168.48.12:22: getsockopt: connection timed out
[negroni] Started GET /queue/71128f4e35fa08d1c1fc0f7dc9925957
[negroni] Completed 200 OK in 55.932µs
[negroni] Started GET /queue/71128f4e35fa08d1c1fc0f7dc9925957
[negroni] Completed 200 OK in 92.238µs
[negroni] Started GET /queue/71128f4e35fa08d1c1fc0f7dc9925957
[negroni] Completed 200 OK in 156.795µs
[negroni] Started GET /queue/71128f4e35fa08d1c1fc0f7dc9925957
[negroni] Completed 200 OK in 372.268µs
[negroni] Started GET /queue/71128f4e35fa08d1c1fc0f7dc9925957
[negroni] Completed 200 OK in 169.161µs
[negroni] Started GET /queue/71128f4e35fa08d1c1fc0f7dc9925957
[negroni] Completed 200 OK in 288.631µs
[negroni] Started GET /queue/71128f4e35fa08d1c1fc0f7dc9925957
[negroni] Completed 200 OK in 81.218µs
[negroni] Started GET /queue/71128f4e35fa08d1c1fc0f7dc9925957
[negroni] Completed 200 OK in 169.316µs
[negroni] Started GET /queue/71128f4e35fa08d1c1fc0f7dc9925957
[negroni] Completed 200 OK in 151.48µs
[negroni] Started GET /queue/71128f4e35fa08d1c1fc0f7dc9925957
[negroni] Completed 200 OK in 189.656µs
[negroni] Started GET /queue/71128f4e35fa08d1c1fc0f7dc9925957
[negroni] Completed 200 OK in 1.296707ms
[negroni] Started GET /queue/71128f4e35fa08d1c1fc0f7dc9925957
[negroni] Completed 200 OK in 71.133µs
[negroni] Started GET /queue/71128f4e35fa08d1c1fc0f7dc9925957
[negroni] Completed 200 OK in 120.813µs
[negroni] Started GET /queue/71128f4e35fa08d1c1fc0f7dc9925957
[negroni] Completed 200 OK in 178.225µs
[negroni] Started GET /queue/71128f4e35fa08d1c1fc0f7dc9925957
[negroni] Completed 200 OK in 65.031µs
[negroni] Started GET /queue/71128f4e35fa08d1c1fc0f7dc9925957
[negroni] Completed 200 OK in 177.637µs
[negroni] Started GET /queue/71128f4e35fa08d1c1fc0f7dc9925957
[negroni] Completed 200 OK in 80.923µs
[negroni] Started GET /queue/71128f4e35fa08d1c1fc0f7dc9925957
[negroni] Completed 200 OK in 59.261µs
[negroni] Started GET /queue/71128f4e35fa08d1c1fc0f7dc9925957
[negroni] Completed 200 OK in 146.787µs
[negroni] Started GET /queue/71128f4e35fa08d1c1fc0f7dc9925957
[negroni] Completed 200 OK in 97.042µs
[negroni] Started GET /queue/71128f4e35fa08d1c1fc0f7dc9925957
[negroni] Completed 200 OK in 94.249µs
[negroni] Started GET /queue/71128f4e35fa08d1c1fc0f7dc9925957
[negroni] Completed 200 OK in 119.827µs
[negroni] Started GET /queue/71128f4e35fa08d1c1fc0f7dc9925957
[negroni] Completed 200 OK in 89.395µs
[negroni] Started GET /queue/71128f4e35fa08d1c1fc0f7dc9925957
[negroni] Completed 200 OK in 78.376µs
[negroni] Started GET /queue/71128f4e35fa08d1c1fc0f7dc9925957
[negroni] Completed 200 OK in 127.621µs
[negroni] Started GET /queue/71128f4e35fa08d1c1fc0f7dc9925957
[negroni] Completed 200 OK in 177.89µs
[negroni] Started GET /queue/71128f4e35fa08d1c1fc0f7dc9925957
[negroni] Completed 200 OK in 191.843µs
[negroni] Started GET /queue/71128f4e35fa08d1c1fc0f7dc9925957
[negroni] Completed 200 OK in 132.458µs
[negroni] Started GET /queue/71128f4e35fa08d1c1fc0f7dc9925957
[negroni] Completed 200 OK in 67.223µs
[negroni] Started GET /queue/71128f4e35fa08d1c1fc0f7dc9925957
[negroni] Completed 200 OK in 108.974µs
[negroni] Started GET /queue/71128f4e35fa08d1c1fc0f7dc9925957
[negroni] Completed 200 OK in 118.948µs
[negroni] Started GET /queue/71128f4e35fa08d1c1fc0f7dc9925957
[negroni] Completed 200 OK in 66.536µs
[negroni] Started GET /queue/71128f4e35fa08d1c1fc0f7dc9925957
[negroni] Completed 200 OK in 92.074µs
[negroni] Started GET /queue/71128f4e35fa08d1c1fc0f7dc9925957
[negroni] Completed 200 OK in 390.823µs
[negroni] Started GET /queue/71128f4e35fa08d1c1fc0f7dc9925957
[negroni] Completed 200 OK in 141.21µs
[negroni] Started GET /queue/71128f4e35fa08d1c1fc0f7dc9925957
[negroni] Completed 200 OK in 115.605µs
[negroni] Started GET /queue/71128f4e35fa08d1c1fc0f7dc9925957
[negroni] Completed 200 OK in 112.147µs
[negroni] Started GET /queue/71128f4e35fa08d1c1fc0f7dc9925957
[negroni] Completed 200 OK in 379.244µs
[negroni] Started GET /queue/71128f4e35fa08d1c1fc0f7dc9925957
[negroni] Completed 200 OK in 78.104µs
[negroni] Started GET /queue/71128f4e35fa08d1c1fc0f7dc9925957
[negroni] Completed 200 OK in 85.386µs
[negroni] Started GET /queue/71128f4e35fa08d1c1fc0f7dc9925957
[negroni] Completed 200 OK in 269.667µs
[negroni] Started GET /queue/71128f4e35fa08d1c1fc0f7dc9925957
[negroni] Completed 200 OK in 106.857µs
[negroni] Started GET /queue/71128f4e35fa08d1c1fc0f7dc9925957
[negroni] Completed 200 OK in 139.721µs
[negroni] Started GET /queue/71128f4e35fa08d1c1fc0f7dc9925957
[negroni] Completed 200 OK in 336.876µs
[negroni] Started GET /queue/71128f4e35fa08d1c1fc0f7dc9925957
[negroni] Completed 200 OK in 68.518µs
[negroni] Started GET /queue/71128f4e35fa08d1c1fc0f7dc9925957
[negroni] Completed 200 OK in 166.202µs
[negroni] Started GET /queue/71128f4e35fa08d1c1fc0f7dc9925957
[negroni] Completed 200 OK in 60.714µs
[negroni] Started GET /queue/71128f4e35fa08d1c1fc0f7dc9925957
[negroni] Completed 200 OK in 86.894µs
[negroni] Started GET /queue/71128f4e35fa08d1c1fc0f7dc9925957
[negroni] Completed 200 OK in 87.491µs
[negroni] Started GET /queue/71128f4e35fa08d1c1fc0f7dc9925957
[negroni] Completed 200 OK in 60.411µs
[negroni] Started GET /queue/71128f4e35fa08d1c1fc0f7dc9925957
[negroni] Completed 200 OK in 60.074µs
[negroni] Started GET /queue/71128f4e35fa08d1c1fc0f7dc9925957
[negroni] Completed 200 OK in 507.291µs
[negroni] Started GET /queue/71128f4e35fa08d1c1fc0f7dc9925957
[negroni] Completed 200 OK in 102.787µs
[negroni] Started GET /queue/71128f4e35fa08d1c1fc0f7dc9925957
[negroni] Completed 200 OK in 78.565µs
[negroni] Started GET /queue/71128f4e35fa08d1c1fc0f7dc9925957
[negroni] Completed 200 OK in 101.162µs
[negroni] Started GET /queue/71128f4e35fa08d1c1fc0f7dc9925957
[negroni] Completed 200 OK in 141.308µs
[negroni] Started GET /queue/71128f4e35fa08d1c1fc0f7dc9925957
[negroni] Completed 200 OK in 161.959µs
[negroni] Started GET /queue/71128f4e35fa08d1c1fc0f7dc9925957
[negroni] Completed 200 OK in 101.121µs
[negroni] Started GET /queue/71128f4e35fa08d1c1fc0f7dc9925957
[negroni] Completed 200 OK in 129.859µs
[negroni] Started GET /queue/71128f4e35fa08d1c1fc0f7dc9925957
[negroni] Completed 200 OK in 130.099µs
[negroni] Started GET /queue/71128f4e35fa08d1c1fc0f7dc9925957
[negroni] Completed 200 OK in 139.2µs
[negroni] Started GET /queue/71128f4e35fa08d1c1fc0f7dc9925957
[negroni] Completed 200 OK in 110.66µs
[negroni] Started GET /queue/71128f4e35fa08d1c1fc0f7dc9925957
[negroni] Completed 200 OK in 67.367µs
[negroni] Started GET /queue/71128f4e35fa08d1c1fc0f7dc9925957
[negroni] Completed 200 OK in 54.075µs
[negroni] Started GET /queue/71128f4e35fa08d1c1fc0f7dc9925957
[negroni] Completed 200 OK in 186.885µs
[negroni] Started GET /queue/71128f4e35fa08d1c1fc0f7dc9925957
[negroni] Completed 200 OK in 85.303µs
[negroni] Started GET /queue/71128f4e35fa08d1c1fc0f7dc9925957
[negroni] Completed 200 OK in 83.207µs
[negroni] Started GET /queue/71128f4e35fa08d1c1fc0f7dc9925957
[negroni] Completed 200 OK in 110.838µs
[negroni] Started GET /queue/71128f4e35fa08d1c1fc0f7dc9925957
[negroni] Completed 200 OK in 77.22µs
[negroni] Started GET /queue/71128f4e35fa08d1c1fc0f7dc9925957
[negroni] Completed 200 OK in 350.456µs
[negroni] Started GET /queue/71128f4e35fa08d1c1fc0f7dc9925957
[negroni] Completed 200 OK in 86.988µs
[negroni] Started GET /queue/71128f4e35fa08d1c1fc0f7dc9925957
[negroni] Completed 200 OK in 121.371µs
[negroni] Started GET /queue/71128f4e35fa08d1c1fc0f7dc9925957
[negroni] Completed 200 OK in 93.648µs
[negroni] Started GET /queue/71128f4e35fa08d1c1fc0f7dc9925957
[negroni] Completed 200 OK in 67.719µs
[negroni] Started GET /queue/71128f4e35fa08d1c1fc0f7dc9925957
[negroni] Completed 200 OK in 93.374µs
[negroni] Started GET /queue/71128f4e35fa08d1c1fc0f7dc9925957
[negroni] Completed 200 OK in 152.516µs
[negroni] Started GET /queue/71128f4e35fa08d1c1fc0f7dc9925957
[negroni] Completed 200 OK in 79.672µs
[negroni] Started GET /queue/71128f4e35fa08d1c1fc0f7dc9925957
[negroni] Completed 200 OK in 82.994µs
[negroni] Started GET /queue/71128f4e35fa08d1c1fc0f7dc9925957
[negroni] Completed 200 OK in 118.133µs
[negroni] Started GET /queue/71128f4e35fa08d1c1fc0f7dc9925957
[negroni] Completed 200 OK in 108.065µs
[negroni] Started GET /queue/71128f4e35fa08d1c1fc0f7dc9925957
[negroni] Completed 200 OK in 117.695µs
[negroni] Started GET /queue/71128f4e35fa08d1c1fc0f7dc9925957
[negroni] Completed 200 OK in 96.431µs
[negroni] Started GET /queue/71128f4e35fa08d1c1fc0f7dc9925957
[negroni] Completed 200 OK in 93.864µs
[negroni] Started GET /queue/71128f4e35fa08d1c1fc0f7dc9925957
[negroni] Completed 200 OK in 277.191µs
[negroni] Started GET /queue/71128f4e35fa08d1c1fc0f7dc9925957
[negroni] Completed 200 OK in 93.763µs
[negroni] Started GET /queue/71128f4e35fa08d1c1fc0f7dc9925957
[negroni] Completed 200 OK in 87.72µs
[negroni] Started GET /queue/71128f4e35fa08d1c1fc0f7dc9925957
[negroni] Completed 200 OK in 139.586µs
[negroni] Started GET /queue/71128f4e35fa08d1c1fc0f7dc9925957
[negroni] Completed 200 OK in 72.723µs
[negroni] Started GET /queue/71128f4e35fa08d1c1fc0f7dc9925957
[negroni] Completed 200 OK in 87.814µs
[negroni] Started GET /queue/71128f4e35fa08d1c1fc0f7dc9925957
[negroni] Completed 200 OK in 53.85µs
[negroni] Started GET /queue/71128f4e35fa08d1c1fc0f7dc9925957
[negroni] Completed 200 OK in 58.309µs
[negroni] Started GET /queue/71128f4e35fa08d1c1fc0f7dc9925957
[negroni] Completed 200 OK in 133.75µs
[negroni] Started GET /queue/71128f4e35fa08d1c1fc0f7dc9925957
[negroni] Completed 200 OK in 75.086µs
[negroni] Started GET /queue/71128f4e35fa08d1c1fc0f7dc9925957
[negroni] Completed 200 OK in 110.441µs
[negroni] Started GET /queue/71128f4e35fa08d1c1fc0f7dc9925957
[negroni] Completed 200 OK in 51.397µs
[negroni] Started GET /queue/71128f4e35fa08d1c1fc0f7dc9925957
[negroni] Completed 200 OK in 70.066µs
[negroni] Started GET /queue/71128f4e35fa08d1c1fc0f7dc9925957
[negroni] Completed 200 OK in 122.396µs
[negroni] Started GET /queue/71128f4e35fa08d1c1fc0f7dc9925957
[negroni] Completed 200 OK in 314.729µs
[negroni] Started GET /queue/71128f4e35fa08d1c1fc0f7dc9925957
[negroni] Completed 200 OK in 86.123µs
[negroni] Started GET /queue/71128f4e35fa08d1c1fc0f7dc9925957
[negroni] Completed 200 OK in 152.966µs
[negroni] Started GET /queue/71128f4e35fa08d1c1fc0f7dc9925957
[negroni] Completed 200 OK in 101.624µs
[negroni] Started GET /queue/71128f4e35fa08d1c1fc0f7dc9925957
[negroni] Completed 200 OK in 100.507µs
[negroni] Started GET /queue/71128f4e35fa08d1c1fc0f7dc9925957
[negroni] Completed 200 OK in 69.837µs
[negroni] Started GET /queue/71128f4e35fa08d1c1fc0f7dc9925957
[negroni] Completed 200 OK in 62.167µs
[negroni] Started GET /queue/71128f4e35fa08d1c1fc0f7dc9925957
[negroni] Completed 200 OK in 136.76µs
[negroni] Started GET /queue/71128f4e35fa08d1c1fc0f7dc9925957
[negroni] Completed 200 OK in 95.685µs
[negroni] Started GET /queue/71128f4e35fa08d1c1fc0f7dc9925957
[negroni] Completed 200 OK in 316.603µs
[negroni] Started GET /queue/71128f4e35fa08d1c1fc0f7dc9925957
[negroni] Completed 200 OK in 109.731µs
[negroni] Started GET /queue/71128f4e35fa08d1c1fc0f7dc9925957
[negroni] Completed 200 OK in 116.006µs
[negroni] Started GET /queue/71128f4e35fa08d1c1fc0f7dc9925957
[negroni] Completed 200 OK in 143.467µs
[negroni] Started GET /queue/71128f4e35fa08d1c1fc0f7dc9925957
[negroni] Completed 200 OK in 153.924µs
[negroni] Started GET /queue/71128f4e35fa08d1c1fc0f7dc9925957
[negroni] Completed 200 OK in 111.5µs
[negroni] Started GET /queue/71128f4e35fa08d1c1fc0f7dc9925957
[negroni] Completed 200 OK in 72.373µs
[negroni] Started GET /queue/71128f4e35fa08d1c1fc0f7dc9925957
[negroni] Completed 200 OK in 119.315µs
[negroni] Started GET /queue/71128f4e35fa08d1c1fc0f7dc9925957
[negroni] Completed 200 OK in 88.324µs
[negroni] Started GET /queue/71128f4e35fa08d1c1fc0f7dc9925957
[negroni] Completed 200 OK in 225.644µs
[negroni] Started GET /queue/71128f4e35fa08d1c1fc0f7dc9925957
[negroni] Completed 200 OK in 104.97µs
[negroni] Started GET /queue/71128f4e35fa08d1c1fc0f7dc9925957
[negroni] Completed 200 OK in 67.323µs
[negroni] Started GET /queue/71128f4e35fa08d1c1fc0f7dc9925957
[negroni] Completed 200 OK in 55.71µs
[negroni] Started GET /queue/71128f4e35fa08d1c1fc0f7dc9925957
[negroni] Completed 200 OK in 90.757µs
[negroni] Started GET /queue/71128f4e35fa08d1c1fc0f7dc9925957
[negroni] Completed 200 OK in 95.456µs
[negroni] Started GET /queue/71128f4e35fa08d1c1fc0f7dc9925957
[negroni] Completed 200 OK in 84.818µs
[negroni] Started GET /queue/71128f4e35fa08d1c1fc0f7dc9925957
[negroni] Completed 200 OK in 60.063µs
[negroni] Started GET /queue/71128f4e35fa08d1c1fc0f7dc9925957
[negroni] Completed 200 OK in 68.416µs
[negroni] Started GET /queue/71128f4e35fa08d1c1fc0f7dc9925957
[negroni] Completed 200 OK in 90.665µs
[negroni] Started GET /queue/71128f4e35fa08d1c1fc0f7dc9925957
[negroni] Completed 200 OK in 510.015µs
[sshexec] WARNING 2017/04/27 02:44:42 Failed to create SSH connection to 192.168.48.12:22: dial tcp 192.168.48.12:22: getsockopt: connection timed out
[sshexec] ERROR 2017/04/27 02:44:42 /src/github.com/heketi/heketi/executors/sshexec/brick.go:152: dial tcp 192.168.48.12:22: getsockopt: connection timed out
[negroni] Started GET /queue/71128f4e35fa08d1c1fc0f7dc9925957
[negroni] Completed 200 OK in 76.957µs
[negroni] Started GET /queue/71128f4e35fa08d1c1fc0f7dc9925957
[negroni] Completed 200 OK in 91.287µs
[negroni] Started GET /queue/71128f4e35fa08d1c1fc0f7dc9925957
[negroni] Completed 200 OK in 107.312µs
[negroni] Started GET /queue/71128f4e35fa08d1c1fc0f7dc9925957
[negroni] Completed 200 OK in 225.187µs
[negroni] Started GET /queue/71128f4e35fa08d1c1fc0f7dc9925957
[negroni] Completed 200 OK in 116.887µs
[negroni] Started GET /queue/71128f4e35fa08d1c1fc0f7dc9925957
[negroni] Completed 200 OK in 166.827µs
[negroni] Started GET /queue/71128f4e35fa08d1c1fc0f7dc9925957
[negroni] Completed 200 OK in 63.831µs
[negroni] Started GET /queue/71128f4e35fa08d1c1fc0f7dc9925957
[negroni] Completed 200 OK in 119.858µs
[negroni] Started GET /queue/71128f4e35fa08d1c1fc0f7dc9925957
[negroni] Completed 200 OK in 99.299µs
[negroni] Started GET /queue/71128f4e35fa08d1c1fc0f7dc9925957
[negroni] Completed 200 OK in 168.049µs
[negroni] Started GET /queue/71128f4e35fa08d1c1fc0f7dc9925957
[negroni] Completed 200 OK in 69.022µs
[negroni] Started GET /queue/71128f4e35fa08d1c1fc0f7dc9925957
[negroni] Completed 200 OK in 195.132µs
[negroni] Started GET /queue/71128f4e35fa08d1c1fc0f7dc9925957
[negroni] Completed 200 OK in 90.577µs
[negroni] Started GET /queue/71128f4e35fa08d1c1fc0f7dc9925957
[negroni] Completed 200 OK in 74.039µs
[negroni] Started GET /queue/71128f4e35fa08d1c1fc0f7dc9925957
[negroni] Completed 200 OK in 66.564µs
[negroni] Started GET /queue/71128f4e35fa08d1c1fc0f7dc9925957
[negroni] Completed 200 OK in 93.935µs
[negroni] Started GET /queue/71128f4e35fa08d1c1fc0f7dc9925957
[negroni] Completed 200 OK in 82.371µs
[negroni] Started GET /queue/71128f4e35fa08d1c1fc0f7dc9925957
[negroni] Completed 200 OK in 119.181µs
[negroni] Started GET /queue/71128f4e35fa08d1c1fc0f7dc9925957
[negroni] Completed 200 OK in 251.104µs
[negroni] Started GET /queue/71128f4e35fa08d1c1fc0f7dc9925957
[negroni] Completed 200 OK in 77.622µs
[negroni] Started GET /queue/71128f4e35fa08d1c1fc0f7dc9925957
[negroni] Completed 200 OK in 103.062µs
[negroni] Started GET /queue/71128f4e35fa08d1c1fc0f7dc9925957
[negroni] Completed 200 OK in 103.371µs
[negroni] Started GET /queue/71128f4e35fa08d1c1fc0f7dc9925957
[negroni] Completed 200 OK in 114.994µs
[negroni] Started GET /queue/71128f4e35fa08d1c1fc0f7dc9925957
[negroni] Completed 200 OK in 126.318µs
[negroni] Started GET /queue/71128f4e35fa08d1c1fc0f7dc9925957
[negroni] Completed 200 OK in 60.724µs
[negroni] Started GET /queue/71128f4e35fa08d1c1fc0f7dc9925957
[negroni] Completed 200 OK in 90.222µs
[negroni] Started GET /queue/71128f4e35fa08d1c1fc0f7dc9925957
[negroni] Completed 200 OK in 336.633µs
[negroni] Started GET /queue/71128f4e35fa08d1c1fc0f7dc9925957
[negroni] Completed 200 OK in 146.595µs
[negroni] Started GET /queue/71128f4e35fa08d1c1fc0f7dc9925957
[negroni] Completed 200 OK in 117.346µs
[negroni] Started GET /queue/71128f4e35fa08d1c1fc0f7dc9925957
[negroni] Completed 200 OK in 144.577µs
[negroni] Started GET /queue/71128f4e35fa08d1c1fc0f7dc9925957
[negroni] Completed 200 OK in 61.526µs
[negroni] Started GET /queue/71128f4e35fa08d1c1fc0f7dc9925957
[negroni] Completed 200 OK in 311.651µs
[negroni] Started GET /queue/71128f4e35fa08d1c1fc0f7dc9925957
[negroni] Completed 200 OK in 219.947µs
[negroni] Started GET /queue/71128f4e35fa08d1c1fc0f7dc9925957
[negroni] Completed 200 OK in 81.459µs
[negroni] Started GET /queue/71128f4e35fa08d1c1fc0f7dc9925957
[negroni] Completed 200 OK in 127.749µs
[negroni] Started GET /queue/71128f4e35fa08d1c1fc0f7dc9925957
[negroni] Completed 200 OK in 69.58µs
[negroni] Started GET /queue/71128f4e35fa08d1c1fc0f7dc9925957
[negroni] Completed 200 OK in 137.022µs
[negroni] Started GET /queue/71128f4e35fa08d1c1fc0f7dc9925957
[negroni] Completed 200 OK in 66.713µs
[negroni] Started GET /queue/71128f4e35fa08d1c1fc0f7dc9925957
[negroni] Completed 200 OK in 52.269µs
[negroni] Started GET /queue/71128f4e35fa08d1c1fc0f7dc9925957
[negroni] Completed 200 OK in 51.886µs
[negroni] Started GET /queue/71128f4e35fa08d1c1fc0f7dc9925957
[negroni] Completed 200 OK in 68.005µs
[negroni] Started GET /queue/71128f4e35fa08d1c1fc0f7dc9925957
[negroni] Completed 200 OK in 77.744µs
[negroni] Started GET /queue/71128f4e35fa08d1c1fc0f7dc9925957
[negroni] Completed 200 OK in 76.198µs
[negroni] Started GET /queue/71128f4e35fa08d1c1fc0f7dc9925957
[negroni] Completed 200 OK in 80.54µs
[negroni] Started GET /queue/71128f4e35fa08d1c1fc0f7dc9925957
[negroni] Completed 200 OK in 70.641µs
[negroni] Started GET /queue/71128f4e35fa08d1c1fc0f7dc9925957
[negroni] Completed 200 OK in 179.532µs
[negroni] Started GET /queue/71128f4e35fa08d1c1fc0f7dc9925957
[negroni] Completed 200 OK in 479.821µs
[negroni] Started GET /queue/71128f4e35fa08d1c1fc0f7dc9925957
[negroni] Completed 200 OK in 133.567µs
[negroni] Started GET /queue/71128f4e35fa08d1c1fc0f7dc9925957
[negroni] Completed 200 OK in 73.794µs
[negroni] Started GET /queue/71128f4e35fa08d1c1fc0f7dc9925957
[negroni] Completed 200 OK in 88.622µs
[negroni] Started GET /queue/71128f4e35fa08d1c1fc0f7dc9925957
[negroni] Completed 200 OK in 170.392µs
[negroni] Started GET /queue/71128f4e35fa08d1c1fc0f7dc9925957
[negroni] Completed 200 OK in 97.858µs
[negroni] Started GET /queue/71128f4e35fa08d1c1fc0f7dc9925957
[negroni] Completed 200 OK in 136.658µs
[negroni] Started GET /queue/71128f4e35fa08d1c1fc0f7dc9925957
[negroni] Completed 200 OK in 96.652µs
[negroni] Started GET /queue/71128f4e35fa08d1c1fc0f7dc9925957
[negroni] Completed 200 OK in 140.081µs
[negroni] Started GET /queue/71128f4e35fa08d1c1fc0f7dc9925957
[negroni] Completed 200 OK in 128.085µs
[negroni] Started GET /queue/71128f4e35fa08d1c1fc0f7dc9925957
[negroni] Completed 200 OK in 92.658µs
[negroni] Started GET /queue/71128f4e35fa08d1c1fc0f7dc9925957
[negroni] Completed 200 OK in 57.002µs
[negroni] Started GET /queue/71128f4e35fa08d1c1fc0f7dc9925957
[negroni] Completed 200 OK in 63.668µs
[negroni] Started GET /queue/71128f4e35fa08d1c1fc0f7dc9925957
[negroni] Completed 200 OK in 92.627µs
[negroni] Started GET /queue/71128f4e35fa08d1c1fc0f7dc9925957
[negroni] Completed 200 OK in 102.171µs
[negroni] Started GET /queue/71128f4e35fa08d1c1fc0f7dc9925957
[negroni] Completed 200 OK in 70.393µs
[negroni] Started GET /queue/71128f4e35fa08d1c1fc0f7dc9925957
[negroni] Completed 200 OK in 155.606µs
[negroni] Started GET /queue/71128f4e35fa08d1c1fc0f7dc9925957
[negroni] Completed 200 OK in 58.135µs
[negroni] Started GET /queue/71128f4e35fa08d1c1fc0f7dc9925957
[negroni] Completed 200 OK in 110.844µs
[negroni] Started GET /queue/71128f4e35fa08d1c1fc0f7dc9925957
[negroni] Completed 200 OK in 63.521µs
[negroni] Started GET /queue/71128f4e35fa08d1c1fc0f7dc9925957
[negroni] Completed 200 OK in 80.05µs
[negroni] Started GET /queue/71128f4e35fa08d1c1fc0f7dc9925957
[negroni] Completed 200 OK in 70.079µs
[negroni] Started GET /queue/71128f4e35fa08d1c1fc0f7dc9925957
[negroni] Completed 200 OK in 112.068µs
[negroni] Started GET /queue/71128f4e35fa08d1c1fc0f7dc9925957
[negroni] Completed 200 OK in 169.55µs
[negroni] Started GET /queue/71128f4e35fa08d1c1fc0f7dc9925957
[negroni] Completed 200 OK in 131.859µs
[negroni] Started GET /queue/71128f4e35fa08d1c1fc0f7dc9925957
[negroni] Completed 200 OK in 128.511µs
[negroni] Started GET /queue/71128f4e35fa08d1c1fc0f7dc9925957
[negroni] Completed 200 OK in 70.933µs
[negroni] Started GET /queue/71128f4e35fa08d1c1fc0f7dc9925957
[negroni] Completed 200 OK in 112.376µs
[negroni] Started GET /queue/71128f4e35fa08d1c1fc0f7dc9925957
[negroni] Completed 200 OK in 68.242µs
[negroni] Started GET /queue/71128f4e35fa08d1c1fc0f7dc9925957
[negroni] Completed 200 OK in 84.24µs
[negroni] Started GET /queue/71128f4e35fa08d1c1fc0f7dc9925957
[negroni] Completed 200 OK in 136.501µs
[negroni] Started GET /queue/71128f4e35fa08d1c1fc0f7dc9925957
[negroni] Completed 200 OK in 156.39µs
[negroni] Started GET /queue/71128f4e35fa08d1c1fc0f7dc9925957
[negroni] Completed 200 OK in 172.499µs
[negroni] Started GET /queue/71128f4e35fa08d1c1fc0f7dc9925957
[negroni] Completed 200 OK in 129.037µs
[negroni] Started GET /queue/71128f4e35fa08d1c1fc0f7dc9925957
[negroni] Completed 200 OK in 142.89µs
[negroni] Started GET /queue/71128f4e35fa08d1c1fc0f7dc9925957
[negroni] Completed 200 OK in 86.929µs
[negroni] Started GET /queue/71128f4e35fa08d1c1fc0f7dc9925957
[negroni] Completed 200 OK in 60.863µs
[negroni] Started GET /queue/71128f4e35fa08d1c1fc0f7dc9925957
[negroni] Completed 200 OK in 160.437µs
[negroni] Started GET /queue/71128f4e35fa08d1c1fc0f7dc9925957
[negroni] Completed 200 OK in 161.706µs
[negroni] Started GET /queue/71128f4e35fa08d1c1fc0f7dc9925957
[negroni] Completed 200 OK in 381.162µs
[negroni] Started GET /queue/71128f4e35fa08d1c1fc0f7dc9925957
[negroni] Completed 200 OK in 70.164µs
[negroni] Started GET /queue/71128f4e35fa08d1c1fc0f7dc9925957
[negroni] Completed 200 OK in 107.306µs
[negroni] Started GET /queue/71128f4e35fa08d1c1fc0f7dc9925957
[negroni] Completed 200 OK in 169.7µs
[negroni] Started GET /queue/71128f4e35fa08d1c1fc0f7dc9925957
[negroni] Completed 200 OK in 103.641µs
[negroni] Started GET /queue/71128f4e35fa08d1c1fc0f7dc9925957
[negroni] Completed 200 OK in 55.62µs
[negroni] Started GET /queue/71128f4e35fa08d1c1fc0f7dc9925957
[negroni] Completed 200 OK in 353.466µs
[negroni] Started GET /queue/71128f4e35fa08d1c1fc0f7dc9925957
[negroni] Completed 200 OK in 64.124µs
[negroni] Started GET /queue/71128f4e35fa08d1c1fc0f7dc9925957
[negroni] Completed 200 OK in 61.312µs
[negroni] Started GET /queue/71128f4e35fa08d1c1fc0f7dc9925957
[negroni] Completed 200 OK in 170.652µs
[negroni] Started GET /queue/71128f4e35fa08d1c1fc0f7dc9925957
[negroni] Completed 200 OK in 369.886µs
[negroni] Started GET /queue/71128f4e35fa08d1c1fc0f7dc9925957
[negroni] Completed 200 OK in 129.277µs
[negroni] Started GET /queue/71128f4e35fa08d1c1fc0f7dc9925957
[negroni] Completed 200 OK in 128.733µs
[negroni] Started GET /queue/71128f4e35fa08d1c1fc0f7dc9925957
[negroni] Completed 200 OK in 71.807µs
[negroni] Started GET /queue/71128f4e35fa08d1c1fc0f7dc9925957
[negroni] Completed 200 OK in 52.215µs
[negroni] Started GET /queue/71128f4e35fa08d1c1fc0f7dc9925957
[negroni] Completed 200 OK in 101.565µs
[negroni] Started GET /queue/71128f4e35fa08d1c1fc0f7dc9925957
[negroni] Completed 200 OK in 99.331µs
[negroni] Started GET /queue/71128f4e35fa08d1c1fc0f7dc9925957
[negroni] Completed 200 OK in 91.767µs
[negroni] Started GET /queue/71128f4e35fa08d1c1fc0f7dc9925957
[negroni] Completed 200 OK in 175.783µs
[negroni] Started GET /queue/71128f4e35fa08d1c1fc0f7dc9925957
[negroni] Completed 200 OK in 70.483µs
[negroni] Started GET /queue/71128f4e35fa08d1c1fc0f7dc9925957
[negroni] Completed 200 OK in 52.889µs
[negroni] Started GET /queue/71128f4e35fa08d1c1fc0f7dc9925957
[negroni] Completed 200 OK in 62.464µs
[negroni] Started GET /queue/71128f4e35fa08d1c1fc0f7dc9925957
[negroni] Completed 200 OK in 58.308µs
[negroni] Started GET /queue/71128f4e35fa08d1c1fc0f7dc9925957
[negroni] Completed 200 OK in 67.624µs
[negroni] Started GET /queue/71128f4e35fa08d1c1fc0f7dc9925957
[negroni] Completed 200 OK in 112.184µs
[negroni] Started GET /queue/71128f4e35fa08d1c1fc0f7dc9925957
[negroni] Completed 200 OK in 102.984µs
[negroni] Started GET /queue/71128f4e35fa08d1c1fc0f7dc9925957
[negroni] Completed 200 OK in 76.287µs
[negroni] Started GET /queue/71128f4e35fa08d1c1fc0f7dc9925957
[negroni] Completed 200 OK in 114.982µs
[negroni] Started GET /queue/71128f4e35fa08d1c1fc0f7dc9925957
[negroni] Completed 200 OK in 386.31µs
[negroni] Started GET /queue/71128f4e35fa08d1c1fc0f7dc9925957
[negroni] Completed 200 OK in 69.083µs
[negroni] Started GET /queue/71128f4e35fa08d1c1fc0f7dc9925957
[negroni] Completed 200 OK in 66.234µs
[negroni] Started GET /queue/71128f4e35fa08d1c1fc0f7dc9925957
[negroni] Completed 200 OK in 58.387µs
[negroni] Started GET /queue/71128f4e35fa08d1c1fc0f7dc9925957
[negroni] Completed 200 OK in 132.028µs
[negroni] Started GET /queue/71128f4e35fa08d1c1fc0f7dc9925957
[negroni] Completed 200 OK in 122.248µs
[negroni] Started GET /queue/71128f4e35fa08d1c1fc0f7dc9925957
[negroni] Completed 200 OK in 91.976µs
[negroni] Started GET /queue/71128f4e35fa08d1c1fc0f7dc9925957
[negroni] Completed 200 OK in 187.276µs
[negroni] Started GET /queue/71128f4e35fa08d1c1fc0f7dc9925957
[negroni] Completed 200 OK in 74.019µs
[negroni] Started GET /queue/71128f4e35fa08d1c1fc0f7dc9925957
[negroni] Completed 200 OK in 120.012µs
[negroni] Started GET /queue/71128f4e35fa08d1c1fc0f7dc9925957
[negroni] Completed 200 OK in 89.647µs
[negroni] Started GET /queue/71128f4e35fa08d1c1fc0f7dc9925957
[negroni] Completed 200 OK in 70.754µs
[negroni] Started GET /queue/71128f4e35fa08d1c1fc0f7dc9925957
[negroni] Completed 200 OK in 58.836µs
[negroni] Started GET /queue/71128f4e35fa08d1c1fc0f7dc9925957
[negroni] Completed 200 OK in 80.982µs
[sshexec] WARNING 2017/04/27 02:46:50 Failed to create SSH connection to 192.168.48.12:22: dial tcp 192.168.48.12:22: getsockopt: connection timed out
[sshexec] ERROR 2017/04/27 02:46:50 /src/github.com/heketi/heketi/executors/sshexec/brick.go:163: dial tcp 192.168.48.12:22: getsockopt: connection timed out
[heketi] ERROR 2017/04/27 02:46:50 /src/github.com/heketi/heketi/apps/glusterfs/brick_create.go:49: dial tcp 192.168.48.12:22: getsockopt: connection timed out
[heketi] INFO 2017/04/27 02:46:50 Deleting brick 5e5a6716c65300c45e48b918545496e1
[heketi] INFO 2017/04/27 02:46:50 Deleting brick 987d7d6414cf6e3314f8af4dc3d6c0f9
[heketi] INFO 2017/04/27 02:46:50 Deleting brick 632439b71e1248810c63f845ba251a8c
[negroni] Started GET /queue/71128f4e35fa08d1c1fc0f7dc9925957
[negroni] Completed 200 OK in 105.138µs
[sshexec] DEBUG 2017/04/27 02:46:50 /src/github.com/heketi/heketi/pkg/utils/ssh/ssh.go:176: Host: 192.168.48.14:22 Command: /bin/bash -c 'umount /var/lib/heketi/mounts/vg_d72d3bd802d4e511a80ce2f16181289d/brick_5e5a6716c65300c45e48b918545496e1'
Result: 
[sshexec] DEBUG 2017/04/27 02:46:50 /src/github.com/heketi/heketi/pkg/utils/ssh/ssh.go:176: Host: 192.168.48.17:22 Command: /bin/bash -c 'umount /var/lib/heketi/mounts/vg_6c7ff8b53124baa86b5b789cd93274e1/brick_632439b71e1248810c63f845ba251a8c'
Result: 
[sshexec] DEBUG 2017/04/27 02:46:51 /src/github.com/heketi/heketi/pkg/utils/ssh/ssh.go:176: Host: 192.168.48.17:22 Command: /bin/bash -c 'lvremove -f vg_6c7ff8b53124baa86b5b789cd93274e1/tp_632439b71e1248810c63f845ba251a8c'
Result:   Logical volume "brick_632439b71e1248810c63f845ba251a8c" successfully removed
  Logical volume "tp_632439b71e1248810c63f845ba251a8c" successfully removed
[sshexec] DEBUG 2017/04/27 02:46:51 /src/github.com/heketi/heketi/pkg/utils/ssh/ssh.go:176: Host: 192.168.48.14:22 Command: /bin/bash -c 'lvremove -f vg_d72d3bd802d4e511a80ce2f16181289d/tp_5e5a6716c65300c45e48b918545496e1'
Result:   Logical volume "brick_5e5a6716c65300c45e48b918545496e1" successfully removed
  Logical volume "tp_5e5a6716c65300c45e48b918545496e1" successfully removed
[sshexec] DEBUG 2017/04/27 02:46:51 /src/github.com/heketi/heketi/pkg/utils/ssh/ssh.go:176: Host: 192.168.48.17:22 Command: /bin/bash -c 'rmdir /var/lib/heketi/mounts/vg_6c7ff8b53124baa86b5b789cd93274e1/brick_632439b71e1248810c63f845ba251a8c'
Result: 
[sshexec] DEBUG 2017/04/27 02:46:51 /src/github.com/heketi/heketi/pkg/utils/ssh/ssh.go:176: Host: 192.168.48.14:22 Command: /bin/bash -c 'rmdir /var/lib/heketi/mounts/vg_d72d3bd802d4e511a80ce2f16181289d/brick_5e5a6716c65300c45e48b918545496e1'
Result: 
[negroni] Started GET /queue/71128f4e35fa08d1c1fc0f7dc9925957
[negroni] Completed 200 OK in 88.585µs
[sshexec] DEBUG 2017/04/27 02:46:51 /src/github.com/heketi/heketi/pkg/utils/ssh/ssh.go:176: Host: 192.168.48.17:22 Command: /bin/bash -c 'sed -i.save "/brick_632439b71e1248810c63f845ba251a8c/d" /etc/fstab'
Result: 
[sshexec] DEBUG 2017/04/27 02:46:51 /src/github.com/heketi/heketi/pkg/utils/ssh/ssh.go:176: Host: 192.168.48.14:22 Command: /bin/bash -c 'sed -i.save "/brick_5e5a6716c65300c45e48b918545496e1/d" /etc/fstab'
Result: 
[negroni] Started GET /queue/71128f4e35fa08d1c1fc0f7dc9925957
[negroni] Completed 200 OK in 63.969µs
[negroni] Started GET /queue/71128f4e35fa08d1c1fc0f7dc9925957
[negroni] Completed 200 OK in 156.718µs
[negroni] Started GET /queue/71128f4e35fa08d1c1fc0f7dc9925957
[negroni] Completed 200 OK in 60.36µs
[negroni] Started GET /queue/71128f4e35fa08d1c1fc0f7dc9925957
[negroni] Completed 200 OK in 52.928µs
[negroni] Started GET /queue/71128f4e35fa08d1c1fc0f7dc9925957
[negroni] Completed 200 OK in 124.818µs
[negroni] Started GET /queue/71128f4e35fa08d1c1fc0f7dc9925957
[negroni] Completed 200 OK in 95.648µs
[negroni] Started GET /queue/71128f4e35fa08d1c1fc0f7dc9925957
[negroni] Completed 200 OK in 78.266µs
[negroni] Started GET /queue/71128f4e35fa08d1c1fc0f7dc9925957
[negroni] Completed 200 OK in 115.916µs
[negroni] Started GET /queue/71128f4e35fa08d1c1fc0f7dc9925957
[negroni] Completed 200 OK in 92.119µs
[negroni] Started GET /queue/71128f4e35fa08d1c1fc0f7dc9925957
[negroni] Completed 200 OK in 508.083µs
[negroni] Started GET /queue/71128f4e35fa08d1c1fc0f7dc9925957
[negroni] Completed 200 OK in 98.234µs
[negroni] Started GET /queue/71128f4e35fa08d1c1fc0f7dc9925957
[negroni] Completed 200 OK in 76.464µs
[negroni] Started GET /queue/71128f4e35fa08d1c1fc0f7dc9925957
[negroni] Completed 200 OK in 73.33µs
[negroni] Started GET /queue/71128f4e35fa08d1c1fc0f7dc9925957
[negroni] Completed 200 OK in 123.214µs
[negroni] Started GET /queue/71128f4e35fa08d1c1fc0f7dc9925957
[negroni] Completed 200 OK in 91.418µs
[negroni] Started GET /queue/71128f4e35fa08d1c1fc0f7dc9925957
[negroni] Completed 200 OK in 191.565µs
[negroni] Started GET /queue/71128f4e35fa08d1c1fc0f7dc9925957
[negroni] Completed 200 OK in 71.986µs
[negroni] Started GET /queue/71128f4e35fa08d1c1fc0f7dc9925957
[negroni] Completed 200 OK in 128.767µs
[negroni] Started GET /queue/71128f4e35fa08d1c1fc0f7dc9925957
[negroni] Completed 200 OK in 92.915µs
[negroni] Started GET /queue/71128f4e35fa08d1c1fc0f7dc9925957
[negroni] Completed 200 OK in 85.302µs
[negroni] Started GET /queue/71128f4e35fa08d1c1fc0f7dc9925957
[negroni] Completed 200 OK in 63.099µs
[negroni] Started GET /queue/71128f4e35fa08d1c1fc0f7dc9925957
[negroni] Completed 200 OK in 381.415µs
[negroni] Started GET /queue/71128f4e35fa08d1c1fc0f7dc9925957
[negroni] Completed 200 OK in 86.657µs
[negroni] Started GET /queue/71128f4e35fa08d1c1fc0f7dc9925957
[negroni] Completed 200 OK in 102.135µs
[negroni] Started GET /queue/71128f4e35fa08d1c1fc0f7dc9925957
[negroni] Completed 200 OK in 131.207µs
[negroni] Started GET /queue/71128f4e35fa08d1c1fc0f7dc9925957
[negroni] Completed 200 OK in 184.565µs
[negroni] Started GET /queue/71128f4e35fa08d1c1fc0f7dc9925957
[negroni] Completed 200 OK in 114.353µs
[negroni] Started GET /queue/71128f4e35fa08d1c1fc0f7dc9925957
[negroni] Completed 200 OK in 116.965µs
[negroni] Started GET /queue/71128f4e35fa08d1c1fc0f7dc9925957
[negroni] Completed 200 OK in 53.536µs
[negroni] Started GET /queue/71128f4e35fa08d1c1fc0f7dc9925957
[negroni] Completed 200 OK in 113.319µs
[negroni] Started GET /queue/71128f4e35fa08d1c1fc0f7dc9925957
[negroni] Completed 200 OK in 60.72µs
[negroni] Started GET /queue/71128f4e35fa08d1c1fc0f7dc9925957
[negroni] Completed 200 OK in 54.193µs
[negroni] Started GET /queue/71128f4e35fa08d1c1fc0f7dc9925957
[negroni] Completed 200 OK in 74.949µs
[negroni] Started GET /queue/71128f4e35fa08d1c1fc0f7dc9925957
[negroni] Completed 200 OK in 114.131µs
[negroni] Started GET /queue/71128f4e35fa08d1c1fc0f7dc9925957
[negroni] Completed 200 OK in 66.191µs
[negroni] Started GET /queue/71128f4e35fa08d1c1fc0f7dc9925957
[negroni] Completed 200 OK in 115.315µs
[negroni] Started GET /queue/71128f4e35fa08d1c1fc0f7dc9925957
[negroni] Completed 200 OK in 67.068µs
[negroni] Started GET /queue/71128f4e35fa08d1c1fc0f7dc9925957
[negroni] Completed 200 OK in 365.557µs
[negroni] Started GET /queue/71128f4e35fa08d1c1fc0f7dc9925957
[negroni] Completed 200 OK in 81.777µs
[negroni] Started GET /queue/71128f4e35fa08d1c1fc0f7dc9925957
[negroni] Completed 200 OK in 52.509µs
[negroni] Started GET /queue/71128f4e35fa08d1c1fc0f7dc9925957
[negroni] Completed 200 OK in 160.929µs
[negroni] Started GET /queue/71128f4e35fa08d1c1fc0f7dc9925957
[negroni] Completed 200 OK in 80.388µs
[negroni] Started GET /queue/71128f4e35fa08d1c1fc0f7dc9925957
[negroni] Completed 200 OK in 105.949µs
[negroni] Started GET /queue/71128f4e35fa08d1c1fc0f7dc9925957
[negroni] Completed 200 OK in 59.145µs
[negroni] Started GET /queue/71128f4e35fa08d1c1fc0f7dc9925957
[negroni] Completed 200 OK in 94.613µs
[negroni] Started GET /queue/71128f4e35fa08d1c1fc0f7dc9925957
[negroni] Completed 200 OK in 156.856µs
[negroni] Started GET /queue/71128f4e35fa08d1c1fc0f7dc9925957
[negroni] Completed 200 OK in 229.625µs
[negroni] Started GET /queue/71128f4e35fa08d1c1fc0f7dc9925957
[negroni] Completed 200 OK in 83.368µs
[negroni] Started GET /queue/71128f4e35fa08d1c1fc0f7dc9925957
[negroni] Completed 200 OK in 72.519µs
[negroni] Started GET /queue/71128f4e35fa08d1c1fc0f7dc9925957
[negroni] Completed 200 OK in 96.722µs
[negroni] Started GET /queue/71128f4e35fa08d1c1fc0f7dc9925957
[negroni] Completed 200 OK in 270.734µs
[negroni] Started GET /queue/71128f4e35fa08d1c1fc0f7dc9925957
[negroni] Completed 200 OK in 82.365µs
[negroni] Started GET /queue/71128f4e35fa08d1c1fc0f7dc9925957
[negroni] Completed 200 OK in 91.584µs
[negroni] Started GET /queue/71128f4e35fa08d1c1fc0f7dc9925957
[negroni] Completed 200 OK in 131.706µs
[negroni] Started GET /queue/71128f4e35fa08d1c1fc0f7dc9925957
[negroni] Completed 200 OK in 132.265µs
[negroni] Started GET /queue/71128f4e35fa08d1c1fc0f7dc9925957
[negroni] Completed 200 OK in 77.874µs
[negroni] Started GET /queue/71128f4e35fa08d1c1fc0f7dc9925957
[negroni] Completed 200 OK in 66.748µs
[negroni] Started GET /queue/71128f4e35fa08d1c1fc0f7dc9925957
[negroni] Completed 200 OK in 89.478µs
[negroni] Started GET /queue/71128f4e35fa08d1c1fc0f7dc9925957
[negroni] Completed 200 OK in 343.506µs
[negroni] Started GET /queue/71128f4e35fa08d1c1fc0f7dc9925957
[negroni] Completed 200 OK in 77.006µs
[negroni] Started GET /queue/71128f4e35fa08d1c1fc0f7dc9925957
[negroni] Completed 200 OK in 109.692µs
[negroni] Started GET /queue/71128f4e35fa08d1c1fc0f7dc9925957
[negroni] Completed 200 OK in 179.115µs
[negroni] Started GET /queue/71128f4e35fa08d1c1fc0f7dc9925957
[negroni] Completed 200 OK in 64.706µs
[negroni] Started GET /queue/71128f4e35fa08d1c1fc0f7dc9925957
[negroni] Completed 200 OK in 70.432µs
[negroni] Started GET /queue/71128f4e35fa08d1c1fc0f7dc9925957
[negroni] Completed 200 OK in 103.828µs
[negroni] Started GET /queue/71128f4e35fa08d1c1fc0f7dc9925957
[negroni] Completed 200 OK in 275.802µs
[negroni] Started GET /queue/71128f4e35fa08d1c1fc0f7dc9925957
[negroni] Completed 200 OK in 86.709µs
[negroni] Started GET /queue/71128f4e35fa08d1c1fc0f7dc9925957
[negroni] Completed 200 OK in 58.198µs
[negroni] Started GET /queue/71128f4e35fa08d1c1fc0f7dc9925957
[negroni] Completed 200 OK in 71.57µs
[negroni] Started GET /queue/71128f4e35fa08d1c1fc0f7dc9925957
[negroni] Completed 200 OK in 82.153µs
[negroni] Started GET /queue/71128f4e35fa08d1c1fc0f7dc9925957
[negroni] Completed 200 OK in 82.54µs
[negroni] Started GET /queue/71128f4e35fa08d1c1fc0f7dc9925957
[negroni] Completed 200 OK in 61.399µs
[negroni] Started GET /queue/71128f4e35fa08d1c1fc0f7dc9925957
[negroni] Completed 200 OK in 65.709µs
[negroni] Started GET /queue/71128f4e35fa08d1c1fc0f7dc9925957
[negroni] Completed 200 OK in 122.887µs
[negroni] Started GET /queue/71128f4e35fa08d1c1fc0f7dc9925957
[negroni] Completed 200 OK in 75.32µs
[negroni] Started GET /queue/71128f4e35fa08d1c1fc0f7dc9925957
[negroni] Completed 200 OK in 134.751µs
[negroni] Started GET /queue/71128f4e35fa08d1c1fc0f7dc9925957
[negroni] Completed 200 OK in 293.783µs
[negroni] Started GET /queue/71128f4e35fa08d1c1fc0f7dc9925957
[negroni] Completed 200 OK in 73.745µs
[negroni] Started GET /queue/71128f4e35fa08d1c1fc0f7dc9925957
[negroni] Completed 200 OK in 61.96µs
[negroni] Started GET /queue/71128f4e35fa08d1c1fc0f7dc9925957
[negroni] Completed 200 OK in 96.467µs
[negroni] Started GET /queue/71128f4e35fa08d1c1fc0f7dc9925957
[negroni] Completed 200 OK in 215.034µs
[negroni] Started GET /queue/71128f4e35fa08d1c1fc0f7dc9925957
[negroni] Completed 200 OK in 175.496µs
[negroni] Started GET /queue/71128f4e35fa08d1c1fc0f7dc9925957
[negroni] Completed 200 OK in 302.849µs
[negroni] Started GET /queue/71128f4e35fa08d1c1fc0f7dc9925957
[negroni] Completed 200 OK in 124.635µs
[negroni] Started GET /queue/71128f4e35fa08d1c1fc0f7dc9925957
[negroni] Completed 200 OK in 233.4µs
[negroni] Started GET /queue/71128f4e35fa08d1c1fc0f7dc9925957
[negroni] Completed 200 OK in 171.536µs
[negroni] Started GET /queue/71128f4e35fa08d1c1fc0f7dc9925957
[negroni] Completed 200 OK in 145.088µs
[negroni] Started GET /queue/71128f4e35fa08d1c1fc0f7dc9925957
[negroni] Completed 200 OK in 88.698µs
[negroni] Started GET /queue/71128f4e35fa08d1c1fc0f7dc9925957
[negroni] Completed 200 OK in 98.194µs
[negroni] Started GET /queue/71128f4e35fa08d1c1fc0f7dc9925957
[negroni] Completed 200 OK in 88.142µs
[negroni] Started GET /queue/71128f4e35fa08d1c1fc0f7dc9925957
[negroni] Completed 200 OK in 218.27µs
[negroni] Started GET /queue/71128f4e35fa08d1c1fc0f7dc9925957
[negroni] Completed 200 OK in 153.265µs
[negroni] Started GET /queue/71128f4e35fa08d1c1fc0f7dc9925957
[negroni] Completed 200 OK in 64.979µs
[negroni] Started GET /queue/71128f4e35fa08d1c1fc0f7dc9925957
[negroni] Completed 200 OK in 140.917µs
[negroni] Started GET /queue/71128f4e35fa08d1c1fc0f7dc9925957
[negroni] Completed 200 OK in 64.425µs
[negroni] Started GET /queue/71128f4e35fa08d1c1fc0f7dc9925957
[negroni] Completed 200 OK in 63.785µs
[negroni] Started GET /queue/71128f4e35fa08d1c1fc0f7dc9925957
[negroni] Completed 200 OK in 82.002µs
[negroni] Started GET /queue/71128f4e35fa08d1c1fc0f7dc9925957
[negroni] Completed 200 OK in 66.386µs
[negroni] Started GET /queue/71128f4e35fa08d1c1fc0f7dc9925957
[negroni] Completed 200 OK in 83.348µs
[negroni] Started GET /queue/71128f4e35fa08d1c1fc0f7dc9925957
[negroni] Completed 200 OK in 126.691µs
[negroni] Started GET /queue/71128f4e35fa08d1c1fc0f7dc9925957
[negroni] Completed 200 OK in 167.185µs
[negroni] Started GET /queue/71128f4e35fa08d1c1fc0f7dc9925957
[negroni] Completed 200 OK in 105.645µs
[negroni] Started GET /queue/71128f4e35fa08d1c1fc0f7dc9925957
[negroni] Completed 200 OK in 82.453µs
[negroni] Started GET /queue/71128f4e35fa08d1c1fc0f7dc9925957
[negroni] Completed 200 OK in 63.089µs
[negroni] Started GET /queue/71128f4e35fa08d1c1fc0f7dc9925957
[negroni] Completed 200 OK in 62.411µs
[negroni] Started GET /queue/71128f4e35fa08d1c1fc0f7dc9925957
[negroni] Completed 200 OK in 101.465µs
[negroni] Started GET /queue/71128f4e35fa08d1c1fc0f7dc9925957
[negroni] Completed 200 OK in 61.58µs
[negroni] Started GET /queue/71128f4e35fa08d1c1fc0f7dc9925957
[negroni] Completed 200 OK in 138.393µs
[negroni] Started GET /queue/71128f4e35fa08d1c1fc0f7dc9925957
[negroni] Completed 200 OK in 76.979µs
[negroni] Started GET /queue/71128f4e35fa08d1c1fc0f7dc9925957
[negroni] Completed 200 OK in 89.438µs
[negroni] Started GET /queue/71128f4e35fa08d1c1fc0f7dc9925957
[negroni] Completed 200 OK in 205.49µs
[negroni] Started GET /queue/71128f4e35fa08d1c1fc0f7dc9925957
[negroni] Completed 200 OK in 120.287µs
[negroni] Started GET /queue/71128f4e35fa08d1c1fc0f7dc9925957
[negroni] Completed 200 OK in 76.347µs
[negroni] Started GET /queue/71128f4e35fa08d1c1fc0f7dc9925957
[negroni] Completed 200 OK in 143.789µs
[negroni] Started GET /queue/71128f4e35fa08d1c1fc0f7dc9925957
[negroni] Completed 200 OK in 68.311µs
[negroni] Started GET /queue/71128f4e35fa08d1c1fc0f7dc9925957
[negroni] Completed 200 OK in 80.416µs
[negroni] Started GET /queue/71128f4e35fa08d1c1fc0f7dc9925957
[negroni] Completed 200 OK in 132.57µs
[negroni] Started GET /queue/71128f4e35fa08d1c1fc0f7dc9925957
[negroni] Completed 200 OK in 71.734µs
[negroni] Started GET /queue/71128f4e35fa08d1c1fc0f7dc9925957
[negroni] Completed 200 OK in 116.972µs
[negroni] Started GET /queue/71128f4e35fa08d1c1fc0f7dc9925957
[negroni] Completed 200 OK in 110.205µs
[negroni] Started GET /queue/71128f4e35fa08d1c1fc0f7dc9925957
[negroni] Completed 200 OK in 65.351µs
[negroni] Started GET /queue/71128f4e35fa08d1c1fc0f7dc9925957
[negroni] Completed 200 OK in 122.606µs
[negroni] Started GET /queue/71128f4e35fa08d1c1fc0f7dc9925957
[negroni] Completed 200 OK in 104.667µs
[negroni] Started GET /queue/71128f4e35fa08d1c1fc0f7dc9925957
[negroni] Completed 200 OK in 65.074µs
[negroni] Started GET /queue/71128f4e35fa08d1c1fc0f7dc9925957
[negroni] Completed 200 OK in 86.17µs
[sshexec] WARNING 2017/04/27 02:48:57 Failed to create SSH connection to 192.168.48.12:22: dial tcp 192.168.48.12:22: getsockopt: connection timed out
[sshexec] ERROR 2017/04/27 02:48:57 /src/github.com/heketi/heketi/executors/sshexec/brick.go:134: dial tcp 192.168.48.12:22: getsockopt: connection timed out
[negroni] Started GET /queue/71128f4e35fa08d1c1fc0f7dc9925957
[negroni] Completed 200 OK in 89.251µs
[negroni] Started GET /queue/71128f4e35fa08d1c1fc0f7dc9925957
[negroni] Completed 200 OK in 149.074µs
[negroni] Started GET /queue/71128f4e35fa08d1c1fc0f7dc9925957
[negroni] Completed 200 OK in 120.555µs
[negroni] Started GET /queue/71128f4e35fa08d1c1fc0f7dc9925957
[negroni] Completed 200 OK in 232.409µs
[negroni] Started GET /queue/71128f4e35fa08d1c1fc0f7dc9925957
[negroni] Completed 200 OK in 84.617µs
[negroni] Started GET /queue/71128f4e35fa08d1c1fc0f7dc9925957
[negroni] Completed 200 OK in 72.081µs
[negroni] Started GET /queue/71128f4e35fa08d1c1fc0f7dc9925957
[negroni] Completed 200 OK in 102.788µs
[negroni] Started GET /queue/71128f4e35fa08d1c1fc0f7dc9925957
[negroni] Completed 200 OK in 59.701µs
[negroni] Started GET /queue/71128f4e35fa08d1c1fc0f7dc9925957
[negroni] Completed 200 OK in 128.769µs
[negroni] Started GET /queue/71128f4e35fa08d1c1fc0f7dc9925957
[negroni] Completed 200 OK in 95.402µs
[negroni] Started GET /queue/71128f4e35fa08d1c1fc0f7dc9925957
[negroni] Completed 200 OK in 138.195µs
[negroni] Started GET /queue/71128f4e35fa08d1c1fc0f7dc9925957
[negroni] Completed 200 OK in 112.759µs
[negroni] Started GET /queue/71128f4e35fa08d1c1fc0f7dc9925957
[negroni] Completed 200 OK in 73.985µs
[negroni] Started GET /queue/71128f4e35fa08d1c1fc0f7dc9925957
[negroni] Completed 200 OK in 129.437µs
[negroni] Started GET /queue/71128f4e35fa08d1c1fc0f7dc9925957
[negroni] Completed 200 OK in 148.475µs
[negroni] Started GET /queue/71128f4e35fa08d1c1fc0f7dc9925957
[negroni] Completed 200 OK in 69.82µs
[negroni] Started GET /queue/71128f4e35fa08d1c1fc0f7dc9925957
[negroni] Completed 200 OK in 86.888µs
[negroni] Started GET /queue/71128f4e35fa08d1c1fc0f7dc9925957
[negroni] Completed 200 OK in 142.168µs
[negroni] Started GET /queue/71128f4e35fa08d1c1fc0f7dc9925957
[negroni] Completed 200 OK in 81.378µs
[negroni] Started GET /queue/71128f4e35fa08d1c1fc0f7dc9925957
[negroni] Completed 200 OK in 145.15µs
[negroni] Started GET /queue/71128f4e35fa08d1c1fc0f7dc9925957
[negroni] Completed 200 OK in 72.528µs
[negroni] Started GET /queue/71128f4e35fa08d1c1fc0f7dc9925957
[negroni] Completed 200 OK in 48.587µs
[negroni] Started GET /queue/71128f4e35fa08d1c1fc0f7dc9925957
[negroni] Completed 200 OK in 172.496µs
[negroni] Started GET /queue/71128f4e35fa08d1c1fc0f7dc9925957
[negroni] Completed 200 OK in 56.957µs
[negroni] Started GET /queue/71128f4e35fa08d1c1fc0f7dc9925957
[negroni] Completed 200 OK in 74.427µs
[negroni] Started GET /queue/71128f4e35fa08d1c1fc0f7dc9925957
[negroni] Completed 200 OK in 86.188µs
[negroni] Started GET /queue/71128f4e35fa08d1c1fc0f7dc9925957
[negroni] Completed 200 OK in 62.49µs
[negroni] Started GET /queue/71128f4e35fa08d1c1fc0f7dc9925957
[negroni] Completed 200 OK in 196.979µs
[negroni] Started GET /queue/71128f4e35fa08d1c1fc0f7dc9925957
[negroni] Completed 200 OK in 150.648µs
[negroni] Started GET /queue/71128f4e35fa08d1c1fc0f7dc9925957
[negroni] Completed 200 OK in 86.031µs
[negroni] Started GET /queue/71128f4e35fa08d1c1fc0f7dc9925957
[negroni] Completed 200 OK in 77.806µs
[negroni] Started GET /queue/71128f4e35fa08d1c1fc0f7dc9925957
[negroni] Completed 200 OK in 123.329µs
[negroni] Started GET /queue/71128f4e35fa08d1c1fc0f7dc9925957
[negroni] Completed 200 OK in 87.768µs
[negroni] Started GET /queue/71128f4e35fa08d1c1fc0f7dc9925957
[negroni] Completed 200 OK in 156.957µs
[negroni] Started GET /queue/71128f4e35fa08d1c1fc0f7dc9925957
[negroni] Completed 200 OK in 96.637µs
[negroni] Started GET /queue/71128f4e35fa08d1c1fc0f7dc9925957
[negroni] Completed 200 OK in 117.243µs
[negroni] Started GET /queue/71128f4e35fa08d1c1fc0f7dc9925957
[negroni] Completed 200 OK in 192.407µs
[negroni] Started GET /queue/71128f4e35fa08d1c1fc0f7dc9925957
[negroni] Completed 200 OK in 267.312µs
[negroni] Started GET /queue/71128f4e35fa08d1c1fc0f7dc9925957
[negroni] Completed 200 OK in 85.231µs
[negroni] Started GET /queue/71128f4e35fa08d1c1fc0f7dc9925957
[negroni] Completed 200 OK in 134.247µs
[negroni] Started GET /queue/71128f4e35fa08d1c1fc0f7dc9925957
[negroni] Completed 200 OK in 69.243µs
[negroni] Started GET /queue/71128f4e35fa08d1c1fc0f7dc9925957
[negroni] Completed 200 OK in 119.047µs
[negroni] Started GET /queue/71128f4e35fa08d1c1fc0f7dc9925957
[negroni] Completed 200 OK in 94.806µs
[negroni] Started GET /queue/71128f4e35fa08d1c1fc0f7dc9925957
[negroni] Completed 200 OK in 68.346µs
[negroni] Started GET /queue/71128f4e35fa08d1c1fc0f7dc9925957
[negroni] Completed 200 OK in 112.961µs
[negroni] Started GET /queue/71128f4e35fa08d1c1fc0f7dc9925957
[negroni] Completed 200 OK in 115.055µs
[negroni] Started GET /queue/71128f4e35fa08d1c1fc0f7dc9925957
[negroni] Completed 200 OK in 104.527µs
[negroni] Started GET /queue/71128f4e35fa08d1c1fc0f7dc9925957
[negroni] Completed 200 OK in 109.306µs
[negroni] Started GET /queue/71128f4e35fa08d1c1fc0f7dc9925957
[negroni] Completed 200 OK in 837.049µs
[negroni] Started GET /queue/71128f4e35fa08d1c1fc0f7dc9925957
[negroni] Completed 200 OK in 75.413µs
[negroni] Started GET /queue/71128f4e35fa08d1c1fc0f7dc9925957
[negroni] Completed 200 OK in 88.58µs
[negroni] Started GET /queue/71128f4e35fa08d1c1fc0f7dc9925957
[negroni] Completed 200 OK in 70.424µs
[negroni] Started GET /queue/71128f4e35fa08d1c1fc0f7dc9925957
[negroni] Completed 200 OK in 91.893µs
[negroni] Started GET /queue/71128f4e35fa08d1c1fc0f7dc9925957
[negroni] Completed 200 OK in 71.2µs
[negroni] Started GET /queue/71128f4e35fa08d1c1fc0f7dc9925957
[negroni] Completed 200 OK in 65.418µs
[negroni] Started GET /queue/71128f4e35fa08d1c1fc0f7dc9925957
[negroni] Completed 200 OK in 369.503µs
[negroni] Started GET /queue/71128f4e35fa08d1c1fc0f7dc9925957
[negroni] Completed 200 OK in 181.265µs
[negroni] Started GET /queue/71128f4e35fa08d1c1fc0f7dc9925957
[negroni] Completed 200 OK in 182.643µs
[negroni] Started GET /queue/71128f4e35fa08d1c1fc0f7dc9925957
[negroni] Completed 200 OK in 63.428µs
[negroni] Started GET /queue/71128f4e35fa08d1c1fc0f7dc9925957
[negroni] Completed 200 OK in 74.565µs
[negroni] Started GET /queue/71128f4e35fa08d1c1fc0f7dc9925957
[negroni] Completed 200 OK in 125.879µs
[negroni] Started GET /queue/71128f4e35fa08d1c1fc0f7dc9925957
[negroni] Completed 200 OK in 90.547µs
[negroni] Started GET /queue/71128f4e35fa08d1c1fc0f7dc9925957
[negroni] Completed 200 OK in 80.195µs
[negroni] Started GET /queue/71128f4e35fa08d1c1fc0f7dc9925957
[negroni] Completed 200 OK in 96.893µs
[negroni] Started GET /queue/71128f4e35fa08d1c1fc0f7dc9925957
[negroni] Completed 200 OK in 383.624µs
[negroni] Started GET /queue/71128f4e35fa08d1c1fc0f7dc9925957
[negroni] Completed 200 OK in 62.117µs
[negroni] Started GET /queue/71128f4e35fa08d1c1fc0f7dc9925957
[negroni] Completed 200 OK in 57.195µs
[negroni] Started GET /queue/71128f4e35fa08d1c1fc0f7dc9925957
[negroni] Completed 200 OK in 67.457µs
[negroni] Started GET /queue/71128f4e35fa08d1c1fc0f7dc9925957
[negroni] Completed 200 OK in 73.048µs
[negroni] Started GET /queue/71128f4e35fa08d1c1fc0f7dc9925957
[negroni] Completed 200 OK in 114.962µs
[negroni] Started GET /queue/71128f4e35fa08d1c1fc0f7dc9925957
[negroni] Completed 200 OK in 70.995µs
[negroni] Started GET /queue/71128f4e35fa08d1c1fc0f7dc9925957
[negroni] Completed 200 OK in 108.38µs
[negroni] Started GET /queue/71128f4e35fa08d1c1fc0f7dc9925957
[negroni] Completed 200 OK in 144.932µs
[negroni] Started GET /queue/71128f4e35fa08d1c1fc0f7dc9925957
[negroni] Completed 200 OK in 137.955µs
[negroni] Started GET /queue/71128f4e35fa08d1c1fc0f7dc9925957
[negroni] Completed 200 OK in 99.944µs
[negroni] Started GET /queue/71128f4e35fa08d1c1fc0f7dc9925957
[negroni] Completed 200 OK in 76.563µs
[negroni] Started GET /queue/71128f4e35fa08d1c1fc0f7dc9925957
[negroni] Completed 200 OK in 87.857µs
[negroni] Started GET /queue/71128f4e35fa08d1c1fc0f7dc9925957
[negroni] Completed 200 OK in 127.381µs
[negroni] Started GET /queue/71128f4e35fa08d1c1fc0f7dc9925957
[negroni] Completed 200 OK in 49.192µs
[negroni] Started GET /queue/71128f4e35fa08d1c1fc0f7dc9925957
[negroni] Completed 200 OK in 76.871µs
[negroni] Started GET /queue/71128f4e35fa08d1c1fc0f7dc9925957
[negroni] Completed 200 OK in 115.754µs
[negroni] Started GET /queue/71128f4e35fa08d1c1fc0f7dc9925957
[negroni] Completed 200 OK in 158.317µs
[negroni] Started GET /queue/71128f4e35fa08d1c1fc0f7dc9925957
[negroni] Completed 200 OK in 128.421µs
[negroni] Started GET /queue/71128f4e35fa08d1c1fc0f7dc9925957
[negroni] Completed 200 OK in 83.348µs
[negroni] Started GET /queue/71128f4e35fa08d1c1fc0f7dc9925957
[negroni] Completed 200 OK in 164.681µs
[negroni] Started GET /queue/71128f4e35fa08d1c1fc0f7dc9925957
[negroni] Completed 200 OK in 65.392µs
[negroni] Started GET /queue/71128f4e35fa08d1c1fc0f7dc9925957
[negroni] Completed 200 OK in 138.961µs
[negroni] Started GET /queue/71128f4e35fa08d1c1fc0f7dc9925957
[negroni] Completed 200 OK in 112.421µs
[negroni] Started GET /queue/71128f4e35fa08d1c1fc0f7dc9925957
[negroni] Completed 200 OK in 186.149µs
[negroni] Started GET /queue/71128f4e35fa08d1c1fc0f7dc9925957
[negroni] Completed 200 OK in 110.568µs
[negroni] Started GET /queue/71128f4e35fa08d1c1fc0f7dc9925957
[negroni] Completed 200 OK in 91.091µs
[negroni] Started GET /queue/71128f4e35fa08d1c1fc0f7dc9925957
[negroni] Completed 200 OK in 80.671µs
[negroni] Started GET /queue/71128f4e35fa08d1c1fc0f7dc9925957
[negroni] Completed 200 OK in 94.514µs
[negroni] Started GET /queue/71128f4e35fa08d1c1fc0f7dc9925957
[negroni] Completed 200 OK in 73.49µs
[negroni] Started GET /queue/71128f4e35fa08d1c1fc0f7dc9925957
[negroni] Completed 200 OK in 105.229µs
[negroni] Started GET /queue/71128f4e35fa08d1c1fc0f7dc9925957
[negroni] Completed 200 OK in 131.28µs
[negroni] Started GET /queue/71128f4e35fa08d1c1fc0f7dc9925957
[negroni] Completed 200 OK in 79.293µs
[negroni] Started GET /queue/71128f4e35fa08d1c1fc0f7dc9925957
[negroni] Completed 200 OK in 89.351µs
[negroni] Started GET /queue/71128f4e35fa08d1c1fc0f7dc9925957
[negroni] Completed 200 OK in 122.983µs
[negroni] Started GET /queue/71128f4e35fa08d1c1fc0f7dc9925957
[negroni] Completed 200 OK in 109.027µs
[negroni] Started GET /queue/71128f4e35fa08d1c1fc0f7dc9925957
[negroni] Completed 200 OK in 63.794µs
[negroni] Started GET /queue/71128f4e35fa08d1c1fc0f7dc9925957
[negroni] Completed 200 OK in 63.533µs
[negroni] Started GET /queue/71128f4e35fa08d1c1fc0f7dc9925957
[negroni] Completed 200 OK in 53.957µs
[negroni] Started GET /queue/71128f4e35fa08d1c1fc0f7dc9925957
[negroni] Completed 200 OK in 115.89µs
[negroni] Started GET /queue/71128f4e35fa08d1c1fc0f7dc9925957
[negroni] Completed 200 OK in 122.817µs
[negroni] Started GET /queue/71128f4e35fa08d1c1fc0f7dc9925957
[negroni] Completed 200 OK in 128.668µs
[negroni] Started GET /queue/71128f4e35fa08d1c1fc0f7dc9925957
[negroni] Completed 200 OK in 82.418µs
[negroni] Started GET /queue/71128f4e35fa08d1c1fc0f7dc9925957
[negroni] Completed 200 OK in 67.839µs
[negroni] Started GET /queue/71128f4e35fa08d1c1fc0f7dc9925957
[negroni] Completed 200 OK in 190.706µs
[negroni] Started GET /queue/71128f4e35fa08d1c1fc0f7dc9925957
[negroni] Completed 200 OK in 122.309µs
[negroni] Started GET /queue/71128f4e35fa08d1c1fc0f7dc9925957
[negroni] Completed 200 OK in 85.299µs
[negroni] Started GET /queue/71128f4e35fa08d1c1fc0f7dc9925957
[negroni] Completed 200 OK in 64.883µs
[negroni] Started GET /queue/71128f4e35fa08d1c1fc0f7dc9925957
[negroni] Completed 200 OK in 126.282µs
[negroni] Started GET /queue/71128f4e35fa08d1c1fc0f7dc9925957
[negroni] Completed 200 OK in 149.246µs
[negroni] Started GET /queue/71128f4e35fa08d1c1fc0f7dc9925957
[negroni] Completed 200 OK in 62.896µs
[negroni] Started GET /queue/71128f4e35fa08d1c1fc0f7dc9925957
[negroni] Completed 200 OK in 117.205µs
[negroni] Started GET /queue/71128f4e35fa08d1c1fc0f7dc9925957
[negroni] Completed 200 OK in 117.342µs
[negroni] Started GET /queue/71128f4e35fa08d1c1fc0f7dc9925957
[negroni] Completed 200 OK in 106.975µs
[negroni] Started GET /queue/71128f4e35fa08d1c1fc0f7dc9925957
[negroni] Completed 200 OK in 103.324µs
[negroni] Started GET /queue/71128f4e35fa08d1c1fc0f7dc9925957
[negroni] Completed 200 OK in 58.063µs
[negroni] Started GET /queue/71128f4e35fa08d1c1fc0f7dc9925957
[negroni] Completed 200 OK in 137.03µs
[negroni] Started GET /queue/71128f4e35fa08d1c1fc0f7dc9925957
[negroni] Completed 200 OK in 82.658µs
[negroni] Started GET /queue/71128f4e35fa08d1c1fc0f7dc9925957
[negroni] Completed 200 OK in 79.841µs
[negroni] Started GET /queue/71128f4e35fa08d1c1fc0f7dc9925957
[negroni] Completed 200 OK in 256.272µs
[negroni] Started GET /queue/71128f4e35fa08d1c1fc0f7dc9925957
[negroni] Completed 200 OK in 65.519µs
[negroni] Started GET /queue/71128f4e35fa08d1c1fc0f7dc9925957
[negroni] Completed 200 OK in 107.387µs
[negroni] Started GET /queue/71128f4e35fa08d1c1fc0f7dc9925957
[negroni] Completed 200 OK in 80.263µs
[sshexec] ERROR 2017/04/27 02:51:04 /src/github.com/heketi/heketi/executors/sshexec/brick.go:143: dial tcp 192.168.48.12:22: getsockopt: connection timed out
[sshexec] WARNING 2017/04/27 02:51:04 Failed to create SSH connection to 192.168.48.12:22: dial tcp 192.168.48.12:22: getsockopt: connection timed out
[negroni] Started GET /queue/71128f4e35fa08d1c1fc0f7dc9925957
[negroni] Completed 200 OK in 76.118µs
[negroni] Started GET /queue/71128f4e35fa08d1c1fc0f7dc9925957
[negroni] Completed 200 OK in 75.575µs
[negroni] Started GET /queue/71128f4e35fa08d1c1fc0f7dc9925957
[negroni] Completed 200 OK in 67.957µs
[negroni] Started GET /queue/71128f4e35fa08d1c1fc0f7dc9925957
[negroni] Completed 200 OK in 88.415µs
[negroni] Started GET /queue/71128f4e35fa08d1c1fc0f7dc9925957
[negroni] Completed 200 OK in 123.166µs
[negroni] Started GET /queue/71128f4e35fa08d1c1fc0f7dc9925957
[negroni] Completed 200 OK in 111.124µs
[negroni] Started GET /queue/71128f4e35fa08d1c1fc0f7dc9925957
[negroni] Completed 200 OK in 112.307µs
[negroni] Started GET /queue/71128f4e35fa08d1c1fc0f7dc9925957
[negroni] Completed 200 OK in 87.469µs
[negroni] Started GET /queue/71128f4e35fa08d1c1fc0f7dc9925957
[negroni] Completed 200 OK in 179.995µs
[negroni] Started GET /queue/71128f4e35fa08d1c1fc0f7dc9925957
[negroni] Completed 200 OK in 94.417µs
[negroni] Started GET /queue/71128f4e35fa08d1c1fc0f7dc9925957
[negroni] Completed 200 OK in 194.045µs
[negroni] Started GET /queue/71128f4e35fa08d1c1fc0f7dc9925957
[negroni] Completed 200 OK in 94.564µs
[negroni] Started GET /queue/71128f4e35fa08d1c1fc0f7dc9925957
[negroni] Completed 200 OK in 58.792µs
[negroni] Started GET /queue/71128f4e35fa08d1c1fc0f7dc9925957
[negroni] Completed 200 OK in 74.219µs
[negroni] Started GET /queue/71128f4e35fa08d1c1fc0f7dc9925957
[negroni] Completed 200 OK in 237.19µs
[negroni] Started GET /queue/71128f4e35fa08d1c1fc0f7dc9925957
[negroni] Completed 200 OK in 134.859µs
[negroni] Started GET /queue/71128f4e35fa08d1c1fc0f7dc9925957
[negroni] Completed 200 OK in 59.803µs
[negroni] Started GET /queue/71128f4e35fa08d1c1fc0f7dc9925957
[negroni] Completed 200 OK in 72.144µs
[negroni] Started GET /queue/71128f4e35fa08d1c1fc0f7dc9925957
[negroni] Completed 200 OK in 114.579µs
[negroni] Started GET /queue/71128f4e35fa08d1c1fc0f7dc9925957
[negroni] Completed 200 OK in 114.155µs
[negroni] Started GET /queue/71128f4e35fa08d1c1fc0f7dc9925957
[negroni] Completed 200 OK in 87.757µs
[negroni] Started GET /queue/71128f4e35fa08d1c1fc0f7dc9925957
[negroni] Completed 200 OK in 313.913µs
[negroni] Started GET /queue/71128f4e35fa08d1c1fc0f7dc9925957
[negroni] Completed 200 OK in 77.136µs
[negroni] Started GET /queue/71128f4e35fa08d1c1fc0f7dc9925957
[negroni] Completed 200 OK in 132.179µs
[negroni] Started GET /queue/71128f4e35fa08d1c1fc0f7dc9925957
[negroni] Completed 200 OK in 137.57µs
[negroni] Started GET /queue/71128f4e35fa08d1c1fc0f7dc9925957
[negroni] Completed 200 OK in 52.261µs
[negroni] Started GET /queue/71128f4e35fa08d1c1fc0f7dc9925957
[negroni] Completed 200 OK in 123.727µs
[negroni] Started GET /queue/71128f4e35fa08d1c1fc0f7dc9925957
[negroni] Completed 200 OK in 99.551µs
[negroni] Started GET /queue/71128f4e35fa08d1c1fc0f7dc9925957
[negroni] Completed 200 OK in 80.201µs
[negroni] Started GET /queue/71128f4e35fa08d1c1fc0f7dc9925957
[negroni] Completed 200 OK in 85.805µs
[negroni] Started GET /queue/71128f4e35fa08d1c1fc0f7dc9925957
[negroni] Completed 200 OK in 68.679µs
[negroni] Started GET /queue/71128f4e35fa08d1c1fc0f7dc9925957
[negroni] Completed 200 OK in 163.321µs
[negroni] Started GET /queue/71128f4e35fa08d1c1fc0f7dc9925957
[negroni] Completed 200 OK in 74.315µs
[negroni] Started GET /queue/71128f4e35fa08d1c1fc0f7dc9925957
[negroni] Completed 200 OK in 85.775µs
[negroni] Started GET /queue/71128f4e35fa08d1c1fc0f7dc9925957
[negroni] Completed 200 OK in 143.78µs
[negroni] Started GET /queue/71128f4e35fa08d1c1fc0f7dc9925957
[negroni] Completed 200 OK in 54.264µs
[negroni] Started GET /queue/71128f4e35fa08d1c1fc0f7dc9925957
[negroni] Completed 200 OK in 118.354µs
[negroni] Started GET /queue/71128f4e35fa08d1c1fc0f7dc9925957
[negroni] Completed 200 OK in 347.533µs
[negroni] Started GET /queue/71128f4e35fa08d1c1fc0f7dc9925957
[negroni] Completed 200 OK in 100.25µs
[negroni] Started GET /queue/71128f4e35fa08d1c1fc0f7dc9925957
[negroni] Completed 200 OK in 88.324µs
[negroni] Started GET /queue/71128f4e35fa08d1c1fc0f7dc9925957
[negroni] Completed 200 OK in 188.032µs
[negroni] Started GET /queue/71128f4e35fa08d1c1fc0f7dc9925957
[negroni] Completed 200 OK in 71.66µs
[negroni] Started GET /queue/71128f4e35fa08d1c1fc0f7dc9925957
[negroni] Completed 200 OK in 73.246µs
[negroni] Started GET /queue/71128f4e35fa08d1c1fc0f7dc9925957
[negroni] Completed 200 OK in 58.267µs
[negroni] Started GET /queue/71128f4e35fa08d1c1fc0f7dc9925957
[negroni] Completed 200 OK in 60.699µs
[negroni] Started GET /queue/71128f4e35fa08d1c1fc0f7dc9925957
[negroni] Completed 200 OK in 92.698µs
[negroni] Started GET /queue/71128f4e35fa08d1c1fc0f7dc9925957
[negroni] Completed 200 OK in 79.269µs
[negroni] Started GET /queue/71128f4e35fa08d1c1fc0f7dc9925957
[negroni] Completed 200 OK in 383.249µs
[negroni] Started GET /queue/71128f4e35fa08d1c1fc0f7dc9925957
[negroni] Completed 200 OK in 104.422µs
[negroni] Started GET /queue/71128f4e35fa08d1c1fc0f7dc9925957
[negroni] Completed 200 OK in 106.31µs
[negroni] Started GET /queue/71128f4e35fa08d1c1fc0f7dc9925957
[negroni] Completed 200 OK in 185.245µs
[negroni] Started GET /queue/71128f4e35fa08d1c1fc0f7dc9925957
[negroni] Completed 200 OK in 142.335µs
[negroni] Started GET /queue/71128f4e35fa08d1c1fc0f7dc9925957
[negroni] Completed 200 OK in 70.035µs
[negroni] Started GET /queue/71128f4e35fa08d1c1fc0f7dc9925957
[negroni] Completed 200 OK in 111.511µs
[negroni] Started GET /queue/71128f4e35fa08d1c1fc0f7dc9925957
[negroni] Completed 200 OK in 208.973µs
[negroni] Started GET /queue/71128f4e35fa08d1c1fc0f7dc9925957
[negroni] Completed 200 OK in 92.935µs
[negroni] Started GET /queue/71128f4e35fa08d1c1fc0f7dc9925957
[negroni] Completed 200 OK in 133.953µs
[negroni] Started GET /queue/71128f4e35fa08d1c1fc0f7dc9925957
[negroni] Completed 200 OK in 86.6µs
[negroni] Started GET /queue/71128f4e35fa08d1c1fc0f7dc9925957
[negroni] Completed 200 OK in 89.308µs
[negroni] Started GET /queue/71128f4e35fa08d1c1fc0f7dc9925957
[negroni] Completed 200 OK in 137.307µs
[negroni] Started GET /queue/71128f4e35fa08d1c1fc0f7dc9925957
[negroni] Completed 200 OK in 83.965µs
[negroni] Started GET /queue/71128f4e35fa08d1c1fc0f7dc9925957
[negroni] Completed 200 OK in 77.099µs
[negroni] Started GET /queue/71128f4e35fa08d1c1fc0f7dc9925957
[negroni] Completed 200 OK in 134.43µs
[negroni] Started GET /queue/71128f4e35fa08d1c1fc0f7dc9925957
[negroni] Completed 200 OK in 85.379µs
[negroni] Started GET /queue/71128f4e35fa08d1c1fc0f7dc9925957
[negroni] Completed 200 OK in 104.199µs
[negroni] Started GET /queue/71128f4e35fa08d1c1fc0f7dc9925957
[negroni] Completed 200 OK in 110.365µs
[negroni] Started GET /queue/71128f4e35fa08d1c1fc0f7dc9925957
[negroni] Completed 200 OK in 139.463µs
[negroni] Started GET /queue/71128f4e35fa08d1c1fc0f7dc9925957
[negroni] Completed 200 OK in 93.585µs
[negroni] Started GET /queue/71128f4e35fa08d1c1fc0f7dc9925957
[negroni] Completed 200 OK in 122.813µs
[negroni] Started GET /queue/71128f4e35fa08d1c1fc0f7dc9925957
[negroni] Completed 200 OK in 134.379µs
[negroni] Started GET /queue/71128f4e35fa08d1c1fc0f7dc9925957
[negroni] Completed 200 OK in 193.284µs
[negroni] Started GET /queue/71128f4e35fa08d1c1fc0f7dc9925957
[negroni] Completed 200 OK in 52.257µs
[negroni] Started GET /queue/71128f4e35fa08d1c1fc0f7dc9925957
[negroni] Completed 200 OK in 73.274µs
[negroni] Started GET /queue/71128f4e35fa08d1c1fc0f7dc9925957
[negroni] Completed 200 OK in 107.246µs
[negroni] Started GET /queue/71128f4e35fa08d1c1fc0f7dc9925957
[negroni] Completed 200 OK in 193.12µs
[negroni] Started GET /queue/71128f4e35fa08d1c1fc0f7dc9925957
[negroni] Completed 200 OK in 88.602µs
[negroni] Started GET /queue/71128f4e35fa08d1c1fc0f7dc9925957
[negroni] Completed 200 OK in 78.706µs
[negroni] Started GET /queue/71128f4e35fa08d1c1fc0f7dc9925957
[negroni] Completed 200 OK in 64.889µs
[negroni] Started GET /queue/71128f4e35fa08d1c1fc0f7dc9925957
[negroni] Completed 200 OK in 64.674µs
[negroni] Started GET /queue/71128f4e35fa08d1c1fc0f7dc9925957
[negroni] Completed 200 OK in 101.969µs
[negroni] Started GET /queue/71128f4e35fa08d1c1fc0f7dc9925957
[negroni] Completed 200 OK in 74.04µs
[negroni] Started GET /queue/71128f4e35fa08d1c1fc0f7dc9925957
[negroni] Completed 200 OK in 84.164µs
[negroni] Started GET /queue/71128f4e35fa08d1c1fc0f7dc9925957
[negroni] Completed 200 OK in 167.465µs
[negroni] Started GET /queue/71128f4e35fa08d1c1fc0f7dc9925957
[negroni] Completed 200 OK in 144.14µs
[negroni] Started GET /queue/71128f4e35fa08d1c1fc0f7dc9925957
[negroni] Completed 200 OK in 187.736µs
[negroni] Started GET /queue/71128f4e35fa08d1c1fc0f7dc9925957
[negroni] Completed 200 OK in 53.374µs
[negroni] Started GET /queue/71128f4e35fa08d1c1fc0f7dc9925957
[negroni] Completed 200 OK in 131.094µs
[negroni] Started GET /queue/71128f4e35fa08d1c1fc0f7dc9925957
[negroni] Completed 200 OK in 84.282µs
[negroni] Started GET /queue/71128f4e35fa08d1c1fc0f7dc9925957
[negroni] Completed 200 OK in 71.131µs
[negroni] Started GET /queue/71128f4e35fa08d1c1fc0f7dc9925957
[negroni] Completed 200 OK in 133.491µs
[negroni] Started GET /queue/71128f4e35fa08d1c1fc0f7dc9925957
[negroni] Completed 200 OK in 157.941µs
[negroni] Started GET /queue/71128f4e35fa08d1c1fc0f7dc9925957
[negroni] Completed 200 OK in 137.158µs
[negroni] Started GET /queue/71128f4e35fa08d1c1fc0f7dc9925957
[negroni] Completed 200 OK in 73.35µs
[negroni] Started GET /queue/71128f4e35fa08d1c1fc0f7dc9925957
[negroni] Completed 200 OK in 61.653µs
[negroni] Started GET /queue/71128f4e35fa08d1c1fc0f7dc9925957
[negroni] Completed 200 OK in 86.129µs
[negroni] Started GET /queue/71128f4e35fa08d1c1fc0f7dc9925957
[negroni] Completed 200 OK in 234.876µs
[negroni] Started GET /queue/71128f4e35fa08d1c1fc0f7dc9925957
[negroni] Completed 200 OK in 86.241µs
[negroni] Started GET /queue/71128f4e35fa08d1c1fc0f7dc9925957
[negroni] Completed 200 OK in 81.402µs
[negroni] Started GET /queue/71128f4e35fa08d1c1fc0f7dc9925957
[negroni] Completed 200 OK in 195.508µs
[negroni] Started GET /queue/71128f4e35fa08d1c1fc0f7dc9925957
[negroni] Completed 200 OK in 264.966µs
[negroni] Started GET /queue/71128f4e35fa08d1c1fc0f7dc9925957
[negroni] Completed 200 OK in 143.54µs
[negroni] Started GET /queue/71128f4e35fa08d1c1fc0f7dc9925957
[negroni] Completed 200 OK in 84.415µs
[negroni] Started GET /queue/71128f4e35fa08d1c1fc0f7dc9925957
[negroni] Completed 200 OK in 58.809µs
[negroni] Started GET /queue/71128f4e35fa08d1c1fc0f7dc9925957
[negroni] Completed 200 OK in 72.736µs
[negroni] Started GET /queue/71128f4e35fa08d1c1fc0f7dc9925957
[negroni] Completed 200 OK in 173.642µs
[negroni] Started GET /queue/71128f4e35fa08d1c1fc0f7dc9925957
[negroni] Completed 200 OK in 127.381µs
[negroni] Started GET /queue/71128f4e35fa08d1c1fc0f7dc9925957
[negroni] Completed 200 OK in 96.693µs
[negroni] Started GET /queue/71128f4e35fa08d1c1fc0f7dc9925957
[negroni] Completed 200 OK in 134.562µs
[negroni] Started GET /queue/71128f4e35fa08d1c1fc0f7dc9925957
[negroni] Completed 200 OK in 317.296µs
[negroni] Started GET /queue/71128f4e35fa08d1c1fc0f7dc9925957
[negroni] Completed 200 OK in 281.037µs
[negroni] Started GET /queue/71128f4e35fa08d1c1fc0f7dc9925957
[negroni] Completed 200 OK in 62.947µs
[negroni] Started GET /queue/71128f4e35fa08d1c1fc0f7dc9925957
[negroni] Completed 200 OK in 75.299µs
[negroni] Started GET /queue/71128f4e35fa08d1c1fc0f7dc9925957
[negroni] Completed 200 OK in 59.917µs
[negroni] Started GET /queue/71128f4e35fa08d1c1fc0f7dc9925957
[negroni] Completed 200 OK in 89.463µs
[negroni] Started GET /queue/71128f4e35fa08d1c1fc0f7dc9925957
[negroni] Completed 200 OK in 107.039µs
[negroni] Started GET /queue/71128f4e35fa08d1c1fc0f7dc9925957
[negroni] Completed 200 OK in 120.405µs
[negroni] Started GET /queue/71128f4e35fa08d1c1fc0f7dc9925957
[negroni] Completed 200 OK in 80.866µs
[negroni] Started GET /queue/71128f4e35fa08d1c1fc0f7dc9925957
[negroni] Completed 200 OK in 94.362µs
[negroni] Started GET /queue/71128f4e35fa08d1c1fc0f7dc9925957
[negroni] Completed 200 OK in 342.104µs
[negroni] Started GET /queue/71128f4e35fa08d1c1fc0f7dc9925957
[negroni] Completed 200 OK in 121.19µs
[negroni] Started GET /queue/71128f4e35fa08d1c1fc0f7dc9925957
[negroni] Completed 200 OK in 85.567µs
[negroni] Started GET /queue/71128f4e35fa08d1c1fc0f7dc9925957
[negroni] Completed 200 OK in 87.09µs
[negroni] Started GET /queue/71128f4e35fa08d1c1fc0f7dc9925957
[negroni] Completed 200 OK in 84.723µs
[negroni] Started GET /queue/71128f4e35fa08d1c1fc0f7dc9925957
[negroni] Completed 200 OK in 112.008µs
[negroni] Started GET /queue/71128f4e35fa08d1c1fc0f7dc9925957
[negroni] Completed 200 OK in 248.62µs
[negroni] Started GET /queue/71128f4e35fa08d1c1fc0f7dc9925957
[negroni] Completed 200 OK in 89.371µs
[sshexec] ERROR 2017/04/27 02:53:11 /src/github.com/heketi/heketi/executors/sshexec/brick.go:152: dial tcp 192.168.48.12:22: getsockopt: connection timed out
[sshexec] WARNING 2017/04/27 02:53:11 Failed to create SSH connection to 192.168.48.12:22: dial tcp 192.168.48.12:22: getsockopt: connection timed out
[negroni] Started GET /queue/71128f4e35fa08d1c1fc0f7dc9925957
[negroni] Completed 200 OK in 74.884µs
[negroni] Started GET /queue/71128f4e35fa08d1c1fc0f7dc9925957
[negroni] Completed 200 OK in 57.167µs
[negroni] Started GET /queue/71128f4e35fa08d1c1fc0f7dc9925957
[negroni] Completed 200 OK in 92.082µs
[negroni] Started GET /queue/71128f4e35fa08d1c1fc0f7dc9925957
[negroni] Completed 200 OK in 63.818µs
[negroni] Started GET /queue/71128f4e35fa08d1c1fc0f7dc9925957
[negroni] Completed 200 OK in 100.044µs
[negroni] Started GET /queue/71128f4e35fa08d1c1fc0f7dc9925957
[negroni] Completed 200 OK in 122.565µs
[negroni] Started GET /queue/71128f4e35fa08d1c1fc0f7dc9925957
[negroni] Completed 200 OK in 90.719µs
[negroni] Started GET /queue/71128f4e35fa08d1c1fc0f7dc9925957
[negroni] Completed 200 OK in 168.718µs
[negroni] Started GET /queue/71128f4e35fa08d1c1fc0f7dc9925957
[negroni] Completed 200 OK in 126.351µs
[negroni] Started GET /queue/71128f4e35fa08d1c1fc0f7dc9925957
[negroni] Completed 200 OK in 192.959µs
[negroni] Started GET /queue/71128f4e35fa08d1c1fc0f7dc9925957
[negroni] Completed 200 OK in 87.889µs
[negroni] Started GET /queue/71128f4e35fa08d1c1fc0f7dc9925957
[negroni] Completed 200 OK in 52.479µs
[negroni] Started GET /queue/71128f4e35fa08d1c1fc0f7dc9925957
[negroni] Completed 200 OK in 81.459µs
[negroni] Started GET /queue/71128f4e35fa08d1c1fc0f7dc9925957
[negroni] Completed 200 OK in 166.779µs
[negroni] Started GET /queue/71128f4e35fa08d1c1fc0f7dc9925957
[negroni] Completed 200 OK in 107.457µs
[negroni] Started GET /queue/71128f4e35fa08d1c1fc0f7dc9925957
[negroni] Completed 200 OK in 80.414µs
[negroni] Started GET /queue/71128f4e35fa08d1c1fc0f7dc9925957
[negroni] Completed 200 OK in 99.718µs
[negroni] Started GET /queue/71128f4e35fa08d1c1fc0f7dc9925957
[negroni] Completed 200 OK in 82.314µs
[negroni] Started GET /queue/71128f4e35fa08d1c1fc0f7dc9925957
[negroni] Completed 200 OK in 61.919µs
[negroni] Started GET /queue/71128f4e35fa08d1c1fc0f7dc9925957
[negroni] Completed 200 OK in 89.567µs
[negroni] Started GET /queue/71128f4e35fa08d1c1fc0f7dc9925957
[negroni] Completed 200 OK in 162.366µs
[negroni] Started GET /queue/71128f4e35fa08d1c1fc0f7dc9925957
[negroni] Completed 200 OK in 110.029µs
[negroni] Started GET /queue/71128f4e35fa08d1c1fc0f7dc9925957
[negroni] Completed 200 OK in 112.808µs
[negroni] Started GET /queue/71128f4e35fa08d1c1fc0f7dc9925957
[negroni] Completed 200 OK in 101.053µs
[negroni] Started GET /queue/71128f4e35fa08d1c1fc0f7dc9925957
[negroni] Completed 200 OK in 102.689µs
[negroni] Started GET /queue/71128f4e35fa08d1c1fc0f7dc9925957
[negroni] Completed 200 OK in 62.877µs
[negroni] Started GET /queue/71128f4e35fa08d1c1fc0f7dc9925957
[negroni] Completed 200 OK in 50.518µs
[negroni] Started GET /queue/71128f4e35fa08d1c1fc0f7dc9925957
[negroni] Completed 200 OK in 103.407µs
[negroni] Started GET /queue/71128f4e35fa08d1c1fc0f7dc9925957
[negroni] Completed 200 OK in 156.046µs
[negroni] Started GET /queue/71128f4e35fa08d1c1fc0f7dc9925957
[negroni] Completed 200 OK in 128.605µs
[negroni] Started GET /queue/71128f4e35fa08d1c1fc0f7dc9925957
[negroni] Completed 200 OK in 117.547µs
[negroni] Started GET /queue/71128f4e35fa08d1c1fc0f7dc9925957
[negroni] Completed 200 OK in 141µs
[negroni] Started GET /queue/71128f4e35fa08d1c1fc0f7dc9925957
[negroni] Completed 200 OK in 228.795µs
[negroni] Started GET /queue/71128f4e35fa08d1c1fc0f7dc9925957
[negroni] Completed 200 OK in 52.196µs
[negroni] Started GET /queue/71128f4e35fa08d1c1fc0f7dc9925957
[negroni] Completed 200 OK in 142.351µs
[negroni] Started GET /queue/71128f4e35fa08d1c1fc0f7dc9925957
[negroni] Completed 200 OK in 74.536µs
[negroni] Started GET /queue/71128f4e35fa08d1c1fc0f7dc9925957
[negroni] Completed 200 OK in 181.511µs
[negroni] Started GET /queue/71128f4e35fa08d1c1fc0f7dc9925957
[negroni] Completed 200 OK in 170.933µs
[negroni] Started GET /queue/71128f4e35fa08d1c1fc0f7dc9925957
[negroni] Completed 200 OK in 72.044µs
[negroni] Started GET /queue/71128f4e35fa08d1c1fc0f7dc9925957
[negroni] Completed 200 OK in 78.426µs
[negroni] Started GET /queue/71128f4e35fa08d1c1fc0f7dc9925957
[negroni] Completed 200 OK in 63.563µs
[negroni] Started GET /queue/71128f4e35fa08d1c1fc0f7dc9925957
[negroni] Completed 200 OK in 78.542µs
[negroni] Started GET /queue/71128f4e35fa08d1c1fc0f7dc9925957
[negroni] Completed 200 OK in 128.082µs
[negroni] Started GET /queue/71128f4e35fa08d1c1fc0f7dc9925957
[negroni] Completed 200 OK in 80.414µs
[negroni] Started GET /queue/71128f4e35fa08d1c1fc0f7dc9925957
[negroni] Completed 200 OK in 132.942µs
[negroni] Started GET /queue/71128f4e35fa08d1c1fc0f7dc9925957
[negroni] Completed 200 OK in 51.332µs
[negroni] Started GET /queue/71128f4e35fa08d1c1fc0f7dc9925957
[negroni] Completed 200 OK in 62.99µs
[negroni] Started GET /queue/71128f4e35fa08d1c1fc0f7dc9925957
[negroni] Completed 200 OK in 175.766µs
[negroni] Started GET /queue/71128f4e35fa08d1c1fc0f7dc9925957
[negroni] Completed 200 OK in 71.686µs
[negroni] Started GET /queue/71128f4e35fa08d1c1fc0f7dc9925957
[negroni] Completed 200 OK in 71.134µs
[negroni] Started GET /queue/71128f4e35fa08d1c1fc0f7dc9925957
[negroni] Completed 200 OK in 143.36µs
[negroni] Started GET /queue/71128f4e35fa08d1c1fc0f7dc9925957
[negroni] Completed 200 OK in 96.47µs
[negroni] Started GET /queue/71128f4e35fa08d1c1fc0f7dc9925957
[negroni] Completed 200 OK in 66.277µs
[negroni] Started GET /queue/71128f4e35fa08d1c1fc0f7dc9925957
[negroni] Completed 200 OK in 91.194µs
[negroni] Started GET /queue/71128f4e35fa08d1c1fc0f7dc9925957
[negroni] Completed 200 OK in 63.958µs
[negroni] Started GET /queue/71128f4e35fa08d1c1fc0f7dc9925957
[negroni] Completed 200 OK in 131.339µs
[negroni] Started GET /queue/71128f4e35fa08d1c1fc0f7dc9925957
[negroni] Completed 200 OK in 54.845µs
[negroni] Started GET /queue/71128f4e35fa08d1c1fc0f7dc9925957
[negroni] Completed 200 OK in 110.078µs
[negroni] Started GET /queue/71128f4e35fa08d1c1fc0f7dc9925957
[negroni] Completed 200 OK in 60.283µs
[negroni] Started GET /queue/71128f4e35fa08d1c1fc0f7dc9925957
[negroni] Completed 200 OK in 101.608µs
[negroni] Started GET /queue/71128f4e35fa08d1c1fc0f7dc9925957
[negroni] Completed 200 OK in 112.068µs
[negroni] Started GET /queue/71128f4e35fa08d1c1fc0f7dc9925957
[negroni] Completed 200 OK in 65.372µs
[negroni] Started GET /queue/71128f4e35fa08d1c1fc0f7dc9925957
[negroni] Completed 200 OK in 88.737µs
[negroni] Started GET /queue/71128f4e35fa08d1c1fc0f7dc9925957
[negroni] Completed 200 OK in 73.834µs
[negroni] Started GET /queue/71128f4e35fa08d1c1fc0f7dc9925957
[negroni] Completed 200 OK in 97.221µs
[negroni] Started GET /queue/71128f4e35fa08d1c1fc0f7dc9925957
[negroni] Completed 200 OK in 54.072µs
[negroni] Started GET /queue/71128f4e35fa08d1c1fc0f7dc9925957
[negroni] Completed 200 OK in 74.625µs
[negroni] Started GET /queue/71128f4e35fa08d1c1fc0f7dc9925957
[negroni] Completed 200 OK in 184.164µs
[negroni] Started GET /queue/71128f4e35fa08d1c1fc0f7dc9925957
[negroni] Completed 200 OK in 129.765µs
[negroni] Started GET /queue/71128f4e35fa08d1c1fc0f7dc9925957
[negroni] Completed 200 OK in 111.126µs
[negroni] Started GET /queue/71128f4e35fa08d1c1fc0f7dc9925957
[negroni] Completed 200 OK in 167.935µs
[negroni] Started GET /queue/71128f4e35fa08d1c1fc0f7dc9925957
[negroni] Completed 200 OK in 119.945µs
[negroni] Started GET /queue/71128f4e35fa08d1c1fc0f7dc9925957
[negroni] Completed 200 OK in 101.53µs
[negroni] Started GET /queue/71128f4e35fa08d1c1fc0f7dc9925957
[negroni] Completed 200 OK in 133.169µs
[negroni] Started GET /queue/71128f4e35fa08d1c1fc0f7dc9925957
[negroni] Completed 200 OK in 98.218µs
[negroni] Started GET /queue/71128f4e35fa08d1c1fc0f7dc9925957
[negroni] Completed 200 OK in 134.631µs
[negroni] Started GET /queue/71128f4e35fa08d1c1fc0f7dc9925957
[negroni] Completed 200 OK in 150.958µs
[negroni] Started GET /queue/71128f4e35fa08d1c1fc0f7dc9925957
[negroni] Completed 200 OK in 126.663µs
[negroni] Started GET /queue/71128f4e35fa08d1c1fc0f7dc9925957
[negroni] Completed 200 OK in 163.685µs
[negroni] Started GET /queue/71128f4e35fa08d1c1fc0f7dc9925957
[negroni] Completed 200 OK in 64.06µs
[negroni] Started GET /queue/71128f4e35fa08d1c1fc0f7dc9925957
[negroni] Completed 200 OK in 104.607µs
[negroni] Started GET /queue/71128f4e35fa08d1c1fc0f7dc9925957
[negroni] Completed 200 OK in 81.532µs
[negroni] Started GET /queue/71128f4e35fa08d1c1fc0f7dc9925957
[negroni] Completed 200 OK in 98.45µs
[negroni] Started GET /queue/71128f4e35fa08d1c1fc0f7dc9925957
[negroni] Completed 200 OK in 76.643µs
[negroni] Started GET /queue/71128f4e35fa08d1c1fc0f7dc9925957
[negroni] Completed 200 OK in 93.032µs
[negroni] Started GET /queue/71128f4e35fa08d1c1fc0f7dc9925957
[negroni] Completed 200 OK in 90.874µs
[negroni] Started GET /queue/71128f4e35fa08d1c1fc0f7dc9925957
[negroni] Completed 200 OK in 94.388µs
[negroni] Started GET /queue/71128f4e35fa08d1c1fc0f7dc9925957
[negroni] Completed 200 OK in 91.291µs
[negroni] Started GET /queue/71128f4e35fa08d1c1fc0f7dc9925957
[negroni] Completed 200 OK in 366.172µs
[negroni] Started GET /queue/71128f4e35fa08d1c1fc0f7dc9925957
[negroni] Completed 200 OK in 73.43µs
[negroni] Started GET /queue/71128f4e35fa08d1c1fc0f7dc9925957
[negroni] Completed 200 OK in 95.162µs
[negroni] Started GET /queue/71128f4e35fa08d1c1fc0f7dc9925957
[negroni] Completed 200 OK in 85.431µs
[negroni] Started GET /queue/71128f4e35fa08d1c1fc0f7dc9925957
[negroni] Completed 200 OK in 76.334µs
[negroni] Started GET /queue/71128f4e35fa08d1c1fc0f7dc9925957
[negroni] Completed 200 OK in 160.312µs
[negroni] Started GET /queue/71128f4e35fa08d1c1fc0f7dc9925957
[negroni] Completed 200 OK in 121.433µs
[negroni] Started GET /queue/71128f4e35fa08d1c1fc0f7dc9925957
[negroni] Completed 200 OK in 59.651µs
[negroni] Started GET /queue/71128f4e35fa08d1c1fc0f7dc9925957
[negroni] Completed 200 OK in 102.503µs
[negroni] Started GET /queue/71128f4e35fa08d1c1fc0f7dc9925957
[negroni] Completed 200 OK in 142.428µs
[negroni] Started GET /queue/71128f4e35fa08d1c1fc0f7dc9925957
[negroni] Completed 200 OK in 64.365µs
[negroni] Started GET /queue/71128f4e35fa08d1c1fc0f7dc9925957
[negroni] Completed 200 OK in 77.66µs
[negroni] Started GET /queue/71128f4e35fa08d1c1fc0f7dc9925957
[negroni] Completed 200 OK in 79.829µs
[negroni] Started GET /queue/71128f4e35fa08d1c1fc0f7dc9925957
[negroni] Completed 200 OK in 119.251µs
[negroni] Started GET /queue/71128f4e35fa08d1c1fc0f7dc9925957
[negroni] Completed 200 OK in 161.406µs
[negroni] Started GET /queue/71128f4e35fa08d1c1fc0f7dc9925957
[negroni] Completed 200 OK in 100.534µs
[negroni] Started GET /queue/71128f4e35fa08d1c1fc0f7dc9925957
[negroni] Completed 200 OK in 165.586µs
[negroni] Started GET /queue/71128f4e35fa08d1c1fc0f7dc9925957
[negroni] Completed 200 OK in 92.201µs
[negroni] Started GET /queue/71128f4e35fa08d1c1fc0f7dc9925957
[negroni] Completed 200 OK in 69.39µs
[negroni] Started GET /queue/71128f4e35fa08d1c1fc0f7dc9925957
[negroni] Completed 200 OK in 67.723µs
[negroni] Started GET /queue/71128f4e35fa08d1c1fc0f7dc9925957
[negroni] Completed 200 OK in 78.385µs
[negroni] Started GET /queue/71128f4e35fa08d1c1fc0f7dc9925957
[negroni] Completed 200 OK in 247.479µs
[negroni] Started GET /queue/71128f4e35fa08d1c1fc0f7dc9925957
[negroni] Completed 200 OK in 210.773µs
[negroni] Started GET /queue/71128f4e35fa08d1c1fc0f7dc9925957
[negroni] Completed 200 OK in 91.657µs
[negroni] Started GET /queue/71128f4e35fa08d1c1fc0f7dc9925957
[negroni] Completed 200 OK in 133.862µs
[negroni] Started GET /queue/71128f4e35fa08d1c1fc0f7dc9925957
[negroni] Completed 200 OK in 113.935µs
[negroni] Started GET /queue/71128f4e35fa08d1c1fc0f7dc9925957
[negroni] Completed 200 OK in 113.33µs
[negroni] Started GET /queue/71128f4e35fa08d1c1fc0f7dc9925957
[negroni] Completed 200 OK in 121.656µs
[negroni] Started GET /queue/71128f4e35fa08d1c1fc0f7dc9925957
[negroni] Completed 200 OK in 92.27µs
[negroni] Started GET /queue/71128f4e35fa08d1c1fc0f7dc9925957
[negroni] Completed 200 OK in 396.499µs
[negroni] Started GET /queue/71128f4e35fa08d1c1fc0f7dc9925957
[negroni] Completed 200 OK in 91.784µs
[negroni] Started GET /queue/71128f4e35fa08d1c1fc0f7dc9925957
[negroni] Completed 200 OK in 177.44µs
[negroni] Started GET /queue/71128f4e35fa08d1c1fc0f7dc9925957
[negroni] Completed 200 OK in 129.464µs
[negroni] Started GET /queue/71128f4e35fa08d1c1fc0f7dc9925957
[negroni] Completed 200 OK in 66.365µs
[negroni] Started GET /queue/71128f4e35fa08d1c1fc0f7dc9925957
[negroni] Completed 200 OK in 65.959µs
[negroni] Started GET /queue/71128f4e35fa08d1c1fc0f7dc9925957
[negroni] Completed 200 OK in 89.169µs
[negroni] Started GET /queue/71128f4e35fa08d1c1fc0f7dc9925957
[negroni] Completed 200 OK in 109.64µs
[negroni] Started GET /queue/71128f4e35fa08d1c1fc0f7dc9925957
[negroni] Completed 200 OK in 128.482µs
[negroni] Started GET /queue/71128f4e35fa08d1c1fc0f7dc9925957
[negroni] Completed 200 OK in 99.817µs
[sshexec] WARNING 2017/04/27 02:55:19 Failed to create SSH connection to 192.168.48.12:22: dial tcp 192.168.48.12:22: getsockopt: connection timed out
[sshexec] ERROR 2017/04/27 02:55:19 /src/github.com/heketi/heketi/executors/sshexec/brick.go:163: dial tcp 192.168.48.12:22: getsockopt: connection timed out
[asynchttp] INFO 2017/04/27 02:55:19 Completed job 71128f4e35fa08d1c1fc0f7dc9925957 in 19m5.256415899s
[heketi] ERROR 2017/04/27 02:55:19 /src/github.com/heketi/heketi/apps/glusterfs/app_volume.go:148: Failed to create volume: dial tcp 192.168.48.12:22: getsockopt: connection timed out
[negroni] Started GET /queue/71128f4e35fa08d1c1fc0f7dc9925957
[negroni] Completed 500 Internal Server Error in 91.995µs
[negroni] Started POST /volumes
[negroni] Completed 202 Accepted in 17.408746ms
[asynchttp] INFO 2017/04/27 02:55:29 Started job cc0bd67d25a90ba259a9f9f2a9a03d0e
[heketi] INFO 2017/04/27 02:55:29 Creating volume f6b1045bc6ed3afb9c4a96afa5d50231
[heketi] INFO 2017/04/27 02:55:29 brick_num: 0
[negroni] Started GET /queue/cc0bd67d25a90ba259a9f9f2a9a03d0e
[negroni] Completed 200 OK in 133.789µs
[heketi] INFO 2017/04/27 02:55:29 Creating brick c8c0b566f282735072563193ee62b7ae
[heketi] INFO 2017/04/27 02:55:29 Creating brick 664abaa7d27a38eb91f42c971fa57b0a
[heketi] INFO 2017/04/27 02:55:29 Creating brick d585b74a81f4c0bfafca0f4270ad78d3
[sshexec] DEBUG 2017/04/27 02:55:29 /src/github.com/heketi/heketi/pkg/utils/ssh/ssh.go:176: Host: 192.168.48.14:22 Command: /bin/bash -c 'mkdir -p /var/lib/heketi/mounts/vg_d72d3bd802d4e511a80ce2f16181289d/brick_c8c0b566f282735072563193ee62b7ae'
Result: 
[sshexec] DEBUG 2017/04/27 02:55:29 /src/github.com/heketi/heketi/pkg/utils/ssh/ssh.go:176: Host: 192.168.48.17:22 Command: /bin/bash -c 'mkdir -p /var/lib/heketi/mounts/vg_6c7ff8b53124baa86b5b789cd93274e1/brick_d585b74a81f4c0bfafca0f4270ad78d3'
Result: 
[negroni] Started GET /queue/cc0bd67d25a90ba259a9f9f2a9a03d0e
[negroni] Completed 200 OK in 105.814µs
[sshexec] DEBUG 2017/04/27 02:55:30 /src/github.com/heketi/heketi/pkg/utils/ssh/ssh.go:176: Host: 192.168.48.17:22 Command: /bin/bash -c 'lvcreate --poolmetadatasize 8192K -c 256K -L 1048576K -T vg_6c7ff8b53124baa86b5b789cd93274e1/tp_d585b74a81f4c0bfafca0f4270ad78d3 -V 1048576K -n brick_d585b74a81f4c0bfafca0f4270ad78d3'
Result:   Logical volume "brick_d585b74a81f4c0bfafca0f4270ad78d3" created.
[sshexec] DEBUG 2017/04/27 02:55:30 /src/github.com/heketi/heketi/pkg/utils/ssh/ssh.go:176: Host: 192.168.48.17:22 Command: /bin/bash -c 'mkfs.xfs -i size=512 -n size=8192 /dev/mapper/vg_6c7ff8b53124baa86b5b789cd93274e1-brick_d585b74a81f4c0bfafca0f4270ad78d3'
Result: meta-data=/dev/mapper/vg_6c7ff8b53124baa86b5b789cd93274e1-brick_d585b74a81f4c0bfafca0f4270ad78d3 isize=512    agcount=8, agsize=32704 blks
         =                       sectsz=512   attr=2, projid32bit=1
         =                       crc=1        finobt=1, sparse=0
data     =                       bsize=4096   blocks=261632, imaxpct=25
         =                       sunit=64     swidth=64 blks
naming   =version 2              bsize=8192   ascii-ci=0 ftype=1
log      =internal log           bsize=4096   blocks=1728, version=2
         =                       sectsz=512   sunit=64 blks, lazy-count=1
realtime =none                   extsz=4096   blocks=0, rtextents=0
[sshexec] DEBUG 2017/04/27 02:55:30 /src/github.com/heketi/heketi/pkg/utils/ssh/ssh.go:176: Host: 192.168.48.17:22 Command: /bin/bash -c 'echo "/dev/mapper/vg_6c7ff8b53124baa86b5b789cd93274e1-brick_d585b74a81f4c0bfafca0f4270ad78d3 /var/lib/heketi/mounts/vg_6c7ff8b53124baa86b5b789cd93274e1/brick_d585b74a81f4c0bfafca0f4270ad78d3 xfs rw,inode64,noatime,nouuid 1 2" | tee -a /etc/fstab > /dev/null '
Result: 
[sshexec] DEBUG 2017/04/27 02:55:30 /src/github.com/heketi/heketi/pkg/utils/ssh/ssh.go:176: Host: 192.168.48.14:22 Command: /bin/bash -c 'lvcreate --poolmetadatasize 8192K -c 256K -L 1048576K -T vg_d72d3bd802d4e511a80ce2f16181289d/tp_c8c0b566f282735072563193ee62b7ae -V 1048576K -n brick_c8c0b566f282735072563193ee62b7ae'
Result:   Logical volume "brick_c8c0b566f282735072563193ee62b7ae" created.
[sshexec] DEBUG 2017/04/27 02:55:30 /src/github.com/heketi/heketi/pkg/utils/ssh/ssh.go:176: Host: 192.168.48.14:22 Command: /bin/bash -c 'mkfs.xfs -i size=512 -n size=8192 /dev/mapper/vg_d72d3bd802d4e511a80ce2f16181289d-brick_c8c0b566f282735072563193ee62b7ae'
Result: meta-data=/dev/mapper/vg_d72d3bd802d4e511a80ce2f16181289d-brick_c8c0b566f282735072563193ee62b7ae isize=512    agcount=8, agsize=32704 blks
         =                       sectsz=512   attr=2, projid32bit=1
         =                       crc=1        finobt=1, sparse=0
data     =                       bsize=4096   blocks=261632, imaxpct=25
         =                       sunit=64     swidth=64 blks
naming   =version 2              bsize=8192   ascii-ci=0 ftype=1
log      =internal log           bsize=4096   blocks=1728, version=2
         =                       sectsz=512   sunit=64 blks, lazy-count=1
realtime =none                   extsz=4096   blocks=0, rtextents=0
[sshexec] DEBUG 2017/04/27 02:55:30 /src/github.com/heketi/heketi/pkg/utils/ssh/ssh.go:176: Host: 192.168.48.14:22 Command: /bin/bash -c 'echo "/dev/mapper/vg_d72d3bd802d4e511a80ce2f16181289d-brick_c8c0b566f282735072563193ee62b7ae /var/lib/heketi/mounts/vg_d72d3bd802d4e511a80ce2f16181289d/brick_c8c0b566f282735072563193ee62b7ae xfs rw,inode64,noatime,nouuid 1 2" | tee -a /etc/fstab > /dev/null '
Result: 
[sshexec] DEBUG 2017/04/27 02:55:30 /src/github.com/heketi/heketi/pkg/utils/ssh/ssh.go:176: Host: 192.168.48.17:22 Command: /bin/bash -c 'mount -o rw,inode64,noatime,nouuid /dev/mapper/vg_6c7ff8b53124baa86b5b789cd93274e1-brick_d585b74a81f4c0bfafca0f4270ad78d3 /var/lib/heketi/mounts/vg_6c7ff8b53124baa86b5b789cd93274e1/brick_d585b74a81f4c0bfafca0f4270ad78d3'
Result: 
[sshexec] DEBUG 2017/04/27 02:55:30 /src/github.com/heketi/heketi/pkg/utils/ssh/ssh.go:176: Host: 192.168.48.17:22 Command: /bin/bash -c 'mkdir /var/lib/heketi/mounts/vg_6c7ff8b53124baa86b5b789cd93274e1/brick_d585b74a81f4c0bfafca0f4270ad78d3/brick'
Result: 
[sshexec] DEBUG 2017/04/27 02:55:30 /src/github.com/heketi/heketi/pkg/utils/ssh/ssh.go:176: Host: 192.168.48.17:22 Command: /bin/bash -c 'chown :2000 /var/lib/heketi/mounts/vg_6c7ff8b53124baa86b5b789cd93274e1/brick_d585b74a81f4c0bfafca0f4270ad78d3/brick'
Result: 
[sshexec] DEBUG 2017/04/27 02:55:30 /src/github.com/heketi/heketi/pkg/utils/ssh/ssh.go:176: Host: 192.168.48.17:22 Command: /bin/bash -c 'chmod 2775 /var/lib/heketi/mounts/vg_6c7ff8b53124baa86b5b789cd93274e1/brick_d585b74a81f4c0bfafca0f4270ad78d3/brick'
Result: 
[sshexec] DEBUG 2017/04/27 02:55:30 /src/github.com/heketi/heketi/pkg/utils/ssh/ssh.go:176: Host: 192.168.48.14:22 Command: /bin/bash -c 'mount -o rw,inode64,noatime,nouuid /dev/mapper/vg_d72d3bd802d4e511a80ce2f16181289d-brick_c8c0b566f282735072563193ee62b7ae /var/lib/heketi/mounts/vg_d72d3bd802d4e511a80ce2f16181289d/brick_c8c0b566f282735072563193ee62b7ae'
Result: 
[sshexec] DEBUG 2017/04/27 02:55:30 /src/github.com/heketi/heketi/pkg/utils/ssh/ssh.go:176: Host: 192.168.48.14:22 Command: /bin/bash -c 'mkdir /var/lib/heketi/mounts/vg_d72d3bd802d4e511a80ce2f16181289d/brick_c8c0b566f282735072563193ee62b7ae/brick'
Result: 
[sshexec] DEBUG 2017/04/27 02:55:30 /src/github.com/heketi/heketi/pkg/utils/ssh/ssh.go:176: Host: 192.168.48.14:22 Command: /bin/bash -c 'chown :2000 /var/lib/heketi/mounts/vg_d72d3bd802d4e511a80ce2f16181289d/brick_c8c0b566f282735072563193ee62b7ae/brick'
Result: 
[sshexec] DEBUG 2017/04/27 02:55:30 /src/github.com/heketi/heketi/pkg/utils/ssh/ssh.go:176: Host: 192.168.48.14:22 Command: /bin/bash -c 'chmod 2775 /var/lib/heketi/mounts/vg_d72d3bd802d4e511a80ce2f16181289d/brick_c8c0b566f282735072563193ee62b7ae/brick'
Result: 
[negroni] Started GET /queue/cc0bd67d25a90ba259a9f9f2a9a03d0e
[negroni] Completed 200 OK in 60.66µs
[negroni] Started GET /queue/cc0bd67d25a90ba259a9f9f2a9a03d0e
[negroni] Completed 200 OK in 121.838µs
[negroni] Started GET /queue/cc0bd67d25a90ba259a9f9f2a9a03d0e
[negroni] Completed 200 OK in 83.339µs
[negroni] Started GET /queue/cc0bd67d25a90ba259a9f9f2a9a03d0e
[negroni] Completed 200 OK in 104.246µs
[negroni] Started GET /queue/cc0bd67d25a90ba259a9f9f2a9a03d0e
[negroni] Completed 200 OK in 160.48µs
[negroni] Started GET /queue/cc0bd67d25a90ba259a9f9f2a9a03d0e
[negroni] Completed 200 OK in 82.578µs
[negroni] Started GET /queue/cc0bd67d25a90ba259a9f9f2a9a03d0e
[negroni] Completed 200 OK in 188.437µs
[negroni] Started GET /queue/cc0bd67d25a90ba259a9f9f2a9a03d0e
[negroni] Completed 200 OK in 73.171µs
[negroni] Started GET /queue/cc0bd67d25a90ba259a9f9f2a9a03d0e
[negroni] Completed 200 OK in 119.029µs
[negroni] Started GET /queue/cc0bd67d25a90ba259a9f9f2a9a03d0e
[negroni] Completed 200 OK in 110.248µs
[negroni] Started GET /queue/cc0bd67d25a90ba259a9f9f2a9a03d0e
[negroni] Completed 200 OK in 144.891µs
[negroni] Started GET /queue/cc0bd67d25a90ba259a9f9f2a9a03d0e
[negroni] Completed 200 OK in 268.887µs
[negroni] Started GET /queue/cc0bd67d25a90ba259a9f9f2a9a03d0e
[negroni] Completed 200 OK in 63.42µs
[negroni] Started GET /queue/cc0bd67d25a90ba259a9f9f2a9a03d0e
[negroni] Completed 200 OK in 487.947µs
[negroni] Started GET /queue/cc0bd67d25a90ba259a9f9f2a9a03d0e
[negroni] Completed 200 OK in 96.595µs
[negroni] Started GET /queue/cc0bd67d25a90ba259a9f9f2a9a03d0e
[negroni] Completed 200 OK in 88.233µs
[negroni] Started GET /queue/cc0bd67d25a90ba259a9f9f2a9a03d0e
[negroni] Completed 200 OK in 116.312µs
[negroni] Started GET /queue/cc0bd67d25a90ba259a9f9f2a9a03d0e
[negroni] Completed 200 OK in 80.457µs
[negroni] Started GET /queue/cc0bd67d25a90ba259a9f9f2a9a03d0e
[negroni] Completed 200 OK in 151.022µs
[negroni] Started GET /queue/cc0bd67d25a90ba259a9f9f2a9a03d0e
[negroni] Completed 200 OK in 167.855µs
[negroni] Started GET /queue/cc0bd67d25a90ba259a9f9f2a9a03d0e
[negroni] Completed 200 OK in 73.341µs
[negroni] Started GET /queue/cc0bd67d25a90ba259a9f9f2a9a03d0e
[negroni] Completed 200 OK in 88.799µs
[negroni] Started GET /queue/cc0bd67d25a90ba259a9f9f2a9a03d0e
[negroni] Completed 200 OK in 206.011µs
[negroni] Started GET /queue/cc0bd67d25a90ba259a9f9f2a9a03d0e
[negroni] Completed 200 OK in 70.019µs
[negroni] Started GET /queue/cc0bd67d25a90ba259a9f9f2a9a03d0e
[negroni] Completed 200 OK in 63.684µs
[negroni] Started GET /queue/cc0bd67d25a90ba259a9f9f2a9a03d0e
[negroni] Completed 200 OK in 89.261µs
[negroni] Started GET /queue/cc0bd67d25a90ba259a9f9f2a9a03d0e
[negroni] Completed 200 OK in 63.351µs
[negroni] Started GET /queue/cc0bd67d25a90ba259a9f9f2a9a03d0e
[negroni] Completed 200 OK in 195.608µs
[negroni] Started GET /queue/cc0bd67d25a90ba259a9f9f2a9a03d0e
[negroni] Completed 200 OK in 538.713µs
[negroni] Started GET /queue/cc0bd67d25a90ba259a9f9f2a9a03d0e
[negroni] Completed 200 OK in 94.18µs
[negroni] Started GET /queue/cc0bd67d25a90ba259a9f9f2a9a03d0e
[negroni] Completed 200 OK in 78.599µs
[negroni] Started GET /queue/cc0bd67d25a90ba259a9f9f2a9a03d0e
[negroni] Completed 200 OK in 130.097µs
[negroni] Started GET /queue/cc0bd67d25a90ba259a9f9f2a9a03d0e
[negroni] Completed 200 OK in 92.288µs
[negroni] Started GET /queue/cc0bd67d25a90ba259a9f9f2a9a03d0e
[negroni] Completed 200 OK in 120.801µs
[negroni] Started GET /queue/cc0bd67d25a90ba259a9f9f2a9a03d0e
[negroni] Completed 200 OK in 144.57µs
[negroni] Started GET /queue/cc0bd67d25a90ba259a9f9f2a9a03d0e
[negroni] Completed 200 OK in 157.455µs
[negroni] Started GET /queue/cc0bd67d25a90ba259a9f9f2a9a03d0e
[negroni] Completed 200 OK in 97.878µs
[negroni] Started GET /queue/cc0bd67d25a90ba259a9f9f2a9a03d0e
[negroni] Completed 200 OK in 102.698µs
[negroni] Started GET /queue/cc0bd67d25a90ba259a9f9f2a9a03d0e
[negroni] Completed 200 OK in 57.546µs
[negroni] Started GET /queue/cc0bd67d25a90ba259a9f9f2a9a03d0e
[negroni] Completed 200 OK in 65.979µs
[negroni] Started GET /queue/cc0bd67d25a90ba259a9f9f2a9a03d0e
[negroni] Completed 200 OK in 66.689µs
[negroni] Started GET /queue/cc0bd67d25a90ba259a9f9f2a9a03d0e
[negroni] Completed 200 OK in 170.058µs
[negroni] Started GET /queue/cc0bd67d25a90ba259a9f9f2a9a03d0e
[negroni] Completed 200 OK in 156.594µs
[negroni] Started GET /queue/cc0bd67d25a90ba259a9f9f2a9a03d0e
[negroni] Completed 200 OK in 137.426µs
[negroni] Started GET /queue/cc0bd67d25a90ba259a9f9f2a9a03d0e
[negroni] Completed 200 OK in 102.212µs
[negroni] Started GET /queue/cc0bd67d25a90ba259a9f9f2a9a03d0e
[negroni] Completed 200 OK in 125.922µs
[negroni] Started GET /queue/cc0bd67d25a90ba259a9f9f2a9a03d0e
[negroni] Completed 200 OK in 124.239µs
[negroni] Started GET /queue/cc0bd67d25a90ba259a9f9f2a9a03d0e
[negroni] Completed 200 OK in 86.491µs
[negroni] Started GET /queue/cc0bd67d25a90ba259a9f9f2a9a03d0e
[negroni] Completed 200 OK in 176.974µs
[negroni] Started GET /queue/cc0bd67d25a90ba259a9f9f2a9a03d0e
[negroni] Completed 200 OK in 80.551µs
[negroni] Started GET /queue/cc0bd67d25a90ba259a9f9f2a9a03d0e
[negroni] Completed 200 OK in 77.411µs
[negroni] Started GET /queue/cc0bd67d25a90ba259a9f9f2a9a03d0e
[negroni] Completed 200 OK in 207.691µs
[negroni] Started GET /queue/cc0bd67d25a90ba259a9f9f2a9a03d0e
[negroni] Completed 200 OK in 85.097µs
[negroni] Started GET /queue/cc0bd67d25a90ba259a9f9f2a9a03d0e
[negroni] Completed 200 OK in 180.384µs
[negroni] Started GET /queue/cc0bd67d25a90ba259a9f9f2a9a03d0e
[negroni] Completed 200 OK in 72.783µs
[negroni] Started GET /queue/cc0bd67d25a90ba259a9f9f2a9a03d0e
[negroni] Completed 200 OK in 86.143µs
[negroni] Started GET /queue/cc0bd67d25a90ba259a9f9f2a9a03d0e
[negroni] Completed 200 OK in 80.651µs
[negroni] Started GET /queue/cc0bd67d25a90ba259a9f9f2a9a03d0e
[negroni] Completed 200 OK in 100.028µs
[negroni] Started GET /queue/cc0bd67d25a90ba259a9f9f2a9a03d0e
[negroni] Completed 200 OK in 85.071µs
[negroni] Started GET /queue/cc0bd67d25a90ba259a9f9f2a9a03d0e
[negroni] Completed 200 OK in 89.128µs
[negroni] Started GET /queue/cc0bd67d25a90ba259a9f9f2a9a03d0e
[negroni] Completed 200 OK in 110.315µs
[negroni] Started GET /queue/cc0bd67d25a90ba259a9f9f2a9a03d0e
[negroni] Completed 200 OK in 365.622µs
[negroni] Started GET /queue/cc0bd67d25a90ba259a9f9f2a9a03d0e
[negroni] Completed 200 OK in 95.685µs
[negroni] Started GET /queue/cc0bd67d25a90ba259a9f9f2a9a03d0e
[negroni] Completed 200 OK in 66.471µs
[negroni] Started GET /queue/cc0bd67d25a90ba259a9f9f2a9a03d0e
[negroni] Completed 200 OK in 70.97µs
[negroni] Started GET /queue/cc0bd67d25a90ba259a9f9f2a9a03d0e
[negroni] Completed 200 OK in 91.425µs
[negroni] Started GET /queue/cc0bd67d25a90ba259a9f9f2a9a03d0e
[negroni] Completed 200 OK in 96.866µs
[negroni] Started GET /queue/cc0bd67d25a90ba259a9f9f2a9a03d0e
[negroni] Completed 200 OK in 197.658µs
[negroni] Started GET /queue/cc0bd67d25a90ba259a9f9f2a9a03d0e
[negroni] Completed 200 OK in 99.849µs
[negroni] Started GET /queue/cc0bd67d25a90ba259a9f9f2a9a03d0e
[negroni] Completed 200 OK in 109.461µs
[negroni] Started GET /queue/cc0bd67d25a90ba259a9f9f2a9a03d0e
[negroni] Completed 200 OK in 85.649µs
[negroni] Started GET /queue/cc0bd67d25a90ba259a9f9f2a9a03d0e
[negroni] Completed 200 OK in 58.594µs
[negroni] Started GET /queue/cc0bd67d25a90ba259a9f9f2a9a03d0e
[negroni] Completed 200 OK in 63.127µs
[negroni] Started GET /queue/cc0bd67d25a90ba259a9f9f2a9a03d0e
[negroni] Completed 200 OK in 76.281µs
[negroni] Started GET /queue/cc0bd67d25a90ba259a9f9f2a9a03d0e
[negroni] Completed 200 OK in 61.413µs
[negroni] Started GET /queue/cc0bd67d25a90ba259a9f9f2a9a03d0e
[negroni] Completed 200 OK in 110.22µs
[negroni] Started GET /queue/cc0bd67d25a90ba259a9f9f2a9a03d0e
[negroni] Completed 200 OK in 63.339µs
[negroni] Started GET /queue/cc0bd67d25a90ba259a9f9f2a9a03d0e
[negroni] Completed 200 OK in 227.478µs
[negroni] Started GET /queue/cc0bd67d25a90ba259a9f9f2a9a03d0e
[negroni] Completed 200 OK in 158.669µs
[negroni] Started GET /queue/cc0bd67d25a90ba259a9f9f2a9a03d0e
[negroni] Completed 200 OK in 96.929µs
[negroni] Started GET /queue/cc0bd67d25a90ba259a9f9f2a9a03d0e
[negroni] Completed 200 OK in 94.556µs
[negroni] Started GET /queue/cc0bd67d25a90ba259a9f9f2a9a03d0e
[negroni] Completed 200 OK in 127.277µs
[negroni] Started GET /queue/cc0bd67d25a90ba259a9f9f2a9a03d0e
[negroni] Completed 200 OK in 87.361µs
[negroni] Started GET /queue/cc0bd67d25a90ba259a9f9f2a9a03d0e
[negroni] Completed 200 OK in 81.968µs
[negroni] Started GET /queue/cc0bd67d25a90ba259a9f9f2a9a03d0e
[negroni] Completed 200 OK in 243.221µs
[negroni] Started GET /queue/cc0bd67d25a90ba259a9f9f2a9a03d0e
[negroni] Completed 200 OK in 64.227µs
[negroni] Started GET /queue/cc0bd67d25a90ba259a9f9f2a9a03d0e
[negroni] Completed 200 OK in 72.176µs
[negroni] Started GET /queue/cc0bd67d25a90ba259a9f9f2a9a03d0e
[negroni] Completed 200 OK in 73.342µs
[negroni] Started GET /queue/cc0bd67d25a90ba259a9f9f2a9a03d0e
[negroni] Completed 200 OK in 122.763µs
[negroni] Started GET /queue/cc0bd67d25a90ba259a9f9f2a9a03d0e
[negroni] Completed 200 OK in 223.41µs
[negroni] Started GET /queue/cc0bd67d25a90ba259a9f9f2a9a03d0e
[negroni] Completed 200 OK in 137.066µs
[negroni] Started GET /queue/cc0bd67d25a90ba259a9f9f2a9a03d0e
[negroni] Completed 200 OK in 116.942µs
[negroni] Started GET /queue/cc0bd67d25a90ba259a9f9f2a9a03d0e
[negroni] Completed 200 OK in 84.19µs
[negroni] Started GET /queue/cc0bd67d25a90ba259a9f9f2a9a03d0e
[negroni] Completed 200 OK in 53.635µs
[negroni] Started GET /queue/cc0bd67d25a90ba259a9f9f2a9a03d0e
[negroni] Completed 200 OK in 73.715µs
[negroni] Started GET /queue/cc0bd67d25a90ba259a9f9f2a9a03d0e
[negroni] Completed 200 OK in 129.854µs
[negroni] Started GET /queue/cc0bd67d25a90ba259a9f9f2a9a03d0e
[negroni] Completed 200 OK in 119.387µs
[negroni] Started GET /queue/cc0bd67d25a90ba259a9f9f2a9a03d0e
[negroni] Completed 200 OK in 151.385µs
[negroni] Started GET /queue/cc0bd67d25a90ba259a9f9f2a9a03d0e
[negroni] Completed 200 OK in 171.093µs
[negroni] Started GET /queue/cc0bd67d25a90ba259a9f9f2a9a03d0e
[negroni] Completed 200 OK in 93.107µs
[negroni] Started GET /queue/cc0bd67d25a90ba259a9f9f2a9a03d0e
[negroni] Completed 200 OK in 167.832µs
[negroni] Started GET /queue/cc0bd67d25a90ba259a9f9f2a9a03d0e
[negroni] Completed 200 OK in 97.013µs
[negroni] Started GET /queue/cc0bd67d25a90ba259a9f9f2a9a03d0e
[negroni] Completed 200 OK in 116.547µs
[negroni] Started GET /queue/cc0bd67d25a90ba259a9f9f2a9a03d0e
[negroni] Completed 200 OK in 443.016µs
[negroni] Started GET /queue/cc0bd67d25a90ba259a9f9f2a9a03d0e
[negroni] Completed 200 OK in 117.669µs
[negroni] Started GET /queue/cc0bd67d25a90ba259a9f9f2a9a03d0e
[negroni] Completed 200 OK in 71.375µs
[negroni] Started GET /queue/cc0bd67d25a90ba259a9f9f2a9a03d0e
[negroni] Completed 200 OK in 73.904µs
[negroni] Started GET /queue/cc0bd67d25a90ba259a9f9f2a9a03d0e
[negroni] Completed 200 OK in 254.482µs
[negroni] Started GET /queue/cc0bd67d25a90ba259a9f9f2a9a03d0e
[negroni] Completed 200 OK in 58.792µs
[negroni] Started GET /queue/cc0bd67d25a90ba259a9f9f2a9a03d0e
[negroni] Completed 200 OK in 301.664µs
[negroni] Started GET /queue/cc0bd67d25a90ba259a9f9f2a9a03d0e
[negroni] Completed 200 OK in 61.718µs
[negroni] Started GET /queue/cc0bd67d25a90ba259a9f9f2a9a03d0e
[negroni] Completed 200 OK in 121.884µs
[negroni] Started GET /queue/cc0bd67d25a90ba259a9f9f2a9a03d0e
[negroni] Completed 200 OK in 104.843µs
[negroni] Started GET /queue/cc0bd67d25a90ba259a9f9f2a9a03d0e
[negroni] Completed 200 OK in 86.783µs
[negroni] Started GET /queue/cc0bd67d25a90ba259a9f9f2a9a03d0e
[negroni] Completed 200 OK in 65.516µs
[negroni] Started GET /queue/cc0bd67d25a90ba259a9f9f2a9a03d0e
[negroni] Completed 200 OK in 62.01µs
[negroni] Started GET /queue/cc0bd67d25a90ba259a9f9f2a9a03d0e
[negroni] Completed 200 OK in 156.446µs
[negroni] Started GET /queue/cc0bd67d25a90ba259a9f9f2a9a03d0e
[negroni] Completed 200 OK in 59.238µs
[negroni] Started GET /queue/cc0bd67d25a90ba259a9f9f2a9a03d0e
[negroni] Completed 200 OK in 165.343µs
[negroni] Started GET /queue/cc0bd67d25a90ba259a9f9f2a9a03d0e
[negroni] Completed 200 OK in 72.603µs
[negroni] Started GET /queue/cc0bd67d25a90ba259a9f9f2a9a03d0e
[negroni] Completed 200 OK in 79.343µs
[negroni] Started GET /queue/cc0bd67d25a90ba259a9f9f2a9a03d0e
[negroni] Completed 200 OK in 90.497µs
[negroni] Started GET /queue/cc0bd67d25a90ba259a9f9f2a9a03d0e
[negroni] Completed 200 OK in 128.854µs
[negroni] Started GET /queue/cc0bd67d25a90ba259a9f9f2a9a03d0e
[negroni] Completed 200 OK in 83.533µs
[negroni] Started GET /queue/cc0bd67d25a90ba259a9f9f2a9a03d0e
[negroni] Completed 200 OK in 62.051µs
[sshexec] WARNING 2017/04/27 02:57:36 Failed to create SSH connection to 192.168.48.12:22: dial tcp 192.168.48.12:22: getsockopt: connection timed out
[negroni] Started GET /queue/cc0bd67d25a90ba259a9f9f2a9a03d0e
[negroni] Completed 200 OK in 107.733µs
[negroni] Started GET /queue/cc0bd67d25a90ba259a9f9f2a9a03d0e
[negroni] Completed 200 OK in 90.874µs
[negroni] Started GET /queue/cc0bd67d25a90ba259a9f9f2a9a03d0e
[negroni] Completed 200 OK in 108.898µs
[negroni] Started GET /queue/cc0bd67d25a90ba259a9f9f2a9a03d0e
[negroni] Completed 200 OK in 80.717µs
[negroni] Started GET /queue/cc0bd67d25a90ba259a9f9f2a9a03d0e
[negroni] Completed 200 OK in 164.932µs
[negroni] Started GET /queue/cc0bd67d25a90ba259a9f9f2a9a03d0e
[negroni] Completed 200 OK in 394.079µs
[negroni] Started GET /queue/cc0bd67d25a90ba259a9f9f2a9a03d0e
[negroni] Completed 200 OK in 85.056µs
[negroni] Started GET /queue/cc0bd67d25a90ba259a9f9f2a9a03d0e
[negroni] Completed 200 OK in 131.742µs
[negroni] Started GET /queue/cc0bd67d25a90ba259a9f9f2a9a03d0e
[negroni] Completed 200 OK in 73.56µs
[negroni] Started GET /queue/cc0bd67d25a90ba259a9f9f2a9a03d0e
[negroni] Completed 200 OK in 197.064µs
[negroni] Started GET /queue/cc0bd67d25a90ba259a9f9f2a9a03d0e
[negroni] Completed 200 OK in 80.746µs
[negroni] Started GET /queue/cc0bd67d25a90ba259a9f9f2a9a03d0e
[negroni] Completed 200 OK in 101.04µs
[negroni] Started GET /queue/cc0bd67d25a90ba259a9f9f2a9a03d0e
[negroni] Completed 200 OK in 82.773µs
[negroni] Started GET /queue/cc0bd67d25a90ba259a9f9f2a9a03d0e
[negroni] Completed 200 OK in 147.437µs
[negroni] Started GET /queue/cc0bd67d25a90ba259a9f9f2a9a03d0e
[negroni] Completed 200 OK in 60.637µs
[negroni] Started GET /queue/cc0bd67d25a90ba259a9f9f2a9a03d0e
[negroni] Completed 200 OK in 142.558µs
[negroni] Started GET /queue/cc0bd67d25a90ba259a9f9f2a9a03d0e
[negroni] Completed 200 OK in 100.307µs
[negroni] Started GET /queue/cc0bd67d25a90ba259a9f9f2a9a03d0e
[negroni] Completed 200 OK in 98.402µs
[negroni] Started GET /queue/cc0bd67d25a90ba259a9f9f2a9a03d0e
[negroni] Completed 200 OK in 97.463µs
[negroni] Started GET /queue/cc0bd67d25a90ba259a9f9f2a9a03d0e
[negroni] Completed 200 OK in 60.018µs
[negroni] Started GET /queue/cc0bd67d25a90ba259a9f9f2a9a03d0e
[negroni] Completed 200 OK in 73.247µs
[negroni] Started GET /queue/cc0bd67d25a90ba259a9f9f2a9a03d0e
[negroni] Completed 200 OK in 56.186µs
[negroni] Started GET /queue/cc0bd67d25a90ba259a9f9f2a9a03d0e
[negroni] Completed 200 OK in 150.735µs
[negroni] Started GET /queue/cc0bd67d25a90ba259a9f9f2a9a03d0e
[negroni] Completed 200 OK in 116.086µs
[negroni] Started GET /queue/cc0bd67d25a90ba259a9f9f2a9a03d0e
[negroni] Completed 200 OK in 70.852µs
[negroni] Started GET /queue/cc0bd67d25a90ba259a9f9f2a9a03d0e
[negroni] Completed 200 OK in 124.86µs
[negroni] Started GET /queue/cc0bd67d25a90ba259a9f9f2a9a03d0e
[negroni] Completed 200 OK in 79.032µs
[negroni] Started GET /queue/cc0bd67d25a90ba259a9f9f2a9a03d0e
[negroni] Completed 200 OK in 96.787µs
[negroni] Started GET /queue/cc0bd67d25a90ba259a9f9f2a9a03d0e
[negroni] Completed 200 OK in 118.833µs
[negroni] Started GET /queue/cc0bd67d25a90ba259a9f9f2a9a03d0e
[negroni] Completed 200 OK in 67.434µs
[negroni] Started GET /queue/cc0bd67d25a90ba259a9f9f2a9a03d0e
[negroni] Completed 200 OK in 110.676µs
[negroni] Started GET /queue/cc0bd67d25a90ba259a9f9f2a9a03d0e
[negroni] Completed 200 OK in 67.261µs
[negroni] Started GET /queue/cc0bd67d25a90ba259a9f9f2a9a03d0e
[negroni] Completed 200 OK in 108.038µs
[negroni] Started GET /queue/cc0bd67d25a90ba259a9f9f2a9a03d0e
[negroni] Completed 200 OK in 59.34µs
[negroni] Started GET /queue/cc0bd67d25a90ba259a9f9f2a9a03d0e
[negroni] Completed 200 OK in 133.914µs
[negroni] Started GET /queue/cc0bd67d25a90ba259a9f9f2a9a03d0e
[negroni] Completed 200 OK in 145.169µs
[negroni] Started GET /queue/cc0bd67d25a90ba259a9f9f2a9a03d0e
[negroni] Completed 200 OK in 97.321µs
[negroni] Started GET /queue/cc0bd67d25a90ba259a9f9f2a9a03d0e
[negroni] Completed 200 OK in 134.488µs
[negroni] Started GET /queue/cc0bd67d25a90ba259a9f9f2a9a03d0e
[negroni] Completed 200 OK in 364.427µs
[negroni] Started GET /queue/cc0bd67d25a90ba259a9f9f2a9a03d0e
[negroni] Completed 200 OK in 142.965µs
[negroni] Started GET /queue/cc0bd67d25a90ba259a9f9f2a9a03d0e
[negroni] Completed 200 OK in 137.863µs
[negroni] Started GET /queue/cc0bd67d25a90ba259a9f9f2a9a03d0e
[negroni] Completed 200 OK in 427.881µs
[negroni] Started GET /queue/cc0bd67d25a90ba259a9f9f2a9a03d0e
[negroni] Completed 200 OK in 72.947µs
[negroni] Started GET /queue/cc0bd67d25a90ba259a9f9f2a9a03d0e
[negroni] Completed 200 OK in 75.321µs
[negroni] Started GET /queue/cc0bd67d25a90ba259a9f9f2a9a03d0e
[negroni] Completed 200 OK in 168.638µs
[negroni] Started GET /queue/cc0bd67d25a90ba259a9f9f2a9a03d0e
[negroni] Completed 200 OK in 90.604µs
[negroni] Started GET /queue/cc0bd67d25a90ba259a9f9f2a9a03d0e
[negroni] Completed 200 OK in 65.918µs
[negroni] Started GET /queue/cc0bd67d25a90ba259a9f9f2a9a03d0e
[negroni] Completed 200 OK in 107.042µs
[negroni] Started GET /queue/cc0bd67d25a90ba259a9f9f2a9a03d0e
[negroni] Completed 200 OK in 93.537µs
[negroni] Started GET /queue/cc0bd67d25a90ba259a9f9f2a9a03d0e
[negroni] Completed 200 OK in 119.178µs
[negroni] Started GET /queue/cc0bd67d25a90ba259a9f9f2a9a03d0e
[negroni] Completed 200 OK in 68.061µs
[negroni] Started GET /queue/cc0bd67d25a90ba259a9f9f2a9a03d0e
[negroni] Completed 200 OK in 143.014µs
[negroni] Started GET /queue/cc0bd67d25a90ba259a9f9f2a9a03d0e
[negroni] Completed 200 OK in 144.342µs
[negroni] Started GET /queue/cc0bd67d25a90ba259a9f9f2a9a03d0e
[negroni] Completed 200 OK in 132.06µs
[negroni] Started GET /queue/cc0bd67d25a90ba259a9f9f2a9a03d0e
[negroni] Completed 200 OK in 101.723µs
[negroni] Started GET /queue/cc0bd67d25a90ba259a9f9f2a9a03d0e
[negroni] Completed 200 OK in 127.224µs
[negroni] Started GET /queue/cc0bd67d25a90ba259a9f9f2a9a03d0e
[negroni] Completed 200 OK in 110.059µs
[negroni] Started GET /queue/cc0bd67d25a90ba259a9f9f2a9a03d0e
[negroni] Completed 200 OK in 162.807µs
[negroni] Started GET /queue/cc0bd67d25a90ba259a9f9f2a9a03d0e
[negroni] Completed 200 OK in 70.203µs
[negroni] Started GET /queue/cc0bd67d25a90ba259a9f9f2a9a03d0e
[negroni] Completed 200 OK in 81.738µs
[negroni] Started GET /queue/cc0bd67d25a90ba259a9f9f2a9a03d0e
[negroni] Completed 200 OK in 294.802µs
[negroni] Started GET /queue/cc0bd67d25a90ba259a9f9f2a9a03d0e
[negroni] Completed 200 OK in 319.046µs
[negroni] Started GET /queue/cc0bd67d25a90ba259a9f9f2a9a03d0e
[negroni] Completed 200 OK in 53.125µs
[negroni] Started GET /queue/cc0bd67d25a90ba259a9f9f2a9a03d0e
[negroni] Completed 200 OK in 116.168µs
[negroni] Started GET /queue/cc0bd67d25a90ba259a9f9f2a9a03d0e
[negroni] Completed 200 OK in 96.32µs
[negroni] Started GET /queue/cc0bd67d25a90ba259a9f9f2a9a03d0e
[negroni] Completed 200 OK in 135.042µs
[negroni] Started GET /queue/cc0bd67d25a90ba259a9f9f2a9a03d0e
[negroni] Completed 200 OK in 76.076µs
[negroni] Started GET /queue/cc0bd67d25a90ba259a9f9f2a9a03d0e
[negroni] Completed 200 OK in 395.544µs
[negroni] Started GET /queue/cc0bd67d25a90ba259a9f9f2a9a03d0e
[negroni] Completed 200 OK in 67.346µs
[negroni] Started GET /queue/cc0bd67d25a90ba259a9f9f2a9a03d0e
[negroni] Completed 200 OK in 117.379µs
[negroni] Started GET /queue/cc0bd67d25a90ba259a9f9f2a9a03d0e
[negroni] Completed 200 OK in 55.046µs
[negroni] Started GET /queue/cc0bd67d25a90ba259a9f9f2a9a03d0e
[negroni] Completed 200 OK in 61.544µs
[negroni] Started GET /queue/cc0bd67d25a90ba259a9f9f2a9a03d0e
[negroni] Completed 200 OK in 89.68µs
[negroni] Started GET /queue/cc0bd67d25a90ba259a9f9f2a9a03d0e
[negroni] Completed 200 OK in 108.47µs
[negroni] Started GET /queue/cc0bd67d25a90ba259a9f9f2a9a03d0e
[negroni] Completed 200 OK in 50.315µs
[negroni] Started GET /queue/cc0bd67d25a90ba259a9f9f2a9a03d0e
[negroni] Completed 200 OK in 68.798µs
[negroni] Started GET /queue/cc0bd67d25a90ba259a9f9f2a9a03d0e
[negroni] Completed 200 OK in 84.752µs
[negroni] Started GET /queue/cc0bd67d25a90ba259a9f9f2a9a03d0e
[negroni] Completed 200 OK in 112.213µs
[negroni] Started GET /queue/cc0bd67d25a90ba259a9f9f2a9a03d0e
[negroni] Completed 200 OK in 67.507µs
[negroni] Started GET /queue/cc0bd67d25a90ba259a9f9f2a9a03d0e
[negroni] Completed 200 OK in 105.427µs
[negroni] Started GET /queue/cc0bd67d25a90ba259a9f9f2a9a03d0e
[negroni] Completed 200 OK in 98.379µs
[negroni] Started GET /queue/cc0bd67d25a90ba259a9f9f2a9a03d0e
[negroni] Completed 200 OK in 65.599µs
[negroni] Started GET /queue/cc0bd67d25a90ba259a9f9f2a9a03d0e
[negroni] Completed 200 OK in 341.025µs
[negroni] Started GET /queue/cc0bd67d25a90ba259a9f9f2a9a03d0e
[negroni] Completed 200 OK in 77.63µs
[negroni] Started GET /queue/cc0bd67d25a90ba259a9f9f2a9a03d0e
[negroni] Completed 200 OK in 165.151µs
[negroni] Started GET /queue/cc0bd67d25a90ba259a9f9f2a9a03d0e
[negroni] Completed 200 OK in 95.206µs
[negroni] Started GET /queue/cc0bd67d25a90ba259a9f9f2a9a03d0e
[negroni] Completed 200 OK in 149.147µs
[negroni] Started GET /queue/cc0bd67d25a90ba259a9f9f2a9a03d0e
[negroni] Completed 200 OK in 103.946µs
[negroni] Started GET /queue/cc0bd67d25a90ba259a9f9f2a9a03d0e
[negroni] Completed 200 OK in 94.268µs
[negroni] Started GET /queue/cc0bd67d25a90ba259a9f9f2a9a03d0e
[negroni] Completed 200 OK in 65.693µs
[negroni] Started GET /queue/cc0bd67d25a90ba259a9f9f2a9a03d0e
[negroni] Completed 200 OK in 264.766µs
[negroni] Started GET /queue/cc0bd67d25a90ba259a9f9f2a9a03d0e
[negroni] Completed 200 OK in 58.365µs
[negroni] Started GET /queue/cc0bd67d25a90ba259a9f9f2a9a03d0e
[negroni] Completed 200 OK in 86.337µs
[negroni] Started GET /queue/cc0bd67d25a90ba259a9f9f2a9a03d0e
[negroni] Completed 200 OK in 124.364µs
[negroni] Started GET /queue/cc0bd67d25a90ba259a9f9f2a9a03d0e
[negroni] Completed 200 OK in 103.578µs
[negroni] Started GET /queue/cc0bd67d25a90ba259a9f9f2a9a03d0e
[negroni] Completed 200 OK in 85.656µs
[negroni] Started GET /queue/cc0bd67d25a90ba259a9f9f2a9a03d0e
[negroni] Completed 200 OK in 74.223µs
[negroni] Started GET /queue/cc0bd67d25a90ba259a9f9f2a9a03d0e
[negroni] Completed 200 OK in 473.275µs
[negroni] Started GET /queue/cc0bd67d25a90ba259a9f9f2a9a03d0e
[negroni] Completed 200 OK in 220.281µs
[negroni] Started GET /queue/cc0bd67d25a90ba259a9f9f2a9a03d0e
[negroni] Completed 200 OK in 170.134µs
[negroni] Started GET /queue/cc0bd67d25a90ba259a9f9f2a9a03d0e
[negroni] Completed 200 OK in 67.266µs
[negroni] Started GET /queue/cc0bd67d25a90ba259a9f9f2a9a03d0e
[negroni] Completed 200 OK in 112.677µs
[negroni] Started GET /queue/cc0bd67d25a90ba259a9f9f2a9a03d0e
[negroni] Completed 200 OK in 204.357µs
[negroni] Started GET /queue/cc0bd67d25a90ba259a9f9f2a9a03d0e
[negroni] Completed 200 OK in 54.861µs
[negroni] Started GET /queue/cc0bd67d25a90ba259a9f9f2a9a03d0e
[negroni] Completed 200 OK in 57.547µs
[negroni] Started GET /queue/cc0bd67d25a90ba259a9f9f2a9a03d0e
[negroni] Completed 200 OK in 79.989µs
[negroni] Started GET /queue/cc0bd67d25a90ba259a9f9f2a9a03d0e
[negroni] Completed 200 OK in 128.574µs
[negroni] Started GET /queue/cc0bd67d25a90ba259a9f9f2a9a03d0e
[negroni] Completed 200 OK in 130.567µs
[negroni] Started GET /queue/cc0bd67d25a90ba259a9f9f2a9a03d0e
[negroni] Completed 200 OK in 94.568µs
[negroni] Started GET /queue/cc0bd67d25a90ba259a9f9f2a9a03d0e
[negroni] Completed 200 OK in 68.758µs
[negroni] Started GET /queue/cc0bd67d25a90ba259a9f9f2a9a03d0e
[negroni] Completed 200 OK in 114.687µs
[negroni] Started GET /queue/cc0bd67d25a90ba259a9f9f2a9a03d0e
[negroni] Completed 200 OK in 394.099µs
[negroni] Started GET /queue/cc0bd67d25a90ba259a9f9f2a9a03d0e
[negroni] Completed 200 OK in 70.861µs
[negroni] Started GET /queue/cc0bd67d25a90ba259a9f9f2a9a03d0e
[negroni] Completed 200 OK in 115.1µs
[negroni] Started GET /queue/cc0bd67d25a90ba259a9f9f2a9a03d0e
[negroni] Completed 200 OK in 160.6µs
[negroni] Started GET /queue/cc0bd67d25a90ba259a9f9f2a9a03d0e
[negroni] Completed 200 OK in 95.677µs
[negroni] Started GET /queue/cc0bd67d25a90ba259a9f9f2a9a03d0e
[negroni] Completed 200 OK in 98.29µs
[negroni] Started GET /queue/cc0bd67d25a90ba259a9f9f2a9a03d0e
[negroni] Completed 200 OK in 131.989µs
[negroni] Started GET /queue/cc0bd67d25a90ba259a9f9f2a9a03d0e
[negroni] Completed 200 OK in 81.194µs
[negroni] Started GET /queue/cc0bd67d25a90ba259a9f9f2a9a03d0e
[negroni] Completed 200 OK in 260.923µs
[negroni] Started GET /queue/cc0bd67d25a90ba259a9f9f2a9a03d0e
[negroni] Completed 200 OK in 147.019µs
[negroni] Started GET /queue/cc0bd67d25a90ba259a9f9f2a9a03d0e
[negroni] Completed 200 OK in 53.713µs
[negroni] Started GET /queue/cc0bd67d25a90ba259a9f9f2a9a03d0e
[negroni] Completed 200 OK in 90.352µs
[negroni] Started GET /queue/cc0bd67d25a90ba259a9f9f2a9a03d0e
[negroni] Completed 200 OK in 79.9µs
[negroni] Started GET /queue/cc0bd67d25a90ba259a9f9f2a9a03d0e
[negroni] Completed 200 OK in 98.466µs
[negroni] Started GET /queue/cc0bd67d25a90ba259a9f9f2a9a03d0e
[negroni] Completed 200 OK in 94.82µs
[negroni] Started GET /queue/cc0bd67d25a90ba259a9f9f2a9a03d0e
[negroni] Completed 200 OK in 91.295µs
[sshexec] WARNING 2017/04/27 02:59:43 Failed to create SSH connection to 192.168.48.12:22: dial tcp 192.168.48.12:22: getsockopt: connection timed out
[sshexec] ERROR 2017/04/27 02:59:43 /src/github.com/heketi/heketi/executors/sshexec/brick.go:134: dial tcp 192.168.48.12:22: getsockopt: connection timed out
[negroni] Started GET /queue/cc0bd67d25a90ba259a9f9f2a9a03d0e
[negroni] Completed 200 OK in 160.48µs
[negroni] Started GET /queue/cc0bd67d25a90ba259a9f9f2a9a03d0e
[negroni] Completed 200 OK in 114.678µs
[negroni] Started GET /queue/cc0bd67d25a90ba259a9f9f2a9a03d0e
[negroni] Completed 200 OK in 119.207µs
[negroni] Started GET /queue/cc0bd67d25a90ba259a9f9f2a9a03d0e
[negroni] Completed 200 OK in 109.411µs
[negroni] Started GET /queue/cc0bd67d25a90ba259a9f9f2a9a03d0e
[negroni] Completed 200 OK in 89.466µs
[negroni] Started GET /queue/cc0bd67d25a90ba259a9f9f2a9a03d0e
[negroni] Completed 200 OK in 110.094µs
[negroni] Started GET /queue/cc0bd67d25a90ba259a9f9f2a9a03d0e
[negroni] Completed 200 OK in 254.096µs
[negroni] Started GET /queue/cc0bd67d25a90ba259a9f9f2a9a03d0e
[negroni] Completed 200 OK in 83.273µs
[negroni] Started GET /queue/cc0bd67d25a90ba259a9f9f2a9a03d0e
[negroni] Completed 200 OK in 281.52µs
[negroni] Started GET /queue/cc0bd67d25a90ba259a9f9f2a9a03d0e
[negroni] Completed 200 OK in 94.372µs
[negroni] Started GET /queue/cc0bd67d25a90ba259a9f9f2a9a03d0e
[negroni] Completed 200 OK in 219.638µs
[negroni] Started GET /queue/cc0bd67d25a90ba259a9f9f2a9a03d0e
[negroni] Completed 200 OK in 57.428µs
[negroni] Started GET /queue/cc0bd67d25a90ba259a9f9f2a9a03d0e
[negroni] Completed 200 OK in 64.214µs
[negroni] Started GET /queue/cc0bd67d25a90ba259a9f9f2a9a03d0e
[negroni] Completed 200 OK in 127.158µs
[negroni] Started GET /queue/cc0bd67d25a90ba259a9f9f2a9a03d0e
[negroni] Completed 200 OK in 94.37µs
[negroni] Started GET /queue/cc0bd67d25a90ba259a9f9f2a9a03d0e
[negroni] Completed 200 OK in 97.001µs
[negroni] Started GET /queue/cc0bd67d25a90ba259a9f9f2a9a03d0e
[negroni] Completed 200 OK in 155.25µs
[negroni] Started GET /queue/cc0bd67d25a90ba259a9f9f2a9a03d0e
[negroni] Completed 200 OK in 168.661µs
[negroni] Started GET /queue/cc0bd67d25a90ba259a9f9f2a9a03d0e
[negroni] Completed 200 OK in 200.767µs
[negroni] Started GET /queue/cc0bd67d25a90ba259a9f9f2a9a03d0e
[negroni] Completed 200 OK in 90.901µs
[negroni] Started GET /queue/cc0bd67d25a90ba259a9f9f2a9a03d0e
[negroni] Completed 200 OK in 86.669µs
[negroni] Started GET /queue/cc0bd67d25a90ba259a9f9f2a9a03d0e
[negroni] Completed 200 OK in 118.093µs
[negroni] Started GET /queue/cc0bd67d25a90ba259a9f9f2a9a03d0e
[negroni] Completed 200 OK in 84.044µs
[negroni] Started GET /queue/cc0bd67d25a90ba259a9f9f2a9a03d0e
[negroni] Completed 200 OK in 111.679µs
[negroni] Started GET /queue/cc0bd67d25a90ba259a9f9f2a9a03d0e
[negroni] Completed 200 OK in 169.742µs
[negroni] Started GET /queue/cc0bd67d25a90ba259a9f9f2a9a03d0e
[negroni] Completed 200 OK in 193.957µs
[negroni] Started GET /queue/cc0bd67d25a90ba259a9f9f2a9a03d0e
[negroni] Completed 200 OK in 170.7µs
[negroni] Started GET /queue/cc0bd67d25a90ba259a9f9f2a9a03d0e
[negroni] Completed 200 OK in 57.681µs
[negroni] Started GET /queue/cc0bd67d25a90ba259a9f9f2a9a03d0e
[negroni] Completed 200 OK in 118.392µs
[negroni] Started GET /queue/cc0bd67d25a90ba259a9f9f2a9a03d0e
[negroni] Completed 200 OK in 94.959µs
[negroni] Started GET /queue/cc0bd67d25a90ba259a9f9f2a9a03d0e
[negroni] Completed 200 OK in 274.405µs
[negroni] Started GET /queue/cc0bd67d25a90ba259a9f9f2a9a03d0e
[negroni] Completed 200 OK in 67.431µs
[negroni] Started GET /queue/cc0bd67d25a90ba259a9f9f2a9a03d0e
[negroni] Completed 200 OK in 116.023µs
[negroni] Started GET /queue/cc0bd67d25a90ba259a9f9f2a9a03d0e
[negroni] Completed 200 OK in 117.82µs
[negroni] Started GET /queue/cc0bd67d25a90ba259a9f9f2a9a03d0e
[negroni] Completed 200 OK in 160.788µs
[negroni] Started GET /queue/cc0bd67d25a90ba259a9f9f2a9a03d0e
[negroni] Completed 200 OK in 308.027µs
[negroni] Started GET /queue/cc0bd67d25a90ba259a9f9f2a9a03d0e
[negroni] Completed 200 OK in 55.127µs
[negroni] Started GET /queue/cc0bd67d25a90ba259a9f9f2a9a03d0e
[negroni] Completed 200 OK in 217.973µs
[negroni] Started GET /queue/cc0bd67d25a90ba259a9f9f2a9a03d0e
[negroni] Completed 200 OK in 72.15µs
[negroni] Started GET /queue/cc0bd67d25a90ba259a9f9f2a9a03d0e
[negroni] Completed 200 OK in 204.942µs
[negroni] Started GET /queue/cc0bd67d25a90ba259a9f9f2a9a03d0e
[negroni] Completed 200 OK in 65.272µs
[negroni] Started GET /queue/cc0bd67d25a90ba259a9f9f2a9a03d0e
[negroni] Completed 200 OK in 102.73µs
[negroni] Started GET /queue/cc0bd67d25a90ba259a9f9f2a9a03d0e
[negroni] Completed 200 OK in 101.719µs
[negroni] Started GET /queue/cc0bd67d25a90ba259a9f9f2a9a03d0e
[negroni] Completed 200 OK in 75.778µs
[negroni] Started GET /queue/cc0bd67d25a90ba259a9f9f2a9a03d0e
[negroni] Completed 200 OK in 97.049µs
[negroni] Started GET /queue/cc0bd67d25a90ba259a9f9f2a9a03d0e
[negroni] Completed 200 OK in 70.851µs
[negroni] Started GET /queue/cc0bd67d25a90ba259a9f9f2a9a03d0e
[negroni] Completed 200 OK in 110.99µs
[negroni] Started GET /queue/cc0bd67d25a90ba259a9f9f2a9a03d0e
[negroni] Completed 200 OK in 146.955µs
[negroni] Started GET /queue/cc0bd67d25a90ba259a9f9f2a9a03d0e
[negroni] Completed 200 OK in 74.239µs
[negroni] Started GET /queue/cc0bd67d25a90ba259a9f9f2a9a03d0e
[negroni] Completed 200 OK in 81.303µs
[negroni] Started GET /queue/cc0bd67d25a90ba259a9f9f2a9a03d0e
[negroni] Completed 200 OK in 94.976µs
[negroni] Started GET /queue/cc0bd67d25a90ba259a9f9f2a9a03d0e
[negroni] Completed 200 OK in 88.265µs
[negroni] Started GET /queue/cc0bd67d25a90ba259a9f9f2a9a03d0e
[negroni] Completed 200 OK in 169.996µs
[negroni] Started GET /queue/cc0bd67d25a90ba259a9f9f2a9a03d0e
[negroni] Completed 200 OK in 70.576µs
[negroni] Started GET /queue/cc0bd67d25a90ba259a9f9f2a9a03d0e
[negroni] Completed 200 OK in 72.368µs
[negroni] Started GET /queue/cc0bd67d25a90ba259a9f9f2a9a03d0e
[negroni] Completed 200 OK in 130.684µs
[negroni] Started GET /queue/cc0bd67d25a90ba259a9f9f2a9a03d0e
[negroni] Completed 200 OK in 237.872µs
[negroni] Started GET /queue/cc0bd67d25a90ba259a9f9f2a9a03d0e
[negroni] Completed 200 OK in 99.934µs
[negroni] Started GET /queue/cc0bd67d25a90ba259a9f9f2a9a03d0e
[negroni] Completed 200 OK in 169.797µs
[negroni] Started GET /queue/cc0bd67d25a90ba259a9f9f2a9a03d0e
[negroni] Completed 200 OK in 69.762µs
[negroni] Started GET /queue/cc0bd67d25a90ba259a9f9f2a9a03d0e
[negroni] Completed 200 OK in 461.746µs
[negroni] Started GET /queue/cc0bd67d25a90ba259a9f9f2a9a03d0e
[negroni] Completed 200 OK in 58.865µs
[negroni] Started GET /queue/cc0bd67d25a90ba259a9f9f2a9a03d0e
[negroni] Completed 200 OK in 143.771µs
[negroni] Started GET /queue/cc0bd67d25a90ba259a9f9f2a9a03d0e
[negroni] Completed 200 OK in 70.923µs
[negroni] Started GET /queue/cc0bd67d25a90ba259a9f9f2a9a03d0e
[negroni] Completed 200 OK in 63.949µs
[negroni] Started GET /queue/cc0bd67d25a90ba259a9f9f2a9a03d0e
[negroni] Completed 200 OK in 75.927µs
[negroni] Started GET /queue/cc0bd67d25a90ba259a9f9f2a9a03d0e
[negroni] Completed 200 OK in 85.601µs
[negroni] Started GET /queue/cc0bd67d25a90ba259a9f9f2a9a03d0e
[negroni] Completed 200 OK in 118.265µs
[negroni] Started GET /queue/cc0bd67d25a90ba259a9f9f2a9a03d0e
[negroni] Completed 200 OK in 452.274µs
[negroni] Started GET /queue/cc0bd67d25a90ba259a9f9f2a9a03d0e
[negroni] Completed 200 OK in 62.283µs
[negroni] Started GET /queue/cc0bd67d25a90ba259a9f9f2a9a03d0e
[negroni] Completed 200 OK in 77.84µs
[negroni] Started GET /queue/cc0bd67d25a90ba259a9f9f2a9a03d0e
[negroni] Completed 200 OK in 98.291µs
[negroni] Started GET /queue/cc0bd67d25a90ba259a9f9f2a9a03d0e
[negroni] Completed 200 OK in 85.639µs
[negroni] Started GET /queue/cc0bd67d25a90ba259a9f9f2a9a03d0e
[negroni] Completed 200 OK in 67.432µs
[negroni] Started GET /queue/cc0bd67d25a90ba259a9f9f2a9a03d0e
[negroni] Completed 200 OK in 71.726µs
[negroni] Started GET /queue/cc0bd67d25a90ba259a9f9f2a9a03d0e
[negroni] Completed 200 OK in 93.206µs
[negroni] Started GET /queue/cc0bd67d25a90ba259a9f9f2a9a03d0e
[negroni] Completed 200 OK in 148.811µs
[negroni] Started GET /queue/cc0bd67d25a90ba259a9f9f2a9a03d0e
[negroni] Completed 200 OK in 173.288µs
[negroni] Started GET /queue/cc0bd67d25a90ba259a9f9f2a9a03d0e
[negroni] Completed 200 OK in 61.08µs
[negroni] Started GET /queue/cc0bd67d25a90ba259a9f9f2a9a03d0e
[negroni] Completed 200 OK in 111.067µs
[negroni] Started GET /queue/cc0bd67d25a90ba259a9f9f2a9a03d0e
[negroni] Completed 200 OK in 78.147µs
[negroni] Started GET /queue/cc0bd67d25a90ba259a9f9f2a9a03d0e
[negroni] Completed 200 OK in 69.905µs
[negroni] Started GET /queue/cc0bd67d25a90ba259a9f9f2a9a03d0e
[negroni] Completed 200 OK in 230.15µs
[negroni] Started GET /queue/cc0bd67d25a90ba259a9f9f2a9a03d0e
[negroni] Completed 200 OK in 84.316µs
[negroni] Started GET /queue/cc0bd67d25a90ba259a9f9f2a9a03d0e
[negroni] Completed 200 OK in 192.538µs
[negroni] Started GET /queue/cc0bd67d25a90ba259a9f9f2a9a03d0e
[negroni] Completed 200 OK in 436.302µs
[negroni] Started GET /queue/cc0bd67d25a90ba259a9f9f2a9a03d0e
[negroni] Completed 200 OK in 96.055µs
[negroni] Started GET /queue/cc0bd67d25a90ba259a9f9f2a9a03d0e
[negroni] Completed 200 OK in 58.066µs
[negroni] Started GET /queue/cc0bd67d25a90ba259a9f9f2a9a03d0e
[negroni] Completed 200 OK in 98.632µs
[negroni] Started GET /queue/cc0bd67d25a90ba259a9f9f2a9a03d0e
[negroni] Completed 200 OK in 84.487µs
[negroni] Started GET /queue/cc0bd67d25a90ba259a9f9f2a9a03d0e
[negroni] Completed 200 OK in 113.247µs
[negroni] Started GET /queue/cc0bd67d25a90ba259a9f9f2a9a03d0e
[negroni] Completed 200 OK in 373.54µs
[negroni] Started GET /queue/cc0bd67d25a90ba259a9f9f2a9a03d0e
[negroni] Completed 200 OK in 85.023µs
[negroni] Started GET /queue/cc0bd67d25a90ba259a9f9f2a9a03d0e
[negroni] Completed 200 OK in 107.266µs
[negroni] Started GET /queue/cc0bd67d25a90ba259a9f9f2a9a03d0e
[negroni] Completed 200 OK in 191.076µs
[negroni] Started GET /queue/cc0bd67d25a90ba259a9f9f2a9a03d0e
[negroni] Completed 200 OK in 165.515µs
[negroni] Started GET /queue/cc0bd67d25a90ba259a9f9f2a9a03d0e
[negroni] Completed 200 OK in 58.962µs
[negroni] Started GET /queue/cc0bd67d25a90ba259a9f9f2a9a03d0e
[negroni] Completed 200 OK in 97.1µs
[negroni] Started GET /queue/cc0bd67d25a90ba259a9f9f2a9a03d0e
[negroni] Completed 200 OK in 66.54µs
[negroni] Started GET /queue/cc0bd67d25a90ba259a9f9f2a9a03d0e
[negroni] Completed 200 OK in 71.05µs
[negroni] Started GET /queue/cc0bd67d25a90ba259a9f9f2a9a03d0e
[negroni] Completed 200 OK in 101.562µs
[negroni] Started GET /queue/cc0bd67d25a90ba259a9f9f2a9a03d0e
[negroni] Completed 200 OK in 130.149µs
[negroni] Started GET /queue/cc0bd67d25a90ba259a9f9f2a9a03d0e
[negroni] Completed 200 OK in 214.747µs
[negroni] Started GET /queue/cc0bd67d25a90ba259a9f9f2a9a03d0e
[negroni] Completed 200 OK in 386.25µs
[negroni] Started GET /queue/cc0bd67d25a90ba259a9f9f2a9a03d0e
[negroni] Completed 200 OK in 245.341µs
[negroni] Started GET /queue/cc0bd67d25a90ba259a9f9f2a9a03d0e
[negroni] Completed 200 OK in 154.07µs
[negroni] Started GET /queue/cc0bd67d25a90ba259a9f9f2a9a03d0e
[negroni] Completed 200 OK in 159.638µs
[negroni] Started GET /queue/cc0bd67d25a90ba259a9f9f2a9a03d0e
[negroni] Completed 200 OK in 149.13µs
[negroni] Started GET /queue/cc0bd67d25a90ba259a9f9f2a9a03d0e
[negroni] Completed 200 OK in 181.43µs
[negroni] Started GET /queue/cc0bd67d25a90ba259a9f9f2a9a03d0e
[negroni] Completed 200 OK in 113.658µs
[negroni] Started GET /queue/cc0bd67d25a90ba259a9f9f2a9a03d0e
[negroni] Completed 200 OK in 181.031µs
[negroni] Started GET /queue/cc0bd67d25a90ba259a9f9f2a9a03d0e
[negroni] Completed 200 OK in 68.354µs
[negroni] Started GET /queue/cc0bd67d25a90ba259a9f9f2a9a03d0e
[negroni] Completed 200 OK in 219.236µs
[negroni] Started GET /queue/cc0bd67d25a90ba259a9f9f2a9a03d0e
[negroni] Completed 200 OK in 61.356µs
[negroni] Started GET /queue/cc0bd67d25a90ba259a9f9f2a9a03d0e
[negroni] Completed 200 OK in 193.031µs
[negroni] Started GET /queue/cc0bd67d25a90ba259a9f9f2a9a03d0e
[negroni] Completed 200 OK in 159.889µs
[negroni] Started GET /queue/cc0bd67d25a90ba259a9f9f2a9a03d0e
[negroni] Completed 200 OK in 93.955µs
[negroni] Started GET /queue/cc0bd67d25a90ba259a9f9f2a9a03d0e
[negroni] Completed 200 OK in 87.196µs
[negroni] Started GET /queue/cc0bd67d25a90ba259a9f9f2a9a03d0e
[negroni] Completed 200 OK in 105.031µs
[negroni] Started GET /queue/cc0bd67d25a90ba259a9f9f2a9a03d0e
[negroni] Completed 200 OK in 134.173µs
[negroni] Started GET /queue/cc0bd67d25a90ba259a9f9f2a9a03d0e
[negroni] Completed 200 OK in 142.736µs
[negroni] Started GET /queue/cc0bd67d25a90ba259a9f9f2a9a03d0e
[negroni] Completed 200 OK in 108.864µs
[negroni] Started GET /queue/cc0bd67d25a90ba259a9f9f2a9a03d0e
[negroni] Completed 200 OK in 62.771µs
[negroni] Started GET /queue/cc0bd67d25a90ba259a9f9f2a9a03d0e
[negroni] Completed 200 OK in 76.888µs
[negroni] Started GET /queue/cc0bd67d25a90ba259a9f9f2a9a03d0e
[negroni] Completed 200 OK in 82.293µs
[negroni] Started GET /queue/cc0bd67d25a90ba259a9f9f2a9a03d0e
[negroni] Completed 200 OK in 60.319µs
[negroni] Started GET /queue/cc0bd67d25a90ba259a9f9f2a9a03d0e
[negroni] Completed 200 OK in 83.14µs
[sshexec] ERROR 2017/04/27 03:01:50 /src/github.com/heketi/heketi/executors/sshexec/brick.go:143: dial tcp 192.168.48.12:22: getsockopt: connection timed out
[sshexec] WARNING 2017/04/27 03:01:50 Failed to create SSH connection to 192.168.48.12:22: dial tcp 192.168.48.12:22: getsockopt: connection timed out
[negroni] Started GET /queue/cc0bd67d25a90ba259a9f9f2a9a03d0e
[negroni] Completed 200 OK in 82.163µs
[negroni] Started GET /queue/cc0bd67d25a90ba259a9f9f2a9a03d0e
[negroni] Completed 200 OK in 76.598µs
[negroni] Started GET /queue/cc0bd67d25a90ba259a9f9f2a9a03d0e
[negroni] Completed 200 OK in 175.411µs
[negroni] Started GET /queue/cc0bd67d25a90ba259a9f9f2a9a03d0e
[negroni] Completed 200 OK in 180.332µs
[negroni] Started GET /queue/cc0bd67d25a90ba259a9f9f2a9a03d0e
[negroni] Completed 200 OK in 55.315µs
[negroni] Started GET /queue/cc0bd67d25a90ba259a9f9f2a9a03d0e
[negroni] Completed 200 OK in 92.821µs
[negroni] Started GET /queue/cc0bd67d25a90ba259a9f9f2a9a03d0e
[negroni] Completed 200 OK in 79.648µs
[negroni] Started GET /queue/cc0bd67d25a90ba259a9f9f2a9a03d0e
[negroni] Completed 200 OK in 188.304µs
[negroni] Started GET /queue/cc0bd67d25a90ba259a9f9f2a9a03d0e
[negroni] Completed 200 OK in 155.314µs
[negroni] Started GET /queue/cc0bd67d25a90ba259a9f9f2a9a03d0e
[negroni] Completed 200 OK in 73.763µs
[negroni] Started GET /queue/cc0bd67d25a90ba259a9f9f2a9a03d0e
[negroni] Completed 200 OK in 100.877µs
[negroni] Started GET /queue/cc0bd67d25a90ba259a9f9f2a9a03d0e
[negroni] Completed 200 OK in 210.646µs
[negroni] Started GET /queue/cc0bd67d25a90ba259a9f9f2a9a03d0e
[negroni] Completed 200 OK in 73.58µs
[negroni] Started GET /queue/cc0bd67d25a90ba259a9f9f2a9a03d0e
[negroni] Completed 200 OK in 418µs
[negroni] Started GET /queue/cc0bd67d25a90ba259a9f9f2a9a03d0e
[negroni] Completed 200 OK in 74.257µs
[negroni] Started GET /queue/cc0bd67d25a90ba259a9f9f2a9a03d0e
[negroni] Completed 200 OK in 99.584µs
[negroni] Started GET /queue/cc0bd67d25a90ba259a9f9f2a9a03d0e
[negroni] Completed 200 OK in 127.157µs
[negroni] Started GET /queue/cc0bd67d25a90ba259a9f9f2a9a03d0e
[negroni] Completed 200 OK in 158.559µs
[negroni] Started GET /queue/cc0bd67d25a90ba259a9f9f2a9a03d0e
[negroni] Completed 200 OK in 397.964µs
[negroni] Started GET /queue/cc0bd67d25a90ba259a9f9f2a9a03d0e
[negroni] Completed 200 OK in 70.919µs
[negroni] Started GET /queue/cc0bd67d25a90ba259a9f9f2a9a03d0e
[negroni] Completed 200 OK in 53.373µs
[negroni] Started GET /queue/cc0bd67d25a90ba259a9f9f2a9a03d0e
[negroni] Completed 200 OK in 60.078µs
[negroni] Started GET /queue/cc0bd67d25a90ba259a9f9f2a9a03d0e
[negroni] Completed 200 OK in 141.885µs
[negroni] Started GET /queue/cc0bd67d25a90ba259a9f9f2a9a03d0e
[negroni] Completed 200 OK in 134.463µs
[negroni] Started GET /queue/cc0bd67d25a90ba259a9f9f2a9a03d0e
[negroni] Completed 200 OK in 282.676µs
[negroni] Started GET /queue/cc0bd67d25a90ba259a9f9f2a9a03d0e
[negroni] Completed 200 OK in 168.014µs
[negroni] Started GET /queue/cc0bd67d25a90ba259a9f9f2a9a03d0e
[negroni] Completed 200 OK in 135.997µs
[negroni] Started GET /queue/cc0bd67d25a90ba259a9f9f2a9a03d0e
[negroni] Completed 200 OK in 130.004µs
[negroni] Started GET /queue/cc0bd67d25a90ba259a9f9f2a9a03d0e
[negroni] Completed 200 OK in 142.264µs
[negroni] Started GET /queue/cc0bd67d25a90ba259a9f9f2a9a03d0e
[negroni] Completed 200 OK in 98.985µs
[negroni] Started GET /queue/cc0bd67d25a90ba259a9f9f2a9a03d0e
[negroni] Completed 200 OK in 94.231µs
[negroni] Started GET /queue/cc0bd67d25a90ba259a9f9f2a9a03d0e
[negroni] Completed 200 OK in 207.96µs
[negroni] Started GET /queue/cc0bd67d25a90ba259a9f9f2a9a03d0e
[negroni] Completed 200 OK in 145.473µs
[negroni] Started GET /queue/cc0bd67d25a90ba259a9f9f2a9a03d0e
[negroni] Completed 200 OK in 96.094µs
[negroni] Started GET /queue/cc0bd67d25a90ba259a9f9f2a9a03d0e
[negroni] Completed 200 OK in 75.454µs
[negroni] Started GET /queue/cc0bd67d25a90ba259a9f9f2a9a03d0e
[negroni] Completed 200 OK in 81.202µs
[negroni] Started GET /queue/cc0bd67d25a90ba259a9f9f2a9a03d0e
[negroni] Completed 200 OK in 106.957µs
[negroni] Started GET /queue/cc0bd67d25a90ba259a9f9f2a9a03d0e
[negroni] Completed 200 OK in 159.498µs
[negroni] Started GET /queue/cc0bd67d25a90ba259a9f9f2a9a03d0e
[negroni] Completed 200 OK in 109.468µs
[negroni] Started GET /queue/cc0bd67d25a90ba259a9f9f2a9a03d0e
[negroni] Completed 200 OK in 182.855µs
[negroni] Started GET /queue/cc0bd67d25a90ba259a9f9f2a9a03d0e
[negroni] Completed 200 OK in 62.709µs
[negroni] Started GET /queue/cc0bd67d25a90ba259a9f9f2a9a03d0e
[negroni] Completed 200 OK in 66.675µs
[negroni] Started GET /queue/cc0bd67d25a90ba259a9f9f2a9a03d0e
[negroni] Completed 200 OK in 122.827µs
[negroni] Started GET /queue/cc0bd67d25a90ba259a9f9f2a9a03d0e
[negroni] Completed 200 OK in 74.143µs
[negroni] Started GET /queue/cc0bd67d25a90ba259a9f9f2a9a03d0e
[negroni] Completed 200 OK in 74.34µs
[negroni] Started GET /queue/cc0bd67d25a90ba259a9f9f2a9a03d0e
[negroni] Completed 200 OK in 63.38µs
[negroni] Started GET /queue/cc0bd67d25a90ba259a9f9f2a9a03d0e
[negroni] Completed 200 OK in 96.933µs
[negroni] Started GET /queue/cc0bd67d25a90ba259a9f9f2a9a03d0e
[negroni] Completed 200 OK in 76.697µs
[negroni] Started GET /queue/cc0bd67d25a90ba259a9f9f2a9a03d0e
[negroni] Completed 200 OK in 65.126µs
[negroni] Started GET /queue/cc0bd67d25a90ba259a9f9f2a9a03d0e
[negroni] Completed 200 OK in 123.686µs
[negroni] Started GET /queue/cc0bd67d25a90ba259a9f9f2a9a03d0e
[negroni] Completed 200 OK in 71.025µs
[negroni] Started GET /queue/cc0bd67d25a90ba259a9f9f2a9a03d0e
[negroni] Completed 200 OK in 95.941µs
[negroni] Started GET /queue/cc0bd67d25a90ba259a9f9f2a9a03d0e
[negroni] Completed 200 OK in 118.611µs
[negroni] Started GET /queue/cc0bd67d25a90ba259a9f9f2a9a03d0e
[negroni] Completed 200 OK in 114.817µs
[negroni] Started GET /queue/cc0bd67d25a90ba259a9f9f2a9a03d0e
[negroni] Completed 200 OK in 110.516µs
[negroni] Started GET /queue/cc0bd67d25a90ba259a9f9f2a9a03d0e
[negroni] Completed 200 OK in 141.208µs
[negroni] Started GET /queue/cc0bd67d25a90ba259a9f9f2a9a03d0e
[negroni] Completed 200 OK in 92.129µs
[negroni] Started GET /queue/cc0bd67d25a90ba259a9f9f2a9a03d0e
[negroni] Completed 200 OK in 139.763µs
[negroni] Started GET /queue/cc0bd67d25a90ba259a9f9f2a9a03d0e
[negroni] Completed 200 OK in 107.69µs
[negroni] Started GET /queue/cc0bd67d25a90ba259a9f9f2a9a03d0e
[negroni] Completed 200 OK in 156.282µs
[negroni] Started GET /queue/cc0bd67d25a90ba259a9f9f2a9a03d0e
[negroni] Completed 200 OK in 62.436µs
[negroni] Started GET /queue/cc0bd67d25a90ba259a9f9f2a9a03d0e
[negroni] Completed 200 OK in 77.444µs
[negroni] Started GET /queue/cc0bd67d25a90ba259a9f9f2a9a03d0e
[negroni] Completed 200 OK in 92.884µs
[negroni] Started GET /queue/cc0bd67d25a90ba259a9f9f2a9a03d0e
[negroni] Completed 200 OK in 82.091µs
[negroni] Started GET /queue/cc0bd67d25a90ba259a9f9f2a9a03d0e
[negroni] Completed 200 OK in 169.404µs
[negroni] Started GET /queue/cc0bd67d25a90ba259a9f9f2a9a03d0e
[negroni] Completed 200 OK in 162.241µs
[negroni] Started GET /queue/cc0bd67d25a90ba259a9f9f2a9a03d0e
[negroni] Completed 200 OK in 136.124µs
[negroni] Started GET /queue/cc0bd67d25a90ba259a9f9f2a9a03d0e
[negroni] Completed 200 OK in 75.154µs
[negroni] Started GET /queue/cc0bd67d25a90ba259a9f9f2a9a03d0e
[negroni] Completed 200 OK in 67.382µs
[negroni] Started GET /queue/cc0bd67d25a90ba259a9f9f2a9a03d0e
[negroni] Completed 200 OK in 138.501µs
[negroni] Started GET /queue/cc0bd67d25a90ba259a9f9f2a9a03d0e
[negroni] Completed 200 OK in 61.809µs
[negroni] Started GET /queue/cc0bd67d25a90ba259a9f9f2a9a03d0e
[negroni] Completed 200 OK in 104.373µs
[negroni] Started GET /queue/cc0bd67d25a90ba259a9f9f2a9a03d0e
[negroni] Completed 200 OK in 138.286µs
[negroni] Started GET /queue/cc0bd67d25a90ba259a9f9f2a9a03d0e
[negroni] Completed 200 OK in 105.053µs
[negroni] Started GET /queue/cc0bd67d25a90ba259a9f9f2a9a03d0e
[negroni] Completed 200 OK in 190.849µs
[negroni] Started GET /queue/cc0bd67d25a90ba259a9f9f2a9a03d0e
[negroni] Completed 200 OK in 89.101µs
[negroni] Started GET /queue/cc0bd67d25a90ba259a9f9f2a9a03d0e
[negroni] Completed 200 OK in 57.983µs
[negroni] Started GET /queue/cc0bd67d25a90ba259a9f9f2a9a03d0e
[negroni] Completed 200 OK in 175.434µs
[negroni] Started GET /queue/cc0bd67d25a90ba259a9f9f2a9a03d0e
[negroni] Completed 200 OK in 85.443µs
[negroni] Started GET /queue/cc0bd67d25a90ba259a9f9f2a9a03d0e
[negroni] Completed 200 OK in 93.136µs
[negroni] Started GET /queue/cc0bd67d25a90ba259a9f9f2a9a03d0e
[negroni] Completed 200 OK in 126.89µs
[negroni] Started GET /queue/cc0bd67d25a90ba259a9f9f2a9a03d0e
[negroni] Completed 200 OK in 132.29µs
[negroni] Started GET /queue/cc0bd67d25a90ba259a9f9f2a9a03d0e
[negroni] Completed 200 OK in 172.603µs
[negroni] Started GET /queue/cc0bd67d25a90ba259a9f9f2a9a03d0e
[negroni] Completed 200 OK in 132.901µs
[negroni] Started GET /queue/cc0bd67d25a90ba259a9f9f2a9a03d0e
[negroni] Completed 200 OK in 146.282µs
[negroni] Started GET /queue/cc0bd67d25a90ba259a9f9f2a9a03d0e
[negroni] Completed 200 OK in 84.24µs
[negroni] Started GET /queue/cc0bd67d25a90ba259a9f9f2a9a03d0e
[negroni] Completed 200 OK in 131.306µs
[negroni] Started GET /queue/cc0bd67d25a90ba259a9f9f2a9a03d0e
[negroni] Completed 200 OK in 62.837µs
[negroni] Started GET /queue/cc0bd67d25a90ba259a9f9f2a9a03d0e
[negroni] Completed 200 OK in 60.955µs
[negroni] Started GET /queue/cc0bd67d25a90ba259a9f9f2a9a03d0e
[negroni] Completed 200 OK in 60.181µs
[negroni] Started GET /queue/cc0bd67d25a90ba259a9f9f2a9a03d0e
[negroni] Completed 200 OK in 121.624µs
[negroni] Started GET /queue/cc0bd67d25a90ba259a9f9f2a9a03d0e
[negroni] Completed 200 OK in 70.475µs
[negroni] Started GET /queue/cc0bd67d25a90ba259a9f9f2a9a03d0e
[negroni] Completed 200 OK in 132.199µs
[negroni] Started GET /queue/cc0bd67d25a90ba259a9f9f2a9a03d0e
[negroni] Completed 200 OK in 144.654µs
[negroni] Started GET /queue/cc0bd67d25a90ba259a9f9f2a9a03d0e
[negroni] Completed 200 OK in 69.081µs
[negroni] Started GET /queue/cc0bd67d25a90ba259a9f9f2a9a03d0e
[negroni] Completed 200 OK in 76.541µs
[negroni] Started GET /queue/cc0bd67d25a90ba259a9f9f2a9a03d0e
[negroni] Completed 200 OK in 136.197µs
[negroni] Started GET /queue/cc0bd67d25a90ba259a9f9f2a9a03d0e
[negroni] Completed 200 OK in 89.695µs
[negroni] Started GET /queue/cc0bd67d25a90ba259a9f9f2a9a03d0e
[negroni] Completed 200 OK in 135.687µs
[negroni] Started GET /queue/cc0bd67d25a90ba259a9f9f2a9a03d0e
[negroni] Completed 200 OK in 281.67µs
[negroni] Started GET /queue/cc0bd67d25a90ba259a9f9f2a9a03d0e
[negroni] Completed 200 OK in 141.474µs
[negroni] Started GET /queue/cc0bd67d25a90ba259a9f9f2a9a03d0e
[negroni] Completed 200 OK in 94.301µs
[negroni] Started GET /queue/cc0bd67d25a90ba259a9f9f2a9a03d0e
[negroni] Completed 200 OK in 80.686µs
[negroni] Started GET /queue/cc0bd67d25a90ba259a9f9f2a9a03d0e
[negroni] Completed 200 OK in 73.791µs
[negroni] Started GET /queue/cc0bd67d25a90ba259a9f9f2a9a03d0e
[negroni] Completed 200 OK in 66.414µs
[negroni] Started GET /queue/cc0bd67d25a90ba259a9f9f2a9a03d0e
[negroni] Completed 200 OK in 77.328µs
[negroni] Started GET /queue/cc0bd67d25a90ba259a9f9f2a9a03d0e
[negroni] Completed 200 OK in 128.695µs
[negroni] Started GET /queue/cc0bd67d25a90ba259a9f9f2a9a03d0e
[negroni] Completed 200 OK in 81.618µs
[negroni] Started GET /queue/cc0bd67d25a90ba259a9f9f2a9a03d0e
[negroni] Completed 200 OK in 140.309µs
[negroni] Started GET /queue/cc0bd67d25a90ba259a9f9f2a9a03d0e
[negroni] Completed 200 OK in 122.33µs
[negroni] Started GET /queue/cc0bd67d25a90ba259a9f9f2a9a03d0e
[negroni] Completed 200 OK in 137.83µs
[negroni] Started GET /queue/cc0bd67d25a90ba259a9f9f2a9a03d0e
[negroni] Completed 200 OK in 111.398µs
[negroni] Started GET /queue/cc0bd67d25a90ba259a9f9f2a9a03d0e
[negroni] Completed 200 OK in 233.008µs
[negroni] Started GET /queue/cc0bd67d25a90ba259a9f9f2a9a03d0e
[negroni] Completed 200 OK in 95.767µs
[negroni] Started GET /queue/cc0bd67d25a90ba259a9f9f2a9a03d0e
[negroni] Completed 200 OK in 121.637µs
[negroni] Started GET /queue/cc0bd67d25a90ba259a9f9f2a9a03d0e
[negroni] Completed 200 OK in 100.011µs
[negroni] Started GET /queue/cc0bd67d25a90ba259a9f9f2a9a03d0e
[negroni] Completed 200 OK in 90.352µs
[negroni] Started GET /queue/cc0bd67d25a90ba259a9f9f2a9a03d0e
[negroni] Completed 200 OK in 105.251µs
[negroni] Started GET /queue/cc0bd67d25a90ba259a9f9f2a9a03d0e
[negroni] Completed 200 OK in 78.43µs
[negroni] Started GET /queue/cc0bd67d25a90ba259a9f9f2a9a03d0e
[negroni] Completed 200 OK in 103.942µs
[negroni] Started GET /queue/cc0bd67d25a90ba259a9f9f2a9a03d0e
[negroni] Completed 200 OK in 77.576µs
[negroni] Started GET /queue/cc0bd67d25a90ba259a9f9f2a9a03d0e
[negroni] Completed 200 OK in 73.715µs
[negroni] Started GET /queue/cc0bd67d25a90ba259a9f9f2a9a03d0e
[negroni] Completed 200 OK in 224.933µs
[negroni] Started GET /queue/cc0bd67d25a90ba259a9f9f2a9a03d0e
[negroni] Completed 200 OK in 69.895µs
[negroni] Started GET /queue/cc0bd67d25a90ba259a9f9f2a9a03d0e
[negroni] Completed 200 OK in 64.375µs
[negroni] Started GET /queue/cc0bd67d25a90ba259a9f9f2a9a03d0e
[negroni] Completed 200 OK in 70.924µs
[sshexec] ERROR 2017/04/27 03:03:58 /src/github.com/heketi/heketi/executors/sshexec/brick.go:152: dial tcp 192.168.48.12:22: getsockopt: connection timed out
[sshexec] WARNING 2017/04/27 03:03:58 Failed to create SSH connection to 192.168.48.12:22: dial tcp 192.168.48.12:22: getsockopt: connection timed out
[negroni] Started GET /queue/cc0bd67d25a90ba259a9f9f2a9a03d0e
[negroni] Completed 200 OK in 486.907µs
[negroni] Started GET /queue/cc0bd67d25a90ba259a9f9f2a9a03d0e
[negroni] Completed 200 OK in 117.436µs
[negroni] Started GET /queue/cc0bd67d25a90ba259a9f9f2a9a03d0e
[negroni] Completed 200 OK in 220.329µs
[negroni] Started GET /queue/cc0bd67d25a90ba259a9f9f2a9a03d0e
[negroni] Completed 200 OK in 69.033µs
[negroni] Started GET /queue/cc0bd67d25a90ba259a9f9f2a9a03d0e
[negroni] Completed 200 OK in 100.713µs
[negroni] Started GET /queue/cc0bd67d25a90ba259a9f9f2a9a03d0e
[negroni] Completed 200 OK in 125.419µs
[negroni] Started GET /queue/cc0bd67d25a90ba259a9f9f2a9a03d0e
[negroni] Completed 200 OK in 78.175µs
[negroni] Started GET /queue/cc0bd67d25a90ba259a9f9f2a9a03d0e
[negroni] Completed 200 OK in 103.047µs
[negroni] Started GET /queue/cc0bd67d25a90ba259a9f9f2a9a03d0e
[negroni] Completed 200 OK in 220.537µs
[negroni] Started GET /queue/cc0bd67d25a90ba259a9f9f2a9a03d0e
[negroni] Completed 200 OK in 120.35µs
[negroni] Started GET /queue/cc0bd67d25a90ba259a9f9f2a9a03d0e
[negroni] Completed 200 OK in 68.145µs
[negroni] Started GET /queue/cc0bd67d25a90ba259a9f9f2a9a03d0e
[negroni] Completed 200 OK in 60.118µs
[negroni] Started GET /queue/cc0bd67d25a90ba259a9f9f2a9a03d0e
[negroni] Completed 200 OK in 61.62µs
[negroni] Started GET /queue/cc0bd67d25a90ba259a9f9f2a9a03d0e
[negroni] Completed 200 OK in 181.136µs
[negroni] Started GET /queue/cc0bd67d25a90ba259a9f9f2a9a03d0e
[negroni] Completed 200 OK in 297.589µs
[negroni] Started GET /queue/cc0bd67d25a90ba259a9f9f2a9a03d0e
[negroni] Completed 200 OK in 91.509µs
[negroni] Started GET /queue/cc0bd67d25a90ba259a9f9f2a9a03d0e
[negroni] Completed 200 OK in 144.104µs
[negroni] Started GET /queue/cc0bd67d25a90ba259a9f9f2a9a03d0e
[negroni] Completed 200 OK in 112.118µs
[negroni] Started GET /queue/cc0bd67d25a90ba259a9f9f2a9a03d0e
[negroni] Completed 200 OK in 119.521µs
[negroni] Started GET /queue/cc0bd67d25a90ba259a9f9f2a9a03d0e
[negroni] Completed 200 OK in 87.442µs
[negroni] Started GET /queue/cc0bd67d25a90ba259a9f9f2a9a03d0e
[negroni] Completed 200 OK in 111.883µs
[negroni] Started GET /queue/cc0bd67d25a90ba259a9f9f2a9a03d0e
[negroni] Completed 200 OK in 79.641µs
[negroni] Started GET /queue/cc0bd67d25a90ba259a9f9f2a9a03d0e
[negroni] Completed 200 OK in 102.89µs
[negroni] Started GET /queue/cc0bd67d25a90ba259a9f9f2a9a03d0e
[negroni] Completed 200 OK in 71.28µs
[negroni] Started GET /queue/cc0bd67d25a90ba259a9f9f2a9a03d0e
[negroni] Completed 200 OK in 262.336µs
[negroni] Started GET /queue/cc0bd67d25a90ba259a9f9f2a9a03d0e
[negroni] Completed 200 OK in 115.313µs
[negroni] Started GET /queue/cc0bd67d25a90ba259a9f9f2a9a03d0e
[negroni] Completed 200 OK in 64.656µs
[negroni] Started GET /queue/cc0bd67d25a90ba259a9f9f2a9a03d0e
[negroni] Completed 200 OK in 61.229µs
[negroni] Started GET /queue/cc0bd67d25a90ba259a9f9f2a9a03d0e
[negroni] Completed 200 OK in 91.458µs
[negroni] Started GET /queue/cc0bd67d25a90ba259a9f9f2a9a03d0e
[negroni] Completed 200 OK in 67.786µs
[negroni] Started GET /queue/cc0bd67d25a90ba259a9f9f2a9a03d0e
[negroni] Completed 200 OK in 87.432µs
[negroni] Started GET /queue/cc0bd67d25a90ba259a9f9f2a9a03d0e
[negroni] Completed 200 OK in 96.252µs
[negroni] Started GET /queue/cc0bd67d25a90ba259a9f9f2a9a03d0e
[negroni] Completed 200 OK in 68.817µs
[negroni] Started GET /queue/cc0bd67d25a90ba259a9f9f2a9a03d0e
[negroni] Completed 200 OK in 67.93µs
[negroni] Started GET /queue/cc0bd67d25a90ba259a9f9f2a9a03d0e
[negroni] Completed 200 OK in 246.538µs
[negroni] Started GET /queue/cc0bd67d25a90ba259a9f9f2a9a03d0e
[negroni] Completed 200 OK in 213.893µs
[negroni] Started GET /queue/cc0bd67d25a90ba259a9f9f2a9a03d0e
[negroni] Completed 200 OK in 86.287µs
[negroni] Started GET /queue/cc0bd67d25a90ba259a9f9f2a9a03d0e
[negroni] Completed 200 OK in 117.647µs
[negroni] Started GET /queue/cc0bd67d25a90ba259a9f9f2a9a03d0e
[negroni] Completed 200 OK in 68.512µs
[negroni] Started GET /queue/cc0bd67d25a90ba259a9f9f2a9a03d0e
[negroni] Completed 200 OK in 104.346µs
[negroni] Started GET /queue/cc0bd67d25a90ba259a9f9f2a9a03d0e
[negroni] Completed 200 OK in 73.578µs
[negroni] Started GET /queue/cc0bd67d25a90ba259a9f9f2a9a03d0e
[negroni] Completed 200 OK in 149.088µs
[negroni] Started GET /queue/cc0bd67d25a90ba259a9f9f2a9a03d0e
[negroni] Completed 200 OK in 77.589µs
[negroni] Started GET /queue/cc0bd67d25a90ba259a9f9f2a9a03d0e
[negroni] Completed 200 OK in 84.086µs
[negroni] Started GET /queue/cc0bd67d25a90ba259a9f9f2a9a03d0e
[negroni] Completed 200 OK in 79.089µs
[negroni] Started GET /queue/cc0bd67d25a90ba259a9f9f2a9a03d0e
[negroni] Completed 200 OK in 74.158µs
[negroni] Started GET /queue/cc0bd67d25a90ba259a9f9f2a9a03d0e
[negroni] Completed 200 OK in 125.735µs
[negroni] Started GET /queue/cc0bd67d25a90ba259a9f9f2a9a03d0e
[negroni] Completed 200 OK in 65.896µs
[negroni] Started GET /queue/cc0bd67d25a90ba259a9f9f2a9a03d0e
[negroni] Completed 200 OK in 164.937µs
[negroni] Started GET /queue/cc0bd67d25a90ba259a9f9f2a9a03d0e
[negroni] Completed 200 OK in 84.588µs
[negroni] Started GET /queue/cc0bd67d25a90ba259a9f9f2a9a03d0e
[negroni] Completed 200 OK in 89.819µs
[negroni] Started GET /queue/cc0bd67d25a90ba259a9f9f2a9a03d0e
[negroni] Completed 200 OK in 98.793µs
[negroni] Started GET /queue/cc0bd67d25a90ba259a9f9f2a9a03d0e
[negroni] Completed 200 OK in 73.655µs
[negroni] Started GET /queue/cc0bd67d25a90ba259a9f9f2a9a03d0e
[negroni] Completed 200 OK in 82.97µs
[negroni] Started GET /queue/cc0bd67d25a90ba259a9f9f2a9a03d0e
[negroni] Completed 200 OK in 62.787µs
[negroni] Started GET /queue/cc0bd67d25a90ba259a9f9f2a9a03d0e
[negroni] Completed 200 OK in 69.529µs
[negroni] Started GET /queue/cc0bd67d25a90ba259a9f9f2a9a03d0e
[negroni] Completed 200 OK in 111.093µs
[negroni] Started GET /queue/cc0bd67d25a90ba259a9f9f2a9a03d0e
[negroni] Completed 200 OK in 64.999µs
[negroni] Started GET /queue/cc0bd67d25a90ba259a9f9f2a9a03d0e
[negroni] Completed 200 OK in 77.115µs
[negroni] Started GET /queue/cc0bd67d25a90ba259a9f9f2a9a03d0e
[negroni] Completed 200 OK in 120.265µs
[negroni] Started GET /queue/cc0bd67d25a90ba259a9f9f2a9a03d0e
[negroni] Completed 200 OK in 112.167µs
[negroni] Started GET /queue/cc0bd67d25a90ba259a9f9f2a9a03d0e
[negroni] Completed 200 OK in 70.303µs
[negroni] Started GET /queue/cc0bd67d25a90ba259a9f9f2a9a03d0e
[negroni] Completed 200 OK in 58.673µs
[negroni] Started GET /queue/cc0bd67d25a90ba259a9f9f2a9a03d0e
[negroni] Completed 200 OK in 278.826µs
[negroni] Started GET /queue/cc0bd67d25a90ba259a9f9f2a9a03d0e
[negroni] Completed 200 OK in 87.819µs
[negroni] Started GET /queue/cc0bd67d25a90ba259a9f9f2a9a03d0e
[negroni] Completed 200 OK in 123.552µs
[negroni] Started GET /queue/cc0bd67d25a90ba259a9f9f2a9a03d0e
[negroni] Completed 200 OK in 59.534µs
[negroni] Started GET /queue/cc0bd67d25a90ba259a9f9f2a9a03d0e
[negroni] Completed 200 OK in 165.695µs
[negroni] Started GET /queue/cc0bd67d25a90ba259a9f9f2a9a03d0e
[negroni] Completed 200 OK in 132.594µs
[negroni] Started GET /queue/cc0bd67d25a90ba259a9f9f2a9a03d0e
[negroni] Completed 200 OK in 107.265µs
[negroni] Started GET /queue/cc0bd67d25a90ba259a9f9f2a9a03d0e
[negroni] Completed 200 OK in 133.332µs
[negroni] Started GET /queue/cc0bd67d25a90ba259a9f9f2a9a03d0e
[negroni] Completed 200 OK in 159.061µs
[negroni] Started GET /queue/cc0bd67d25a90ba259a9f9f2a9a03d0e
[negroni] Completed 200 OK in 70.577µs
[negroni] Started GET /queue/cc0bd67d25a90ba259a9f9f2a9a03d0e
[negroni] Completed 200 OK in 96.209µs
[negroni] Started GET /queue/cc0bd67d25a90ba259a9f9f2a9a03d0e
[negroni] Completed 200 OK in 65.421µs
[negroni] Started GET /queue/cc0bd67d25a90ba259a9f9f2a9a03d0e
[negroni] Completed 200 OK in 64.284µs
[negroni] Started GET /queue/cc0bd67d25a90ba259a9f9f2a9a03d0e
[negroni] Completed 200 OK in 79.472µs
[negroni] Started GET /queue/cc0bd67d25a90ba259a9f9f2a9a03d0e
[negroni] Completed 200 OK in 193.348µs
[negroni] Started GET /queue/cc0bd67d25a90ba259a9f9f2a9a03d0e
[negroni] Completed 200 OK in 952.168µs
[negroni] Started GET /queue/cc0bd67d25a90ba259a9f9f2a9a03d0e
[negroni] Completed 200 OK in 188.254µs
[negroni] Started GET /queue/cc0bd67d25a90ba259a9f9f2a9a03d0e
[negroni] Completed 200 OK in 134.498µs
[negroni] Started GET /queue/cc0bd67d25a90ba259a9f9f2a9a03d0e
[negroni] Completed 200 OK in 100.719µs
[negroni] Started GET /queue/cc0bd67d25a90ba259a9f9f2a9a03d0e
[negroni] Completed 200 OK in 99.192µs
[negroni] Started GET /queue/cc0bd67d25a90ba259a9f9f2a9a03d0e
[negroni] Completed 200 OK in 102.264µs
[negroni] Started GET /queue/cc0bd67d25a90ba259a9f9f2a9a03d0e
[negroni] Completed 200 OK in 71.85µs
[negroni] Started GET /queue/cc0bd67d25a90ba259a9f9f2a9a03d0e
[negroni] Completed 200 OK in 127.464µs
[negroni] Started GET /queue/cc0bd67d25a90ba259a9f9f2a9a03d0e
[negroni] Completed 200 OK in 95.48µs
[negroni] Started GET /queue/cc0bd67d25a90ba259a9f9f2a9a03d0e
[negroni] Completed 200 OK in 137.68µs
[negroni] Started GET /queue/cc0bd67d25a90ba259a9f9f2a9a03d0e
[negroni] Completed 200 OK in 162.794µs
[negroni] Started GET /queue/cc0bd67d25a90ba259a9f9f2a9a03d0e
[negroni] Completed 200 OK in 71.504µs
[negroni] Started GET /queue/cc0bd67d25a90ba259a9f9f2a9a03d0e
[negroni] Completed 200 OK in 123.641µs
[negroni] Started GET /queue/cc0bd67d25a90ba259a9f9f2a9a03d0e
[negroni] Completed 200 OK in 69.18µs
[negroni] Started GET /queue/cc0bd67d25a90ba259a9f9f2a9a03d0e
[negroni] Completed 200 OK in 185.76µs
[negroni] Started GET /queue/cc0bd67d25a90ba259a9f9f2a9a03d0e
[negroni] Completed 200 OK in 81.873µs
[negroni] Started GET /queue/cc0bd67d25a90ba259a9f9f2a9a03d0e
[negroni] Completed 200 OK in 167.829µs
[negroni] Started GET /queue/cc0bd67d25a90ba259a9f9f2a9a03d0e
[negroni] Completed 200 OK in 114.032µs
[negroni] Started GET /queue/cc0bd67d25a90ba259a9f9f2a9a03d0e
[negroni] Completed 200 OK in 143.534µs
[negroni] Started GET /queue/cc0bd67d25a90ba259a9f9f2a9a03d0e
[negroni] Completed 200 OK in 97.378µs
[negroni] Started GET /queue/cc0bd67d25a90ba259a9f9f2a9a03d0e
[negroni] Completed 200 OK in 84.51µs
[negroni] Started GET /queue/cc0bd67d25a90ba259a9f9f2a9a03d0e
[negroni] Completed 200 OK in 188.348µs
[negroni] Started GET /queue/cc0bd67d25a90ba259a9f9f2a9a03d0e
[negroni] Completed 200 OK in 123.152µs
[negroni] Started GET /queue/cc0bd67d25a90ba259a9f9f2a9a03d0e
[negroni] Completed 200 OK in 84.901µs
[negroni] Started GET /queue/cc0bd67d25a90ba259a9f9f2a9a03d0e
[negroni] Completed 200 OK in 99.942µs
[negroni] Started GET /queue/cc0bd67d25a90ba259a9f9f2a9a03d0e
[negroni] Completed 200 OK in 185.269µs
[negroni] Started GET /queue/cc0bd67d25a90ba259a9f9f2a9a03d0e
[negroni] Completed 200 OK in 65.775µs
[negroni] Started GET /queue/cc0bd67d25a90ba259a9f9f2a9a03d0e
[negroni] Completed 200 OK in 178.891µs
[negroni] Started GET /queue/cc0bd67d25a90ba259a9f9f2a9a03d0e
[negroni] Completed 200 OK in 224.757µs
[negroni] Started GET /queue/cc0bd67d25a90ba259a9f9f2a9a03d0e
[negroni] Completed 200 OK in 291.197µs
[negroni] Started GET /queue/cc0bd67d25a90ba259a9f9f2a9a03d0e
[negroni] Completed 200 OK in 86.586µs
[negroni] Started GET /queue/cc0bd67d25a90ba259a9f9f2a9a03d0e
[negroni] Completed 200 OK in 90.744µs
[negroni] Started GET /queue/cc0bd67d25a90ba259a9f9f2a9a03d0e
[negroni] Completed 200 OK in 83.928µs
[negroni] Started GET /queue/cc0bd67d25a90ba259a9f9f2a9a03d0e
[negroni] Completed 200 OK in 99.447µs
[negroni] Started GET /queue/cc0bd67d25a90ba259a9f9f2a9a03d0e
[negroni] Completed 200 OK in 84.032µs
[negroni] Started GET /queue/cc0bd67d25a90ba259a9f9f2a9a03d0e
[negroni] Completed 200 OK in 100.567µs
[negroni] Started GET /queue/cc0bd67d25a90ba259a9f9f2a9a03d0e
[negroni] Completed 200 OK in 92.111µs
[negroni] Started GET /queue/cc0bd67d25a90ba259a9f9f2a9a03d0e
[negroni] Completed 200 OK in 100.203µs
[negroni] Started GET /queue/cc0bd67d25a90ba259a9f9f2a9a03d0e
[negroni] Completed 200 OK in 167.891µs
[negroni] Started GET /queue/cc0bd67d25a90ba259a9f9f2a9a03d0e
[negroni] Completed 200 OK in 93.928µs
[negroni] Started GET /queue/cc0bd67d25a90ba259a9f9f2a9a03d0e
[negroni] Completed 200 OK in 110.388µs
[negroni] Started GET /queue/cc0bd67d25a90ba259a9f9f2a9a03d0e
[negroni] Completed 200 OK in 87.134µs
[negroni] Started GET /queue/cc0bd67d25a90ba259a9f9f2a9a03d0e
[negroni] Completed 200 OK in 270.804µs
[negroni] Started GET /queue/cc0bd67d25a90ba259a9f9f2a9a03d0e
[negroni] Completed 200 OK in 366.157µs
[negroni] Started GET /queue/cc0bd67d25a90ba259a9f9f2a9a03d0e
[negroni] Completed 200 OK in 113.806µs
[negroni] Started GET /queue/cc0bd67d25a90ba259a9f9f2a9a03d0e
[negroni] Completed 200 OK in 92.296µs
[negroni] Started GET /queue/cc0bd67d25a90ba259a9f9f2a9a03d0e
[negroni] Completed 200 OK in 50.827µs
[negroni] Started GET /queue/cc0bd67d25a90ba259a9f9f2a9a03d0e
[negroni] Completed 200 OK in 66.852µs
[negroni] Started GET /queue/cc0bd67d25a90ba259a9f9f2a9a03d0e
[negroni] Completed 200 OK in 97.993µs
[sshexec] ERROR 2017/04/27 03:06:05 /src/github.com/heketi/heketi/executors/sshexec/brick.go:163: dial tcp 192.168.48.12:22: getsockopt: connection timed out
[heketi] ERROR 2017/04/27 03:06:05 /src/github.com/heketi/heketi/apps/glusterfs/brick_create.go:49: dial tcp 192.168.48.12:22: getsockopt: connection timed out
[sshexec] WARNING 2017/04/27 03:06:05 Failed to create SSH connection to 192.168.48.12:22: dial tcp 192.168.48.12:22: getsockopt: connection timed out
[heketi] INFO 2017/04/27 03:06:05 Deleting brick c8c0b566f282735072563193ee62b7ae
[heketi] INFO 2017/04/27 03:06:05 Deleting brick 664abaa7d27a38eb91f42c971fa57b0a
[heketi] INFO 2017/04/27 03:06:05 Deleting brick d585b74a81f4c0bfafca0f4270ad78d3
[negroni] Started GET /queue/cc0bd67d25a90ba259a9f9f2a9a03d0e
[negroni] Completed 200 OK in 128.616µs
[sshexec] DEBUG 2017/04/27 03:06:05 /src/github.com/heketi/heketi/pkg/utils/ssh/ssh.go:176: Host: 192.168.48.17:22 Command: /bin/bash -c 'umount /var/lib/heketi/mounts/vg_6c7ff8b53124baa86b5b789cd93274e1/brick_d585b74a81f4c0bfafca0f4270ad78d3'
Result: 
[sshexec] DEBUG 2017/04/27 03:06:05 /src/github.com/heketi/heketi/pkg/utils/ssh/ssh.go:176: Host: 192.168.48.14:22 Command: /bin/bash -c 'umount /var/lib/heketi/mounts/vg_d72d3bd802d4e511a80ce2f16181289d/brick_c8c0b566f282735072563193ee62b7ae'
Result: 
[sshexec] DEBUG 2017/04/27 03:06:06 /src/github.com/heketi/heketi/pkg/utils/ssh/ssh.go:176: Host: 192.168.48.17:22 Command: /bin/bash -c 'lvremove -f vg_6c7ff8b53124baa86b5b789cd93274e1/tp_d585b74a81f4c0bfafca0f4270ad78d3'
Result:   Logical volume "brick_d585b74a81f4c0bfafca0f4270ad78d3" successfully removed
  Logical volume "tp_d585b74a81f4c0bfafca0f4270ad78d3" successfully removed
[sshexec] DEBUG 2017/04/27 03:06:06 /src/github.com/heketi/heketi/pkg/utils/ssh/ssh.go:176: Host: 192.168.48.14:22 Command: /bin/bash -c 'lvremove -f vg_d72d3bd802d4e511a80ce2f16181289d/tp_c8c0b566f282735072563193ee62b7ae'
Result:   Logical volume "brick_c8c0b566f282735072563193ee62b7ae" successfully removed
  Logical volume "tp_c8c0b566f282735072563193ee62b7ae" successfully removed
[sshexec] DEBUG 2017/04/27 03:06:06 /src/github.com/heketi/heketi/pkg/utils/ssh/ssh.go:176: Host: 192.168.48.17:22 Command: /bin/bash -c 'rmdir /var/lib/heketi/mounts/vg_6c7ff8b53124baa86b5b789cd93274e1/brick_d585b74a81f4c0bfafca0f4270ad78d3'
Result: 
[sshexec] DEBUG 2017/04/27 03:06:06 /src/github.com/heketi/heketi/pkg/utils/ssh/ssh.go:176: Host: 192.168.48.14:22 Command: /bin/bash -c 'rmdir /var/lib/heketi/mounts/vg_d72d3bd802d4e511a80ce2f16181289d/brick_c8c0b566f282735072563193ee62b7ae'
Result: 
[sshexec] DEBUG 2017/04/27 03:06:06 /src/github.com/heketi/heketi/pkg/utils/ssh/ssh.go:176: Host: 192.168.48.14:22 Command: /bin/bash -c 'sed -i.save "/brick_c8c0b566f282735072563193ee62b7ae/d" /etc/fstab'
Result: 
[sshexec] DEBUG 2017/04/27 03:06:06 /src/github.com/heketi/heketi/pkg/utils/ssh/ssh.go:176: Host: 192.168.48.17:22 Command: /bin/bash -c 'sed -i.save "/brick_d585b74a81f4c0bfafca0f4270ad78d3/d" /etc/fstab'
Result: 
[negroni] Started GET /queue/cc0bd67d25a90ba259a9f9f2a9a03d0e
[negroni] Completed 200 OK in 73.539µs
[negroni] Started GET /queue/cc0bd67d25a90ba259a9f9f2a9a03d0e
[negroni] Completed 200 OK in 103.7µs
[negroni] Started GET /queue/cc0bd67d25a90ba259a9f9f2a9a03d0e
[negroni] Completed 200 OK in 103.171µs
[negroni] Started GET /queue/cc0bd67d25a90ba259a9f9f2a9a03d0e
[negroni] Completed 200 OK in 73.85µs
[negroni] Started GET /queue/cc0bd67d25a90ba259a9f9f2a9a03d0e
[negroni] Completed 200 OK in 93.463µs
[negroni] Started GET /queue/cc0bd67d25a90ba259a9f9f2a9a03d0e
[negroni] Completed 200 OK in 104.521µs
[negroni] Started GET /queue/cc0bd67d25a90ba259a9f9f2a9a03d0e
[negroni] Completed 200 OK in 211.467µs
[negroni] Started GET /queue/cc0bd67d25a90ba259a9f9f2a9a03d0e
[negroni] Completed 200 OK in 111.382µs
[negroni] Started GET /queue/cc0bd67d25a90ba259a9f9f2a9a03d0e
[negroni] Completed 200 OK in 58.476µs
[negroni] Started GET /queue/cc0bd67d25a90ba259a9f9f2a9a03d0e
[negroni] Completed 200 OK in 140.266µs
[negroni] Started GET /queue/cc0bd67d25a90ba259a9f9f2a9a03d0e
[negroni] Completed 200 OK in 108.328µs
[negroni] Started GET /queue/cc0bd67d25a90ba259a9f9f2a9a03d0e
[negroni] Completed 200 OK in 112.88µs
[negroni] Started GET /queue/cc0bd67d25a90ba259a9f9f2a9a03d0e
[negroni] Completed 200 OK in 100.695µs
[negroni] Started GET /queue/cc0bd67d25a90ba259a9f9f2a9a03d0e
[negroni] Completed 200 OK in 434.898µs
[negroni] Started GET /queue/cc0bd67d25a90ba259a9f9f2a9a03d0e
[negroni] Completed 200 OK in 53.223µs
[negroni] Started GET /queue/cc0bd67d25a90ba259a9f9f2a9a03d0e
[negroni] Completed 200 OK in 86.257µs
[negroni] Started GET /queue/cc0bd67d25a90ba259a9f9f2a9a03d0e
[negroni] Completed 200 OK in 128.461µs
[negroni] Started GET /queue/cc0bd67d25a90ba259a9f9f2a9a03d0e
[negroni] Completed 200 OK in 93.184µs
[negroni] Started GET /queue/cc0bd67d25a90ba259a9f9f2a9a03d0e
[negroni] Completed 200 OK in 107.886µs
[negroni] Started GET /queue/cc0bd67d25a90ba259a9f9f2a9a03d0e
[negroni] Completed 200 OK in 70.096µs
[negroni] Started GET /queue/cc0bd67d25a90ba259a9f9f2a9a03d0e
[negroni] Completed 200 OK in 273.489µs
[negroni] Started GET /queue/cc0bd67d25a90ba259a9f9f2a9a03d0e
[negroni] Completed 200 OK in 58.903µs
[negroni] Started GET /queue/cc0bd67d25a90ba259a9f9f2a9a03d0e
[negroni] Completed 200 OK in 62.195µs
[negroni] Started GET /queue/cc0bd67d25a90ba259a9f9f2a9a03d0e
[negroni] Completed 200 OK in 64.644µs
[negroni] Started GET /queue/cc0bd67d25a90ba259a9f9f2a9a03d0e
[negroni] Completed 200 OK in 95.113µs
[negroni] Started GET /queue/cc0bd67d25a90ba259a9f9f2a9a03d0e
[negroni] Completed 200 OK in 51.659µs
[negroni] Started GET /queue/cc0bd67d25a90ba259a9f9f2a9a03d0e
[negroni] Completed 200 OK in 112.992µs
[negroni] Started GET /queue/cc0bd67d25a90ba259a9f9f2a9a03d0e
[negroni] Completed 200 OK in 77.58µs
[negroni] Started GET /queue/cc0bd67d25a90ba259a9f9f2a9a03d0e
[negroni] Completed 200 OK in 93.583µs
[negroni] Started GET /queue/cc0bd67d25a90ba259a9f9f2a9a03d0e
[negroni] Completed 200 OK in 308.528µs
[negroni] Started GET /queue/cc0bd67d25a90ba259a9f9f2a9a03d0e
[negroni] Completed 200 OK in 177.312µs
[negroni] Started GET /queue/cc0bd67d25a90ba259a9f9f2a9a03d0e
[negroni] Completed 200 OK in 175.612µs
[negroni] Started GET /queue/cc0bd67d25a90ba259a9f9f2a9a03d0e
[negroni] Completed 200 OK in 59.971µs
[negroni] Started GET /queue/cc0bd67d25a90ba259a9f9f2a9a03d0e
[negroni] Completed 200 OK in 106.874µs
[negroni] Started GET /queue/cc0bd67d25a90ba259a9f9f2a9a03d0e
[negroni] Completed 200 OK in 77.276µs
[negroni] Started GET /queue/cc0bd67d25a90ba259a9f9f2a9a03d0e
[negroni] Completed 200 OK in 93.832µs
[negroni] Started GET /queue/cc0bd67d25a90ba259a9f9f2a9a03d0e
[negroni] Completed 200 OK in 121.769µs
[negroni] Started GET /queue/cc0bd67d25a90ba259a9f9f2a9a03d0e
[negroni] Completed 200 OK in 410.632µs
[negroni] Started GET /queue/cc0bd67d25a90ba259a9f9f2a9a03d0e
[negroni] Completed 200 OK in 133.172µs
[negroni] Started GET /queue/cc0bd67d25a90ba259a9f9f2a9a03d0e
[negroni] Completed 200 OK in 74.255µs
[negroni] Started GET /queue/cc0bd67d25a90ba259a9f9f2a9a03d0e
[negroni] Completed 200 OK in 69.153µs
[negroni] Started GET /queue/cc0bd67d25a90ba259a9f9f2a9a03d0e
[negroni] Completed 200 OK in 139.106µs
[negroni] Started GET /queue/cc0bd67d25a90ba259a9f9f2a9a03d0e
[negroni] Completed 200 OK in 52.084µs
[negroni] Started GET /queue/cc0bd67d25a90ba259a9f9f2a9a03d0e
[negroni] Completed 200 OK in 103.357µs
[negroni] Started GET /queue/cc0bd67d25a90ba259a9f9f2a9a03d0e
[negroni] Completed 200 OK in 237.89µs
[negroni] Started GET /queue/cc0bd67d25a90ba259a9f9f2a9a03d0e
[negroni] Completed 200 OK in 103.864µs
[negroni] Started GET /queue/cc0bd67d25a90ba259a9f9f2a9a03d0e
[negroni] Completed 200 OK in 224.69µs
[negroni] Started GET /queue/cc0bd67d25a90ba259a9f9f2a9a03d0e
[negroni] Completed 200 OK in 382.227µs
[negroni] Started GET /queue/cc0bd67d25a90ba259a9f9f2a9a03d0e
[negroni] Completed 200 OK in 65.92µs
[negroni] Started GET /queue/cc0bd67d25a90ba259a9f9f2a9a03d0e
[negroni] Completed 200 OK in 92.56µs
[negroni] Started GET /queue/cc0bd67d25a90ba259a9f9f2a9a03d0e
[negroni] Completed 200 OK in 307.002µs
[negroni] Started GET /queue/cc0bd67d25a90ba259a9f9f2a9a03d0e
[negroni] Completed 200 OK in 110.199µs
[negroni] Started GET /queue/cc0bd67d25a90ba259a9f9f2a9a03d0e
[negroni] Completed 200 OK in 101.328µs
[negroni] Started GET /queue/cc0bd67d25a90ba259a9f9f2a9a03d0e
[negroni] Completed 200 OK in 125.092µs
[negroni] Started GET /queue/cc0bd67d25a90ba259a9f9f2a9a03d0e
[negroni] Completed 200 OK in 114.553µs
[negroni] Started GET /queue/cc0bd67d25a90ba259a9f9f2a9a03d0e
[negroni] Completed 200 OK in 127.667µs
[negroni] Started GET /queue/cc0bd67d25a90ba259a9f9f2a9a03d0e
[negroni] Completed 200 OK in 111.797µs
[negroni] Started GET /queue/cc0bd67d25a90ba259a9f9f2a9a03d0e
[negroni] Completed 200 OK in 76.04µs
[negroni] Started GET /queue/cc0bd67d25a90ba259a9f9f2a9a03d0e
[negroni] Completed 200 OK in 56.875µs
[negroni] Started GET /queue/cc0bd67d25a90ba259a9f9f2a9a03d0e
[negroni] Completed 200 OK in 65.917µs
[negroni] Started GET /queue/cc0bd67d25a90ba259a9f9f2a9a03d0e
[negroni] Completed 200 OK in 179.075µs
[negroni] Started GET /queue/cc0bd67d25a90ba259a9f9f2a9a03d0e
[negroni] Completed 200 OK in 400.589µs
[negroni] Started GET /queue/cc0bd67d25a90ba259a9f9f2a9a03d0e
[negroni] Completed 200 OK in 59.724µs
[negroni] Started GET /queue/cc0bd67d25a90ba259a9f9f2a9a03d0e
[negroni] Completed 200 OK in 87.698µs
[negroni] Started GET /queue/cc0bd67d25a90ba259a9f9f2a9a03d0e
[negroni] Completed 200 OK in 67.376µs
[negroni] Started GET /queue/cc0bd67d25a90ba259a9f9f2a9a03d0e
[negroni] Completed 200 OK in 1.243015ms
[negroni] Started GET /queue/cc0bd67d25a90ba259a9f9f2a9a03d0e
[negroni] Completed 200 OK in 129.573µs
[negroni] Started GET /queue/cc0bd67d25a90ba259a9f9f2a9a03d0e
[negroni] Completed 200 OK in 104.939µs
[negroni] Started GET /queue/cc0bd67d25a90ba259a9f9f2a9a03d0e
[negroni] Completed 200 OK in 130.405µs
[negroni] Started GET /queue/cc0bd67d25a90ba259a9f9f2a9a03d0e
[negroni] Completed 200 OK in 295.927µs
[negroni] Started GET /queue/cc0bd67d25a90ba259a9f9f2a9a03d0e
[negroni] Completed 200 OK in 110.151µs
[negroni] Started GET /queue/cc0bd67d25a90ba259a9f9f2a9a03d0e
[negroni] Completed 200 OK in 94.757µs
[negroni] Started GET /queue/cc0bd67d25a90ba259a9f9f2a9a03d0e
[negroni] Completed 200 OK in 69.275µs
[negroni] Started GET /queue/cc0bd67d25a90ba259a9f9f2a9a03d0e
[negroni] Completed 200 OK in 72.784µs
[negroni] Started GET /queue/cc0bd67d25a90ba259a9f9f2a9a03d0e
[negroni] Completed 200 OK in 209.624µs
[negroni] Started GET /queue/cc0bd67d25a90ba259a9f9f2a9a03d0e
[negroni] Completed 200 OK in 90.445µs
[negroni] Started GET /queue/cc0bd67d25a90ba259a9f9f2a9a03d0e
[negroni] Completed 200 OK in 91.316µs
[negroni] Started GET /queue/cc0bd67d25a90ba259a9f9f2a9a03d0e
[negroni] Completed 200 OK in 157.794µs
[negroni] Started GET /queue/cc0bd67d25a90ba259a9f9f2a9a03d0e
[negroni] Completed 200 OK in 101.333µs
[negroni] Started GET /queue/cc0bd67d25a90ba259a9f9f2a9a03d0e
[negroni] Completed 200 OK in 75.814µs
[negroni] Started GET /queue/cc0bd67d25a90ba259a9f9f2a9a03d0e
[negroni] Completed 200 OK in 49.888µs
[negroni] Started GET /queue/cc0bd67d25a90ba259a9f9f2a9a03d0e
[negroni] Completed 200 OK in 123.776µs
[negroni] Started GET /queue/cc0bd67d25a90ba259a9f9f2a9a03d0e
[negroni] Completed 200 OK in 176.644µs
[negroni] Started GET /queue/cc0bd67d25a90ba259a9f9f2a9a03d0e
[negroni] Completed 200 OK in 71.855µs
[negroni] Started GET /queue/cc0bd67d25a90ba259a9f9f2a9a03d0e
[negroni] Completed 200 OK in 121.148µs
[negroni] Started GET /queue/cc0bd67d25a90ba259a9f9f2a9a03d0e
[negroni] Completed 200 OK in 57.735µs
[negroni] Started GET /queue/cc0bd67d25a90ba259a9f9f2a9a03d0e
[negroni] Completed 200 OK in 99.632µs
[negroni] Started GET /queue/cc0bd67d25a90ba259a9f9f2a9a03d0e
[negroni] Completed 200 OK in 64.852µs
[negroni] Started GET /queue/cc0bd67d25a90ba259a9f9f2a9a03d0e
[negroni] Completed 200 OK in 60.477µs
[negroni] Started GET /queue/cc0bd67d25a90ba259a9f9f2a9a03d0e
[negroni] Completed 200 OK in 89.742µs
[negroni] Started GET /queue/cc0bd67d25a90ba259a9f9f2a9a03d0e
[negroni] Completed 200 OK in 101.579µs
[negroni] Started GET /queue/cc0bd67d25a90ba259a9f9f2a9a03d0e
[negroni] Completed 200 OK in 78.619µs
[negroni] Started GET /queue/cc0bd67d25a90ba259a9f9f2a9a03d0e
[negroni] Completed 200 OK in 92.849µs
[negroni] Started GET /queue/cc0bd67d25a90ba259a9f9f2a9a03d0e
[negroni] Completed 200 OK in 199.864µs
[negroni] Started GET /queue/cc0bd67d25a90ba259a9f9f2a9a03d0e
[negroni] Completed 200 OK in 115.237µs
[negroni] Started GET /queue/cc0bd67d25a90ba259a9f9f2a9a03d0e
[negroni] Completed 200 OK in 87.866µs
[negroni] Started GET /queue/cc0bd67d25a90ba259a9f9f2a9a03d0e
[negroni] Completed 200 OK in 205.553µs
[negroni] Started GET /queue/cc0bd67d25a90ba259a9f9f2a9a03d0e
[negroni] Completed 200 OK in 620.278µs
[negroni] Started GET /queue/cc0bd67d25a90ba259a9f9f2a9a03d0e
[negroni] Completed 200 OK in 106.079µs
[negroni] Started GET /queue/cc0bd67d25a90ba259a9f9f2a9a03d0e
[negroni] Completed 200 OK in 468.314µs
[negroni] Started GET /queue/cc0bd67d25a90ba259a9f9f2a9a03d0e
[negroni] Completed 200 OK in 76.435µs
[negroni] Started GET /queue/cc0bd67d25a90ba259a9f9f2a9a03d0e
[negroni] Completed 200 OK in 162.943µs
[negroni] Started GET /queue/cc0bd67d25a90ba259a9f9f2a9a03d0e
[negroni] Completed 200 OK in 65.027µs
[negroni] Started GET /queue/cc0bd67d25a90ba259a9f9f2a9a03d0e
[negroni] Completed 200 OK in 64.055µs
[negroni] Started GET /queue/cc0bd67d25a90ba259a9f9f2a9a03d0e
[negroni] Completed 200 OK in 82.582µs
[negroni] Started GET /queue/cc0bd67d25a90ba259a9f9f2a9a03d0e
[negroni] Completed 200 OK in 116.716µs
[negroni] Started GET /queue/cc0bd67d25a90ba259a9f9f2a9a03d0e
[negroni] Completed 200 OK in 93.622µs
[negroni] Started GET /clusters
[negroni] Completed 200 OK in 6.841694ms
[negroni] Started GET /queue/cc0bd67d25a90ba259a9f9f2a9a03d0e
[negroni] Completed 200 OK in 112.601µs
[negroni] Started GET /queue/cc0bd67d25a90ba259a9f9f2a9a03d0e
[negroni] Completed 200 OK in 156.68µs
[negroni] Started GET /queue/cc0bd67d25a90ba259a9f9f2a9a03d0e
[negroni] Completed 200 OK in 108.437µs
[negroni] Started GET /queue/cc0bd67d25a90ba259a9f9f2a9a03d0e
[negroni] Completed 200 OK in 560.038µs
[negroni] Started GET /queue/cc0bd67d25a90ba259a9f9f2a9a03d0e
[negroni] Completed 200 OK in 112.357µs
[negroni] Started GET /queue/cc0bd67d25a90ba259a9f9f2a9a03d0e
[negroni] Completed 200 OK in 65.673µs
[negroni] Started GET /queue/cc0bd67d25a90ba259a9f9f2a9a03d0e
[negroni] Completed 200 OK in 80.004µs
[negroni] Started GET /queue/cc0bd67d25a90ba259a9f9f2a9a03d0e
[negroni] Completed 200 OK in 99.728µs
[negroni] Started GET /queue/cc0bd67d25a90ba259a9f9f2a9a03d0e
[negroni] Completed 200 OK in 115.526µs
[negroni] Started GET /queue/cc0bd67d25a90ba259a9f9f2a9a03d0e
[negroni] Completed 200 OK in 53.12µs
[negroni] Started GET /queue/cc0bd67d25a90ba259a9f9f2a9a03d0e
[negroni] Completed 200 OK in 234.775µs
[negroni] Started GET /queue/cc0bd67d25a90ba259a9f9f2a9a03d0e
[negroni] Completed 200 OK in 87.871µs
[negroni] Started GET /queue/cc0bd67d25a90ba259a9f9f2a9a03d0e
[negroni] Completed 200 OK in 53.484µs
[negroni] Started GET /queue/cc0bd67d25a90ba259a9f9f2a9a03d0e
[negroni] Completed 200 OK in 87.52µs
[negroni] Started GET /queue/cc0bd67d25a90ba259a9f9f2a9a03d0e
[negroni] Completed 200 OK in 147.618µs
[negroni] Started GET /queue/cc0bd67d25a90ba259a9f9f2a9a03d0e
[negroni] Completed 200 OK in 56.483µs
[negroni] Started GET /queue/cc0bd67d25a90ba259a9f9f2a9a03d0e
[negroni] Completed 200 OK in 83.197µs
[negroni] Started GET /queue/cc0bd67d25a90ba259a9f9f2a9a03d0e
[negroni] Completed 200 OK in 96.921µs
[negroni] Started GET /queue/cc0bd67d25a90ba259a9f9f2a9a03d0e
[negroni] Completed 200 OK in 308.34µs
[sshexec] WARNING 2017/04/27 03:08:12 Failed to create SSH connection to 192.168.48.12:22: dial tcp 192.168.48.12:22: getsockopt: connection timed out
[sshexec] ERROR 2017/04/27 03:08:12 /src/github.com/heketi/heketi/executors/sshexec/brick.go:134: dial tcp 192.168.48.12:22: getsockopt: connection timed out
[negroni] Started GET /queue/cc0bd67d25a90ba259a9f9f2a9a03d0e
[negroni] Completed 200 OK in 76.322µs
[negroni] Started GET /clusters/8397fe52e42cb7fe643e8022d4305962
[negroni] Completed 200 OK in 1.785133ms
[negroni] Started GET /nodes/0fa73aa23d555c9ed7706e14ad37fa3c
[negroni] Completed 200 OK in 21.902279ms
[negroni] Started DELETE /devices/6c7ff8b53124baa86b5b789cd93274e1
[heketi] ERROR 2017/04/27 03:08:13 /src/github.com/heketi/heketi/apps/glusterfs/app_device.go:222: Unable to delete device [6c7ff8b53124baa86b5b789cd93274e1] because it contains bricks
[negroni] Completed 409 Conflict in 969.144µs
[negroni] Started DELETE /nodes/0fa73aa23d555c9ed7706e14ad37fa3c
[negroni] Completed 409 Conflict in 648.299µs
[heketi] ERROR 2017/04/27 03:08:13 /src/github.com/heketi/heketi/apps/glusterfs/app_node.go:224: Unable to delete node [0fa73aa23d555c9ed7706e14ad37fa3c] because it contains devices
[negroni] Started GET /nodes/3b406b3fd0c2e0585bbbe1ee8cf8a251
[negroni] Completed 200 OK in 7.520277ms
[heketi] ERROR 2017/04/27 03:08:13 /src/github.com/heketi/heketi/apps/glusterfs/app_device.go:222: Unable to delete device [d72d3bd802d4e511a80ce2f16181289d] because it contains bricks
[negroni] Started DELETE /devices/d72d3bd802d4e511a80ce2f16181289d
[negroni] Completed 409 Conflict in 455.41µs
[heketi] ERROR 2017/04/27 03:08:13 /src/github.com/heketi/heketi/apps/glusterfs/app_node.go:224: Unable to delete node [3b406b3fd0c2e0585bbbe1ee8cf8a251] because it contains devices
[negroni] Started DELETE /nodes/3b406b3fd0c2e0585bbbe1ee8cf8a251
[negroni] Completed 409 Conflict in 505.004µs
[negroni] Started GET /nodes/5161da96f3da6587c26cf01c6cf2b8fb
[negroni] Completed 200 OK in 3.877738ms
[negroni] Started DELETE /devices/403cca7edce115dc1c641acc2f5f11fb
[negroni] Completed 409 Conflict in 520.396µs
[heketi] ERROR 2017/04/27 03:08:13 /src/github.com/heketi/heketi/apps/glusterfs/app_device.go:222: Unable to delete device [403cca7edce115dc1c641acc2f5f11fb] because it contains bricks
[negroni] Started DELETE /nodes/5161da96f3da6587c26cf01c6cf2b8fb
[negroni] Completed 409 Conflict in 588.393µs
[heketi] ERROR 2017/04/27 03:08:13 /src/github.com/heketi/heketi/apps/glusterfs/app_node.go:224: Unable to delete node [5161da96f3da6587c26cf01c6cf2b8fb] because it contains devices
[negroni] Started DELETE /clusters/8397fe52e42cb7fe643e8022d4305962
[heketi] WARNING 2017/04/27 03:08:13 Unable to delete cluster [8397fe52e42cb7fe643e8022d4305962] because it contains volumes and/or nodes
[negroni] Completed 409 Conflict in 2.981545ms
[negroni] Started GET /queue/cc0bd67d25a90ba259a9f9f2a9a03d0e
[negroni] Completed 200 OK in 93.853µs
[negroni] Started GET /queue/cc0bd67d25a90ba259a9f9f2a9a03d0e
[negroni] Completed 200 OK in 87.329µs
[negroni] Started GET /clusters/8397fe52e42cb7fe643e8022d4305962
[negroni] Completed 200 OK in 407.468µs
[negroni] Started GET /nodes/0fa73aa23d555c9ed7706e14ad37fa3c
[negroni] Completed 200 OK in 934.244µs
[negroni] Started DELETE /devices/6c7ff8b53124baa86b5b789cd93274e1
[negroni] Completed 409 Conflict in 716.256µs
[heketi] ERROR 2017/04/27 03:08:15 /src/github.com/heketi/heketi/apps/glusterfs/app_device.go:222: Unable to delete device [6c7ff8b53124baa86b5b789cd93274e1] because it contains bricks
[negroni] Started DELETE /nodes/0fa73aa23d555c9ed7706e14ad37fa3c
[negroni] Completed 409 Conflict in 395.475µs
[heketi] ERROR 2017/04/27 03:08:15 /src/github.com/heketi/heketi/apps/glusterfs/app_node.go:224: Unable to delete node [0fa73aa23d555c9ed7706e14ad37fa3c] because it contains devices
[negroni] Started GET /nodes/3b406b3fd0c2e0585bbbe1ee8cf8a251
[negroni] Completed 200 OK in 1.850945ms
[heketi] ERROR 2017/04/27 03:08:15 /src/github.com/heketi/heketi/apps/glusterfs/app_device.go:222: Unable to delete device [d72d3bd802d4e511a80ce2f16181289d] because it contains bricks
[negroni] Started DELETE /devices/d72d3bd802d4e511a80ce2f16181289d
[negroni] Completed 409 Conflict in 1.114918ms
[negroni] Started DELETE /nodes/3b406b3fd0c2e0585bbbe1ee8cf8a251
[heketi] ERROR 2017/04/27 03:08:15 /src/github.com/heketi/heketi/apps/glusterfs/app_node.go:224: Unable to delete node [3b406b3fd0c2e0585bbbe1ee8cf8a251] because it contains devices
[negroni] Completed 409 Conflict in 855.781µs
[negroni] Started GET /nodes/5161da96f3da6587c26cf01c6cf2b8fb
[negroni] Completed 200 OK in 862.807µs
[negroni] Started DELETE /devices/403cca7edce115dc1c641acc2f5f11fb
[heketi] ERROR 2017/04/27 03:08:15 /src/github.com/heketi/heketi/apps/glusterfs/app_device.go:222: Unable to delete device [403cca7edce115dc1c641acc2f5f11fb] because it contains bricks
[negroni] Completed 409 Conflict in 839.131µs
[negroni] Started DELETE /nodes/5161da96f3da6587c26cf01c6cf2b8fb
[negroni] Completed 409 Conflict in 465.514µs
[heketi] ERROR 2017/04/27 03:08:15 /src/github.com/heketi/heketi/apps/glusterfs/app_node.go:224: Unable to delete node [5161da96f3da6587c26cf01c6cf2b8fb] because it contains devices
[negroni] Started DELETE /clusters/8397fe52e42cb7fe643e8022d4305962
[heketi] WARNING 2017/04/27 03:08:15 Unable to delete cluster [8397fe52e42cb7fe643e8022d4305962] because it contains volumes and/or nodes
[negroni] Completed 409 Conflict in 941.11µs
[negroni] Started GET /queue/cc0bd67d25a90ba259a9f9f2a9a03d0e
[negroni] Completed 200 OK in 86.42µs
[negroni] Started GET /queue/cc0bd67d25a90ba259a9f9f2a9a03d0e
[negroni] Completed 200 OK in 179.315µs
[negroni] Started GET /queue/cc0bd67d25a90ba259a9f9f2a9a03d0e
[negroni] Completed 200 OK in 203.849µs
[negroni] Started GET /queue/cc0bd67d25a90ba259a9f9f2a9a03d0e
[negroni] Completed 200 OK in 122.784µs
[negroni] Started GET /clusters/8397fe52e42cb7fe643e8022d4305962
[negroni] Completed 200 OK in 832.922µs
[negroni] Started GET /nodes/0fa73aa23d555c9ed7706e14ad37fa3c
[negroni] Completed 200 OK in 1.033785ms
[negroni] Started DELETE /devices/6c7ff8b53124baa86b5b789cd93274e1
[negroni] Completed 409 Conflict in 614.409µs
[heketi] ERROR 2017/04/27 03:08:19 /src/github.com/heketi/heketi/apps/glusterfs/app_device.go:222: Unable to delete device [6c7ff8b53124baa86b5b789cd93274e1] because it contains bricks
[negroni] Started DELETE /nodes/0fa73aa23d555c9ed7706e14ad37fa3c
[negroni] Completed 409 Conflict in 851.203µs
[heketi] ERROR 2017/04/27 03:08:19 /src/github.com/heketi/heketi/apps/glusterfs/app_node.go:224: Unable to delete node [0fa73aa23d555c9ed7706e14ad37fa3c] because it contains devices
[negroni] Started GET /nodes/3b406b3fd0c2e0585bbbe1ee8cf8a251
[negroni] Completed 200 OK in 1.692262ms
[negroni] Started DELETE /devices/d72d3bd802d4e511a80ce2f16181289d
[heketi] ERROR 2017/04/27 03:08:19 /src/github.com/heketi/heketi/apps/glusterfs/app_device.go:222: Unable to delete device [d72d3bd802d4e511a80ce2f16181289d] because it contains bricks
[negroni] Completed 409 Conflict in 555.728µs
[negroni] Started DELETE /nodes/3b406b3fd0c2e0585bbbe1ee8cf8a251
[heketi] ERROR 2017/04/27 03:08:19 /src/github.com/heketi/heketi/apps/glusterfs/app_node.go:224: Unable to delete node [3b406b3fd0c2e0585bbbe1ee8cf8a251] because it contains devices
[negroni] Completed 409 Conflict in 1.00675ms
[negroni] Started GET /nodes/5161da96f3da6587c26cf01c6cf2b8fb
[negroni] Completed 200 OK in 836.607µs
[negroni] Started DELETE /devices/403cca7edce115dc1c641acc2f5f11fb
[heketi] ERROR 2017/04/27 03:08:19 /src/github.com/heketi/heketi/apps/glusterfs/app_device.go:222: Unable to delete device [403cca7edce115dc1c641acc2f5f11fb] because it contains bricks
[negroni] Completed 409 Conflict in 1.027706ms
[heketi] ERROR 2017/04/27 03:08:19 /src/github.com/heketi/heketi/apps/glusterfs/app_node.go:224: Unable to delete node [5161da96f3da6587c26cf01c6cf2b8fb] because it contains devices
[negroni] Started DELETE /nodes/5161da96f3da6587c26cf01c6cf2b8fb
[negroni] Completed 409 Conflict in 406.31µs
[negroni] Started DELETE /clusters/8397fe52e42cb7fe643e8022d4305962
[heketi] WARNING 2017/04/27 03:08:19 Unable to delete cluster [8397fe52e42cb7fe643e8022d4305962] because it contains volumes and/or nodes
[negroni] Completed 409 Conflict in 472.882µs
[negroni] Started GET /queue/cc0bd67d25a90ba259a9f9f2a9a03d0e
[negroni] Completed 200 OK in 112.122µs
[negroni] Started GET /queue/cc0bd67d25a90ba259a9f9f2a9a03d0e
[negroni] Completed 200 OK in 109.581µs
[negroni] Started GET /queue/cc0bd67d25a90ba259a9f9f2a9a03d0e
[negroni] Completed 200 OK in 90.142µs
[negroni] Started GET /queue/cc0bd67d25a90ba259a9f9f2a9a03d0e
[negroni] Completed 200 OK in 93.312µs
[negroni] Started GET /queue/cc0bd67d25a90ba259a9f9f2a9a03d0e
[negroni] Completed 200 OK in 69.093µs
[negroni] Started GET /queue/cc0bd67d25a90ba259a9f9f2a9a03d0e
[negroni] Completed 200 OK in 66.482µs
[negroni] Started GET /clusters/8397fe52e42cb7fe643e8022d4305962
[negroni] Completed 200 OK in 870.089µs
[negroni] Started GET /nodes/0fa73aa23d555c9ed7706e14ad37fa3c
[negroni] Completed 200 OK in 970.983µs
[negroni] Started DELETE /devices/6c7ff8b53124baa86b5b789cd93274e1
[heketi] ERROR 2017/04/27 03:08:26 /src/github.com/heketi/heketi/apps/glusterfs/app_device.go:222: Unable to delete device [6c7ff8b53124baa86b5b789cd93274e1] because it contains bricks
[negroni] Completed 409 Conflict in 635.571µs
[heketi] ERROR 2017/04/27 03:08:26 /src/github.com/heketi/heketi/apps/glusterfs/app_node.go:224: Unable to delete node [0fa73aa23d555c9ed7706e14ad37fa3c] because it contains devices
[negroni] Started DELETE /nodes/0fa73aa23d555c9ed7706e14ad37fa3c
[negroni] Completed 409 Conflict in 560.104µs
[negroni] Started GET /nodes/3b406b3fd0c2e0585bbbe1ee8cf8a251
[negroni] Completed 200 OK in 1.141425ms
[negroni] Started DELETE /devices/d72d3bd802d4e511a80ce2f16181289d
[heketi] ERROR 2017/04/27 03:08:26 /src/github.com/heketi/heketi/apps/glusterfs/app_device.go:222: Unable to delete device [d72d3bd802d4e511a80ce2f16181289d] because it contains bricks
[negroni] Completed 409 Conflict in 499.443µs
[negroni] Started DELETE /nodes/3b406b3fd0c2e0585bbbe1ee8cf8a251
[heketi] ERROR 2017/04/27 03:08:26 /src/github.com/heketi/heketi/apps/glusterfs/app_node.go:224: Unable to delete node [3b406b3fd0c2e0585bbbe1ee8cf8a251] because it contains devices
[negroni] Completed 409 Conflict in 757.194µs
[negroni] Started GET /nodes/5161da96f3da6587c26cf01c6cf2b8fb
[negroni] Completed 200 OK in 1.296285ms
[negroni] Started DELETE /devices/403cca7edce115dc1c641acc2f5f11fb
[heketi] ERROR 2017/04/27 03:08:26 /src/github.com/heketi/heketi/apps/glusterfs/app_device.go:222: Unable to delete device [403cca7edce115dc1c641acc2f5f11fb] because it contains bricks
[negroni] Completed 409 Conflict in 531.788µs
[negroni] Started DELETE /nodes/5161da96f3da6587c26cf01c6cf2b8fb
[heketi] ERROR 2017/04/27 03:08:26 /src/github.com/heketi/heketi/apps/glusterfs/app_node.go:224: Unable to delete node [5161da96f3da6587c26cf01c6cf2b8fb] because it contains devices
[negroni] Completed 409 Conflict in 499.741µs
[negroni] Started DELETE /clusters/8397fe52e42cb7fe643e8022d4305962
[heketi] WARNING 2017/04/27 03:08:26 Unable to delete cluster [8397fe52e42cb7fe643e8022d4305962] because it contains volumes and/or nodes
[negroni] Completed 409 Conflict in 418.403µs
[negroni] Started GET /queue/cc0bd67d25a90ba259a9f9f2a9a03d0e
[negroni] Completed 200 OK in 81.885µs
[negroni] Started GET /queue/cc0bd67d25a90ba259a9f9f2a9a03d0e
[negroni] Completed 200 OK in 126.199µs
[negroni] Started GET /queue/cc0bd67d25a90ba259a9f9f2a9a03d0e
[negroni] Completed 200 OK in 214.113µs
[negroni] Started GET /queue/cc0bd67d25a90ba259a9f9f2a9a03d0e
[negroni] Completed 200 OK in 123.466µs
[negroni] Started GET /queue/cc0bd67d25a90ba259a9f9f2a9a03d0e
[negroni] Completed 200 OK in 92.071µs
[negroni] Started GET /queue/cc0bd67d25a90ba259a9f9f2a9a03d0e
[negroni] Completed 200 OK in 347.059µs
[negroni] Started GET /queue/cc0bd67d25a90ba259a9f9f2a9a03d0e
[negroni] Completed 200 OK in 104.795µs
[negroni] Started GET /queue/cc0bd67d25a90ba259a9f9f2a9a03d0e
[negroni] Completed 200 OK in 96.99µs
[negroni] Started GET /queue/cc0bd67d25a90ba259a9f9f2a9a03d0e
[negroni] Completed 200 OK in 140.194µs
[negroni] Started GET /queue/cc0bd67d25a90ba259a9f9f2a9a03d0e
[negroni] Completed 200 OK in 163.549µs
[negroni] Started GET /queue/cc0bd67d25a90ba259a9f9f2a9a03d0e
[negroni] Completed 200 OK in 114.285µs
[negroni] Started GET /queue/cc0bd67d25a90ba259a9f9f2a9a03d0e
[negroni] Completed 200 OK in 102.593µs
[negroni] Started GET /queue/cc0bd67d25a90ba259a9f9f2a9a03d0e
[negroni] Completed 200 OK in 161.13µs
[negroni] Started GET /queue/cc0bd67d25a90ba259a9f9f2a9a03d0e
[negroni] Completed 200 OK in 71.203µs
[negroni] Started GET /devices/403cca7edce115dc1c641acc2f5f11fb
[negroni] Completed 200 OK in 3.160312ms
[negroni] Started GET /queue/cc0bd67d25a90ba259a9f9f2a9a03d0e
[negroni] Completed 200 OK in 107.426µs
[negroni] Started GET /queue/cc0bd67d25a90ba259a9f9f2a9a03d0e
[negroni] Completed 200 OK in 53.88µs
[negroni] Started GET /queue/cc0bd67d25a90ba259a9f9f2a9a03d0e
[negroni] Completed 200 OK in 90.472µs
[negroni] Started GET /queue/cc0bd67d25a90ba259a9f9f2a9a03d0e
[negroni] Completed 200 OK in 64.57µs
[negroni] Started GET /queue/cc0bd67d25a90ba259a9f9f2a9a03d0e
[negroni] Completed 200 OK in 76.674µs
[negroni] Started GET /queue/cc0bd67d25a90ba259a9f9f2a9a03d0e
[negroni] Completed 200 OK in 112.482µs
[negroni] Started GET /queue/cc0bd67d25a90ba259a9f9f2a9a03d0e
[negroni] Completed 200 OK in 88.399µs
[negroni] Started GET /queue/cc0bd67d25a90ba259a9f9f2a9a03d0e
[negroni] Completed 200 OK in 102.532µs
[negroni] Started GET /queue/cc0bd67d25a90ba259a9f9f2a9a03d0e
[negroni] Completed 200 OK in 102.175µs
[negroni] Started GET /queue/cc0bd67d25a90ba259a9f9f2a9a03d0e
[negroni] Completed 200 OK in 277.192µs
[negroni] Started GET /queue/cc0bd67d25a90ba259a9f9f2a9a03d0e
[negroni] Completed 200 OK in 85.746µs
[negroni] Started GET /queue/cc0bd67d25a90ba259a9f9f2a9a03d0e
[negroni] Completed 200 OK in 75.489µs
[negroni] Started GET /queue/cc0bd67d25a90ba259a9f9f2a9a03d0e
[negroni] Completed 200 OK in 60.145µs
[negroni] Started GET /queue/cc0bd67d25a90ba259a9f9f2a9a03d0e
[negroni] Completed 200 OK in 130.406µs
[negroni] Started GET /queue/cc0bd67d25a90ba259a9f9f2a9a03d0e
[negroni] Completed 200 OK in 878.1µs
[negroni] Started GET /queue/cc0bd67d25a90ba259a9f9f2a9a03d0e
[negroni] Completed 200 OK in 104µs
[negroni] Started GET /queue/cc0bd67d25a90ba259a9f9f2a9a03d0e
[negroni] Completed 200 OK in 80.841µs
[negroni] Started GET /queue/cc0bd67d25a90ba259a9f9f2a9a03d0e
[negroni] Completed 200 OK in 194.025µs
[negroni] Started GET /queue/cc0bd67d25a90ba259a9f9f2a9a03d0e
[negroni] Completed 200 OK in 72.748µs
[negroni] Started GET /queue/cc0bd67d25a90ba259a9f9f2a9a03d0e
[negroni] Completed 200 OK in 74.17µs
[negroni] Started GET /queue/cc0bd67d25a90ba259a9f9f2a9a03d0e
[negroni] Completed 200 OK in 173.367µs
[negroni] Started GET /queue/cc0bd67d25a90ba259a9f9f2a9a03d0e
[negroni] Completed 200 OK in 55.989µs
[negroni] Started GET /queue/cc0bd67d25a90ba259a9f9f2a9a03d0e
[negroni] Completed 200 OK in 162.25µs
[negroni] Started GET /queue/cc0bd67d25a90ba259a9f9f2a9a03d0e
[negroni] Completed 200 OK in 105.237µs
[negroni] Started GET /queue/cc0bd67d25a90ba259a9f9f2a9a03d0e
[negroni] Completed 200 OK in 353.056µs
[negroni] Started GET /queue/cc0bd67d25a90ba259a9f9f2a9a03d0e
[negroni] Completed 200 OK in 155.153µs
[negroni] Started GET /queue/cc0bd67d25a90ba259a9f9f2a9a03d0e
[negroni] Completed 200 OK in 76.904µs
[negroni] Started GET /queue/cc0bd67d25a90ba259a9f9f2a9a03d0e
[negroni] Completed 200 OK in 120.024µs
[negroni] Started GET /queue/cc0bd67d25a90ba259a9f9f2a9a03d0e
[negroni] Completed 200 OK in 86.257µs
[negroni] Started GET /queue/cc0bd67d25a90ba259a9f9f2a9a03d0e
[negroni] Completed 200 OK in 224.248µs
[negroni] Started GET /queue/cc0bd67d25a90ba259a9f9f2a9a03d0e
[negroni] Completed 200 OK in 82.028µs
[negroni] Started GET /queue/cc0bd67d25a90ba259a9f9f2a9a03d0e
[negroni] Completed 200 OK in 83.195µs
[negroni] Started GET /queue/cc0bd67d25a90ba259a9f9f2a9a03d0e
[negroni] Completed 200 OK in 91.729µs
[negroni] Started GET /queue/cc0bd67d25a90ba259a9f9f2a9a03d0e
[negroni] Completed 200 OK in 59.79µs
[negroni] Started GET /queue/cc0bd67d25a90ba259a9f9f2a9a03d0e
[negroni] Completed 200 OK in 121.582µs
[negroni] Started GET /queue/cc0bd67d25a90ba259a9f9f2a9a03d0e
[negroni] Completed 200 OK in 70.575µs
[negroni] Started GET /queue/cc0bd67d25a90ba259a9f9f2a9a03d0e
[negroni] Completed 200 OK in 123.676µs
[negroni] Started GET /queue/cc0bd67d25a90ba259a9f9f2a9a03d0e
[negroni] Completed 200 OK in 69.904µs
[negroni] Started GET /queue/cc0bd67d25a90ba259a9f9f2a9a03d0e
[negroni] Completed 200 OK in 83.259µs
[negroni] Started GET /queue/cc0bd67d25a90ba259a9f9f2a9a03d0e
[negroni] Completed 200 OK in 95.163µs
[negroni] Started GET /queue/cc0bd67d25a90ba259a9f9f2a9a03d0e
[negroni] Completed 200 OK in 138.451µs
[negroni] Started GET /queue/cc0bd67d25a90ba259a9f9f2a9a03d0e
[negroni] Completed 200 OK in 239.295µs
[negroni] Started GET /queue/cc0bd67d25a90ba259a9f9f2a9a03d0e
[negroni] Completed 200 OK in 59.285µs
[negroni] Started GET /queue/cc0bd67d25a90ba259a9f9f2a9a03d0e
[negroni] Completed 200 OK in 80.315µs
[negroni] Started GET /queue/cc0bd67d25a90ba259a9f9f2a9a03d0e
[negroni] Completed 200 OK in 91.202µs
[negroni] Started GET /queue/cc0bd67d25a90ba259a9f9f2a9a03d0e
[negroni] Completed 200 OK in 250.411µs
[negroni] Started GET /queue/cc0bd67d25a90ba259a9f9f2a9a03d0e
[negroni] Completed 200 OK in 94.513µs
[negroni] Started GET /queue/cc0bd67d25a90ba259a9f9f2a9a03d0e
[negroni] Completed 200 OK in 123.685µs
[negroni] Started GET /queue/cc0bd67d25a90ba259a9f9f2a9a03d0e
[negroni] Completed 200 OK in 115.74µs
[negroni] Started GET /queue/cc0bd67d25a90ba259a9f9f2a9a03d0e
[negroni] Completed 200 OK in 194.091µs
[negroni] Started GET /queue/cc0bd67d25a90ba259a9f9f2a9a03d0e
[negroni] Completed 200 OK in 70.8µs
[negroni] Started GET /queue/cc0bd67d25a90ba259a9f9f2a9a03d0e
[negroni] Completed 200 OK in 233.878µs
[negroni] Started GET /queue/cc0bd67d25a90ba259a9f9f2a9a03d0e
[negroni] Completed 200 OK in 182.314µs
[negroni] Started GET /queue/cc0bd67d25a90ba259a9f9f2a9a03d0e
[negroni] Completed 200 OK in 61.157µs
[negroni] Started GET /queue/cc0bd67d25a90ba259a9f9f2a9a03d0e
[negroni] Completed 200 OK in 58.242µs
[negroni] Started GET /queue/cc0bd67d25a90ba259a9f9f2a9a03d0e
[negroni] Completed 200 OK in 58.484µs
[negroni] Started GET /queue/cc0bd67d25a90ba259a9f9f2a9a03d0e
[negroni] Completed 200 OK in 184.859µs
[negroni] Started GET /queue/cc0bd67d25a90ba259a9f9f2a9a03d0e
[negroni] Completed 200 OK in 114.624µs
[negroni] Started GET /queue/cc0bd67d25a90ba259a9f9f2a9a03d0e
[negroni] Completed 200 OK in 123.221µs
[negroni] Started GET /queue/cc0bd67d25a90ba259a9f9f2a9a03d0e
[negroni] Completed 200 OK in 81.44µs
[negroni] Started GET /queue/cc0bd67d25a90ba259a9f9f2a9a03d0e
[negroni] Completed 200 OK in 77.18µs
[negroni] Started GET /queue/cc0bd67d25a90ba259a9f9f2a9a03d0e
[negroni] Completed 200 OK in 208.195µs
[negroni] Started GET /queue/cc0bd67d25a90ba259a9f9f2a9a03d0e
[negroni] Completed 200 OK in 66.907µs
[negroni] Started GET /queue/cc0bd67d25a90ba259a9f9f2a9a03d0e
[negroni] Completed 200 OK in 63.431µs
[negroni] Started GET /queue/cc0bd67d25a90ba259a9f9f2a9a03d0e
[negroni] Completed 200 OK in 417.021µs
[negroni] Started GET /queue/cc0bd67d25a90ba259a9f9f2a9a03d0e
[negroni] Completed 200 OK in 71.32µs
[negroni] Started GET /queue/cc0bd67d25a90ba259a9f9f2a9a03d0e
[negroni] Completed 200 OK in 92.805µs
[negroni] Started GET /queue/cc0bd67d25a90ba259a9f9f2a9a03d0e
[negroni] Completed 200 OK in 73.817µs
[negroni] Started GET /queue/cc0bd67d25a90ba259a9f9f2a9a03d0e
[negroni] Completed 200 OK in 165.186µs
[negroni] Started GET /queue/cc0bd67d25a90ba259a9f9f2a9a03d0e
[negroni] Completed 200 OK in 64.299µs
[negroni] Started GET /queue/cc0bd67d25a90ba259a9f9f2a9a03d0e
[negroni] Completed 200 OK in 184.056µs
[negroni] Started GET /queue/cc0bd67d25a90ba259a9f9f2a9a03d0e
[negroni] Completed 200 OK in 67.945µs
[negroni] Started GET /queue/cc0bd67d25a90ba259a9f9f2a9a03d0e
[negroni] Completed 200 OK in 99.662µs
[negroni] Started GET /queue/cc0bd67d25a90ba259a9f9f2a9a03d0e
[negroni] Completed 200 OK in 115.676µs
[negroni] Started GET /queue/cc0bd67d25a90ba259a9f9f2a9a03d0e
[negroni] Completed 200 OK in 92.2µs
[negroni] Started GET /queue/cc0bd67d25a90ba259a9f9f2a9a03d0e
[negroni] Completed 200 OK in 78.632µs
[negroni] Started GET /queue/cc0bd67d25a90ba259a9f9f2a9a03d0e
[negroni] Completed 200 OK in 117.784µs
[negroni] Started GET /queue/cc0bd67d25a90ba259a9f9f2a9a03d0e
[negroni] Completed 200 OK in 316.253µs
[negroni] Started GET /queue/cc0bd67d25a90ba259a9f9f2a9a03d0e
[negroni] Completed 200 OK in 343.733µs
[negroni] Started GET /queue/cc0bd67d25a90ba259a9f9f2a9a03d0e
[negroni] Completed 200 OK in 114.364µs
[negroni] Started GET /queue/cc0bd67d25a90ba259a9f9f2a9a03d0e
[negroni] Completed 200 OK in 136.986µs
[negroni] Started GET /queue/cc0bd67d25a90ba259a9f9f2a9a03d0e
[negroni] Completed 200 OK in 87.45µs
[negroni] Started GET /queue/cc0bd67d25a90ba259a9f9f2a9a03d0e
[negroni] Completed 200 OK in 86.42µs
[negroni] Started GET /queue/cc0bd67d25a90ba259a9f9f2a9a03d0e
[negroni] Completed 200 OK in 69.193µs
[negroni] Started GET /queue/cc0bd67d25a90ba259a9f9f2a9a03d0e
[negroni] Completed 200 OK in 92.843µs
[negroni] Started GET /queue/cc0bd67d25a90ba259a9f9f2a9a03d0e
[negroni] Completed 200 OK in 133.688µs
[negroni] Started GET /queue/cc0bd67d25a90ba259a9f9f2a9a03d0e
[negroni] Completed 200 OK in 293.981µs
[negroni] Started GET /queue/cc0bd67d25a90ba259a9f9f2a9a03d0e
[negroni] Completed 200 OK in 57.831µs
[negroni] Started GET /queue/cc0bd67d25a90ba259a9f9f2a9a03d0e
[negroni] Completed 200 OK in 93.465µs
[negroni] Started GET /queue/cc0bd67d25a90ba259a9f9f2a9a03d0e
[negroni] Completed 200 OK in 128.945µs
[negroni] Started GET /queue/cc0bd67d25a90ba259a9f9f2a9a03d0e
[negroni] Completed 200 OK in 151.885µs
[negroni] Started GET /queue/cc0bd67d25a90ba259a9f9f2a9a03d0e
[negroni] Completed 200 OK in 65.704µs
[negroni] Started GET /queue/cc0bd67d25a90ba259a9f9f2a9a03d0e
[negroni] Completed 200 OK in 157.799µs
[negroni] Started GET /queue/cc0bd67d25a90ba259a9f9f2a9a03d0e
[negroni] Completed 200 OK in 119.447µs
[negroni] Started GET /queue/cc0bd67d25a90ba259a9f9f2a9a03d0e
[negroni] Completed 200 OK in 88.092µs
[negroni] Started GET /queue/cc0bd67d25a90ba259a9f9f2a9a03d0e
[negroni] Completed 200 OK in 136.026µs
[negroni] Started GET /queue/cc0bd67d25a90ba259a9f9f2a9a03d0e
[negroni] Completed 200 OK in 64.445µs
[negroni] Started GET /queue/cc0bd67d25a90ba259a9f9f2a9a03d0e
[negroni] Completed 200 OK in 87.894µs
[negroni] Started GET /queue/cc0bd67d25a90ba259a9f9f2a9a03d0e
[negroni] Completed 200 OK in 88.18µs
[sshexec] WARNING 2017/04/27 03:10:19 Failed to create SSH connection to 192.168.48.12:22: dial tcp 192.168.48.12:22: getsockopt: connection timed out
[sshexec] ERROR 2017/04/27 03:10:19 /src/github.com/heketi/heketi/executors/sshexec/brick.go:143: dial tcp 192.168.48.12:22: getsockopt: connection timed out
[negroni] Started GET /queue/cc0bd67d25a90ba259a9f9f2a9a03d0e
[negroni] Completed 200 OK in 80.52µs
[negroni] Started GET /queue/cc0bd67d25a90ba259a9f9f2a9a03d0e
[negroni] Completed 200 OK in 245.937µs
[negroni] Started GET /queue/cc0bd67d25a90ba259a9f9f2a9a03d0e
[negroni] Completed 200 OK in 143.06µs
[negroni] Started GET /queue/cc0bd67d25a90ba259a9f9f2a9a03d0e
[negroni] Completed 200 OK in 100.437µs
[negroni] Started GET /queue/cc0bd67d25a90ba259a9f9f2a9a03d0e
[negroni] Completed 200 OK in 135.13µs
[negroni] Started GET /queue/cc0bd67d25a90ba259a9f9f2a9a03d0e
[negroni] Completed 200 OK in 71.897µs
[negroni] Started GET /queue/cc0bd67d25a90ba259a9f9f2a9a03d0e
[negroni] Completed 200 OK in 81.577µs
[negroni] Started GET /queue/cc0bd67d25a90ba259a9f9f2a9a03d0e
[negroni] Completed 200 OK in 98.835µs
[negroni] Started GET /queue/cc0bd67d25a90ba259a9f9f2a9a03d0e
[negroni] Completed 200 OK in 183.872µs
[negroni] Started GET /queue/cc0bd67d25a90ba259a9f9f2a9a03d0e
[negroni] Completed 200 OK in 64.373µs
[negroni] Started GET /queue/cc0bd67d25a90ba259a9f9f2a9a03d0e
[negroni] Completed 200 OK in 166.664µs
[negroni] Started GET /queue/cc0bd67d25a90ba259a9f9f2a9a03d0e
[negroni] Completed 200 OK in 513.207µs
[negroni] Started GET /queue/cc0bd67d25a90ba259a9f9f2a9a03d0e
[negroni] Completed 200 OK in 108.999µs
[negroni] Started GET /queue/cc0bd67d25a90ba259a9f9f2a9a03d0e
[negroni] Completed 200 OK in 102.009µs
[negroni] Started GET /queue/cc0bd67d25a90ba259a9f9f2a9a03d0e
[negroni] Completed 200 OK in 106.825µs
[negroni] Started GET /queue/cc0bd67d25a90ba259a9f9f2a9a03d0e
[negroni] Completed 200 OK in 80.587µs
[negroni] Started GET /queue/cc0bd67d25a90ba259a9f9f2a9a03d0e
[negroni] Completed 200 OK in 96.861µs
[negroni] Started GET /queue/cc0bd67d25a90ba259a9f9f2a9a03d0e
[negroni] Completed 200 OK in 116.817µs
[negroni] Started GET /queue/cc0bd67d25a90ba259a9f9f2a9a03d0e
[negroni] Completed 200 OK in 81.954µs
[negroni] Started GET /queue/cc0bd67d25a90ba259a9f9f2a9a03d0e
[negroni] Completed 200 OK in 109.879µs
[negroni] Started GET /queue/cc0bd67d25a90ba259a9f9f2a9a03d0e
[negroni] Completed 200 OK in 69.657µs
[negroni] Started GET /queue/cc0bd67d25a90ba259a9f9f2a9a03d0e
[negroni] Completed 200 OK in 52.166µs
[negroni] Started GET /queue/cc0bd67d25a90ba259a9f9f2a9a03d0e
[negroni] Completed 200 OK in 121.089µs
[negroni] Started GET /queue/cc0bd67d25a90ba259a9f9f2a9a03d0e
[negroni] Completed 200 OK in 96.794µs
[negroni] Started GET /queue/cc0bd67d25a90ba259a9f9f2a9a03d0e
[negroni] Completed 200 OK in 112.301µs
[negroni] Started GET /queue/cc0bd67d25a90ba259a9f9f2a9a03d0e
[negroni] Completed 200 OK in 70.267µs
[negroni] Started GET /queue/cc0bd67d25a90ba259a9f9f2a9a03d0e
[negroni] Completed 200 OK in 77.307µs
[negroni] Started GET /queue/cc0bd67d25a90ba259a9f9f2a9a03d0e
[negroni] Completed 200 OK in 169.261µs
[negroni] Started GET /queue/cc0bd67d25a90ba259a9f9f2a9a03d0e
[negroni] Completed 200 OK in 88.279µs
[negroni] Started GET /queue/cc0bd67d25a90ba259a9f9f2a9a03d0e
[negroni] Completed 200 OK in 91.975µs
[negroni] Started GET /queue/cc0bd67d25a90ba259a9f9f2a9a03d0e
[negroni] Completed 200 OK in 151.103µs
[negroni] Started GET /queue/cc0bd67d25a90ba259a9f9f2a9a03d0e
[negroni] Completed 200 OK in 178.574µs
[negroni] Started GET /queue/cc0bd67d25a90ba259a9f9f2a9a03d0e
[negroni] Completed 200 OK in 87.2µs
[negroni] Started GET /queue/cc0bd67d25a90ba259a9f9f2a9a03d0e
[negroni] Completed 200 OK in 119.718µs
[negroni] Started GET /queue/cc0bd67d25a90ba259a9f9f2a9a03d0e
[negroni] Completed 200 OK in 107.237µs
[negroni] Started GET /queue/cc0bd67d25a90ba259a9f9f2a9a03d0e
[negroni] Completed 200 OK in 75.124µs
[negroni] Started GET /queue/cc0bd67d25a90ba259a9f9f2a9a03d0e
[negroni] Completed 200 OK in 160.467µs
[negroni] Started GET /queue/cc0bd67d25a90ba259a9f9f2a9a03d0e
[negroni] Completed 200 OK in 147.355µs
[negroni] Started GET /queue/cc0bd67d25a90ba259a9f9f2a9a03d0e
[negroni] Completed 200 OK in 78.39µs
[negroni] Started GET /queue/cc0bd67d25a90ba259a9f9f2a9a03d0e
[negroni] Completed 200 OK in 215.757µs
[negroni] Started GET /queue/cc0bd67d25a90ba259a9f9f2a9a03d0e
[negroni] Completed 200 OK in 94.682µs
[negroni] Started GET /queue/cc0bd67d25a90ba259a9f9f2a9a03d0e
[negroni] Completed 200 OK in 99.379µs
[negroni] Started GET /queue/cc0bd67d25a90ba259a9f9f2a9a03d0e
[negroni] Completed 200 OK in 61.333µs
[negroni] Started GET /queue/cc0bd67d25a90ba259a9f9f2a9a03d0e
[negroni] Completed 200 OK in 64.038µs
[negroni] Started GET /queue/cc0bd67d25a90ba259a9f9f2a9a03d0e
[negroni] Completed 200 OK in 68.435µs
[negroni] Started GET /queue/cc0bd67d25a90ba259a9f9f2a9a03d0e
[negroni] Completed 200 OK in 64.128µs
[negroni] Started GET /queue/cc0bd67d25a90ba259a9f9f2a9a03d0e
[negroni] Completed 200 OK in 55.936µs
[negroni] Started GET /queue/cc0bd67d25a90ba259a9f9f2a9a03d0e
[negroni] Completed 200 OK in 137.146µs
[negroni] Started GET /queue/cc0bd67d25a90ba259a9f9f2a9a03d0e
[negroni] Completed 200 OK in 60.912µs
[negroni] Started GET /queue/cc0bd67d25a90ba259a9f9f2a9a03d0e
[negroni] Completed 200 OK in 105.571µs
[negroni] Started GET /queue/cc0bd67d25a90ba259a9f9f2a9a03d0e
[negroni] Completed 200 OK in 79.032µs
[negroni] Started GET /queue/cc0bd67d25a90ba259a9f9f2a9a03d0e
[negroni] Completed 200 OK in 91.772µs
[negroni] Started GET /queue/cc0bd67d25a90ba259a9f9f2a9a03d0e
[negroni] Completed 200 OK in 71.561µs
[negroni] Started GET /queue/cc0bd67d25a90ba259a9f9f2a9a03d0e
[negroni] Completed 200 OK in 68.464µs
[negroni] Started GET /queue/cc0bd67d25a90ba259a9f9f2a9a03d0e
[negroni] Completed 200 OK in 425.402µs
[negroni] Started GET /queue/cc0bd67d25a90ba259a9f9f2a9a03d0e
[negroni] Completed 200 OK in 120.077µs
[negroni] Started GET /queue/cc0bd67d25a90ba259a9f9f2a9a03d0e
[negroni] Completed 200 OK in 63.494µs
[negroni] Started GET /queue/cc0bd67d25a90ba259a9f9f2a9a03d0e
[negroni] Completed 200 OK in 138.211µs
[negroni] Started GET /queue/cc0bd67d25a90ba259a9f9f2a9a03d0e
[negroni] Completed 200 OK in 134.978µs
[negroni] Started GET /queue/cc0bd67d25a90ba259a9f9f2a9a03d0e
[negroni] Completed 200 OK in 87.573µs
[negroni] Started GET /queue/cc0bd67d25a90ba259a9f9f2a9a03d0e
[negroni] Completed 200 OK in 92.966µs
[negroni] Started GET /queue/cc0bd67d25a90ba259a9f9f2a9a03d0e
[negroni] Completed 200 OK in 141.703µs
[negroni] Started GET /queue/cc0bd67d25a90ba259a9f9f2a9a03d0e
[negroni] Completed 200 OK in 112.82µs
[negroni] Started GET /queue/cc0bd67d25a90ba259a9f9f2a9a03d0e
[negroni] Completed 200 OK in 101.662µs
[negroni] Started GET /queue/cc0bd67d25a90ba259a9f9f2a9a03d0e
[negroni] Completed 200 OK in 659.191µs
[negroni] Started GET /queue/cc0bd67d25a90ba259a9f9f2a9a03d0e
[negroni] Completed 200 OK in 79.834µs
[negroni] Started GET /queue/cc0bd67d25a90ba259a9f9f2a9a03d0e
[negroni] Completed 200 OK in 99.153µs
[negroni] Started GET /queue/cc0bd67d25a90ba259a9f9f2a9a03d0e
[negroni] Completed 200 OK in 84.852µs
[negroni] Started GET /queue/cc0bd67d25a90ba259a9f9f2a9a03d0e
[negroni] Completed 200 OK in 76.643µs
[negroni] Started GET /queue/cc0bd67d25a90ba259a9f9f2a9a03d0e
[negroni] Completed 200 OK in 101.643µs
[negroni] Started GET /queue/cc0bd67d25a90ba259a9f9f2a9a03d0e
[negroni] Completed 200 OK in 153.745µs
[negroni] Started GET /queue/cc0bd67d25a90ba259a9f9f2a9a03d0e
[negroni] Completed 200 OK in 150.198µs
[negroni] Started GET /queue/cc0bd67d25a90ba259a9f9f2a9a03d0e
[negroni] Completed 200 OK in 89.55µs
[negroni] Started GET /queue/cc0bd67d25a90ba259a9f9f2a9a03d0e
[negroni] Completed 200 OK in 88.136µs
[negroni] Started GET /queue/cc0bd67d25a90ba259a9f9f2a9a03d0e
[negroni] Completed 200 OK in 87.551µs
[negroni] Started GET /queue/cc0bd67d25a90ba259a9f9f2a9a03d0e
[negroni] Completed 200 OK in 79.008µs
[negroni] Started GET /queue/cc0bd67d25a90ba259a9f9f2a9a03d0e
[negroni] Completed 200 OK in 75.063µs
[negroni] Started GET /queue/cc0bd67d25a90ba259a9f9f2a9a03d0e
[negroni] Completed 200 OK in 67.836µs
[negroni] Started GET /queue/cc0bd67d25a90ba259a9f9f2a9a03d0e
[negroni] Completed 200 OK in 81.852µs
[negroni] Started GET /queue/cc0bd67d25a90ba259a9f9f2a9a03d0e
[negroni] Completed 200 OK in 88.383µs
[negroni] Started GET /queue/cc0bd67d25a90ba259a9f9f2a9a03d0e
[negroni] Completed 200 OK in 99.239µs
[negroni] Started GET /queue/cc0bd67d25a90ba259a9f9f2a9a03d0e
[negroni] Completed 200 OK in 392.576µs
[negroni] Started GET /queue/cc0bd67d25a90ba259a9f9f2a9a03d0e
[negroni] Completed 200 OK in 62.483µs
[negroni] Started GET /queue/cc0bd67d25a90ba259a9f9f2a9a03d0e
[negroni] Completed 200 OK in 64.423µs
[negroni] Started GET /queue/cc0bd67d25a90ba259a9f9f2a9a03d0e
[negroni] Completed 200 OK in 240.502µs
[negroni] Started GET /queue/cc0bd67d25a90ba259a9f9f2a9a03d0e
[negroni] Completed 200 OK in 58.286µs
[negroni] Started GET /queue/cc0bd67d25a90ba259a9f9f2a9a03d0e
[negroni] Completed 200 OK in 126.356µs
[negroni] Started GET /queue/cc0bd67d25a90ba259a9f9f2a9a03d0e
[negroni] Completed 200 OK in 105.993µs
[negroni] Started GET /queue/cc0bd67d25a90ba259a9f9f2a9a03d0e
[negroni] Completed 200 OK in 65.871µs
[negroni] Started GET /queue/cc0bd67d25a90ba259a9f9f2a9a03d0e
[negroni] Completed 200 OK in 131.074µs
[negroni] Started GET /queue/cc0bd67d25a90ba259a9f9f2a9a03d0e
[negroni] Completed 200 OK in 157.067µs
[negroni] Started GET /queue/cc0bd67d25a90ba259a9f9f2a9a03d0e
[negroni] Completed 200 OK in 204.455µs
[negroni] Started GET /queue/cc0bd67d25a90ba259a9f9f2a9a03d0e
[negroni] Completed 200 OK in 53.168µs
[negroni] Started GET /queue/cc0bd67d25a90ba259a9f9f2a9a03d0e
[negroni] Completed 200 OK in 57.778µs
[negroni] Started GET /queue/cc0bd67d25a90ba259a9f9f2a9a03d0e
[negroni] Completed 200 OK in 407.219µs
[negroni] Started GET /queue/cc0bd67d25a90ba259a9f9f2a9a03d0e
[negroni] Completed 200 OK in 117.422µs
[negroni] Started GET /queue/cc0bd67d25a90ba259a9f9f2a9a03d0e
[negroni] Completed 200 OK in 69.946µs
[negroni] Started GET /queue/cc0bd67d25a90ba259a9f9f2a9a03d0e
[negroni] Completed 200 OK in 72.347µs
[negroni] Started GET /queue/cc0bd67d25a90ba259a9f9f2a9a03d0e
[negroni] Completed 200 OK in 65.235µs
[negroni] Started GET /queue/cc0bd67d25a90ba259a9f9f2a9a03d0e
[negroni] Completed 200 OK in 91.832µs
[negroni] Started GET /queue/cc0bd67d25a90ba259a9f9f2a9a03d0e
[negroni] Completed 200 OK in 88.222µs
[negroni] Started GET /queue/cc0bd67d25a90ba259a9f9f2a9a03d0e
[negroni] Completed 200 OK in 164.212µs
[negroni] Started GET /queue/cc0bd67d25a90ba259a9f9f2a9a03d0e
[negroni] Completed 200 OK in 98.921µs
[negroni] Started GET /queue/cc0bd67d25a90ba259a9f9f2a9a03d0e
[negroni] Completed 200 OK in 82.72µs
[negroni] Started GET /queue/cc0bd67d25a90ba259a9f9f2a9a03d0e
[negroni] Completed 200 OK in 60.444µs
[negroni] Started GET /queue/cc0bd67d25a90ba259a9f9f2a9a03d0e
[negroni] Completed 200 OK in 87.631µs
[negroni] Started GET /queue/cc0bd67d25a90ba259a9f9f2a9a03d0e
[negroni] Completed 200 OK in 87.821µs
[negroni] Started GET /queue/cc0bd67d25a90ba259a9f9f2a9a03d0e
[negroni] Completed 200 OK in 198.925µs
[negroni] Started GET /queue/cc0bd67d25a90ba259a9f9f2a9a03d0e
[negroni] Completed 200 OK in 58.701µs
[negroni] Started GET /queue/cc0bd67d25a90ba259a9f9f2a9a03d0e
[negroni] Completed 200 OK in 98.573µs
[negroni] Started GET /queue/cc0bd67d25a90ba259a9f9f2a9a03d0e
[negroni] Completed 200 OK in 60.143µs
[negroni] Started GET /queue/cc0bd67d25a90ba259a9f9f2a9a03d0e
[negroni] Completed 200 OK in 180.56µs
[negroni] Started GET /queue/cc0bd67d25a90ba259a9f9f2a9a03d0e
[negroni] Completed 200 OK in 93.349µs
[negroni] Started GET /queue/cc0bd67d25a90ba259a9f9f2a9a03d0e
[negroni] Completed 200 OK in 107.186µs
[negroni] Started GET /queue/cc0bd67d25a90ba259a9f9f2a9a03d0e
[negroni] Completed 200 OK in 322.988µs
[negroni] Started GET /queue/cc0bd67d25a90ba259a9f9f2a9a03d0e
[negroni] Completed 200 OK in 135.993µs
[negroni] Started GET /queue/cc0bd67d25a90ba259a9f9f2a9a03d0e
[negroni] Completed 200 OK in 472.089µs
[negroni] Started GET /queue/cc0bd67d25a90ba259a9f9f2a9a03d0e
[negroni] Completed 200 OK in 68.746µs
[negroni] Started GET /queue/cc0bd67d25a90ba259a9f9f2a9a03d0e
[negroni] Completed 200 OK in 96.893µs
[negroni] Started GET /queue/cc0bd67d25a90ba259a9f9f2a9a03d0e
[negroni] Completed 200 OK in 61.723µs
[negroni] Started GET /queue/cc0bd67d25a90ba259a9f9f2a9a03d0e
[negroni] Completed 200 OK in 107.09µs
[negroni] Started GET /queue/cc0bd67d25a90ba259a9f9f2a9a03d0e
[negroni] Completed 200 OK in 70.822µs
[negroni] Started GET /queue/cc0bd67d25a90ba259a9f9f2a9a03d0e
[negroni] Completed 200 OK in 106.021µs
[negroni] Started GET /queue/cc0bd67d25a90ba259a9f9f2a9a03d0e
[negroni] Completed 200 OK in 242.815µs
[negroni] Started GET /queue/cc0bd67d25a90ba259a9f9f2a9a03d0e
[negroni] Completed 200 OK in 246.192µs
[negroni] Started GET /queue/cc0bd67d25a90ba259a9f9f2a9a03d0e
[negroni] Completed 200 OK in 126.676µs
[negroni] Started GET /queue/cc0bd67d25a90ba259a9f9f2a9a03d0e
[negroni] Completed 200 OK in 111.118µs
[sshexec] ERROR 2017/04/27 03:12:26 /src/github.com/heketi/heketi/executors/sshexec/brick.go:152: dial tcp 192.168.48.12:22: getsockopt: connection timed out
[sshexec] WARNING 2017/04/27 03:12:26 Failed to create SSH connection to 192.168.48.12:22: dial tcp 192.168.48.12:22: getsockopt: connection timed out
[negroni] Started GET /queue/cc0bd67d25a90ba259a9f9f2a9a03d0e
[negroni] Completed 200 OK in 63.43µs
[negroni] Started GET /queue/cc0bd67d25a90ba259a9f9f2a9a03d0e
[negroni] Completed 200 OK in 52.62µs
[negroni] Started GET /queue/cc0bd67d25a90ba259a9f9f2a9a03d0e
[negroni] Completed 200 OK in 65.509µs
[negroni] Started GET /queue/cc0bd67d25a90ba259a9f9f2a9a03d0e
[negroni] Completed 200 OK in 82.672µs
[negroni] Started GET /queue/cc0bd67d25a90ba259a9f9f2a9a03d0e
[negroni] Completed 200 OK in 82.163µs
[negroni] Started GET /queue/cc0bd67d25a90ba259a9f9f2a9a03d0e
[negroni] Completed 200 OK in 56.2µs
[negroni] Started GET /queue/cc0bd67d25a90ba259a9f9f2a9a03d0e
[negroni] Completed 200 OK in 81.653µs
[negroni] Started GET /queue/cc0bd67d25a90ba259a9f9f2a9a03d0e
[negroni] Completed 200 OK in 93.232µs
[negroni] Started GET /queue/cc0bd67d25a90ba259a9f9f2a9a03d0e
[negroni] Completed 200 OK in 198.073µs
[negroni] Started GET /queue/cc0bd67d25a90ba259a9f9f2a9a03d0e
[negroni] Completed 200 OK in 70.708µs
[negroni] Started GET /queue/cc0bd67d25a90ba259a9f9f2a9a03d0e
[negroni] Completed 200 OK in 75.889µs
[negroni] Started GET /queue/cc0bd67d25a90ba259a9f9f2a9a03d0e
[negroni] Completed 200 OK in 64.979µs
[negroni] Started GET /queue/cc0bd67d25a90ba259a9f9f2a9a03d0e
[negroni] Completed 200 OK in 176.479µs
[negroni] Started GET /queue/cc0bd67d25a90ba259a9f9f2a9a03d0e
[negroni] Completed 200 OK in 65.062µs
[negroni] Started GET /queue/cc0bd67d25a90ba259a9f9f2a9a03d0e
[negroni] Completed 200 OK in 50.731µs
[negroni] Started GET /queue/cc0bd67d25a90ba259a9f9f2a9a03d0e
[negroni] Completed 200 OK in 95.71µs
[negroni] Started GET /queue/cc0bd67d25a90ba259a9f9f2a9a03d0e
[negroni] Completed 200 OK in 135.852µs
[negroni] Started GET /queue/cc0bd67d25a90ba259a9f9f2a9a03d0e
[negroni] Completed 200 OK in 220.533µs
[negroni] Started GET /queue/cc0bd67d25a90ba259a9f9f2a9a03d0e
[negroni] Completed 200 OK in 50.662µs
[negroni] Started GET /queue/cc0bd67d25a90ba259a9f9f2a9a03d0e
[negroni] Completed 200 OK in 57.657µs
[negroni] Started GET /queue/cc0bd67d25a90ba259a9f9f2a9a03d0e
[negroni] Completed 200 OK in 57.949µs
[negroni] Started GET /queue/cc0bd67d25a90ba259a9f9f2a9a03d0e
[negroni] Completed 200 OK in 50.608µs
[negroni] Started GET /queue/cc0bd67d25a90ba259a9f9f2a9a03d0e
[negroni] Completed 200 OK in 80.502µs
[negroni] Started GET /queue/cc0bd67d25a90ba259a9f9f2a9a03d0e
[negroni] Completed 200 OK in 67.811µs
[negroni] Started GET /queue/cc0bd67d25a90ba259a9f9f2a9a03d0e
[negroni] Completed 200 OK in 629.496µs
[negroni] Started GET /queue/cc0bd67d25a90ba259a9f9f2a9a03d0e
[negroni] Completed 200 OK in 231.401µs
[negroni] Started GET /queue/cc0bd67d25a90ba259a9f9f2a9a03d0e
[negroni] Completed 200 OK in 500.914µs
[negroni] Started GET /queue/cc0bd67d25a90ba259a9f9f2a9a03d0e
[negroni] Completed 200 OK in 60.138µs
[negroni] Started GET /queue/cc0bd67d25a90ba259a9f9f2a9a03d0e
[negroni] Completed 200 OK in 74.74µs
[negroni] Started GET /queue/cc0bd67d25a90ba259a9f9f2a9a03d0e
[negroni] Completed 200 OK in 60.712µs
[negroni] Started GET /queue/cc0bd67d25a90ba259a9f9f2a9a03d0e
[negroni] Completed 200 OK in 90.998µs
[negroni] Started GET /queue/cc0bd67d25a90ba259a9f9f2a9a03d0e
[negroni] Completed 200 OK in 171.12µs
[negroni] Started GET /queue/cc0bd67d25a90ba259a9f9f2a9a03d0e
[negroni] Completed 200 OK in 115.426µs
[negroni] Started GET /queue/cc0bd67d25a90ba259a9f9f2a9a03d0e
[negroni] Completed 200 OK in 55.393µs
[negroni] Started GET /queue/cc0bd67d25a90ba259a9f9f2a9a03d0e
[negroni] Completed 200 OK in 146.892µs
[negroni] Started GET /queue/cc0bd67d25a90ba259a9f9f2a9a03d0e
[negroni] Completed 200 OK in 116.868µs
[negroni] Started GET /queue/cc0bd67d25a90ba259a9f9f2a9a03d0e
[negroni] Completed 200 OK in 114.761µs
[negroni] Started GET /queue/cc0bd67d25a90ba259a9f9f2a9a03d0e
[negroni] Completed 200 OK in 61.326µs
[negroni] Started GET /queue/cc0bd67d25a90ba259a9f9f2a9a03d0e
[negroni] Completed 200 OK in 127.205µs
[negroni] Started GET /queue/cc0bd67d25a90ba259a9f9f2a9a03d0e
[negroni] Completed 200 OK in 80.077µs
[negroni] Started GET /queue/cc0bd67d25a90ba259a9f9f2a9a03d0e
[negroni] Completed 200 OK in 73.091µs
[negroni] Started GET /queue/cc0bd67d25a90ba259a9f9f2a9a03d0e
[negroni] Completed 200 OK in 55.936µs
[negroni] Started GET /queue/cc0bd67d25a90ba259a9f9f2a9a03d0e
[negroni] Completed 200 OK in 82.499µs
[negroni] Started GET /queue/cc0bd67d25a90ba259a9f9f2a9a03d0e
[negroni] Completed 200 OK in 410.301µs
[negroni] Started GET /queue/cc0bd67d25a90ba259a9f9f2a9a03d0e
[negroni] Completed 200 OK in 83.928µs
[negroni] Started GET /queue/cc0bd67d25a90ba259a9f9f2a9a03d0e
[negroni] Completed 200 OK in 142.762µs
[negroni] Started GET /queue/cc0bd67d25a90ba259a9f9f2a9a03d0e
[negroni] Completed 200 OK in 66.491µs
[negroni] Started GET /queue/cc0bd67d25a90ba259a9f9f2a9a03d0e
[negroni] Completed 200 OK in 94.357µs
[negroni] Started GET /queue/cc0bd67d25a90ba259a9f9f2a9a03d0e
[negroni] Completed 200 OK in 99.344µs
[negroni] Started GET /queue/cc0bd67d25a90ba259a9f9f2a9a03d0e
[negroni] Completed 200 OK in 211.486µs
[negroni] Started GET /queue/cc0bd67d25a90ba259a9f9f2a9a03d0e
[negroni] Completed 200 OK in 94.761µs
[negroni] Started GET /queue/cc0bd67d25a90ba259a9f9f2a9a03d0e
[negroni] Completed 200 OK in 132.479µs
[negroni] Started GET /queue/cc0bd67d25a90ba259a9f9f2a9a03d0e
[negroni] Completed 200 OK in 129.599µs
[negroni] Started GET /queue/cc0bd67d25a90ba259a9f9f2a9a03d0e
[negroni] Completed 200 OK in 139.561µs
[negroni] Started GET /queue/cc0bd67d25a90ba259a9f9f2a9a03d0e
[negroni] Completed 200 OK in 160.851µs
[negroni] Started GET /queue/cc0bd67d25a90ba259a9f9f2a9a03d0e
[negroni] Completed 200 OK in 88.959µs
[negroni] Started GET /queue/cc0bd67d25a90ba259a9f9f2a9a03d0e
[negroni] Completed 200 OK in 204.547µs
[negroni] Started GET /queue/cc0bd67d25a90ba259a9f9f2a9a03d0e
[negroni] Completed 200 OK in 6.359801ms
[negroni] Started GET /queue/cc0bd67d25a90ba259a9f9f2a9a03d0e
[negroni] Completed 200 OK in 91.26µs
[negroni] Started GET /queue/cc0bd67d25a90ba259a9f9f2a9a03d0e
[negroni] Completed 200 OK in 91.495µs
[negroni] Started GET /queue/cc0bd67d25a90ba259a9f9f2a9a03d0e
[negroni] Completed 200 OK in 65.782µs
[negroni] Started GET /queue/cc0bd67d25a90ba259a9f9f2a9a03d0e
[negroni] Completed 200 OK in 169.23µs
[negroni] Started GET /queue/cc0bd67d25a90ba259a9f9f2a9a03d0e
[negroni] Completed 200 OK in 144.753µs
[negroni] Started GET /queue/cc0bd67d25a90ba259a9f9f2a9a03d0e
[negroni] Completed 200 OK in 65.152µs
[negroni] Started GET /queue/cc0bd67d25a90ba259a9f9f2a9a03d0e
[negroni] Completed 200 OK in 124.489µs
[negroni] Started GET /queue/cc0bd67d25a90ba259a9f9f2a9a03d0e
[negroni] Completed 200 OK in 65.246µs
[negroni] Started GET /queue/cc0bd67d25a90ba259a9f9f2a9a03d0e
[negroni] Completed 200 OK in 56.499µs
[negroni] Started GET /queue/cc0bd67d25a90ba259a9f9f2a9a03d0e
[negroni] Completed 200 OK in 86.239µs
[negroni] Started GET /queue/cc0bd67d25a90ba259a9f9f2a9a03d0e
[negroni] Completed 200 OK in 105.568µs
[negroni] Started GET /queue/cc0bd67d25a90ba259a9f9f2a9a03d0e
[negroni] Completed 200 OK in 150.627µs
[negroni] Started GET /queue/cc0bd67d25a90ba259a9f9f2a9a03d0e
[negroni] Completed 200 OK in 120.939µs
[negroni] Started GET /queue/cc0bd67d25a90ba259a9f9f2a9a03d0e
[negroni] Completed 200 OK in 57.437µs
[negroni] Started GET /queue/cc0bd67d25a90ba259a9f9f2a9a03d0e
[negroni] Completed 200 OK in 80.257µs
[negroni] Started GET /queue/cc0bd67d25a90ba259a9f9f2a9a03d0e
[negroni] Completed 200 OK in 314.869µs
[negroni] Started GET /queue/cc0bd67d25a90ba259a9f9f2a9a03d0e
[negroni] Completed 200 OK in 93.801µs
[negroni] Started GET /queue/cc0bd67d25a90ba259a9f9f2a9a03d0e
[negroni] Completed 200 OK in 88.017µs
[negroni] Started GET /queue/cc0bd67d25a90ba259a9f9f2a9a03d0e
[negroni] Completed 200 OK in 77.434µs
[negroni] Started GET /queue/cc0bd67d25a90ba259a9f9f2a9a03d0e
[negroni] Completed 200 OK in 355.191µs
[negroni] Started GET /queue/cc0bd67d25a90ba259a9f9f2a9a03d0e
[negroni] Completed 200 OK in 678.33µs
[negroni] Started GET /queue/cc0bd67d25a90ba259a9f9f2a9a03d0e
[negroni] Completed 200 OK in 228.849µs
[negroni] Started GET /queue/cc0bd67d25a90ba259a9f9f2a9a03d0e
[negroni] Completed 200 OK in 436.191µs
[negroni] Started GET /queue/cc0bd67d25a90ba259a9f9f2a9a03d0e
[negroni] Completed 200 OK in 77.361µs
[negroni] Started GET /queue/cc0bd67d25a90ba259a9f9f2a9a03d0e
[negroni] Completed 200 OK in 66.098µs
[negroni] Started GET /queue/cc0bd67d25a90ba259a9f9f2a9a03d0e
[negroni] Completed 200 OK in 75.658µs
[negroni] Started GET /queue/cc0bd67d25a90ba259a9f9f2a9a03d0e
[negroni] Completed 200 OK in 113.27µs
[negroni] Started GET /queue/cc0bd67d25a90ba259a9f9f2a9a03d0e
[negroni] Completed 200 OK in 130.347µs
[negroni] Started GET /clusters/8397fe52e42cb7fe643e8022d4305962
[negroni] Completed 200 OK in 1.547293ms
[negroni] Started GET /nodes/0fa73aa23d555c9ed7706e14ad37fa3c
[negroni] Completed 200 OK in 1.927813ms
[negroni] Started DELETE /bricks/d585b74a81f4c0bfafca0f4270ad78d3
[heketi] WARNING 2017/04/27 03:13:52 Invalid path or request /bricks/d585b74a81f4c0bfafca0f4270ad78d3
[negroni] Completed 404 Not Found in 162.912µs
[negroni] Started DELETE /devices/6c7ff8b53124baa86b5b789cd93274e1
[heketi] ERROR 2017/04/27 03:13:52 /src/github.com/heketi/heketi/apps/glusterfs/app_device.go:222: Unable to delete device [6c7ff8b53124baa86b5b789cd93274e1] because it contains bricks
[negroni] Completed 409 Conflict in 783.433µs
[negroni] Started DELETE /nodes/0fa73aa23d555c9ed7706e14ad37fa3c
[heketi] ERROR 2017/04/27 03:13:52 /src/github.com/heketi/heketi/apps/glusterfs/app_node.go:224: Unable to delete node [0fa73aa23d555c9ed7706e14ad37fa3c] because it contains devices
[negroni] Completed 409 Conflict in 423.649µs
[negroni] Started GET /nodes/3b406b3fd0c2e0585bbbe1ee8cf8a251
[negroni] Completed 200 OK in 993.969µs
[negroni] Started DELETE /bricks/c8c0b566f282735072563193ee62b7ae
[heketi] WARNING 2017/04/27 03:13:52 Invalid path or request /bricks/c8c0b566f282735072563193ee62b7ae
[negroni] Completed 404 Not Found in 75.52µs
[heketi] ERROR 2017/04/27 03:13:52 /src/github.com/heketi/heketi/apps/glusterfs/app_device.go:222: Unable to delete device [d72d3bd802d4e511a80ce2f16181289d] because it contains bricks
[negroni] Started DELETE /devices/d72d3bd802d4e511a80ce2f16181289d
[negroni] Completed 409 Conflict in 418.514µs
[negroni] Started DELETE /nodes/3b406b3fd0c2e0585bbbe1ee8cf8a251
[negroni] Completed 409 Conflict in 611.37µs
[heketi] ERROR 2017/04/27 03:13:52 /src/github.com/heketi/heketi/apps/glusterfs/app_node.go:224: Unable to delete node [3b406b3fd0c2e0585bbbe1ee8cf8a251] because it contains devices
[negroni] Started GET /nodes/5161da96f3da6587c26cf01c6cf2b8fb
[negroni] Completed 200 OK in 620.341µs
[negroni] Started DELETE /bricks/664abaa7d27a38eb91f42c971fa57b0a
[heketi] WARNING 2017/04/27 03:13:52 Invalid path or request /bricks/664abaa7d27a38eb91f42c971fa57b0a
[negroni] Completed 404 Not Found in 90.338µs
[negroni] Started DELETE /devices/403cca7edce115dc1c641acc2f5f11fb
[negroni] Completed 409 Conflict in 453.629µs
[heketi] ERROR 2017/04/27 03:13:52 /src/github.com/heketi/heketi/apps/glusterfs/app_device.go:222: Unable to delete device [403cca7edce115dc1c641acc2f5f11fb] because it contains bricks
[heketi] ERROR 2017/04/27 03:13:52 /src/github.com/heketi/heketi/apps/glusterfs/app_node.go:224: Unable to delete node [5161da96f3da6587c26cf01c6cf2b8fb] because it contains devices
[negroni] Started DELETE /nodes/5161da96f3da6587c26cf01c6cf2b8fb
[negroni] Completed 409 Conflict in 422.032µs
[negroni] Started DELETE /clusters/8397fe52e42cb7fe643e8022d4305962
[heketi] WARNING 2017/04/27 03:13:52 Unable to delete cluster [8397fe52e42cb7fe643e8022d4305962] because it contains volumes and/or nodes
[negroni] Completed 409 Conflict in 436.473µs
[negroni] Started GET /queue/cc0bd67d25a90ba259a9f9f2a9a03d0e
[negroni] Completed 200 OK in 114.519µs
[negroni] Started GET /queue/cc0bd67d25a90ba259a9f9f2a9a03d0e
[negroni] Completed 200 OK in 343.93µs
[negroni] Started GET /queue/cc0bd67d25a90ba259a9f9f2a9a03d0e
[negroni] Completed 200 OK in 120.611µs
[negroni] Started GET /queue/cc0bd67d25a90ba259a9f9f2a9a03d0e
[negroni] Completed 200 OK in 64.757µs
[negroni] Started GET /queue/cc0bd67d25a90ba259a9f9f2a9a03d0e
[negroni] Completed 200 OK in 64.271µs
[negroni] Started GET /clusters/8397fe52e42cb7fe643e8022d4305962
[negroni] Completed 200 OK in 833.489µs
[negroni] Started GET /nodes/0fa73aa23d555c9ed7706e14ad37fa3c
[negroni] Completed 200 OK in 757.326µs
[negroni] Started DELETE /bricks/d585b74a81f4c0bfafca0f4270ad78d3
[heketi] WARNING 2017/04/27 03:13:57 Invalid path or request /bricks/d585b74a81f4c0bfafca0f4270ad78d3
[negroni] Completed 404 Not Found in 101.291µs
[heketi] ERROR 2017/04/27 03:13:57 /src/github.com/heketi/heketi/apps/glusterfs/app_device.go:222: Unable to delete device [6c7ff8b53124baa86b5b789cd93274e1] because it contains bricks
[negroni] Started DELETE /devices/6c7ff8b53124baa86b5b789cd93274e1
[negroni] Completed 409 Conflict in 485.919µs
[negroni] Started DELETE /nodes/0fa73aa23d555c9ed7706e14ad37fa3c
[negroni] Completed 409 Conflict in 457.793µs
[heketi] ERROR 2017/04/27 03:13:57 /src/github.com/heketi/heketi/apps/glusterfs/app_node.go:224: Unable to delete node [0fa73aa23d555c9ed7706e14ad37fa3c] because it contains devices
[negroni] Started GET /nodes/3b406b3fd0c2e0585bbbe1ee8cf8a251
[negroni] Completed 200 OK in 1.179526ms
[negroni] Started DELETE /bricks/c8c0b566f282735072563193ee62b7ae
[heketi] WARNING 2017/04/27 03:13:57 Invalid path or request /bricks/c8c0b566f282735072563193ee62b7ae
[negroni] Completed 404 Not Found in 79.554µs
[negroni] Started DELETE /devices/d72d3bd802d4e511a80ce2f16181289d
[negroni] Completed 409 Conflict in 358.055µs
[heketi] ERROR 2017/04/27 03:13:57 /src/github.com/heketi/heketi/apps/glusterfs/app_device.go:222: Unable to delete device [d72d3bd802d4e511a80ce2f16181289d] because it contains bricks
[negroni] Started DELETE /nodes/3b406b3fd0c2e0585bbbe1ee8cf8a251
[negroni] Completed 409 Conflict in 571.726µs
[heketi] ERROR 2017/04/27 03:13:57 /src/github.com/heketi/heketi/apps/glusterfs/app_node.go:224: Unable to delete node [3b406b3fd0c2e0585bbbe1ee8cf8a251] because it contains devices
[negroni] Started GET /nodes/5161da96f3da6587c26cf01c6cf2b8fb
[negroni] Completed 200 OK in 658.954µs
[negroni] Started DELETE /bricks/664abaa7d27a38eb91f42c971fa57b0a
[heketi] WARNING 2017/04/27 03:13:57 Invalid path or request /bricks/664abaa7d27a38eb91f42c971fa57b0a
[negroni] Completed 404 Not Found in 77.065µs
[negroni] Started DELETE /devices/403cca7edce115dc1c641acc2f5f11fb
[heketi] ERROR 2017/04/27 03:13:57 /src/github.com/heketi/heketi/apps/glusterfs/app_device.go:222: Unable to delete device [403cca7edce115dc1c641acc2f5f11fb] because it contains bricks
[negroni] Completed 409 Conflict in 420.538µs
[negroni] Started DELETE /nodes/5161da96f3da6587c26cf01c6cf2b8fb
[heketi] ERROR 2017/04/27 03:13:57 /src/github.com/heketi/heketi/apps/glusterfs/app_node.go:224: Unable to delete node [5161da96f3da6587c26cf01c6cf2b8fb] because it contains devices
[negroni] Completed 409 Conflict in 595.81µs
[negroni] Started DELETE /clusters/8397fe52e42cb7fe643e8022d4305962
[heketi] WARNING 2017/04/27 03:13:57 Unable to delete cluster [8397fe52e42cb7fe643e8022d4305962] because it contains volumes and/or nodes
[negroni] Completed 409 Conflict in 589.578µs
[negroni] Started GET /queue/cc0bd67d25a90ba259a9f9f2a9a03d0e
[negroni] Completed 200 OK in 60.797µs
[negroni] Started GET /queue/cc0bd67d25a90ba259a9f9f2a9a03d0e
[negroni] Completed 200 OK in 106.109µs
[negroni] Started GET /queue/cc0bd67d25a90ba259a9f9f2a9a03d0e
[negroni] Completed 200 OK in 83.54µs
[negroni] Started GET /queue/cc0bd67d25a90ba259a9f9f2a9a03d0e
[negroni] Completed 200 OK in 194.366µs
[negroni] Started GET /clusters/8397fe52e42cb7fe643e8022d4305962
[negroni] Completed 200 OK in 629.694µs
[negroni] Started GET /nodes/0fa73aa23d555c9ed7706e14ad37fa3c
[negroni] Completed 200 OK in 1.103506ms
[negroni] Started DELETE /bricks/d585b74a81f4c0bfafca0f4270ad78d3
[heketi] WARNING 2017/04/27 03:14:02 Invalid path or request /bricks/d585b74a81f4c0bfafca0f4270ad78d3
[negroni] Completed 404 Not Found in 63.495µs
[heketi] ERROR 2017/04/27 03:14:02 /src/github.com/heketi/heketi/apps/glusterfs/app_device.go:222: Unable to delete device [6c7ff8b53124baa86b5b789cd93274e1] because it contains bricks
[negroni] Started DELETE /devices/6c7ff8b53124baa86b5b789cd93274e1
[negroni] Completed 409 Conflict in 549.468µs
[heketi] ERROR 2017/04/27 03:14:02 /src/github.com/heketi/heketi/apps/glusterfs/app_node.go:224: Unable to delete node [0fa73aa23d555c9ed7706e14ad37fa3c] because it contains devices
[negroni] Started DELETE /nodes/0fa73aa23d555c9ed7706e14ad37fa3c
[negroni] Completed 409 Conflict in 343.058µs
[negroni] Started GET /nodes/3b406b3fd0c2e0585bbbe1ee8cf8a251
[negroni] Completed 200 OK in 604.325µs
[negroni] Started DELETE /bricks/c8c0b566f282735072563193ee62b7ae
[heketi] WARNING 2017/04/27 03:14:02 Invalid path or request /bricks/c8c0b566f282735072563193ee62b7ae
[negroni] Completed 404 Not Found in 53.609µs
[negroni] Started DELETE /devices/d72d3bd802d4e511a80ce2f16181289d
[negroni] Completed 409 Conflict in 492.866µs
[heketi] ERROR 2017/04/27 03:14:02 /src/github.com/heketi/heketi/apps/glusterfs/app_device.go:222: Unable to delete device [d72d3bd802d4e511a80ce2f16181289d] because it contains bricks
[negroni] Started DELETE /nodes/3b406b3fd0c2e0585bbbe1ee8cf8a251
[heketi] ERROR 2017/04/27 03:14:02 /src/github.com/heketi/heketi/apps/glusterfs/app_node.go:224: Unable to delete node [3b406b3fd0c2e0585bbbe1ee8cf8a251] because it contains devices
[negroni] Completed 409 Conflict in 468.082µs
[negroni] Started GET /nodes/5161da96f3da6587c26cf01c6cf2b8fb
[negroni] Completed 200 OK in 617.29µs
[negroni] Started DELETE /bricks/664abaa7d27a38eb91f42c971fa57b0a
[heketi] WARNING 2017/04/27 03:14:02 Invalid path or request /bricks/664abaa7d27a38eb91f42c971fa57b0a
[negroni] Completed 404 Not Found in 91.483µs
[negroni] Started DELETE /devices/403cca7edce115dc1c641acc2f5f11fb
[heketi] ERROR 2017/04/27 03:14:02 /src/github.com/heketi/heketi/apps/glusterfs/app_device.go:222: Unable to delete device [403cca7edce115dc1c641acc2f5f11fb] because it contains bricks
[negroni] Completed 409 Conflict in 577.306µs
[negroni] Started DELETE /nodes/5161da96f3da6587c26cf01c6cf2b8fb
[heketi] ERROR 2017/04/27 03:14:02 /src/github.com/heketi/heketi/apps/glusterfs/app_node.go:224: Unable to delete node [5161da96f3da6587c26cf01c6cf2b8fb] because it contains devices
[negroni] Completed 409 Conflict in 453.67µs
[negroni] Started DELETE /clusters/8397fe52e42cb7fe643e8022d4305962
[heketi] WARNING 2017/04/27 03:14:02 Unable to delete cluster [8397fe52e42cb7fe643e8022d4305962] because it contains volumes and/or nodes
[negroni] Completed 409 Conflict in 461.012µs
[negroni] Started GET /queue/cc0bd67d25a90ba259a9f9f2a9a03d0e
[negroni] Completed 200 OK in 73.624µs
[negroni] Started GET /queue/cc0bd67d25a90ba259a9f9f2a9a03d0e
[negroni] Completed 200 OK in 89.727µs
[negroni] Started GET /queue/cc0bd67d25a90ba259a9f9f2a9a03d0e
[negroni] Completed 200 OK in 123.372µs
[negroni] Started GET /queue/cc0bd67d25a90ba259a9f9f2a9a03d0e
[negroni] Completed 200 OK in 434.266µs
[negroni] Started GET /queue/cc0bd67d25a90ba259a9f9f2a9a03d0e
[negroni] Completed 200 OK in 131.063µs
[negroni] Started GET /queue/cc0bd67d25a90ba259a9f9f2a9a03d0e
[negroni] Completed 200 OK in 80.859µs
[negroni] Started GET /queue/cc0bd67d25a90ba259a9f9f2a9a03d0e
[negroni] Completed 200 OK in 60.328µs
[negroni] Started GET /queue/cc0bd67d25a90ba259a9f9f2a9a03d0e
[negroni] Completed 200 OK in 93.998µs
[negroni] Started GET /queue/cc0bd67d25a90ba259a9f9f2a9a03d0e
[negroni] Completed 200 OK in 84.55µs
[negroni] Started GET /queue/cc0bd67d25a90ba259a9f9f2a9a03d0e
[negroni] Completed 200 OK in 72.04µs
[negroni] Started GET /queue/cc0bd67d25a90ba259a9f9f2a9a03d0e
[negroni] Completed 200 OK in 80.32µs
[negroni] Started GET /queue/cc0bd67d25a90ba259a9f9f2a9a03d0e
[negroni] Completed 200 OK in 183.27µs
[negroni] Started GET /queue/cc0bd67d25a90ba259a9f9f2a9a03d0e
[negroni] Completed 200 OK in 82.922µs
[negroni] Started GET /queue/cc0bd67d25a90ba259a9f9f2a9a03d0e
[negroni] Completed 200 OK in 246.732µs
[negroni] Started GET /queue/cc0bd67d25a90ba259a9f9f2a9a03d0e
[negroni] Completed 200 OK in 122.586µs
[negroni] Started GET /queue/cc0bd67d25a90ba259a9f9f2a9a03d0e
[negroni] Completed 200 OK in 75.752µs
[negroni] Started GET /queue/cc0bd67d25a90ba259a9f9f2a9a03d0e
[negroni] Completed 200 OK in 341.408µs
[negroni] Started GET /queue/cc0bd67d25a90ba259a9f9f2a9a03d0e
[negroni] Completed 200 OK in 117.701µs
[negroni] Started GET /queue/cc0bd67d25a90ba259a9f9f2a9a03d0e
[negroni] Completed 200 OK in 81.402µs
[negroni] Started GET /queue/cc0bd67d25a90ba259a9f9f2a9a03d0e
[negroni] Completed 200 OK in 72.369µs
[negroni] Started GET /queue/cc0bd67d25a90ba259a9f9f2a9a03d0e
[negroni] Completed 200 OK in 94.886µs
[negroni] Started GET /queue/cc0bd67d25a90ba259a9f9f2a9a03d0e
[negroni] Completed 200 OK in 92.679µs
[negroni] Started GET /queue/cc0bd67d25a90ba259a9f9f2a9a03d0e
[negroni] Completed 200 OK in 130.187µs
[negroni] Started GET /queue/cc0bd67d25a90ba259a9f9f2a9a03d0e
[negroni] Completed 200 OK in 176.437µs
[negroni] Started GET /queue/cc0bd67d25a90ba259a9f9f2a9a03d0e
[negroni] Completed 200 OK in 93.869µs
[negroni] Started GET /queue/cc0bd67d25a90ba259a9f9f2a9a03d0e
[negroni] Completed 200 OK in 54.967µs
[negroni] Started GET /queue/cc0bd67d25a90ba259a9f9f2a9a03d0e
[negroni] Completed 200 OK in 102.476µs
[negroni] Started GET /queue/cc0bd67d25a90ba259a9f9f2a9a03d0e
[negroni] Completed 200 OK in 173.227µs
[negroni] Started GET /queue/cc0bd67d25a90ba259a9f9f2a9a03d0e
[negroni] Completed 200 OK in 828.602µs
[negroni] Started GET /queue/cc0bd67d25a90ba259a9f9f2a9a03d0e
[negroni] Completed 200 OK in 124.707µs
[negroni] Started GET /queue/cc0bd67d25a90ba259a9f9f2a9a03d0e
[negroni] Completed 200 OK in 332.787µs
[negroni] Started GET /clusters/8397fe52e42cb7fe643e8022d4305962
[negroni] Completed 200 OK in 2.000798ms
[negroni] Started GET /nodes/0fa73aa23d555c9ed7706e14ad37fa3c
[negroni] Completed 200 OK in 1.023141ms
[negroni] Started DELETE /bricks/d585b74a81f4c0bfafca0f4270ad78d3
[heketi] WARNING 2017/04/27 03:14:33 Invalid path or request /bricks/d585b74a81f4c0bfafca0f4270ad78d3
[negroni] Completed 404 Not Found in 89.644µs
[heketi] ERROR 2017/04/27 03:14:33 /src/github.com/heketi/heketi/apps/glusterfs/app_device.go:222: Unable to delete device [6c7ff8b53124baa86b5b789cd93274e1] because it contains bricks
[negroni] Started DELETE /devices/6c7ff8b53124baa86b5b789cd93274e1
[negroni] Completed 409 Conflict in 1.401262ms
[negroni] Started DELETE /nodes/0fa73aa23d555c9ed7706e14ad37fa3c
[heketi] ERROR 2017/04/27 03:14:33 /src/github.com/heketi/heketi/apps/glusterfs/app_node.go:224: Unable to delete node [0fa73aa23d555c9ed7706e14ad37fa3c] because it contains devices
[negroni] Completed 409 Conflict in 908.925µs
[negroni] Started GET /nodes/3b406b3fd0c2e0585bbbe1ee8cf8a251
[negroni] Completed 200 OK in 1.297931ms
[negroni] Started DELETE /bricks/c8c0b566f282735072563193ee62b7ae
[heketi] WARNING 2017/04/27 03:14:33 Invalid path or request /bricks/c8c0b566f282735072563193ee62b7ae
[negroni] Completed 404 Not Found in 92.131µs
[negroni] Started DELETE /devices/d72d3bd802d4e511a80ce2f16181289d
[heketi] ERROR 2017/04/27 03:14:33 /src/github.com/heketi/heketi/apps/glusterfs/app_device.go:222: Unable to delete device [d72d3bd802d4e511a80ce2f16181289d] because it contains bricks
[negroni] Completed 409 Conflict in 670.704µs
[negroni] Started DELETE /nodes/3b406b3fd0c2e0585bbbe1ee8cf8a251
[heketi] ERROR 2017/04/27 03:14:33 /src/github.com/heketi/heketi/apps/glusterfs/app_node.go:224: Unable to delete node [3b406b3fd0c2e0585bbbe1ee8cf8a251] because it contains devices
[negroni] Completed 409 Conflict in 683.485µs
[negroni] Started GET /nodes/5161da96f3da6587c26cf01c6cf2b8fb
[negroni] Completed 200 OK in 1.097127ms
[negroni] Started DELETE /bricks/664abaa7d27a38eb91f42c971fa57b0a
[heketi] WARNING 2017/04/27 03:14:33 Invalid path or request /bricks/664abaa7d27a38eb91f42c971fa57b0a
[negroni] Completed 404 Not Found in 36.379µs
[negroni] Started DELETE /devices/403cca7edce115dc1c641acc2f5f11fb
[heketi] ERROR 2017/04/27 03:14:33 /src/github.com/heketi/heketi/apps/glusterfs/app_device.go:222: Unable to delete device [403cca7edce115dc1c641acc2f5f11fb] because it contains bricks
[negroni] Completed 409 Conflict in 497.567µs
[negroni] Started GET /queue/cc0bd67d25a90ba259a9f9f2a9a03d0e
[negroni] Completed 200 OK in 44.389µs
[heketi] ERROR 2017/04/27 03:14:33 /src/github.com/heketi/heketi/apps/glusterfs/app_node.go:224: Unable to delete node [5161da96f3da6587c26cf01c6cf2b8fb] because it contains devices
[negroni] Started DELETE /nodes/5161da96f3da6587c26cf01c6cf2b8fb
[negroni] Completed 409 Conflict in 493.139µs
[negroni] Started DELETE /clusters/8397fe52e42cb7fe643e8022d4305962
[heketi] WARNING 2017/04/27 03:14:33 Unable to delete cluster [8397fe52e42cb7fe643e8022d4305962] because it contains volumes and/or nodes
[negroni] Completed 409 Conflict in 481.678µs
[sshexec] ERROR 2017/04/27 03:14:34 /src/github.com/heketi/heketi/executors/sshexec/brick.go:163: dial tcp 192.168.48.12:22: getsockopt: connection timed out
[sshexec] WARNING 2017/04/27 03:14:34 Failed to create SSH connection to 192.168.48.12:22: dial tcp 192.168.48.12:22: getsockopt: connection timed out
[asynchttp] INFO 2017/04/27 03:14:34 Completed job cc0bd67d25a90ba259a9f9f2a9a03d0e in 19m5.279690494s
[heketi] ERROR 2017/04/27 03:14:34 /src/github.com/heketi/heketi/apps/glusterfs/app_volume.go:148: Failed to create volume: dial tcp 192.168.48.12:22: getsockopt: connection timed out
[negroni] Started GET /queue/cc0bd67d25a90ba259a9f9f2a9a03d0e
[negroni] Completed 500 Internal Server Error in 75.822µs
[negroni] Started POST /volumes
[negroni] Completed 202 Accepted in 15.196688ms
[asynchttp] INFO 2017/04/27 03:14:44 Started job 465ed88e939b8103312310a4bbad6ef8
[heketi] INFO 2017/04/27 03:14:44 Creating volume 0f2ab13d5d3612351bfe385096b25e76
[heketi] INFO 2017/04/27 03:14:44 brick_num: 0
[negroni] Started GET /queue/465ed88e939b8103312310a4bbad6ef8
[negroni] Completed 200 OK in 2.304647ms
[heketi] INFO 2017/04/27 03:14:44 Creating brick 476f662298d7ab8f10a232a17f838ac1
[heketi] INFO 2017/04/27 03:14:44 Creating brick 37430c3a281a2a0c0f2045d56923ba82
[heketi] INFO 2017/04/27 03:14:44 Creating brick bb0d10a7dde2e4481dec4a40a5f97cb6
[sshexec] DEBUG 2017/04/27 03:14:44 /src/github.com/heketi/heketi/pkg/utils/ssh/ssh.go:176: Host: 192.168.48.14:22 Command: /bin/bash -c 'mkdir -p /var/lib/heketi/mounts/vg_d72d3bd802d4e511a80ce2f16181289d/brick_bb0d10a7dde2e4481dec4a40a5f97cb6'
Result: 
[sshexec] DEBUG 2017/04/27 03:14:44 /src/github.com/heketi/heketi/pkg/utils/ssh/ssh.go:176: Host: 192.168.48.17:22 Command: /bin/bash -c 'mkdir -p /var/lib/heketi/mounts/vg_6c7ff8b53124baa86b5b789cd93274e1/brick_37430c3a281a2a0c0f2045d56923ba82'
Result: 
[negroni] Started GET /queue/465ed88e939b8103312310a4bbad6ef8
[negroni] Completed 200 OK in 239.094µs
[sshexec] DEBUG 2017/04/27 03:14:45 /src/github.com/heketi/heketi/pkg/utils/ssh/ssh.go:176: Host: 192.168.48.17:22 Command: /bin/bash -c 'lvcreate --poolmetadatasize 8192K -c 256K -L 1048576K -T vg_6c7ff8b53124baa86b5b789cd93274e1/tp_37430c3a281a2a0c0f2045d56923ba82 -V 1048576K -n brick_37430c3a281a2a0c0f2045d56923ba82'
Result:   Logical volume "brick_37430c3a281a2a0c0f2045d56923ba82" created.
[sshexec] DEBUG 2017/04/27 03:14:45 /src/github.com/heketi/heketi/pkg/utils/ssh/ssh.go:176: Host: 192.168.48.14:22 Command: /bin/bash -c 'lvcreate --poolmetadatasize 8192K -c 256K -L 1048576K -T vg_d72d3bd802d4e511a80ce2f16181289d/tp_bb0d10a7dde2e4481dec4a40a5f97cb6 -V 1048576K -n brick_bb0d10a7dde2e4481dec4a40a5f97cb6'
Result:   Logical volume "brick_bb0d10a7dde2e4481dec4a40a5f97cb6" created.
[sshexec] DEBUG 2017/04/27 03:14:45 /src/github.com/heketi/heketi/pkg/utils/ssh/ssh.go:176: Host: 192.168.48.17:22 Command: /bin/bash -c 'mkfs.xfs -i size=512 -n size=8192 /dev/mapper/vg_6c7ff8b53124baa86b5b789cd93274e1-brick_37430c3a281a2a0c0f2045d56923ba82'
Result: meta-data=/dev/mapper/vg_6c7ff8b53124baa86b5b789cd93274e1-brick_37430c3a281a2a0c0f2045d56923ba82 isize=512    agcount=8, agsize=32704 blks
         =                       sectsz=512   attr=2, projid32bit=1
         =                       crc=1        finobt=1, sparse=0
data     =                       bsize=4096   blocks=261632, imaxpct=25
         =                       sunit=64     swidth=64 blks
naming   =version 2              bsize=8192   ascii-ci=0 ftype=1
log      =internal log           bsize=4096   blocks=1728, version=2
         =                       sectsz=512   sunit=64 blks, lazy-count=1
realtime =none                   extsz=4096   blocks=0, rtextents=0
[sshexec] DEBUG 2017/04/27 03:14:45 /src/github.com/heketi/heketi/pkg/utils/ssh/ssh.go:176: Host: 192.168.48.17:22 Command: /bin/bash -c 'echo "/dev/mapper/vg_6c7ff8b53124baa86b5b789cd93274e1-brick_37430c3a281a2a0c0f2045d56923ba82 /var/lib/heketi/mounts/vg_6c7ff8b53124baa86b5b789cd93274e1/brick_37430c3a281a2a0c0f2045d56923ba82 xfs rw,inode64,noatime,nouuid 1 2" | tee -a /etc/fstab > /dev/null '
Result: 
[sshexec] DEBUG 2017/04/27 03:14:45 /src/github.com/heketi/heketi/pkg/utils/ssh/ssh.go:176: Host: 192.168.48.14:22 Command: /bin/bash -c 'mkfs.xfs -i size=512 -n size=8192 /dev/mapper/vg_d72d3bd802d4e511a80ce2f16181289d-brick_bb0d10a7dde2e4481dec4a40a5f97cb6'
Result: meta-data=/dev/mapper/vg_d72d3bd802d4e511a80ce2f16181289d-brick_bb0d10a7dde2e4481dec4a40a5f97cb6 isize=512    agcount=8, agsize=32704 blks
         =                       sectsz=512   attr=2, projid32bit=1
         =                       crc=1        finobt=1, sparse=0
data     =                       bsize=4096   blocks=261632, imaxpct=25
         =                       sunit=64     swidth=64 blks
naming   =version 2              bsize=8192   ascii-ci=0 ftype=1
log      =internal log           bsize=4096   blocks=1728, version=2
         =                       sectsz=512   sunit=64 blks, lazy-count=1
realtime =none                   extsz=4096   blocks=0, rtextents=0
[sshexec] DEBUG 2017/04/27 03:14:45 /src/github.com/heketi/heketi/pkg/utils/ssh/ssh.go:176: Host: 192.168.48.14:22 Command: /bin/bash -c 'echo "/dev/mapper/vg_d72d3bd802d4e511a80ce2f16181289d-brick_bb0d10a7dde2e4481dec4a40a5f97cb6 /var/lib/heketi/mounts/vg_d72d3bd802d4e511a80ce2f16181289d/brick_bb0d10a7dde2e4481dec4a40a5f97cb6 xfs rw,inode64,noatime,nouuid 1 2" | tee -a /etc/fstab > /dev/null '
Result: 
[sshexec] DEBUG 2017/04/27 03:14:45 /src/github.com/heketi/heketi/pkg/utils/ssh/ssh.go:176: Host: 192.168.48.17:22 Command: /bin/bash -c 'mount -o rw,inode64,noatime,nouuid /dev/mapper/vg_6c7ff8b53124baa86b5b789cd93274e1-brick_37430c3a281a2a0c0f2045d56923ba82 /var/lib/heketi/mounts/vg_6c7ff8b53124baa86b5b789cd93274e1/brick_37430c3a281a2a0c0f2045d56923ba82'
Result: 
[sshexec] DEBUG 2017/04/27 03:14:45 /src/github.com/heketi/heketi/pkg/utils/ssh/ssh.go:176: Host: 192.168.48.17:22 Command: /bin/bash -c 'mkdir /var/lib/heketi/mounts/vg_6c7ff8b53124baa86b5b789cd93274e1/brick_37430c3a281a2a0c0f2045d56923ba82/brick'
Result: 
[sshexec] DEBUG 2017/04/27 03:14:45 /src/github.com/heketi/heketi/pkg/utils/ssh/ssh.go:176: Host: 192.168.48.17:22 Command: /bin/bash -c 'chown :2000 /var/lib/heketi/mounts/vg_6c7ff8b53124baa86b5b789cd93274e1/brick_37430c3a281a2a0c0f2045d56923ba82/brick'
Result: 
[sshexec] DEBUG 2017/04/27 03:14:45 /src/github.com/heketi/heketi/pkg/utils/ssh/ssh.go:176: Host: 192.168.48.17:22 Command: /bin/bash -c 'chmod 2775 /var/lib/heketi/mounts/vg_6c7ff8b53124baa86b5b789cd93274e1/brick_37430c3a281a2a0c0f2045d56923ba82/brick'
Result: 
[sshexec] DEBUG 2017/04/27 03:14:45 /src/github.com/heketi/heketi/pkg/utils/ssh/ssh.go:176: Host: 192.168.48.14:22 Command: /bin/bash -c 'mount -o rw,inode64,noatime,nouuid /dev/mapper/vg_d72d3bd802d4e511a80ce2f16181289d-brick_bb0d10a7dde2e4481dec4a40a5f97cb6 /var/lib/heketi/mounts/vg_d72d3bd802d4e511a80ce2f16181289d/brick_bb0d10a7dde2e4481dec4a40a5f97cb6'
Result: 
[sshexec] DEBUG 2017/04/27 03:14:45 /src/github.com/heketi/heketi/pkg/utils/ssh/ssh.go:176: Host: 192.168.48.14:22 Command: /bin/bash -c 'mkdir /var/lib/heketi/mounts/vg_d72d3bd802d4e511a80ce2f16181289d/brick_bb0d10a7dde2e4481dec4a40a5f97cb6/brick'
Result: 
[sshexec] DEBUG 2017/04/27 03:14:45 /src/github.com/heketi/heketi/pkg/utils/ssh/ssh.go:176: Host: 192.168.48.14:22 Command: /bin/bash -c 'chown :2000 /var/lib/heketi/mounts/vg_d72d3bd802d4e511a80ce2f16181289d/brick_bb0d10a7dde2e4481dec4a40a5f97cb6/brick'
Result: 
[sshexec] DEBUG 2017/04/27 03:14:45 /src/github.com/heketi/heketi/pkg/utils/ssh/ssh.go:176: Host: 192.168.48.14:22 Command: /bin/bash -c 'chmod 2775 /var/lib/heketi/mounts/vg_d72d3bd802d4e511a80ce2f16181289d/brick_bb0d10a7dde2e4481dec4a40a5f97cb6/brick'
Result: 
[negroni] Started GET /queue/465ed88e939b8103312310a4bbad6ef8
[negroni] Completed 200 OK in 81.29µs
[negroni] Started GET /queue/465ed88e939b8103312310a4bbad6ef8
[negroni] Completed 200 OK in 73.286µs
[negroni] Started GET /queue/465ed88e939b8103312310a4bbad6ef8
[negroni] Completed 200 OK in 79.449µs
[negroni] Started GET /queue/465ed88e939b8103312310a4bbad6ef8
[negroni] Completed 200 OK in 115.464µs
[negroni] Started GET /queue/465ed88e939b8103312310a4bbad6ef8
[negroni] Completed 200 OK in 125.311µs
[negroni] Started GET /clusters/8397fe52e42cb7fe643e8022d4305962
[negroni] Completed 200 OK in 6.796627ms
[negroni] Started GET /nodes/0fa73aa23d555c9ed7706e14ad37fa3c
[negroni] Completed 200 OK in 15.433907ms
[negroni] Started DELETE /bricks/37430c3a281a2a0c0f2045d56923ba82
[heketi] WARNING 2017/04/27 03:14:50 Invalid path or request /bricks/37430c3a281a2a0c0f2045d56923ba82
[negroni] Completed 404 Not Found in 101.869µs
[heketi] ERROR 2017/04/27 03:14:50 /src/github.com/heketi/heketi/apps/glusterfs/app_device.go:222: Unable to delete device [6c7ff8b53124baa86b5b789cd93274e1] because it contains bricks
[negroni] Started DELETE /devices/6c7ff8b53124baa86b5b789cd93274e1
[negroni] Completed 409 Conflict in 616.916µs
[heketi] ERROR 2017/04/27 03:14:50 /src/github.com/heketi/heketi/apps/glusterfs/app_node.go:224: Unable to delete node [0fa73aa23d555c9ed7706e14ad37fa3c] because it contains devices
[negroni] Started DELETE /nodes/0fa73aa23d555c9ed7706e14ad37fa3c
[negroni] Completed 409 Conflict in 511.968µs
[negroni] Started GET /nodes/3b406b3fd0c2e0585bbbe1ee8cf8a251
[negroni] Completed 200 OK in 6.641686ms
[negroni] Started DELETE /bricks/bb0d10a7dde2e4481dec4a40a5f97cb6
[heketi] WARNING 2017/04/27 03:14:50 Invalid path or request /bricks/bb0d10a7dde2e4481dec4a40a5f97cb6
[negroni] Completed 404 Not Found in 69.374µs
[negroni] Started DELETE /devices/d72d3bd802d4e511a80ce2f16181289d
[negroni] Completed 409 Conflict in 416.764µs
[heketi] ERROR 2017/04/27 03:14:50 /src/github.com/heketi/heketi/apps/glusterfs/app_device.go:222: Unable to delete device [d72d3bd802d4e511a80ce2f16181289d] because it contains bricks
[negroni] Started DELETE /nodes/3b406b3fd0c2e0585bbbe1ee8cf8a251
[negroni] Completed 409 Conflict in 625.28µs
[heketi] ERROR 2017/04/27 03:14:50 /src/github.com/heketi/heketi/apps/glusterfs/app_node.go:224: Unable to delete node [3b406b3fd0c2e0585bbbe1ee8cf8a251] because it contains devices
[negroni] Started GET /nodes/5161da96f3da6587c26cf01c6cf2b8fb
[negroni] Completed 200 OK in 3.736044ms
[negroni] Started DELETE /bricks/476f662298d7ab8f10a232a17f838ac1
[heketi] WARNING 2017/04/27 03:14:50 Invalid path or request /bricks/476f662298d7ab8f10a232a17f838ac1
[negroni] Completed 404 Not Found in 52.284µs
[negroni] Started DELETE /devices/403cca7edce115dc1c641acc2f5f11fb
[heketi] ERROR 2017/04/27 03:14:50 /src/github.com/heketi/heketi/apps/glusterfs/app_device.go:222: Unable to delete device [403cca7edce115dc1c641acc2f5f11fb] because it contains bricks
[negroni] Completed 409 Conflict in 860.341µs
[negroni] Started DELETE /nodes/5161da96f3da6587c26cf01c6cf2b8fb
[negroni] Completed 409 Conflict in 445.31µs
[heketi] ERROR 2017/04/27 03:14:50 /src/github.com/heketi/heketi/apps/glusterfs/app_node.go:224: Unable to delete node [5161da96f3da6587c26cf01c6cf2b8fb] because it contains devices
[negroni] Started DELETE /clusters/8397fe52e42cb7fe643e8022d4305962
[heketi] WARNING 2017/04/27 03:14:50 Unable to delete cluster [8397fe52e42cb7fe643e8022d4305962] because it contains volumes and/or nodes
[negroni] Completed 409 Conflict in 8.259406ms
[negroni] Started GET /queue/465ed88e939b8103312310a4bbad6ef8
[negroni] Completed 200 OK in 57.578µs
[negroni] Started GET /queue/465ed88e939b8103312310a4bbad6ef8
[negroni] Completed 200 OK in 166.099µs
[negroni] Started GET /queue/465ed88e939b8103312310a4bbad6ef8
[negroni] Completed 200 OK in 115.225µs
[negroni] Started GET /queue/465ed88e939b8103312310a4bbad6ef8
[negroni] Completed 200 OK in 143.441µs
[negroni] Started GET /queue/465ed88e939b8103312310a4bbad6ef8
[negroni] Completed 200 OK in 87.204µs
[negroni] Started GET /queue/465ed88e939b8103312310a4bbad6ef8
[negroni] Completed 200 OK in 53.755µs
[negroni] Started GET /queue/465ed88e939b8103312310a4bbad6ef8
[negroni] Completed 200 OK in 87.983µs
[negroni] Started GET /queue/465ed88e939b8103312310a4bbad6ef8
[negroni] Completed 200 OK in 94.072µs
[negroni] Started GET /queue/465ed88e939b8103312310a4bbad6ef8
[negroni] Completed 200 OK in 102.132µs
[negroni] Started GET /queue/465ed88e939b8103312310a4bbad6ef8
[negroni] Completed 200 OK in 121.249µs
[negroni] Started GET /queue/465ed88e939b8103312310a4bbad6ef8
[negroni] Completed 200 OK in 113.658µs
[negroni] Started GET /queue/465ed88e939b8103312310a4bbad6ef8
[negroni] Completed 200 OK in 147.506µs
[negroni] Started GET /queue/465ed88e939b8103312310a4bbad6ef8
[negroni] Completed 200 OK in 96.575µs
[negroni] Started GET /queue/465ed88e939b8103312310a4bbad6ef8
[negroni] Completed 200 OK in 79.297µs
[negroni] Started GET /queue/465ed88e939b8103312310a4bbad6ef8
[negroni] Completed 200 OK in 102.521µs
[negroni] Started GET /queue/465ed88e939b8103312310a4bbad6ef8
[negroni] Completed 200 OK in 157.578µs
[negroni] Started GET /queue/465ed88e939b8103312310a4bbad6ef8
[negroni] Completed 200 OK in 65.095µs
[negroni] Started GET /queue/465ed88e939b8103312310a4bbad6ef8
[negroni] Completed 200 OK in 119.749µs
[negroni] Started GET /devices/476f662298d7ab8f10a232a17f838ac1
[negroni] Completed 404 Not Found in 683.78µs
[negroni] Started GET /queue/465ed88e939b8103312310a4bbad6ef8
[negroni] Completed 200 OK in 926.031µs
[negroni] Started GET /queue/465ed88e939b8103312310a4bbad6ef8
[negroni] Completed 200 OK in 96.615µs
[negroni] Started GET /queue/465ed88e939b8103312310a4bbad6ef8
[negroni] Completed 200 OK in 74.832µs
[negroni] Started GET /queue/465ed88e939b8103312310a4bbad6ef8
[negroni] Completed 200 OK in 95.697µs
[negroni] Started GET /queue/465ed88e939b8103312310a4bbad6ef8
[negroni] Completed 200 OK in 114.664µs
[negroni] Started GET /queue/465ed88e939b8103312310a4bbad6ef8
[negroni] Completed 200 OK in 336.822µs
[negroni] Started GET /bricks/476f662298d7ab8f10a232a17f838ac1
[heketi] WARNING 2017/04/27 03:15:14 Invalid path or request /bricks/476f662298d7ab8f10a232a17f838ac1
[negroni] Completed 404 Not Found in 233.596µs
[negroni] Started GET /queue/465ed88e939b8103312310a4bbad6ef8
[negroni] Completed 200 OK in 106.531µs
[negroni] Started GET /queue/465ed88e939b8103312310a4bbad6ef8
[negroni] Completed 200 OK in 82.064µs
[negroni] Started GET /queue/465ed88e939b8103312310a4bbad6ef8
[negroni] Completed 200 OK in 65.838µs
[negroni] Started GET /queue/465ed88e939b8103312310a4bbad6ef8
[negroni] Completed 200 OK in 345.204µs
[negroni] Started GET /queue/465ed88e939b8103312310a4bbad6ef8
[negroni] Completed 200 OK in 135.954µs
[negroni] Started GET /queue/465ed88e939b8103312310a4bbad6ef8
[negroni] Completed 200 OK in 175.334µs
[negroni] Started GET /queue/465ed88e939b8103312310a4bbad6ef8
[negroni] Completed 200 OK in 145.109µs
[negroni] Started GET /queue/465ed88e939b8103312310a4bbad6ef8
[negroni] Completed 200 OK in 91.96µs
[negroni] Started GET /queue/465ed88e939b8103312310a4bbad6ef8
[negroni] Completed 200 OK in 104.522µs
[negroni] Started GET /queue/465ed88e939b8103312310a4bbad6ef8
[negroni] Completed 200 OK in 98.368µs
[negroni] Started GET /queue/465ed88e939b8103312310a4bbad6ef8
[negroni] Completed 200 OK in 120.34µs
[negroni] Started GET /queue/465ed88e939b8103312310a4bbad6ef8
[negroni] Completed 200 OK in 121.558µs
[negroni] Started GET /queue/465ed88e939b8103312310a4bbad6ef8
[negroni] Completed 200 OK in 101.273µs
[negroni] Started GET /queue/465ed88e939b8103312310a4bbad6ef8
[negroni] Completed 200 OK in 268.485µs
[negroni] Started GET /queue/465ed88e939b8103312310a4bbad6ef8
[negroni] Completed 200 OK in 217.632µs
[negroni] Started GET /queue/465ed88e939b8103312310a4bbad6ef8
[negroni] Completed 200 OK in 80.985µs
[negroni] Started GET /queue/465ed88e939b8103312310a4bbad6ef8
[negroni] Completed 200 OK in 65.8µs
[negroni] Started GET /queue/465ed88e939b8103312310a4bbad6ef8
[negroni] Completed 200 OK in 66.997µs
[negroni] Started GET /queue/465ed88e939b8103312310a4bbad6ef8
[negroni] Completed 200 OK in 121.263µs
[negroni] Started GET /queue/465ed88e939b8103312310a4bbad6ef8
[negroni] Completed 200 OK in 106.693µs
[negroni] Started GET /queue/465ed88e939b8103312310a4bbad6ef8
[negroni] Completed 200 OK in 54.096µs
[negroni] Started GET /queue/465ed88e939b8103312310a4bbad6ef8
[negroni] Completed 200 OK in 91.096µs
[negroni] Started GET /queue/465ed88e939b8103312310a4bbad6ef8
[negroni] Completed 200 OK in 215.631µs
[negroni] Started GET /queue/465ed88e939b8103312310a4bbad6ef8
[negroni] Completed 200 OK in 124.077µs
[negroni] Started GET /queue/465ed88e939b8103312310a4bbad6ef8
[negroni] Completed 200 OK in 173.462µs
[negroni] Started GET /queue/465ed88e939b8103312310a4bbad6ef8
[negroni] Completed 200 OK in 114.154µs
[negroni] Started GET /queue/465ed88e939b8103312310a4bbad6ef8
[negroni] Completed 200 OK in 55.362µs
[negroni] Started GET /queue/465ed88e939b8103312310a4bbad6ef8
[negroni] Completed 200 OK in 167.761µs
[negroni] Started GET /queue/465ed88e939b8103312310a4bbad6ef8
[negroni] Completed 200 OK in 79.266µs
[negroni] Started GET /queue/465ed88e939b8103312310a4bbad6ef8
[negroni] Completed 200 OK in 284.297µs
[negroni] Started GET /queue/465ed88e939b8103312310a4bbad6ef8
[negroni] Completed 200 OK in 81.143µs
[negroni] Started GET /queue/465ed88e939b8103312310a4bbad6ef8
[negroni] Completed 200 OK in 74.944µs
[negroni] Started GET /queue/465ed88e939b8103312310a4bbad6ef8
[negroni] Completed 200 OK in 61.114µs
[negroni] Started GET /volumes/0f2ab13d5d3612351bfe385096b25e76
[negroni] Completed 404 Not Found in 19.416411ms
[negroni] Started GET /queue/465ed88e939b8103312310a4bbad6ef8
[negroni] Completed 200 OK in 230.626µs
[negroni] Started GET /queue/465ed88e939b8103312310a4bbad6ef8
[negroni] Completed 200 OK in 73.663µs
[negroni] Started GET /queue/465ed88e939b8103312310a4bbad6ef8
[negroni] Completed 200 OK in 92.028µs
[negroni] Started GET /queue/465ed88e939b8103312310a4bbad6ef8
[negroni] Completed 200 OK in 66.107µs
[negroni] Started GET /queue/465ed88e939b8103312310a4bbad6ef8
[negroni] Completed 200 OK in 65.777µs
[negroni] Started GET /queue/465ed88e939b8103312310a4bbad6ef8
[negroni] Completed 200 OK in 70.029µs
[negroni] Started GET /queue/465ed88e939b8103312310a4bbad6ef8
[negroni] Completed 200 OK in 71.255µs
[negroni] Started GET /queue/465ed88e939b8103312310a4bbad6ef8
[negroni] Completed 200 OK in 64.22µs
[negroni] Started GET /queue/465ed88e939b8103312310a4bbad6ef8
[negroni] Completed 200 OK in 211.342µs
[negroni] Started GET /queue/465ed88e939b8103312310a4bbad6ef8
[negroni] Completed 200 OK in 453.782µs
[negroni] Started GET /queue/465ed88e939b8103312310a4bbad6ef8
[negroni] Completed 200 OK in 112.24µs
[negroni] Started GET /queue/465ed88e939b8103312310a4bbad6ef8
[negroni] Completed 200 OK in 77.272µs
[negroni] Started GET /queue/465ed88e939b8103312310a4bbad6ef8
[negroni] Completed 200 OK in 61.125µs
[negroni] Started GET /queue/465ed88e939b8103312310a4bbad6ef8
[negroni] Completed 200 OK in 142.923µs
[negroni] Started GET /queue/465ed88e939b8103312310a4bbad6ef8
[negroni] Completed 200 OK in 99.006µs
[negroni] Started GET /queue/465ed88e939b8103312310a4bbad6ef8
[negroni] Completed 200 OK in 84.938µs
[negroni] Started GET /queue/465ed88e939b8103312310a4bbad6ef8
[negroni] Completed 200 OK in 156.654µs
[negroni] Started GET /queue/465ed88e939b8103312310a4bbad6ef8
[negroni] Completed 200 OK in 207.546µs
[negroni] Started GET /queue/465ed88e939b8103312310a4bbad6ef8
[negroni] Completed 200 OK in 117.073µs
[negroni] Started GET /queue/465ed88e939b8103312310a4bbad6ef8
[negroni] Completed 200 OK in 67.542µs
[negroni] Started GET /queue/465ed88e939b8103312310a4bbad6ef8
[negroni] Completed 200 OK in 76.809µs
[negroni] Started GET /queue/465ed88e939b8103312310a4bbad6ef8
[negroni] Completed 200 OK in 112.1µs
[negroni] Started GET /queue/465ed88e939b8103312310a4bbad6ef8
[negroni] Completed 200 OK in 70.66µs
[negroni] Started GET /devices/403cca7edce115dc1c641acc2f5f11fb
[negroni] Completed 200 OK in 1.868564ms
[negroni] Started GET /queue/465ed88e939b8103312310a4bbad6ef8
[negroni] Completed 200 OK in 155.427µs
[negroni] Started GET /queue/465ed88e939b8103312310a4bbad6ef8
[negroni] Completed 200 OK in 104.735µs
[negroni] Started GET /queue/465ed88e939b8103312310a4bbad6ef8
[negroni] Completed 200 OK in 94.291µs
[negroni] Started GET /queue/465ed88e939b8103312310a4bbad6ef8
[negroni] Completed 200 OK in 208.495µs
[negroni] Started GET /queue/465ed88e939b8103312310a4bbad6ef8
[negroni] Completed 200 OK in 414.895µs
[negroni] Started GET /queue/465ed88e939b8103312310a4bbad6ef8
[negroni] Completed 200 OK in 114.818µs
[negroni] Started GET /queue/465ed88e939b8103312310a4bbad6ef8
[negroni] Completed 200 OK in 59.384µs
[negroni] Started GET /queue/465ed88e939b8103312310a4bbad6ef8
[negroni] Completed 200 OK in 83.84µs
[negroni] Started GET /queue/465ed88e939b8103312310a4bbad6ef8
[negroni] Completed 200 OK in 77.142µs
[negroni] Started GET /queue/465ed88e939b8103312310a4bbad6ef8
[negroni] Completed 200 OK in 76.769µs
[negroni] Started GET /queue/465ed88e939b8103312310a4bbad6ef8
[negroni] Completed 200 OK in 70.78µs
[negroni] Started GET /queue/465ed88e939b8103312310a4bbad6ef8
[negroni] Completed 200 OK in 147.58µs
[negroni] Started GET /queue/465ed88e939b8103312310a4bbad6ef8
[negroni] Completed 200 OK in 315.25µs
[negroni] Started GET /queue/465ed88e939b8103312310a4bbad6ef8
[negroni] Completed 200 OK in 73.567µs
[negroni] Started GET /queue/465ed88e939b8103312310a4bbad6ef8
[negroni] Completed 200 OK in 114.76µs
[negroni] Started GET /bricks/476f662298d7ab8f10a232a17f838ac1
[heketi] WARNING 2017/04/27 03:16:26 Invalid path or request /bricks/476f662298d7ab8f10a232a17f838ac1
[negroni] Completed 404 Not Found in 305.417µs
[negroni] Started GET /queue/465ed88e939b8103312310a4bbad6ef8
[negroni] Completed 200 OK in 83.952µs
[negroni] Started GET /queue/465ed88e939b8103312310a4bbad6ef8
[negroni] Completed 200 OK in 87.727µs
[negroni] Started GET /queue/465ed88e939b8103312310a4bbad6ef8
[negroni] Completed 200 OK in 90.133µs
[negroni] Started GET /queue/465ed88e939b8103312310a4bbad6ef8
[negroni] Completed 200 OK in 71.033µs
[negroni] Started GET /queue/465ed88e939b8103312310a4bbad6ef8
[negroni] Completed 200 OK in 99.679µs
[negroni] Started GET /queue/465ed88e939b8103312310a4bbad6ef8
[negroni] Completed 200 OK in 193.809µs
[negroni] Started GET /queue/465ed88e939b8103312310a4bbad6ef8
[negroni] Completed 200 OK in 95.127µs
[negroni] Started GET /queue/465ed88e939b8103312310a4bbad6ef8
[negroni] Completed 200 OK in 91.469µs
[negroni] Started GET /queue/465ed88e939b8103312310a4bbad6ef8
[negroni] Completed 200 OK in 73.101µs
[negroni] Started GET /queue/465ed88e939b8103312310a4bbad6ef8
[negroni] Completed 200 OK in 117.382µs
[negroni] Started GET /queue/465ed88e939b8103312310a4bbad6ef8
[negroni] Completed 200 OK in 83.077µs
[negroni] Started GET /volume/476f662298d7ab8f10a232a17f838ac1
[heketi] WARNING 2017/04/27 03:16:37 Invalid path or request /volume/476f662298d7ab8f10a232a17f838ac1
[negroni] Completed 404 Not Found in 415.039µs
[negroni] Started GET /queue/465ed88e939b8103312310a4bbad6ef8
[negroni] Completed 200 OK in 114.387µs
[negroni] Started GET /queue/465ed88e939b8103312310a4bbad6ef8
[negroni] Completed 200 OK in 67.921µs
[negroni] Started GET /queue/465ed88e939b8103312310a4bbad6ef8
[negroni] Completed 200 OK in 115.987µs
[negroni] Started GET /volumes/
[negroni] Completed 301 Moved Permanently in 204.377µs
[negroni] Started GET /queue/465ed88e939b8103312310a4bbad6ef8
[negroni] Completed 200 OK in 106.86µs
[negroni] Started GET /queue/465ed88e939b8103312310a4bbad6ef8
[negroni] Completed 200 OK in 108.128µs
[negroni] Started GET /volumes
[negroni] Completed 200 OK in 30.518305ms
[negroni] Started GET /queue/465ed88e939b8103312310a4bbad6ef8
[negroni] Completed 200 OK in 60.418µs
[negroni] Started GET /queue/465ed88e939b8103312310a4bbad6ef8
[negroni] Completed 200 OK in 76.905µs
[negroni] Started GET /queue/465ed88e939b8103312310a4bbad6ef8
[negroni] Completed 200 OK in 55.689µs
[negroni] Started GET /queue/465ed88e939b8103312310a4bbad6ef8
[negroni] Completed 200 OK in 65.331µs
[negroni] Started GET /queue/465ed88e939b8103312310a4bbad6ef8
[negroni] Completed 200 OK in 122.581µs
[negroni] Started GET /volumes/0f2ab13d5d3612351bfe385096b25e76
[negroni] Completed 404 Not Found in 895.183µs
[negroni] Started GET /queue/465ed88e939b8103312310a4bbad6ef8
[negroni] Completed 200 OK in 68.615µs
[negroni] Started GET /queue/465ed88e939b8103312310a4bbad6ef8
[negroni] Completed 200 OK in 114.262µs
[negroni] Started GET /queue/465ed88e939b8103312310a4bbad6ef8
[negroni] Completed 200 OK in 73.782µs
[negroni] Started GET /queue/465ed88e939b8103312310a4bbad6ef8
[negroni] Completed 200 OK in 163.45µs
[sshexec] WARNING 2017/04/27 03:16:51 Failed to create SSH connection to 192.168.48.12:22: dial tcp 192.168.48.12:22: getsockopt: connection timed out
[negroni] Started GET /queue/465ed88e939b8103312310a4bbad6ef8
[negroni] Completed 200 OK in 139.787µs
[negroni] Started GET /queue/465ed88e939b8103312310a4bbad6ef8
[negroni] Completed 200 OK in 366.07µs
[negroni] Started GET /queue/465ed88e939b8103312310a4bbad6ef8
[negroni] Completed 200 OK in 94.44µs
[negroni] Started GET /queue/465ed88e939b8103312310a4bbad6ef8
[negroni] Completed 200 OK in 99.891µs
[negroni] Started GET /queue/465ed88e939b8103312310a4bbad6ef8
[negroni] Completed 200 OK in 278.168µs
[negroni] Started GET /queue/465ed88e939b8103312310a4bbad6ef8
[negroni] Completed 200 OK in 143.42µs
[negroni] Started GET /queue/465ed88e939b8103312310a4bbad6ef8
[negroni] Completed 200 OK in 61.475µs
[negroni] Started GET /queue/465ed88e939b8103312310a4bbad6ef8
[negroni] Completed 200 OK in 327.507µs
[negroni] Started GET /queue/465ed88e939b8103312310a4bbad6ef8
[negroni] Completed 200 OK in 115.757µs
[negroni] Started GET /queue/465ed88e939b8103312310a4bbad6ef8
[negroni] Completed 200 OK in 106.056µs
[negroni] Started GET /queue/465ed88e939b8103312310a4bbad6ef8
[negroni] Completed 200 OK in 162.849µs
[negroni] Started GET /queue/465ed88e939b8103312310a4bbad6ef8
[negroni] Completed 200 OK in 243.001µs
[negroni] Started GET /queue/465ed88e939b8103312310a4bbad6ef8
[negroni] Completed 200 OK in 103.167µs
[negroni] Started GET /queue/465ed88e939b8103312310a4bbad6ef8
[negroni] Completed 200 OK in 55.549µs
[negroni] Started GET /queue/465ed88e939b8103312310a4bbad6ef8
[negroni] Completed 200 OK in 76.175µs
[negroni] Started GET /queue/465ed88e939b8103312310a4bbad6ef8
[negroni] Completed 200 OK in 111.246µs
[negroni] Started GET /queue/465ed88e939b8103312310a4bbad6ef8
[negroni] Completed 200 OK in 104.243µs
[negroni] Started GET /queue/465ed88e939b8103312310a4bbad6ef8
[negroni] Completed 200 OK in 89.319µs
[negroni] Started GET /queue/465ed88e939b8103312310a4bbad6ef8
[negroni] Completed 200 OK in 77.393µs
[negroni] Started GET /queue/465ed88e939b8103312310a4bbad6ef8
[negroni] Completed 200 OK in 90.974µs
[negroni] Started GET /queue/465ed88e939b8103312310a4bbad6ef8
[negroni] Completed 200 OK in 105.011µs
[negroni] Started GET /queue/465ed88e939b8103312310a4bbad6ef8
[negroni] Completed 200 OK in 88.682µs
[negroni] Started GET /queue/465ed88e939b8103312310a4bbad6ef8
[negroni] Completed 200 OK in 86.938µs
[negroni] Started GET /queue/465ed88e939b8103312310a4bbad6ef8
[negroni] Completed 200 OK in 81.727µs
[negroni] Started GET /queue/465ed88e939b8103312310a4bbad6ef8
[negroni] Completed 200 OK in 189.135µs
[negroni] Started GET /queue/465ed88e939b8103312310a4bbad6ef8
[negroni] Completed 200 OK in 138.39µs
[negroni] Started GET /queue/465ed88e939b8103312310a4bbad6ef8
[negroni] Completed 200 OK in 81.081µs
[negroni] Started GET /queue/465ed88e939b8103312310a4bbad6ef8
[negroni] Completed 200 OK in 84.011µs
[negroni] Started GET /queue/465ed88e939b8103312310a4bbad6ef8
[negroni] Completed 200 OK in 55.872µs
[negroni] Started GET /queue/465ed88e939b8103312310a4bbad6ef8
[negroni] Completed 200 OK in 65.118µs
[negroni] Started GET /queue/465ed88e939b8103312310a4bbad6ef8
[negroni] Completed 200 OK in 156.611µs
[negroni] Started GET /queue/465ed88e939b8103312310a4bbad6ef8
[negroni] Completed 200 OK in 144.127µs
[negroni] Started GET /queue/465ed88e939b8103312310a4bbad6ef8
[negroni] Completed 200 OK in 83.185µs
[negroni] Started GET /queue/465ed88e939b8103312310a4bbad6ef8
[negroni] Completed 200 OK in 91.346µs
[negroni] Started GET /queue/465ed88e939b8103312310a4bbad6ef8
[negroni] Completed 200 OK in 79.195µs
[negroni] Started GET /queue/465ed88e939b8103312310a4bbad6ef8
[negroni] Completed 200 OK in 224.243µs
[negroni] Started GET /queue/465ed88e939b8103312310a4bbad6ef8
[negroni] Completed 200 OK in 168.276µs
[negroni] Started GET /queue/465ed88e939b8103312310a4bbad6ef8
[negroni] Completed 200 OK in 103.393µs
[negroni] Started GET /queue/465ed88e939b8103312310a4bbad6ef8
[negroni] Completed 200 OK in 93.724µs
[negroni] Started GET /queue/465ed88e939b8103312310a4bbad6ef8
[negroni] Completed 200 OK in 70.265µs
[negroni] Started GET /queue/465ed88e939b8103312310a4bbad6ef8
[negroni] Completed 200 OK in 115.82µs
[negroni] Started GET /queue/465ed88e939b8103312310a4bbad6ef8
[negroni] Completed 200 OK in 74.816µs
[negroni] Started GET /queue/465ed88e939b8103312310a4bbad6ef8
[negroni] Completed 200 OK in 112.253µs
[negroni] Started GET /queue/465ed88e939b8103312310a4bbad6ef8
[negroni] Completed 200 OK in 107.294µs
[negroni] Started GET /queue/465ed88e939b8103312310a4bbad6ef8
[negroni] Completed 200 OK in 84.314µs
[negroni] Started GET /queue/465ed88e939b8103312310a4bbad6ef8
[negroni] Completed 200 OK in 123.312µs
[negroni] Started GET /queue/465ed88e939b8103312310a4bbad6ef8
[negroni] Completed 200 OK in 67.47µs
[negroni] Started GET /queue/465ed88e939b8103312310a4bbad6ef8
[negroni] Completed 200 OK in 108.37µs
[negroni] Started GET /queue/465ed88e939b8103312310a4bbad6ef8
[negroni] Completed 200 OK in 75.422µs
[negroni] Started GET /queue/465ed88e939b8103312310a4bbad6ef8
[negroni] Completed 200 OK in 96.916µs
[negroni] Started GET /queue/465ed88e939b8103312310a4bbad6ef8
[negroni] Completed 200 OK in 100.131µs
[negroni] Started GET /queue/465ed88e939b8103312310a4bbad6ef8
[negroni] Completed 200 OK in 66.034µs
[negroni] Started GET /queue/465ed88e939b8103312310a4bbad6ef8
[negroni] Completed 200 OK in 94.493µs
[negroni] Started GET /queue/465ed88e939b8103312310a4bbad6ef8
[negroni] Completed 200 OK in 236.811µs
[negroni] Started GET /queue/465ed88e939b8103312310a4bbad6ef8
[negroni] Completed 200 OK in 184.775µs
[negroni] Started GET /queue/465ed88e939b8103312310a4bbad6ef8
[negroni] Completed 200 OK in 133.416µs
[negroni] Started GET /queue/465ed88e939b8103312310a4bbad6ef8
[negroni] Completed 200 OK in 76.813µs
[negroni] Started GET /queue/465ed88e939b8103312310a4bbad6ef8
[negroni] Completed 200 OK in 53.899µs
[negroni] Started GET /queue/465ed88e939b8103312310a4bbad6ef8
[negroni] Completed 200 OK in 77.469µs
[negroni] Started GET /queue/465ed88e939b8103312310a4bbad6ef8
[negroni] Completed 200 OK in 55.879µs
[negroni] Started GET /queue/465ed88e939b8103312310a4bbad6ef8
[negroni] Completed 200 OK in 81.485µs
[negroni] Started GET /queue/465ed88e939b8103312310a4bbad6ef8
[negroni] Completed 200 OK in 90.722µs
[negroni] Started GET /devices/403cca7edce115dc1c641acc2f5f11fb
[negroni] Completed 200 OK in 2.238801ms
[negroni] Started GET /queue/465ed88e939b8103312310a4bbad6ef8
[negroni] Completed 200 OK in 103.977µs
[negroni] Started GET /queue/465ed88e939b8103312310a4bbad6ef8
[negroni] Completed 200 OK in 102.485µs
[negroni] Started GET /queue/465ed88e939b8103312310a4bbad6ef8
[negroni] Completed 200 OK in 147.717µs
[negroni] Started GET /queue/465ed88e939b8103312310a4bbad6ef8
[negroni] Completed 200 OK in 174.585µs
[negroni] Started DELETE /devices/403cca7edce115dc1c641acc2f5f11fb
[negroni] Completed 409 Conflict in 6.102727ms
[heketi] ERROR 2017/04/27 03:17:57 /src/github.com/heketi/heketi/apps/glusterfs/app_device.go:222: Unable to delete device [403cca7edce115dc1c641acc2f5f11fb] because it contains bricks
[negroni] Started GET /queue/465ed88e939b8103312310a4bbad6ef8
[negroni] Completed 200 OK in 72.584µs
[negroni] Started GET /queue/465ed88e939b8103312310a4bbad6ef8
[negroni] Completed 200 OK in 106.177µs
[negroni] Started GET /queue/465ed88e939b8103312310a4bbad6ef8
[negroni] Completed 200 OK in 110.073µs
[negroni] Started GET /queue/465ed88e939b8103312310a4bbad6ef8
[negroni] Completed 200 OK in 178.041µs
[negroni] Started GET /queue/465ed88e939b8103312310a4bbad6ef8
[negroni] Completed 200 OK in 93.903µs
[negroni] Started GET /queue/465ed88e939b8103312310a4bbad6ef8
[negroni] Completed 200 OK in 51.613µs
[negroni] Started GET /queue/465ed88e939b8103312310a4bbad6ef8
[negroni] Completed 200 OK in 290.735µs
[negroni] Started GET /queue/465ed88e939b8103312310a4bbad6ef8
[negroni] Completed 200 OK in 78.818µs
[negroni] Started DELETE /bricks/476f662298d7ab8f10a232a17f838ac1
[heketi] WARNING 2017/04/27 03:18:05 Invalid path or request /bricks/476f662298d7ab8f10a232a17f838ac1
[negroni] Completed 404 Not Found in 200.515µs
[negroni] Started GET /queue/465ed88e939b8103312310a4bbad6ef8
[negroni] Completed 200 OK in 141.393µs
[negroni] Started GET /queue/465ed88e939b8103312310a4bbad6ef8
[negroni] Completed 200 OK in 82.742µs
[negroni] Started GET /queue/465ed88e939b8103312310a4bbad6ef8
[negroni] Completed 200 OK in 186.228µs
[negroni] Started GET /queue/465ed88e939b8103312310a4bbad6ef8
[negroni] Completed 200 OK in 96.335µs
[negroni] Started GET /queue/465ed88e939b8103312310a4bbad6ef8
[negroni] Completed 200 OK in 91.603µs
[negroni] Started GET /queue/465ed88e939b8103312310a4bbad6ef8
[negroni] Completed 200 OK in 525.638µs
[negroni] Started GET /queue/465ed88e939b8103312310a4bbad6ef8
[negroni] Completed 200 OK in 79.685µs
[negroni] Started GET /queue/465ed88e939b8103312310a4bbad6ef8
[negroni] Completed 200 OK in 78.164µs
[negroni] Started GET /queue/465ed88e939b8103312310a4bbad6ef8
[negroni] Completed 200 OK in 236.787µs
[negroni] Started GET /queue/465ed88e939b8103312310a4bbad6ef8
[negroni] Completed 200 OK in 80.274µs
[negroni] Started GET /queue/465ed88e939b8103312310a4bbad6ef8
[negroni] Completed 200 OK in 234.168µs
[negroni] Started GET /queue/465ed88e939b8103312310a4bbad6ef8
[negroni] Completed 200 OK in 87.304µs
[negroni] Started GET /queue/465ed88e939b8103312310a4bbad6ef8
[negroni] Completed 200 OK in 61.987µs
[negroni] Started GET /queue/465ed88e939b8103312310a4bbad6ef8
[negroni] Completed 200 OK in 194.113µs
[negroni] Started GET /queue/465ed88e939b8103312310a4bbad6ef8
[negroni] Completed 200 OK in 379.002µs
[negroni] Started GET /queue/465ed88e939b8103312310a4bbad6ef8
[negroni] Completed 200 OK in 95.594µs
[negroni] Started GET /queue/465ed88e939b8103312310a4bbad6ef8
[negroni] Completed 200 OK in 83.114µs
[negroni] Started GET /queue/465ed88e939b8103312310a4bbad6ef8
[negroni] Completed 200 OK in 102.629µs
[negroni] Started GET /queue/465ed88e939b8103312310a4bbad6ef8
[negroni] Completed 200 OK in 101.766µs
[negroni] Started GET /queue/465ed88e939b8103312310a4bbad6ef8
[negroni] Completed 200 OK in 78.6µs
[negroni] Started GET /queue/465ed88e939b8103312310a4bbad6ef8
[negroni] Completed 200 OK in 69.538µs
[negroni] Started GET /queue/465ed88e939b8103312310a4bbad6ef8
[negroni] Completed 200 OK in 158.668µs
[negroni] Started GET /queue/465ed88e939b8103312310a4bbad6ef8
[negroni] Completed 200 OK in 151.937µs
[negroni] Started DELETE /bricks/403cca7edce115dc1c641acc2f5f11fb
[heketi] WARNING 2017/04/27 03:18:28 Invalid path or request /bricks/403cca7edce115dc1c641acc2f5f11fb
[negroni] Completed 404 Not Found in 180.768µs
[negroni] Started GET /queue/465ed88e939b8103312310a4bbad6ef8
[negroni] Completed 200 OK in 102.84µs
[negroni] Started GET /queue/465ed88e939b8103312310a4bbad6ef8
[negroni] Completed 200 OK in 109.343µs
[negroni] Started GET /queue/465ed88e939b8103312310a4bbad6ef8
[negroni] Completed 200 OK in 96.509µs
[negroni] Started GET /queue/465ed88e939b8103312310a4bbad6ef8
[negroni] Completed 200 OK in 84.064µs
[negroni] Started GET /queue/465ed88e939b8103312310a4bbad6ef8
[negroni] Completed 200 OK in 141.658µs
[negroni] Started GET /queue/465ed88e939b8103312310a4bbad6ef8
[negroni] Completed 200 OK in 90.653µs
[negroni] Started GET /queue/465ed88e939b8103312310a4bbad6ef8
[negroni] Completed 200 OK in 115.176µs
[negroni] Started GET /queue/465ed88e939b8103312310a4bbad6ef8
[negroni] Completed 200 OK in 57.673µs
[negroni] Started GET /queue/465ed88e939b8103312310a4bbad6ef8
[negroni] Completed 200 OK in 84.179µs
[negroni] Started GET /queue/465ed88e939b8103312310a4bbad6ef8
[negroni] Completed 200 OK in 61.708µs
[negroni] Started GET /queue/465ed88e939b8103312310a4bbad6ef8
[negroni] Completed 200 OK in 102.844µs
[negroni] Started GET /queue/465ed88e939b8103312310a4bbad6ef8
[negroni] Completed 200 OK in 159.931µs
[negroni] Started GET /queue/465ed88e939b8103312310a4bbad6ef8
[negroni] Completed 200 OK in 55.01µs
[negroni] Started GET /queue/465ed88e939b8103312310a4bbad6ef8
[negroni] Completed 200 OK in 75.397µs
[negroni] Started GET /queue/465ed88e939b8103312310a4bbad6ef8
[negroni] Completed 200 OK in 86.097µs
[negroni] Started GET /queue/465ed88e939b8103312310a4bbad6ef8
[negroni] Completed 200 OK in 91.049µs
[negroni] Started GET /queue/465ed88e939b8103312310a4bbad6ef8
[negroni] Completed 200 OK in 180.049µs
[negroni] Started GET /queue/465ed88e939b8103312310a4bbad6ef8
[negroni] Completed 200 OK in 103.074µs
[negroni] Started GET /queue/465ed88e939b8103312310a4bbad6ef8
[negroni] Completed 200 OK in 104.511µs
[negroni] Started GET /queue/465ed88e939b8103312310a4bbad6ef8
[negroni] Completed 200 OK in 121.847µs
[negroni] Started GET /queue/465ed88e939b8103312310a4bbad6ef8
[negroni] Completed 200 OK in 163.334µs
[negroni] Started GET /queue/465ed88e939b8103312310a4bbad6ef8
[negroni] Completed 200 OK in 73.186µs
[negroni] Started GET /queue/465ed88e939b8103312310a4bbad6ef8
[negroni] Completed 200 OK in 141.976µs
[negroni] Started GET /queue/465ed88e939b8103312310a4bbad6ef8
[negroni] Completed 200 OK in 99.333µs
[negroni] Started GET /queue/465ed88e939b8103312310a4bbad6ef8
[negroni] Completed 200 OK in 112µs
[negroni] Started GET /queue/465ed88e939b8103312310a4bbad6ef8
[negroni] Completed 200 OK in 140.978µs
[negroni] Started GET /queue/465ed88e939b8103312310a4bbad6ef8
[negroni] Completed 200 OK in 130.155µs
[negroni] Started GET /queue/465ed88e939b8103312310a4bbad6ef8
[negroni] Completed 200 OK in 70.016µs
[negroni] Started GET /queue/465ed88e939b8103312310a4bbad6ef8
[negroni] Completed 200 OK in 152.97µs
[negroni] Started GET /queue/465ed88e939b8103312310a4bbad6ef8
[negroni] Completed 200 OK in 136.157µs
[sshexec] WARNING 2017/04/27 03:18:58 Failed to create SSH connection to 192.168.48.12:22: dial tcp 192.168.48.12:22: getsockopt: connection timed out
[sshexec] ERROR 2017/04/27 03:18:58 /src/github.com/heketi/heketi/executors/sshexec/brick.go:134: dial tcp 192.168.48.12:22: getsockopt: connection timed out
[negroni] Started GET /queue/465ed88e939b8103312310a4bbad6ef8
[negroni] Completed 200 OK in 79.809µs
[negroni] Started GET /queue/465ed88e939b8103312310a4bbad6ef8
[negroni] Completed 200 OK in 58.274µs
[negroni] Started GET /queue/465ed88e939b8103312310a4bbad6ef8
[negroni] Completed 200 OK in 98.015µs
[negroni] Started GET /queue/465ed88e939b8103312310a4bbad6ef8
[negroni] Completed 200 OK in 100.17µs
[negroni] Started GET /queue/465ed88e939b8103312310a4bbad6ef8
[negroni] Completed 200 OK in 90.034µs
[negroni] Started GET /queue/465ed88e939b8103312310a4bbad6ef8
[negroni] Completed 200 OK in 161.77µs
[negroni] Started GET /queue/465ed88e939b8103312310a4bbad6ef8
[negroni] Completed 200 OK in 102.391µs
[negroni] Started GET /queue/465ed88e939b8103312310a4bbad6ef8
[negroni] Completed 200 OK in 105.979µs
[negroni] Started GET /queue/465ed88e939b8103312310a4bbad6ef8
[negroni] Completed 200 OK in 82.266µs
[negroni] Started GET /queue/465ed88e939b8103312310a4bbad6ef8
[negroni] Completed 200 OK in 57.05µs
[negroni] Started GET /queue/465ed88e939b8103312310a4bbad6ef8
[negroni] Completed 200 OK in 82.747µs
[negroni] Started GET /queue/465ed88e939b8103312310a4bbad6ef8
[negroni] Completed 200 OK in 62.393µs
[negroni] Started GET /queue/465ed88e939b8103312310a4bbad6ef8
[negroni] Completed 200 OK in 68.349µs
[negroni] Started GET /queue/465ed88e939b8103312310a4bbad6ef8
[negroni] Completed 200 OK in 66.27µs
[negroni] Started GET /queue/465ed88e939b8103312310a4bbad6ef8
[negroni] Completed 200 OK in 89.357µs
[negroni] Started GET /queue/465ed88e939b8103312310a4bbad6ef8
[negroni] Completed 200 OK in 115.395µs
[negroni] Started GET /queue/465ed88e939b8103312310a4bbad6ef8
[negroni] Completed 200 OK in 57.251µs
[negroni] Started GET /queue/465ed88e939b8103312310a4bbad6ef8
[negroni] Completed 200 OK in 78.117µs
[negroni] Started GET /queue/465ed88e939b8103312310a4bbad6ef8
[negroni] Completed 200 OK in 281.916µs
[negroni] Started GET /queue/465ed88e939b8103312310a4bbad6ef8
[negroni] Completed 200 OK in 78.402µs
[negroni] Started GET /queue/465ed88e939b8103312310a4bbad6ef8
[negroni] Completed 200 OK in 144.745µs
[negroni] Started GET /queue/465ed88e939b8103312310a4bbad6ef8
[negroni] Completed 200 OK in 152.086µs
[negroni] Started GET /queue/465ed88e939b8103312310a4bbad6ef8
[negroni] Completed 200 OK in 164.964µs
[negroni] Started GET /queue/465ed88e939b8103312310a4bbad6ef8
[negroni] Completed 200 OK in 127.414µs
[negroni] Started GET /queue/465ed88e939b8103312310a4bbad6ef8
[negroni] Completed 200 OK in 52.654µs
[negroni] Started GET /queue/465ed88e939b8103312310a4bbad6ef8
[negroni] Completed 200 OK in 98.734µs
[negroni] Started GET /queue/465ed88e939b8103312310a4bbad6ef8
[negroni] Completed 200 OK in 87.29µs
[negroni] Started GET /queue/465ed88e939b8103312310a4bbad6ef8
[negroni] Completed 200 OK in 78.987µs
[negroni] Started GET /queue/465ed88e939b8103312310a4bbad6ef8
[negroni] Completed 200 OK in 85.26µs
[negroni] Started GET /queue/465ed88e939b8103312310a4bbad6ef8
[negroni] Completed 200 OK in 73.557µs
[negroni] Started GET /queue/465ed88e939b8103312310a4bbad6ef8
[negroni] Completed 200 OK in 262.294µs
[negroni] Started GET /queue/465ed88e939b8103312310a4bbad6ef8
[negroni] Completed 200 OK in 91.84µs
[negroni] Started GET /queue/465ed88e939b8103312310a4bbad6ef8
[negroni] Completed 200 OK in 96.792µs
[negroni] Started GET /queue/465ed88e939b8103312310a4bbad6ef8
[negroni] Completed 200 OK in 95.191µs
[negroni] Started GET /queue/465ed88e939b8103312310a4bbad6ef8
[negroni] Completed 200 OK in 69.709µs
[negroni] Started GET /queue/465ed88e939b8103312310a4bbad6ef8
[negroni] Completed 200 OK in 96.766µs
[negroni] Started GET /queue/465ed88e939b8103312310a4bbad6ef8
[negroni] Completed 200 OK in 149.84µs
[negroni] Started GET /queue/465ed88e939b8103312310a4bbad6ef8
[negroni] Completed 200 OK in 156.935µs
[negroni] Started DELETE /bricks/0f2ab13d5d3612351bfe385096b25e76
[heketi] WARNING 2017/04/27 03:19:37 Invalid path or request /bricks/0f2ab13d5d3612351bfe385096b25e76
[negroni] Completed 404 Not Found in 231.493µs
[negroni] Started GET /queue/465ed88e939b8103312310a4bbad6ef8
[negroni] Completed 200 OK in 97.518µs
[negroni] Started GET /queue/465ed88e939b8103312310a4bbad6ef8
[negroni] Completed 200 OK in 1.000899ms
[negroni] Started GET /queue/465ed88e939b8103312310a4bbad6ef8
[negroni] Completed 200 OK in 88.337µs
[negroni] Started GET /queue/465ed88e939b8103312310a4bbad6ef8
[negroni] Completed 200 OK in 87.13µs
[negroni] Started GET /queue/465ed88e939b8103312310a4bbad6ef8
[negroni] Completed 200 OK in 58.291µs
[negroni] Started DELETE /bricks
[heketi] WARNING 2017/04/27 03:19:41 Invalid path or request /bricks
[negroni] Completed 404 Not Found in 123.77µs
[negroni] Started GET /queue/465ed88e939b8103312310a4bbad6ef8
[negroni] Completed 200 OK in 116.203µs
[negroni] Started GET /queue/465ed88e939b8103312310a4bbad6ef8
[negroni] Completed 200 OK in 87.562µs
[negroni] Started GET /queue/465ed88e939b8103312310a4bbad6ef8
[negroni] Completed 200 OK in 92.873µs
[negroni] Started GET /queue/465ed88e939b8103312310a4bbad6ef8
[negroni] Completed 200 OK in 56.357µs
[negroni] Started GET /bricks
[heketi] WARNING 2017/04/27 03:19:46 Invalid path or request /bricks
[negroni] Completed 404 Not Found in 107.489µs
[negroni] Started GET /queue/465ed88e939b8103312310a4bbad6ef8
[negroni] Completed 200 OK in 59.358µs
[negroni] Started GET /queue/465ed88e939b8103312310a4bbad6ef8
[negroni] Completed 200 OK in 61.187µs
[negroni] Started GET /queue/465ed88e939b8103312310a4bbad6ef8
[negroni] Completed 200 OK in 195.423µs
[negroni] Started GET /queue/465ed88e939b8103312310a4bbad6ef8
[negroni] Completed 200 OK in 85.795µs
[negroni] Started GET /queue/465ed88e939b8103312310a4bbad6ef8
[negroni] Completed 200 OK in 203.477µs
[negroni] Started GET /queue/465ed88e939b8103312310a4bbad6ef8
[negroni] Completed 200 OK in 104.649µs
[negroni] Started GET /queue/465ed88e939b8103312310a4bbad6ef8
[negroni] Completed 200 OK in 278.784µs
[negroni] Started GET /queue/465ed88e939b8103312310a4bbad6ef8
[negroni] Completed 200 OK in 128.488µs
[negroni] Started GET /queue/465ed88e939b8103312310a4bbad6ef8
[negroni] Completed 200 OK in 152.098µs
[negroni] Started GET /queue/465ed88e939b8103312310a4bbad6ef8
[negroni] Completed 200 OK in 105.521µs
[negroni] Started GET /queue/465ed88e939b8103312310a4bbad6ef8
[negroni] Completed 200 OK in 143.03µs
[negroni] Started GET /queue/465ed88e939b8103312310a4bbad6ef8
[negroni] Completed 200 OK in 89.573µs
[negroni] Started GET /queue/465ed88e939b8103312310a4bbad6ef8
[negroni] Completed 200 OK in 81.667µs
[negroni] Started GET /queue/465ed88e939b8103312310a4bbad6ef8
[negroni] Completed 200 OK in 123.835µs
[negroni] Started GET /queue/465ed88e939b8103312310a4bbad6ef8
[negroni] Completed 200 OK in 117.673µs
[negroni] Started GET /queue/465ed88e939b8103312310a4bbad6ef8
[negroni] Completed 200 OK in 102.105µs
[negroni] Started GET /queue/465ed88e939b8103312310a4bbad6ef8
[negroni] Completed 200 OK in 55.349µs
[negroni] Started GET /queue/465ed88e939b8103312310a4bbad6ef8
[negroni] Completed 200 OK in 56.905µs
[negroni] Started GET /queue/465ed88e939b8103312310a4bbad6ef8
[negroni] Completed 200 OK in 96.402µs
[negroni] Started GET /queue/465ed88e939b8103312310a4bbad6ef8
[negroni] Completed 200 OK in 82.613µs
[negroni] Started GET /queue/465ed88e939b8103312310a4bbad6ef8
[negroni] Completed 200 OK in 107.877µs
[negroni] Started GET /queue/465ed88e939b8103312310a4bbad6ef8
[negroni] Completed 200 OK in 115.111µs
[negroni] Started GET /queue/465ed88e939b8103312310a4bbad6ef8
[negroni] Completed 200 OK in 94.783µs
[negroni] Started GET /queue/465ed88e939b8103312310a4bbad6ef8
[negroni] Completed 200 OK in 121.014µs
[negroni] Started GET /queue/465ed88e939b8103312310a4bbad6ef8
[negroni] Completed 200 OK in 252.619µs
[negroni] Started GET /queue/465ed88e939b8103312310a4bbad6ef8
[negroni] Completed 200 OK in 80.687µs
[negroni] Started GET /queue/465ed88e939b8103312310a4bbad6ef8
[negroni] Completed 200 OK in 84.183µs
[negroni] Started GET /queue/465ed88e939b8103312310a4bbad6ef8
[negroni] Completed 200 OK in 151.435µs
[negroni] Started GET /queue/465ed88e939b8103312310a4bbad6ef8
[negroni] Completed 200 OK in 198.65µs
[negroni] Started GET /queue/465ed88e939b8103312310a4bbad6ef8
[negroni] Completed 200 OK in 153.879µs
[negroni] Started GET /queue/465ed88e939b8103312310a4bbad6ef8
[negroni] Completed 200 OK in 152.874µs
[negroni] Started GET /queue/465ed88e939b8103312310a4bbad6ef8
[negroni] Completed 200 OK in 143.364µs
[negroni] Started GET /clusters
[negroni] Completed 200 OK in 695.984µs
[negroni] Started GET /queue/465ed88e939b8103312310a4bbad6ef8
[negroni] Completed 200 OK in 92.609µs
[negroni] Started GET /queue/465ed88e939b8103312310a4bbad6ef8
[negroni] Completed 200 OK in 131.397µs
[negroni] Started GET /queue/465ed88e939b8103312310a4bbad6ef8
[negroni] Completed 200 OK in 103.647µs
[negroni] Started GET /clusters/8397fe52e42cb7fe643e8022d4305962
[negroni] Completed 200 OK in 2.899453ms
[negroni] Started GET /queue/465ed88e939b8103312310a4bbad6ef8
[negroni] Completed 200 OK in 120.832µs
[negroni] Started GET /queue/465ed88e939b8103312310a4bbad6ef8
[negroni] Completed 200 OK in 81.687µs
[negroni] Started GET /queue/465ed88e939b8103312310a4bbad6ef8
[negroni] Completed 200 OK in 136.727µs
[negroni] Started GET /queue/465ed88e939b8103312310a4bbad6ef8
[negroni] Completed 200 OK in 57.033µs
[negroni] Started GET /queue/465ed88e939b8103312310a4bbad6ef8
[negroni] Completed 200 OK in 96.131µs
[negroni] Started GET /queue/465ed88e939b8103312310a4bbad6ef8
[negroni] Completed 200 OK in 93.473µs
[negroni] Started GET /queue/465ed88e939b8103312310a4bbad6ef8
[negroni] Completed 200 OK in 193.045µs
[negroni] Started GET /nodes/5161da96f3da6587c26cf01c6cf2b8fb
[negroni] Completed 200 OK in 2.449443ms
[negroni] Started GET /queue/465ed88e939b8103312310a4bbad6ef8
[negroni] Completed 200 OK in 92.405µs
[negroni] Started GET /queue/465ed88e939b8103312310a4bbad6ef8
[negroni] Completed 200 OK in 95.452µs
[negroni] Started GET /queue/465ed88e939b8103312310a4bbad6ef8
[negroni] Completed 200 OK in 98.391µs
[negroni] Started GET /queue/465ed88e939b8103312310a4bbad6ef8
[negroni] Completed 200 OK in 162.571µs
[negroni] Started GET /queue/465ed88e939b8103312310a4bbad6ef8
[negroni] Completed 200 OK in 97.189µs
[negroni] Started GET /queue/465ed88e939b8103312310a4bbad6ef8
[negroni] Completed 200 OK in 110.431µs
[negroni] Started GET /queue/465ed88e939b8103312310a4bbad6ef8
[negroni] Completed 200 OK in 111.095µs
[negroni] Started GET /queue/465ed88e939b8103312310a4bbad6ef8
[negroni] Completed 200 OK in 71.452µs
[negroni] Started GET /queue/465ed88e939b8103312310a4bbad6ef8
[negroni] Completed 200 OK in 435.911µs
[negroni] Started GET /queue/465ed88e939b8103312310a4bbad6ef8
[negroni] Completed 200 OK in 76.668µs
[negroni] Started GET /queue/465ed88e939b8103312310a4bbad6ef8
[negroni] Completed 200 OK in 54.629µs
[negroni] Started GET /queue/465ed88e939b8103312310a4bbad6ef8
[negroni] Completed 200 OK in 306.955µs
[negroni] Started GET /queue/465ed88e939b8103312310a4bbad6ef8
[negroni] Completed 200 OK in 79.244µs
[negroni] Started GET /queue/465ed88e939b8103312310a4bbad6ef8
[negroni] Completed 200 OK in 171.03µs
[negroni] Started GET /queue/465ed88e939b8103312310a4bbad6ef8
[negroni] Completed 200 OK in 105.513µs
[negroni] Started GET /queue/465ed88e939b8103312310a4bbad6ef8
[negroni] Completed 200 OK in 83.621µs
[negroni] Started GET /queue/465ed88e939b8103312310a4bbad6ef8
[negroni] Completed 200 OK in 131.155µs
[negroni] Started GET /queue/465ed88e939b8103312310a4bbad6ef8
[negroni] Completed 200 OK in 70.451µs
[negroni] Started GET /queue/465ed88e939b8103312310a4bbad6ef8
[negroni] Completed 200 OK in 86.78µs
[negroni] Started GET /queue/465ed88e939b8103312310a4bbad6ef8
[negroni] Completed 200 OK in 85.498µs
[negroni] Started GET /queue/465ed88e939b8103312310a4bbad6ef8
[negroni] Completed 200 OK in 75.833µs
[negroni] Started GET /queue/465ed88e939b8103312310a4bbad6ef8
[negroni] Completed 200 OK in 100.917µs
[negroni] Started GET /queue/465ed88e939b8103312310a4bbad6ef8
[negroni] Completed 200 OK in 77.504µs
[negroni] Started GET /queue/465ed88e939b8103312310a4bbad6ef8
[negroni] Completed 200 OK in 127.798µs
[negroni] Started GET /queue/465ed88e939b8103312310a4bbad6ef8
[negroni] Completed 200 OK in 59.775µs
[negroni] Started GET /queue/465ed88e939b8103312310a4bbad6ef8
[negroni] Completed 200 OK in 139.847µs
[negroni] Started GET /queue/465ed88e939b8103312310a4bbad6ef8
[negroni] Completed 200 OK in 252.213µs
[negroni] Started GET /queue/465ed88e939b8103312310a4bbad6ef8
[negroni] Completed 200 OK in 137.227µs
[negroni] Started GET /queue/465ed88e939b8103312310a4bbad6ef8
[negroni] Completed 200 OK in 54.905µs
[negroni] Started GET /queue/465ed88e939b8103312310a4bbad6ef8
[negroni] Completed 200 OK in 137.277µs
[negroni] Started GET /queue/465ed88e939b8103312310a4bbad6ef8
[negroni] Completed 200 OK in 56.276µs
[negroni] Started GET /queue/465ed88e939b8103312310a4bbad6ef8
[negroni] Completed 200 OK in 72.111µs
[negroni] Started GET /queue/465ed88e939b8103312310a4bbad6ef8
[negroni] Completed 200 OK in 127.31µs
[negroni] Started GET /queue/465ed88e939b8103312310a4bbad6ef8
[negroni] Completed 200 OK in 150.934µs
[negroni] Started GET /queue/465ed88e939b8103312310a4bbad6ef8
[negroni] Completed 200 OK in 331.378µs
[negroni] Started GET /queue/465ed88e939b8103312310a4bbad6ef8
[negroni] Completed 200 OK in 88.609µs
[negroni] Started GET /queue/465ed88e939b8103312310a4bbad6ef8
[negroni] Completed 200 OK in 66.056µs
[negroni] Started GET /queue/465ed88e939b8103312310a4bbad6ef8
[negroni] Completed 200 OK in 219.224µs
[sshexec] WARNING 2017/04/27 03:21:05 Failed to create SSH connection to 192.168.48.12:22: dial tcp 192.168.48.12:22: getsockopt: connection timed out
[sshexec] ERROR 2017/04/27 03:21:05 /src/github.com/heketi/heketi/executors/sshexec/brick.go:143: dial tcp 192.168.48.12:22: getsockopt: connection timed out
[negroni] Started GET /queue/465ed88e939b8103312310a4bbad6ef8
[negroni] Completed 200 OK in 82.439µs
[negroni] Started GET /queue/465ed88e939b8103312310a4bbad6ef8
[negroni] Completed 200 OK in 109.306µs
[negroni] Started GET /queue/465ed88e939b8103312310a4bbad6ef8
[negroni] Completed 200 OK in 136.691µs
[negroni] Started GET /queue/465ed88e939b8103312310a4bbad6ef8
[negroni] Completed 200 OK in 84.598µs
[negroni] Started GET /queue/465ed88e939b8103312310a4bbad6ef8
[negroni] Completed 200 OK in 140.679µs
[negroni] Started GET /queue/465ed88e939b8103312310a4bbad6ef8
[negroni] Completed 200 OK in 147.813µs
[negroni] Started GET /queue/465ed88e939b8103312310a4bbad6ef8
[negroni] Completed 200 OK in 67.515µs
[negroni] Started GET /queue/465ed88e939b8103312310a4bbad6ef8
[negroni] Completed 200 OK in 68.593µs
[negroni] Started GET /queue/465ed88e939b8103312310a4bbad6ef8
[negroni] Completed 200 OK in 98.444µs
[negroni] Started GET /queue/465ed88e939b8103312310a4bbad6ef8
[negroni] Completed 200 OK in 65.709µs
[negroni] Started GET /bricks/476f662298d7ab8f10a232a17f838ac1
[heketi] WARNING 2017/04/27 03:21:15 Invalid path or request /bricks/476f662298d7ab8f10a232a17f838ac1
[negroni] Completed 404 Not Found in 315.421µs
[negroni] Started GET /queue/465ed88e939b8103312310a4bbad6ef8
[negroni] Completed 200 OK in 114.564µs
[negroni] Started GET /queue/465ed88e939b8103312310a4bbad6ef8
[negroni] Completed 200 OK in 82.862µs
[negroni] Started GET /queue/465ed88e939b8103312310a4bbad6ef8
[negroni] Completed 200 OK in 71.738µs
[negroni] Started GET /queue/465ed88e939b8103312310a4bbad6ef8
[negroni] Completed 200 OK in 102.048µs
[negroni] Started GET /brick/476f662298d7ab8f10a232a17f838ac1
[heketi] WARNING 2017/04/27 03:21:19 Invalid path or request /brick/476f662298d7ab8f10a232a17f838ac1
[negroni] Completed 404 Not Found in 192.235µs
[negroni] Started GET /queue/465ed88e939b8103312310a4bbad6ef8
[negroni] Completed 200 OK in 90.063µs
[negroni] Started GET /queue/465ed88e939b8103312310a4bbad6ef8
[negroni] Completed 200 OK in 138.097µs
[negroni] Started GET /queue/465ed88e939b8103312310a4bbad6ef8
[negroni] Completed 200 OK in 65.613µs
[negroni] Started GET /queue/465ed88e939b8103312310a4bbad6ef8
[negroni] Completed 200 OK in 64.06µs
[negroni] Started DELETE /brick/476f662298d7ab8f10a232a17f838ac1
[heketi] WARNING 2017/04/27 03:21:24 Invalid path or request /brick/476f662298d7ab8f10a232a17f838ac1
[negroni] Completed 404 Not Found in 216.062µs
[negroni] Started GET /queue/465ed88e939b8103312310a4bbad6ef8
[negroni] Completed 200 OK in 121.199µs
[negroni] Started GET /queue/465ed88e939b8103312310a4bbad6ef8
[negroni] Completed 200 OK in 102.938µs
[negroni] Started GET /queue/465ed88e939b8103312310a4bbad6ef8
[negroni] Completed 200 OK in 102.328µs
[negroni] Started GET /queue/465ed88e939b8103312310a4bbad6ef8
[negroni] Completed 200 OK in 137.003µs
[negroni] Started GET /queue/465ed88e939b8103312310a4bbad6ef8
[negroni] Completed 200 OK in 52.841µs
[negroni] Started GET /queue/465ed88e939b8103312310a4bbad6ef8
[negroni] Completed 200 OK in 122.388µs
[negroni] Started GET /queue/465ed88e939b8103312310a4bbad6ef8
[negroni] Completed 200 OK in 77.505µs
[negroni] Started GET /queue/465ed88e939b8103312310a4bbad6ef8
[negroni] Completed 200 OK in 187.581µs
[negroni] Started GET /queue/465ed88e939b8103312310a4bbad6ef8
[negroni] Completed 200 OK in 58.18µs
[negroni] Started GET /queue/465ed88e939b8103312310a4bbad6ef8
[negroni] Completed 200 OK in 158.726µs
[negroni] Started GET /queue/465ed88e939b8103312310a4bbad6ef8
[negroni] Completed 200 OK in 118.232µs
[negroni] Started GET /queue/465ed88e939b8103312310a4bbad6ef8
[negroni] Completed 200 OK in 89.819µs
[negroni] Started GET /queue/465ed88e939b8103312310a4bbad6ef8
[negroni] Completed 200 OK in 74.385µs
[negroni] Started GET /queue/465ed88e939b8103312310a4bbad6ef8
[negroni] Completed 200 OK in 107.026µs
[negroni] Started GET /queue/465ed88e939b8103312310a4bbad6ef8
[negroni] Completed 200 OK in 148.123µs
[negroni] Started GET /queue/465ed88e939b8103312310a4bbad6ef8
[negroni] Completed 200 OK in 83.02µs
[negroni] Started GET /queue/465ed88e939b8103312310a4bbad6ef8
[negroni] Completed 200 OK in 111.464µs
[negroni] Started GET /queue/465ed88e939b8103312310a4bbad6ef8
[negroni] Completed 200 OK in 82.54µs
[negroni] Started GET /devices/403cca7edce115dc1c641acc2f5f11fb
[negroni] Completed 200 OK in 2.016554ms
[negroni] Started GET /queue/465ed88e939b8103312310a4bbad6ef8
[negroni] Completed 200 OK in 72.973µs
[negroni] Started GET /queue/465ed88e939b8103312310a4bbad6ef8
[negroni] Completed 200 OK in 112.745µs
[negroni] Started GET /queue/465ed88e939b8103312310a4bbad6ef8
[negroni] Completed 200 OK in 108.389µs
[negroni] Started GET /queue/465ed88e939b8103312310a4bbad6ef8
[negroni] Completed 200 OK in 152.058µs
[negroni] Started GET /queue/465ed88e939b8103312310a4bbad6ef8
[negroni] Completed 200 OK in 93.541µs
[negroni] Started GET /queue/465ed88e939b8103312310a4bbad6ef8
[negroni] Completed 200 OK in 129.668µs
[negroni] Started GET /queue/465ed88e939b8103312310a4bbad6ef8
[negroni] Completed 200 OK in 73.911µs
[negroni] Started GET /queue/465ed88e939b8103312310a4bbad6ef8
[negroni] Completed 200 OK in 88.728µs
[negroni] Started GET /queue/465ed88e939b8103312310a4bbad6ef8
[negroni] Completed 200 OK in 83.311µs
[negroni] Started GET /queue/465ed88e939b8103312310a4bbad6ef8
[negroni] Completed 200 OK in 75.294µs
[heketi] ERROR 2017/04/27 03:21:52 /src/github.com/heketi/heketi/apps/glusterfs/app_device.go:222: Unable to delete device [403cca7edce115dc1c641acc2f5f11fb] because it contains bricks
[negroni] Started DELETE /devices/403cca7edce115dc1c641acc2f5f11fb
[negroni] Completed 409 Conflict in 1.030123ms
[negroni] Started GET /queue/465ed88e939b8103312310a4bbad6ef8
[negroni] Completed 200 OK in 96.692µs
[negroni] Started GET /queue/465ed88e939b8103312310a4bbad6ef8
[negroni] Completed 200 OK in 80.72µs
[negroni] Started GET /queue/465ed88e939b8103312310a4bbad6ef8
[negroni] Completed 200 OK in 146.529µs
[negroni] Started GET /queue/465ed88e939b8103312310a4bbad6ef8
[negroni] Completed 200 OK in 214.207µs
[negroni] Started GET /queue/465ed88e939b8103312310a4bbad6ef8
[negroni] Completed 200 OK in 94.477µs
[negroni] Started GET /queue/465ed88e939b8103312310a4bbad6ef8
[negroni] Completed 200 OK in 94.526µs
[negroni] Started GET /queue/465ed88e939b8103312310a4bbad6ef8
[negroni] Completed 200 OK in 114.78µs
[negroni] Started GET /queue/465ed88e939b8103312310a4bbad6ef8
[negroni] Completed 200 OK in 147.019µs
[negroni] Started GET /queue/465ed88e939b8103312310a4bbad6ef8
[negroni] Completed 200 OK in 112.29µs
[negroni] Started GET /queue/465ed88e939b8103312310a4bbad6ef8
[negroni] Completed 200 OK in 188.299µs
[negroni] Started GET /queue/465ed88e939b8103312310a4bbad6ef8
[negroni] Completed 200 OK in 150.854µs
[negroni] Started GET /queue/465ed88e939b8103312310a4bbad6ef8
[negroni] Completed 200 OK in 133.877µs
[negroni] Started GET /queue/465ed88e939b8103312310a4bbad6ef8
[negroni] Completed 200 OK in 70.516µs
[negroni] Started GET /queue/465ed88e939b8103312310a4bbad6ef8
[negroni] Completed 200 OK in 108.222µs
[negroni] Started GET /queue/465ed88e939b8103312310a4bbad6ef8
[negroni] Completed 200 OK in 117.65µs
[negroni] Started GET /queue/465ed88e939b8103312310a4bbad6ef8
[negroni] Completed 200 OK in 78.581µs
[negroni] Started GET /queue/465ed88e939b8103312310a4bbad6ef8
[negroni] Completed 200 OK in 123.645µs
[negroni] Started GET /queue/465ed88e939b8103312310a4bbad6ef8
[negroni] Completed 200 OK in 152.923µs
[negroni] Started GET /queue/465ed88e939b8103312310a4bbad6ef8
[negroni] Completed 200 OK in 79.63µs
[negroni] Started GET /queue/465ed88e939b8103312310a4bbad6ef8
[negroni] Completed 200 OK in 77.58µs
[negroni] Started GET /queue/465ed88e939b8103312310a4bbad6ef8
[negroni] Completed 200 OK in 186.962µs
[negroni] Started GET /queue/465ed88e939b8103312310a4bbad6ef8
[negroni] Completed 200 OK in 90.501µs
[negroni] Started GET /queue/465ed88e939b8103312310a4bbad6ef8
[negroni] Completed 200 OK in 52.557µs
[negroni] Started GET /queue/465ed88e939b8103312310a4bbad6ef8
[negroni] Completed 200 OK in 90.499µs
[negroni] Started GET /queue/465ed88e939b8103312310a4bbad6ef8
[negroni] Completed 200 OK in 302.291µs
[negroni] Started GET /queue/465ed88e939b8103312310a4bbad6ef8
[negroni] Completed 200 OK in 69.229µs
[negroni] Started GET /queue/465ed88e939b8103312310a4bbad6ef8
[negroni] Completed 200 OK in 92.897µs
[negroni] Started GET /queue/465ed88e939b8103312310a4bbad6ef8
[negroni] Completed 200 OK in 107.654µs
[negroni] Started GET /queue/465ed88e939b8103312310a4bbad6ef8
[negroni] Completed 200 OK in 189.281µs
[negroni] Started GET /queue/465ed88e939b8103312310a4bbad6ef8
[negroni] Completed 200 OK in 940.162µs
[negroni] Started GET /queue/465ed88e939b8103312310a4bbad6ef8
[negroni] Completed 200 OK in 135.485µs
[negroni] Started GET /queue/465ed88e939b8103312310a4bbad6ef8
[negroni] Completed 200 OK in 159.501µs
[negroni] Started GET /queue/465ed88e939b8103312310a4bbad6ef8
[negroni] Completed 200 OK in 103.184µs
[negroni] Started GET /queue/465ed88e939b8103312310a4bbad6ef8
[negroni] Completed 200 OK in 147.57µs
[negroni] Started GET /queue/465ed88e939b8103312310a4bbad6ef8
[negroni] Completed 200 OK in 108.027µs
[negroni] Started GET /queue/465ed88e939b8103312310a4bbad6ef8
[negroni] Completed 200 OK in 122.854µs
[negroni] Started GET /queue/465ed88e939b8103312310a4bbad6ef8
[negroni] Completed 200 OK in 114.944µs
[negroni] Started GET /queue/465ed88e939b8103312310a4bbad6ef8
[negroni] Completed 200 OK in 76.885µs
[negroni] Started GET /queue/465ed88e939b8103312310a4bbad6ef8
[negroni] Completed 200 OK in 147.089µs
[negroni] Started GET /queue/465ed88e939b8103312310a4bbad6ef8
[negroni] Completed 200 OK in 141.489µs
[negroni] Started GET /queue/465ed88e939b8103312310a4bbad6ef8
[negroni] Completed 200 OK in 144.595µs
[negroni] Started GET /queue/465ed88e939b8103312310a4bbad6ef8
[negroni] Completed 200 OK in 164.433µs
[negroni] Started GET /queue/465ed88e939b8103312310a4bbad6ef8
[negroni] Completed 200 OK in 83.554µs
[negroni] Started GET /queue/465ed88e939b8103312310a4bbad6ef8
[negroni] Completed 200 OK in 103.496µs
[negroni] Started GET /queue/465ed88e939b8103312310a4bbad6ef8
[negroni] Completed 200 OK in 83.778µs
[negroni] Started GET /queue/465ed88e939b8103312310a4bbad6ef8
[negroni] Completed 200 OK in 167.787µs
[negroni] Started GET /queue/465ed88e939b8103312310a4bbad6ef8
[negroni] Completed 200 OK in 204.399µs
[negroni] Started GET /queue/465ed88e939b8103312310a4bbad6ef8
[negroni] Completed 200 OK in 65.088µs
[negroni] Started GET /queue/465ed88e939b8103312310a4bbad6ef8
[negroni] Completed 200 OK in 80.923µs
[negroni] Started GET /queue/465ed88e939b8103312310a4bbad6ef8
[negroni] Completed 200 OK in 221.611µs
[negroni] Started GET /queue/465ed88e939b8103312310a4bbad6ef8
[negroni] Completed 200 OK in 142.881µs
[negroni] Started GET /queue/465ed88e939b8103312310a4bbad6ef8
[negroni] Completed 200 OK in 140.214µs
[negroni] Started GET /queue/465ed88e939b8103312310a4bbad6ef8
[negroni] Completed 200 OK in 97.311µs
[negroni] Started GET /queue/465ed88e939b8103312310a4bbad6ef8
[negroni] Completed 200 OK in 222.775µs
[negroni] Started GET /queue/465ed88e939b8103312310a4bbad6ef8
[negroni] Completed 200 OK in 118.529µs
[negroni] Started GET /queue/465ed88e939b8103312310a4bbad6ef8
[negroni] Completed 200 OK in 70.371µs
[negroni] Started GET /queue/465ed88e939b8103312310a4bbad6ef8
[negroni] Completed 200 OK in 109.51µs
[negroni] Started GET /queue/465ed88e939b8103312310a4bbad6ef8
[negroni] Completed 200 OK in 102.264µs
[negroni] Started GET /queue/465ed88e939b8103312310a4bbad6ef8
[negroni] Completed 200 OK in 103.319µs
[negroni] Started GET /queue/465ed88e939b8103312310a4bbad6ef8
[negroni] Completed 200 OK in 98.597µs
[negroni] Started GET /queue/465ed88e939b8103312310a4bbad6ef8
[negroni] Completed 200 OK in 78.413µs
[negroni] Started GET /queue/465ed88e939b8103312310a4bbad6ef8
[negroni] Completed 200 OK in 96.483µs
[negroni] Started GET /queue/465ed88e939b8103312310a4bbad6ef8
[negroni] Completed 200 OK in 347.223µs
[negroni] Started GET /queue/465ed88e939b8103312310a4bbad6ef8
[negroni] Completed 200 OK in 103.2µs
[negroni] Started GET /queue/465ed88e939b8103312310a4bbad6ef8
[negroni] Completed 200 OK in 116.985µs
[negroni] Started GET /queue/465ed88e939b8103312310a4bbad6ef8
[negroni] Completed 200 OK in 177.091µs
[negroni] Started GET /queue/465ed88e939b8103312310a4bbad6ef8
[negroni] Completed 200 OK in 71.629µs
[negroni] Started GET /queue/465ed88e939b8103312310a4bbad6ef8
[negroni] Completed 200 OK in 155.56µs
[negroni] Started GET /queue/465ed88e939b8103312310a4bbad6ef8
[negroni] Completed 200 OK in 146.545µs
[negroni] Started GET /queue/465ed88e939b8103312310a4bbad6ef8
[negroni] Completed 200 OK in 60.718µs
[negroni] Started GET /queue/465ed88e939b8103312310a4bbad6ef8
[negroni] Completed 200 OK in 62.649µs
[negroni] Started GET /queue/465ed88e939b8103312310a4bbad6ef8
[negroni] Completed 200 OK in 140.317µs
[negroni] Started GET /queue/465ed88e939b8103312310a4bbad6ef8
[negroni] Completed 200 OK in 134.619µs
[negroni] Started GET /queue/465ed88e939b8103312310a4bbad6ef8
[negroni] Completed 200 OK in 62.876µs
[negroni] Started GET /queue/465ed88e939b8103312310a4bbad6ef8
[negroni] Completed 200 OK in 276.393µs
[negroni] Started GET /queue/465ed88e939b8103312310a4bbad6ef8
[negroni] Completed 200 OK in 88.22µs
[negroni] Started GET /queue/465ed88e939b8103312310a4bbad6ef8
[negroni] Completed 200 OK in 75.484µs
[negroni] Started GET /queue/465ed88e939b8103312310a4bbad6ef8
[negroni] Completed 200 OK in 87.922µs
[negroni] Started GET /queue/465ed88e939b8103312310a4bbad6ef8
[negroni] Completed 200 OK in 92.65µs
[negroni] Started GET /queue/465ed88e939b8103312310a4bbad6ef8
[negroni] Completed 200 OK in 121.754µs
[negroni] Started GET /queue/465ed88e939b8103312310a4bbad6ef8
[negroni] Completed 200 OK in 56.923µs
[sshexec] WARNING 2017/04/27 03:23:13 Failed to create SSH connection to 192.168.48.12:22: dial tcp 192.168.48.12:22: getsockopt: connection timed out
[sshexec] ERROR 2017/04/27 03:23:13 /src/github.com/heketi/heketi/executors/sshexec/brick.go:152: dial tcp 192.168.48.12:22: getsockopt: connection timed out
[negroni] Started GET /queue/465ed88e939b8103312310a4bbad6ef8
[negroni] Completed 200 OK in 97.114µs
[negroni] Started GET /queue/465ed88e939b8103312310a4bbad6ef8
[negroni] Completed 200 OK in 112.893µs
[negroni] Started GET /queue/465ed88e939b8103312310a4bbad6ef8
[negroni] Completed 200 OK in 140.118µs
[negroni] Started GET /queue/465ed88e939b8103312310a4bbad6ef8
[negroni] Completed 200 OK in 155.615µs
[negroni] Started GET /queue/465ed88e939b8103312310a4bbad6ef8
[negroni] Completed 200 OK in 118.792µs
[negroni] Started GET /queue/465ed88e939b8103312310a4bbad6ef8
[negroni] Completed 200 OK in 106.445µs
[negroni] Started GET /queue/465ed88e939b8103312310a4bbad6ef8
[negroni] Completed 200 OK in 164.943µs
[negroni] Started GET /queue/465ed88e939b8103312310a4bbad6ef8
[negroni] Completed 200 OK in 216.802µs
[negroni] Started GET /queue/465ed88e939b8103312310a4bbad6ef8
[negroni] Completed 200 OK in 75.258µs
[negroni] Started GET /queue/465ed88e939b8103312310a4bbad6ef8
[negroni] Completed 200 OK in 80.591µs
[negroni] Started GET /queue/465ed88e939b8103312310a4bbad6ef8
[negroni] Completed 200 OK in 181.942µs
[negroni] Started GET /queue/465ed88e939b8103312310a4bbad6ef8
[negroni] Completed 200 OK in 269.426µs
[negroni] Started GET /queue/465ed88e939b8103312310a4bbad6ef8
[negroni] Completed 200 OK in 143.968µs
[negroni] Started GET /queue/465ed88e939b8103312310a4bbad6ef8
[negroni] Completed 200 OK in 106.94µs
[negroni] Started GET /queue/465ed88e939b8103312310a4bbad6ef8
[negroni] Completed 200 OK in 76.092µs
[negroni] Started GET /queue/465ed88e939b8103312310a4bbad6ef8
[negroni] Completed 200 OK in 79.371µs
[negroni] Started GET /queue/465ed88e939b8103312310a4bbad6ef8
[negroni] Completed 200 OK in 172.428µs
[negroni] Started GET /queue/465ed88e939b8103312310a4bbad6ef8
[negroni] Completed 200 OK in 77.934µs
[negroni] Started GET /queue/465ed88e939b8103312310a4bbad6ef8
[negroni] Completed 200 OK in 130.952µs
[negroni] Started GET /queue/465ed88e939b8103312310a4bbad6ef8
[negroni] Completed 200 OK in 121.431µs
[negroni] Started GET /queue/465ed88e939b8103312310a4bbad6ef8
[negroni] Completed 200 OK in 84.435µs
[negroni] Started GET /queue/465ed88e939b8103312310a4bbad6ef8
[negroni] Completed 200 OK in 73.059µs
[negroni] Started GET /queue/465ed88e939b8103312310a4bbad6ef8
[negroni] Completed 200 OK in 157.406µs
[negroni] Started GET /queue/465ed88e939b8103312310a4bbad6ef8
[negroni] Completed 200 OK in 142.913µs
[negroni] Started GET /queue/465ed88e939b8103312310a4bbad6ef8
[negroni] Completed 200 OK in 94.726µs
[negroni] Started GET /queue/465ed88e939b8103312310a4bbad6ef8
[negroni] Completed 200 OK in 106.124µs
[negroni] Started GET /queue/465ed88e939b8103312310a4bbad6ef8
[negroni] Completed 200 OK in 81.989µs
[negroni] Started GET /queue/465ed88e939b8103312310a4bbad6ef8
[negroni] Completed 200 OK in 120.406µs
[negroni] Started GET /queue/465ed88e939b8103312310a4bbad6ef8
[negroni] Completed 200 OK in 230.823µs
[negroni] Started GET /queue/465ed88e939b8103312310a4bbad6ef8
[negroni] Completed 200 OK in 176.245µs
[negroni] Started GET /queue/465ed88e939b8103312310a4bbad6ef8
[negroni] Completed 200 OK in 148.537µs
[negroni] Started GET /queue/465ed88e939b8103312310a4bbad6ef8
[negroni] Completed 200 OK in 243.786µs
[negroni] Started GET /queue/465ed88e939b8103312310a4bbad6ef8
[negroni] Completed 200 OK in 162.195µs
[negroni] Started GET /queue/465ed88e939b8103312310a4bbad6ef8
[negroni] Completed 200 OK in 79.986µs
[negroni] Started GET /queue/465ed88e939b8103312310a4bbad6ef8
[negroni] Completed 200 OK in 142.456µs
[negroni] Started GET /queue/465ed88e939b8103312310a4bbad6ef8
[negroni] Completed 200 OK in 70.571µs
[negroni] Started GET /queue/465ed88e939b8103312310a4bbad6ef8
[negroni] Completed 200 OK in 64.79µs
[negroni] Started GET /queue/465ed88e939b8103312310a4bbad6ef8
[negroni] Completed 200 OK in 82.501µs
[negroni] Started GET /queue/465ed88e939b8103312310a4bbad6ef8
[negroni] Completed 200 OK in 96.932µs
[negroni] Started GET /queue/465ed88e939b8103312310a4bbad6ef8
[negroni] Completed 200 OK in 77.626µs
[negroni] Started GET /queue/465ed88e939b8103312310a4bbad6ef8
[negroni] Completed 200 OK in 190.046µs
[negroni] Started GET /queue/465ed88e939b8103312310a4bbad6ef8
[negroni] Completed 200 OK in 142.683µs
[negroni] Started GET /queue/465ed88e939b8103312310a4bbad6ef8
[negroni] Completed 200 OK in 51.444µs
[negroni] Started GET /queue/465ed88e939b8103312310a4bbad6ef8
[negroni] Completed 200 OK in 62.424µs
[negroni] Started GET /queue/465ed88e939b8103312310a4bbad6ef8
[negroni] Completed 200 OK in 92.569µs
[negroni] Started GET /queue/465ed88e939b8103312310a4bbad6ef8
[negroni] Completed 200 OK in 72.251µs
[negroni] Started GET /queue/465ed88e939b8103312310a4bbad6ef8
[negroni] Completed 200 OK in 55.628µs
[negroni] Started GET /queue/465ed88e939b8103312310a4bbad6ef8
[negroni] Completed 200 OK in 131.299µs
[negroni] Started GET /queue/465ed88e939b8103312310a4bbad6ef8
[negroni] Completed 200 OK in 93.627µs
[negroni] Started GET /queue/465ed88e939b8103312310a4bbad6ef8
[negroni] Completed 200 OK in 80.785µs
[negroni] Started GET /queue/465ed88e939b8103312310a4bbad6ef8
[negroni] Completed 200 OK in 87.199µs
[negroni] Started GET /queue/465ed88e939b8103312310a4bbad6ef8
[negroni] Completed 200 OK in 65.061µs
[negroni] Started GET /queue/465ed88e939b8103312310a4bbad6ef8
[negroni] Completed 200 OK in 93.339µs
[negroni] Started GET /queue/465ed88e939b8103312310a4bbad6ef8
[negroni] Completed 200 OK in 153.692µs
[negroni] Started GET /queue/465ed88e939b8103312310a4bbad6ef8
[negroni] Completed 200 OK in 102.196µs
[negroni] Started GET /queue/465ed88e939b8103312310a4bbad6ef8
[negroni] Completed 200 OK in 430.507µs
[negroni] Started GET /queue/465ed88e939b8103312310a4bbad6ef8
[negroni] Completed 200 OK in 76.54µs
[negroni] Started GET /queue/465ed88e939b8103312310a4bbad6ef8
[negroni] Completed 200 OK in 98.027µs
[negroni] Started GET /queue/465ed88e939b8103312310a4bbad6ef8
[negroni] Completed 200 OK in 79.841µs
[negroni] Started GET /queue/465ed88e939b8103312310a4bbad6ef8
[negroni] Completed 200 OK in 138.938µs
[negroni] Started GET /queue/465ed88e939b8103312310a4bbad6ef8
[negroni] Completed 200 OK in 193.845µs
[negroni] Started GET /queue/465ed88e939b8103312310a4bbad6ef8
[negroni] Completed 200 OK in 50.729µs
[negroni] Started GET /queue/465ed88e939b8103312310a4bbad6ef8
[negroni] Completed 200 OK in 78.573µs
[negroni] Started GET /queue/465ed88e939b8103312310a4bbad6ef8
[negroni] Completed 200 OK in 168.934µs
[negroni] Started GET /queue/465ed88e939b8103312310a4bbad6ef8
[negroni] Completed 200 OK in 122.872µs
[negroni] Started GET /queue/465ed88e939b8103312310a4bbad6ef8
[negroni] Completed 200 OK in 134.398µs
[negroni] Started GET /queue/465ed88e939b8103312310a4bbad6ef8
[negroni] Completed 200 OK in 74.802µs
[negroni] Started GET /queue/465ed88e939b8103312310a4bbad6ef8
[negroni] Completed 200 OK in 358.979µs
[negroni] Started GET /queue/465ed88e939b8103312310a4bbad6ef8
[negroni] Completed 200 OK in 91.919µs
[negroni] Started GET /queue/465ed88e939b8103312310a4bbad6ef8
[negroni] Completed 200 OK in 66.102µs
[negroni] Started GET /queue/465ed88e939b8103312310a4bbad6ef8
[negroni] Completed 200 OK in 201.224µs
[negroni] Started GET /queue/465ed88e939b8103312310a4bbad6ef8
[negroni] Completed 200 OK in 58.481µs
[negroni] Started GET /queue/465ed88e939b8103312310a4bbad6ef8
[negroni] Completed 200 OK in 162.406µs
[negroni] Started GET /queue/465ed88e939b8103312310a4bbad6ef8
[negroni] Completed 200 OK in 91.096µs
[negroni] Started GET /queue/465ed88e939b8103312310a4bbad6ef8
[negroni] Completed 200 OK in 117.071µs
[negroni] Started GET /queue/465ed88e939b8103312310a4bbad6ef8
[negroni] Completed 200 OK in 56.844µs
[negroni] Started GET /queue/465ed88e939b8103312310a4bbad6ef8
[negroni] Completed 200 OK in 100.118µs
[negroni] Started GET /queue/465ed88e939b8103312310a4bbad6ef8
[negroni] Completed 200 OK in 109.89µs
[negroni] Started GET /queue/465ed88e939b8103312310a4bbad6ef8
[negroni] Completed 200 OK in 93.39µs
[negroni] Started GET /queue/465ed88e939b8103312310a4bbad6ef8
[negroni] Completed 200 OK in 114.237µs
[negroni] Started GET /queue/465ed88e939b8103312310a4bbad6ef8
[negroni] Completed 200 OK in 110.745µs
[negroni] Started GET /queue/465ed88e939b8103312310a4bbad6ef8
[negroni] Completed 200 OK in 86.821µs
[negroni] Started GET /queue/465ed88e939b8103312310a4bbad6ef8
[negroni] Completed 200 OK in 143.546µs
[negroni] Started GET /queue/465ed88e939b8103312310a4bbad6ef8
[negroni] Completed 200 OK in 85.718µs
[negroni] Started GET /queue/465ed88e939b8103312310a4bbad6ef8
[negroni] Completed 200 OK in 128.219µs
[negroni] Started GET /queue/465ed88e939b8103312310a4bbad6ef8
[negroni] Completed 200 OK in 96.574µs
[negroni] Started GET /queue/465ed88e939b8103312310a4bbad6ef8
[negroni] Completed 200 OK in 88.897µs
[negroni] Started GET /queue/465ed88e939b8103312310a4bbad6ef8
[negroni] Completed 200 OK in 166.112µs
[negroni] Started GET /queue/465ed88e939b8103312310a4bbad6ef8
[negroni] Completed 200 OK in 72.061µs
[negroni] Started GET /queue/465ed88e939b8103312310a4bbad6ef8
[negroni] Completed 200 OK in 72.998µs
[negroni] Started GET /queue/465ed88e939b8103312310a4bbad6ef8
[negroni] Completed 200 OK in 118.016µs
[negroni] Started GET /queue/465ed88e939b8103312310a4bbad6ef8
[negroni] Completed 200 OK in 180.259µs
[negroni] Started GET /queue/465ed88e939b8103312310a4bbad6ef8
[negroni] Completed 200 OK in 227.46µs
[negroni] Started GET /queue/465ed88e939b8103312310a4bbad6ef8
[negroni] Completed 200 OK in 175.971µs
[negroni] Started GET /queue/465ed88e939b8103312310a4bbad6ef8
[negroni] Completed 200 OK in 110.203µs
[negroni] Started GET /queue/465ed88e939b8103312310a4bbad6ef8
[negroni] Completed 200 OK in 117.899µs
[negroni] Started GET /queue/465ed88e939b8103312310a4bbad6ef8
[negroni] Completed 200 OK in 59.897µs
[negroni] Started GET /queue/465ed88e939b8103312310a4bbad6ef8
[negroni] Completed 200 OK in 71.286µs
[negroni] Started GET /queue/465ed88e939b8103312310a4bbad6ef8
[negroni] Completed 200 OK in 63.58µs
[negroni] Started GET /queue/465ed88e939b8103312310a4bbad6ef8
[negroni] Completed 200 OK in 279.228µs
[negroni] Started GET /queue/465ed88e939b8103312310a4bbad6ef8
[negroni] Completed 200 OK in 390.928µs
[negroni] Started GET /queue/465ed88e939b8103312310a4bbad6ef8
[negroni] Completed 200 OK in 228.656µs
[negroni] Started GET /queue/465ed88e939b8103312310a4bbad6ef8
[negroni] Completed 200 OK in 163.803µs
[negroni] Started GET /queue/465ed88e939b8103312310a4bbad6ef8
[negroni] Completed 200 OK in 72.572µs
[negroni] Started GET /queue/465ed88e939b8103312310a4bbad6ef8
[negroni] Completed 200 OK in 98.553µs
[negroni] Started GET /queue/465ed88e939b8103312310a4bbad6ef8
[negroni] Completed 200 OK in 87.869µs
[negroni] Started GET /queue/465ed88e939b8103312310a4bbad6ef8
[negroni] Completed 200 OK in 314.052µs
[negroni] Started GET /queue/465ed88e939b8103312310a4bbad6ef8
[negroni] Completed 200 OK in 132.643µs
[negroni] Started GET /queue/465ed88e939b8103312310a4bbad6ef8
[negroni] Completed 200 OK in 90.797µs
[negroni] Started GET /queue/465ed88e939b8103312310a4bbad6ef8
[negroni] Completed 200 OK in 109.738µs
[negroni] Started GET /queue/465ed88e939b8103312310a4bbad6ef8
[negroni] Completed 200 OK in 177.86µs
[negroni] Started GET /queue/465ed88e939b8103312310a4bbad6ef8
[negroni] Completed 200 OK in 78.064µs
[negroni] Started GET /queue/465ed88e939b8103312310a4bbad6ef8
[negroni] Completed 200 OK in 66.569µs
[negroni] Started GET /queue/465ed88e939b8103312310a4bbad6ef8
[negroni] Completed 200 OK in 82.906µs
[negroni] Started GET /queue/465ed88e939b8103312310a4bbad6ef8
[negroni] Completed 200 OK in 60µs
[negroni] Started GET /queue/465ed88e939b8103312310a4bbad6ef8
[negroni] Completed 200 OK in 81.583µs
[negroni] Started GET /queue/465ed88e939b8103312310a4bbad6ef8
[negroni] Completed 200 OK in 76.147µs
[negroni] Started GET /queue/465ed88e939b8103312310a4bbad6ef8
[negroni] Completed 200 OK in 78.139µs
[negroni] Started GET /queue/465ed88e939b8103312310a4bbad6ef8
[negroni] Completed 200 OK in 124.171µs
[negroni] Started GET /queue/465ed88e939b8103312310a4bbad6ef8
[negroni] Completed 200 OK in 130.23µs
[negroni] Started GET /queue/465ed88e939b8103312310a4bbad6ef8
[negroni] Completed 200 OK in 131.547µs
[negroni] Started GET /queue/465ed88e939b8103312310a4bbad6ef8
[negroni] Completed 200 OK in 370.811µs
[negroni] Started GET /queue/465ed88e939b8103312310a4bbad6ef8
[negroni] Completed 200 OK in 108.754µs
[negroni] Started GET /queue/465ed88e939b8103312310a4bbad6ef8
[negroni] Completed 200 OK in 91.425µs
[negroni] Started GET /queue/465ed88e939b8103312310a4bbad6ef8
[negroni] Completed 200 OK in 218.006µs
[negroni] Started GET /queue/465ed88e939b8103312310a4bbad6ef8
[negroni] Completed 200 OK in 121.602µs
[sshexec] WARNING 2017/04/27 03:25:20 Failed to create SSH connection to 192.168.48.12:22: dial tcp 192.168.48.12:22: getsockopt: connection timed out
[sshexec] ERROR 2017/04/27 03:25:20 /src/github.com/heketi/heketi/executors/sshexec/brick.go:163: dial tcp 192.168.48.12:22: getsockopt: connection timed out
[heketi] ERROR 2017/04/27 03:25:20 /src/github.com/heketi/heketi/apps/glusterfs/brick_create.go:49: dial tcp 192.168.48.12:22: getsockopt: connection timed out
[heketi] INFO 2017/04/27 03:25:20 Deleting brick 476f662298d7ab8f10a232a17f838ac1
[heketi] INFO 2017/04/27 03:25:20 Deleting brick 37430c3a281a2a0c0f2045d56923ba82
[heketi] INFO 2017/04/27 03:25:20 Deleting brick bb0d10a7dde2e4481dec4a40a5f97cb6
[negroni] Started GET /queue/465ed88e939b8103312310a4bbad6ef8
[negroni] Completed 200 OK in 104.741µs
[sshexec] DEBUG 2017/04/27 03:25:20 /src/github.com/heketi/heketi/pkg/utils/ssh/ssh.go:176: Host: 192.168.48.14:22 Command: /bin/bash -c 'umount /var/lib/heketi/mounts/vg_d72d3bd802d4e511a80ce2f16181289d/brick_bb0d10a7dde2e4481dec4a40a5f97cb6'
Result: 
[sshexec] DEBUG 2017/04/27 03:25:20 /src/github.com/heketi/heketi/pkg/utils/ssh/ssh.go:176: Host: 192.168.48.17:22 Command: /bin/bash -c 'umount /var/lib/heketi/mounts/vg_6c7ff8b53124baa86b5b789cd93274e1/brick_37430c3a281a2a0c0f2045d56923ba82'
Result: 
[sshexec] DEBUG 2017/04/27 03:25:21 /src/github.com/heketi/heketi/pkg/utils/ssh/ssh.go:176: Host: 192.168.48.14:22 Command: /bin/bash -c 'lvremove -f vg_d72d3bd802d4e511a80ce2f16181289d/tp_bb0d10a7dde2e4481dec4a40a5f97cb6'
Result:   Logical volume "brick_bb0d10a7dde2e4481dec4a40a5f97cb6" successfully removed
  Logical volume "tp_bb0d10a7dde2e4481dec4a40a5f97cb6" successfully removed
[sshexec] DEBUG 2017/04/27 03:25:21 /src/github.com/heketi/heketi/pkg/utils/ssh/ssh.go:176: Host: 192.168.48.17:22 Command: /bin/bash -c 'lvremove -f vg_6c7ff8b53124baa86b5b789cd93274e1/tp_37430c3a281a2a0c0f2045d56923ba82'
Result:   Logical volume "brick_37430c3a281a2a0c0f2045d56923ba82" successfully removed
  Logical volume "tp_37430c3a281a2a0c0f2045d56923ba82" successfully removed
[negroni] Started GET /queue/465ed88e939b8103312310a4bbad6ef8
[negroni] Completed 200 OK in 62.03µs
[sshexec] DEBUG 2017/04/27 03:25:21 /src/github.com/heketi/heketi/pkg/utils/ssh/ssh.go:176: Host: 192.168.48.14:22 Command: /bin/bash -c 'rmdir /var/lib/heketi/mounts/vg_d72d3bd802d4e511a80ce2f16181289d/brick_bb0d10a7dde2e4481dec4a40a5f97cb6'
Result: 
[sshexec] DEBUG 2017/04/27 03:25:21 /src/github.com/heketi/heketi/pkg/utils/ssh/ssh.go:176: Host: 192.168.48.17:22 Command: /bin/bash -c 'rmdir /var/lib/heketi/mounts/vg_6c7ff8b53124baa86b5b789cd93274e1/brick_37430c3a281a2a0c0f2045d56923ba82'
Result: 
[sshexec] DEBUG 2017/04/27 03:25:21 /src/github.com/heketi/heketi/pkg/utils/ssh/ssh.go:176: Host: 192.168.48.14:22 Command: /bin/bash -c 'sed -i.save "/brick_bb0d10a7dde2e4481dec4a40a5f97cb6/d" /etc/fstab'
Result: 
[sshexec] DEBUG 2017/04/27 03:25:21 /src/github.com/heketi/heketi/pkg/utils/ssh/ssh.go:176: Host: 192.168.48.17:22 Command: /bin/bash -c 'sed -i.save "/brick_37430c3a281a2a0c0f2045d56923ba82/d" /etc/fstab'
Result: 
[negroni] Started GET /queue/465ed88e939b8103312310a4bbad6ef8
[negroni] Completed 200 OK in 76.179µs
[negroni] Started GET /queue/465ed88e939b8103312310a4bbad6ef8
[negroni] Completed 200 OK in 86.754µs
[negroni] Started GET /queue/465ed88e939b8103312310a4bbad6ef8
[negroni] Completed 200 OK in 206.602µs
[negroni] Started GET /queue/465ed88e939b8103312310a4bbad6ef8
[negroni] Completed 200 OK in 61.367µs
[negroni] Started GET /queue/465ed88e939b8103312310a4bbad6ef8
[negroni] Completed 200 OK in 48.949µs
[negroni] Started GET /queue/465ed88e939b8103312310a4bbad6ef8
[negroni] Completed 200 OK in 54.023µs
[negroni] Started GET /queue/465ed88e939b8103312310a4bbad6ef8
[negroni] Completed 200 OK in 110.809µs
[negroni] Started GET /queue/465ed88e939b8103312310a4bbad6ef8
[negroni] Completed 200 OK in 60.88µs
[negroni] Started GET /queue/465ed88e939b8103312310a4bbad6ef8
[negroni] Completed 200 OK in 64.55µs
[negroni] Started GET /queue/465ed88e939b8103312310a4bbad6ef8
[negroni] Completed 200 OK in 59.086µs
[negroni] Started GET /queue/465ed88e939b8103312310a4bbad6ef8
[negroni] Completed 200 OK in 150.643µs
[negroni] Started GET /queue/465ed88e939b8103312310a4bbad6ef8
[negroni] Completed 200 OK in 58.743µs
[negroni] Started GET /queue/465ed88e939b8103312310a4bbad6ef8
[negroni] Completed 200 OK in 94.49µs
[negroni] Started GET /queue/465ed88e939b8103312310a4bbad6ef8
[negroni] Completed 200 OK in 75.935µs
[negroni] Started GET /queue/465ed88e939b8103312310a4bbad6ef8
[negroni] Completed 200 OK in 96.646µs
[negroni] Started GET /queue/465ed88e939b8103312310a4bbad6ef8
[negroni] Completed 200 OK in 94.179µs
[negroni] Started GET /queue/465ed88e939b8103312310a4bbad6ef8
[negroni] Completed 200 OK in 77.229µs
[negroni] Started GET /queue/465ed88e939b8103312310a4bbad6ef8
[negroni] Completed 200 OK in 101.366µs
[negroni] Started GET /queue/465ed88e939b8103312310a4bbad6ef8
[negroni] Completed 200 OK in 118.581µs
[negroni] Started GET /queue/465ed88e939b8103312310a4bbad6ef8
[negroni] Completed 200 OK in 136.439µs
[negroni] Started GET /queue/465ed88e939b8103312310a4bbad6ef8
[negroni] Completed 200 OK in 77.433µs
[negroni] Started GET /queue/465ed88e939b8103312310a4bbad6ef8
[negroni] Completed 200 OK in 159.419µs
[negroni] Started GET /queue/465ed88e939b8103312310a4bbad6ef8
[negroni] Completed 200 OK in 106.953µs
[negroni] Started GET /queue/465ed88e939b8103312310a4bbad6ef8
[negroni] Completed 200 OK in 139.235µs
[negroni] Started GET /queue/465ed88e939b8103312310a4bbad6ef8
[negroni] Completed 200 OK in 226.25µs
[negroni] Started GET /queue/465ed88e939b8103312310a4bbad6ef8
[negroni] Completed 200 OK in 92.36µs
[negroni] Started GET /queue/465ed88e939b8103312310a4bbad6ef8
[negroni] Completed 200 OK in 72.769µs
[negroni] Started GET /queue/465ed88e939b8103312310a4bbad6ef8
[negroni] Completed 200 OK in 105.29µs
[negroni] Started GET /queue/465ed88e939b8103312310a4bbad6ef8
[negroni] Completed 200 OK in 71.025µs
[negroni] Started GET /queue/465ed88e939b8103312310a4bbad6ef8
[negroni] Completed 200 OK in 109.794µs
[negroni] Started GET /queue/465ed88e939b8103312310a4bbad6ef8
[negroni] Completed 200 OK in 86.736µs
[negroni] Started GET /queue/465ed88e939b8103312310a4bbad6ef8
[negroni] Completed 200 OK in 122.662µs
[negroni] Started GET /queue/465ed88e939b8103312310a4bbad6ef8
[negroni] Completed 200 OK in 69.368µs
[negroni] Started GET /queue/465ed88e939b8103312310a4bbad6ef8
[negroni] Completed 200 OK in 155.029µs
[negroni] Started GET /queue/465ed88e939b8103312310a4bbad6ef8
[negroni] Completed 200 OK in 78.784µs
[negroni] Started GET /queue/465ed88e939b8103312310a4bbad6ef8
[negroni] Completed 200 OK in 97.925µs
[negroni] Started GET /queue/465ed88e939b8103312310a4bbad6ef8
[negroni] Completed 200 OK in 294.351µs
[negroni] Started GET /queue/465ed88e939b8103312310a4bbad6ef8
[negroni] Completed 200 OK in 125.979µs
[negroni] Started GET /queue/465ed88e939b8103312310a4bbad6ef8
[negroni] Completed 200 OK in 125.055µs
[negroni] Started GET /queue/465ed88e939b8103312310a4bbad6ef8
[negroni] Completed 200 OK in 120.958µs
[negroni] Started GET /queue/465ed88e939b8103312310a4bbad6ef8
[negroni] Completed 200 OK in 98.811µs
[negroni] Started GET /queue/465ed88e939b8103312310a4bbad6ef8
[negroni] Completed 200 OK in 158.881µs
[negroni] Started GET /queue/465ed88e939b8103312310a4bbad6ef8
[negroni] Completed 200 OK in 227.661µs
[negroni] Started GET /queue/465ed88e939b8103312310a4bbad6ef8
[negroni] Completed 200 OK in 159.811µs
[negroni] Started GET /queue/465ed88e939b8103312310a4bbad6ef8
[negroni] Completed 200 OK in 67.728µs
[negroni] Started GET /queue/465ed88e939b8103312310a4bbad6ef8
[negroni] Completed 200 OK in 309.729µs
[negroni] Started GET /queue/465ed88e939b8103312310a4bbad6ef8
[negroni] Completed 200 OK in 71.379µs
[negroni] Started GET /queue/465ed88e939b8103312310a4bbad6ef8
[negroni] Completed 200 OK in 61.185µs
[negroni] Started GET /queue/465ed88e939b8103312310a4bbad6ef8
[negroni] Completed 200 OK in 105.982µs
[negroni] Started GET /queue/465ed88e939b8103312310a4bbad6ef8
[negroni] Completed 200 OK in 74.134µs
[negroni] Started GET /queue/465ed88e939b8103312310a4bbad6ef8
[negroni] Completed 200 OK in 115.115µs
[negroni] Started GET /queue/465ed88e939b8103312310a4bbad6ef8
[negroni] Completed 200 OK in 84.277µs
[negroni] Started GET /queue/465ed88e939b8103312310a4bbad6ef8
[negroni] Completed 200 OK in 288.927µs
[negroni] Started GET /queue/465ed88e939b8103312310a4bbad6ef8
[negroni] Completed 200 OK in 60.568µs
[negroni] Started GET /queue/465ed88e939b8103312310a4bbad6ef8
[negroni] Completed 200 OK in 341.474µs
[negroni] Started GET /queue/465ed88e939b8103312310a4bbad6ef8
[negroni] Completed 200 OK in 86.422µs
[negroni] Started GET /queue/465ed88e939b8103312310a4bbad6ef8
[negroni] Completed 200 OK in 128.331µs
[negroni] Started GET /queue/465ed88e939b8103312310a4bbad6ef8
[negroni] Completed 200 OK in 55.159µs
[negroni] Started GET /queue/465ed88e939b8103312310a4bbad6ef8
[negroni] Completed 200 OK in 139.224µs
[negroni] Started GET /queue/465ed88e939b8103312310a4bbad6ef8
[negroni] Completed 200 OK in 97.195µs
[negroni] Started GET /queue/465ed88e939b8103312310a4bbad6ef8
[negroni] Completed 200 OK in 61.357µs
[negroni] Started GET /queue/465ed88e939b8103312310a4bbad6ef8
[negroni] Completed 200 OK in 54.622µs
[negroni] Started GET /queue/465ed88e939b8103312310a4bbad6ef8
[negroni] Completed 200 OK in 122.277µs
[heketi] ERROR 2017/04/27 03:26:25 /src/github.com/heketi/heketi/apps/glusterfs/app_device.go:222: Unable to delete device [403cca7edce115dc1c641acc2f5f11fb] because it contains bricks
[negroni] Started DELETE /devices/403cca7edce115dc1c641acc2f5f11fb
[negroni] Completed 409 Conflict in 1.287059ms
[negroni] Started GET /queue/465ed88e939b8103312310a4bbad6ef8
[negroni] Completed 200 OK in 88.63µs
[negroni] Started GET /queue/465ed88e939b8103312310a4bbad6ef8
[negroni] Completed 200 OK in 65.273µs
[negroni] Started GET /queue/465ed88e939b8103312310a4bbad6ef8
[negroni] Completed 200 OK in 93.212µs
[negroni] Started GET /queue/465ed88e939b8103312310a4bbad6ef8
[negroni] Completed 200 OK in 134.411µs
[negroni] Started GET /queue/465ed88e939b8103312310a4bbad6ef8
[negroni] Completed 200 OK in 201.05µs
[negroni] Started GET /queue/465ed88e939b8103312310a4bbad6ef8
[negroni] Completed 200 OK in 137.581µs
[negroni] Started GET /devices/403cca7edce115dc1c641acc2f5f11fb
[negroni] Completed 200 OK in 1.013149ms
[negroni] Started GET /queue/465ed88e939b8103312310a4bbad6ef8
[negroni] Completed 200 OK in 74.536µs
[negroni] Started GET /queue/465ed88e939b8103312310a4bbad6ef8
[negroni] Completed 200 OK in 70.675µs
[negroni] Started GET /queue/465ed88e939b8103312310a4bbad6ef8
[negroni] Completed 200 OK in 68.51µs
[negroni] Started GET /queue/465ed88e939b8103312310a4bbad6ef8
[negroni] Completed 200 OK in 141.545µs
[negroni] Started GET /queue/465ed88e939b8103312310a4bbad6ef8
[negroni] Completed 200 OK in 169.349µs
[negroni] Started GET /queue/465ed88e939b8103312310a4bbad6ef8
[negroni] Completed 200 OK in 100.245µs
[negroni] Started GET /queue/465ed88e939b8103312310a4bbad6ef8
[negroni] Completed 200 OK in 71.598µs
[negroni] Started GET /queue/465ed88e939b8103312310a4bbad6ef8
[negroni] Completed 200 OK in 408.825µs
[negroni] Started GET /queue/465ed88e939b8103312310a4bbad6ef8
[negroni] Completed 200 OK in 261.587µs
[negroni] Started GET /queue/465ed88e939b8103312310a4bbad6ef8
[negroni] Completed 200 OK in 51.902µs
[negroni] Started GET /queue/465ed88e939b8103312310a4bbad6ef8
[negroni] Completed 200 OK in 63.012µs
[negroni] Started GET /queue/465ed88e939b8103312310a4bbad6ef8
[negroni] Completed 200 OK in 98.494µs
[negroni] Started GET /queue/465ed88e939b8103312310a4bbad6ef8
[negroni] Completed 200 OK in 123.391µs
[negroni] Started GET /queue/465ed88e939b8103312310a4bbad6ef8
[negroni] Completed 200 OK in 59.89µs
[negroni] Started GET /volumes/0f2ab13d5d3612351bfe385096b25e76
[negroni] Completed 404 Not Found in 632.087µs
[negroni] Started GET /queue/465ed88e939b8103312310a4bbad6ef8
[negroni] Completed 200 OK in 93.556µs
[negroni] Started GET /queue/465ed88e939b8103312310a4bbad6ef8
[negroni] Completed 200 OK in 122.73µs
[negroni] Started GET /queue/465ed88e939b8103312310a4bbad6ef8
[negroni] Completed 200 OK in 146.57µs
[negroni] Started GET /queue/465ed88e939b8103312310a4bbad6ef8
[negroni] Completed 200 OK in 65.72µs
[negroni] Started GET /volumes/476f662298d7ab8f10a232a17f838ac1
[negroni] Completed 404 Not Found in 235.089µs
[negroni] Started GET /queue/465ed88e939b8103312310a4bbad6ef8
[negroni] Completed 200 OK in 67.291µs
[negroni] Started GET /queue/465ed88e939b8103312310a4bbad6ef8
[negroni] Completed 200 OK in 97.179µs
[negroni] Started GET /queue/465ed88e939b8103312310a4bbad6ef8
[negroni] Completed 200 OK in 158.272µs
[negroni] Started GET /queue/465ed88e939b8103312310a4bbad6ef8
[negroni] Completed 200 OK in 57.583µs
[negroni] Started GET /queue/465ed88e939b8103312310a4bbad6ef8
[negroni] Completed 200 OK in 87.436µs
[negroni] Started GET /queue/465ed88e939b8103312310a4bbad6ef8
[negroni] Completed 200 OK in 68.167µs
[negroni] Started GET /queue/465ed88e939b8103312310a4bbad6ef8
[negroni] Completed 200 OK in 61.465µs
[negroni] Started GET /queue/465ed88e939b8103312310a4bbad6ef8
[negroni] Completed 200 OK in 102.751µs
[negroni] Started GET /queue/465ed88e939b8103312310a4bbad6ef8
[negroni] Completed 200 OK in 608.977µs
[negroni] Started GET /queue/465ed88e939b8103312310a4bbad6ef8
[negroni] Completed 200 OK in 109.258µs
[negroni] Started GET /queue/465ed88e939b8103312310a4bbad6ef8
[negroni] Completed 200 OK in 130.528µs
[negroni] Started GET /queue/465ed88e939b8103312310a4bbad6ef8
[negroni] Completed 200 OK in 151.951µs
[negroni] Started GET /queue/465ed88e939b8103312310a4bbad6ef8
[negroni] Completed 200 OK in 222.34µs
[negroni] Started GET /queue/465ed88e939b8103312310a4bbad6ef8
[negroni] Completed 200 OK in 74.009µs
[negroni] Started GET /queue/465ed88e939b8103312310a4bbad6ef8
[negroni] Completed 200 OK in 102.078µs
[negroni] Started GET /queue/465ed88e939b8103312310a4bbad6ef8
[negroni] Completed 200 OK in 72.221µs
[negroni] Started GET /queue/465ed88e939b8103312310a4bbad6ef8
[negroni] Completed 200 OK in 109.86µs
[negroni] Started GET /queue/465ed88e939b8103312310a4bbad6ef8
[negroni] Completed 200 OK in 216.391µs
[negroni] Started GET /queue/465ed88e939b8103312310a4bbad6ef8
[negroni] Completed 200 OK in 156.387µs
[negroni] Started GET /queue/465ed88e939b8103312310a4bbad6ef8
[negroni] Completed 200 OK in 163.921µs
[negroni] Started GET /queue/465ed88e939b8103312310a4bbad6ef8
[negroni] Completed 200 OK in 61.092µs
[negroni] Started GET /queue/465ed88e939b8103312310a4bbad6ef8
[negroni] Completed 200 OK in 82.96µs
[negroni] Started GET /queue/465ed88e939b8103312310a4bbad6ef8
[negroni] Completed 200 OK in 71.745µs
[negroni] Started GET /queue/465ed88e939b8103312310a4bbad6ef8
[negroni] Completed 200 OK in 100.485µs
[negroni] Started GET /queue/465ed88e939b8103312310a4bbad6ef8
[negroni] Completed 200 OK in 91.2µs
[negroni] Started GET /queue/465ed88e939b8103312310a4bbad6ef8
[negroni] Completed 200 OK in 97.53µs
[negroni] Started GET /queue/465ed88e939b8103312310a4bbad6ef8
[negroni] Completed 200 OK in 148.049µs
[negroni] Started GET /queue/465ed88e939b8103312310a4bbad6ef8
[negroni] Completed 200 OK in 107.954µs
[negroni] Started GET /queue/465ed88e939b8103312310a4bbad6ef8
[negroni] Completed 200 OK in 58.117µs
[negroni] Started GET /queue/465ed88e939b8103312310a4bbad6ef8
[negroni] Completed 200 OK in 78.175µs
[negroni] Started GET /queue/465ed88e939b8103312310a4bbad6ef8
[negroni] Completed 200 OK in 109.189µs
[negroni] Started GET /queue/465ed88e939b8103312310a4bbad6ef8
[negroni] Completed 200 OK in 117.837µs
[negroni] Started GET /queue/465ed88e939b8103312310a4bbad6ef8
[negroni] Completed 200 OK in 97.443µs
[negroni] Started GET /queue/465ed88e939b8103312310a4bbad6ef8
[negroni] Completed 200 OK in 133.411µs
[negroni] Started GET /queue/465ed88e939b8103312310a4bbad6ef8
[negroni] Completed 200 OK in 225.287µs
[negroni] Started GET /queue/465ed88e939b8103312310a4bbad6ef8
[negroni] Completed 200 OK in 69.875µs
[negroni] Started GET /queue/465ed88e939b8103312310a4bbad6ef8
[negroni] Completed 200 OK in 114.872µs
[negroni] Started GET /queue/465ed88e939b8103312310a4bbad6ef8
[negroni] Completed 200 OK in 106.47µs
[sshexec] WARNING 2017/04/27 03:27:27 Failed to create SSH connection to 192.168.48.12:22: dial tcp 192.168.48.12:22: getsockopt: connection timed out
[sshexec] ERROR 2017/04/27 03:27:27 /src/github.com/heketi/heketi/executors/sshexec/brick.go:134: dial tcp 192.168.48.12:22: getsockopt: connection timed out
[negroni] Started GET /queue/465ed88e939b8103312310a4bbad6ef8
[negroni] Completed 200 OK in 53.828µs
[negroni] Started GET /queue/465ed88e939b8103312310a4bbad6ef8
[negroni] Completed 200 OK in 79.595µs
[negroni] Started GET /queue/465ed88e939b8103312310a4bbad6ef8
[negroni] Completed 200 OK in 67.423µs
[negroni] Started GET /queue/465ed88e939b8103312310a4bbad6ef8
[negroni] Completed 200 OK in 135.533µs
[negroni] Started GET /queue/465ed88e939b8103312310a4bbad6ef8
[negroni] Completed 200 OK in 66.496µs
[negroni] Started GET /queue/465ed88e939b8103312310a4bbad6ef8
[negroni] Completed 200 OK in 445.768µs
[negroni] Started GET /queue/465ed88e939b8103312310a4bbad6ef8
[negroni] Completed 200 OK in 76.596µs
[negroni] Started GET /queue/465ed88e939b8103312310a4bbad6ef8
[negroni] Completed 200 OK in 83.973µs
[negroni] Started GET /queue/465ed88e939b8103312310a4bbad6ef8
[negroni] Completed 200 OK in 95.197µs
[negroni] Started GET /queue/465ed88e939b8103312310a4bbad6ef8
[negroni] Completed 200 OK in 143.872µs
[negroni] Started GET /nodes/
[heketi] WARNING 2017/04/27 03:27:37 Invalid path or request /nodes/
[negroni] Completed 404 Not Found in 249.046µs
[negroni] Started GET /queue/465ed88e939b8103312310a4bbad6ef8
[negroni] Completed 200 OK in 571.147µs
[negroni] Started GET /queue/465ed88e939b8103312310a4bbad6ef8
[negroni] Completed 200 OK in 54.529µs
[negroni] Started GET /queue/465ed88e939b8103312310a4bbad6ef8
[negroni] Completed 200 OK in 149.847µs
[negroni] Started GET /queue/465ed88e939b8103312310a4bbad6ef8
[negroni] Completed 200 OK in 84.618µs
[negroni] Started GET /queue/465ed88e939b8103312310a4bbad6ef8
[negroni] Completed 200 OK in 132.384µs
[negroni] Started GET /queue/465ed88e939b8103312310a4bbad6ef8
[negroni] Completed 200 OK in 71.091µs
[negroni] Started GET /queue/465ed88e939b8103312310a4bbad6ef8
[negroni] Completed 200 OK in 85.535µs
[negroni] Started GET /queue/465ed88e939b8103312310a4bbad6ef8
[negroni] Completed 200 OK in 170.324µs
[negroni] Started GET /queue/465ed88e939b8103312310a4bbad6ef8
[negroni] Completed 200 OK in 109.253µs
[negroni] Started GET /queue/465ed88e939b8103312310a4bbad6ef8
[negroni] Completed 200 OK in 189.506µs
[negroni] Started GET /clusters
[negroni] Completed 200 OK in 1.141463ms
[negroni] Started GET /queue/465ed88e939b8103312310a4bbad6ef8
[negroni] Completed 200 OK in 110.86µs
[negroni] Started GET /queue/465ed88e939b8103312310a4bbad6ef8
[negroni] Completed 200 OK in 128.694µs
[negroni] Started GET /queue/465ed88e939b8103312310a4bbad6ef8
[negroni] Completed 200 OK in 133.532µs
[negroni] Started GET /queue/465ed88e939b8103312310a4bbad6ef8
[negroni] Completed 200 OK in 77.842µs
[negroni] Started GET /clusters/8397fe52e42cb7fe643e8022d4305962
[negroni] Completed 200 OK in 1.034359ms
[negroni] Started GET /queue/465ed88e939b8103312310a4bbad6ef8
[negroni] Completed 200 OK in 84.796µs
[negroni] Started GET /queue/465ed88e939b8103312310a4bbad6ef8
[negroni] Completed 200 OK in 145.405µs
[negroni] Started GET /queue/465ed88e939b8103312310a4bbad6ef8
[negroni] Completed 200 OK in 60.723µs
[negroni] Started GET /queue/465ed88e939b8103312310a4bbad6ef8
[negroni] Completed 200 OK in 176.542µs
[negroni] Started GET /queue/465ed88e939b8103312310a4bbad6ef8
[negroni] Completed 200 OK in 599.384µs
[negroni] Started GET /queue/465ed88e939b8103312310a4bbad6ef8
[negroni] Completed 200 OK in 210.056µs
[negroni] Started GET /queue/465ed88e939b8103312310a4bbad6ef8
[negroni] Completed 200 OK in 82.398µs
[negroni] Started GET /nodes/0fa73aa23d555c9ed7706e14ad37fa3c
[negroni] Completed 200 OK in 1.672342ms
[negroni] Started GET /queue/465ed88e939b8103312310a4bbad6ef8
[negroni] Completed 200 OK in 71.157µs
[negroni] Started GET /queue/465ed88e939b8103312310a4bbad6ef8
[negroni] Completed 200 OK in 344.789µs
[negroni] Started GET /queue/465ed88e939b8103312310a4bbad6ef8
[negroni] Completed 200 OK in 131.136µs
[negroni] Started GET /queue/465ed88e939b8103312310a4bbad6ef8
[negroni] Completed 200 OK in 313.896µs
[negroni] Started GET /queue/465ed88e939b8103312310a4bbad6ef8
[negroni] Completed 200 OK in 89.867µs
[negroni] Started GET /queue/465ed88e939b8103312310a4bbad6ef8
[negroni] Completed 200 OK in 99.068µs
[negroni] Started GET /queue/465ed88e939b8103312310a4bbad6ef8
[negroni] Completed 200 OK in 137.792µs
[negroni] Started GET /queue/465ed88e939b8103312310a4bbad6ef8
[negroni] Completed 200 OK in 108.192µs
[negroni] Started GET /queue/465ed88e939b8103312310a4bbad6ef8
[negroni] Completed 200 OK in 73.923µs
[negroni] Started GET /queue/465ed88e939b8103312310a4bbad6ef8
[negroni] Completed 200 OK in 73.847µs
[negroni] Started GET /queue/465ed88e939b8103312310a4bbad6ef8
[negroni] Completed 200 OK in 101.71µs
[negroni] Started GET /queue/465ed88e939b8103312310a4bbad6ef8
[negroni] Completed 200 OK in 106.786µs
[negroni] Started GET /queue/465ed88e939b8103312310a4bbad6ef8
[negroni] Completed 200 OK in 186.364µs
[negroni] Started GET /queue/465ed88e939b8103312310a4bbad6ef8
[negroni] Completed 200 OK in 104.221µs
[negroni] Started GET /queue/465ed88e939b8103312310a4bbad6ef8
[negroni] Completed 200 OK in 82.08µs
[negroni] Started GET /queue/465ed88e939b8103312310a4bbad6ef8
[negroni] Completed 200 OK in 316.381µs
[negroni] Started GET /queue/465ed88e939b8103312310a4bbad6ef8
[negroni] Completed 200 OK in 70.624µs
[negroni] Started GET /queue/465ed88e939b8103312310a4bbad6ef8
[negroni] Completed 200 OK in 98.624µs
[negroni] Started GET /queue/465ed88e939b8103312310a4bbad6ef8
[negroni] Completed 200 OK in 92.036µs
[negroni] Started GET /queue/465ed88e939b8103312310a4bbad6ef8
[negroni] Completed 200 OK in 164.027µs
[negroni] Started GET /queue/465ed88e939b8103312310a4bbad6ef8
[negroni] Completed 200 OK in 87.486µs
[negroni] Started GET /queue/465ed88e939b8103312310a4bbad6ef8
[negroni] Completed 200 OK in 60.9µs
[negroni] Started GET /queue/465ed88e939b8103312310a4bbad6ef8
[negroni] Completed 200 OK in 60.478µs
[negroni] Started GET /queue/465ed88e939b8103312310a4bbad6ef8
[negroni] Completed 200 OK in 69.571µs
[negroni] Started GET /queue/465ed88e939b8103312310a4bbad6ef8
[negroni] Completed 200 OK in 52.591µs
[negroni] Started GET /queue/465ed88e939b8103312310a4bbad6ef8
[negroni] Completed 200 OK in 61.08µs
[negroni] Started GET /queue/465ed88e939b8103312310a4bbad6ef8
[negroni] Completed 200 OK in 93.589µs
[negroni] Started GET /queue/465ed88e939b8103312310a4bbad6ef8
[negroni] Completed 200 OK in 328.618µs
[negroni] Started GET /queue/465ed88e939b8103312310a4bbad6ef8
[negroni] Completed 200 OK in 90.858µs
[negroni] Started GET /queue/465ed88e939b8103312310a4bbad6ef8
[negroni] Completed 200 OK in 128.631µs
[negroni] Started GET /queue/465ed88e939b8103312310a4bbad6ef8
[negroni] Completed 200 OK in 310.624µs
[negroni] Started GET /queue/465ed88e939b8103312310a4bbad6ef8
[negroni] Completed 200 OK in 109.253µs
[negroni] Started GET /queue/465ed88e939b8103312310a4bbad6ef8
[negroni] Completed 200 OK in 70.637µs
[negroni] Started GET /queue/465ed88e939b8103312310a4bbad6ef8
[negroni] Completed 200 OK in 81.2µs
[negroni] Started GET /queue/465ed88e939b8103312310a4bbad6ef8
[negroni] Completed 200 OK in 73.762µs
[negroni] Started GET /queue/465ed88e939b8103312310a4bbad6ef8
[negroni] Completed 200 OK in 99.482µs
[negroni] Started GET /queue/465ed88e939b8103312310a4bbad6ef8
[negroni] Completed 200 OK in 112.141µs
[negroni] Started GET /queue/465ed88e939b8103312310a4bbad6ef8
[negroni] Completed 200 OK in 182.223µs
[negroni] Started GET /queue/465ed88e939b8103312310a4bbad6ef8
[negroni] Completed 200 OK in 122.499µs
[negroni] Started GET /queue/465ed88e939b8103312310a4bbad6ef8
[negroni] Completed 200 OK in 101.472µs
[negroni] Started GET /queue/465ed88e939b8103312310a4bbad6ef8
[negroni] Completed 200 OK in 63.005µs
[negroni] Started GET /queue/465ed88e939b8103312310a4bbad6ef8
[negroni] Completed 200 OK in 78.075µs
[negroni] Started GET /queue/465ed88e939b8103312310a4bbad6ef8
[negroni] Completed 200 OK in 72.091µs
[negroni] Started GET /queue/465ed88e939b8103312310a4bbad6ef8
[negroni] Completed 200 OK in 122.909µs
[negroni] Started GET /queue/465ed88e939b8103312310a4bbad6ef8
[negroni] Completed 200 OK in 75.093µs
[negroni] Started GET /queue/465ed88e939b8103312310a4bbad6ef8
[negroni] Completed 200 OK in 151.431µs
[negroni] Started GET /queue/465ed88e939b8103312310a4bbad6ef8
[negroni] Completed 200 OK in 104.574µs
[negroni] Started GET /queue/465ed88e939b8103312310a4bbad6ef8
[negroni] Completed 200 OK in 164.666µs
[negroni] Started GET /queue/465ed88e939b8103312310a4bbad6ef8
[negroni] Completed 200 OK in 186.768µs
[negroni] Started GET /queue/465ed88e939b8103312310a4bbad6ef8
[negroni] Completed 200 OK in 72.182µs
[negroni] Started GET /queue/465ed88e939b8103312310a4bbad6ef8
[negroni] Completed 200 OK in 76.794µs
[negroni] Started GET /queue/465ed88e939b8103312310a4bbad6ef8
[negroni] Completed 200 OK in 180.885µs
[negroni] Started GET /queue/465ed88e939b8103312310a4bbad6ef8
[negroni] Completed 200 OK in 105.114µs
[negroni] Started GET /queue/465ed88e939b8103312310a4bbad6ef8
[negroni] Completed 200 OK in 88.95µs
[negroni] Started GET /queue/465ed88e939b8103312310a4bbad6ef8
[negroni] Completed 200 OK in 622.297µs
[negroni] Started GET /queue/465ed88e939b8103312310a4bbad6ef8
[negroni] Completed 200 OK in 102.541µs
[negroni] Started GET /queue/465ed88e939b8103312310a4bbad6ef8
[negroni] Completed 200 OK in 126.66µs
[negroni] Started GET /queue/465ed88e939b8103312310a4bbad6ef8
[negroni] Completed 200 OK in 97.32µs
[negroni] Started GET /queue/465ed88e939b8103312310a4bbad6ef8
[negroni] Completed 200 OK in 80.874µs
[negroni] Started GET /queue/465ed88e939b8103312310a4bbad6ef8
[negroni] Completed 200 OK in 180.394µs
[negroni] Started GET /queue/465ed88e939b8103312310a4bbad6ef8
[negroni] Completed 200 OK in 99.027µs
[negroni] Started GET /queue/465ed88e939b8103312310a4bbad6ef8
[negroni] Completed 200 OK in 100.514µs
[negroni] Started GET /queue/465ed88e939b8103312310a4bbad6ef8
[negroni] Completed 200 OK in 278.443µs
[negroni] Started GET /queue/465ed88e939b8103312310a4bbad6ef8
[negroni] Completed 200 OK in 116.057µs
[negroni] Started GET /queue/465ed88e939b8103312310a4bbad6ef8
[negroni] Completed 200 OK in 111.188µs
[negroni] Started GET /queue/465ed88e939b8103312310a4bbad6ef8
[negroni] Completed 200 OK in 77.179µs
[negroni] Started GET /queue/465ed88e939b8103312310a4bbad6ef8
[negroni] Completed 200 OK in 69.209µs
[negroni] Started GET /queue/465ed88e939b8103312310a4bbad6ef8
[negroni] Completed 200 OK in 159.036µs
[negroni] Started GET /queue/465ed88e939b8103312310a4bbad6ef8
[negroni] Completed 200 OK in 122.243µs
[negroni] Started GET /queue/465ed88e939b8103312310a4bbad6ef8
[negroni] Completed 200 OK in 104.488µs
[negroni] Started GET /queue/465ed88e939b8103312310a4bbad6ef8
[negroni] Completed 200 OK in 121.045µs
[negroni] Started GET /queue/465ed88e939b8103312310a4bbad6ef8
[negroni] Completed 200 OK in 168.693µs
[negroni] Started GET /queue/465ed88e939b8103312310a4bbad6ef8
[negroni] Completed 200 OK in 98.793µs
[negroni] Started GET /volumes
[negroni] Completed 200 OK in 841.023µs
[negroni] Started GET /queue/465ed88e939b8103312310a4bbad6ef8
[negroni] Completed 200 OK in 281.298µs
[negroni] Started GET /queue/465ed88e939b8103312310a4bbad6ef8
[negroni] Completed 200 OK in 94.357µs
[negroni] Started GET /queue/465ed88e939b8103312310a4bbad6ef8
[negroni] Completed 200 OK in 88.877µs
[negroni] Started GET /queue/465ed88e939b8103312310a4bbad6ef8
[negroni] Completed 200 OK in 98.909µs
[negroni] Started GET /queue/465ed88e939b8103312310a4bbad6ef8
[negroni] Completed 200 OK in 330.681µs
[negroni] Started GET /queue/465ed88e939b8103312310a4bbad6ef8
[negroni] Completed 200 OK in 148.156µs
[negroni] Started GET /queue/465ed88e939b8103312310a4bbad6ef8
[negroni] Completed 200 OK in 146.27µs
[negroni] Started GET /queue/465ed88e939b8103312310a4bbad6ef8
[negroni] Completed 200 OK in 73.715µs
[negroni] Started GET /queue/465ed88e939b8103312310a4bbad6ef8
[negroni] Completed 200 OK in 56.017µs
[negroni] Started GET /volumes/f226f71fe37dd64851dd9a0ead4101eb
[negroni] Completed 200 OK in 11.259024ms
[negroni] Started GET /queue/465ed88e939b8103312310a4bbad6ef8
[negroni] Completed 200 OK in 96.389µs
[negroni] Started GET /queue/465ed88e939b8103312310a4bbad6ef8
[negroni] Completed 200 OK in 103.358µs
[negroni] Started GET /queue/465ed88e939b8103312310a4bbad6ef8
[negroni] Completed 200 OK in 233.537µs
[negroni] Started GET /queue/465ed88e939b8103312310a4bbad6ef8
[negroni] Completed 200 OK in 123.38µs
[negroni] Started GET /queue/465ed88e939b8103312310a4bbad6ef8
[negroni] Completed 200 OK in 147.249µs
[negroni] Started GET /queue/465ed88e939b8103312310a4bbad6ef8
[negroni] Completed 200 OK in 55.325µs
[negroni] Started GET /queue/465ed88e939b8103312310a4bbad6ef8
[negroni] Completed 200 OK in 80.407µs
[negroni] Started GET /queue/465ed88e939b8103312310a4bbad6ef8
[negroni] Completed 200 OK in 155.551µs
[negroni] Started GET /queue/465ed88e939b8103312310a4bbad6ef8
[negroni] Completed 200 OK in 62.995µs
[negroni] Started GET /queue/465ed88e939b8103312310a4bbad6ef8
[negroni] Completed 200 OK in 85.851µs
[negroni] Started GET /queue/465ed88e939b8103312310a4bbad6ef8
[negroni] Completed 200 OK in 139.475µs
[negroni] Started GET /queue/465ed88e939b8103312310a4bbad6ef8
[negroni] Completed 200 OK in 152.16µs
[negroni] Started GET /queue/465ed88e939b8103312310a4bbad6ef8
[negroni] Completed 200 OK in 96.833µs
[negroni] Started GET /queue/465ed88e939b8103312310a4bbad6ef8
[negroni] Completed 200 OK in 146.938µs
[sshexec] ERROR 2017/04/27 03:29:34 /src/github.com/heketi/heketi/executors/sshexec/brick.go:143: dial tcp 192.168.48.12:22: getsockopt: connection timed out
[sshexec] WARNING 2017/04/27 03:29:34 Failed to create SSH connection to 192.168.48.12:22: dial tcp 192.168.48.12:22: getsockopt: connection timed out
[negroni] Started GET /queue/465ed88e939b8103312310a4bbad6ef8
[negroni] Completed 200 OK in 106.019µs
[negroni] Started GET /queue/465ed88e939b8103312310a4bbad6ef8
[negroni] Completed 200 OK in 118.123µs
[negroni] Started GET /queue/465ed88e939b8103312310a4bbad6ef8
[negroni] Completed 200 OK in 222.725µs
[negroni] Started GET /queue/465ed88e939b8103312310a4bbad6ef8
[negroni] Completed 200 OK in 70.102µs
[negroni] Started GET /queue/465ed88e939b8103312310a4bbad6ef8
[negroni] Completed 200 OK in 100.455µs
[negroni] Started GET /queue/465ed88e939b8103312310a4bbad6ef8
[negroni] Completed 200 OK in 95.764µs
[negroni] Started GET /queue/465ed88e939b8103312310a4bbad6ef8
[negroni] Completed 200 OK in 97.494µs
[negroni] Started GET /queue/465ed88e939b8103312310a4bbad6ef8
[negroni] Completed 200 OK in 75.996µs
[negroni] Started GET /queue/465ed88e939b8103312310a4bbad6ef8
[negroni] Completed 200 OK in 70.661µs
[negroni] Started GET /queue/465ed88e939b8103312310a4bbad6ef8
[negroni] Completed 200 OK in 444.848µs
[negroni] Started GET /queue/465ed88e939b8103312310a4bbad6ef8
[negroni] Completed 200 OK in 612.799µs
[negroni] Started GET /queue/465ed88e939b8103312310a4bbad6ef8
[negroni] Completed 200 OK in 60.026µs
[negroni] Started GET /queue/465ed88e939b8103312310a4bbad6ef8
[negroni] Completed 200 OK in 87.052µs
[negroni] Started GET /queue/465ed88e939b8103312310a4bbad6ef8
[negroni] Completed 200 OK in 70.594µs
[negroni] Started GET /queue/465ed88e939b8103312310a4bbad6ef8
[negroni] Completed 200 OK in 89.579µs
[negroni] Started GET /queue/465ed88e939b8103312310a4bbad6ef8
[negroni] Completed 200 OK in 127.26µs
[negroni] Started GET /queue/465ed88e939b8103312310a4bbad6ef8
[negroni] Completed 200 OK in 118.93µs
[negroni] Started GET /queue/465ed88e939b8103312310a4bbad6ef8
[negroni] Completed 200 OK in 123.94µs
[negroni] Started GET /queue/465ed88e939b8103312310a4bbad6ef8
[negroni] Completed 200 OK in 117.59µs
[negroni] Started GET /queue/465ed88e939b8103312310a4bbad6ef8
[negroni] Completed 200 OK in 77.735µs
[negroni] Started GET /queue/465ed88e939b8103312310a4bbad6ef8
[negroni] Completed 200 OK in 282.737µs
[negroni] Started GET /queue/465ed88e939b8103312310a4bbad6ef8
[negroni] Completed 200 OK in 123.371µs
[negroni] Started GET /queue/465ed88e939b8103312310a4bbad6ef8
[negroni] Completed 200 OK in 86.564µs
[negroni] Started GET /queue/465ed88e939b8103312310a4bbad6ef8
[negroni] Completed 200 OK in 62.174µs
[negroni] Started GET /queue/465ed88e939b8103312310a4bbad6ef8
[negroni] Completed 200 OK in 120.639µs
[negroni] Started GET /queue/465ed88e939b8103312310a4bbad6ef8
[negroni] Completed 200 OK in 157.602µs
[negroni] Started GET /queue/465ed88e939b8103312310a4bbad6ef8
[negroni] Completed 200 OK in 382.895µs
[negroni] Started GET /queue/465ed88e939b8103312310a4bbad6ef8
[negroni] Completed 200 OK in 136.221µs
[negroni] Started GET /queue/465ed88e939b8103312310a4bbad6ef8
[negroni] Completed 200 OK in 207.375µs
[negroni] Started GET /queue/465ed88e939b8103312310a4bbad6ef8
[negroni] Completed 200 OK in 91.638µs
[negroni] Started GET /queue/465ed88e939b8103312310a4bbad6ef8
[negroni] Completed 200 OK in 85.766µs
[negroni] Started GET /queue/465ed88e939b8103312310a4bbad6ef8
[negroni] Completed 200 OK in 113.777µs
[negroni] Started GET /queue/465ed88e939b8103312310a4bbad6ef8
[negroni] Completed 200 OK in 75.443µs
[negroni] Started GET /queue/465ed88e939b8103312310a4bbad6ef8
[negroni] Completed 200 OK in 93.49µs
[negroni] Started GET /queue/465ed88e939b8103312310a4bbad6ef8
[negroni] Completed 200 OK in 126.554µs
[negroni] Started GET /queue/465ed88e939b8103312310a4bbad6ef8
[negroni] Completed 200 OK in 230.174µs
[negroni] Started GET /queue/465ed88e939b8103312310a4bbad6ef8
[negroni] Completed 200 OK in 408.524µs
[negroni] Started GET /queue/465ed88e939b8103312310a4bbad6ef8
[negroni] Completed 200 OK in 245.073µs
[negroni] Started GET /queue/465ed88e939b8103312310a4bbad6ef8
[negroni] Completed 200 OK in 136.96µs
[negroni] Started GET /queue/465ed88e939b8103312310a4bbad6ef8
[negroni] Completed 200 OK in 315.67µs
[negroni] Started GET /queue/465ed88e939b8103312310a4bbad6ef8
[negroni] Completed 200 OK in 263.427µs
[negroni] Started GET /queue/465ed88e939b8103312310a4bbad6ef8
[negroni] Completed 200 OK in 176.427µs
[negroni] Started GET /queue/465ed88e939b8103312310a4bbad6ef8
[negroni] Completed 200 OK in 99.884µs
[negroni] Started GET /queue/465ed88e939b8103312310a4bbad6ef8
[negroni] Completed 200 OK in 104.133µs
[negroni] Started GET /queue/465ed88e939b8103312310a4bbad6ef8
[negroni] Completed 200 OK in 130.87µs
[negroni] Started GET /queue/465ed88e939b8103312310a4bbad6ef8
[negroni] Completed 200 OK in 85.748µs
[negroni] Started GET /queue/465ed88e939b8103312310a4bbad6ef8
[negroni] Completed 200 OK in 157.934µs
[negroni] Started GET /queue/465ed88e939b8103312310a4bbad6ef8
[negroni] Completed 200 OK in 88.353µs
[negroni] Started GET /queue/465ed88e939b8103312310a4bbad6ef8
[negroni] Completed 200 OK in 131.974µs
[negroni] Started GET /queue/465ed88e939b8103312310a4bbad6ef8
[negroni] Completed 200 OK in 92.029µs
[negroni] Started GET /queue/465ed88e939b8103312310a4bbad6ef8
[negroni] Completed 200 OK in 129.397µs
[negroni] Started GET /queue/465ed88e939b8103312310a4bbad6ef8
[negroni] Completed 200 OK in 173.026µs
[negroni] Started GET /queue/465ed88e939b8103312310a4bbad6ef8
[negroni] Completed 200 OK in 66.271µs
[negroni] Started GET /queue/465ed88e939b8103312310a4bbad6ef8
[negroni] Completed 200 OK in 74.407µs
[negroni] Started GET /queue/465ed88e939b8103312310a4bbad6ef8
[negroni] Completed 200 OK in 129.679µs
[negroni] Started GET /queue/465ed88e939b8103312310a4bbad6ef8
[negroni] Completed 200 OK in 85.133µs
[negroni] Started GET /queue/465ed88e939b8103312310a4bbad6ef8
[negroni] Completed 200 OK in 104.679µs
[negroni] Started GET /queue/465ed88e939b8103312310a4bbad6ef8
[negroni] Completed 200 OK in 161.174µs
[negroni] Started GET /queue/465ed88e939b8103312310a4bbad6ef8
[negroni] Completed 200 OK in 56.841µs
[negroni] Started GET /queue/465ed88e939b8103312310a4bbad6ef8
[negroni] Completed 200 OK in 185.033µs
[negroni] Started GET /queue/465ed88e939b8103312310a4bbad6ef8
[negroni] Completed 200 OK in 353.263µs
[negroni] Started GET /queue/465ed88e939b8103312310a4bbad6ef8
[negroni] Completed 200 OK in 92.055µs
[negroni] Started GET /queue/465ed88e939b8103312310a4bbad6ef8
[negroni] Completed 200 OK in 123.194µs
[negroni] Started GET /queue/465ed88e939b8103312310a4bbad6ef8
[negroni] Completed 200 OK in 117.838µs
[negroni] Started GET /queue/465ed88e939b8103312310a4bbad6ef8
[negroni] Completed 200 OK in 50.528µs
[negroni] Started GET /queue/465ed88e939b8103312310a4bbad6ef8
[negroni] Completed 200 OK in 80.096µs
[negroni] Started GET /queue/465ed88e939b8103312310a4bbad6ef8
[negroni] Completed 200 OK in 171.855µs
[negroni] Started GET /queue/465ed88e939b8103312310a4bbad6ef8
[negroni] Completed 200 OK in 139.396µs
[negroni] Started GET /queue/465ed88e939b8103312310a4bbad6ef8
[negroni] Completed 200 OK in 173.542µs
[negroni] Started GET /queue/465ed88e939b8103312310a4bbad6ef8
[negroni] Completed 200 OK in 57.296µs
[negroni] Started GET /queue/465ed88e939b8103312310a4bbad6ef8
[negroni] Completed 200 OK in 66.004µs
[negroni] Started GET /queue/465ed88e939b8103312310a4bbad6ef8
[negroni] Completed 200 OK in 123.541µs
[negroni] Started GET /queue/465ed88e939b8103312310a4bbad6ef8
[negroni] Completed 200 OK in 166.106µs
[negroni] Started GET /queue/465ed88e939b8103312310a4bbad6ef8
[negroni] Completed 200 OK in 135.648µs
[negroni] Started GET /queue/465ed88e939b8103312310a4bbad6ef8
[negroni] Completed 200 OK in 378.361µs
[negroni] Started GET /queue/465ed88e939b8103312310a4bbad6ef8
[negroni] Completed 200 OK in 296.054µs
[negroni] Started GET /queue/465ed88e939b8103312310a4bbad6ef8
[negroni] Completed 200 OK in 172.12µs
[negroni] Started GET /queue/465ed88e939b8103312310a4bbad6ef8
[negroni] Completed 200 OK in 54.575µs
[negroni] Started GET /queue/465ed88e939b8103312310a4bbad6ef8
[negroni] Completed 200 OK in 108.095µs
[negroni] Started GET /queue/465ed88e939b8103312310a4bbad6ef8
[negroni] Completed 200 OK in 63.033µs
[negroni] Started GET /queue/465ed88e939b8103312310a4bbad6ef8
[negroni] Completed 200 OK in 275.825µs
[negroni] Started GET /queue/465ed88e939b8103312310a4bbad6ef8
[negroni] Completed 200 OK in 105.01µs
[negroni] Started GET /queue/465ed88e939b8103312310a4bbad6ef8
[negroni] Completed 200 OK in 92.072µs
[negroni] Started GET /queue/465ed88e939b8103312310a4bbad6ef8
[negroni] Completed 200 OK in 155.768µs
[negroni] Started GET /volumes/0f2ab13d5d3612351bfe385096b25e76
[negroni] Completed 404 Not Found in 682.542µs
[negroni] Started GET /queue/465ed88e939b8103312310a4bbad6ef8
[negroni] Completed 200 OK in 53.374µs
[negroni] Started GET /queue/465ed88e939b8103312310a4bbad6ef8
[negroni] Completed 200 OK in 98.029µs
[negroni] Started GET /queue/465ed88e939b8103312310a4bbad6ef8
[negroni] Completed 200 OK in 139.696µs
[negroni] Started GET /queue/465ed88e939b8103312310a4bbad6ef8
[negroni] Completed 200 OK in 80.807µs
[negroni] Started GET /queue/465ed88e939b8103312310a4bbad6ef8
[negroni] Completed 200 OK in 82.375µs
[negroni] Started GET /queue/465ed88e939b8103312310a4bbad6ef8
[negroni] Completed 200 OK in 69.519µs
[negroni] Started GET /queue/465ed88e939b8103312310a4bbad6ef8
[negroni] Completed 200 OK in 76.448µs
[negroni] Started GET /queue/465ed88e939b8103312310a4bbad6ef8
[negroni] Completed 200 OK in 72.39µs
[negroni] Started GET /queue/465ed88e939b8103312310a4bbad6ef8
[negroni] Completed 200 OK in 109.576µs
[negroni] Started GET /queue/465ed88e939b8103312310a4bbad6ef8
[negroni] Completed 200 OK in 87.439µs
[negroni] Started GET /queue/465ed88e939b8103312310a4bbad6ef8
[negroni] Completed 200 OK in 154.473µs
[negroni] Started GET /queue/465ed88e939b8103312310a4bbad6ef8
[negroni] Completed 200 OK in 61.427µs
[negroni] Started GET /queue/465ed88e939b8103312310a4bbad6ef8
[negroni] Completed 200 OK in 82.125µs
[negroni] Started GET /queue/465ed88e939b8103312310a4bbad6ef8
[negroni] Completed 200 OK in 129.609µs
[negroni] Started GET /queue/465ed88e939b8103312310a4bbad6ef8
[negroni] Completed 200 OK in 430.166µs
[negroni] Started GET /queue/465ed88e939b8103312310a4bbad6ef8
[negroni] Completed 200 OK in 124.755µs
[negroni] Started GET /queue/465ed88e939b8103312310a4bbad6ef8
[negroni] Completed 200 OK in 66.054µs
[negroni] Started GET /queue/465ed88e939b8103312310a4bbad6ef8
[negroni] Completed 200 OK in 229.034µs
[negroni] Started GET /queue/465ed88e939b8103312310a4bbad6ef8
[negroni] Completed 200 OK in 70.56µs
[negroni] Started GET /queue/465ed88e939b8103312310a4bbad6ef8
[negroni] Completed 200 OK in 151.104µs
[negroni] Started GET /queue/465ed88e939b8103312310a4bbad6ef8
[negroni] Completed 200 OK in 90.417µs
[negroni] Started GET /queue/465ed88e939b8103312310a4bbad6ef8
[negroni] Completed 200 OK in 63.947µs
[negroni] Started GET /queue/465ed88e939b8103312310a4bbad6ef8
[negroni] Completed 200 OK in 260.787µs
[negroni] Started GET /queue/465ed88e939b8103312310a4bbad6ef8
[negroni] Completed 200 OK in 186.105µs
[negroni] Started GET /queue/465ed88e939b8103312310a4bbad6ef8
[negroni] Completed 200 OK in 129.059µs
[negroni] Started GET /queue/465ed88e939b8103312310a4bbad6ef8
[negroni] Completed 200 OK in 115.103µs
[negroni] Started GET /queue/465ed88e939b8103312310a4bbad6ef8
[negroni] Completed 200 OK in 134.985µs
[negroni] Started GET /queue/465ed88e939b8103312310a4bbad6ef8
[negroni] Completed 200 OK in 321.791µs
[negroni] Started GET /queue/465ed88e939b8103312310a4bbad6ef8
[negroni] Completed 200 OK in 67.188µs
[negroni] Started GET /queue/465ed88e939b8103312310a4bbad6ef8
[negroni] Completed 200 OK in 79.739µs
[negroni] Started GET /queue/465ed88e939b8103312310a4bbad6ef8
[negroni] Completed 200 OK in 62.577µs
[negroni] Started GET /queue/465ed88e939b8103312310a4bbad6ef8
[negroni] Completed 200 OK in 117.572µs
[negroni] Started GET /queue/465ed88e939b8103312310a4bbad6ef8
[negroni] Completed 200 OK in 136.599µs
[negroni] Started GET /queue/465ed88e939b8103312310a4bbad6ef8
[negroni] Completed 200 OK in 81.275µs
[negroni] Started GET /queue/465ed88e939b8103312310a4bbad6ef8
[negroni] Completed 200 OK in 83.925µs
[negroni] Started GET /queue/465ed88e939b8103312310a4bbad6ef8
[negroni] Completed 200 OK in 222.56µs
[negroni] Started GET /queue/465ed88e939b8103312310a4bbad6ef8
[negroni] Completed 200 OK in 53.435µs
[negroni] Started GET /queue/465ed88e939b8103312310a4bbad6ef8
[negroni] Completed 200 OK in 171.038µs
[negroni] Started GET /queue/465ed88e939b8103312310a4bbad6ef8
[negroni] Completed 200 OK in 138.872µs
[negroni] Started GET /queue/465ed88e939b8103312310a4bbad6ef8
[negroni] Completed 200 OK in 1.116062ms
[negroni] Started GET /queue/465ed88e939b8103312310a4bbad6ef8
[negroni] Completed 200 OK in 206.66µs
[negroni] Started GET /queue/465ed88e939b8103312310a4bbad6ef8
[negroni] Completed 200 OK in 71.448µs
[sshexec] WARNING 2017/04/27 03:31:42 Failed to create SSH connection to 192.168.48.12:22: dial tcp 192.168.48.12:22: getsockopt: connection timed out
[sshexec] ERROR 2017/04/27 03:31:42 /src/github.com/heketi/heketi/executors/sshexec/brick.go:152: dial tcp 192.168.48.12:22: getsockopt: connection timed out
[negroni] Started GET /queue/465ed88e939b8103312310a4bbad6ef8
[negroni] Completed 200 OK in 78.601µs
[negroni] Started GET /queue/465ed88e939b8103312310a4bbad6ef8
[negroni] Completed 200 OK in 109.405µs
[negroni] Started GET /queue/465ed88e939b8103312310a4bbad6ef8
[negroni] Completed 200 OK in 213.543µs
[negroni] Started GET /queue/465ed88e939b8103312310a4bbad6ef8
[negroni] Completed 200 OK in 131.083µs
[negroni] Started GET /queue/465ed88e939b8103312310a4bbad6ef8
[negroni] Completed 200 OK in 106.465µs
[negroni] Started GET /queue/465ed88e939b8103312310a4bbad6ef8
[negroni] Completed 200 OK in 99.179µs
[negroni] Started GET /queue/465ed88e939b8103312310a4bbad6ef8
[negroni] Completed 200 OK in 137.146µs
[negroni] Started GET /queue/465ed88e939b8103312310a4bbad6ef8
[negroni] Completed 200 OK in 172.493µs
[negroni] Started GET /queue/465ed88e939b8103312310a4bbad6ef8
[negroni] Completed 200 OK in 123.554µs
[negroni] Started GET /queue/465ed88e939b8103312310a4bbad6ef8
[negroni] Completed 200 OK in 237.363µs
[negroni] Started GET /queue/465ed88e939b8103312310a4bbad6ef8
[negroni] Completed 200 OK in 157.042µs
[negroni] Started GET /queue/465ed88e939b8103312310a4bbad6ef8
[negroni] Completed 200 OK in 94.759µs
[negroni] Started GET /queue/465ed88e939b8103312310a4bbad6ef8
[negroni] Completed 200 OK in 64.097µs
[negroni] Started GET /queue/465ed88e939b8103312310a4bbad6ef8
[negroni] Completed 200 OK in 114.219µs
[negroni] Started GET /queue/465ed88e939b8103312310a4bbad6ef8
[negroni] Completed 200 OK in 68.725µs
[negroni] Started GET /queue/465ed88e939b8103312310a4bbad6ef8
[negroni] Completed 200 OK in 146.185µs
[negroni] Started GET /queue/465ed88e939b8103312310a4bbad6ef8
[negroni] Completed 200 OK in 76.854µs
[negroni] Started GET /queue/465ed88e939b8103312310a4bbad6ef8
[negroni] Completed 200 OK in 72.57µs
[negroni] Started GET /queue/465ed88e939b8103312310a4bbad6ef8
[negroni] Completed 200 OK in 202.755µs
[negroni] Started GET /queue/465ed88e939b8103312310a4bbad6ef8
[negroni] Completed 200 OK in 68.947µs
[negroni] Started GET /queue/465ed88e939b8103312310a4bbad6ef8
[negroni] Completed 200 OK in 160.526µs
[negroni] Started GET /queue/465ed88e939b8103312310a4bbad6ef8
[negroni] Completed 200 OK in 265.643µs
[negroni] Started GET /queue/465ed88e939b8103312310a4bbad6ef8
[negroni] Completed 200 OK in 53.588µs
[negroni] Started GET /queue/465ed88e939b8103312310a4bbad6ef8
[negroni] Completed 200 OK in 101.653µs
[negroni] Started GET /queue/465ed88e939b8103312310a4bbad6ef8
[negroni] Completed 200 OK in 86.442µs
[negroni] Started GET /queue/465ed88e939b8103312310a4bbad6ef8
[negroni] Completed 200 OK in 109.581µs
[negroni] Started GET /queue/465ed88e939b8103312310a4bbad6ef8
[negroni] Completed 200 OK in 119.285µs
[negroni] Started GET /queue/465ed88e939b8103312310a4bbad6ef8
[negroni] Completed 200 OK in 213.76µs
[negroni] Started GET /queue/465ed88e939b8103312310a4bbad6ef8
[negroni] Completed 200 OK in 148.984µs
[negroni] Started GET /queue/465ed88e939b8103312310a4bbad6ef8
[negroni] Completed 200 OK in 77.621µs
[negroni] Started GET /queue/465ed88e939b8103312310a4bbad6ef8
[negroni] Completed 200 OK in 69.169µs
[negroni] Started GET /queue/465ed88e939b8103312310a4bbad6ef8
[negroni] Completed 200 OK in 81.911µs
[negroni] Started GET /queue/465ed88e939b8103312310a4bbad6ef8
[negroni] Completed 200 OK in 367.002µs
[negroni] Started GET /queue/465ed88e939b8103312310a4bbad6ef8
[negroni] Completed 200 OK in 110.75µs
[negroni] Started GET /queue/465ed88e939b8103312310a4bbad6ef8
[negroni] Completed 200 OK in 71.729µs
[negroni] Started GET /queue/465ed88e939b8103312310a4bbad6ef8
[negroni] Completed 200 OK in 109.855µs
[negroni] Started GET /queue/465ed88e939b8103312310a4bbad6ef8
[negroni] Completed 200 OK in 151.257µs
[negroni] Started GET /queue/465ed88e939b8103312310a4bbad6ef8
[negroni] Completed 200 OK in 112.132µs
[negroni] Started GET /queue/465ed88e939b8103312310a4bbad6ef8
[negroni] Completed 200 OK in 679.765µs
[negroni] Started GET /queue/465ed88e939b8103312310a4bbad6ef8
[negroni] Completed 200 OK in 79.442µs
